2020-07-31T23:40:56.759+0800: 12401240.737: [GC (Allocation Failure) 2020-07-31T23:40:56.765+0800: 12401240.743: [ParNew: 673741K->15416K(737280K), 0.0163629 secs] 1498097K->839842K(6209536K), 0.0220796 secs] [Times: user=0.07 sys=0.00, real=0.02 secs] 
2020-07-31T23:43:11.593+0800: 12401375.570: [GC (Allocation Failure) 2020-07-31T23:43:11.593+0800: 12401375.571: [ParNew: 670776K->14429K(737280K), 0.0161579 secs] 1495202K->839410K(6209536K), 0.0163641 secs] [Times: user=0.07 sys=0.00, real=0.02 secs] 
2020-07-31T23:44:44.903+0800: 12401468.881: [GC (Allocation Failure) 2020-07-31T23:44:44.903+0800: 12401468.881: [ParNew: 669789K->12634K(737280K), 0.0178686 secs] 1494770K->838074K(6209536K), 0.0180518 secs] [Times: user=0.06 sys=0.00, real=0.02 secs] 
2020-07-31T23:46:04.092+0800: 12401548.069: [GC (Allocation Failure) 2020-07-31T23:46:04.092+0800: 12401548.069: [ParNew: 667994K->12211K(737280K), 0.0210443 secs] 1493434K->837846K(6209536K), 0.0212620 secs] [Times: user=0.08 sys=0.00, real=0.02 secs] 
2020-07-31T23:47:41.754+0800: 12401645.732: [GC (Allocation Failure) 2020-07-31T23:47:41.755+0800: 12401645.732: [ParNew: 667571K->12460K(737280K), 0.0212299 secs] 1493206K->838411K(6209536K), 0.0215011 secs] [Times: user=0.07 sys=0.00, real=0.02 secs] 
2020-07-31T23:50:16.021+0800: 12401799.999: [GC (Allocation Failure) 2020-07-31T23:50:16.022+0800: 12401799.999: [ParNew: 667820K->13488K(737280K), 0.0168911 secs] 1493771K->839559K(6209536K), 0.0170951 secs] [Times: user=0.08 sys=0.00, real=0.02 secs] 
2020-07-31T23:53:30.129+0800: 12401994.107: [GC (Allocation Failure) 2020-07-31T23:53:30.129+0800: 12401994.107: [ParNew: 668848K->12479K(737280K), 0.0377853 secs] 1494919K->839482K(6209536K), 0.0380264 secs] [Times: user=0.12 sys=0.00, real=0.04 secs] 
2020-07-31T23:55:31.981+0800: 12402115.959: [GC (Allocation Failure) 2020-07-31T23:55:31.981+0800: 12402115.959: [ParNew: 667839K->13574K(737280K), 0.0226229 secs] 1494842K->840650K(6209536K), 0.0228319 secs] [Times: user=0.10 sys=0.00, real=0.02 secs] 
2020-07-31T23:57:51.272+0800: 12402255.250: [GC (Allocation Failure) 2020-07-31T23:57:51.272+0800: 12402255.250: [ParNew: 668934K->14216K(737280K), 0.0279518 secs] 1496010K->841430K(6209536K), 0.0281159 secs] [Times: user=0.05 sys=0.01, real=0.03 secs] 
2020-08-01T00:00:44.154+0800: 12402428.132: [GC (Allocation Failure) 2020-08-01T00:00:44.154+0800: 12402428.132: [ParNew: 669576K->14151K(737280K), 0.0144873 secs] 1496790K->841368K(6209536K), 0.0146747 secs] [Times: user=0.05 sys=0.01, real=0.02 secs] 
2020-08-01T00:02:16.052+0800: 12402520.029: [GC (Allocation Failure) 2020-08-01T00:02:16.052+0800: 12402520.030: [ParNew: 669511K->14934K(737280K), 0.0232819 secs] 1496728K->842582K(6209536K), 0.0234673 secs] [Times: user=0.06 sys=0.00, real=0.02 secs] 
2020-08-01T00:04:04.455+0800: 12402628.433: [GC (Allocation Failure) 2020-08-01T00:04:04.462+0800: 12402628.440: [ParNew: 670294K->16939K(737280K), 0.0175814 secs] 1497942K->845117K(6209536K), 0.0241251 secs] [Times: user=0.07 sys=0.00, real=0.03 secs] 
2020-08-01T00:05:47.702+0800: 12402731.680: [GC (Allocation Failure) 2020-08-01T00:05:47.703+0800: 12402731.680: [ParNew: 672299K->19919K(737280K), 0.0196565 secs] 1500477K->848568K(6209536K), 0.0198928 secs] [Times: user=0.08 sys=0.00, real=0.02 secs] 
2020-08-01T00:07:42.510+0800: 12402846.488: [GC (Allocation Failure) 2020-08-01T00:07:42.510+0800: 12402846.488: [ParNew: 675165K->24778K(737280K), 0.0203665 secs] 1503814K->853594K(6209536K), 0.0206314 secs] [Times: user=0.07 sys=0.00, real=0.02 secs] 
2020-08-01T00:08:44.954+0800: 12402908.932: [GC (Allocation Failure) 2020-08-01T00:08:44.954+0800: 12402908.932: [ParNew: 680138K->26377K(737280K), 0.0248521 secs] 1508954K->855477K(6209536K), 0.0251014 secs] [Times: user=0.09 sys=0.00, real=0.03 secs] 
2020-08-01T00:10:34.541+0800: 12403018.519: [GC (Allocation Failure) 2020-08-01T00:10:34.541+0800: 12403018.519: [ParNew: 681737K->25458K(737280K), 0.0322344 secs] 1510837K->855026K(6209536K), 0.0324465 secs] [Times: user=0.14 sys=0.00, real=0.03 secs] 
2020-08-01T00:13:10.010+0800: 12403173.988: [GC (Allocation Failure) 2020-08-01T00:13:10.018+0800: 12403173.995: [ParNew: 680743K->28375K(737280K), 0.0250392 secs] 1510311K->858405K(6209536K), 0.0327915 secs] [Times: user=0.08 sys=0.00, real=0.03 secs] 
2020-08-01T00:15:23.907+0800: 12403307.885: [GC (Allocation Failure) 2020-08-01T00:15:23.908+0800: 12403307.885: [ParNew: 683626K->22045K(737280K), 0.0184349 secs] 1513657K->852461K(6209536K), 0.0186392 secs] [Times: user=0.07 sys=0.00, real=0.01 secs] 
2020-08-01T00:17:24.851+0800: 12403428.829: [GC (Allocation Failure) 2020-08-01T00:17:24.853+0800: 12403428.830: [ParNew: 677378K->25968K(737280K), 0.0220812 secs] 1507794K->856614K(6209536K), 0.0233257 secs] [Times: user=0.08 sys=0.01, real=0.02 secs] 
2020-08-01T00:18:41.323+0800: 12403505.301: [GC (Allocation Failure) 2020-08-01T00:18:41.323+0800: 12403505.301: [ParNew: 681328K->25920K(737280K), 0.0235583 secs] 1511974K->856774K(6209536K), 0.0237676 secs] [Times: user=0.08 sys=0.01, real=0.03 secs] 
2020-08-01T00:19:30.716+0800: 12403554.693: [GC (Allocation Failure) 2020-08-01T00:19:30.716+0800: 12403554.694: [ParNew: 681280K->19086K(737280K), 0.0161854 secs] 1512134K->850177K(6209536K), 0.0164008 secs] [Times: user=0.07 sys=0.00, real=0.02 secs] 
2020-08-01T00:20:21.258+0800: 12403605.236: [GC (Allocation Failure) 2020-08-01T00:20:21.258+0800: 12403605.236: [ParNew: 674446K->17479K(737280K), 0.0153637 secs] 1505537K->848987K(6209536K), 0.0155587 secs] [Times: user=0.07 sys=0.00, real=0.02 secs] 
2020-08-01T00:21:09.743+0800: 12403653.721: [GC (Allocation Failure) 2020-08-01T00:21:09.743+0800: 12403653.721: [ParNew: 672766K->15909K(737280K), 0.0139335 secs] 1504274K->847985K(6209536K), 0.0141248 secs] [Times: user=0.07 sys=0.00, real=0.01 secs] 
2020-08-01T00:21:49.621+0800: 12403693.599: [GC (Allocation Failure) 2020-08-01T00:21:49.621+0800: 12403693.599: [ParNew: 671223K->15322K(737280K), 0.0174391 secs] 1503299K->848538K(6209536K), 0.0185816 secs] [Times: user=0.08 sys=0.00, real=0.02 secs] 
2020-08-01T00:22:35.659+0800: 12403739.637: [GC (Allocation Failure) 2020-08-01T00:22:35.659+0800: 12403739.637: [ParNew: 670682K->16311K(737280K), 0.0172641 secs] 1503898K->850254K(6209536K), 0.0174615 secs] [Times: user=0.08 sys=0.00, real=0.01 secs] 
2020-08-01T00:23:28.531+0800: 12403792.509: [GC (Allocation Failure) 2020-08-01T00:23:28.531+0800: 12403792.509: [ParNew: 671671K->11935K(737280K), 0.0166431 secs] 1505614K->846163K(6209536K), 0.0168515 secs] [Times: user=0.08 sys=0.00, real=0.02 secs] 
2020-08-01T00:24:19.019+0800: 12403842.997: [GC (Allocation Failure) 2020-08-01T00:24:19.020+0800: 12403842.997: [ParNew: 667295K->13688K(737280K), 0.0183655 secs] 1501523K->848132K(6209536K), 0.0186033 secs] [Times: user=0.05 sys=0.01, real=0.01 secs] 
2020-08-01T00:25:21.303+0800: 12403905.281: [GC (Allocation Failure) 2020-08-01T00:25:21.303+0800: 12403905.281: [ParNew: 669048K->17439K(737280K), 0.0206530 secs] 1503492K->852417K(6209536K), 0.0208512 secs] [Times: user=0.09 sys=0.00, real=0.02 secs] 
2020-08-01T00:26:41.981+0800: 12403985.959: [GC (Allocation Failure) 2020-08-01T00:26:41.982+0800: 12403985.959: [ParNew: 672799K->13081K(737280K), 0.0171642 secs] 1507777K->848390K(6209536K), 0.0173604 secs] [Times: user=0.07 sys=0.00, real=0.02 secs] 
2020-08-01T00:28:12.364+0800: 12404076.342: [GC (Allocation Failure) 2020-08-01T00:28:12.364+0800: 12404076.342: [ParNew: 668441K->11503K(737280K), 0.0192069 secs] 1503750K->847218K(6209536K), 0.0194427 secs] [Times: user=0.07 sys=0.00, real=0.02 secs] 
2020-08-01T00:29:07.480+0800: 12404131.458: [GC (Allocation Failure) 2020-08-01T00:29:07.480+0800: 12404131.458: [ParNew: 666809K->9737K(737280K), 0.0166983 secs] 1502523K->845666K(6209536K), 0.0168881 secs] [Times: user=0.07 sys=0.00, real=0.01 secs] 
2020-08-01T00:30:27.032+0800: 12404211.009: [GC (Allocation Failure) 2020-08-01T00:30:27.032+0800: 12404211.009: [ParNew: 665097K->21280K(737280K), 0.0341089 secs] 1501026K->857361K(6209536K), 0.0343474 secs] [Times: user=0.07 sys=0.00, real=0.03 secs] 
2020-08-01T00:31:36.352+0800: 12404280.329: [GC (Allocation Failure) 2020-08-01T00:31:36.352+0800: 12404280.329: [ParNew: 676640K->11043K(737280K), 0.0146718 secs] 1512721K->847617K(6209536K), 0.0148846 secs] [Times: user=0.07 sys=0.00, real=0.02 secs] 
2020-08-01T00:32:40.535+0800: 12404344.513: [GC (Allocation Failure) 2020-08-01T00:32:40.535+0800: 12404344.513: [ParNew: 666403K->14047K(737280K), 0.0159180 secs] 1502977K->850744K(6209536K), 0.0171283 secs] [Times: user=0.08 sys=0.00, real=0.02 secs] 
2020-08-01T00:33:48.725+0800: 12404412.703: [GC (Allocation Failure) 2020-08-01T00:33:48.725+0800: 12404412.703: [ParNew: 669407K->11878K(737280K), 0.0166811 secs] 1506104K->848978K(6209536K), 0.0168761 secs] [Times: user=0.07 sys=0.00, real=0.02 secs] 
2020-08-01T00:34:55.009+0800: 12404478.987: [GC (Allocation Failure) 2020-08-01T00:34:55.009+0800: 12404478.987: [ParNew: 667238K->9575K(737280K), 0.0115695 secs] 1504338K->846811K(6209536K), 0.0117749 secs] [Times: user=0.06 sys=0.00, real=0.01 secs] 
2020-08-01T00:35:52.976+0800: 12404536.954: [GC (Allocation Failure) 2020-08-01T00:35:52.976+0800: 12404536.954: [ParNew: 664935K->11202K(737280K), 0.0146860 secs] 1502171K->848439K(6209536K), 0.0148688 secs] [Times: user=0.07 sys=0.00, real=0.02 secs] 
2020-08-01T00:37:17.461+0800: 12404621.439: [GC (Allocation Failure) 2020-08-01T00:37:17.461+0800: 12404621.439: [ParNew: 666562K->10493K(737280K), 0.0106917 secs] 1503799K->848145K(6209536K), 0.0108645 secs] [Times: user=0.06 sys=0.00, real=0.01 secs] 
2020-08-01T00:38:38.358+0800: 12404702.336: [GC (Allocation Failure) 2020-08-01T00:38:38.358+0800: 12404702.336: [ParNew: 665853K->10741K(737280K), 0.0112057 secs] 1503505K->848530K(6209536K), 0.0114072 secs] [Times: user=0.05 sys=0.01, real=0.02 secs] 
2020-08-01T00:39:39.295+0800: 12404763.273: [GC (Allocation Failure) 2020-08-01T00:39:39.295+0800: 12404763.273: [ParNew: 666101K->11148K(737280K), 0.0171170 secs] 1503890K->849140K(6209536K), 0.0173195 secs] [Times: user=0.09 sys=0.00, real=0.02 secs] 
2020-08-01T00:41:57.802+0800: 12404901.780: [GC (Allocation Failure) 2020-08-01T00:41:57.807+0800: 12404901.785: [ParNew: 666508K->12508K(737280K), 0.0145174 secs] 1504500K->850977K(6209536K), 0.0190777 secs] [Times: user=0.04 sys=0.02, real=0.02 secs] 
2020-08-01T00:43:39.215+0800: 12405003.193: [GC (Allocation Failure) 2020-08-01T00:43:39.215+0800: 12405003.193: [ParNew: 667868K->22890K(737280K), 0.0209133 secs] 1506337K->861429K(6209536K), 0.0210995 secs] [Times: user=0.08 sys=0.00, real=0.02 secs] 
2020-08-01T00:44:48.856+0800: 12405072.834: [GC (Allocation Failure) 2020-08-01T00:44:48.856+0800: 12405072.834: [ParNew: 678250K->11795K(737280K), 0.0166231 secs] 1516789K->850780K(6209536K), 0.0168406 secs] [Times: user=0.07 sys=0.00, real=0.02 secs] 
2020-08-01T00:45:52.008+0800: 12405135.986: [GC (Allocation Failure) 2020-08-01T00:45:52.008+0800: 12405135.986: [ParNew: 667155K->12068K(737280K), 0.0149382 secs] 1506140K->851359K(6209536K), 0.0151336 secs] [Times: user=0.07 sys=0.00, real=0.01 secs] 
2020-08-01T00:47:53.660+0800: 12405257.638: [GC (Allocation Failure) 2020-08-01T00:47:53.660+0800: 12405257.638: [ParNew: 667428K->10808K(737280K), 0.0104536 secs] 1506719K->850369K(6209536K), 0.0106529 secs] [Times: user=0.05 sys=0.00, real=0.01 secs] 
2020-08-01T00:49:33.045+0800: 12405357.023: [GC (Allocation Failure) 2020-08-01T00:49:33.045+0800: 12405357.023: [ParNew: 666168K->11177K(737280K), 0.0112589 secs] 1505729K->850807K(6209536K), 0.0114659 secs] [Times: user=0.06 sys=0.00, real=0.01 secs] 
2020-08-01T00:50:49.325+0800: 12405433.303: [GC (Allocation Failure) 2020-08-01T00:50:49.325+0800: 12405433.303: [ParNew: 666537K->11301K(737280K), 0.0119173 secs] 1506167K->851330K(6209536K), 0.0121666 secs] [Times: user=0.06 sys=0.00, real=0.01 secs] 
2020-08-01T00:52:05.926+0800: 12405509.904: [GC (Allocation Failure) 2020-08-01T00:52:05.926+0800: 12405509.904: [ParNew: 666661K->26525K(737280K), 0.0210874 secs] 1506690K->867790K(6209536K), 0.0213051 secs] [Times: user=0.06 sys=0.00, real=0.03 secs] 
2020-08-01T00:55:04.489+0800: 12405688.466: [GC (Allocation Failure) 2020-08-01T00:55:04.493+0800: 12405688.471: [ParNew: 681885K->19468K(737280K), 0.0223681 secs] 1523150K->860869K(6209536K), 0.0270038 secs] [Times: user=0.08 sys=0.00, real=0.02 secs] 
2020-08-01T00:55:56.436+0800: 12405740.414: [GC (Allocation Failure) 2020-08-01T00:55:56.436+0800: 12405740.414: [ParNew: 674828K->10575K(737280K), 0.0118020 secs] 1516229K->852309K(6209536K), 0.0130523 secs] [Times: user=0.06 sys=0.00, real=0.02 secs] 
2020-08-01T00:56:54.505+0800: 12405798.483: [GC (Allocation Failure) 2020-08-01T00:56:54.505+0800: 12405798.483: [ParNew: 665935K->11817K(737280K), 0.0171134 secs] 1507669K->853761K(6209536K), 0.0173050 secs] [Times: user=0.05 sys=0.00, real=0.02 secs] 
2020-08-01T00:57:53.722+0800: 12405857.700: [GC (Allocation Failure) 2020-08-01T00:57:53.722+0800: 12405857.700: [ParNew: 667177K->11490K(737280K), 0.0131375 secs] 1509121K->853765K(6209536K), 0.0133389 secs] [Times: user=0.07 sys=0.00, real=0.01 secs] 
2020-08-01T00:59:46.081+0800: 12405970.058: [GC (Allocation Failure) 2020-08-01T00:59:46.081+0800: 12405970.059: [ParNew: 666850K->12076K(737280K), 0.0108743 secs] 1509125K->854561K(6209536K), 0.0110777 secs] [Times: user=0.06 sys=0.00, real=0.01 secs] 
2020-08-01T01:00:56.981+0800: 12406040.959: [GC (Allocation Failure) 2020-08-01T01:00:56.983+0800: 12406040.961: [ParNew: 667436K->11419K(737280K), 0.0120177 secs] 1509921K->854120K(6209536K), 0.0140981 secs] [Times: user=0.07 sys=0.00, real=0.01 secs] 
2020-08-01T01:01:50.248+0800: 12406094.226: [GC (Allocation Failure) 2020-08-01T01:01:50.248+0800: 12406094.226: [ParNew: 666779K->14111K(737280K), 0.0198461 secs] 1509480K->857638K(6209536K), 0.0200709 secs] [Times: user=0.06 sys=0.01, real=0.02 secs] 
2020-08-01T01:02:50.436+0800: 12406154.413: [GC (Allocation Failure) 2020-08-01T01:02:50.436+0800: 12406154.414: [ParNew: 669471K->12530K(737280K), 0.0156374 secs] 1512998K->856214K(6209536K), 0.0158417 secs] [Times: user=0.08 sys=0.00, real=0.02 secs] 
2020-08-01T01:04:07.719+0800: 12406231.696: [GC (Allocation Failure) 2020-08-01T01:04:07.719+0800: 12406231.697: [ParNew: 667830K->11862K(737280K), 0.0173942 secs] 1511514K->856009K(6209536K), 0.0176098 secs] [Times: user=0.07 sys=0.00, real=0.01 secs] 
2020-08-01T01:05:37.748+0800: 12406321.726: [GC (Allocation Failure) 2020-08-01T01:05:37.753+0800: 12406321.731: [ParNew: 667222K->16072K(737280K), 0.0180414 secs] 1511369K->860559K(6209536K), 0.0231510 secs] [Times: user=0.06 sys=0.00, real=0.02 secs] 
2020-08-01T01:06:26.449+0800: 12406370.427: [GC (Allocation Failure) 2020-08-01T01:06:26.449+0800: 12406370.427: [ParNew: 671432K->14471K(737280K), 0.0191723 secs] 1515919K->859290K(6209536K), 0.0193600 secs] [Times: user=0.06 sys=0.00, real=0.02 secs] 
2020-08-01T01:07:34.554+0800: 12406438.532: [GC (Allocation Failure) 2020-08-01T01:07:34.554+0800: 12406438.532: [ParNew: 669831K->10109K(737280K), 0.0140766 secs] 1514650K->855304K(6209536K), 0.0142664 secs] [Times: user=0.07 sys=0.00, real=0.02 secs] 
2020-08-01T01:08:22.889+0800: 12406486.867: [GC (Allocation Failure) 2020-08-01T01:08:22.892+0800: 12406486.869: [ParNew: 665469K->12250K(737280K), 0.0139520 secs] 1510664K->857712K(6209536K), 0.0161252 secs] [Times: user=0.06 sys=0.01, real=0.01 secs] 
2020-08-01T01:09:34.772+0800: 12406558.750: [GC (Allocation Failure) 2020-08-01T01:09:34.772+0800: 12406558.750: [ParNew: 667610K->13175K(737280K), 0.0156700 secs] 1513072K->858933K(6209536K), 0.0159017 secs] [Times: user=0.07 sys=0.00, real=0.02 secs] 
2020-08-01T01:11:05.588+0800: 12406649.566: [GC (Allocation Failure) 2020-08-01T01:11:05.588+0800: 12406649.566: [ParNew: 668425K->10776K(737280K), 0.0138994 secs] 1514183K->857134K(6209536K), 0.0141312 secs] [Times: user=0.07 sys=0.00, real=0.01 secs] 
2020-08-01T01:12:17.782+0800: 12406721.759: [GC (Allocation Failure) 2020-08-01T01:12:17.782+0800: 12406721.760: [ParNew: 666136K->11535K(737280K), 0.0132999 secs] 1512494K->858302K(6209536K), 0.0135303 secs] [Times: user=0.07 sys=0.00, real=0.01 secs] 
2020-08-01T01:13:26.053+0800: 12406790.031: [GC (Allocation Failure) 2020-08-01T01:13:26.053+0800: 12406790.031: [ParNew: 666895K->10530K(737280K), 0.0132997 secs] 1513662K->857433K(6209536K), 0.0135069 secs] [Times: user=0.07 sys=0.00, real=0.02 secs] 
2020-08-01T01:15:09.931+0800: 12406893.908: [GC (Allocation Failure) 2020-08-01T01:15:09.931+0800: 12406893.909: [ParNew: 665890K->11444K(737280K), 0.0129920 secs] 1512793K->858744K(6209536K), 0.0132207 secs] [Times: user=0.06 sys=0.01, real=0.01 secs] 
2020-08-01T01:16:25.491+0800: 12406969.469: [GC (Allocation Failure) 2020-08-01T01:16:25.491+0800: 12406969.469: [ParNew: 666804K->12167K(737280K), 0.0346749 secs] 1514104K->859767K(6209536K), 0.0348734 secs] [Times: user=0.15 sys=0.01, real=0.03 secs] 
2020-08-01T01:19:09.459+0800: 12407133.437: [GC (Allocation Failure) 2020-08-01T01:19:09.459+0800: 12407133.437: [ParNew: 667527K->21444K(737280K), 0.0292681 secs] 1515127K->869378K(6209536K), 0.0294893 secs] [Times: user=0.14 sys=0.00, real=0.03 secs] 
2020-08-01T01:20:08.181+0800: 12407192.159: [GC (Allocation Failure) 2020-08-01T01:20:08.182+0800: 12407192.159: [ParNew: 676804K->9773K(737280K), 0.0109220 secs] 1524738K->857877K(6209536K), 0.0111195 secs] [Times: user=0.06 sys=0.00, real=0.01 secs] 
2020-08-01T01:21:35.108+0800: 12407279.085: [GC (Allocation Failure) 2020-08-01T01:21:35.108+0800: 12407279.086: [ParNew: 665133K->10359K(737280K), 0.0133744 secs] 1513237K->858804K(6209536K), 0.0135776 secs] [Times: user=0.07 sys=0.00, real=0.01 secs] 
2020-08-01T01:22:52.831+0800: 12407356.809: [GC (Allocation Failure) 2020-08-01T01:22:52.831+0800: 12407356.809: [ParNew: 665719K->11259K(737280K), 0.0138570 secs] 1514164K->859787K(6209536K), 0.0140382 secs] [Times: user=0.06 sys=0.01, real=0.01 secs] 
2020-08-01T01:24:00.275+0800: 12407424.253: [GC (Allocation Failure) 2020-08-01T01:24:00.275+0800: 12407424.253: [ParNew: 666590K->9815K(737280K), 0.0125023 secs] 1515118K->858356K(6209536K), 0.0127239 secs] [Times: user=0.06 sys=0.00, real=0.02 secs] 
2020-08-01T01:25:12.429+0800: 12407496.407: [GC (Allocation Failure) 2020-08-01T01:25:12.430+0800: 12407496.407: [ParNew: 665175K->9950K(737280K), 0.0166536 secs] 1513716K->858875K(6209536K), 0.0168671 secs] [Times: user=0.07 sys=0.00, real=0.01 secs] 
2020-08-01T01:26:24.130+0800: 12407568.108: [GC (Allocation Failure) 2020-08-01T01:26:24.131+0800: 12407568.108: [ParNew: 665310K->9344K(737280K), 0.0103652 secs] 1514235K->858579K(6209536K), 0.0105711 secs] [Times: user=0.05 sys=0.01, real=0.01 secs] 
2020-08-01T01:28:28.805+0800: 12407692.783: [GC (Allocation Failure) 2020-08-01T01:28:28.805+0800: 12407692.783: [ParNew: 664704K->20819K(737280K), 0.0219762 secs] 1513939K->870328K(6209536K), 0.0221615 secs] [Times: user=0.09 sys=0.00, real=0.03 secs] 
2020-08-01T01:29:32.616+0800: 12407756.593: [GC (Allocation Failure) 2020-08-01T01:29:32.616+0800: 12407756.594: [ParNew: 676179K->16851K(737280K), 0.0161889 secs] 1525688K->866631K(6209536K), 0.0163955 secs] [Times: user=0.07 sys=0.00, real=0.02 secs] 
2020-08-01T01:29:57.814+0800: 12407781.792: [GC (Allocation Failure) 2020-08-01T01:29:57.814+0800: 12407781.792: [ParNew: 672211K->43634K(737280K), 0.0465870 secs] 1521991K->893770K(6209536K), 0.0467951 secs] [Times: user=0.27 sys=0.00, real=0.05 secs] 
2020-08-01T01:30:15.144+0800: 12407799.122: [GC (Allocation Failure) 2020-08-01T01:30:15.144+0800: 12407799.122: [ParNew: 698994K->81920K(737280K), 0.0672029 secs] 1549130K->934588K(6209536K), 0.0674089 secs] [Times: user=0.43 sys=0.00, real=0.07 secs] 
2020-08-01T01:30:43.260+0800: 12407827.238: [GC (Allocation Failure) 2020-08-01T01:30:43.260+0800: 12407827.238: [ParNew: 737280K->81920K(737280K), 0.1623938 secs] 1589948K->977528K(6209536K), 0.1625817 secs] [Times: user=0.73 sys=0.02, real=0.16 secs] 
2020-08-01T01:31:12.384+0800: 12407856.362: [GC (Allocation Failure) 2020-08-01T01:31:12.384+0800: 12407856.362: [ParNew: 737280K->79252K(737280K), 0.0833864 secs] 1632888K->1011465K(6209536K), 0.0835792 secs] [Times: user=0.56 sys=0.00, real=0.09 secs] 
2020-08-01T01:31:36.210+0800: 12407880.188: [GC (Allocation Failure) 2020-08-01T01:31:36.211+0800: 12407880.188: [ParNew: 734510K->81920K(737280K), 0.0970193 secs] 1666723K->1041342K(6209536K), 0.0972448 secs] [Times: user=0.53 sys=0.00, real=0.10 secs] 
2020-08-01T01:31:51.757+0800: 12407895.734: [GC (Allocation Failure) 2020-08-01T01:31:51.757+0800: 12407895.735: [ParNew: 737280K->81920K(737280K), 0.1369292 secs] 1696702K->1073661K(6209536K), 0.1371476 secs] [Times: user=0.52 sys=0.00, real=0.14 secs] 
2020-08-01T01:32:24.473+0800: 12407928.451: [GC (Allocation Failure) 2020-08-01T01:32:24.473+0800: 12407928.451: [ParNew: 737280K->81920K(737280K), 0.1077746 secs] 1729021K->1107172K(6209536K), 0.1079569 secs] [Times: user=0.63 sys=0.00, real=0.11 secs] 
2020-08-01T01:32:55.710+0800: 12407959.688: [GC (Allocation Failure) 2020-08-01T01:32:55.710+0800: 12407959.688: [ParNew: 737280K->81920K(737280K), 0.1140538 secs] 1762532K->1146909K(6209536K), 0.1142398 secs] [Times: user=0.62 sys=0.01, real=0.11 secs] 
2020-08-01T01:33:23.392+0800: 12407987.370: [GC (Allocation Failure) 2020-08-01T01:33:23.392+0800: 12407987.370: [ParNew: 737280K->81920K(737280K), 0.1250450 secs] 1802269K->1183856K(6209536K), 0.1252785 secs] [Times: user=0.65 sys=0.00, real=0.12 secs] 
2020-08-01T01:34:05.717+0800: 12408029.694: [GC (Allocation Failure) 2020-08-01T01:34:05.717+0800: 12408029.695: [ParNew: 737280K->81920K(737280K), 0.1286403 secs] 1839216K->1224280K(6209536K), 0.1288465 secs] [Times: user=0.77 sys=0.00, real=0.13 secs] 
2020-08-01T01:34:48.965+0800: 12408072.943: [GC (Allocation Failure) 2020-08-01T01:34:48.965+0800: 12408072.943: [ParNew: 737280K->81920K(737280K), 0.1382189 secs] 1879640K->1261966K(6209536K), 0.1384171 secs] [Times: user=0.67 sys=0.00, real=0.14 secs] 
2020-08-01T01:35:11.655+0800: 12408095.632: [GC (Allocation Failure) 2020-08-01T01:35:11.655+0800: 12408095.632: [ParNew: 737280K->81920K(737280K), 0.0995379 secs] 1917326K->1306743K(6209536K), 0.0997194 secs] [Times: user=0.66 sys=0.00, real=0.10 secs] 
2020-08-01T01:35:43.170+0800: 12408127.147: [GC (Allocation Failure) 2020-08-01T01:35:43.170+0800: 12408127.148: [ParNew: 737280K->81375K(737280K), 0.0873474 secs] 1962103K->1343101K(6209536K), 0.0875351 secs] [Times: user=0.60 sys=0.00, real=0.08 secs] 
2020-08-01T01:36:16.403+0800: 12408160.381: [GC (Allocation Failure) 2020-08-01T01:36:16.403+0800: 12408160.381: [ParNew: 736652K->72114K(737280K), 0.0813851 secs] 1998378K->1367742K(6209536K), 0.0815937 secs] [Times: user=0.55 sys=0.00, real=0.08 secs] 
2020-08-01T01:36:53.535+0800: 12408197.513: [GC (Allocation Failure) 2020-08-01T01:36:53.535+0800: 12408197.513: [ParNew: 727474K->71048K(737280K), 0.0736707 secs] 2023102K->1392357K(6209536K), 0.0738640 secs] [Times: user=0.51 sys=0.00, real=0.08 secs] 
2020-08-01T01:37:24.766+0800: 12408228.744: [GC (Allocation Failure) 2020-08-01T01:37:24.766+0800: 12408228.744: [ParNew: 726408K->81920K(737280K), 0.1029262 secs] 2047717K->1431002K(6209536K), 0.1031249 secs] [Times: user=0.47 sys=0.01, real=0.11 secs] 
2020-08-01T01:37:53.424+0800: 12408257.402: [GC (Allocation Failure) 2020-08-01T01:37:53.424+0800: 12408257.402: [ParNew: 737280K->75122K(737280K), 0.0780913 secs] 2086362K->1448412K(6209536K), 0.0782984 secs] [Times: user=0.48 sys=0.00, real=0.08 secs] 
2020-08-01T01:38:31.873+0800: 12408295.851: [GC (Allocation Failure) 2020-08-01T01:38:31.873+0800: 12408295.851: [ParNew: 730482K->72796K(737280K), 0.0874468 secs] 2103772K->1475676K(6209536K), 0.0876546 secs] [Times: user=0.52 sys=0.00, real=0.09 secs] 
2020-08-01T01:39:16.512+0800: 12408340.490: [GC (Allocation Failure) 2020-08-01T01:39:16.512+0800: 12408340.490: [ParNew: 728156K->73619K(737280K), 0.0808418 secs] 2131036K->1503312K(6209536K), 0.0810445 secs] [Times: user=0.52 sys=0.00, real=0.08 secs] 
2020-08-01T01:39:54.872+0800: 12408378.850: [GC (Allocation Failure) 2020-08-01T01:39:54.872+0800: 12408378.850: [ParNew: 728979K->80477K(737280K), 0.0711234 secs] 2158672K->1533005K(6209536K), 0.0713277 secs] [Times: user=0.43 sys=0.00, real=0.07 secs] 
2020-08-01T01:40:20.891+0800: 12408404.869: [GC (Allocation Failure) 2020-08-01T01:40:20.891+0800: 12408404.869: [ParNew: 735837K->70738K(737280K), 0.0869176 secs] 2188365K->1546693K(6209536K), 0.0871221 secs] [Times: user=0.49 sys=0.00, real=0.09 secs] 
2020-08-01T01:40:40.180+0800: 12408424.158: [GC (Allocation Failure) 2020-08-01T01:40:40.180+0800: 12408424.158: [ParNew: 726098K->81920K(737280K), 0.0920304 secs] 2202053K->1583198K(6209536K), 0.0922183 secs] [Times: user=0.61 sys=0.00, real=0.09 secs] 
2020-08-01T01:40:58.121+0800: 12408442.098: [GC (Allocation Failure) 2020-08-01T01:40:58.121+0800: 12408442.098: [ParNew: 737280K->81920K(737280K), 0.0993435 secs] 2238558K->1615908K(6209536K), 0.0995363 secs] [Times: user=0.64 sys=0.00, real=0.10 secs] 
2020-08-01T01:41:15.386+0800: 12408459.364: [GC (Allocation Failure) 2020-08-01T01:41:15.386+0800: 12408459.364: [ParNew: 737230K->81920K(737280K), 0.1048400 secs] 2271219K->1653054K(6209536K), 0.1050436 secs] [Times: user=0.69 sys=0.00, real=0.11 secs] 
2020-08-01T01:41:38.261+0800: 12408482.239: [GC (Allocation Failure) 2020-08-01T01:41:38.261+0800: 12408482.239: [ParNew: 737280K->81920K(737280K), 0.1015901 secs] 2308414K->1690429K(6209536K), 0.1018046 secs] [Times: user=0.64 sys=0.00, real=0.10 secs] 
2020-08-01T01:41:59.181+0800: 12408503.159: [GC (Allocation Failure) 2020-08-01T01:41:59.181+0800: 12408503.159: [ParNew: 737280K->81920K(737280K), 0.1019337 secs] 2345789K->1726218K(6209536K), 0.1021250 secs] [Times: user=0.66 sys=0.02, real=0.10 secs] 
2020-08-01T01:42:23.974+0800: 12408527.952: [GC (Allocation Failure) 2020-08-01T01:42:23.974+0800: 12408527.952: [ParNew: 737280K->81920K(737280K), 0.1370787 secs] 2381578K->1766252K(6209536K), 0.1372559 secs] [Times: user=0.65 sys=0.00, real=0.14 secs] 
2020-08-01T01:42:47.332+0800: 12408551.310: [GC (Allocation Failure) 2020-08-01T01:42:47.332+0800: 12408551.310: [ParNew: 737280K->81920K(737280K), 0.1079705 secs] 2421612K->1797276K(6209536K), 0.1081659 secs] [Times: user=0.71 sys=0.00, real=0.11 secs] 
2020-08-01T01:43:06.452+0800: 12408570.430: [GC (Allocation Failure) 2020-08-01T01:43:06.452+0800: 12408570.430: [ParNew: 737280K->81920K(737280K), 0.1185819 secs] 2452636K->1835473K(6209536K), 0.1187626 secs] [Times: user=0.62 sys=0.00, real=0.12 secs] 
2020-08-01T01:43:25.757+0800: 12408589.735: [GC (Allocation Failure) 2020-08-01T01:43:25.757+0800: 12408589.735: [ParNew: 737280K->81920K(737280K), 0.0937281 secs] 2490833K->1863701K(6209536K), 0.0939194 secs] [Times: user=0.60 sys=0.00, real=0.10 secs] 
2020-08-01T01:43:49.258+0800: 12408613.236: [GC (Allocation Failure) 2020-08-01T01:43:49.258+0800: 12408613.236: [ParNew: 737280K->81920K(737280K), 0.1029573 secs] 2519061K->1901481K(6209536K), 0.1031506 secs] [Times: user=0.65 sys=0.00, real=0.11 secs] 
2020-08-01T01:44:14.470+0800: 12408638.448: [GC (Allocation Failure) 2020-08-01T01:44:14.471+0800: 12408638.448: [ParNew: 737280K->81920K(737280K), 0.1018669 secs] 2556841K->1934605K(6209536K), 0.1020548 secs] [Times: user=0.62 sys=0.01, real=0.10 secs] 
2020-08-01T01:44:40.356+0800: 12408664.334: [GC (Allocation Failure) 2020-08-01T01:44:40.356+0800: 12408664.334: [ParNew: 737280K->81920K(737280K), 0.1315513 secs] 2589965K->1977508K(6209536K), 0.1317504 secs] [Times: user=0.58 sys=0.01, real=0.14 secs] 
2020-08-01T01:45:17.861+0800: 12408701.839: [GC (Allocation Failure) 2020-08-01T01:45:17.861+0800: 12408701.839: [ParNew: 737280K->81920K(737280K), 0.1293769 secs] 2632868K->2054708K(6209536K), 0.1295694 secs] [Times: user=0.66 sys=0.00, real=0.13 secs] 
2020-08-01T01:45:44.010+0800: 12408727.988: [GC (Allocation Failure) 2020-08-01T01:45:44.010+0800: 12408727.988: [ParNew: 737280K->81920K(737280K), 0.0648118 secs] 2710068K->2057802K(6209536K), 0.0650098 secs] [Times: user=0.49 sys=0.00, real=0.06 secs] 
2020-08-01T01:46:16.414+0800: 12408760.392: [GC (Allocation Failure) 2020-08-01T01:46:16.415+0800: 12408760.392: [ParNew: 737280K->81920K(737280K), 0.1503504 secs] 2713162K->2097947K(6209536K), 0.1506336 secs] [Times: user=0.66 sys=0.00, real=0.15 secs] 
2020-08-01T01:46:46.092+0800: 12408790.070: [GC (Allocation Failure) 2020-08-01T01:46:46.092+0800: 12408790.070: [ParNew: 737280K->81920K(737280K), 0.0987724 secs] 2753307K->2134193K(6209536K), 0.0989690 secs] [Times: user=0.67 sys=0.00, real=0.10 secs] 
2020-08-01T01:47:07.644+0800: 12408811.622: [GC (Allocation Failure) 2020-08-01T01:47:07.644+0800: 12408811.622: [ParNew: 737280K->81920K(737280K), 0.0998230 secs] 2789553K->2179332K(6209536K), 0.1000067 secs] [Times: user=0.66 sys=0.00, real=0.10 secs] 
2020-08-01T01:47:29.547+0800: 12408833.525: [GC (Allocation Failure) 2020-08-01T01:47:29.549+0800: 12408833.527: [ParNew: 737280K->81920K(737280K), 0.1044792 secs] 2834692K->2218946K(6209536K), 0.1057709 secs] [Times: user=0.63 sys=0.00, real=0.10 secs] 
2020-08-01T01:47:55.752+0800: 12408859.730: [GC (Allocation Failure) 2020-08-01T01:47:55.752+0800: 12408859.730: [ParNew: 737280K->80822K(737280K), 0.0981275 secs] 2874306K->2247149K(6209536K), 0.0983767 secs] [Times: user=0.51 sys=0.00, real=0.10 secs] 
2020-08-01T01:48:29.932+0800: 12408893.910: [GC (Allocation Failure) 2020-08-01T01:48:29.932+0800: 12408893.910: [ParNew: 736182K->72870K(737280K), 0.0851710 secs] 2902509K->2271218K(6209536K), 0.0853875 secs] [Times: user=0.58 sys=0.00, real=0.08 secs] 
2020-08-01T01:48:56.527+0800: 12408920.505: [GC (Allocation Failure) 2020-08-01T01:48:56.527+0800: 12408920.505: [ParNew: 728230K->77685K(737280K), 0.0789940 secs] 2926578K->2305738K(6209536K), 0.0792050 secs] [Times: user=0.45 sys=0.00, real=0.07 secs] 
2020-08-01T01:49:21.555+0800: 12408945.533: [GC (Allocation Failure) 2020-08-01T01:49:21.555+0800: 12408945.533: [ParNew: 733045K->81920K(737280K), 0.0750388 secs] 2961098K->2333878K(6209536K), 0.0752295 secs] [Times: user=0.53 sys=0.00, real=0.08 secs] 
2020-08-01T01:49:46.757+0800: 12408970.734: [GC (Allocation Failure) 2020-08-01T01:49:46.757+0800: 12408970.735: [ParNew: 737280K->72358K(737280K), 0.0751960 secs] 2989238K->2352241K(6209536K), 0.0753943 secs] [Times: user=0.51 sys=0.00, real=0.08 secs] 
2020-08-01T01:50:10.497+0800: 12408994.475: [GC (Allocation Failure) 2020-08-01T01:50:10.497+0800: 12408994.475: [ParNew: 727718K->81920K(737280K), 0.0966286 secs] 3007600K->2392177K(6209536K), 0.0968572 secs] [Times: user=0.48 sys=0.00, real=0.10 secs] 
2020-08-01T01:50:34.402+0800: 12409018.380: [GC (Allocation Failure) 2020-08-01T01:50:34.402+0800: 12409018.380: [ParNew: 737280K->81920K(737280K), 0.0806018 secs] 3047537K->2419023K(6209536K), 0.0808108 secs] [Times: user=0.55 sys=0.00, real=0.08 secs] 
2020-08-01T01:50:52.101+0800: 12409036.079: [GC (Allocation Failure) 2020-08-01T01:50:52.101+0800: 12409036.079: [ParNew: 737280K->78296K(737280K), 0.0831987 secs] 3074383K->2444625K(6209536K), 0.0834104 secs] [Times: user=0.58 sys=0.00, real=0.08 secs] 
2020-08-01T01:51:21.359+0800: 12409065.336: [GC (Allocation Failure) 2020-08-01T01:51:21.359+0800: 12409065.337: [ParNew: 733656K->81920K(737280K), 0.0889174 secs] 3099985K->2483081K(6209536K), 0.0891296 secs] [Times: user=0.58 sys=0.00, real=0.09 secs] 
2020-08-01T01:51:42.623+0800: 12409086.601: [GC (Allocation Failure) 2020-08-01T01:51:42.623+0800: 12409086.601: [ParNew: 737280K->81920K(737280K), 0.1212152 secs] 3138441K->2515397K(6209536K), 0.1214469 secs] [Times: user=0.62 sys=0.00, real=0.12 secs] 
2020-08-01T01:52:05.353+0800: 12409109.330: [GC (Allocation Failure) 2020-08-01T01:52:05.353+0800: 12409109.331: [ParNew: 737280K->81251K(737280K), 0.0901124 secs] 3170757K->2547835K(6209536K), 0.0903111 secs] [Times: user=0.58 sys=0.00, real=0.09 secs] 
2020-08-01T01:52:20.104+0800: 12409124.082: [GC (Allocation Failure) 2020-08-01T01:52:20.105+0800: 12409124.082: [ParNew: 736611K->81920K(737280K), 0.0905156 secs] 3203195K->2579977K(6209536K), 0.0907325 secs] [Times: user=0.55 sys=0.00, real=0.09 secs] 
2020-08-01T01:52:45.677+0800: 12409149.655: [GC (Allocation Failure) 2020-08-01T01:52:45.677+0800: 12409149.655: [ParNew: 737280K->74046K(737280K), 0.0918235 secs] 3235337K->2601532K(6209536K), 0.0920058 secs] [Times: user=0.52 sys=0.00, real=0.10 secs] 
2020-08-01T01:53:07.241+0800: 12409171.219: [GC (Allocation Failure) 2020-08-01T01:53:07.241+0800: 12409171.219: [ParNew: 729406K->70613K(737280K), 0.0745069 secs] 3256892K->2623648K(6209536K), 0.0746882 secs] [Times: user=0.47 sys=0.00, real=0.07 secs] 
2020-08-01T01:53:21.836+0800: 12409185.814: [GC (Allocation Failure) 2020-08-01T01:53:21.836+0800: 12409185.814: [ParNew: 725908K->81920K(737280K), 0.0739876 secs] 3278944K->2657904K(6209536K), 0.0741924 secs] [Times: user=0.50 sys=0.00, real=0.08 secs] 
2020-08-01T01:53:35.144+0800: 12409199.122: [GC (Allocation Failure) 2020-08-01T01:53:35.144+0800: 12409199.122: [ParNew: 737280K->81920K(737280K), 0.0901261 secs] 3313264K->2689541K(6209536K), 0.0903838 secs] [Times: user=0.61 sys=0.00, real=0.09 secs] 
2020-08-01T01:53:51.758+0800: 12409215.736: [GC (Allocation Failure) 2020-08-01T01:53:51.758+0800: 12409215.736: [ParNew: 737280K->81920K(737280K), 0.0937754 secs] 3344901K->2720331K(6209536K), 0.0939690 secs] [Times: user=0.58 sys=0.00, real=0.10 secs] 
2020-08-01T01:54:12.791+0800: 12409236.769: [GC (Allocation Failure) 2020-08-01T01:54:12.791+0800: 12409236.769: [ParNew: 737280K->81855K(737280K), 0.1417576 secs] 3375691K->2755952K(6209536K), 0.1420266 secs] [Times: user=0.61 sys=0.02, real=0.14 secs] 
2020-08-01T01:54:40.730+0800: 12409264.707: [GC (Allocation Failure) 2020-08-01T01:54:40.730+0800: 12409264.708: [ParNew: 737215K->81920K(737280K), 0.1190979 secs] 3411312K->2784832K(6209536K), 0.1193165 secs] [Times: user=0.55 sys=0.00, real=0.12 secs] 
2020-08-01T01:55:11.755+0800: 12409295.733: [GC (Allocation Failure) 2020-08-01T01:55:11.755+0800: 12409295.733: [ParNew: 737280K->81920K(737280K), 0.0793586 secs] 3440192K->2814104K(6209536K), 0.0795543 secs] [Times: user=0.53 sys=0.00, real=0.08 secs] 
2020-08-01T01:55:39.305+0800: 12409323.283: [GC (Allocation Failure) 2020-08-01T01:55:39.305+0800: 12409323.283: [ParNew: 737280K->78536K(737280K), 0.1067658 secs] 3469464K->2845337K(6209536K), 0.1070232 secs] [Times: user=0.58 sys=0.00, real=0.11 secs] 
2020-08-01T01:55:49.797+0800: 12409333.775: [GC (Allocation Failure) 2020-08-01T01:55:49.797+0800: 12409333.775: [ParNew: 733896K->81920K(737280K), 0.0838018 secs] 3500697K->2876375K(6209536K), 0.0839773 secs] [Times: user=0.58 sys=0.00, real=0.09 secs] 
2020-08-01T01:56:13.550+0800: 12409357.527: [GC (Allocation Failure) 2020-08-01T01:56:13.550+0800: 12409357.527: [ParNew: 737280K->81920K(737280K), 0.0895944 secs] 3531735K->2905942K(6209536K), 0.0898040 secs] [Times: user=0.59 sys=0.00, real=0.09 secs] 
2020-08-01T01:56:29.540+0800: 12409373.518: [GC (Allocation Failure) 2020-08-01T01:56:29.540+0800: 12409373.518: [ParNew: 737278K->81920K(737280K), 0.1009109 secs] 3561300K->2945639K(6209536K), 0.1011238 secs] [Times: user=0.64 sys=0.00, real=0.10 secs] 
2020-08-01T01:56:48.891+0800: 12409392.868: [GC (Allocation Failure) 2020-08-01T01:56:48.891+0800: 12409392.869: [ParNew: 737280K->81920K(737280K), 0.1242445 secs] 3600999K->2983903K(6209536K), 0.1244403 secs] [Times: user=0.65 sys=0.00, real=0.12 secs] 
2020-08-01T01:57:03.440+0800: 12409407.418: [GC (Allocation Failure) 2020-08-01T01:57:03.440+0800: 12409407.418: [ParNew: 737280K->81920K(737280K), 0.0962086 secs] 3639263K->3017846K(6209536K), 0.0964069 secs] [Times: user=0.64 sys=0.00, real=0.09 secs] 
2020-08-01T01:57:31.886+0800: 12409435.863: [GC (Allocation Failure) 2020-08-01T01:57:31.886+0800: 12409435.864: [ParNew: 737280K->81920K(737280K), 0.0993543 secs] 3673206K->3052177K(6209536K), 0.0995724 secs] [Times: user=0.66 sys=0.00, real=0.10 secs] 
2020-08-01T01:58:31.530+0800: 12409495.508: [GC (Allocation Failure) 2020-08-01T01:58:31.530+0800: 12409495.508: [ParNew: 737280K->81920K(737280K), 0.1124643 secs] 3707537K->3132068K(6209536K), 0.1127209 secs] [Times: user=0.67 sys=0.00, real=0.11 secs] 
2020-08-01T01:59:02.967+0800: 12409526.945: [GC (Allocation Failure) 2020-08-01T01:59:02.967+0800: 12409526.945: [ParNew: 737280K->74923K(737280K), 0.0528468 secs] 3787428K->3125072K(6209536K), 0.0530615 secs] [Times: user=0.38 sys=0.00, real=0.05 secs] 
2020-08-01T01:59:35.817+0800: 12409559.795: [GC (Allocation Failure) 2020-08-01T01:59:35.817+0800: 12409559.795: [ParNew: 730283K->81920K(737280K), 0.0904105 secs] 3780432K->3171278K(6209536K), 0.0906166 secs] [Times: user=0.57 sys=0.00, real=0.10 secs] 
2020-08-01T02:00:12.695+0800: 12409596.673: [GC (Allocation Failure) 2020-08-01T02:00:12.695+0800: 12409596.673: [ParNew: 737280K->81735K(737280K), 0.0855821 secs] 3826638K->3200326K(6209536K), 0.0858292 secs] [Times: user=0.46 sys=0.00, real=0.09 secs] 
2020-08-01T02:00:51.941+0800: 12409635.919: [GC (Allocation Failure) 2020-08-01T02:00:51.942+0800: 12409635.920: [ParNew: 737095K->78442K(737280K), 0.0750463 secs] 3855686K->3225614K(6209536K), 0.0760713 secs] [Times: user=0.47 sys=0.00, real=0.07 secs] 
2020-08-01T02:01:23.834+0800: 12409667.812: [GC (Allocation Failure) 2020-08-01T02:01:23.834+0800: 12409667.812: [ParNew: 733802K->76009K(737280K), 0.0783766 secs] 3880974K->3247932K(6209536K), 0.0785747 secs] [Times: user=0.50 sys=0.00, real=0.08 secs] 
2020-08-01T02:01:47.335+0800: 12409691.313: [GC (Allocation Failure) 2020-08-01T02:01:47.335+0800: 12409691.313: [ParNew: 731369K->81920K(737280K), 0.1032676 secs] 3903292K->3284141K(6209536K), 0.1034797 secs] [Times: user=0.55 sys=0.00, real=0.10 secs] 
2020-08-01T02:02:11.338+0800: 12409715.316: [GC (Allocation Failure) 2020-08-01T02:02:11.338+0800: 12409715.316: [ParNew: 737280K->72382K(737280K), 0.0719652 secs] 3939501K->3302912K(6209536K), 0.0721849 secs] [Times: user=0.48 sys=0.00, real=0.08 secs] 
2020-08-01T02:02:45.306+0800: 12409749.284: [GC (Allocation Failure) 2020-08-01T02:02:45.306+0800: 12409749.284: [ParNew: 727742K->76976K(737280K), 0.0773174 secs] 3958272K->3333952K(6209536K), 0.0775284 secs] [Times: user=0.45 sys=0.00, real=0.08 secs] 
2020-08-01T02:03:16.895+0800: 12409780.873: [GC (Allocation Failure) 2020-08-01T02:03:16.895+0800: 12409780.873: [ParNew: 732336K->81920K(737280K), 0.0772956 secs] 3989312K->3366255K(6209536K), 0.0774960 secs] [Times: user=0.50 sys=0.00, real=0.08 secs] 
2020-08-01T02:03:57.825+0800: 12409821.803: [GC (Allocation Failure) 2020-08-01T02:03:57.825+0800: 12409821.803: [ParNew: 737280K->81920K(737280K), 0.0893216 secs] 4021615K->3395753K(6209536K), 0.0895345 secs] [Times: user=0.53 sys=0.00, real=0.09 secs] 
2020-08-01T02:04:50.786+0800: 12409874.764: [GC (Allocation Failure) 2020-08-01T02:04:50.786+0800: 12409874.764: [ParNew: 737280K->81920K(737280K), 0.1001810 secs] 4051113K->3429154K(6209536K), 0.1004090 secs] [Times: user=0.50 sys=0.00, real=0.11 secs] 
2020-08-01T02:05:36.396+0800: 12409920.374: [GC (Allocation Failure) 2020-08-01T02:05:36.396+0800: 12409920.374: [ParNew: 737280K->72393K(737280K), 0.0800425 secs] 4084514K->3449770K(6209536K), 0.0802532 secs] [Times: user=0.49 sys=0.00, real=0.08 secs] 
2020-08-01T02:06:23.319+0800: 12409967.297: [GC (Allocation Failure) 2020-08-01T02:06:23.319+0800: 12409967.297: [ParNew: 727753K->59439K(737280K), 0.0595446 secs] 4105130K->3458819K(6209536K), 0.0598126 secs] [Times: user=0.37 sys=0.00, real=0.06 secs] 
2020-08-01T02:06:50.237+0800: 12409994.215: [GC (Allocation Failure) 2020-08-01T02:06:50.237+0800: 12409994.215: [ParNew: 714799K->64610K(737280K), 0.0744052 secs] 4114179K->3488098K(6209536K), 0.0746605 secs] [Times: user=0.42 sys=0.00, real=0.08 secs] 
2020-08-01T02:07:55.116+0800: 12410059.094: [GC (Allocation Failure) 2020-08-01T02:07:55.116+0800: 12410059.094: [ParNew: 719970K->65952K(737280K), 0.0658166 secs] 4143458K->3503176K(6209536K), 0.0660458 secs] [Times: user=0.41 sys=0.00, real=0.07 secs] 
2020-08-01T02:08:23.638+0800: 12410087.616: [GC (Allocation Failure) 2020-08-01T02:08:23.638+0800: 12410087.616: [ParNew: 721312K->75084K(737280K), 0.0879620 secs] 4158536K->3539053K(6209536K), 0.0881982 secs] [Times: user=0.51 sys=0.00, real=0.09 secs] 
2020-08-01T02:08:58.386+0800: 12410122.364: [GC (Allocation Failure) 2020-08-01T02:08:58.387+0800: 12410122.364: [ParNew: 730412K->81920K(737280K), 0.0815269 secs] 4194380K->3574266K(6209536K), 0.0817430 secs] [Times: user=0.53 sys=0.00, real=0.08 secs] 
2020-08-01T02:09:41.393+0800: 12410165.371: [GC (Allocation Failure) 2020-08-01T02:09:41.393+0800: 12410165.371: [ParNew: 737280K->81920K(737280K), 0.0984312 secs] 4229626K->3616203K(6209536K), 0.0986463 secs] [Times: user=0.57 sys=0.00, real=0.10 secs] 
2020-08-01T02:10:11.938+0800: 12410195.916: [GC (Allocation Failure) 2020-08-01T02:10:11.938+0800: 12410195.916: [ParNew: 737280K->81920K(737280K), 0.1345955 secs] 4271563K->3650659K(6209536K), 0.1348076 secs] [Times: user=0.62 sys=0.00, real=0.14 secs] 
2020-08-01T02:10:38.140+0800: 12410222.117: [GC (Allocation Failure) 2020-08-01T02:10:38.141+0800: 12410222.118: [ParNew: 737280K->81920K(737280K), 0.0998321 secs] 4306019K->3683190K(6209536K), 0.1010302 secs] [Times: user=0.65 sys=0.00, real=0.10 secs] 
2020-08-01T02:11:11.856+0800: 12410255.834: [GC (Allocation Failure) 2020-08-01T02:11:11.856+0800: 12410255.834: [ParNew: 737280K->76110K(737280K), 0.1267714 secs] 4338550K->3756453K(6209536K), 0.1270163 secs] [Times: user=0.78 sys=0.00, real=0.13 secs] 
2020-08-01T02:11:50.854+0800: 12410294.831: [GC (Allocation Failure) 2020-08-01T02:11:50.854+0800: 12410294.831: [ParNew: 731470K->81920K(737280K), 0.0643380 secs] 4411813K->3770053K(6209536K), 0.0645600 secs] [Times: user=0.37 sys=0.00, real=0.06 secs] 
2020-08-01T02:12:19.012+0800: 12410322.990: [GC (Allocation Failure) 2020-08-01T02:12:19.012+0800: 12410322.990: [ParNew: 737280K->79301K(737280K), 0.0957456 secs] 4425413K->3806704K(6209536K), 0.0959510 secs] [Times: user=0.58 sys=0.01, real=0.10 secs] 
2020-08-01T02:12:39.741+0800: 12410343.718: [GC (Allocation Failure) 2020-08-01T02:12:39.741+0800: 12410343.719: [ParNew: 734661K->76376K(737280K), 0.0860733 secs] 4462064K->3831003K(6209536K), 0.0862641 secs] [Times: user=0.54 sys=0.00, real=0.09 secs] 
2020-08-01T02:13:04.014+0800: 12410367.992: [GC (Allocation Failure) 2020-08-01T02:13:04.014+0800: 12410367.992: [ParNew: 731736K->81920K(737280K), 0.1214251 secs] 4486363K->3870362K(6209536K), 0.1216492 secs] [Times: user=0.50 sys=0.00, real=0.12 secs] 
2020-08-01T02:13:36.753+0800: 12410400.731: [GC (Allocation Failure) 2020-08-01T02:13:36.753+0800: 12410400.731: [ParNew: 737280K->74544K(737280K), 0.0738614 secs] 4525722K->3891394K(6209536K), 0.0740550 secs] [Times: user=0.51 sys=0.00, real=0.08 secs] 
2020-08-01T02:14:06.240+0800: 12410430.218: [GC (Allocation Failure) 2020-08-01T02:14:06.240+0800: 12410430.218: [ParNew: 729904K->81920K(737280K), 0.0902551 secs] 4546754K->3931835K(6209536K), 0.0904591 secs] [Times: user=0.55 sys=0.00, real=0.09 secs] 
2020-08-01T02:14:06.336+0800: 12410430.314: [GC (CMS Initial Mark) [1 CMS-initial-mark: 3849915K(5472256K)] 3940634K(6209536K), 0.0080422 secs] [Times: user=0.04 sys=0.00, real=0.01 secs] 
2020-08-01T02:14:06.344+0800: 12410430.322: [CMS-concurrent-mark-start]
2020-08-01T02:14:08.572+0800: 12410432.549: [CMS-concurrent-mark: 2.226/2.228 secs] [Times: user=4.87 sys=0.02, real=2.23 secs] 
2020-08-01T02:14:08.572+0800: 12410432.550: [CMS-concurrent-preclean-start]
2020-08-01T02:14:08.582+0800: 12410432.560: [CMS-concurrent-preclean: 0.010/0.010 secs] [Times: user=0.01 sys=0.00, real=0.01 secs] 
2020-08-01T02:14:08.582+0800: 12410432.560: [CMS-concurrent-abortable-preclean-start]
 CMS: abort preclean due to time 2020-08-01T02:14:13.744+0800: 12410437.722: [CMS-concurrent-abortable-preclean: 3.953/5.162 secs] [Times: user=4.87 sys=2.48, real=5.16 secs] 
2020-08-01T02:14:13.746+0800: 12410437.723: [GC (CMS Final Remark) [YG occupancy: 257930 K (737280 K)]2020-08-01T02:14:13.746+0800: 12410437.723: [Rescan (parallel) , 0.0174429 secs]2020-08-01T02:14:13.763+0800: 12410437.741: [weak refs processing, 0.0009200 secs]2020-08-01T02:14:13.764+0800: 12410437.742: [class unloading, 0.0171654 secs]2020-08-01T02:14:13.781+0800: 12410437.759: [scrub symbol table, 0.0061821 secs]2020-08-01T02:14:13.787+0800: 12410437.765: [scrub string table, 0.0008745 secs][1 CMS-remark: 3849915K(5472256K)] 4107845K(6209536K), 0.0428997 secs] [Times: user=0.17 sys=0.00, real=0.05 secs] 
2020-08-01T02:14:13.789+0800: 12410437.767: [CMS-concurrent-sweep-start]
2020-08-01T02:14:15.120+0800: 12410439.098: [CMS-concurrent-sweep: 1.332/1.332 secs] [Times: user=1.46 sys=0.03, real=1.33 secs] 
2020-08-01T02:14:15.121+0800: 12410439.098: [CMS-concurrent-reset-start]
2020-08-01T02:14:15.141+0800: 12410439.119: [CMS-concurrent-reset: 0.020/0.020 secs] [Times: user=0.03 sys=0.01, real=0.02 secs] 
2020-08-01T02:14:31.056+0800: 12410455.034: [GC (Allocation Failure) 2020-08-01T02:14:31.056+0800: 12410455.034: [ParNew: 737280K->81920K(737280K), 0.0927405 secs] 4293413K->3672048K(6209536K), 0.0929360 secs] [Times: user=0.49 sys=0.00, real=0.10 secs] 
2020-08-01T02:14:55.568+0800: 12410479.546: [GC (Allocation Failure) 2020-08-01T02:14:55.568+0800: 12410479.546: [ParNew: 737280K->76649K(737280K), 0.0878787 secs] 4327408K->3697513K(6209536K), 0.0881155 secs] [Times: user=0.55 sys=0.00, real=0.08 secs] 
2020-08-01T02:15:25.662+0800: 12410509.639: [GC (Allocation Failure) 2020-08-01T02:15:25.662+0800: 12410509.640: [ParNew: 732009K->72924K(737280K), 0.0812608 secs] 4352873K->3720779K(6209536K), 0.0814672 secs] [Times: user=0.53 sys=0.00, real=0.08 secs] 
2020-08-01T02:15:44.188+0800: 12410528.166: [GC (Allocation Failure) 2020-08-01T02:15:44.188+0800: 12410528.166: [ParNew: 728284K->69073K(737280K), 0.0788570 secs] 4376139K->3744971K(6209536K), 0.0790833 secs] [Times: user=0.50 sys=0.00, real=0.08 secs] 
2020-08-01T02:16:04.671+0800: 12410548.649: [GC (Allocation Failure) 2020-08-01T02:16:04.671+0800: 12410548.649: [ParNew: 724433K->81920K(737280K), 0.0745475 secs] 4400331K->3783850K(6209536K), 0.0747372 secs] [Times: user=0.50 sys=0.01, real=0.07 secs] 
2020-08-01T02:16:35.512+0800: 12410579.490: [GC (GCLocker Initiated GC) 2020-08-01T02:16:35.512+0800: 12410579.490: [ParNew: 737280K->81920K(737280K), 0.0819668 secs] 4439210K->3814551K(6209536K), 0.0821744 secs] [Times: user=0.48 sys=0.00, real=0.08 secs] 
2020-08-01T02:16:59.613+0800: 12410603.591: [GC (Allocation Failure) 2020-08-01T02:16:59.614+0800: 12410603.591: [ParNew: 737280K->80851K(737280K), 0.0907319 secs] 4469911K->3844417K(6209536K), 0.0909480 secs] [Times: user=0.54 sys=0.00, real=0.09 secs] 
2020-08-01T02:17:24.066+0800: 12410628.044: [GC (Allocation Failure) 2020-08-01T02:17:24.066+0800: 12410628.044: [ParNew: 736211K->81920K(737280K), 0.0817131 secs] 4499777K->3872320K(6209536K), 0.0819452 secs] [Times: user=0.48 sys=0.00, real=0.09 secs] 
2020-08-01T02:17:55.549+0800: 12410659.526: [GC (Allocation Failure) 2020-08-01T02:17:55.549+0800: 12410659.527: [ParNew: 737280K->81920K(737280K), 0.0870929 secs] 4527680K->3911527K(6209536K), 0.0873234 secs] [Times: user=0.54 sys=0.00, real=0.08 secs] 
2020-08-01T02:18:35.142+0800: 12410699.120: [GC (Allocation Failure) 2020-08-01T02:18:35.142+0800: 12410699.120: [ParNew: 737280K->81920K(737280K), 0.0740133 secs] 4566887K->3954244K(6209536K), 0.0742105 secs] [Times: user=0.44 sys=0.00, real=0.07 secs] 
2020-08-01T02:18:35.218+0800: 12410699.196: [GC (CMS Initial Mark) [1 CMS-initial-mark: 3872324K(5472256K)] 3961908K(6209536K), 0.0070183 secs] [Times: user=0.03 sys=0.00, real=0.01 secs] 
2020-08-01T02:18:35.225+0800: 12410699.203: [CMS-concurrent-mark-start]
2020-08-01T02:18:37.869+0800: 12410701.847: [CMS-concurrent-mark: 2.643/2.644 secs] [Times: user=5.82 sys=1.05, real=2.65 secs] 
2020-08-01T02:18:37.869+0800: 12410701.847: [CMS-concurrent-preclean-start]
2020-08-01T02:18:37.877+0800: 12410701.854: [CMS-concurrent-preclean: 0.007/0.007 secs] [Times: user=0.01 sys=0.00, real=0.00 secs] 
2020-08-01T02:18:37.877+0800: 12410701.854: [CMS-concurrent-abortable-preclean-start]
 CMS: abort preclean due to time 2020-08-01T02:18:42.925+0800: 12410706.903: [CMS-concurrent-abortable-preclean: 4.047/5.048 secs] [Times: user=4.93 sys=1.85, real=5.05 secs] 
2020-08-01T02:18:42.927+0800: 12410706.905: [GC (CMS Final Remark) [YG occupancy: 300855 K (737280 K)]2020-08-01T02:18:42.927+0800: 12410706.905: [Rescan (parallel) , 0.0224901 secs]2020-08-01T02:18:42.949+0800: 12410706.927: [weak refs processing, 0.0001229 secs]2020-08-01T02:18:42.950+0800: 12410706.927: [class unloading, 0.0178264 secs]2020-08-01T02:18:42.967+0800: 12410706.945: [scrub symbol table, 0.0063799 secs]2020-08-01T02:18:42.974+0800: 12410706.952: [scrub string table, 0.0009301 secs][1 CMS-remark: 3872324K(5472256K)] 4173180K(6209536K), 0.0479418 secs] [Times: user=0.18 sys=0.00, real=0.04 secs] 
2020-08-01T02:18:42.975+0800: 12410706.953: [CMS-concurrent-sweep-start]
2020-08-01T02:18:44.406+0800: 12410708.384: [CMS-concurrent-sweep: 1.431/1.431 secs] [Times: user=1.64 sys=0.21, real=1.43 secs] 
2020-08-01T02:18:44.406+0800: 12410708.384: [CMS-concurrent-reset-start]
2020-08-01T02:18:44.425+0800: 12410708.403: [CMS-concurrent-reset: 0.019/0.019 secs] [Times: user=0.02 sys=0.00, real=0.02 secs] 
2020-08-01T02:18:46.427+0800: 12410710.405: [GC (CMS Initial Mark) [1 CMS-initial-mark: 3833826K(5472256K)] 4221637K(6209536K), 0.0215131 secs] [Times: user=0.17 sys=0.00, real=0.02 secs] 
2020-08-01T02:18:46.449+0800: 12410710.426: [CMS-concurrent-mark-start]
2020-08-01T02:18:48.878+0800: 12410712.856: [CMS-concurrent-mark: 2.425/2.430 secs] [Times: user=5.13 sys=0.41, real=2.43 secs] 
2020-08-01T02:18:48.879+0800: 12410712.856: [CMS-concurrent-preclean-start]
2020-08-01T02:18:48.886+0800: 12410712.864: [CMS-concurrent-preclean: 0.008/0.008 secs] [Times: user=0.00 sys=0.01, real=0.00 secs] 
2020-08-01T02:18:48.886+0800: 12410712.864: [CMS-concurrent-abortable-preclean-start]
 CMS: abort preclean due to time 2020-08-01T02:18:54.104+0800: 12410718.082: [CMS-concurrent-abortable-preclean: 4.117/5.218 secs] [Times: user=4.86 sys=1.47, real=5.22 secs] 
2020-08-01T02:18:54.106+0800: 12410718.084: [GC (CMS Final Remark) [YG occupancy: 525591 K (737280 K)]2020-08-01T02:18:54.106+0800: 12410718.084: [Rescan (parallel) , 0.0326690 secs]2020-08-01T02:18:54.139+0800: 12410718.117: [weak refs processing, 0.0000373 secs]2020-08-01T02:18:54.139+0800: 12410718.117: [class unloading, 0.0178558 secs]2020-08-01T02:18:54.157+0800: 12410718.135: [scrub symbol table, 0.0062797 secs]2020-08-01T02:18:54.163+0800: 12410718.141: [scrub string table, 0.0008649 secs][1 CMS-remark: 3833826K(5472256K)] 4359418K(6209536K), 0.0578799 secs] [Times: user=0.28 sys=0.00, real=0.06 secs] 
2020-08-01T02:18:54.164+0800: 12410718.142: [CMS-concurrent-sweep-start]
2020-08-01T02:18:55.638+0800: 12410719.616: [CMS-concurrent-sweep: 1.474/1.474 secs] [Times: user=1.79 sys=0.38, real=1.48 secs] 
2020-08-01T02:18:55.639+0800: 12410719.616: [CMS-concurrent-reset-start]
2020-08-01T02:18:55.657+0800: 12410719.635: [CMS-concurrent-reset: 0.019/0.019 secs] [Times: user=0.02 sys=0.01, real=0.01 secs] 
2020-08-01T02:19:00.865+0800: 12410724.842: [GC (Allocation Failure) 2020-08-01T02:19:00.865+0800: 12410724.842: [ParNew: 737280K->81920K(737280K), 0.0701563 secs] 4556215K->3935006K(6209536K), 0.0703531 secs] [Times: user=0.43 sys=0.00, real=0.07 secs] 
2020-08-01T02:19:00.937+0800: 12410724.914: [GC (CMS Initial Mark) [1 CMS-initial-mark: 3853086K(5472256K)] 3935012K(6209536K), 0.0061481 secs] [Times: user=0.04 sys=0.00, real=0.01 secs] 
2020-08-01T02:19:00.943+0800: 12410724.921: [CMS-concurrent-mark-start]
2020-08-01T02:19:03.634+0800: 12410727.611: [CMS-concurrent-mark: 2.691/2.691 secs] [Times: user=6.11 sys=1.24, real=2.69 secs] 
2020-08-01T02:19:03.634+0800: 12410727.612: [CMS-concurrent-preclean-start]
2020-08-01T02:19:03.641+0800: 12410727.619: [CMS-concurrent-preclean: 0.007/0.007 secs] [Times: user=0.01 sys=0.00, real=0.01 secs] 
2020-08-01T02:19:03.641+0800: 12410727.619: [CMS-concurrent-abortable-preclean-start]
 CMS: abort preclean due to time 2020-08-01T02:19:08.770+0800: 12410732.747: [CMS-concurrent-abortable-preclean: 3.726/5.128 secs] [Times: user=4.39 sys=1.45, real=5.13 secs] 
2020-08-01T02:19:08.771+0800: 12410732.749: [GC (CMS Final Remark) [YG occupancy: 287632 K (737280 K)]2020-08-01T02:19:08.771+0800: 12410732.749: [Rescan (parallel) , 0.0182265 secs]2020-08-01T02:19:08.790+0800: 12410732.767: [weak refs processing, 0.0000430 secs]2020-08-01T02:19:08.790+0800: 12410732.767: [class unloading, 0.0174326 secs]2020-08-01T02:19:08.807+0800: 12410732.785: [scrub symbol table, 0.0062182 secs]2020-08-01T02:19:08.813+0800: 12410732.791: [scrub string table, 0.0009167 secs][1 CMS-remark: 3853086K(5472256K)] 4140718K(6209536K), 0.0430184 secs] [Times: user=0.16 sys=0.00, real=0.04 secs] 
2020-08-01T02:19:08.815+0800: 12410732.792: [CMS-concurrent-sweep-start]
2020-08-01T02:19:10.319+0800: 12410734.296: [CMS-concurrent-sweep: 1.504/1.504 secs] [Times: user=1.73 sys=0.41, real=1.51 secs] 
2020-08-01T02:19:10.319+0800: 12410734.297: [CMS-concurrent-reset-start]
2020-08-01T02:19:10.338+0800: 12410734.315: [CMS-concurrent-reset: 0.019/0.019 secs] [Times: user=0.02 sys=0.00, real=0.01 secs] 
2020-08-01T02:19:12.353+0800: 12410736.331: [GC (CMS Initial Mark) [1 CMS-initial-mark: 3852687K(5472256K)] 4196279K(6209536K), 0.0203411 secs] [Times: user=0.14 sys=0.00, real=0.02 secs] 
2020-08-01T02:19:12.374+0800: 12410736.352: [CMS-concurrent-mark-start]
2020-08-01T02:19:14.904+0800: 12410738.881: [CMS-concurrent-mark: 2.530/2.530 secs] [Times: user=5.40 sys=0.62, real=2.53 secs] 
2020-08-01T02:19:14.904+0800: 12410738.881: [CMS-concurrent-preclean-start]
2020-08-01T02:19:14.912+0800: 12410738.890: [CMS-concurrent-preclean: 0.008/0.008 secs] [Times: user=0.01 sys=0.00, real=0.01 secs] 
2020-08-01T02:19:14.912+0800: 12410738.890: [CMS-concurrent-abortable-preclean-start]
 CMS: abort preclean due to time 2020-08-01T02:19:20.001+0800: 12410743.979: [CMS-concurrent-abortable-preclean: 3.987/5.090 secs] [Times: user=4.95 sys=2.03, real=5.09 secs] 
2020-08-01T02:19:20.003+0800: 12410743.981: [GC (CMS Final Remark) [YG occupancy: 494379 K (737280 K)]2020-08-01T02:19:20.003+0800: 12410743.981: [Rescan (parallel) , 0.0364529 secs]2020-08-01T02:19:20.040+0800: 12410744.018: [weak refs processing, 0.0000396 secs]2020-08-01T02:19:20.040+0800: 12410744.018: [class unloading, 0.0173819 secs]2020-08-01T02:19:20.057+0800: 12410744.035: [scrub symbol table, 0.0061812 secs]2020-08-01T02:19:20.063+0800: 12410744.041: [scrub string table, 0.0008670 secs][1 CMS-remark: 3852687K(5472256K)] 4347066K(6209536K), 0.0610986 secs] [Times: user=0.26 sys=0.00, real=0.06 secs] 
2020-08-01T02:19:20.065+0800: 12410744.043: [CMS-concurrent-sweep-start]
2020-08-01T02:19:21.566+0800: 12410745.544: [CMS-concurrent-sweep: 1.498/1.501 secs] [Times: user=1.77 sys=0.26, real=1.50 secs] 
2020-08-01T02:19:21.566+0800: 12410745.544: [CMS-concurrent-reset-start]
2020-08-01T02:19:21.587+0800: 12410745.564: [CMS-concurrent-reset: 0.020/0.020 secs] [Times: user=0.03 sys=0.00, real=0.03 secs] 
2020-08-01T02:19:23.587+0800: 12410747.565: [GC (CMS Initial Mark) [1 CMS-initial-mark: 3849257K(5472256K)] 4492551K(6209536K), 0.0347027 secs] [Times: user=0.26 sys=0.00, real=0.03 secs] 
2020-08-01T02:19:23.622+0800: 12410747.600: [CMS-concurrent-mark-start]
2020-08-01T02:19:26.431+0800: 12410750.409: [CMS-concurrent-mark: 2.809/2.809 secs] [Times: user=6.49 sys=1.74, real=2.81 secs] 
2020-08-01T02:19:26.431+0800: 12410750.409: [CMS-concurrent-preclean-start]
2020-08-01T02:19:26.438+0800: 12410750.416: [CMS-concurrent-preclean: 0.007/0.007 secs] [Times: user=0.01 sys=0.01, real=0.01 secs] 
2020-08-01T02:19:26.439+0800: 12410750.416: [CMS-concurrent-abortable-preclean-start]
2020-08-01T02:19:26.697+0800: 12410750.675: [GC (Allocation Failure) 2020-08-01T02:19:26.697+0800: 12410750.675: [ParNew2020-08-01T02:19:26.745+0800: 12410750.723: [CMS-concurrent-abortable-preclean: 0.207/0.307 secs] [Times: user=0.63 sys=0.01, real=0.30 secs] 
: 737280K->72767K(737280K), 0.0779118 secs] 4586537K->3945475K(6209536K), 0.0781140 secs] [Times: user=0.52 sys=0.00, real=0.08 secs] 
2020-08-01T02:19:26.777+0800: 12410750.754: [GC (CMS Final Remark) [YG occupancy: 80317 K (737280 K)]2020-08-01T02:19:26.777+0800: 12410750.755: [Rescan (parallel) , 0.0211389 secs]2020-08-01T02:19:26.798+0800: 12410750.776: [weak refs processing, 0.0000375 secs]2020-08-01T02:19:26.798+0800: 12410750.776: [class unloading, 0.0183940 secs]2020-08-01T02:19:26.816+0800: 12410750.794: [scrub symbol table, 0.0074529 secs]2020-08-01T02:19:26.824+0800: 12410750.802: [scrub string table, 0.0011723 secs][1 CMS-remark: 3872707K(5472256K)] 3953025K(6209536K), 0.0483550 secs] [Times: user=0.18 sys=0.00, real=0.05 secs] 
2020-08-01T02:19:26.825+0800: 12410750.803: [CMS-concurrent-sweep-start]
2020-08-01T02:19:28.349+0800: 12410752.327: [CMS-concurrent-sweep: 1.524/1.524 secs] [Times: user=1.94 sys=0.56, real=1.53 secs] 
2020-08-01T02:19:28.349+0800: 12410752.327: [CMS-concurrent-reset-start]
2020-08-01T02:19:28.369+0800: 12410752.347: [CMS-concurrent-reset: 0.020/0.020 secs] [Times: user=0.02 sys=0.03, real=0.02 secs] 
2020-08-01T02:19:30.371+0800: 12410754.349: [GC (CMS Initial Mark) [1 CMS-initial-mark: 3872696K(5472256K)] 4047137K(6209536K), 0.0107357 secs] [Times: user=0.07 sys=0.01, real=0.01 secs] 
2020-08-01T02:19:30.382+0800: 12410754.360: [CMS-concurrent-mark-start]
2020-08-01T02:19:33.166+0800: 12410757.144: [CMS-concurrent-mark: 2.784/2.784 secs] [Times: user=6.18 sys=1.00, real=2.78 secs] 
2020-08-01T02:19:33.166+0800: 12410757.144: [CMS-concurrent-preclean-start]
2020-08-01T02:19:33.175+0800: 12410757.152: [CMS-concurrent-preclean: 0.008/0.008 secs] [Times: user=0.01 sys=0.00, real=0.01 secs] 
2020-08-01T02:19:33.175+0800: 12410757.152: [CMS-concurrent-abortable-preclean-start]
 CMS: abort preclean due to time 2020-08-01T02:19:38.368+0800: 12410762.346: [CMS-concurrent-abortable-preclean: 3.792/5.193 secs] [Times: user=4.47 sys=2.09, real=5.20 secs] 
2020-08-01T02:19:38.370+0800: 12410762.348: [GC (CMS Final Remark) [YG occupancy: 315445 K (737280 K)]2020-08-01T02:19:38.370+0800: 12410762.348: [Rescan (parallel) , 0.0273028 secs]2020-08-01T02:19:38.397+0800: 12410762.375: [weak refs processing, 0.0000827 secs]2020-08-01T02:19:38.398+0800: 12410762.375: [class unloading, 0.0244904 secs]2020-08-01T02:19:38.422+0800: 12410762.400: [scrub symbol table, 0.0087544 secs]2020-08-01T02:19:38.431+0800: 12410762.409: [scrub string table, 0.0012651 secs][1 CMS-remark: 3872696K(5472256K)] 4188141K(6209536K), 0.0621325 secs] [Times: user=0.21 sys=0.00, real=0.06 secs] 
2020-08-01T02:19:38.432+0800: 12410762.410: [CMS-concurrent-sweep-start]
2020-08-01T02:19:39.900+0800: 12410763.878: [CMS-concurrent-sweep: 1.468/1.468 secs] [Times: user=1.60 sys=0.09, real=1.47 secs] 
2020-08-01T02:19:39.900+0800: 12410763.878: [CMS-concurrent-reset-start]
2020-08-01T02:19:39.921+0800: 12410763.899: [CMS-concurrent-reset: 0.021/0.021 secs] [Times: user=0.02 sys=0.00, real=0.02 secs] 
2020-08-01T02:19:41.922+0800: 12410765.900: [GC (CMS Initial Mark) [1 CMS-initial-mark: 3871331K(5472256K)] 4209522K(6209536K), 0.0265326 secs] [Times: user=0.15 sys=0.00, real=0.03 secs] 
2020-08-01T02:19:41.949+0800: 12410765.927: [CMS-concurrent-mark-start]
2020-08-01T02:19:44.740+0800: 12410768.718: [CMS-concurrent-mark: 2.791/2.791 secs] [Times: user=5.99 sys=0.22, real=2.79 secs] 
2020-08-01T02:19:44.741+0800: 12410768.718: [CMS-concurrent-preclean-start]
2020-08-01T02:19:44.750+0800: 12410768.728: [CMS-concurrent-preclean: 0.009/0.009 secs] [Times: user=0.00 sys=0.01, real=0.01 secs] 
2020-08-01T02:19:44.750+0800: 12410768.728: [CMS-concurrent-abortable-preclean-start]
 CMS: abort preclean due to time 2020-08-01T02:19:49.773+0800: 12410773.751: [CMS-concurrent-abortable-preclean: 3.722/5.023 secs] [Times: user=4.21 sys=1.84, real=5.02 secs] 
2020-08-01T02:19:49.775+0800: 12410773.752: [GC (CMS Final Remark) [YG occupancy: 456881 K (737280 K)]2020-08-01T02:19:49.775+0800: 12410773.752: [Rescan (parallel) , 0.0416275 secs]2020-08-01T02:19:49.816+0800: 12410773.794: [weak refs processing, 0.0000522 secs]2020-08-01T02:19:49.816+0800: 12410773.794: [class unloading, 0.0245732 secs]2020-08-01T02:19:49.841+0800: 12410773.819: [scrub symbol table, 0.0086456 secs]2020-08-01T02:19:49.850+0800: 12410773.827: [scrub string table, 0.0012807 secs][1 CMS-remark: 3871331K(5472256K)] 4328213K(6209536K), 0.0763940 secs] [Times: user=0.28 sys=0.00, real=0.08 secs] 
2020-08-01T02:19:49.851+0800: 12410773.829: [CMS-concurrent-sweep-start]
2020-08-01T02:19:51.293+0800: 12410775.271: [CMS-concurrent-sweep: 1.442/1.442 secs] [Times: user=1.52 sys=0.10, real=1.44 secs] 
2020-08-01T02:19:51.293+0800: 12410775.271: [CMS-concurrent-reset-start]
2020-08-01T02:19:51.312+0800: 12410775.290: [CMS-concurrent-reset: 0.019/0.019 secs] [Times: user=0.02 sys=0.00, real=0.02 secs] 
2020-08-01T02:19:53.313+0800: 12410777.291: [GC (CMS Initial Mark) [1 CMS-initial-mark: 3871329K(5472256K)] 4343845K(6209536K), 0.0290716 secs] [Times: user=0.21 sys=0.00, real=0.03 secs] 
2020-08-01T02:19:53.342+0800: 12410777.320: [CMS-concurrent-mark-start]
2020-08-01T02:19:56.651+0800: 12410780.629: [CMS-concurrent-mark: 3.307/3.309 secs] [Times: user=7.01 sys=0.50, real=3.31 secs] 
2020-08-01T02:19:56.651+0800: 12410780.629: [CMS-concurrent-preclean-start]
2020-08-01T02:19:56.664+0800: 12410780.642: [CMS-concurrent-preclean: 0.013/0.013 secs] [Times: user=0.02 sys=0.01, real=0.01 secs] 
2020-08-01T02:19:56.664+0800: 12410780.642: [CMS-concurrent-abortable-preclean-start]
 CMS: abort preclean due to time 2020-08-01T02:20:01.915+0800: 12410785.893: [CMS-concurrent-abortable-preclean: 4.078/5.251 secs] [Times: user=4.98 sys=2.13, real=5.25 secs] 
2020-08-01T02:20:01.917+0800: 12410785.895: [GC (CMS Final Remark) [YG occupancy: 621728 K (737280 K)]2020-08-01T02:20:01.917+0800: 12410785.895: [Rescan (parallel) , 0.0593557 secs]2020-08-01T02:20:01.976+0800: 12410785.954: [weak refs processing, 0.0000482 secs]2020-08-01T02:20:01.976+0800: 12410785.954: [class unloading, 0.0173457 secs]2020-08-01T02:20:01.994+0800: 12410785.972: [scrub symbol table, 0.0061800 secs]2020-08-01T02:20:02.000+0800: 12410785.978: [scrub string table, 0.0008641 secs][1 CMS-remark: 3871329K(5472256K)] 4493057K(6209536K), 0.0839788 secs] [Times: user=0.42 sys=0.00, real=0.09 secs] 
2020-08-01T02:20:02.001+0800: 12410785.979: [CMS-concurrent-sweep-start]
2020-08-01T02:20:03.519+0800: 12410787.497: [CMS-concurrent-sweep: 1.515/1.518 secs] [Times: user=1.84 sys=0.91, real=1.52 secs] 
2020-08-01T02:20:03.519+0800: 12410787.497: [CMS-concurrent-reset-start]
2020-08-01T02:20:03.538+0800: 12410787.516: [CMS-concurrent-reset: 0.020/0.020 secs] [Times: user=0.02 sys=0.01, real=0.02 secs] 
2020-08-01T02:20:05.539+0800: 12410789.517: [GC (CMS Initial Mark) [1 CMS-initial-mark: 3871328K(5472256K)] 4567578K(6209536K), 0.0637478 secs] [Times: user=0.33 sys=0.01, real=0.06 secs] 
2020-08-01T02:20:05.603+0800: 12410789.581: [CMS-concurrent-mark-start]
2020-08-01T02:20:06.796+0800: 12410790.774: [GC (Allocation Failure) 2020-08-01T02:20:06.796+0800: 12410790.774: [ParNew: 728127K->81920K(737280K), 0.1015165 secs] 4599455K->3981227K(6209536K), 0.1017213 secs] [Times: user=0.52 sys=0.00, real=0.10 secs] 
2020-08-01T02:20:08.476+0800: 12410792.454: [CMS-concurrent-mark: 2.765/2.873 secs] [Times: user=6.63 sys=0.86, real=2.87 secs] 
2020-08-01T02:20:08.476+0800: 12410792.454: [CMS-concurrent-preclean-start]
2020-08-01T02:20:08.512+0800: 12410792.490: [CMS-concurrent-preclean: 0.034/0.036 secs] [Times: user=0.04 sys=0.01, real=0.04 secs] 
2020-08-01T02:20:08.512+0800: 12410792.490: [CMS-concurrent-abortable-preclean-start]
 CMS: abort preclean due to time 2020-08-01T02:20:13.826+0800: 12410797.804: [CMS-concurrent-abortable-preclean: 3.812/5.314 secs] [Times: user=4.73 sys=1.53, real=5.31 secs] 
2020-08-01T02:20:13.830+0800: 12410797.808: [GC (CMS Final Remark) [YG occupancy: 279344 K (737280 K)]2020-08-01T02:20:13.830+0800: 12410797.808: [Rescan (parallel) , 0.0188813 secs]2020-08-01T02:20:13.849+0800: 12410797.827: [weak refs processing, 0.0000380 secs]2020-08-01T02:20:13.849+0800: 12410797.827: [class unloading, 0.0175219 secs]2020-08-01T02:20:13.867+0800: 12410797.845: [scrub symbol table, 0.0063434 secs]2020-08-01T02:20:13.873+0800: 12410797.851: [scrub string table, 0.0008754 secs][1 CMS-remark: 3899307K(5472256K)] 4178652K(6209536K), 0.0438691 secs] [Times: user=0.17 sys=0.00, real=0.04 secs] 
2020-08-01T02:20:13.874+0800: 12410797.852: [CMS-concurrent-sweep-start]
2020-08-01T02:20:15.685+0800: 12410799.663: [CMS-concurrent-sweep: 1.811/1.811 secs] [Times: user=1.80 sys=1.05, real=1.81 secs] 
2020-08-01T02:20:15.685+0800: 12410799.663: [CMS-concurrent-reset-start]
2020-08-01T02:20:15.717+0800: 12410799.695: [CMS-concurrent-reset: 0.032/0.032 secs] [Times: user=0.02 sys=0.05, real=0.03 secs] 
2020-08-01T02:20:17.718+0800: 12410801.696: [GC (CMS Initial Mark) [1 CMS-initial-mark: 3899166K(5472256K)] 4247360K(6209536K), 0.0246580 secs] [Times: user=0.16 sys=0.00, real=0.03 secs] 
2020-08-01T02:20:17.743+0800: 12410801.721: [CMS-concurrent-mark-start]
2020-08-01T02:20:20.396+0800: 12410804.374: [CMS-concurrent-mark: 2.653/2.653 secs] [Times: user=5.65 sys=0.85, real=2.65 secs] 
2020-08-01T02:20:20.396+0800: 12410804.374: [CMS-concurrent-preclean-start]
2020-08-01T02:20:20.404+0800: 12410804.382: [CMS-concurrent-preclean: 0.008/0.008 secs] [Times: user=0.00 sys=0.00, real=0.01 secs] 
2020-08-01T02:20:20.404+0800: 12410804.382: [CMS-concurrent-abortable-preclean-start]
 CMS: abort preclean due to time 2020-08-01T02:20:25.472+0800: 12410809.450: [CMS-concurrent-abortable-preclean: 3.667/5.068 secs] [Times: user=4.64 sys=1.60, real=5.07 secs] 
2020-08-01T02:20:25.474+0800: 12410809.452: [GC (CMS Final Remark) [YG occupancy: 598475 K (737280 K)]2020-08-01T02:20:25.474+0800: 12410809.452: [Rescan (parallel) , 0.0641456 secs]2020-08-01T02:20:25.539+0800: 12410809.516: [weak refs processing, 0.0000649 secs]2020-08-01T02:20:25.539+0800: 12410809.516: [class unloading, 0.0187956 secs]2020-08-01T02:20:25.557+0800: 12410809.535: [scrub symbol table, 0.0064546 secs]2020-08-01T02:20:25.564+0800: 12410809.542: [scrub string table, 0.0008638 secs][1 CMS-remark: 3899166K(5472256K)] 4497642K(6209536K), 0.0905224 secs] [Times: user=0.34 sys=0.00, real=0.09 secs] 
2020-08-01T02:20:25.565+0800: 12410809.543: [CMS-concurrent-sweep-start]
2020-08-01T02:20:27.378+0800: 12410811.356: [CMS-concurrent-sweep: 1.813/1.813 secs] [Times: user=2.31 sys=1.63, real=1.81 secs] 
2020-08-01T02:20:27.378+0800: 12410811.356: [CMS-concurrent-reset-start]
2020-08-01T02:20:27.398+0800: 12410811.376: [CMS-concurrent-reset: 0.020/0.020 secs] [Times: user=0.04 sys=0.02, real=0.02 secs] 
2020-08-01T02:20:29.400+0800: 12410813.378: [GC (CMS Initial Mark) [1 CMS-initial-mark: 3895687K(5472256K)] 4592672K(6209536K), 0.0573359 secs] [Times: user=0.30 sys=0.00, real=0.05 secs] 
2020-08-01T02:20:29.457+0800: 12410813.435: [CMS-concurrent-mark-start]
2020-08-01T02:20:31.095+0800: 12410815.073: [GC (Allocation Failure) 2020-08-01T02:20:31.095+0800: 12410815.073: [ParNew: 737280K->81920K(737280K), 0.1129860 secs] 4632967K->4007641K(6209536K), 0.1131850 secs] [Times: user=0.59 sys=0.00, real=0.12 secs] 
2020-08-01T02:20:32.302+0800: 12410816.280: [CMS-concurrent-mark: 2.725/2.845 secs] [Times: user=6.55 sys=0.97, real=2.85 secs] 
2020-08-01T02:20:32.302+0800: 12410816.280: [CMS-concurrent-preclean-start]
2020-08-01T02:20:32.344+0800: 12410816.322: [CMS-concurrent-preclean: 0.040/0.042 secs] [Times: user=0.05 sys=0.01, real=0.04 secs] 
2020-08-01T02:20:32.344+0800: 12410816.322: [CMS-concurrent-abortable-preclean-start]
 CMS: abort preclean due to time 2020-08-01T02:20:37.447+0800: 12410821.424: [CMS-concurrent-abortable-preclean: 3.701/5.102 secs] [Times: user=4.08 sys=0.52, real=5.11 secs] 
2020-08-01T02:20:37.448+0800: 12410821.426: [GC (CMS Final Remark) [YG occupancy: 174695 K (737280 K)]2020-08-01T02:20:37.448+0800: 12410821.426: [Rescan (parallel) , 0.0126614 secs]2020-08-01T02:20:37.461+0800: 12410821.439: [weak refs processing, 0.0000378 secs]2020-08-01T02:20:37.461+0800: 12410821.439: [class unloading, 0.0170922 secs]2020-08-01T02:20:37.478+0800: 12410821.456: [scrub symbol table, 0.0063213 secs]2020-08-01T02:20:37.484+0800: 12410821.462: [scrub string table, 0.0008697 secs][1 CMS-remark: 3925721K(5472256K)] 4100416K(6209536K), 0.0371686 secs] [Times: user=0.12 sys=0.00, real=0.03 secs] 
2020-08-01T02:20:37.486+0800: 12410821.464: [CMS-concurrent-sweep-start]
2020-08-01T02:20:38.958+0800: 12410822.936: [CMS-concurrent-sweep: 1.472/1.472 secs] [Times: user=1.90 sys=0.70, real=1.47 secs] 
2020-08-01T02:20:38.958+0800: 12410822.936: [CMS-concurrent-reset-start]
2020-08-01T02:20:38.977+0800: 12410822.955: [CMS-concurrent-reset: 0.019/0.019 secs] [Times: user=0.03 sys=0.00, real=0.02 secs] 
2020-08-01T02:20:40.978+0800: 12410824.955: [GC (CMS Initial Mark) [1 CMS-initial-mark: 3925557K(5472256K)] 4214290K(6209536K), 0.0165650 secs] [Times: user=0.12 sys=0.00, real=0.02 secs] 
2020-08-01T02:20:40.994+0800: 12410824.972: [CMS-concurrent-mark-start]
2020-08-01T02:20:43.393+0800: 12410827.371: [CMS-concurrent-mark: 2.399/2.399 secs] [Times: user=5.23 sys=0.10, real=2.40 secs] 
2020-08-01T02:20:43.394+0800: 12410827.371: [CMS-concurrent-preclean-start]
2020-08-01T02:20:43.401+0800: 12410827.379: [CMS-concurrent-preclean: 0.008/0.008 secs] [Times: user=0.01 sys=0.00, real=0.01 secs] 
2020-08-01T02:20:43.401+0800: 12410827.379: [CMS-concurrent-abortable-preclean-start]
 CMS: abort preclean due to time 2020-08-01T02:20:48.561+0800: 12410832.538: [CMS-concurrent-abortable-preclean: 4.156/5.159 secs] [Times: user=4.81 sys=1.76, real=5.16 secs] 
2020-08-01T02:20:48.562+0800: 12410832.540: [GC (CMS Final Remark) [YG occupancy: 480494 K (737280 K)]2020-08-01T02:20:48.562+0800: 12410832.540: [Rescan (parallel) , 0.0484031 secs]2020-08-01T02:20:48.611+0800: 12410832.589: [weak refs processing, 0.0000628 secs]2020-08-01T02:20:48.611+0800: 12410832.589: [class unloading, 0.0171544 secs]2020-08-01T02:20:48.628+0800: 12410832.606: [scrub symbol table, 0.0061284 secs]2020-08-01T02:20:48.634+0800: 12410832.612: [scrub string table, 0.0008680 secs][1 CMS-remark: 3925557K(5472256K)] 4406052K(6209536K), 0.0727811 secs] [Times: user=0.33 sys=0.00, real=0.07 secs] 
2020-08-01T02:20:48.635+0800: 12410832.613: [CMS-concurrent-sweep-start]
2020-08-01T02:20:50.535+0800: 12410834.513: [CMS-concurrent-sweep: 1.898/1.900 secs] [Times: user=2.17 sys=0.44, real=1.90 secs] 
2020-08-01T02:20:50.535+0800: 12410834.513: [CMS-concurrent-reset-start]
2020-08-01T02:20:50.558+0800: 12410834.536: [CMS-concurrent-reset: 0.023/0.023 secs] [Times: user=0.03 sys=0.02, real=0.02 secs] 
2020-08-01T02:20:52.559+0800: 12410836.536: [GC (CMS Initial Mark) [1 CMS-initial-mark: 3923780K(5472256K)] 4502081K(6209536K), 0.0336703 secs] [Times: user=0.23 sys=0.00, real=0.03 secs] 
2020-08-01T02:20:52.592+0800: 12410836.570: [CMS-concurrent-mark-start]
2020-08-01T02:20:55.334+0800: 12410839.312: [CMS-concurrent-mark: 2.739/2.742 secs] [Times: user=6.24 sys=0.90, real=2.74 secs] 
2020-08-01T02:20:55.334+0800: 12410839.312: [CMS-concurrent-preclean-start]
2020-08-01T02:20:55.342+0800: 12410839.320: [CMS-concurrent-preclean: 0.008/0.008 secs] [Times: user=0.01 sys=0.00, real=0.01 secs] 
2020-08-01T02:20:55.342+0800: 12410839.320: [CMS-concurrent-abortable-preclean-start]
2020-08-01T02:20:58.619+0800: 12410842.597: [GC (Allocation Failure) 2020-08-01T02:20:58.619+0800: 12410842.597: [ParNew: 737280K->81920K(737280K), 0.1000364 secs] 4661060K->4034288K(6209536K), 0.1002495 secs] [Times: user=0.59 sys=0.00, real=0.10 secs] 
 CMS: abort preclean due to time 2020-08-01T02:21:00.481+0800: 12410844.459: [CMS-concurrent-abortable-preclean: 4.035/5.139 secs] [Times: user=5.45 sys=2.13, real=5.14 secs] 
2020-08-01T02:21:00.483+0800: 12410844.461: [GC (CMS Final Remark) [YG occupancy: 124310 K (737280 K)]2020-08-01T02:21:00.483+0800: 12410844.461: [Rescan (parallel) , 0.0142172 secs]2020-08-01T02:21:00.497+0800: 12410844.475: [weak refs processing, 0.0000380 secs]2020-08-01T02:21:00.497+0800: 12410844.475: [class unloading, 0.0181932 secs]2020-08-01T02:21:00.516+0800: 12410844.494: [scrub symbol table, 0.0067549 secs]2020-08-01T02:21:00.522+0800: 12410844.500: [scrub string table, 0.0009216 secs][1 CMS-remark: 3952368K(5472256K)] 4076679K(6209536K), 0.0403209 secs] [Times: user=0.11 sys=0.01, real=0.04 secs] 
2020-08-01T02:21:00.524+0800: 12410844.502: [CMS-concurrent-sweep-start]
2020-08-01T02:21:05.006+0800: 12410848.984: [CMS-concurrent-sweep: 4.482/4.482 secs] [Times: user=2.15 sys=0.98, real=4.48 secs] 
2020-08-01T02:21:05.006+0800: 12410848.984: [CMS-concurrent-reset-start]
2020-08-01T02:21:05.027+0800: 12410849.005: [CMS-concurrent-reset: 0.021/0.021 secs] [Times: user=0.03 sys=0.02, real=0.03 secs] 
2020-08-01T02:21:07.029+0800: 12410851.007: [GC (CMS Initial Mark) [1 CMS-initial-mark: 3952367K(5472256K)] 4173995K(6209536K), 0.0193335 secs] [Times: user=0.11 sys=0.00, real=0.02 secs] 
2020-08-01T02:21:07.048+0800: 12410851.026: [CMS-concurrent-mark-start]
2020-08-01T02:21:09.984+0800: 12410853.962: [CMS-concurrent-mark: 2.936/2.936 secs] [Times: user=6.48 sys=1.05, real=2.93 secs] 
2020-08-01T02:21:09.984+0800: 12410853.962: [CMS-concurrent-preclean-start]
2020-08-01T02:21:09.993+0800: 12410853.971: [CMS-concurrent-preclean: 0.008/0.009 secs] [Times: user=0.01 sys=0.01, real=0.01 secs] 
2020-08-01T02:21:09.993+0800: 12410853.971: [CMS-concurrent-abortable-preclean-start]
 CMS: abort preclean due to time 2020-08-01T02:21:15.068+0800: 12410859.046: [CMS-concurrent-abortable-preclean: 4.174/5.075 secs] [Times: user=5.17 sys=2.54, real=5.08 secs] 
2020-08-01T02:21:15.070+0800: 12410859.048: [GC (CMS Final Remark) [YG occupancy: 396277 K (737280 K)]2020-08-01T02:21:15.070+0800: 12410859.048: [Rescan (parallel) , 0.0397687 secs]2020-08-01T02:21:15.110+0800: 12410859.088: [weak refs processing, 0.0000590 secs]2020-08-01T02:21:15.110+0800: 12410859.088: [class unloading, 0.0171102 secs]2020-08-01T02:21:15.127+0800: 12410859.105: [scrub symbol table, 0.0062767 secs]2020-08-01T02:21:15.133+0800: 12410859.111: [scrub string table, 0.0008571 secs][1 CMS-remark: 3952367K(5472256K)] 4348644K(6209536K), 0.0642546 secs] [Times: user=0.26 sys=0.00, real=0.06 secs] 
2020-08-01T02:21:15.135+0800: 12410859.112: [CMS-concurrent-sweep-start]
2020-08-01T02:21:17.060+0800: 12410861.038: [CMS-concurrent-sweep: 1.925/1.925 secs] [Times: user=1.96 sys=0.87, real=1.93 secs] 
2020-08-01T02:21:17.060+0800: 12410861.038: [CMS-concurrent-reset-start]
2020-08-01T02:21:17.080+0800: 12410861.058: [CMS-concurrent-reset: 0.020/0.020 secs] [Times: user=0.02 sys=0.00, real=0.02 secs] 
2020-08-01T02:21:19.080+0800: 12410863.058: [GC (CMS Initial Mark) [1 CMS-initial-mark: 3950461K(5472256K)] 4373701K(6209536K), 0.0322080 secs] [Times: user=0.21 sys=0.00, real=0.03 secs] 
2020-08-01T02:21:19.113+0800: 12410863.091: [CMS-concurrent-mark-start]
2020-08-01T02:21:22.055+0800: 12410866.033: [CMS-concurrent-mark: 2.942/2.942 secs] [Times: user=6.62 sys=1.82, real=2.94 secs] 
2020-08-01T02:21:22.055+0800: 12410866.033: [CMS-concurrent-preclean-start]
2020-08-01T02:21:22.066+0800: 12410866.044: [CMS-concurrent-preclean: 0.011/0.011 secs] [Times: user=0.02 sys=0.02, real=0.01 secs] 
2020-08-01T02:21:22.066+0800: 12410866.044: [CMS-concurrent-abortable-preclean-start]
 CMS: abort preclean due to time 2020-08-01T02:21:27.388+0800: 12410871.366: [CMS-concurrent-abortable-preclean: 4.120/5.321 secs] [Times: user=5.23 sys=2.16, real=5.33 secs] 
2020-08-01T02:21:27.389+0800: 12410871.367: [GC (CMS Final Remark) [YG occupancy: 657268 K (737280 K)]2020-08-01T02:21:27.389+0800: 12410871.367: [Rescan (parallel) , 0.0465419 secs]2020-08-01T02:21:27.436+0800: 12410871.414: [weak refs processing, 0.0000360 secs]2020-08-01T02:21:27.436+0800: 12410871.414: [class unloading, 0.0170191 secs]2020-08-01T02:21:27.453+0800: 12410871.431: [scrub symbol table, 0.0061629 secs]2020-08-01T02:21:27.459+0800: 12410871.437: [scrub string table, 0.0008605 secs][1 CMS-remark: 3950461K(5472256K)] 4607729K(6209536K), 0.0708022 secs] [Times: user=0.39 sys=0.00, real=0.07 secs] 
2020-08-01T02:21:27.460+0800: 12410871.438: [CMS-concurrent-sweep-start]
2020-08-01T02:21:28.929+0800: 12410872.907: [CMS-concurrent-sweep: 1.459/1.469 secs] [Times: user=1.70 sys=0.22, real=1.47 secs] 
2020-08-01T02:21:28.930+0800: 12410872.907: [CMS-concurrent-reset-start]
2020-08-01T02:21:28.948+0800: 12410872.926: [CMS-concurrent-reset: 0.018/0.018 secs] [Times: user=0.02 sys=0.00, real=0.02 secs] 
2020-08-01T02:21:30.806+0800: 12410874.784: [GC (Allocation Failure) 2020-08-01T02:21:30.806+0800: 12410874.784: [ParNew: 737280K->81920K(737280K), 0.1125568 secs] 4687611K->4066359K(6209536K), 0.1127970 secs] [Times: user=0.61 sys=0.00, real=0.12 secs] 
2020-08-01T02:21:30.921+0800: 12410874.898: [GC (CMS Initial Mark) [1 CMS-initial-mark: 3984439K(5472256K)] 4066449K(6209536K), 0.0108246 secs] [Times: user=0.04 sys=0.00, real=0.01 secs] 
2020-08-01T02:21:30.932+0800: 12410874.910: [CMS-concurrent-mark-start]
2020-08-01T02:21:34.718+0800: 12410878.695: [CMS-concurrent-mark: 3.781/3.786 secs] [Times: user=7.97 sys=0.49, real=3.78 secs] 
2020-08-01T02:21:34.718+0800: 12410878.695: [CMS-concurrent-preclean-start]
2020-08-01T02:21:34.726+0800: 12410878.704: [CMS-concurrent-preclean: 0.008/0.008 secs] [Times: user=0.00 sys=0.02, real=0.01 secs] 
2020-08-01T02:21:34.726+0800: 12410878.704: [CMS-concurrent-abortable-preclean-start]
 CMS: abort preclean due to time 2020-08-01T02:21:39.911+0800: 12410883.889: [CMS-concurrent-abortable-preclean: 3.984/5.185 secs] [Times: user=4.79 sys=1.77, real=5.19 secs] 
2020-08-01T02:21:39.912+0800: 12410883.890: [GC (CMS Final Remark) [YG occupancy: 213955 K (737280 K)]2020-08-01T02:21:39.912+0800: 12410883.890: [Rescan (parallel) , 0.0233854 secs]2020-08-01T02:21:39.936+0800: 12410883.914: [weak refs processing, 0.0000488 secs]2020-08-01T02:21:39.936+0800: 12410883.914: [class unloading, 0.0172514 secs]2020-08-01T02:21:39.953+0800: 12410883.931: [scrub symbol table, 0.0061481 secs]2020-08-01T02:21:39.959+0800: 12410883.937: [scrub string table, 0.0008406 secs][1 CMS-remark: 3984439K(5472256K)] 4198395K(6209536K), 0.0478478 secs] [Times: user=0.19 sys=0.00, real=0.05 secs] 
2020-08-01T02:21:39.960+0800: 12410883.938: [CMS-concurrent-sweep-start]
2020-08-01T02:21:41.458+0800: 12410885.436: [CMS-concurrent-sweep: 1.497/1.497 secs] [Times: user=1.77 sys=0.11, real=1.49 secs] 
2020-08-01T02:21:41.458+0800: 12410885.436: [CMS-concurrent-reset-start]
2020-08-01T02:21:41.477+0800: 12410885.455: [CMS-concurrent-reset: 0.019/0.019 secs] [Times: user=0.02 sys=0.00, real=0.02 secs] 
2020-08-01T02:21:43.478+0800: 12410887.456: [GC (CMS Initial Mark) [1 CMS-initial-mark: 3984105K(5472256K)] 4308789K(6209536K), 0.0196800 secs] [Times: user=0.15 sys=0.00, real=0.02 secs] 
2020-08-01T02:21:43.498+0800: 12410887.476: [CMS-concurrent-mark-start]
2020-08-01T02:21:45.999+0800: 12410889.977: [CMS-concurrent-mark: 2.501/2.501 secs] [Times: user=5.60 sys=0.62, real=2.51 secs] 
2020-08-01T02:21:45.999+0800: 12410889.977: [CMS-concurrent-preclean-start]
2020-08-01T02:21:46.009+0800: 12410889.987: [CMS-concurrent-preclean: 0.010/0.010 secs] [Times: user=0.01 sys=0.02, real=0.01 secs] 
2020-08-01T02:21:46.009+0800: 12410889.987: [CMS-concurrent-abortable-preclean-start]
 CMS: abort preclean due to time 2020-08-01T02:21:51.257+0800: 12410895.235: [CMS-concurrent-abortable-preclean: 4.247/5.248 secs] [Times: user=5.25 sys=1.31, real=5.24 secs] 
2020-08-01T02:21:51.259+0800: 12410895.237: [GC (CMS Final Remark) [YG occupancy: 566659 K (737280 K)]2020-08-01T02:21:51.259+0800: 12410895.237: [Rescan (parallel) , 0.0745145 secs]2020-08-01T02:21:51.334+0800: 12410895.312: [weak refs processing, 0.0000399 secs]2020-08-01T02:21:51.334+0800: 12410895.312: [class unloading, 0.0177844 secs]2020-08-01T02:21:51.352+0800: 12410895.330: [scrub symbol table, 0.0061741 secs]2020-08-01T02:21:51.358+0800: 12410895.336: [scrub string table, 0.0009092 secs][1 CMS-remark: 3984105K(5472256K)] 4550765K(6209536K), 0.0996070 secs] [Times: user=0.41 sys=0.01, real=0.10 secs] 
2020-08-01T02:21:51.359+0800: 12410895.337: [CMS-concurrent-sweep-start]
2020-08-01T02:21:52.919+0800: 12410896.897: [CMS-concurrent-sweep: 1.560/1.560 secs] [Times: user=1.94 sys=0.73, real=1.56 secs] 
2020-08-01T02:21:52.919+0800: 12410896.897: [CMS-concurrent-reset-start]
2020-08-01T02:21:52.938+0800: 12410896.916: [CMS-concurrent-reset: 0.019/0.019 secs] [Times: user=0.02 sys=0.01, real=0.01 secs] 
2020-08-01T02:21:54.939+0800: 12410898.917: [GC (CMS Initial Mark) [1 CMS-initial-mark: 3981861K(5472256K)] 4682597K(6209536K), 0.0424089 secs] [Times: user=0.32 sys=0.00, real=0.04 secs] 
2020-08-01T02:21:54.982+0800: 12410898.960: [CMS-concurrent-mark-start]
2020-08-01T02:21:57.157+0800: 12410901.135: [GC (Allocation Failure) 2020-08-01T02:21:57.157+0800: 12410901.135: [ParNew: 737280K->81920K(737280K), 0.0945794 secs] 4719141K->4097633K(6209536K), 0.0947944 secs] [Times: user=0.55 sys=0.00, real=0.10 secs] 
2020-08-01T02:21:57.745+0800: 12410901.723: [CMS-concurrent-mark: 2.666/2.763 secs] [Times: user=6.32 sys=0.90, real=2.76 secs] 
2020-08-01T02:21:57.745+0800: 12410901.723: [CMS-concurrent-preclean-start]
2020-08-01T02:21:57.782+0800: 12410901.759: [CMS-concurrent-preclean: 0.035/0.036 secs] [Times: user=0.04 sys=0.00, real=0.04 secs] 
2020-08-01T02:21:57.782+0800: 12410901.759: [CMS-concurrent-abortable-preclean-start]
 CMS: abort preclean due to time 2020-08-01T02:22:02.927+0800: 12410906.905: [CMS-concurrent-abortable-preclean: 3.944/5.145 secs] [Times: user=5.01 sys=1.76, real=5.15 secs] 
2020-08-01T02:22:02.929+0800: 12410906.906: [GC (CMS Final Remark) [YG occupancy: 257181 K (737280 K)]2020-08-01T02:22:02.929+0800: 12410906.907: [Rescan (parallel) , 0.0228944 secs]2020-08-01T02:22:02.952+0800: 12410906.929: [weak refs processing, 0.0000377 secs]2020-08-01T02:22:02.952+0800: 12410906.930: [class unloading, 0.0179704 secs]2020-08-01T02:22:02.970+0800: 12410906.948: [scrub symbol table, 0.0062476 secs]2020-08-01T02:22:02.976+0800: 12410906.954: [scrub string table, 0.0008985 secs][1 CMS-remark: 4015713K(5472256K)] 4272895K(6209536K), 0.0482232 secs] [Times: user=0.18 sys=0.00, real=0.04 secs] 
2020-08-01T02:22:02.977+0800: 12410906.955: [CMS-concurrent-sweep-start]
2020-08-01T02:22:04.486+0800: 12410908.464: [CMS-concurrent-sweep: 1.509/1.509 secs] [Times: user=1.76 sys=0.28, real=1.51 secs] 
2020-08-01T02:22:04.486+0800: 12410908.464: [CMS-concurrent-reset-start]
2020-08-01T02:22:04.507+0800: 12410908.485: [CMS-concurrent-reset: 0.021/0.021 secs] [Times: user=0.03 sys=0.01, real=0.03 secs] 
2020-08-01T02:22:06.508+0800: 12410910.486: [GC (CMS Initial Mark) [1 CMS-initial-mark: 4015710K(5472256K)] 4354410K(6209536K), 0.0236904 secs] [Times: user=0.13 sys=0.00, real=0.02 secs] 
2020-08-01T02:22:06.532+0800: 12410910.510: [CMS-concurrent-mark-start]
2020-08-01T02:22:09.290+0800: 12410913.268: [CMS-concurrent-mark: 2.758/2.758 secs] [Times: user=5.99 sys=0.34, real=2.76 secs] 
2020-08-01T02:22:09.290+0800: 12410913.268: [CMS-concurrent-preclean-start]
2020-08-01T02:22:09.298+0800: 12410913.276: [CMS-concurrent-preclean: 0.008/0.008 secs] [Times: user=0.02 sys=0.00, real=0.00 secs] 
2020-08-01T02:22:09.298+0800: 12410913.276: [CMS-concurrent-abortable-preclean-start]
 CMS: abort preclean due to time 2020-08-01T02:22:14.323+0800: 12410918.301: [CMS-concurrent-abortable-preclean: 4.224/5.025 secs] [Times: user=5.24 sys=1.76, real=5.03 secs] 
2020-08-01T02:22:14.325+0800: 12410918.302: [GC (CMS Final Remark) [YG occupancy: 539951 K (737280 K)]2020-08-01T02:22:14.325+0800: 12410918.303: [Rescan (parallel) , 0.0415627 secs]2020-08-01T02:22:14.366+0800: 12410918.344: [weak refs processing, 0.0000540 secs]2020-08-01T02:22:14.366+0800: 12410918.344: [class unloading, 0.0178508 secs]2020-08-01T02:22:14.384+0800: 12410918.362: [scrub symbol table, 0.0070883 secs]2020-08-01T02:22:14.391+0800: 12410918.369: [scrub string table, 0.0008421 secs][1 CMS-remark: 4015710K(5472256K)] 4555662K(6209536K), 0.0675634 secs] [Times: user=0.31 sys=0.00, real=0.07 secs] 
2020-08-01T02:22:14.392+0800: 12410918.370: [CMS-concurrent-sweep-start]
2020-08-01T02:22:16.119+0800: 12410920.096: [CMS-concurrent-sweep: 1.726/1.726 secs] [Times: user=2.24 sys=1.62, real=1.73 secs] 
2020-08-01T02:22:16.119+0800: 12410920.097: [CMS-concurrent-reset-start]
2020-08-01T02:22:16.140+0800: 12410920.118: [CMS-concurrent-reset: 0.021/0.021 secs] [Times: user=0.02 sys=0.01, real=0.02 secs] 
2020-08-01T02:22:18.142+0800: 12410922.119: [GC (CMS Initial Mark) [1 CMS-initial-mark: 4013515K(5472256K)] 4636134K(6209536K), 0.0369217 secs] [Times: user=0.28 sys=0.00, real=0.04 secs] 
2020-08-01T02:22:18.179+0800: 12410922.157: [CMS-concurrent-mark-start]
2020-08-01T02:22:20.781+0800: 12410924.759: [CMS-concurrent-mark: 2.603/2.603 secs] [Times: user=5.83 sys=1.06, real=2.60 secs] 
2020-08-01T02:22:20.781+0800: 12410924.759: [CMS-concurrent-preclean-start]
2020-08-01T02:22:20.790+0800: 12410924.767: [CMS-concurrent-preclean: 0.008/0.008 secs] [Times: user=0.01 sys=0.00, real=0.01 secs] 
2020-08-01T02:22:20.790+0800: 12410924.767: [CMS-concurrent-abortable-preclean-start]
2020-08-01T02:22:22.142+0800: 12410926.120: [GC (Allocation Failure) 2020-08-01T02:22:22.142+0800: 12410926.120: [ParNew: 737280K->81920K(737280K), 0.0953617 secs] 4750795K->4125272K(6209536K), 0.0955555 secs] [Times: user=0.61 sys=0.00, real=0.09 secs] 
 CMS: abort preclean due to time 2020-08-01T02:22:25.979+0800: 12410929.957: [CMS-concurrent-abortable-preclean: 4.084/5.189 secs] [Times: user=5.30 sys=1.34, real=5.19 secs] 
2020-08-01T02:22:25.980+0800: 12410929.958: [GC (CMS Final Remark) [YG occupancy: 125047 K (737280 K)]2020-08-01T02:22:25.980+0800: 12410929.958: [Rescan (parallel) , 0.0105186 secs]2020-08-01T02:22:25.991+0800: 12410929.969: [weak refs processing, 0.0000360 secs]2020-08-01T02:22:25.991+0800: 12410929.969: [class unloading, 0.0168468 secs]2020-08-01T02:22:26.008+0800: 12410929.986: [scrub symbol table, 0.0074565 secs]2020-08-01T02:22:26.015+0800: 12410929.993: [scrub string table, 0.0014184 secs][1 CMS-remark: 4043352K(5472256K)] 4168400K(6209536K), 0.0364372 secs] [Times: user=0.11 sys=0.00, real=0.03 secs] 
2020-08-01T02:22:26.017+0800: 12410929.995: [CMS-concurrent-sweep-start]
2020-08-01T02:22:27.589+0800: 12410931.567: [CMS-concurrent-sweep: 1.572/1.572 secs] [Times: user=2.03 sys=0.66, real=1.58 secs] 
2020-08-01T02:22:27.589+0800: 12410931.567: [CMS-concurrent-reset-start]
2020-08-01T02:22:27.609+0800: 12410931.586: [CMS-concurrent-reset: 0.019/0.019 secs] [Times: user=0.02 sys=0.00, real=0.02 secs] 
2020-08-01T02:22:29.610+0800: 12410933.588: [GC (CMS Initial Mark) [1 CMS-initial-mark: 4043350K(5472256K)] 4302448K(6209536K), 0.0162401 secs] [Times: user=0.12 sys=0.00, real=0.01 secs] 
2020-08-01T02:22:29.627+0800: 12410933.604: [CMS-concurrent-mark-start]
2020-08-01T02:22:32.250+0800: 12410936.228: [CMS-concurrent-mark: 2.623/2.623 secs] [Times: user=5.86 sys=0.86, real=2.62 secs] 
2020-08-01T02:22:32.250+0800: 12410936.228: [CMS-concurrent-preclean-start]
2020-08-01T02:22:32.258+0800: 12410936.236: [CMS-concurrent-preclean: 0.008/0.008 secs] [Times: user=0.01 sys=0.00, real=0.00 secs] 
2020-08-01T02:22:32.258+0800: 12410936.236: [CMS-concurrent-abortable-preclean-start]
 CMS: abort preclean due to time 2020-08-01T02:22:37.481+0800: 12410941.459: [CMS-concurrent-abortable-preclean: 4.222/5.223 secs] [Times: user=5.30 sys=1.99, real=5.23 secs] 
2020-08-01T02:22:37.483+0800: 12410941.460: [GC (CMS Final Remark) [YG occupancy: 507686 K (737280 K)]2020-08-01T02:22:37.483+0800: 12410941.461: [Rescan (parallel) , 0.0335466 secs]2020-08-01T02:22:37.516+0800: 12410941.494: [weak refs processing, 0.0000468 secs]2020-08-01T02:22:37.516+0800: 12410941.494: [class unloading, 0.0175113 secs]2020-08-01T02:22:37.534+0800: 12410941.512: [scrub symbol table, 0.0061791 secs]2020-08-01T02:22:37.540+0800: 12410941.518: [scrub string table, 0.0008514 secs][1 CMS-remark: 4043350K(5472256K)] 4551037K(6209536K), 0.0583052 secs] [Times: user=0.29 sys=0.00, real=0.06 secs] 
2020-08-01T02:22:37.541+0800: 12410941.519: [CMS-concurrent-sweep-start]
2020-08-01T02:22:39.141+0800: 12410943.119: [CMS-concurrent-sweep: 1.600/1.600 secs] [Times: user=1.99 sys=0.75, real=1.60 secs] 
2020-08-01T02:22:39.141+0800: 12410943.119: [CMS-concurrent-reset-start]
2020-08-01T02:22:39.160+0800: 12410943.138: [CMS-concurrent-reset: 0.019/0.019 secs] [Times: user=0.02 sys=0.01, real=0.02 secs] 
2020-08-01T02:22:41.161+0800: 12410945.139: [GC (CMS Initial Mark) [1 CMS-initial-mark: 4041022K(5472256K)] 4672164K(6209536K), 0.0377997 secs] [Times: user=0.28 sys=0.00, real=0.04 secs] 
2020-08-01T02:22:41.199+0800: 12410945.177: [CMS-concurrent-mark-start]
2020-08-01T02:22:43.893+0800: 12410947.871: [CMS-concurrent-mark: 2.694/2.694 secs] [Times: user=5.94 sys=0.54, real=2.69 secs] 
2020-08-01T02:22:43.893+0800: 12410947.871: [CMS-concurrent-preclean-start]
2020-08-01T02:22:43.904+0800: 12410947.882: [CMS-concurrent-preclean: 0.011/0.011 secs] [Times: user=0.02 sys=0.00, real=0.01 secs] 
2020-08-01T02:22:43.904+0800: 12410947.882: [CMS-concurrent-abortable-preclean-start]
2020-08-01T02:22:47.030+0800: 12410951.008: [GC (Allocation Failure) 2020-08-01T02:22:47.030+0800: 12410951.008: [ParNew: 737280K->81920K(737280K), 0.0946287 secs] 4778302K->4157828K(6209536K), 0.0948418 secs] [Times: user=0.62 sys=0.00, real=0.09 secs] 
 CMS: abort preclean due to time 2020-08-01T02:22:49.169+0800: 12410953.147: [CMS-concurrent-abortable-preclean: 4.264/5.265 secs] [Times: user=5.64 sys=1.04, real=5.27 secs] 
2020-08-01T02:22:49.171+0800: 12410953.149: [GC (CMS Final Remark) [YG occupancy: 144675 K (737280 K)]2020-08-01T02:22:49.171+0800: 12410953.149: [Rescan (parallel) , 0.0140059 secs]2020-08-01T02:22:49.185+0800: 12410953.163: [weak refs processing, 0.0000479 secs]2020-08-01T02:22:49.185+0800: 12410953.163: [class unloading, 0.0177329 secs]2020-08-01T02:22:49.203+0800: 12410953.180: [scrub symbol table, 0.0061896 secs]2020-08-01T02:22:49.209+0800: 12410953.187: [scrub string table, 0.0008761 secs][1 CMS-remark: 4075908K(5472256K)] 4220583K(6209536K), 0.0390447 secs] [Times: user=0.12 sys=0.01, real=0.04 secs] 
2020-08-01T02:22:49.210+0800: 12410953.188: [CMS-concurrent-sweep-start]
2020-08-01T02:22:50.729+0800: 12410954.707: [CMS-concurrent-sweep: 1.519/1.519 secs] [Times: user=1.84 sys=0.24, real=1.52 secs] 
2020-08-01T02:22:50.729+0800: 12410954.707: [CMS-concurrent-reset-start]
2020-08-01T02:22:50.748+0800: 12410954.726: [CMS-concurrent-reset: 0.019/0.019 secs] [Times: user=0.03 sys=0.03, real=0.02 secs] 
2020-08-01T02:22:52.749+0800: 12410956.727: [GC (CMS Initial Mark) [1 CMS-initial-mark: 4075775K(5472256K)] 4356028K(6209536K), 0.0183093 secs] [Times: user=0.13 sys=0.00, real=0.02 secs] 
2020-08-01T02:22:52.767+0800: 12410956.745: [CMS-concurrent-mark-start]
2020-08-01T02:22:55.459+0800: 12410959.437: [CMS-concurrent-mark: 2.692/2.692 secs] [Times: user=6.07 sys=1.22, real=2.69 secs] 
2020-08-01T02:22:55.459+0800: 12410959.437: [CMS-concurrent-preclean-start]
2020-08-01T02:22:55.469+0800: 12410959.447: [CMS-concurrent-preclean: 0.010/0.010 secs] [Times: user=0.01 sys=0.00, real=0.01 secs] 
2020-08-01T02:22:55.469+0800: 12410959.447: [CMS-concurrent-abortable-preclean-start]
 CMS: abort preclean due to time 2020-08-01T02:23:00.769+0800: 12410964.747: [CMS-concurrent-abortable-preclean: 4.299/5.300 secs] [Times: user=4.99 sys=1.40, real=5.30 secs] 
2020-08-01T02:23:00.771+0800: 12410964.749: [GC (CMS Final Remark) [YG occupancy: 459013 K (737280 K)]2020-08-01T02:23:00.771+0800: 12410964.749: [Rescan (parallel) , 0.0396302 secs]2020-08-01T02:23:00.811+0800: 12410964.789: [weak refs processing, 0.0000571 secs]2020-08-01T02:23:00.811+0800: 12410964.789: [class unloading, 0.0192096 secs]2020-08-01T02:23:00.830+0800: 12410964.808: [scrub symbol table, 0.0069364 secs]2020-08-01T02:23:00.837+0800: 12410964.815: [scrub string table, 0.0008965 secs][1 CMS-remark: 4075775K(5472256K)] 4534788K(6209536K), 0.0669599 secs] [Times: user=0.27 sys=0.00, real=0.06 secs] 
2020-08-01T02:23:00.839+0800: 12410964.817: [CMS-concurrent-sweep-start]
2020-08-01T02:23:02.572+0800: 12410966.549: [CMS-concurrent-sweep: 1.732/1.732 secs] [Times: user=2.05 sys=0.96, real=1.73 secs] 
2020-08-01T02:23:02.572+0800: 12410966.550: [CMS-concurrent-reset-start]
2020-08-01T02:23:02.590+0800: 12410966.568: [CMS-concurrent-reset: 0.018/0.018 secs] [Times: user=0.02 sys=0.00, real=0.02 secs] 
2020-08-01T02:23:04.591+0800: 12410968.569: [GC (CMS Initial Mark) [1 CMS-initial-mark: 4073417K(5472256K)] 4616086K(6209536K), 0.0349963 secs] [Times: user=0.24 sys=0.00, real=0.03 secs] 
2020-08-01T02:23:04.626+0800: 12410968.604: [CMS-concurrent-mark-start]
2020-08-01T02:23:08.231+0800: 12410972.209: [CMS-concurrent-mark: 3.605/3.605 secs] [Times: user=8.15 sys=2.34, real=3.61 secs] 
2020-08-01T02:23:08.231+0800: 12410972.209: [CMS-concurrent-preclean-start]
2020-08-01T02:23:08.244+0800: 12410972.222: [CMS-concurrent-preclean: 0.012/0.013 secs] [Times: user=0.01 sys=0.01, real=0.01 secs] 
2020-08-01T02:23:08.244+0800: 12410972.222: [CMS-concurrent-abortable-preclean-start]
 CMS: abort preclean due to time 2020-08-01T02:23:13.354+0800: 12410977.331: [CMS-concurrent-abortable-preclean: 4.108/5.109 secs] [Times: user=4.50 sys=1.26, real=5.11 secs] 
2020-08-01T02:23:13.355+0800: 12410977.333: [GC (CMS Final Remark) [YG occupancy: 640356 K (737280 K)]2020-08-01T02:23:13.355+0800: 12410977.333: [Rescan (parallel) , 0.0442576 secs]2020-08-01T02:23:13.400+0800: 12410977.377: [weak refs processing, 0.0000372 secs]2020-08-01T02:23:13.400+0800: 12410977.377: [class unloading, 0.0175143 secs]2020-08-01T02:23:13.417+0800: 12410977.395: [scrub symbol table, 0.0062591 secs]2020-08-01T02:23:13.423+0800: 12410977.401: [scrub string table, 0.0008704 secs][1 CMS-remark: 4073417K(5472256K)] 4713774K(6209536K), 0.0691324 secs] [Times: user=0.37 sys=0.00, real=0.07 secs] 
2020-08-01T02:23:13.425+0800: 12410977.402: [CMS-concurrent-sweep-start]
2020-08-01T02:23:15.304+0800: 12410979.282: [CMS-concurrent-sweep: 1.880/1.880 secs] [Times: user=2.39 sys=1.59, real=1.88 secs] 
2020-08-01T02:23:15.304+0800: 12410979.282: [CMS-concurrent-reset-start]
2020-08-01T02:23:15.323+0800: 12410979.301: [CMS-concurrent-reset: 0.018/0.018 secs] [Times: user=0.02 sys=0.01, real=0.02 secs] 
2020-08-01T02:23:16.437+0800: 12410980.415: [GC (Allocation Failure) 2020-08-01T02:23:16.437+0800: 12410980.415: [ParNew: 737280K->80405K(737280K), 0.0838903 secs] 4810693K->4184290K(6209536K), 0.0840919 secs] [Times: user=0.52 sys=0.00, real=0.09 secs] 
2020-08-01T02:23:16.523+0800: 12410980.501: [GC (CMS Initial Mark) [1 CMS-initial-mark: 4103885K(5472256K)] 4184393K(6209536K), 0.0082443 secs] [Times: user=0.04 sys=0.00, real=0.01 secs] 
2020-08-01T02:23:16.532+0800: 12410980.509: [CMS-concurrent-mark-start]
2020-08-01T02:23:20.463+0800: 12410984.441: [CMS-concurrent-mark: 3.932/3.932 secs] [Times: user=8.84 sys=2.10, real=3.93 secs] 
2020-08-01T02:23:20.463+0800: 12410984.441: [CMS-concurrent-preclean-start]
2020-08-01T02:23:20.471+0800: 12410984.449: [CMS-concurrent-preclean: 0.008/0.008 secs] [Times: user=0.01 sys=0.01, real=0.01 secs] 
2020-08-01T02:23:20.471+0800: 12410984.449: [CMS-concurrent-abortable-preclean-start]
 CMS: abort preclean due to time 2020-08-01T02:23:25.739+0800: 12410989.716: [CMS-concurrent-abortable-preclean: 3.963/5.267 secs] [Times: user=4.61 sys=0.51, real=5.27 secs] 
2020-08-01T02:23:25.740+0800: 12410989.718: [GC (CMS Final Remark) [YG occupancy: 320812 K (737280 K)]2020-08-01T02:23:25.740+0800: 12410989.718: [Rescan (parallel) , 0.0211063 secs]2020-08-01T02:23:25.761+0800: 12410989.739: [weak refs processing, 0.0000437 secs]2020-08-01T02:23:25.762+0800: 12410989.739: [class unloading, 0.0173914 secs]2020-08-01T02:23:25.779+0800: 12410989.757: [scrub symbol table, 0.0062267 secs]2020-08-01T02:23:25.785+0800: 12410989.763: [scrub string table, 0.0008947 secs][1 CMS-remark: 4103885K(5472256K)] 4424697K(6209536K), 0.0458426 secs] [Times: user=0.19 sys=0.00, real=0.04 secs] 
2020-08-01T02:23:25.786+0800: 12410989.764: [CMS-concurrent-sweep-start]
2020-08-01T02:23:27.263+0800: 12410991.241: [CMS-concurrent-sweep: 1.477/1.477 secs] [Times: user=1.72 sys=0.12, real=1.48 secs] 
2020-08-01T02:23:27.263+0800: 12410991.241: [CMS-concurrent-reset-start]
2020-08-01T02:23:27.282+0800: 12410991.260: [CMS-concurrent-reset: 0.019/0.019 secs] [Times: user=0.03 sys=0.00, real=0.02 secs] 
2020-08-01T02:23:29.284+0800: 12410993.262: [GC (CMS Initial Mark) [1 CMS-initial-mark: 4103802K(5472256K)] 4518038K(6209536K), 0.0288532 secs] [Times: user=0.17 sys=0.00, real=0.03 secs] 
2020-08-01T02:23:29.313+0800: 12410993.291: [CMS-concurrent-mark-start]
2020-08-01T02:23:31.805+0800: 12410995.783: [CMS-concurrent-mark: 2.492/2.492 secs] [Times: user=5.43 sys=0.19, real=2.49 secs] 
2020-08-01T02:23:31.805+0800: 12410995.783: [CMS-concurrent-preclean-start]
2020-08-01T02:23:31.814+0800: 12410995.792: [CMS-concurrent-preclean: 0.009/0.009 secs] [Times: user=0.01 sys=0.00, real=0.01 secs] 
2020-08-01T02:23:31.814+0800: 12410995.792: [CMS-concurrent-abortable-preclean-start]
 CMS: abort preclean due to time 2020-08-01T02:23:36.988+0800: 12411000.965: [CMS-concurrent-abortable-preclean: 3.823/5.174 secs] [Times: user=4.40 sys=0.49, real=5.18 secs] 
2020-08-01T02:23:36.989+0800: 12411000.967: [GC (CMS Final Remark) [YG occupancy: 597276 K (737280 K)]2020-08-01T02:23:36.989+0800: 12411000.967: [Rescan (parallel) , 0.0360866 secs]2020-08-01T02:23:37.025+0800: 12411001.003: [weak refs processing, 0.0000351 secs]2020-08-01T02:23:37.025+0800: 12411001.003: [class unloading, 0.0175762 secs]2020-08-01T02:23:37.043+0800: 12411001.021: [scrub symbol table, 0.0061540 secs]2020-08-01T02:23:37.049+0800: 12411001.027: [scrub string table, 0.0008670 secs][1 CMS-remark: 4103802K(5472256K)] 4701079K(6209536K), 0.0609001 secs] [Times: user=0.27 sys=0.00, real=0.06 secs] 
2020-08-01T02:23:37.050+0800: 12411001.028: [CMS-concurrent-sweep-start]
2020-08-01T02:23:38.702+0800: 12411002.680: [CMS-concurrent-sweep: 1.652/1.652 secs] [Times: user=1.86 sys=0.12, real=1.65 secs] 
2020-08-01T02:23:38.702+0800: 12411002.680: [CMS-concurrent-reset-start]
2020-08-01T02:23:38.722+0800: 12411002.700: [CMS-concurrent-reset: 0.020/0.020 secs] [Times: user=0.02 sys=0.01, real=0.02 secs] 
2020-08-01T02:23:40.724+0800: 12411004.701: [GC (CMS Initial Mark) [1 CMS-initial-mark: 4103473K(5472256K)] 4812530K(6209536K), 0.0395241 secs] [Times: user=0.27 sys=0.00, real=0.04 secs] 
2020-08-01T02:23:40.763+0800: 12411004.741: [CMS-concurrent-mark-start]
2020-08-01T02:23:41.484+0800: 12411005.462: [GC (Allocation Failure) 2020-08-01T02:23:41.484+0800: 12411005.462: [ParNew: 735692K->81920K(737280K), 0.0951960 secs] 4839166K->4219203K(6209536K), 0.0953988 secs] [Times: user=0.46 sys=0.00, real=0.10 secs] 
2020-08-01T02:23:43.603+0800: 12411007.580: [CMS-concurrent-mark: 2.739/2.839 secs] [Times: user=6.68 sys=0.37, real=2.84 secs] 
2020-08-01T02:23:43.603+0800: 12411007.580: [CMS-concurrent-preclean-start]
2020-08-01T02:23:43.651+0800: 12411007.629: [CMS-concurrent-preclean: 0.046/0.048 secs] [Times: user=0.06 sys=0.02, real=0.05 secs] 
2020-08-01T02:23:43.651+0800: 12411007.629: [CMS-concurrent-abortable-preclean-start]
 CMS: abort preclean due to time 2020-08-01T02:23:48.667+0800: 12411012.644: [CMS-concurrent-abortable-preclean: 3.614/5.015 secs] [Times: user=4.30 sys=0.48, real=5.02 secs] 
2020-08-01T02:23:48.668+0800: 12411012.646: [GC (CMS Final Remark) [YG occupancy: 327884 K (737280 K)]2020-08-01T02:23:48.668+0800: 12411012.646: [Rescan (parallel) , 0.0173920 secs]2020-08-01T02:23:48.686+0800: 12411012.664: [weak refs processing, 0.0000360 secs]2020-08-01T02:23:48.686+0800: 12411012.664: [class unloading, 0.0171544 secs]2020-08-01T02:23:48.703+0800: 12411012.681: [scrub symbol table, 0.0060890 secs]2020-08-01T02:23:48.709+0800: 12411012.687: [scrub string table, 0.0008922 secs][1 CMS-remark: 4137283K(5472256K)] 4465168K(6209536K), 0.0417272 secs] [Times: user=0.16 sys=0.00, real=0.04 secs] 
2020-08-01T02:23:48.710+0800: 12411012.688: [CMS-concurrent-sweep-start]
2020-08-01T02:23:50.214+0800: 12411014.192: [CMS-concurrent-sweep: 1.504/1.504 secs] [Times: user=1.69 sys=0.16, real=1.50 secs] 
2020-08-01T02:23:50.214+0800: 12411014.192: [CMS-concurrent-reset-start]
2020-08-01T02:23:50.234+0800: 12411014.211: [CMS-concurrent-reset: 0.019/0.019 secs] [Times: user=0.02 sys=0.01, real=0.02 secs] 
2020-08-01T02:23:52.234+0800: 12411016.212: [GC (CMS Initial Mark) [1 CMS-initial-mark: 4137270K(5472256K)] 4554420K(6209536K), 0.0183732 secs] [Times: user=0.14 sys=0.00, real=0.02 secs] 
2020-08-01T02:23:52.253+0800: 12411016.231: [CMS-concurrent-mark-start]
2020-08-01T02:23:54.769+0800: 12411018.746: [CMS-concurrent-mark: 2.514/2.516 secs] [Times: user=5.26 sys=0.09, real=2.52 secs] 
2020-08-01T02:23:54.769+0800: 12411018.746: [CMS-concurrent-preclean-start]
2020-08-01T02:23:54.776+0800: 12411018.754: [CMS-concurrent-preclean: 0.008/0.008 secs] [Times: user=0.01 sys=0.00, real=0.00 secs] 
2020-08-01T02:23:54.776+0800: 12411018.754: [CMS-concurrent-abortable-preclean-start]
 CMS: abort preclean due to time 2020-08-01T02:23:59.878+0800: 12411023.855: [CMS-concurrent-abortable-preclean: 3.898/5.101 secs] [Times: user=4.42 sys=0.43, real=5.10 secs] 
2020-08-01T02:23:59.879+0800: 12411023.857: [GC (CMS Final Remark) [YG occupancy: 575956 K (737280 K)]2020-08-01T02:23:59.879+0800: 12411023.857: [Rescan (parallel) , 0.0288964 secs]2020-08-01T02:23:59.908+0800: 12411023.886: [weak refs processing, 0.0000707 secs]2020-08-01T02:23:59.908+0800: 12411023.886: [class unloading, 0.0191693 secs]2020-08-01T02:23:59.928+0800: 12411023.905: [scrub symbol table, 0.0061219 secs]2020-08-01T02:23:59.934+0800: 12411023.912: [scrub string table, 0.0008647 secs][1 CMS-remark: 4137270K(5472256K)] 4713226K(6209536K), 0.0553128 secs] [Times: user=0.21 sys=0.00, real=0.05 secs] 
2020-08-01T02:23:59.935+0800: 12411023.913: [CMS-concurrent-sweep-start]
2020-08-01T02:24:01.466+0800: 12411025.444: [CMS-concurrent-sweep: 1.531/1.531 secs] [Times: user=1.62 sys=0.12, real=1.53 secs] 
2020-08-01T02:24:01.466+0800: 12411025.444: [CMS-concurrent-reset-start]
2020-08-01T02:24:01.486+0800: 12411025.464: [CMS-concurrent-reset: 0.020/0.020 secs] [Times: user=0.02 sys=0.00, real=0.02 secs] 
2020-08-01T02:24:05.051+0800: 12411029.029: [GC (CMS Initial Mark) [1 CMS-initial-mark: 4134203K(5472256K)] 4768361K(6209536K), 0.0307570 secs] [Times: user=0.17 sys=0.01, real=0.03 secs] 
2020-08-01T02:24:05.082+0800: 12411029.060: [CMS-concurrent-mark-start]
2020-08-01T02:24:07.689+0800: 12411031.667: [CMS-concurrent-mark: 2.607/2.607 secs] [Times: user=5.73 sys=0.25, real=2.61 secs] 
2020-08-01T02:24:07.689+0800: 12411031.667: [CMS-concurrent-preclean-start]
2020-08-01T02:24:07.697+0800: 12411031.675: [CMS-concurrent-preclean: 0.008/0.008 secs] [Times: user=0.02 sys=0.00, real=0.00 secs] 
2020-08-01T02:24:07.697+0800: 12411031.675: [CMS-concurrent-abortable-preclean-start]
2020-08-01T02:24:07.832+0800: 12411031.810: [GC (Allocation Failure) 2020-08-01T02:24:07.832+0800: 12411031.810: [ParNew: 737247K->67751K(737280K), 0.0893121 secs] 4871451K->4230663K(6209536K), 0.0895163 secs] [Times: user=0.49 sys=0.00, real=0.09 secs] 
 CMS: abort preclean due to time 2020-08-01T02:24:12.831+0800: 12411036.809: [CMS-concurrent-abortable-preclean: 3.839/5.134 secs] [Times: user=5.26 sys=0.57, real=5.14 secs] 
2020-08-01T02:24:12.833+0800: 12411036.811: [GC (CMS Final Remark) [YG occupancy: 254272 K (737280 K)]2020-08-01T02:24:12.833+0800: 12411036.811: [Rescan (parallel) , 0.0144333 secs]2020-08-01T02:24:12.848+0800: 12411036.825: [weak refs processing, 0.0000473 secs]2020-08-01T02:24:12.848+0800: 12411036.825: [class unloading, 0.0171830 secs]2020-08-01T02:24:12.865+0800: 12411036.843: [scrub symbol table, 0.0062172 secs]2020-08-01T02:24:12.871+0800: 12411036.849: [scrub string table, 0.0008582 secs][1 CMS-remark: 4162911K(5472256K)] 4417183K(6209536K), 0.0389035 secs] [Times: user=0.14 sys=0.00, real=0.04 secs] 
2020-08-01T02:24:12.872+0800: 12411036.850: [CMS-concurrent-sweep-start]
2020-08-01T02:24:14.497+0800: 12411038.475: [CMS-concurrent-sweep: 1.625/1.625 secs] [Times: user=1.92 sys=0.23, real=1.62 secs] 
2020-08-01T02:24:14.497+0800: 12411038.475: [CMS-concurrent-reset-start]
2020-08-01T02:24:14.517+0800: 12411038.494: [CMS-concurrent-reset: 0.019/0.019 secs] [Times: user=0.01 sys=0.01, real=0.02 secs] 
2020-08-01T02:24:16.517+0800: 12411040.495: [GC (CMS Initial Mark) [1 CMS-initial-mark: 4162894K(5472256K)] 4565885K(6209536K), 0.0192316 secs] [Times: user=0.13 sys=0.00, real=0.02 secs] 
2020-08-01T02:24:16.537+0800: 12411040.515: [CMS-concurrent-mark-start]
2020-08-01T02:24:19.239+0800: 12411043.217: [CMS-concurrent-mark: 2.703/2.703 secs] [Times: user=6.01 sys=0.53, real=2.71 secs] 
2020-08-01T02:24:19.240+0800: 12411043.217: [CMS-concurrent-preclean-start]
2020-08-01T02:24:19.249+0800: 12411043.226: [CMS-concurrent-preclean: 0.009/0.009 secs] [Times: user=0.01 sys=0.00, real=0.01 secs] 
2020-08-01T02:24:19.249+0800: 12411043.227: [CMS-concurrent-abortable-preclean-start]
2020-08-01T02:24:22.514+0800: 12411046.492: [GC (Allocation Failure) 2020-08-01T02:24:22.514+0800: 12411046.492: [ParNew: 723111K->71447K(737280K), 0.0754047 secs] 4886006K->4260266K(6209536K), 0.0756149 secs] [Times: user=0.46 sys=0.00, real=0.08 secs] 
 CMS: abort preclean due to time 2020-08-01T02:24:24.404+0800: 12411048.382: [CMS-concurrent-abortable-preclean: 3.877/5.156 secs] [Times: user=5.24 sys=0.67, real=5.15 secs] 
2020-08-01T02:24:24.406+0800: 12411048.384: [GC (CMS Final Remark) [YG occupancy: 167439 K (737280 K)]2020-08-01T02:24:24.406+0800: 12411048.384: [Rescan (parallel) , 0.0108096 secs]2020-08-01T02:24:24.417+0800: 12411048.395: [weak refs processing, 0.0000378 secs]2020-08-01T02:24:24.417+0800: 12411048.395: [class unloading, 0.0177017 secs]2020-08-01T02:24:24.435+0800: 12411048.413: [scrub symbol table, 0.0063137 secs]2020-08-01T02:24:24.441+0800: 12411048.419: [scrub string table, 0.0010176 secs][1 CMS-remark: 4188818K(5472256K)] 4356258K(6209536K), 0.0360683 secs] [Times: user=0.11 sys=0.00, real=0.04 secs] 
2020-08-01T02:24:24.443+0800: 12411048.420: [CMS-concurrent-sweep-start]
2020-08-01T02:24:26.050+0800: 12411050.027: [CMS-concurrent-sweep: 1.607/1.607 secs] [Times: user=1.83 sys=0.10, real=1.61 secs] 
2020-08-01T02:24:26.050+0800: 12411050.027: [CMS-concurrent-reset-start]
2020-08-01T02:24:26.069+0800: 12411050.047: [CMS-concurrent-reset: 0.019/0.019 secs] [Times: user=0.02 sys=0.00, real=0.02 secs] 
2020-08-01T02:24:28.070+0800: 12411052.047: [GC (CMS Initial Mark) [1 CMS-initial-mark: 4188482K(5472256K)] 4512524K(6209536K), 0.0132763 secs] [Times: user=0.08 sys=0.00, real=0.01 secs] 
2020-08-01T02:24:28.083+0800: 12411052.061: [CMS-concurrent-mark-start]
2020-08-01T02:24:30.803+0800: 12411054.780: [CMS-concurrent-mark: 2.708/2.719 secs] [Times: user=5.80 sys=0.22, real=2.72 secs] 
2020-08-01T02:24:30.803+0800: 12411054.780: [CMS-concurrent-preclean-start]
2020-08-01T02:24:30.811+0800: 12411054.789: [CMS-concurrent-preclean: 0.008/0.008 secs] [Times: user=0.01 sys=0.00, real=0.01 secs] 
2020-08-01T02:24:30.811+0800: 12411054.789: [CMS-concurrent-abortable-preclean-start]
 CMS: abort preclean due to time 2020-08-01T02:24:36.014+0800: 12411059.992: [CMS-concurrent-abortable-preclean: 3.599/5.203 secs] [Times: user=4.07 sys=0.40, real=5.20 secs] 
2020-08-01T02:24:36.016+0800: 12411059.994: [GC (CMS Final Remark) [YG occupancy: 479507 K (737280 K)]2020-08-01T02:24:36.016+0800: 12411059.994: [Rescan (parallel) , 0.0342119 secs]2020-08-01T02:24:36.051+0800: 12411060.029: [weak refs processing, 0.0000462 secs]2020-08-01T02:24:36.051+0800: 12411060.029: [class unloading, 0.0186884 secs]2020-08-01T02:24:36.069+0800: 12411060.047: [scrub symbol table, 0.0066415 secs]2020-08-01T02:24:36.076+0800: 12411060.054: [scrub string table, 0.0009913 secs][1 CMS-remark: 4188482K(5472256K)] 4667990K(6209536K), 0.0608190 secs] [Times: user=0.19 sys=0.00, real=0.06 secs] 
2020-08-01T02:24:36.077+0800: 12411060.055: [CMS-concurrent-sweep-start]
2020-08-01T02:24:37.664+0800: 12411061.641: [CMS-concurrent-sweep: 1.586/1.586 secs] [Times: user=1.77 sys=0.20, real=1.59 secs] 
2020-08-01T02:24:37.664+0800: 12411061.641: [CMS-concurrent-reset-start]
2020-08-01T02:24:37.682+0800: 12411061.660: [CMS-concurrent-reset: 0.019/0.019 secs] [Times: user=0.02 sys=0.00, real=0.02 secs] 
2020-08-01T02:24:39.684+0800: 12411063.662: [GC (CMS Initial Mark) [1 CMS-initial-mark: 4188371K(5472256K)] 4740428K(6209536K), 0.0267339 secs] [Times: user=0.17 sys=0.00, real=0.03 secs] 
2020-08-01T02:24:39.711+0800: 12411063.689: [CMS-concurrent-mark-start]
2020-08-01T02:24:42.477+0800: 12411066.455: [CMS-concurrent-mark: 2.766/2.766 secs] [Times: user=5.96 sys=0.35, real=2.76 secs] 
2020-08-01T02:24:42.477+0800: 12411066.455: [CMS-concurrent-preclean-start]
2020-08-01T02:24:42.486+0800: 12411066.464: [CMS-concurrent-preclean: 0.009/0.009 secs] [Times: user=0.01 sys=0.00, real=0.01 secs] 
2020-08-01T02:24:42.486+0800: 12411066.464: [CMS-concurrent-abortable-preclean-start]
2020-08-01T02:24:45.459+0800: 12411069.437: [GC (Allocation Failure) 2020-08-01T02:24:45.459+0800: 12411069.437: [ParNew: 726703K->59622K(737280K), 0.0640208 secs] 4915074K->4267019K(6209536K), 0.0642423 secs] [Times: user=0.40 sys=0.00, real=0.06 secs] 
 CMS: abort preclean due to time 2020-08-01T02:24:47.503+0800: 12411071.481: [CMS-concurrent-abortable-preclean: 3.801/5.017 secs] [Times: user=4.96 sys=0.80, real=5.02 secs] 
2020-08-01T02:24:47.505+0800: 12411071.483: [GC (CMS Final Remark) [YG occupancy: 272952 K (737280 K)]2020-08-01T02:24:47.505+0800: 12411071.483: [Rescan (parallel) , 0.0154700 secs]2020-08-01T02:24:47.520+0800: 12411071.498: [weak refs processing, 0.0000415 secs]2020-08-01T02:24:47.520+0800: 12411071.498: [class unloading, 0.0198193 secs]2020-08-01T02:24:47.540+0800: 12411071.518: [scrub symbol table, 0.0084798 secs]2020-08-01T02:24:47.549+0800: 12411071.527: [scrub string table, 0.0010612 secs][1 CMS-remark: 4207397K(5472256K)] 4480349K(6209536K), 0.0450963 secs] [Times: user=0.14 sys=0.00, real=0.05 secs] 
2020-08-01T02:24:47.550+0800: 12411071.528: [CMS-concurrent-sweep-start]
2020-08-01T02:24:49.111+0800: 12411073.089: [CMS-concurrent-sweep: 1.561/1.561 secs] [Times: user=1.85 sys=0.19, real=1.56 secs] 
2020-08-01T02:24:49.111+0800: 12411073.089: [CMS-concurrent-reset-start]
2020-08-01T02:24:49.130+0800: 12411073.108: [CMS-concurrent-reset: 0.019/0.019 secs] [Times: user=0.03 sys=0.00, real=0.02 secs] 
2020-08-01T02:24:51.131+0800: 12411075.109: [GC (CMS Initial Mark) [1 CMS-initial-mark: 4207200K(5472256K)] 4739742K(6209536K), 0.0163891 secs] [Times: user=0.13 sys=0.00, real=0.02 secs] 
2020-08-01T02:24:51.148+0800: 12411075.125: [CMS-concurrent-mark-start]
2020-08-01T02:24:53.834+0800: 12411077.812: [CMS-concurrent-mark: 2.683/2.687 secs] [Times: user=5.70 sys=0.13, real=2.68 secs] 
2020-08-01T02:24:53.834+0800: 12411077.812: [CMS-concurrent-preclean-start]
2020-08-01T02:24:53.843+0800: 12411077.821: [CMS-concurrent-preclean: 0.008/0.008 secs] [Times: user=0.01 sys=0.00, real=0.01 secs] 
2020-08-01T02:24:53.843+0800: 12411077.821: [CMS-concurrent-abortable-preclean-start]
 CMS: abort preclean due to time 2020-08-01T02:24:58.877+0800: 12411082.855: [CMS-concurrent-abortable-preclean: 3.531/5.034 secs] [Times: user=4.12 sys=0.45, real=5.03 secs] 
2020-08-01T02:24:58.879+0800: 12411082.856: [GC (CMS Final Remark) [YG occupancy: 668128 K (737280 K)]2020-08-01T02:24:58.879+0800: 12411082.856: [Rescan (parallel) , 0.0271921 secs]2020-08-01T02:24:58.906+0800: 12411082.884: [weak refs processing, 0.0000544 secs]2020-08-01T02:24:58.906+0800: 12411082.884: [class unloading, 0.0179156 secs]2020-08-01T02:24:58.924+0800: 12411082.902: [scrub symbol table, 0.0066923 secs]2020-08-01T02:24:58.931+0800: 12411082.908: [scrub string table, 0.0008843 secs][1 CMS-remark: 4207200K(5472256K)] 4875329K(6209536K), 0.0529335 secs] [Times: user=0.22 sys=0.01, real=0.05 secs] 
2020-08-01T02:24:58.932+0800: 12411082.910: [CMS-concurrent-sweep-start]
2020-08-01T02:25:00.500+0800: 12411084.478: [CMS-concurrent-sweep: 1.556/1.568 secs] [Times: user=1.70 sys=0.12, real=1.57 secs] 
2020-08-01T02:25:00.500+0800: 12411084.478: [CMS-concurrent-reset-start]
2020-08-01T02:25:00.522+0800: 12411084.500: [CMS-concurrent-reset: 0.022/0.022 secs] [Times: user=0.02 sys=0.02, real=0.02 secs] 
2020-08-01T02:25:01.849+0800: 12411085.827: [GC (Allocation Failure) 2020-08-01T02:25:01.849+0800: 12411085.827: [ParNew: 714982K->54135K(737280K), 0.0633704 secs] 4921828K->4283038K(6209536K), 0.0635813 secs] [Times: user=0.39 sys=0.00, real=0.06 secs] 
2020-08-01T02:25:01.917+0800: 12411085.895: [GC (CMS Initial Mark) [1 CMS-initial-mark: 4228902K(5472256K)] 4288655K(6209536K), 0.0062541 secs] [Times: user=0.03 sys=0.00, real=0.01 secs] 
2020-08-01T02:25:01.924+0800: 12411085.902: [CMS-concurrent-mark-start]
2020-08-01T02:25:04.638+0800: 12411088.616: [CMS-concurrent-mark: 2.714/2.714 secs] [Times: user=5.93 sys=0.32, real=2.71 secs] 
2020-08-01T02:25:04.638+0800: 12411088.616: [CMS-concurrent-preclean-start]
2020-08-01T02:25:04.645+0800: 12411088.623: [CMS-concurrent-preclean: 0.008/0.008 secs] [Times: user=0.00 sys=0.00, real=0.01 secs] 
2020-08-01T02:25:04.645+0800: 12411088.623: [CMS-concurrent-abortable-preclean-start]
 CMS: abort preclean due to time 2020-08-01T02:25:09.722+0800: 12411093.700: [CMS-concurrent-abortable-preclean: 3.275/5.077 secs] [Times: user=3.84 sys=0.62, real=5.08 secs] 
2020-08-01T02:25:09.724+0800: 12411093.702: [GC (CMS Final Remark) [YG occupancy: 255084 K (737280 K)]2020-08-01T02:25:09.724+0800: 12411093.702: [Rescan (parallel) , 0.0195897 secs]2020-08-01T02:25:09.744+0800: 12411093.722: [weak refs processing, 0.0000546 secs]2020-08-01T02:25:09.744+0800: 12411093.722: [class unloading, 0.0168860 secs]2020-08-01T02:25:09.761+0800: 12411093.739: [scrub symbol table, 0.0061096 secs]2020-08-01T02:25:09.767+0800: 12411093.745: [scrub string table, 0.0008500 secs][1 CMS-remark: 4228902K(5472256K)] 4483986K(6209536K), 0.0436550 secs] [Times: user=0.16 sys=0.00, real=0.05 secs] 
2020-08-01T02:25:09.768+0800: 12411093.746: [CMS-concurrent-sweep-start]
2020-08-01T02:25:11.312+0800: 12411095.289: [CMS-concurrent-sweep: 1.544/1.544 secs] [Times: user=1.68 sys=0.10, real=1.54 secs] 
2020-08-01T02:25:11.312+0800: 12411095.290: [CMS-concurrent-reset-start]
2020-08-01T02:25:11.331+0800: 12411095.308: [CMS-concurrent-reset: 0.019/0.019 secs] [Times: user=0.02 sys=0.00, real=0.02 secs] 
2020-08-01T02:25:13.331+0800: 12411097.309: [GC (CMS Initial Mark) [1 CMS-initial-mark: 4228754K(5472256K)] 4523214K(6209536K), 0.0161373 secs] [Times: user=0.12 sys=0.00, real=0.02 secs] 
2020-08-01T02:25:13.348+0800: 12411097.326: [CMS-concurrent-mark-start]
2020-08-01T02:25:16.077+0800: 12411100.055: [CMS-concurrent-mark: 2.730/2.730 secs] [Times: user=5.82 sys=0.15, real=2.72 secs] 
2020-08-01T02:25:16.077+0800: 12411100.055: [CMS-concurrent-preclean-start]
2020-08-01T02:25:16.085+0800: 12411100.063: [CMS-concurrent-preclean: 0.008/0.008 secs] [Times: user=0.01 sys=0.00, real=0.01 secs] 
2020-08-01T02:25:16.085+0800: 12411100.063: [CMS-concurrent-abortable-preclean-start]
 CMS: abort preclean due to time 2020-08-01T02:25:21.232+0800: 12411105.210: [CMS-concurrent-abortable-preclean: 3.389/5.147 secs] [Times: user=3.89 sys=0.48, real=5.15 secs] 
2020-08-01T02:25:21.234+0800: 12411105.212: [GC (CMS Final Remark) [YG occupancy: 429113 K (737280 K)]2020-08-01T02:25:21.234+0800: 12411105.212: [Rescan (parallel) , 0.0261507 secs]2020-08-01T02:25:21.260+0800: 12411105.238: [weak refs processing, 0.0000365 secs]2020-08-01T02:25:21.260+0800: 12411105.238: [class unloading, 0.0172106 secs]2020-08-01T02:25:21.277+0800: 12411105.255: [scrub symbol table, 0.0061485 secs]2020-08-01T02:25:21.283+0800: 12411105.261: [scrub string table, 0.0008627 secs][1 CMS-remark: 4228754K(5472256K)] 4657867K(6209536K), 0.0505803 secs] [Times: user=0.23 sys=0.00, real=0.05 secs] 
2020-08-01T02:25:21.285+0800: 12411105.262: [CMS-concurrent-sweep-start]
2020-08-01T02:25:22.888+0800: 12411106.866: [CMS-concurrent-sweep: 1.604/1.604 secs] [Times: user=1.87 sys=0.21, real=1.61 secs] 
2020-08-01T02:25:22.888+0800: 12411106.866: [CMS-concurrent-reset-start]
2020-08-01T02:25:22.907+0800: 12411106.885: [CMS-concurrent-reset: 0.018/0.018 secs] [Times: user=0.02 sys=0.00, real=0.02 secs] 
2020-08-01T02:25:24.907+0800: 12411108.885: [GC (CMS Initial Mark) [1 CMS-initial-mark: 4228033K(5472256K)] 4723963K(6209536K), 0.0280776 secs] [Times: user=0.21 sys=0.00, real=0.02 secs] 
2020-08-01T02:25:24.936+0800: 12411108.914: [CMS-concurrent-mark-start]
2020-08-01T02:25:27.680+0800: 12411111.658: [CMS-concurrent-mark: 2.740/2.744 secs] [Times: user=5.88 sys=0.29, real=2.75 secs] 
2020-08-01T02:25:27.680+0800: 12411111.658: [CMS-concurrent-preclean-start]
2020-08-01T02:25:27.688+0800: 12411111.666: [CMS-concurrent-preclean: 0.008/0.008 secs] [Times: user=0.01 sys=0.00, real=0.01 secs] 
2020-08-01T02:25:27.688+0800: 12411111.666: [CMS-concurrent-abortable-preclean-start]
 CMS: abort preclean due to time 2020-08-01T02:25:32.706+0800: 12411116.684: [CMS-concurrent-abortable-preclean: 3.207/5.018 secs] [Times: user=3.66 sys=0.46, real=5.01 secs] 
2020-08-01T02:25:32.708+0800: 12411116.685: [GC (CMS Final Remark) [YG occupancy: 601261 K (737280 K)]2020-08-01T02:25:32.708+0800: 12411116.686: [Rescan (parallel) , 0.0364292 secs]2020-08-01T02:25:32.744+0800: 12411116.722: [weak refs processing, 0.0000366 secs]2020-08-01T02:25:32.744+0800: 12411116.722: [class unloading, 0.0176386 secs]2020-08-01T02:25:32.762+0800: 12411116.740: [scrub symbol table, 0.0065107 secs]2020-08-01T02:25:32.768+0800: 12411116.746: [scrub string table, 0.0008841 secs][1 CMS-remark: 4228033K(5472256K)] 4829295K(6209536K), 0.0616988 secs] [Times: user=0.31 sys=0.00, real=0.06 secs] 
2020-08-01T02:25:32.770+0800: 12411116.747: [CMS-concurrent-sweep-start]
2020-08-01T02:25:34.330+0800: 12411118.308: [CMS-concurrent-sweep: 1.561/1.561 secs] [Times: user=1.72 sys=0.07, real=1.56 secs] 
2020-08-01T02:25:34.330+0800: 12411118.308: [CMS-concurrent-reset-start]
2020-08-01T02:25:34.349+0800: 12411118.327: [CMS-concurrent-reset: 0.019/0.019 secs] [Times: user=0.02 sys=0.01, real=0.02 secs] 
2020-08-01T02:25:36.350+0800: 12411120.328: [GC (CMS Initial Mark) [1 CMS-initial-mark: 4228032K(5472256K)] 4888119K(6209536K), 0.0391422 secs] [Times: user=0.26 sys=0.00, real=0.04 secs] 
2020-08-01T02:25:36.390+0800: 12411120.367: [CMS-concurrent-mark-start]
2020-08-01T02:25:39.086+0800: 12411123.064: [CMS-concurrent-mark: 2.696/2.696 secs] [Times: user=5.75 sys=0.11, real=2.69 secs] 
2020-08-01T02:25:39.086+0800: 12411123.064: [CMS-concurrent-preclean-start]
2020-08-01T02:25:39.094+0800: 12411123.072: [CMS-concurrent-preclean: 0.008/0.008 secs] [Times: user=0.01 sys=0.00, real=0.01 secs] 
2020-08-01T02:25:39.094+0800: 12411123.072: [CMS-concurrent-abortable-preclean-start]
2020-08-01T02:25:40.435+0800: 12411124.413: [GC (Allocation Failure) 2020-08-01T02:25:40.435+0800: 12411124.413: [ParNew: 709495K->81920K(737280K), 0.0923855 secs] 4937528K->4312850K(6209536K), 0.0926091 secs] [Times: user=0.38 sys=0.01, real=0.10 secs] 
 CMS: abort preclean due to time 2020-08-01T02:25:44.215+0800: 12411128.193: [CMS-concurrent-abortable-preclean: 3.718/5.121 secs] [Times: user=4.65 sys=0.47, real=5.12 secs] 
2020-08-01T02:25:44.217+0800: 12411128.195: [GC (CMS Final Remark) [YG occupancy: 152306 K (737280 K)]2020-08-01T02:25:44.217+0800: 12411128.195: [Rescan (parallel) , 0.0124720 secs]2020-08-01T02:25:44.229+0800: 12411128.207: [weak refs processing, 0.0000346 secs]2020-08-01T02:25:44.229+0800: 12411128.207: [class unloading, 0.0174542 secs]2020-08-01T02:25:44.247+0800: 12411128.225: [scrub symbol table, 0.0065625 secs]2020-08-01T02:25:44.253+0800: 12411128.231: [scrub string table, 0.0009983 secs][1 CMS-remark: 4230930K(5472256K)] 4383236K(6209536K), 0.0377073 secs] [Times: user=0.12 sys=0.00, real=0.04 secs] 
2020-08-01T02:25:44.255+0800: 12411128.233: [CMS-concurrent-sweep-start]
2020-08-01T02:25:45.799+0800: 12411129.777: [CMS-concurrent-sweep: 1.544/1.544 secs] [Times: user=1.67 sys=0.05, real=1.55 secs] 
2020-08-01T02:25:45.799+0800: 12411129.777: [CMS-concurrent-reset-start]
2020-08-01T02:25:45.818+0800: 12411129.796: [CMS-concurrent-reset: 0.019/0.019 secs] [Times: user=0.01 sys=0.01, real=0.01 secs] 
2020-08-01T02:25:47.819+0800: 12411131.797: [GC (CMS Initial Mark) [1 CMS-initial-mark: 4230795K(5472256K)] 4427882K(6209536K), 0.0132197 secs] [Times: user=0.10 sys=0.00, real=0.01 secs] 
2020-08-01T02:25:47.832+0800: 12411131.810: [CMS-concurrent-mark-start]
2020-08-01T02:25:50.410+0800: 12411134.388: [CMS-concurrent-mark: 2.578/2.578 secs] [Times: user=5.48 sys=0.24, real=2.58 secs] 
2020-08-01T02:25:50.410+0800: 12411134.388: [CMS-concurrent-preclean-start]
2020-08-01T02:25:50.418+0800: 12411134.396: [CMS-concurrent-preclean: 0.008/0.008 secs] [Times: user=0.01 sys=0.00, real=0.00 secs] 
2020-08-01T02:25:50.418+0800: 12411134.396: [CMS-concurrent-abortable-preclean-start]
 CMS: abort preclean due to time 2020-08-01T02:25:55.684+0800: 12411139.662: [CMS-concurrent-abortable-preclean: 3.961/5.266 secs] [Times: user=4.39 sys=0.56, real=5.27 secs] 
2020-08-01T02:25:55.685+0800: 12411139.663: [GC (CMS Final Remark) [YG occupancy: 307444 K (737280 K)]2020-08-01T02:25:55.686+0800: 12411139.663: [Rescan (parallel) , 0.0215396 secs]2020-08-01T02:25:55.707+0800: 12411139.685: [weak refs processing, 0.0000441 secs]2020-08-01T02:25:55.707+0800: 12411139.685: [class unloading, 0.0175980 secs]2020-08-01T02:25:55.725+0800: 12411139.703: [scrub symbol table, 0.0063910 secs]2020-08-01T02:25:55.731+0800: 12411139.709: [scrub string table, 0.0008891 secs][1 CMS-remark: 4230795K(5472256K)] 4538240K(6209536K), 0.0466691 secs] [Times: user=0.19 sys=0.00, real=0.05 secs] 
2020-08-01T02:25:55.732+0800: 12411139.710: [CMS-concurrent-sweep-start]
2020-08-01T02:25:57.286+0800: 12411141.264: [CMS-concurrent-sweep: 1.553/1.553 secs] [Times: user=1.71 sys=0.07, real=1.55 secs] 
2020-08-01T02:25:57.286+0800: 12411141.264: [CMS-concurrent-reset-start]
2020-08-01T02:25:57.306+0800: 12411141.284: [CMS-concurrent-reset: 0.020/0.020 secs] [Times: user=0.02 sys=0.01, real=0.02 secs] 
2020-08-01T02:25:59.307+0800: 12411143.284: [GC (CMS Initial Mark) [1 CMS-initial-mark: 4227935K(5472256K)] 4637178K(6209536K), 0.0237892 secs] [Times: user=0.18 sys=0.00, real=0.02 secs] 
2020-08-01T02:25:59.331+0800: 12411143.308: [CMS-concurrent-mark-start]
2020-08-01T02:26:03.347+0800: 12411147.324: [CMS-concurrent-mark: 4.014/4.016 secs] [Times: user=8.48 sys=0.27, real=4.02 secs] 
2020-08-01T02:26:03.347+0800: 12411147.324: [CMS-concurrent-preclean-start]
2020-08-01T02:26:03.356+0800: 12411147.334: [CMS-concurrent-preclean: 0.009/0.009 secs] [Times: user=0.01 sys=0.01, real=0.00 secs] 
2020-08-01T02:26:03.356+0800: 12411147.334: [CMS-concurrent-abortable-preclean-start]
 CMS: abort preclean due to time 2020-08-01T02:26:08.562+0800: 12411152.540: [CMS-concurrent-abortable-preclean: 3.996/5.206 secs] [Times: user=4.28 sys=0.46, real=5.21 secs] 
2020-08-01T02:26:08.564+0800: 12411152.541: [GC (CMS Final Remark) [YG occupancy: 500152 K (737280 K)]2020-08-01T02:26:08.564+0800: 12411152.541: [Rescan (parallel) , 0.0321902 secs]2020-08-01T02:26:08.596+0800: 12411152.574: [weak refs processing, 0.0000354 secs]2020-08-01T02:26:08.596+0800: 12411152.574: [class unloading, 0.0173137 secs]2020-08-01T02:26:08.613+0800: 12411152.591: [scrub symbol table, 0.0063602 secs]2020-08-01T02:26:08.620+0800: 12411152.597: [scrub string table, 0.0008781 secs][1 CMS-remark: 4227935K(5472256K)] 4728087K(6209536K), 0.0569706 secs] [Times: user=0.28 sys=0.00, real=0.06 secs] 
2020-08-01T02:26:08.621+0800: 12411152.599: [CMS-concurrent-sweep-start]
2020-08-01T02:26:10.157+0800: 12411154.135: [CMS-concurrent-sweep: 1.535/1.537 secs] [Times: user=1.72 sys=0.05, real=1.53 secs] 
2020-08-01T02:26:10.157+0800: 12411154.135: [CMS-concurrent-reset-start]
2020-08-01T02:26:10.177+0800: 12411154.154: [CMS-concurrent-reset: 0.019/0.019 secs] [Times: user=0.02 sys=0.00, real=0.02 secs] 
2020-08-01T02:26:12.177+0800: 12411156.155: [GC (CMS Initial Mark) [1 CMS-initial-mark: 4227802K(5472256K)] 4785410K(6209536K), 0.0346597 secs] [Times: user=0.24 sys=0.00, real=0.04 secs] 
2020-08-01T02:26:12.212+0800: 12411156.190: [CMS-concurrent-mark-start]
2020-08-01T02:26:14.792+0800: 12411158.770: [CMS-concurrent-mark: 2.580/2.580 secs] [Times: user=5.48 sys=0.17, real=2.58 secs] 
2020-08-01T02:26:14.792+0800: 12411158.770: [CMS-concurrent-preclean-start]
2020-08-01T02:26:14.801+0800: 12411158.778: [CMS-concurrent-preclean: 0.008/0.008 secs] [Times: user=0.01 sys=0.00, real=0.01 secs] 
2020-08-01T02:26:14.801+0800: 12411158.778: [CMS-concurrent-abortable-preclean-start]
 CMS: abort preclean due to time 2020-08-01T02:26:19.962+0800: 12411163.940: [CMS-concurrent-abortable-preclean: 3.960/5.162 secs] [Times: user=4.58 sys=0.34, real=5.16 secs] 
2020-08-01T02:26:19.964+0800: 12411163.942: [GC (CMS Final Remark) [YG occupancy: 717470 K (737280 K)]2020-08-01T02:26:19.964+0800: 12411163.942: [Rescan (parallel) , 0.0440168 secs]2020-08-01T02:26:20.008+0800: 12411163.986: [weak refs processing, 0.0000365 secs]2020-08-01T02:26:20.008+0800: 12411163.986: [class unloading, 0.0175032 secs]2020-08-01T02:26:20.026+0800: 12411164.003: [scrub symbol table, 0.0070864 secs]2020-08-01T02:26:20.033+0800: 12411164.010: [scrub string table, 0.0008545 secs][1 CMS-remark: 4227802K(5472256K)] 4945273K(6209536K), 0.0697032 secs] [Times: user=0.36 sys=0.00, real=0.07 secs] 
2020-08-01T02:26:20.034+0800: 12411164.012: [CMS-concurrent-sweep-start]
2020-08-01T02:26:20.737+0800: 12411164.715: [GC (Allocation Failure) 2020-08-01T02:26:20.737+0800: 12411164.715: [ParNew: 737197K->81920K(737280K), 0.0982584 secs] 4964999K->4345769K(6209536K), 0.0984855 secs] [Times: user=0.62 sys=0.00, real=0.10 secs] 
2020-08-01T02:26:21.732+0800: 12411165.710: [CMS-concurrent-sweep: 1.598/1.698 secs] [Times: user=2.40 sys=0.08, real=1.70 secs] 
2020-08-01T02:26:21.732+0800: 12411165.710: [CMS-concurrent-reset-start]
2020-08-01T02:26:21.751+0800: 12411165.729: [CMS-concurrent-reset: 0.019/0.019 secs] [Times: user=0.02 sys=0.00, real=0.02 secs] 
2020-08-01T02:26:23.752+0800: 12411167.730: [GC (CMS Initial Mark) [1 CMS-initial-mark: 4263849K(5472256K)] 4407122K(6209536K), 0.0109460 secs] [Times: user=0.06 sys=0.00, real=0.01 secs] 
2020-08-01T02:26:23.764+0800: 12411167.741: [CMS-concurrent-mark-start]
2020-08-01T02:26:27.744+0800: 12411171.722: [CMS-concurrent-mark: 3.977/3.980 secs] [Times: user=8.38 sys=0.05, real=3.98 secs] 
2020-08-01T02:26:27.744+0800: 12411171.722: [CMS-concurrent-preclean-start]
2020-08-01T02:26:27.755+0800: 12411171.733: [CMS-concurrent-preclean: 0.011/0.011 secs] [Times: user=0.02 sys=0.01, real=0.01 secs] 
2020-08-01T02:26:27.755+0800: 12411171.733: [CMS-concurrent-abortable-preclean-start]
 CMS: abort preclean due to time 2020-08-01T02:26:32.933+0800: 12411176.911: [CMS-concurrent-abortable-preclean: 3.971/5.178 secs] [Times: user=4.52 sys=0.30, real=5.18 secs] 
2020-08-01T02:26:32.935+0800: 12411176.913: [GC (CMS Final Remark) [YG occupancy: 346133 K (737280 K)]2020-08-01T02:26:32.935+0800: 12411176.913: [Rescan (parallel) , 0.0281586 secs]2020-08-01T02:26:32.963+0800: 12411176.941: [weak refs processing, 0.0000643 secs]2020-08-01T02:26:32.963+0800: 12411176.941: [class unloading, 0.0185145 secs]2020-08-01T02:26:32.982+0800: 12411176.960: [scrub symbol table, 0.0075625 secs]2020-08-01T02:26:32.989+0800: 12411176.967: [scrub string table, 0.0010709 secs][1 CMS-remark: 4263849K(5472256K)] 4609982K(6209536K), 0.0555605 secs] [Times: user=0.20 sys=0.00, real=0.06 secs] 
2020-08-01T02:26:32.993+0800: 12411176.971: [CMS-concurrent-sweep-start]
2020-08-01T02:26:34.602+0800: 12411178.580: [CMS-concurrent-sweep: 1.608/1.608 secs] [Times: user=1.83 sys=0.21, real=1.61 secs] 
2020-08-01T02:26:34.602+0800: 12411178.580: [CMS-concurrent-reset-start]
2020-08-01T02:26:34.621+0800: 12411178.599: [CMS-concurrent-reset: 0.019/0.019 secs] [Times: user=0.02 sys=0.00, real=0.02 secs] 
2020-08-01T02:26:36.621+0800: 12411180.599: [GC (CMS Initial Mark) [1 CMS-initial-mark: 4261466K(5472256K)] 4683429K(6209536K), 0.0196964 secs] [Times: user=0.15 sys=0.00, real=0.02 secs] 
2020-08-01T02:26:36.641+0800: 12411180.619: [CMS-concurrent-mark-start]
2020-08-01T02:26:39.373+0800: 12411183.351: [CMS-concurrent-mark: 2.731/2.731 secs] [Times: user=6.26 sys=0.41, real=2.73 secs] 
2020-08-01T02:26:39.373+0800: 12411183.351: [CMS-concurrent-preclean-start]
2020-08-01T02:26:39.383+0800: 12411183.361: [CMS-concurrent-preclean: 0.010/0.010 secs] [Times: user=0.02 sys=0.01, real=0.01 secs] 
2020-08-01T02:26:39.383+0800: 12411183.361: [CMS-concurrent-abortable-preclean-start]
 CMS: abort preclean due to time 2020-08-01T02:26:44.413+0800: 12411188.391: [CMS-concurrent-abortable-preclean: 3.829/5.030 secs] [Times: user=4.41 sys=0.61, real=5.03 secs] 
2020-08-01T02:26:44.415+0800: 12411188.393: [GC (CMS Final Remark) [YG occupancy: 723235 K (737280 K)]2020-08-01T02:26:44.415+0800: 12411188.393: [Rescan (parallel) , 0.0381420 secs]2020-08-01T02:26:44.453+0800: 12411188.431: [weak refs processing, 0.0000504 secs]2020-08-01T02:26:44.453+0800: 12411188.431: [class unloading, 0.0175324 secs]2020-08-01T02:26:44.471+0800: 12411188.449: [scrub symbol table, 0.0066218 secs]2020-08-01T02:26:44.477+0800: 12411188.455: [scrub string table, 0.0012277 secs][1 CMS-remark: 4261466K(5472256K)] 4984701K(6209536K), 0.0637892 secs] [Times: user=0.31 sys=0.00, real=0.07 secs] 
2020-08-01T02:26:44.479+0800: 12411188.457: [CMS-concurrent-sweep-start]
2020-08-01T02:26:45.862+0800: 12411189.840: [GC (Allocation Failure) 2020-08-01T02:26:45.862+0800: 12411189.840: [ParNew: 737280K->81920K(737280K), 0.1033755 secs] 4998739K->4380894K(6209536K), 0.1035818 secs] [Times: user=0.61 sys=0.01, real=0.10 secs] 
2020-08-01T02:26:46.165+0800: 12411190.143: [CMS-concurrent-sweep: 1.580/1.686 secs] [Times: user=2.39 sys=0.07, real=1.68 secs] 
2020-08-01T02:26:46.165+0800: 12411190.143: [CMS-concurrent-reset-start]
2020-08-01T02:26:46.185+0800: 12411190.163: [CMS-concurrent-reset: 0.019/0.019 secs] [Times: user=0.02 sys=0.00, real=0.02 secs] 
2020-08-01T02:26:48.186+0800: 12411192.164: [GC (CMS Initial Mark) [1 CMS-initial-mark: 4298909K(5472256K)] 4426514K(6209536K), 0.0096701 secs] [Times: user=0.05 sys=0.00, real=0.01 secs] 
2020-08-01T02:26:48.196+0800: 12411192.173: [CMS-concurrent-mark-start]
2020-08-01T02:26:50.877+0800: 12411194.855: [CMS-concurrent-mark: 2.681/2.681 secs] [Times: user=5.64 sys=0.12, real=2.68 secs] 
2020-08-01T02:26:50.877+0800: 12411194.855: [CMS-concurrent-preclean-start]
2020-08-01T02:26:50.885+0800: 12411194.863: [CMS-concurrent-preclean: 0.008/0.008 secs] [Times: user=0.01 sys=0.00, real=0.01 secs] 
2020-08-01T02:26:50.885+0800: 12411194.863: [CMS-concurrent-abortable-preclean-start]
 CMS: abort preclean due to time 2020-08-01T02:26:56.050+0800: 12411200.028: [CMS-concurrent-abortable-preclean: 3.863/5.165 secs] [Times: user=4.39 sys=0.61, real=5.17 secs] 
2020-08-01T02:26:56.052+0800: 12411200.030: [GC (CMS Final Remark) [YG occupancy: 311582 K (737280 K)]2020-08-01T02:26:56.052+0800: 12411200.030: [Rescan (parallel) , 0.0271687 secs]2020-08-01T02:26:56.079+0800: 12411200.057: [weak refs processing, 0.0000595 secs]2020-08-01T02:26:56.079+0800: 12411200.057: [class unloading, 0.0175630 secs]2020-08-01T02:26:56.097+0800: 12411200.075: [scrub symbol table, 0.0063861 secs]2020-08-01T02:26:56.103+0800: 12411200.081: [scrub string table, 0.0008803 secs][1 CMS-remark: 4298909K(5472256K)] 4610492K(6209536K), 0.0522409 secs] [Times: user=0.22 sys=0.00, real=0.05 secs] 
2020-08-01T02:26:56.104+0800: 12411200.082: [CMS-concurrent-sweep-start]
2020-08-01T02:26:57.686+0800: 12411201.664: [CMS-concurrent-sweep: 1.580/1.582 secs] [Times: user=1.78 sys=0.18, real=1.58 secs] 
2020-08-01T02:26:57.686+0800: 12411201.664: [CMS-concurrent-reset-start]
2020-08-01T02:26:57.705+0800: 12411201.683: [CMS-concurrent-reset: 0.019/0.019 secs] [Times: user=0.02 sys=0.00, real=0.02 secs] 
2020-08-01T02:26:59.707+0800: 12411203.685: [GC (CMS Initial Mark) [1 CMS-initial-mark: 4295957K(5472256K)] 4721451K(6209536K), 0.0254283 secs] [Times: user=0.14 sys=0.00, real=0.02 secs] 
2020-08-01T02:26:59.733+0800: 12411203.711: [CMS-concurrent-mark-start]
2020-08-01T02:27:05.811+0800: 12411209.789: [CMS-concurrent-mark: 6.072/6.078 secs] [Times: user=7.53 sys=0.37, real=6.08 secs] 
2020-08-01T02:27:05.811+0800: 12411209.789: [CMS-concurrent-preclean-start]
2020-08-01T02:27:05.820+0800: 12411209.798: [CMS-concurrent-preclean: 0.009/0.009 secs] [Times: user=0.01 sys=0.00, real=0.01 secs] 
2020-08-01T02:27:05.822+0800: 12411209.800: [CMS-concurrent-abortable-preclean-start]
 CMS: abort preclean due to time 2020-08-01T02:27:11.034+0800: 12411215.012: [CMS-concurrent-abortable-preclean: 4.307/5.213 secs] [Times: user=4.99 sys=0.43, real=5.21 secs] 
2020-08-01T02:27:11.036+0800: 12411215.014: [GC (CMS Final Remark) [YG occupancy: 655525 K (737280 K)]2020-08-01T02:27:11.036+0800: 12411215.014: [Rescan (parallel) , 0.0668196 secs]2020-08-01T02:27:11.103+0800: 12411215.081: [weak refs processing, 0.0000500 secs]2020-08-01T02:27:11.103+0800: 12411215.081: [class unloading, 0.0176835 secs]2020-08-01T02:27:11.121+0800: 12411215.099: [scrub symbol table, 0.0062032 secs]2020-08-01T02:27:11.127+0800: 12411215.105: [scrub string table, 0.0008458 secs][1 CMS-remark: 4295957K(5472256K)] 4951482K(6209536K), 0.0917968 secs] [Times: user=0.39 sys=0.00, real=0.10 secs] 
2020-08-01T02:27:11.128+0800: 12411215.106: [CMS-concurrent-sweep-start]
2020-08-01T02:27:12.743+0800: 12411216.721: [CMS-concurrent-sweep: 1.615/1.615 secs] [Times: user=1.88 sys=0.06, real=1.61 secs] 
2020-08-01T02:27:12.743+0800: 12411216.721: [CMS-concurrent-reset-start]
2020-08-01T02:27:12.762+0800: 12411216.740: [CMS-concurrent-reset: 0.019/0.019 secs] [Times: user=0.01 sys=0.01, real=0.02 secs] 
2020-08-01T02:27:14.235+0800: 12411218.213: [GC (Allocation Failure) 2020-08-01T02:27:14.235+0800: 12411218.213: [ParNew: 737233K->81920K(737280K), 0.1055429 secs] 5033112K->4421024K(6209536K), 0.1057449 secs] [Times: user=0.53 sys=0.00, real=0.11 secs] 
2020-08-01T02:27:14.342+0800: 12411218.320: [GC (CMS Initial Mark) [1 CMS-initial-mark: 4339104K(5472256K)] 4428778K(6209536K), 0.0075999 secs] [Times: user=0.03 sys=0.00, real=0.01 secs] 
2020-08-01T02:27:14.350+0800: 12411218.328: [CMS-concurrent-mark-start]
2020-08-01T02:27:17.087+0800: 12411221.065: [CMS-concurrent-mark: 2.737/2.737 secs] [Times: user=6.28 sys=1.10, real=2.74 secs] 
2020-08-01T02:27:17.087+0800: 12411221.065: [CMS-concurrent-preclean-start]
2020-08-01T02:27:17.094+0800: 12411221.072: [CMS-concurrent-preclean: 0.007/0.008 secs] [Times: user=0.00 sys=0.00, real=0.00 secs] 
2020-08-01T02:27:17.094+0800: 12411221.072: [CMS-concurrent-abortable-preclean-start]
 CMS: abort preclean due to time 2020-08-01T02:27:22.267+0800: 12411226.245: [CMS-concurrent-abortable-preclean: 3.769/5.172 secs] [Times: user=4.46 sys=1.41, real=5.18 secs] 
2020-08-01T02:27:22.268+0800: 12411226.246: [GC (CMS Final Remark) [YG occupancy: 406606 K (737280 K)]2020-08-01T02:27:22.269+0800: 12411226.246: [Rescan (parallel) , 0.0218582 secs]2020-08-01T02:27:22.290+0800: 12411226.268: [weak refs processing, 0.0000791 secs]2020-08-01T02:27:22.291+0800: 12411226.268: [class unloading, 0.0174025 secs]2020-08-01T02:27:22.308+0800: 12411226.286: [scrub symbol table, 0.0062280 secs]2020-08-01T02:27:22.314+0800: 12411226.292: [scrub string table, 0.0008944 secs][1 CMS-remark: 4339104K(5472256K)] 4745710K(6209536K), 0.0466528 secs] [Times: user=0.18 sys=0.00, real=0.04 secs] 
2020-08-01T02:27:22.315+0800: 12411226.293: [CMS-concurrent-sweep-start]
2020-08-01T02:27:23.945+0800: 12411227.923: [CMS-concurrent-sweep: 1.630/1.630 secs] [Times: user=1.90 sys=0.15, real=1.63 secs] 
2020-08-01T02:27:23.945+0800: 12411227.923: [CMS-concurrent-reset-start]
2020-08-01T02:27:23.964+0800: 12411227.942: [CMS-concurrent-reset: 0.019/0.019 secs] [Times: user=0.02 sys=0.01, real=0.02 secs] 
2020-08-01T02:27:25.965+0800: 12411229.943: [GC (CMS Initial Mark) [1 CMS-initial-mark: 4339093K(5472256K)] 4864830K(6209536K), 0.0258683 secs] [Times: user=0.17 sys=0.00, real=0.03 secs] 
2020-08-01T02:27:25.991+0800: 12411229.969: [CMS-concurrent-mark-start]
2020-08-01T02:27:29.079+0800: 12411233.057: [CMS-concurrent-mark: 3.078/3.088 secs] [Times: user=6.57 sys=1.11, real=3.09 secs] 
2020-08-01T02:27:29.080+0800: 12411233.057: [CMS-concurrent-preclean-start]
2020-08-01T02:27:29.088+0800: 12411233.066: [CMS-concurrent-preclean: 0.008/0.008 secs] [Times: user=0.02 sys=0.00, real=0.01 secs] 
2020-08-01T02:27:29.088+0800: 12411233.066: [CMS-concurrent-abortable-preclean-start]
2020-08-01T02:27:32.961+0800: 12411236.939: [GC (Allocation Failure) 2020-08-01T02:27:32.961+0800: 12411236.939: [ParNew: 737280K->64344K(737280K), 0.0745996 secs] 5076373K->4430941K(6209536K), 0.0748030 secs] [Times: user=0.51 sys=0.00, real=0.07 secs] 
 CMS: abort preclean due to time 2020-08-01T02:27:34.269+0800: 12411238.247: [CMS-concurrent-abortable-preclean: 3.795/5.182 secs] [Times: user=4.96 sys=1.79, real=5.18 secs] 
2020-08-01T02:27:34.271+0800: 12411238.249: [GC (CMS Final Remark) [YG occupancy: 86592 K (737280 K)]2020-08-01T02:27:34.271+0800: 12411238.249: [Rescan (parallel) , 0.0134085 secs]2020-08-01T02:27:34.285+0800: 12411238.262: [weak refs processing, 0.0000440 secs]2020-08-01T02:27:34.285+0800: 12411238.262: [class unloading, 0.0203539 secs]2020-08-01T02:27:34.305+0800: 12411238.283: [scrub symbol table, 0.0062258 secs]2020-08-01T02:27:34.311+0800: 12411238.289: [scrub string table, 0.0008725 secs][1 CMS-remark: 4366597K(5472256K)] 4453190K(6209536K), 0.0410603 secs] [Times: user=0.10 sys=0.00, real=0.04 secs] 
2020-08-01T02:27:34.312+0800: 12411238.290: [CMS-concurrent-sweep-start]
2020-08-01T02:27:35.977+0800: 12411239.954: [CMS-concurrent-sweep: 1.664/1.664 secs] [Times: user=1.97 sys=0.52, real=1.66 secs] 
2020-08-01T02:27:35.977+0800: 12411239.954: [CMS-concurrent-reset-start]
2020-08-01T02:27:35.998+0800: 12411239.976: [CMS-concurrent-reset: 0.022/0.022 secs] [Times: user=0.03 sys=0.04, real=0.03 secs] 
2020-08-01T02:27:37.999+0800: 12411241.977: [GC (CMS Initial Mark) [1 CMS-initial-mark: 4359788K(5472256K)] 4514997K(6209536K), 0.0126036 secs] [Times: user=0.07 sys=0.00, real=0.01 secs] 
2020-08-01T02:27:38.012+0800: 12411241.990: [CMS-concurrent-mark-start]
2020-08-01T02:27:41.474+0800: 12411245.452: [CMS-concurrent-mark: 3.462/3.462 secs] [Times: user=7.46 sys=1.21, real=3.46 secs] 
2020-08-01T02:27:41.475+0800: 12411245.452: [CMS-concurrent-preclean-start]
2020-08-01T02:27:41.502+0800: 12411245.480: [CMS-concurrent-preclean: 0.027/0.028 secs] [Times: user=0.01 sys=0.05, real=0.03 secs] 
2020-08-01T02:27:41.502+0800: 12411245.480: [CMS-concurrent-abortable-preclean-start]
 CMS: abort preclean due to time 2020-08-01T02:27:46.700+0800: 12411250.677: [CMS-concurrent-abortable-preclean: 3.893/5.197 secs] [Times: user=4.45 sys=2.03, real=5.20 secs] 
2020-08-01T02:27:46.701+0800: 12411250.679: [GC (CMS Final Remark) [YG occupancy: 355299 K (737280 K)]2020-08-01T02:27:46.701+0800: 12411250.679: [Rescan (parallel) , 0.0234541 secs]2020-08-01T02:27:46.725+0800: 12411250.703: [weak refs processing, 0.0000360 secs]2020-08-01T02:27:46.725+0800: 12411250.703: [class unloading, 0.0172449 secs]2020-08-01T02:27:46.742+0800: 12411250.720: [scrub symbol table, 0.0062378 secs]2020-08-01T02:27:46.748+0800: 12411250.726: [scrub string table, 0.0008658 secs][1 CMS-remark: 4359788K(5472256K)] 4715088K(6209536K), 0.0480097 secs] [Times: user=0.21 sys=0.00, real=0.05 secs] 
2020-08-01T02:27:46.750+0800: 12411250.727: [CMS-concurrent-sweep-start]
2020-08-01T02:27:48.328+0800: 12411252.306: [CMS-concurrent-sweep: 1.578/1.578 secs] [Times: user=1.75 sys=0.10, real=1.58 secs] 
2020-08-01T02:27:48.328+0800: 12411252.306: [CMS-concurrent-reset-start]
2020-08-01T02:27:48.347+0800: 12411252.324: [CMS-concurrent-reset: 0.019/0.019 secs] [Times: user=0.02 sys=0.00, real=0.02 secs] 
2020-08-01T02:27:50.347+0800: 12411254.325: [GC (CMS Initial Mark) [1 CMS-initial-mark: 4357167K(5472256K)] 4777246K(6209536K), 0.0234899 secs] [Times: user=0.17 sys=0.01, real=0.02 secs] 
2020-08-01T02:27:50.371+0800: 12411254.349: [CMS-concurrent-mark-start]
2020-08-01T02:27:53.427+0800: 12411257.405: [CMS-concurrent-mark: 3.056/3.056 secs] [Times: user=6.74 sys=2.33, real=3.06 secs] 
2020-08-01T02:27:53.428+0800: 12411257.405: [CMS-concurrent-preclean-start]
2020-08-01T02:27:53.436+0800: 12411257.413: [CMS-concurrent-preclean: 0.008/0.008 secs] [Times: user=0.01 sys=0.00, real=0.00 secs] 
2020-08-01T02:27:53.436+0800: 12411257.414: [CMS-concurrent-abortable-preclean-start]
 CMS: abort preclean due to time 2020-08-01T02:27:58.461+0800: 12411262.439: [CMS-concurrent-abortable-preclean: 3.924/5.025 secs] [Times: user=4.77 sys=2.30, real=5.03 secs] 
2020-08-01T02:27:58.463+0800: 12411262.441: [GC (CMS Final Remark) [YG occupancy: 665880 K (737280 K)]2020-08-01T02:27:58.463+0800: 12411262.441: [Rescan (parallel) , 0.0451033 secs]2020-08-01T02:27:58.508+0800: 12411262.486: [weak refs processing, 0.0000556 secs]2020-08-01T02:27:58.508+0800: 12411262.486: [class unloading, 0.0186184 secs]2020-08-01T02:27:58.527+0800: 12411262.505: [scrub symbol table, 0.0063134 secs]2020-08-01T02:27:58.533+0800: 12411262.511: [scrub string table, 0.0008743 secs][1 CMS-remark: 4357167K(5472256K)] 5023048K(6209536K), 0.0711731 secs] [Times: user=0.33 sys=0.00, real=0.07 secs] 
2020-08-01T02:27:58.535+0800: 12411262.512: [CMS-concurrent-sweep-start]
2020-08-01T02:28:00.167+0800: 12411264.144: [CMS-concurrent-sweep: 1.628/1.632 secs] [Times: user=2.00 sys=0.67, real=1.64 secs] 
2020-08-01T02:28:00.167+0800: 12411264.145: [CMS-concurrent-reset-start]
2020-08-01T02:28:00.187+0800: 12411264.165: [CMS-concurrent-reset: 0.020/0.020 secs] [Times: user=0.01 sys=0.03, real=0.02 secs] 
2020-08-01T02:28:00.245+0800: 12411264.223: [GC (Allocation Failure) 2020-08-01T02:28:00.245+0800: 12411264.223: [ParNew: 719704K->64382K(737280K), 0.0666600 secs] 5076586K->4445115K(6209536K), 0.0668643 secs] [Times: user=0.46 sys=0.00, real=0.07 secs] 
2020-08-01T02:28:00.313+0800: 12411264.291: [GC (CMS Initial Mark) [1 CMS-initial-mark: 4380733K(5472256K)] 4445172K(6209536K), 0.0071920 secs] [Times: user=0.03 sys=0.00, real=0.01 secs] 
2020-08-01T02:28:00.321+0800: 12411264.299: [CMS-concurrent-mark-start]
2020-08-01T02:28:03.186+0800: 12411267.163: [CMS-concurrent-mark: 2.865/2.865 secs] [Times: user=6.24 sys=0.87, real=2.86 secs] 
2020-08-01T02:28:03.186+0800: 12411267.164: [CMS-concurrent-preclean-start]
2020-08-01T02:28:03.193+0800: 12411267.171: [CMS-concurrent-preclean: 0.007/0.007 secs] [Times: user=0.01 sys=0.00, real=0.01 secs] 
2020-08-01T02:28:03.193+0800: 12411267.171: [CMS-concurrent-abortable-preclean-start]
 CMS: abort preclean due to time 2020-08-01T02:28:08.342+0800: 12411272.320: [CMS-concurrent-abortable-preclean: 3.947/5.149 secs] [Times: user=5.04 sys=2.72, real=5.15 secs] 
2020-08-01T02:28:08.344+0800: 12411272.322: [GC (CMS Final Remark) [YG occupancy: 276321 K (737280 K)]2020-08-01T02:28:08.344+0800: 12411272.322: [Rescan (parallel) , 0.0261995 secs]2020-08-01T02:28:08.370+0800: 12411272.348: [weak refs processing, 0.0000710 secs]2020-08-01T02:28:08.370+0800: 12411272.348: [class unloading, 0.0173292 secs]2020-08-01T02:28:08.388+0800: 12411272.365: [scrub symbol table, 0.0063049 secs]2020-08-01T02:28:08.394+0800: 12411272.372: [scrub string table, 0.0008979 secs][1 CMS-remark: 4380733K(5472256K)] 4657054K(6209536K), 0.0510224 secs] [Times: user=0.15 sys=0.00, real=0.05 secs] 
2020-08-01T02:28:08.395+0800: 12411272.373: [CMS-concurrent-sweep-start]
2020-08-01T02:28:09.994+0800: 12411273.972: [CMS-concurrent-sweep: 1.599/1.599 secs] [Times: user=1.84 sys=0.35, real=1.60 secs] 
2020-08-01T02:28:09.994+0800: 12411273.972: [CMS-concurrent-reset-start]
2020-08-01T02:28:10.013+0800: 12411273.991: [CMS-concurrent-reset: 0.019/0.019 secs] [Times: user=0.02 sys=0.00, real=0.02 secs] 
2020-08-01T02:28:12.014+0800: 12411275.992: [GC (CMS Initial Mark) [1 CMS-initial-mark: 4380117K(5472256K)] 4727475K(6209536K), 0.0205392 secs] [Times: user=0.14 sys=0.00, real=0.02 secs] 
2020-08-01T02:28:12.035+0800: 12411276.012: [CMS-concurrent-mark-start]
2020-08-01T02:28:15.114+0800: 12411279.092: [CMS-concurrent-mark: 3.079/3.079 secs] [Times: user=6.75 sys=1.71, real=3.08 secs] 
2020-08-01T02:28:15.114+0800: 12411279.092: [CMS-concurrent-preclean-start]
2020-08-01T02:28:15.122+0800: 12411279.100: [CMS-concurrent-preclean: 0.008/0.008 secs] [Times: user=0.00 sys=0.00, real=0.01 secs] 
2020-08-01T02:28:15.122+0800: 12411279.100: [CMS-concurrent-abortable-preclean-start]
 CMS: abort preclean due to time 2020-08-01T02:28:20.221+0800: 12411284.199: [CMS-concurrent-abortable-preclean: 3.497/5.099 secs] [Times: user=3.92 sys=0.61, real=5.10 secs] 
2020-08-01T02:28:20.223+0800: 12411284.201: [GC (CMS Final Remark) [YG occupancy: 453872 K (737280 K)]2020-08-01T02:28:20.223+0800: 12411284.201: [Rescan (parallel) , 0.0297729 secs]2020-08-01T02:28:20.253+0800: 12411284.230: [weak refs processing, 0.0000377 secs]2020-08-01T02:28:20.253+0800: 12411284.230: [class unloading, 0.0171137 secs]2020-08-01T02:28:20.270+0800: 12411284.248: [scrub symbol table, 0.0063168 secs]2020-08-01T02:28:20.276+0800: 12411284.254: [scrub string table, 0.0008644 secs][1 CMS-remark: 4380117K(5472256K)] 4833990K(6209536K), 0.0543018 secs] [Times: user=0.24 sys=0.00, real=0.05 secs] 
2020-08-01T02:28:20.277+0800: 12411284.255: [CMS-concurrent-sweep-start]
2020-08-01T02:28:21.901+0800: 12411285.878: [CMS-concurrent-sweep: 1.623/1.623 secs] [Times: user=1.80 sys=0.23, real=1.63 secs] 
2020-08-01T02:28:21.901+0800: 12411285.879: [CMS-concurrent-reset-start]
2020-08-01T02:28:21.920+0800: 12411285.898: [CMS-concurrent-reset: 0.019/0.019 secs] [Times: user=0.02 sys=0.01, real=0.02 secs] 
2020-08-01T02:28:23.921+0800: 12411287.899: [GC (CMS Initial Mark) [1 CMS-initial-mark: 4379779K(5472256K)] 4900408K(6209536K), 0.0292828 secs] [Times: user=0.22 sys=0.00, real=0.03 secs] 
2020-08-01T02:28:23.950+0800: 12411287.928: [CMS-concurrent-mark-start]
2020-08-01T02:28:26.697+0800: 12411290.675: [CMS-concurrent-mark: 2.747/2.747 secs] [Times: user=5.83 sys=0.30, real=2.74 secs] 
2020-08-01T02:28:26.697+0800: 12411290.675: [CMS-concurrent-preclean-start]
2020-08-01T02:28:26.705+0800: 12411290.683: [CMS-concurrent-preclean: 0.008/0.008 secs] [Times: user=0.01 sys=0.01, real=0.01 secs] 
2020-08-01T02:28:26.705+0800: 12411290.683: [CMS-concurrent-abortable-preclean-start]
 CMS: abort preclean due to time 2020-08-01T02:28:31.755+0800: 12411295.732: [CMS-concurrent-abortable-preclean: 3.543/5.050 secs] [Times: user=4.13 sys=1.53, real=5.05 secs] 
2020-08-01T02:28:31.756+0800: 12411295.734: [GC (CMS Final Remark) [YG occupancy: 620446 K (737280 K)]2020-08-01T02:28:31.756+0800: 12411295.734: [Rescan (parallel) , 0.0417352 secs]2020-08-01T02:28:31.798+0800: 12411295.776: [weak refs processing, 0.0000386 secs]2020-08-01T02:28:31.798+0800: 12411295.776: [class unloading, 0.0176028 secs]2020-08-01T02:28:31.816+0800: 12411295.794: [scrub symbol table, 0.0062818 secs]2020-08-01T02:28:31.822+0800: 12411295.800: [scrub string table, 0.0008824 secs][1 CMS-remark: 4379779K(5472256K)] 5000225K(6209536K), 0.0668165 secs] [Times: user=0.32 sys=0.00, real=0.07 secs] 
2020-08-01T02:28:31.823+0800: 12411295.801: [CMS-concurrent-sweep-start]
2020-08-01T02:28:33.541+0800: 12411297.519: [CMS-concurrent-sweep: 1.714/1.718 secs] [Times: user=2.09 sys=0.79, real=1.72 secs] 
2020-08-01T02:28:33.541+0800: 12411297.519: [CMS-concurrent-reset-start]
2020-08-01T02:28:33.560+0800: 12411297.538: [CMS-concurrent-reset: 0.019/0.019 secs] [Times: user=0.02 sys=0.01, real=0.02 secs] 
2020-08-01T02:28:35.561+0800: 12411299.539: [GC (CMS Initial Mark) [1 CMS-initial-mark: 4379778K(5472256K)] 5065446K(6209536K), 0.0399138 secs] [Times: user=0.30 sys=0.00, real=0.04 secs] 
2020-08-01T02:28:35.601+0800: 12411299.579: [CMS-concurrent-mark-start]
2020-08-01T02:28:38.344+0800: 12411302.321: [GC (Allocation Failure) 2020-08-01T02:28:38.344+0800: 12411302.322: [ParNew: 719742K->60975K(737280K), 0.0653704 secs] 5099521K->4463552K(6209536K), 0.0655671 secs] [Times: user=0.43 sys=0.00, real=0.07 secs] 
2020-08-01T02:28:38.447+0800: 12411302.425: [CMS-concurrent-mark: 2.774/2.846 secs] [Times: user=6.09 sys=0.55, real=2.85 secs] 
2020-08-01T02:28:38.448+0800: 12411302.425: [CMS-concurrent-preclean-start]
2020-08-01T02:28:38.472+0800: 12411302.450: [CMS-concurrent-preclean: 0.024/0.025 secs] [Times: user=0.02 sys=0.00, real=0.02 secs] 
2020-08-01T02:28:38.472+0800: 12411302.450: [CMS-concurrent-abortable-preclean-start]
 CMS: abort preclean due to time 2020-08-01T02:28:43.602+0800: 12411307.580: [CMS-concurrent-abortable-preclean: 3.728/5.129 secs] [Times: user=4.28 sys=1.66, real=5.13 secs] 
2020-08-01T02:28:43.603+0800: 12411307.581: [GC (CMS Final Remark) [YG occupancy: 183403 K (737280 K)]2020-08-01T02:28:43.603+0800: 12411307.581: [Rescan (parallel) , 0.0163196 secs]2020-08-01T02:28:43.620+0800: 12411307.598: [weak refs processing, 0.0000359 secs]2020-08-01T02:28:43.620+0800: 12411307.598: [class unloading, 0.0170279 secs]2020-08-01T02:28:43.637+0800: 12411307.615: [scrub symbol table, 0.0061645 secs]2020-08-01T02:28:43.643+0800: 12411307.621: [scrub string table, 0.0008843 secs][1 CMS-remark: 4402576K(5472256K)] 4585979K(6209536K), 0.0406037 secs] [Times: user=0.14 sys=0.00, real=0.04 secs] 
2020-08-01T02:28:43.644+0800: 12411307.622: [CMS-concurrent-sweep-start]
2020-08-01T02:28:45.240+0800: 12411309.218: [CMS-concurrent-sweep: 1.596/1.596 secs] [Times: user=1.80 sys=0.24, real=1.60 secs] 
2020-08-01T02:28:45.240+0800: 12411309.218: [CMS-concurrent-reset-start]
2020-08-01T02:28:45.259+0800: 12411309.237: [CMS-concurrent-reset: 0.019/0.019 secs] [Times: user=0.02 sys=0.00, real=0.02 secs] 
2020-08-01T02:28:47.260+0800: 12411311.238: [GC (CMS Initial Mark) [1 CMS-initial-mark: 4402447K(5472256K)] 4652621K(6209536K), 0.0202052 secs] [Times: user=0.11 sys=0.00, real=0.02 secs] 
2020-08-01T02:28:47.281+0800: 12411311.259: [CMS-concurrent-mark-start]
2020-08-01T02:28:49.917+0800: 12411313.895: [CMS-concurrent-mark: 2.636/2.636 secs] [Times: user=5.59 sys=0.45, real=2.63 secs] 
2020-08-01T02:28:49.917+0800: 12411313.895: [CMS-concurrent-preclean-start]
2020-08-01T02:28:49.925+0800: 12411313.903: [CMS-concurrent-preclean: 0.008/0.008 secs] [Times: user=0.00 sys=0.00, real=0.01 secs] 
2020-08-01T02:28:49.926+0800: 12411313.903: [CMS-concurrent-abortable-preclean-start]
 CMS: abort preclean due to time 2020-08-01T02:28:55.104+0800: 12411319.081: [CMS-concurrent-abortable-preclean: 3.617/5.178 secs] [Times: user=4.54 sys=2.63, real=5.18 secs] 
2020-08-01T02:28:55.105+0800: 12411319.083: [GC (CMS Final Remark) [YG occupancy: 348191 K (737280 K)]2020-08-01T02:28:55.105+0800: 12411319.083: [Rescan (parallel) , 0.0245799 secs]2020-08-01T02:28:55.130+0800: 12411319.108: [weak refs processing, 0.0000681 secs]2020-08-01T02:28:55.130+0800: 12411319.108: [class unloading, 0.0180931 secs]2020-08-01T02:28:55.148+0800: 12411319.126: [scrub symbol table, 0.0062345 secs]2020-08-01T02:28:55.154+0800: 12411319.132: [scrub string table, 0.0009121 secs][1 CMS-remark: 4402447K(5472256K)] 4750638K(6209536K), 0.0500674 secs] [Times: user=0.20 sys=0.00, real=0.05 secs] 
2020-08-01T02:28:55.156+0800: 12411319.133: [CMS-concurrent-sweep-start]
2020-08-01T02:28:56.733+0800: 12411320.711: [CMS-concurrent-sweep: 1.576/1.578 secs] [Times: user=1.70 sys=0.08, real=1.58 secs] 
2020-08-01T02:28:56.734+0800: 12411320.711: [CMS-concurrent-reset-start]
2020-08-01T02:28:56.752+0800: 12411320.730: [CMS-concurrent-reset: 0.018/0.018 secs] [Times: user=0.02 sys=0.00, real=0.02 secs] 
2020-08-01T02:28:58.753+0800: 12411322.731: [GC (CMS Initial Mark) [1 CMS-initial-mark: 4401620K(5472256K)] 4848689K(6209536K), 0.0263383 secs] [Times: user=0.19 sys=0.00, real=0.03 secs] 
2020-08-01T02:28:58.779+0800: 12411322.757: [CMS-concurrent-mark-start]
2020-08-01T02:29:01.579+0800: 12411325.557: [CMS-concurrent-mark: 2.793/2.800 secs] [Times: user=6.35 sys=0.76, real=2.80 secs] 
2020-08-01T02:29:01.579+0800: 12411325.557: [CMS-concurrent-preclean-start]
2020-08-01T02:29:01.587+0800: 12411325.565: [CMS-concurrent-preclean: 0.008/0.008 secs] [Times: user=0.01 sys=0.00, real=0.01 secs] 
2020-08-01T02:29:01.588+0800: 12411325.565: [CMS-concurrent-abortable-preclean-start]
 CMS: abort preclean due to time 2020-08-01T02:29:06.639+0800: 12411330.617: [CMS-concurrent-abortable-preclean: 3.450/5.052 secs] [Times: user=4.44 sys=1.71, real=5.05 secs] 
2020-08-01T02:29:06.641+0800: 12411330.619: [GC (CMS Final Remark) [YG occupancy: 674489 K (737280 K)]2020-08-01T02:29:06.641+0800: 12411330.619: [Rescan (parallel) , 0.0494411 secs]2020-08-01T02:29:06.691+0800: 12411330.669: [weak refs processing, 0.0000435 secs]2020-08-01T02:29:06.691+0800: 12411330.669: [class unloading, 0.0181826 secs]2020-08-01T02:29:06.709+0800: 12411330.687: [scrub symbol table, 0.0063979 secs]2020-08-01T02:29:06.715+0800: 12411330.693: [scrub string table, 0.0009008 secs][1 CMS-remark: 4401620K(5472256K)] 5076109K(6209536K), 0.0751760 secs] [Times: user=0.37 sys=0.00, real=0.07 secs] 
2020-08-01T02:29:06.717+0800: 12411330.694: [CMS-concurrent-sweep-start]
2020-08-01T02:29:07.035+0800: 12411331.013: [GC (Allocation Failure) 2020-08-01T02:29:07.035+0800: 12411331.013: [ParNew: 716335K->71410K(737280K), 0.0766524 secs] 5117953K->4495157K(6209536K), 0.0768567 secs] [Times: user=0.41 sys=0.00, real=0.08 secs] 
2020-08-01T02:29:08.479+0800: 12411332.457: [CMS-concurrent-sweep: 1.684/1.763 secs] [Times: user=2.71 sys=0.61, real=1.77 secs] 
2020-08-01T02:29:08.479+0800: 12411332.457: [CMS-concurrent-reset-start]
2020-08-01T02:29:08.500+0800: 12411332.478: [CMS-concurrent-reset: 0.021/0.021 secs] [Times: user=0.03 sys=0.00, real=0.02 secs] 
2020-08-01T02:29:10.501+0800: 12411334.479: [GC (CMS Initial Mark) [1 CMS-initial-mark: 4423677K(5472256K)] 4618384K(6209536K), 0.0163096 secs] [Times: user=0.09 sys=0.00, real=0.01 secs] 
2020-08-01T02:29:10.517+0800: 12411334.495: [CMS-concurrent-mark-start]
2020-08-01T02:29:14.645+0800: 12411338.623: [CMS-concurrent-mark: 4.128/4.128 secs] [Times: user=9.12 sys=1.39, real=4.13 secs] 
2020-08-01T02:29:14.646+0800: 12411338.623: [CMS-concurrent-preclean-start]
2020-08-01T02:29:14.654+0800: 12411338.632: [CMS-concurrent-preclean: 0.008/0.008 secs] [Times: user=0.01 sys=0.00, real=0.01 secs] 
2020-08-01T02:29:14.654+0800: 12411338.632: [CMS-concurrent-abortable-preclean-start]
 CMS: abort preclean due to time 2020-08-01T02:29:19.705+0800: 12411343.683: [CMS-concurrent-abortable-preclean: 3.549/5.051 secs] [Times: user=4.29 sys=1.29, real=5.05 secs] 
2020-08-01T02:29:19.707+0800: 12411343.684: [GC (CMS Final Remark) [YG occupancy: 371031 K (737280 K)]2020-08-01T02:29:19.707+0800: 12411343.684: [Rescan (parallel) , 0.0253876 secs]2020-08-01T02:29:19.732+0800: 12411343.710: [weak refs processing, 0.0000483 secs]2020-08-01T02:29:19.732+0800: 12411343.710: [class unloading, 0.0173405 secs]2020-08-01T02:29:19.749+0800: 12411343.727: [scrub symbol table, 0.0061220 secs]2020-08-01T02:29:19.756+0800: 12411343.733: [scrub string table, 0.0008481 secs][1 CMS-remark: 4423677K(5472256K)] 4794709K(6209536K), 0.0499120 secs] [Times: user=0.22 sys=0.00, real=0.04 secs] 
2020-08-01T02:29:19.757+0800: 12411343.735: [CMS-concurrent-sweep-start]
2020-08-01T02:29:21.477+0800: 12411345.455: [CMS-concurrent-sweep: 1.720/1.720 secs] [Times: user=2.07 sys=0.88, real=1.72 secs] 
2020-08-01T02:29:21.477+0800: 12411345.455: [CMS-concurrent-reset-start]
2020-08-01T02:29:21.496+0800: 12411345.474: [CMS-concurrent-reset: 0.019/0.019 secs] [Times: user=0.02 sys=0.00, real=0.02 secs] 
2020-08-01T02:29:23.496+0800: 12411347.474: [GC (CMS Initial Mark) [1 CMS-initial-mark: 4423157K(5472256K)] 4874298K(6209536K), 0.0323544 secs] [Times: user=0.20 sys=0.00, real=0.04 secs] 
2020-08-01T02:29:23.529+0800: 12411347.507: [CMS-concurrent-mark-start]
2020-08-01T02:29:26.429+0800: 12411350.407: [CMS-concurrent-mark: 2.898/2.900 secs] [Times: user=6.33 sys=1.08, real=2.90 secs] 
2020-08-01T02:29:26.429+0800: 12411350.407: [CMS-concurrent-preclean-start]
2020-08-01T02:29:26.438+0800: 12411350.415: [CMS-concurrent-preclean: 0.008/0.008 secs] [Times: user=0.02 sys=0.00, real=0.00 secs] 
2020-08-01T02:29:26.438+0800: 12411350.415: [CMS-concurrent-abortable-preclean-start]
 CMS: abort preclean due to time 2020-08-01T02:29:31.577+0800: 12411355.555: [CMS-concurrent-abortable-preclean: 3.625/5.139 secs] [Times: user=4.63 sys=1.74, real=5.14 secs] 
2020-08-01T02:29:31.579+0800: 12411355.557: [GC (CMS Final Remark) [YG occupancy: 650861 K (737280 K)]2020-08-01T02:29:31.579+0800: 12411355.557: [Rescan (parallel) , 0.0424726 secs]2020-08-01T02:29:31.621+0800: 12411355.599: [weak refs processing, 0.0000363 secs]2020-08-01T02:29:31.621+0800: 12411355.599: [class unloading, 0.0172472 secs]2020-08-01T02:29:31.639+0800: 12411355.616: [scrub symbol table, 0.0061169 secs]2020-08-01T02:29:31.645+0800: 12411355.623: [scrub string table, 0.0008758 secs][1 CMS-remark: 4423157K(5472256K)] 5074018K(6209536K), 0.0669387 secs] [Times: user=0.35 sys=0.00, real=0.06 secs] 
2020-08-01T02:29:31.646+0800: 12411355.624: [CMS-concurrent-sweep-start]
2020-08-01T02:29:33.390+0800: 12411357.368: [CMS-concurrent-sweep: 1.744/1.744 secs] [Times: user=2.04 sys=0.52, real=1.75 secs] 
2020-08-01T02:29:33.390+0800: 12411357.368: [CMS-concurrent-reset-start]
2020-08-01T02:29:33.410+0800: 12411357.387: [CMS-concurrent-reset: 0.019/0.019 secs] [Times: user=0.02 sys=0.04, real=0.02 secs] 
2020-08-01T02:29:35.234+0800: 12411359.211: [GC (Allocation Failure) 2020-08-01T02:29:35.234+0800: 12411359.212: [ParNew: 726770K->81920K(737280K), 0.0647906 secs] 5149795K->4525375K(6209536K), 0.0649865 secs] [Times: user=0.44 sys=0.00, real=0.07 secs] 
2020-08-01T02:29:35.300+0800: 12411359.278: [GC (CMS Initial Mark) [1 CMS-initial-mark: 4443455K(5472256K)] 4525653K(6209536K), 0.0064128 secs] [Times: user=0.03 sys=0.00, real=0.01 secs] 
2020-08-01T02:29:35.307+0800: 12411359.285: [CMS-concurrent-mark-start]
2020-08-01T02:29:39.496+0800: 12411363.474: [CMS-concurrent-mark: 4.188/4.189 secs] [Times: user=9.12 sys=1.47, real=4.18 secs] 
2020-08-01T02:29:39.497+0800: 12411363.474: [CMS-concurrent-preclean-start]
2020-08-01T02:29:39.504+0800: 12411363.482: [CMS-concurrent-preclean: 0.007/0.007 secs] [Times: user=0.01 sys=0.00, real=0.01 secs] 
2020-08-01T02:29:39.504+0800: 12411363.482: [CMS-concurrent-abortable-preclean-start]
 CMS: abort preclean due to time 2020-08-01T02:29:44.663+0800: 12411368.641: [CMS-concurrent-abortable-preclean: 3.957/5.159 secs] [Times: user=4.76 sys=2.75, real=5.16 secs] 
2020-08-01T02:29:44.664+0800: 12411368.642: [GC (CMS Final Remark) [YG occupancy: 291082 K (737280 K)]2020-08-01T02:29:44.664+0800: 12411368.642: [Rescan (parallel) , 0.0190415 secs]2020-08-01T02:29:44.684+0800: 12411368.661: [weak refs processing, 0.0000510 secs]2020-08-01T02:29:44.684+0800: 12411368.661: [class unloading, 0.0179569 secs]2020-08-01T02:29:44.702+0800: 12411368.679: [scrub symbol table, 0.0064232 secs]2020-08-01T02:29:44.708+0800: 12411368.686: [scrub string table, 0.0008806 secs][1 CMS-remark: 4443455K(5472256K)] 4734537K(6209536K), 0.0445473 secs] [Times: user=0.17 sys=0.00, real=0.05 secs] 
2020-08-01T02:29:44.709+0800: 12411368.687: [CMS-concurrent-sweep-start]
2020-08-01T02:29:46.410+0800: 12411370.388: [CMS-concurrent-sweep: 1.701/1.701 secs] [Times: user=1.89 sys=0.40, real=1.70 secs] 
2020-08-01T02:29:46.411+0800: 12411370.388: [CMS-concurrent-reset-start]
2020-08-01T02:29:46.429+0800: 12411370.407: [CMS-concurrent-reset: 0.019/0.019 secs] [Times: user=0.01 sys=0.01, real=0.02 secs] 
2020-08-01T02:29:48.430+0800: 12411372.408: [GC (CMS Initial Mark) [1 CMS-initial-mark: 4443448K(5472256K)] 4773863K(6209536K), 0.0189098 secs] [Times: user=0.14 sys=0.00, real=0.02 secs] 
2020-08-01T02:29:48.449+0800: 12411372.427: [CMS-concurrent-mark-start]
2020-08-01T02:29:51.199+0800: 12411375.177: [CMS-concurrent-mark: 2.749/2.749 secs] [Times: user=5.96 sys=0.60, real=2.75 secs] 
2020-08-01T02:29:51.199+0800: 12411375.177: [CMS-concurrent-preclean-start]
2020-08-01T02:29:51.207+0800: 12411375.185: [CMS-concurrent-preclean: 0.008/0.008 secs] [Times: user=0.01 sys=0.01, real=0.01 secs] 
2020-08-01T02:29:51.207+0800: 12411375.185: [CMS-concurrent-abortable-preclean-start]
 CMS: abort preclean due to time 2020-08-01T02:29:56.227+0800: 12411380.205: [CMS-concurrent-abortable-preclean: 3.619/5.020 secs] [Times: user=4.54 sys=2.31, real=5.02 secs] 
2020-08-01T02:29:56.229+0800: 12411380.207: [GC (CMS Final Remark) [YG occupancy: 522472 K (737280 K)]2020-08-01T02:29:56.229+0800: 12411380.207: [Rescan (parallel) , 0.0426857 secs]2020-08-01T02:29:56.272+0800: 12411380.249: [weak refs processing, 0.0000385 secs]2020-08-01T02:29:56.272+0800: 12411380.249: [class unloading, 0.0181705 secs]2020-08-01T02:29:56.290+0800: 12411380.268: [scrub symbol table, 0.0069098 secs]2020-08-01T02:29:56.297+0800: 12411380.275: [scrub string table, 0.0009186 secs][1 CMS-remark: 4443448K(5472256K)] 4965921K(6209536K), 0.0689155 secs] [Times: user=0.32 sys=0.00, real=0.06 secs] 
2020-08-01T02:29:56.298+0800: 12411380.276: [CMS-concurrent-sweep-start]
2020-08-01T02:29:57.906+0800: 12411381.884: [CMS-concurrent-sweep: 1.608/1.608 secs] [Times: user=1.79 sys=0.10, real=1.61 secs] 
2020-08-01T02:29:57.906+0800: 12411381.884: [CMS-concurrent-reset-start]
2020-08-01T02:29:57.928+0800: 12411381.906: [CMS-concurrent-reset: 0.022/0.022 secs] [Times: user=0.04 sys=0.01, real=0.03 secs] 
2020-08-01T02:29:59.929+0800: 12411383.907: [GC (CMS Initial Mark) [1 CMS-initial-mark: 4441525K(5472256K)] 5017277K(6209536K), 0.0322431 secs] [Times: user=0.25 sys=0.00, real=0.03 secs] 
2020-08-01T02:29:59.961+0800: 12411383.939: [CMS-concurrent-mark-start]
2020-08-01T02:30:05.213+0800: 12411389.191: [CMS-concurrent-mark: 5.252/5.252 secs] [Times: user=6.38 sys=1.34, real=5.25 secs] 
2020-08-01T02:30:05.213+0800: 12411389.191: [CMS-concurrent-preclean-start]
2020-08-01T02:30:05.221+0800: 12411389.199: [CMS-concurrent-preclean: 0.008/0.008 secs] [Times: user=0.01 sys=0.00, real=0.01 secs] 
2020-08-01T02:30:05.221+0800: 12411389.199: [CMS-concurrent-abortable-preclean-start]
 CMS: abort preclean due to time 2020-08-01T02:30:10.233+0800: 12411394.211: [CMS-concurrent-abortable-preclean: 3.910/5.011 secs] [Times: user=4.65 sys=1.73, real=5.01 secs] 
2020-08-01T02:30:10.234+0800: 12411394.212: [GC (CMS Final Remark) [YG occupancy: 707850 K (737280 K)]2020-08-01T02:30:10.234+0800: 12411394.212: [Rescan (parallel) , 0.0475485 secs]2020-08-01T02:30:10.282+0800: 12411394.260: [weak refs processing, 0.0000507 secs]2020-08-01T02:30:10.282+0800: 12411394.260: [class unloading, 0.0173500 secs]2020-08-01T02:30:10.299+0800: 12411394.277: [scrub symbol table, 0.0062348 secs]2020-08-01T02:30:10.306+0800: 12411394.284: [scrub string table, 0.0009243 secs][1 CMS-remark: 4441525K(5472256K)] 5149376K(6209536K), 0.0723010 secs] [Times: user=0.36 sys=0.01, real=0.08 secs] 
2020-08-01T02:30:10.307+0800: 12411394.285: [CMS-concurrent-sweep-start]
2020-08-01T02:30:12.014+0800: 12411395.992: [CMS-concurrent-sweep: 1.707/1.707 secs] [Times: user=1.97 sys=0.38, real=1.70 secs] 
2020-08-01T02:30:12.014+0800: 12411395.992: [CMS-concurrent-reset-start]
2020-08-01T02:30:12.033+0800: 12411396.011: [CMS-concurrent-reset: 0.019/0.019 secs] [Times: user=0.02 sys=0.00, real=0.02 secs] 
2020-08-01T02:30:12.399+0800: 12411396.377: [GC (Allocation Failure) 2020-08-01T02:30:12.400+0800: 12411396.377: [ParNew: 737280K->69820K(737280K), 0.0759514 secs] 5178675K->4538402K(6209536K), 0.0761747 secs] [Times: user=0.48 sys=0.00, real=0.07 secs] 
2020-08-01T02:30:12.481+0800: 12411396.459: [GC (CMS Initial Mark) [1 CMS-initial-mark: 4468581K(5472256K)] 4546168K(6209536K), 0.0080824 secs] [Times: user=0.04 sys=0.00, real=0.01 secs] 
2020-08-01T02:30:12.489+0800: 12411396.467: [CMS-concurrent-mark-start]
2020-08-01T02:30:15.256+0800: 12411399.234: [CMS-concurrent-mark: 2.767/2.767 secs] [Times: user=6.10 sys=1.16, real=2.76 secs] 
2020-08-01T02:30:15.256+0800: 12411399.234: [CMS-concurrent-preclean-start]
2020-08-01T02:30:15.263+0800: 12411399.241: [CMS-concurrent-preclean: 0.008/0.008 secs] [Times: user=0.01 sys=0.00, real=0.01 secs] 
2020-08-01T02:30:15.264+0800: 12411399.241: [CMS-concurrent-abortable-preclean-start]
 CMS: abort preclean due to time 2020-08-01T02:30:20.359+0800: 12411404.336: [CMS-concurrent-abortable-preclean: 3.691/5.095 secs] [Times: user=4.34 sys=1.05, real=5.10 secs] 
2020-08-01T02:30:20.360+0800: 12411404.338: [GC (CMS Final Remark) [YG occupancy: 242503 K (737280 K)]2020-08-01T02:30:20.360+0800: 12411404.338: [Rescan (parallel) , 0.0159992 secs]2020-08-01T02:30:20.376+0800: 12411404.354: [weak refs processing, 0.0000469 secs]2020-08-01T02:30:20.376+0800: 12411404.354: [class unloading, 0.0174314 secs]2020-08-01T02:30:20.394+0800: 12411404.372: [scrub symbol table, 0.0064192 secs]2020-08-01T02:30:20.400+0800: 12411404.378: [scrub string table, 0.0009847 secs][1 CMS-remark: 4468581K(5472256K)] 4711085K(6209536K), 0.0410941 secs] [Times: user=0.15 sys=0.00, real=0.04 secs] 
2020-08-01T02:30:20.402+0800: 12411404.380: [CMS-concurrent-sweep-start]
2020-08-01T02:30:22.100+0800: 12411406.078: [CMS-concurrent-sweep: 1.699/1.699 secs] [Times: user=2.04 sys=0.58, real=1.70 secs] 
2020-08-01T02:30:22.100+0800: 12411406.078: [CMS-concurrent-reset-start]
2020-08-01T02:30:22.119+0800: 12411406.097: [CMS-concurrent-reset: 0.019/0.019 secs] [Times: user=0.02 sys=0.00, real=0.02 secs] 
2020-08-01T02:30:24.120+0800: 12411408.098: [GC (CMS Initial Mark) [1 CMS-initial-mark: 4468384K(5472256K)] 4753486K(6209536K), 0.0162150 secs] [Times: user=0.12 sys=0.00, real=0.01 secs] 
2020-08-01T02:30:24.136+0800: 12411408.114: [CMS-concurrent-mark-start]
2020-08-01T02:30:28.346+0800: 12411412.324: [CMS-concurrent-mark: 4.210/4.210 secs] [Times: user=9.40 sys=2.34, real=4.21 secs] 
2020-08-01T02:30:28.346+0800: 12411412.324: [CMS-concurrent-preclean-start]
2020-08-01T02:30:28.355+0800: 12411412.333: [CMS-concurrent-preclean: 0.009/0.009 secs] [Times: user=0.01 sys=0.00, real=0.01 secs] 
2020-08-01T02:30:28.355+0800: 12411412.333: [CMS-concurrent-abortable-preclean-start]
 CMS: abort preclean due to time 2020-08-01T02:30:33.599+0800: 12411417.577: [CMS-concurrent-abortable-preclean: 3.823/5.244 secs] [Times: user=4.94 sys=1.80, real=5.25 secs] 
2020-08-01T02:30:33.601+0800: 12411417.579: [GC (CMS Final Remark) [YG occupancy: 580151 K (737280 K)]2020-08-01T02:30:33.601+0800: 12411417.579: [Rescan (parallel) , 0.0414674 secs]2020-08-01T02:30:33.643+0800: 12411417.620: [weak refs processing, 0.0000608 secs]2020-08-01T02:30:33.643+0800: 12411417.621: [class unloading, 0.0175979 secs]2020-08-01T02:30:33.660+0800: 12411417.638: [scrub symbol table, 0.0061484 secs]2020-08-01T02:30:33.667+0800: 12411417.644: [scrub string table, 0.0008676 secs][1 CMS-remark: 4468384K(5472256K)] 5048535K(6209536K), 0.0663347 secs] [Times: user=0.33 sys=0.00, real=0.07 secs] 
2020-08-01T02:30:33.668+0800: 12411417.646: [CMS-concurrent-sweep-start]
2020-08-01T02:30:35.370+0800: 12411419.348: [CMS-concurrent-sweep: 1.702/1.702 secs] [Times: user=2.00 sys=0.40, real=1.70 secs] 
2020-08-01T02:30:35.370+0800: 12411419.348: [CMS-concurrent-reset-start]
2020-08-01T02:30:35.388+0800: 12411419.366: [CMS-concurrent-reset: 0.018/0.018 secs] [Times: user=0.02 sys=0.00, real=0.02 secs] 
2020-08-01T02:30:37.390+0800: 12411421.367: [GC (CMS Initial Mark) [1 CMS-initial-mark: 4468380K(5472256K)] 5128154K(6209536K), 0.0422849 secs] [Times: user=0.29 sys=0.00, real=0.04 secs] 
2020-08-01T02:30:37.432+0800: 12411421.410: [CMS-concurrent-mark-start]
2020-08-01T02:30:41.593+0800: 12411425.571: [CMS-concurrent-mark: 4.161/4.161 secs] [Times: user=8.89 sys=0.65, real=4.16 secs] 
2020-08-01T02:30:41.594+0800: 12411425.571: [CMS-concurrent-preclean-start]
2020-08-01T02:30:41.607+0800: 12411425.585: [CMS-concurrent-preclean: 0.013/0.014 secs] [Times: user=0.01 sys=0.00, real=0.02 secs] 
2020-08-01T02:30:41.607+0800: 12411425.585: [CMS-concurrent-abortable-preclean-start]
2020-08-01T02:30:42.658+0800: 12411426.636: [GC (Allocation Failure) 2020-08-01T02:30:42.658+0800: 12411426.636: [ParNew: 725180K->66972K(737280K), 0.0810258 secs] 5193560K->4564094K(6209536K), 0.0812428 secs] [Times: user=0.55 sys=0.00, real=0.09 secs] 
 CMS: abort preclean due to time 2020-08-01T02:30:46.807+0800: 12411430.785: [CMS-concurrent-abortable-preclean: 3.808/5.200 secs] [Times: user=5.09 sys=1.65, real=5.20 secs] 
2020-08-01T02:30:46.809+0800: 12411430.787: [GC (CMS Final Remark) [YG occupancy: 128551 K (737280 K)]2020-08-01T02:30:46.809+0800: 12411430.787: [Rescan (parallel) , 0.0120554 secs]2020-08-01T02:30:46.821+0800: 12411430.799: [weak refs processing, 0.0000376 secs]2020-08-01T02:30:46.821+0800: 12411430.799: [class unloading, 0.0174252 secs]2020-08-01T02:30:46.838+0800: 12411430.816: [scrub symbol table, 0.0061814 secs]2020-08-01T02:30:46.845+0800: 12411430.822: [scrub string table, 0.0008442 secs][1 CMS-remark: 4497122K(5472256K)] 4625673K(6209536K), 0.0367342 secs] [Times: user=0.12 sys=0.00, real=0.03 secs] 
2020-08-01T02:30:46.846+0800: 12411430.824: [CMS-concurrent-sweep-start]
2020-08-01T02:30:48.710+0800: 12411432.688: [CMS-concurrent-sweep: 1.864/1.864 secs] [Times: user=2.23 sys=1.05, real=1.87 secs] 
2020-08-01T02:30:48.710+0800: 12411432.688: [CMS-concurrent-reset-start]
2020-08-01T02:30:48.731+0800: 12411432.709: [CMS-concurrent-reset: 0.021/0.021 secs] [Times: user=0.02 sys=0.01, real=0.02 secs] 
2020-08-01T02:30:50.732+0800: 12411434.710: [GC (CMS Initial Mark) [1 CMS-initial-mark: 4497120K(5472256K)] 4714946K(6209536K), 0.0206644 secs] [Times: user=0.10 sys=0.00, real=0.02 secs] 
2020-08-01T02:30:50.753+0800: 12411434.731: [CMS-concurrent-mark-start]
2020-08-01T02:30:53.680+0800: 12411437.658: [CMS-concurrent-mark: 2.917/2.927 secs] [Times: user=6.42 sys=0.81, real=2.93 secs] 
2020-08-01T02:30:53.680+0800: 12411437.658: [CMS-concurrent-preclean-start]
2020-08-01T02:30:53.688+0800: 12411437.666: [CMS-concurrent-preclean: 0.007/0.008 secs] [Times: user=0.01 sys=0.00, real=0.01 secs] 
2020-08-01T02:30:53.688+0800: 12411437.666: [CMS-concurrent-abortable-preclean-start]
 CMS: abort preclean due to time 2020-08-01T02:30:58.999+0800: 12411442.977: [CMS-concurrent-abortable-preclean: 4.107/5.311 secs] [Times: user=5.08 sys=2.52, real=5.31 secs] 
2020-08-01T02:30:59.001+0800: 12411442.979: [GC (CMS Final Remark) [YG occupancy: 383035 K (737280 K)]2020-08-01T02:30:59.001+0800: 12411442.979: [Rescan (parallel) , 0.0439492 secs]2020-08-01T02:30:59.045+0800: 12411443.023: [weak refs processing, 0.0000697 secs]2020-08-01T02:30:59.045+0800: 12411443.023: [class unloading, 0.0180988 secs]2020-08-01T02:30:59.063+0800: 12411443.041: [scrub symbol table, 0.0071957 secs]2020-08-01T02:30:59.070+0800: 12411443.048: [scrub string table, 0.0009000 secs][1 CMS-remark: 4497120K(5472256K)] 4880156K(6209536K), 0.0704021 secs] [Times: user=0.27 sys=0.00, real=0.07 secs] 
2020-08-01T02:30:59.071+0800: 12411443.049: [CMS-concurrent-sweep-start]
2020-08-01T02:31:00.691+0800: 12411444.669: [CMS-concurrent-sweep: 1.619/1.620 secs] [Times: user=1.82 sys=0.18, real=1.62 secs] 
2020-08-01T02:31:00.691+0800: 12411444.669: [CMS-concurrent-reset-start]
2020-08-01T02:31:00.710+0800: 12411444.688: [CMS-concurrent-reset: 0.019/0.019 secs] [Times: user=0.02 sys=0.00, real=0.02 secs] 
2020-08-01T02:31:02.711+0800: 12411446.689: [GC (CMS Initial Mark) [1 CMS-initial-mark: 4496534K(5472256K)] 5025285K(6209536K), 0.0365903 secs] [Times: user=0.25 sys=0.00, real=0.04 secs] 
2020-08-01T02:31:02.748+0800: 12411446.726: [CMS-concurrent-mark-start]
2020-08-01T02:31:05.644+0800: 12411449.621: [CMS-concurrent-mark: 2.895/2.895 secs] [Times: user=6.41 sys=1.17, real=2.89 secs] 
2020-08-01T02:31:05.644+0800: 12411449.622: [CMS-concurrent-preclean-start]
2020-08-01T02:31:05.652+0800: 12411449.630: [CMS-concurrent-preclean: 0.008/0.009 secs] [Times: user=0.01 sys=0.00, real=0.01 secs] 
2020-08-01T02:31:05.652+0800: 12411449.630: [CMS-concurrent-abortable-preclean-start]
 CMS: abort preclean due to time 2020-08-01T02:31:10.696+0800: 12411454.674: [CMS-concurrent-abortable-preclean: 3.643/5.044 secs] [Times: user=4.25 sys=1.59, real=5.04 secs] 
2020-08-01T02:31:10.698+0800: 12411454.676: [GC (CMS Final Remark) [YG occupancy: 678678 K (737280 K)]2020-08-01T02:31:10.698+0800: 12411454.676: [Rescan (parallel) , 0.0509586 secs]2020-08-01T02:31:10.749+0800: 12411454.727: [weak refs processing, 0.0000369 secs]2020-08-01T02:31:10.749+0800: 12411454.727: [class unloading, 0.0174979 secs]2020-08-01T02:31:10.767+0800: 12411454.745: [scrub symbol table, 0.0062752 secs]2020-08-01T02:31:10.773+0800: 12411454.751: [scrub string table, 0.0009127 secs][1 CMS-remark: 4496534K(5472256K)] 5175212K(6209536K), 0.0758724 secs] [Times: user=0.38 sys=0.00, real=0.08 secs] 
2020-08-01T02:31:10.774+0800: 12411454.752: [CMS-concurrent-sweep-start]
2020-08-01T02:31:12.180+0800: 12411456.158: [GC (Allocation Failure) 2020-08-01T02:31:12.180+0800: 12411456.158: [ParNew: 722332K->73508K(737280K), 0.0793943 secs] 5218797K->4592189K(6209536K), 0.0795908 secs] [Times: user=0.50 sys=0.00, real=0.08 secs] 
2020-08-01T02:31:12.548+0800: 12411456.526: [CMS-concurrent-sweep: 1.693/1.774 secs] [Times: user=2.57 sys=0.56, real=1.78 secs] 
2020-08-01T02:31:12.549+0800: 12411456.526: [CMS-concurrent-reset-start]
2020-08-01T02:31:12.567+0800: 12411456.545: [CMS-concurrent-reset: 0.019/0.019 secs] [Times: user=0.02 sys=0.00, real=0.02 secs] 
2020-08-01T02:31:14.568+0800: 12411458.546: [GC (CMS Initial Mark) [1 CMS-initial-mark: 4518612K(5472256K)] 4633164K(6209536K), 0.0073823 secs] [Times: user=0.06 sys=0.00, real=0.00 secs] 
2020-08-01T02:31:14.576+0800: 12411458.553: [CMS-concurrent-mark-start]
2020-08-01T02:31:17.284+0800: 12411461.261: [CMS-concurrent-mark: 2.708/2.708 secs] [Times: user=5.87 sys=0.27, real=2.71 secs] 
2020-08-01T02:31:17.284+0800: 12411461.262: [CMS-concurrent-preclean-start]
2020-08-01T02:31:17.293+0800: 12411461.271: [CMS-concurrent-preclean: 0.010/0.010 secs] [Times: user=0.01 sys=0.01, real=0.01 secs] 
2020-08-01T02:31:17.294+0800: 12411461.271: [CMS-concurrent-abortable-preclean-start]
 CMS: abort preclean due to time 2020-08-01T02:31:22.584+0800: 12411466.561: [CMS-concurrent-abortable-preclean: 3.989/5.290 secs] [Times: user=4.60 sys=0.89, real=5.29 secs] 
2020-08-01T02:31:22.585+0800: 12411466.563: [GC (CMS Final Remark) [YG occupancy: 300506 K (737280 K)]2020-08-01T02:31:22.585+0800: 12411466.563: [Rescan (parallel) , 0.0455956 secs]2020-08-01T02:31:22.631+0800: 12411466.609: [weak refs processing, 0.0000452 secs]2020-08-01T02:31:22.631+0800: 12411466.609: [class unloading, 0.0174331 secs]2020-08-01T02:31:22.648+0800: 12411466.626: [scrub symbol table, 0.0062168 secs]2020-08-01T02:31:22.655+0800: 12411466.633: [scrub string table, 0.0008903 secs][1 CMS-remark: 4518612K(5472256K)] 4819118K(6209536K), 0.0703468 secs] [Times: user=0.34 sys=0.00, real=0.07 secs] 
2020-08-01T02:31:22.656+0800: 12411466.634: [CMS-concurrent-sweep-start]
2020-08-01T02:31:24.507+0800: 12411468.485: [CMS-concurrent-sweep: 1.851/1.851 secs] [Times: user=2.16 sys=0.70, real=1.86 secs] 
2020-08-01T02:31:24.507+0800: 12411468.485: [CMS-concurrent-reset-start]
2020-08-01T02:31:24.528+0800: 12411468.506: [CMS-concurrent-reset: 0.020/0.020 secs] [Times: user=0.02 sys=0.01, real=0.02 secs] 
2020-08-01T02:31:26.529+0800: 12411470.506: [GC (CMS Initial Mark) [1 CMS-initial-mark: 4518222K(5472256K)] 4890266K(6209536K), 0.0229584 secs] [Times: user=0.17 sys=0.00, real=0.02 secs] 
2020-08-01T02:31:26.552+0800: 12411470.530: [CMS-concurrent-mark-start]
2020-08-01T02:31:29.441+0800: 12411473.419: [CMS-concurrent-mark: 2.879/2.889 secs] [Times: user=6.51 sys=1.56, real=2.89 secs] 
2020-08-01T02:31:29.441+0800: 12411473.419: [CMS-concurrent-preclean-start]
2020-08-01T02:31:29.451+0800: 12411473.429: [CMS-concurrent-preclean: 0.010/0.010 secs] [Times: user=0.00 sys=0.00, real=0.01 secs] 
2020-08-01T02:31:29.451+0800: 12411473.429: [CMS-concurrent-abortable-preclean-start]
 CMS: abort preclean due to time 2020-08-01T02:31:34.483+0800: 12411478.461: [CMS-concurrent-abortable-preclean: 3.731/5.032 secs] [Times: user=4.74 sys=1.75, real=5.03 secs] 
2020-08-01T02:31:34.485+0800: 12411478.462: [GC (CMS Final Remark) [YG occupancy: 564858 K (737280 K)]2020-08-01T02:31:34.485+0800: 12411478.463: [Rescan (parallel) , 0.0373988 secs]2020-08-01T02:31:34.522+0800: 12411478.500: [weak refs processing, 0.0000461 secs]2020-08-01T02:31:34.522+0800: 12411478.500: [class unloading, 0.0176951 secs]2020-08-01T02:31:34.540+0800: 12411478.518: [scrub symbol table, 0.0061704 secs]2020-08-01T02:31:34.546+0800: 12411478.524: [scrub string table, 0.0009139 secs][1 CMS-remark: 4518222K(5472256K)] 5083080K(6209536K), 0.0624228 secs] [Times: user=0.32 sys=0.00, real=0.07 secs] 
2020-08-01T02:31:34.547+0800: 12411478.525: [CMS-concurrent-sweep-start]
2020-08-01T02:31:36.677+0800: 12411480.655: [CMS-concurrent-sweep: 2.130/2.130 secs] [Times: user=2.01 sys=1.11, real=2.12 secs] 
2020-08-01T02:31:36.677+0800: 12411480.655: [CMS-concurrent-reset-start]
2020-08-01T02:31:36.697+0800: 12411480.675: [CMS-concurrent-reset: 0.020/0.020 secs] [Times: user=0.02 sys=0.00, real=0.02 secs] 
2020-08-01T02:31:38.698+0800: 12411482.676: [GC (CMS Initial Mark) [1 CMS-initial-mark: 4518141K(5472256K)] 5125008K(6209536K), 0.0367587 secs] [Times: user=0.29 sys=0.00, real=0.04 secs] 
2020-08-01T02:31:38.735+0800: 12411482.713: [CMS-concurrent-mark-start]
2020-08-01T02:31:41.483+0800: 12411485.461: [CMS-concurrent-mark: 2.749/2.749 secs] [Times: user=5.62 sys=0.00, real=2.75 secs] 
2020-08-01T02:31:41.484+0800: 12411485.461: [CMS-concurrent-preclean-start]
2020-08-01T02:31:41.492+0800: 12411485.469: [CMS-concurrent-preclean: 0.008/0.008 secs] [Times: user=0.01 sys=0.00, real=0.01 secs] 
2020-08-01T02:31:41.492+0800: 12411485.469: [CMS-concurrent-abortable-preclean-start]
2020-08-01T02:31:45.127+0800: 12411489.105: [GC (Allocation Failure) 2020-08-01T02:31:45.127+0800: 12411489.105: [ParNew: 728868K->79947K(737280K), 0.0825466 secs] 5247009K->4626791K(6209536K), 0.0827540 secs] [Times: user=0.50 sys=0.00, real=0.08 secs] 
 CMS: abort preclean due to time 2020-08-01T02:31:46.710+0800: 12411490.688: [CMS-concurrent-abortable-preclean: 4.331/5.218 secs] [Times: user=5.53 sys=1.81, real=5.22 secs] 
2020-08-01T02:31:46.711+0800: 12411490.689: [GC (CMS Final Remark) [YG occupancy: 123806 K (737280 K)]2020-08-01T02:31:46.711+0800: 12411490.689: [Rescan (parallel) , 0.0116843 secs]2020-08-01T02:31:46.723+0800: 12411490.701: [weak refs processing, 0.0000323 secs]2020-08-01T02:31:46.723+0800: 12411490.701: [class unloading, 0.0186019 secs]2020-08-01T02:31:46.742+0800: 12411490.720: [scrub symbol table, 0.0079171 secs]2020-08-01T02:31:46.750+0800: 12411490.728: [scrub string table, 0.0009949 secs][1 CMS-remark: 4546843K(5472256K)] 4670649K(6209536K), 0.0394110 secs] [Times: user=0.10 sys=0.00, real=0.04 secs] 
2020-08-01T02:31:46.751+0800: 12411490.729: [CMS-concurrent-sweep-start]
2020-08-01T02:31:48.501+0800: 12411492.478: [CMS-concurrent-sweep: 1.750/1.750 secs] [Times: user=2.08 sys=0.91, real=1.75 secs] 
2020-08-01T02:31:48.501+0800: 12411492.479: [CMS-concurrent-reset-start]
2020-08-01T02:31:48.520+0800: 12411492.498: [CMS-concurrent-reset: 0.019/0.019 secs] [Times: user=0.02 sys=0.02, real=0.02 secs] 
2020-08-01T02:31:50.521+0800: 12411494.499: [GC (CMS Initial Mark) [1 CMS-initial-mark: 4546839K(5472256K)] 4772150K(6209536K), 0.0113374 secs] [Times: user=0.08 sys=0.00, real=0.01 secs] 
2020-08-01T02:31:50.532+0800: 12411494.510: [CMS-concurrent-mark-start]
2020-08-01T02:31:53.436+0800: 12411497.413: [CMS-concurrent-mark: 2.903/2.903 secs] [Times: user=6.23 sys=0.75, real=2.90 secs] 
2020-08-01T02:31:53.436+0800: 12411497.414: [CMS-concurrent-preclean-start]
2020-08-01T02:31:53.444+0800: 12411497.422: [CMS-concurrent-preclean: 0.008/0.008 secs] [Times: user=0.01 sys=0.00, real=0.01 secs] 
2020-08-01T02:31:53.444+0800: 12411497.422: [CMS-concurrent-abortable-preclean-start]
 CMS: abort preclean due to time 2020-08-01T02:31:58.550+0800: 12411502.528: [CMS-concurrent-abortable-preclean: 4.005/5.106 secs] [Times: user=4.69 sys=1.18, real=5.11 secs] 
2020-08-01T02:31:58.552+0800: 12411502.530: [GC (CMS Final Remark) [YG occupancy: 431078 K (737280 K)]2020-08-01T02:31:58.552+0800: 12411502.530: [Rescan (parallel) , 0.0230127 secs]2020-08-01T02:31:58.575+0800: 12411502.553: [weak refs processing, 0.0000466 secs]2020-08-01T02:31:58.575+0800: 12411502.553: [class unloading, 0.0174163 secs]2020-08-01T02:31:58.592+0800: 12411502.570: [scrub symbol table, 0.0063536 secs]2020-08-01T02:31:58.599+0800: 12411502.577: [scrub string table, 0.0008764 secs][1 CMS-remark: 4546839K(5472256K)] 4977918K(6209536K), 0.0478973 secs] [Times: user=0.18 sys=0.00, real=0.05 secs] 
2020-08-01T02:31:58.600+0800: 12411502.578: [CMS-concurrent-sweep-start]
2020-08-01T02:32:00.256+0800: 12411504.233: [CMS-concurrent-sweep: 1.656/1.656 secs] [Times: user=1.89 sys=0.33, real=1.65 secs] 
2020-08-01T02:32:00.256+0800: 12411504.234: [CMS-concurrent-reset-start]
2020-08-01T02:32:00.275+0800: 12411504.252: [CMS-concurrent-reset: 0.019/0.019 secs] [Times: user=0.02 sys=0.00, real=0.02 secs] 
2020-08-01T02:32:02.275+0800: 12411506.253: [GC (CMS Initial Mark) [1 CMS-initial-mark: 4546574K(5472256K)] 5062856K(6209536K), 0.0230305 secs] [Times: user=0.17 sys=0.00, real=0.02 secs] 
2020-08-01T02:32:02.299+0800: 12411506.276: [CMS-concurrent-mark-start]
2020-08-01T02:32:05.266+0800: 12411509.244: [CMS-concurrent-mark: 2.967/2.967 secs] [Times: user=6.62 sys=1.42, real=2.96 secs] 
2020-08-01T02:32:05.266+0800: 12411509.244: [CMS-concurrent-preclean-start]
2020-08-01T02:32:05.274+0800: 12411509.252: [CMS-concurrent-preclean: 0.008/0.008 secs] [Times: user=0.01 sys=0.00, real=0.01 secs] 
2020-08-01T02:32:05.274+0800: 12411509.252: [CMS-concurrent-abortable-preclean-start]
2020-08-01T02:32:07.647+0800: 12411511.625: [GC (Allocation Failure) 2020-08-01T02:32:07.648+0800: 12411511.625: [ParNew: 735213K->69069K(737280K), 0.0780717 secs] 5281788K->4644606K(6209536K), 0.0782855 secs] [Times: user=0.47 sys=0.00, real=0.07 secs] 
 CMS: abort preclean due to time 2020-08-01T02:32:10.336+0800: 12411514.314: [CMS-concurrent-abortable-preclean: 3.681/5.062 secs] [Times: user=5.10 sys=1.08, real=5.06 secs] 
2020-08-01T02:32:10.338+0800: 12411514.316: [GC (CMS Final Remark) [YG occupancy: 206808 K (737280 K)]2020-08-01T02:32:10.338+0800: 12411514.316: [Rescan (parallel) , 0.0127256 secs]2020-08-01T02:32:10.351+0800: 12411514.329: [weak refs processing, 0.0000360 secs]2020-08-01T02:32:10.351+0800: 12411514.329: [class unloading, 0.0180291 secs]2020-08-01T02:32:10.369+0800: 12411514.347: [scrub symbol table, 0.0060586 secs]2020-08-01T02:32:10.375+0800: 12411514.353: [scrub string table, 0.0008609 secs][1 CMS-remark: 4575536K(5472256K)] 4782345K(6209536K), 0.0378627 secs] [Times: user=0.13 sys=0.00, real=0.04 secs] 
2020-08-01T02:32:10.376+0800: 12411514.354: [CMS-concurrent-sweep-start]
2020-08-01T02:32:12.217+0800: 12411516.195: [CMS-concurrent-sweep: 1.841/1.841 secs] [Times: user=2.20 sys=0.72, real=1.84 secs] 
2020-08-01T02:32:12.217+0800: 12411516.195: [CMS-concurrent-reset-start]
2020-08-01T02:32:12.236+0800: 12411516.213: [CMS-concurrent-reset: 0.018/0.018 secs] [Times: user=0.02 sys=0.00, real=0.02 secs] 
2020-08-01T02:32:14.236+0800: 12411518.214: [GC (CMS Initial Mark) [1 CMS-initial-mark: 4575533K(5472256K)] 4967430K(6209536K), 0.0228204 secs] [Times: user=0.12 sys=0.00, real=0.03 secs] 
2020-08-01T02:32:14.259+0800: 12411518.237: [CMS-concurrent-mark-start]
2020-08-01T02:32:17.273+0800: 12411521.251: [CMS-concurrent-mark: 3.014/3.014 secs] [Times: user=7.11 sys=2.08, real=3.01 secs] 
2020-08-01T02:32:17.273+0800: 12411521.251: [CMS-concurrent-preclean-start]
2020-08-01T02:32:17.281+0800: 12411521.259: [CMS-concurrent-preclean: 0.008/0.008 secs] [Times: user=0.01 sys=0.00, real=0.01 secs] 
2020-08-01T02:32:17.281+0800: 12411521.259: [CMS-concurrent-abortable-preclean-start]
2020-08-01T02:32:19.522+0800: 12411523.500: [GC (Allocation Failure) 2020-08-01T02:32:19.523+0800: 12411523.500: [ParNew: 724424K->55400K(737280K), 0.0699853 secs] 5299958K->4660248K(6209536K), 0.0702173 secs] [Times: user=0.45 sys=0.00, real=0.07 secs] 
 CMS: abort preclean due to time 2020-08-01T02:32:22.447+0800: 12411526.425: [CMS-concurrent-abortable-preclean: 3.693/5.167 secs] [Times: user=5.19 sys=1.55, real=5.17 secs] 
2020-08-01T02:32:22.449+0800: 12411526.427: [GC (CMS Final Remark) [YG occupancy: 185143 K (737280 K)]2020-08-01T02:32:22.449+0800: 12411526.427: [Rescan (parallel) , 0.0105717 secs]2020-08-01T02:32:22.460+0800: 12411526.438: [weak refs processing, 0.0000376 secs]2020-08-01T02:32:22.460+0800: 12411526.438: [class unloading, 0.0180319 secs]2020-08-01T02:32:22.478+0800: 12411526.456: [scrub symbol table, 0.0062300 secs]2020-08-01T02:32:22.484+0800: 12411526.462: [scrub string table, 0.0008878 secs][1 CMS-remark: 4604848K(5472256K)] 4789991K(6209536K), 0.0359348 secs] [Times: user=0.11 sys=0.00, real=0.03 secs] 
2020-08-01T02:32:22.486+0800: 12411526.463: [CMS-concurrent-sweep-start]
2020-08-01T02:32:24.527+0800: 12411528.505: [CMS-concurrent-sweep: 2.041/2.041 secs] [Times: user=2.30 sys=1.12, real=2.05 secs] 
2020-08-01T02:32:24.527+0800: 12411528.505: [CMS-concurrent-reset-start]
2020-08-01T02:32:24.546+0800: 12411528.524: [CMS-concurrent-reset: 0.019/0.019 secs] [Times: user=0.02 sys=0.01, real=0.01 secs] 
2020-08-01T02:32:26.547+0800: 12411530.525: [GC (CMS Initial Mark) [1 CMS-initial-mark: 4604701K(5472256K)] 4973596K(6209536K), 0.0169961 secs] [Times: user=0.12 sys=0.00, real=0.01 secs] 
2020-08-01T02:32:26.564+0800: 12411530.542: [CMS-concurrent-mark-start]
2020-08-01T02:32:29.330+0800: 12411533.308: [CMS-concurrent-mark: 2.762/2.766 secs] [Times: user=6.05 sys=0.68, real=2.77 secs] 
2020-08-01T02:32:29.330+0800: 12411533.308: [CMS-concurrent-preclean-start]
2020-08-01T02:32:29.339+0800: 12411533.317: [CMS-concurrent-preclean: 0.009/0.009 secs] [Times: user=0.01 sys=0.00, real=0.01 secs] 
2020-08-01T02:32:29.339+0800: 12411533.317: [CMS-concurrent-abortable-preclean-start]
 CMS: abort preclean due to time 2020-08-01T02:32:34.381+0800: 12411538.359: [CMS-concurrent-abortable-preclean: 3.341/5.042 secs] [Times: user=4.13 sys=1.80, real=5.04 secs] 
2020-08-01T02:32:34.383+0800: 12411538.361: [GC (CMS Final Remark) [YG occupancy: 586314 K (737280 K)]2020-08-01T02:32:34.383+0800: 12411538.361: [Rescan (parallel) , 0.0308991 secs]2020-08-01T02:32:34.414+0800: 12411538.392: [weak refs processing, 0.0000382 secs]2020-08-01T02:32:34.414+0800: 12411538.392: [class unloading, 0.0175983 secs]2020-08-01T02:32:34.432+0800: 12411538.409: [scrub symbol table, 0.0063382 secs]2020-08-01T02:32:34.438+0800: 12411538.416: [scrub string table, 0.0009015 secs][1 CMS-remark: 4604701K(5472256K)] 5191015K(6209536K), 0.0559651 secs] [Times: user=0.24 sys=0.00, real=0.06 secs] 
2020-08-01T02:32:34.439+0800: 12411538.417: [CMS-concurrent-sweep-start]
2020-08-01T02:32:36.192+0800: 12411540.170: [CMS-concurrent-sweep: 1.753/1.753 secs] [Times: user=2.19 sys=0.65, real=1.75 secs] 
2020-08-01T02:32:36.192+0800: 12411540.170: [CMS-concurrent-reset-start]
2020-08-01T02:32:36.212+0800: 12411540.190: [CMS-concurrent-reset: 0.020/0.020 secs] [Times: user=0.02 sys=0.01, real=0.02 secs] 
2020-08-01T02:32:38.213+0800: 12411542.191: [GC (CMS Initial Mark) [1 CMS-initial-mark: 4604698K(5472256K)] 5266612K(6209536K), 0.0304695 secs] [Times: user=0.23 sys=0.00, real=0.03 secs] 
2020-08-01T02:32:38.244+0800: 12411542.221: [CMS-concurrent-mark-start]
2020-08-01T02:32:39.088+0800: 12411543.065: [GC (Allocation Failure) 2020-08-01T02:32:39.088+0800: 12411543.065: [ParNew: 710760K->77163K(737280K), 0.0523795 secs] 5315458K->4681861K(6209536K), 0.0525773 secs] [Times: user=0.31 sys=0.01, real=0.05 secs] 
2020-08-01T02:32:41.191+0800: 12411545.168: [CMS-concurrent-mark: 2.891/2.947 secs] [Times: user=6.77 sys=1.24, real=2.95 secs] 
2020-08-01T02:32:41.191+0800: 12411545.168: [CMS-concurrent-preclean-start]
2020-08-01T02:32:41.200+0800: 12411545.178: [CMS-concurrent-preclean: 0.009/0.009 secs] [Times: user=0.02 sys=0.00, real=0.01 secs] 
2020-08-01T02:32:41.200+0800: 12411545.178: [CMS-concurrent-abortable-preclean-start]
 CMS: abort preclean due to time 2020-08-01T02:32:46.386+0800: 12411550.364: [CMS-concurrent-abortable-preclean: 3.985/5.186 secs] [Times: user=4.42 sys=0.50, real=5.18 secs] 
2020-08-01T02:32:46.388+0800: 12411550.365: [GC (CMS Final Remark) [YG occupancy: 184234 K (737280 K)]2020-08-01T02:32:46.388+0800: 12411550.366: [Rescan (parallel) , 0.0132249 secs]2020-08-01T02:32:46.401+0800: 12411550.379: [weak refs processing, 0.0000388 secs]2020-08-01T02:32:46.401+0800: 12411550.379: [class unloading, 0.0172503 secs]2020-08-01T02:32:46.418+0800: 12411550.396: [scrub symbol table, 0.0061730 secs]2020-08-01T02:32:46.424+0800: 12411550.402: [scrub string table, 0.0008798 secs][1 CMS-remark: 4604698K(5472256K)] 4788932K(6209536K), 0.0377584 secs] [Times: user=0.13 sys=0.00, real=0.03 secs] 
2020-08-01T02:32:46.426+0800: 12411550.404: [CMS-concurrent-sweep-start]
2020-08-01T02:32:48.226+0800: 12411552.204: [CMS-concurrent-sweep: 1.801/1.801 secs] [Times: user=1.90 sys=0.12, real=1.80 secs] 
2020-08-01T02:32:48.226+0800: 12411552.204: [CMS-concurrent-reset-start]
2020-08-01T02:32:48.246+0800: 12411552.224: [CMS-concurrent-reset: 0.019/0.019 secs] [Times: user=0.02 sys=0.01, real=0.01 secs] 
2020-08-01T02:32:50.247+0800: 12411554.224: [GC (CMS Initial Mark) [1 CMS-initial-mark: 4604535K(5472256K)] 4831835K(6209536K), 0.0135099 secs] [Times: user=0.10 sys=0.00, real=0.01 secs] 
2020-08-01T02:32:50.260+0800: 12411554.238: [CMS-concurrent-mark-start]
2020-08-01T02:32:53.190+0800: 12411557.168: [CMS-concurrent-mark: 2.930/2.930 secs] [Times: user=6.35 sys=1.15, real=2.93 secs] 
2020-08-01T02:32:53.190+0800: 12411557.168: [CMS-concurrent-preclean-start]
2020-08-01T02:32:53.199+0800: 12411557.176: [CMS-concurrent-preclean: 0.008/0.009 secs] [Times: user=0.01 sys=0.00, real=0.01 secs] 
2020-08-01T02:32:53.199+0800: 12411557.176: [CMS-concurrent-abortable-preclean-start]
 CMS: abort preclean due to time 2020-08-01T02:32:58.348+0800: 12411562.325: [CMS-concurrent-abortable-preclean: 4.248/5.149 secs] [Times: user=4.55 sys=1.39, real=5.15 secs] 
2020-08-01T02:32:58.349+0800: 12411562.327: [GC (CMS Final Remark) [YG occupancy: 373797 K (737280 K)]2020-08-01T02:32:58.349+0800: 12411562.327: [Rescan (parallel) , 0.0242374 secs]2020-08-01T02:32:58.374+0800: 12411562.351: [weak refs processing, 0.0000372 secs]2020-08-01T02:32:58.374+0800: 12411562.351: [class unloading, 0.0172281 secs]2020-08-01T02:32:58.391+0800: 12411562.369: [scrub symbol table, 0.0062116 secs]2020-08-01T02:32:58.397+0800: 12411562.375: [scrub string table, 0.0008850 secs][1 CMS-remark: 4604535K(5472256K)] 4978333K(6209536K), 0.0488055 secs] [Times: user=0.22 sys=0.00, real=0.04 secs] 
2020-08-01T02:32:58.398+0800: 12411562.376: [CMS-concurrent-sweep-start]
2020-08-01T02:33:00.222+0800: 12411564.200: [CMS-concurrent-sweep: 1.824/1.824 secs] [Times: user=2.15 sys=0.79, real=1.83 secs] 
2020-08-01T02:33:00.222+0800: 12411564.200: [CMS-concurrent-reset-start]
2020-08-01T02:33:00.243+0800: 12411564.221: [CMS-concurrent-reset: 0.021/0.021 secs] [Times: user=0.02 sys=0.02, real=0.02 secs] 
2020-08-01T02:33:04.558+0800: 12411568.536: [GC (CMS Initial Mark) [1 CMS-initial-mark: 4604263K(5472256K)] 5029414K(6209536K), 0.0354577 secs] [Times: user=0.17 sys=0.00, real=0.04 secs] 
2020-08-01T02:33:04.593+0800: 12411568.571: [CMS-concurrent-mark-start]
2020-08-01T02:33:08.053+0800: 12411572.031: [CMS-concurrent-mark: 3.460/3.460 secs] [Times: user=7.79 sys=2.77, real=3.46 secs] 
2020-08-01T02:33:08.053+0800: 12411572.031: [CMS-concurrent-preclean-start]
2020-08-01T02:33:08.062+0800: 12411572.039: [CMS-concurrent-preclean: 0.008/0.008 secs] [Times: user=0.01 sys=0.01, real=0.01 secs] 
2020-08-01T02:33:08.062+0800: 12411572.040: [CMS-concurrent-abortable-preclean-start]
 CMS: abort preclean due to time 2020-08-01T02:33:13.108+0800: 12411577.085: [CMS-concurrent-abortable-preclean: 3.845/5.046 secs] [Times: user=4.31 sys=0.72, real=5.05 secs] 
2020-08-01T02:33:13.109+0800: 12411577.087: [GC (CMS Final Remark) [YG occupancy: 694057 K (737280 K)]2020-08-01T02:33:13.109+0800: 12411577.087: [Rescan (parallel) , 0.0526368 secs]2020-08-01T02:33:13.162+0800: 12411577.140: [weak refs processing, 0.0000388 secs]2020-08-01T02:33:13.162+0800: 12411577.140: [class unloading, 0.0177133 secs]2020-08-01T02:33:13.180+0800: 12411577.158: [scrub symbol table, 0.0063255 secs]2020-08-01T02:33:13.186+0800: 12411577.164: [scrub string table, 0.0009063 secs][1 CMS-remark: 4604263K(5472256K)] 5298320K(6209536K), 0.0778246 secs] [Times: user=0.36 sys=0.00, real=0.08 secs] 
2020-08-01T02:33:13.187+0800: 12411577.165: [CMS-concurrent-sweep-start]
2020-08-01T02:33:14.860+0800: 12411578.838: [GC (Allocation Failure) 2020-08-01T02:33:14.860+0800: 12411578.838: [ParNew: 732523K->63860K(737280K), 0.0749165 secs] 5336784K->4700616K(6209536K), 0.0751239 secs] [Times: user=0.52 sys=0.00, real=0.07 secs] 
2020-08-01T02:33:15.011+0800: 12411578.989: [CMS-concurrent-sweep: 1.746/1.823 secs] [Times: user=2.58 sys=0.70, real=1.82 secs] 
2020-08-01T02:33:15.011+0800: 12411578.989: [CMS-concurrent-reset-start]
2020-08-01T02:33:15.029+0800: 12411579.007: [CMS-concurrent-reset: 0.019/0.019 secs] [Times: user=0.02 sys=0.00, real=0.02 secs] 
2020-08-01T02:33:17.030+0800: 12411581.008: [GC (CMS Initial Mark) [1 CMS-initial-mark: 4636756K(5472256K)] 4757240K(6209536K), 0.0086363 secs] [Times: user=0.04 sys=0.01, real=0.01 secs] 
2020-08-01T02:33:17.039+0800: 12411581.017: [CMS-concurrent-mark-start]
2020-08-01T02:33:19.970+0800: 12411583.948: [CMS-concurrent-mark: 2.931/2.931 secs] [Times: user=6.33 sys=1.02, real=2.93 secs] 
2020-08-01T02:33:19.970+0800: 12411583.948: [CMS-concurrent-preclean-start]
2020-08-01T02:33:19.977+0800: 12411583.955: [CMS-concurrent-preclean: 0.008/0.008 secs] [Times: user=0.00 sys=0.00, real=0.00 secs] 
2020-08-01T02:33:19.978+0800: 12411583.955: [CMS-concurrent-abortable-preclean-start]
 CMS: abort preclean due to time 2020-08-01T02:33:25.021+0800: 12411588.999: [CMS-concurrent-abortable-preclean: 3.442/5.044 secs] [Times: user=3.84 sys=0.63, real=5.05 secs] 
2020-08-01T02:33:25.023+0800: 12411589.001: [GC (CMS Final Remark) [YG occupancy: 246866 K (737280 K)]2020-08-01T02:33:25.023+0800: 12411589.001: [Rescan (parallel) , 0.0232324 secs]2020-08-01T02:33:25.046+0800: 12411589.024: [weak refs processing, 0.0000966 secs]2020-08-01T02:33:25.047+0800: 12411589.024: [class unloading, 0.0178606 secs]2020-08-01T02:33:25.064+0800: 12411589.042: [scrub symbol table, 0.0061565 secs]2020-08-01T02:33:25.071+0800: 12411589.048: [scrub string table, 0.0008497 secs][1 CMS-remark: 4636756K(5472256K)] 4883623K(6209536K), 0.0483651 secs] [Times: user=0.18 sys=0.00, real=0.05 secs] 
2020-08-01T02:33:25.072+0800: 12411589.050: [CMS-concurrent-sweep-start]
2020-08-01T02:33:26.819+0800: 12411590.796: [CMS-concurrent-sweep: 1.747/1.747 secs] [Times: user=1.94 sys=0.14, real=1.75 secs] 
2020-08-01T02:33:26.819+0800: 12411590.797: [CMS-concurrent-reset-start]
2020-08-01T02:33:26.840+0800: 12411590.818: [CMS-concurrent-reset: 0.021/0.021 secs] [Times: user=0.02 sys=0.02, real=0.02 secs] 
2020-08-01T02:33:28.841+0800: 12411592.819: [GC (CMS Initial Mark) [1 CMS-initial-mark: 4636321K(5472256K)] 4972652K(6209536K), 0.0176304 secs] [Times: user=0.14 sys=0.00, real=0.02 secs] 
2020-08-01T02:33:28.859+0800: 12411592.837: [CMS-concurrent-mark-start]
2020-08-01T02:33:32.863+0800: 12411596.841: [CMS-concurrent-mark: 4.004/4.004 secs] [Times: user=8.75 sys=1.16, real=4.00 secs] 
2020-08-01T02:33:32.863+0800: 12411596.841: [CMS-concurrent-preclean-start]
2020-08-01T02:33:32.875+0800: 12411596.853: [CMS-concurrent-preclean: 0.012/0.013 secs] [Times: user=0.02 sys=0.01, real=0.01 secs] 
2020-08-01T02:33:32.876+0800: 12411596.853: [CMS-concurrent-abortable-preclean-start]
 CMS: abort preclean due to time 2020-08-01T02:33:37.897+0800: 12411601.875: [CMS-concurrent-abortable-preclean: 3.520/5.022 secs] [Times: user=4.13 sys=0.48, real=5.02 secs] 
2020-08-01T02:33:37.899+0800: 12411601.877: [GC (CMS Final Remark) [YG occupancy: 514422 K (737280 K)]2020-08-01T02:33:37.899+0800: 12411601.877: [Rescan (parallel) , 0.0395341 secs]2020-08-01T02:33:37.939+0800: 12411601.917: [weak refs processing, 0.0000389 secs]2020-08-01T02:33:37.939+0800: 12411601.917: [class unloading, 0.0208273 secs]2020-08-01T02:33:37.960+0800: 12411601.937: [scrub symbol table, 0.0071238 secs]2020-08-01T02:33:37.967+0800: 12411601.945: [scrub string table, 0.0008625 secs][1 CMS-remark: 4636321K(5472256K)] 5150743K(6209536K), 0.0685711 secs] [Times: user=0.29 sys=0.00, real=0.07 secs] 
2020-08-01T02:33:37.968+0800: 12411601.946: [CMS-concurrent-sweep-start]
2020-08-01T02:33:39.695+0800: 12411603.673: [CMS-concurrent-sweep: 1.727/1.727 secs] [Times: user=1.93 sys=0.21, real=1.72 secs] 
2020-08-01T02:33:39.695+0800: 12411603.673: [CMS-concurrent-reset-start]
2020-08-01T02:33:39.715+0800: 12411603.693: [CMS-concurrent-reset: 0.020/0.020 secs] [Times: user=0.03 sys=0.00, real=0.02 secs] 
2020-08-01T02:33:41.716+0800: 12411605.693: [GC (CMS Initial Mark) [1 CMS-initial-mark: 4636310K(5472256K)] 5224729K(6209536K), 0.0349999 secs] [Times: user=0.23 sys=0.00, real=0.04 secs] 
2020-08-01T02:33:41.751+0800: 12411605.729: [CMS-concurrent-mark-start]
2020-08-01T02:33:44.534+0800: 12411608.512: [CMS-concurrent-mark: 2.783/2.783 secs] [Times: user=5.93 sys=0.15, real=2.78 secs] 
2020-08-01T02:33:44.534+0800: 12411608.512: [CMS-concurrent-preclean-start]
2020-08-01T02:33:44.548+0800: 12411608.526: [CMS-concurrent-preclean: 0.014/0.014 secs] [Times: user=0.01 sys=0.01, real=0.02 secs] 
2020-08-01T02:33:44.549+0800: 12411608.526: [CMS-concurrent-abortable-preclean-start]
 CMS: abort preclean due to time 2020-08-01T02:33:49.842+0800: 12411613.820: [CMS-concurrent-abortable-preclean: 3.692/5.293 secs] [Times: user=4.15 sys=1.11, real=5.29 secs] 
2020-08-01T02:33:49.847+0800: 12411613.824: [GC (CMS Final Remark) [YG occupancy: 705868 K (737280 K)]2020-08-01T02:33:49.847+0800: 12411613.824: [Rescan (parallel) , 0.0484730 secs]2020-08-01T02:33:49.895+0800: 12411613.873: [weak refs processing, 0.0000411 secs]2020-08-01T02:33:49.895+0800: 12411613.873: [class unloading, 0.0175099 secs]2020-08-01T02:33:49.913+0800: 12411613.891: [scrub symbol table, 0.0061900 secs]2020-08-01T02:33:49.919+0800: 12411613.897: [scrub string table, 0.0008681 secs][1 CMS-remark: 4636310K(5472256K)] 5342178K(6209536K), 0.0732724 secs] [Times: user=0.37 sys=0.00, real=0.07 secs] 
2020-08-01T02:33:49.920+0800: 12411613.898: [CMS-concurrent-sweep-start]
2020-08-01T02:33:51.640+0800: 12411615.618: [CMS-concurrent-sweep: 1.720/1.720 secs] [Times: user=1.83 sys=0.18, real=1.72 secs] 
2020-08-01T02:33:51.640+0800: 12411615.618: [CMS-concurrent-reset-start]
2020-08-01T02:33:51.659+0800: 12411615.637: [CMS-concurrent-reset: 0.019/0.019 secs] [Times: user=0.02 sys=0.00, real=0.02 secs] 
2020-08-01T02:33:52.467+0800: 12411616.444: [GC (Allocation Failure) 2020-08-01T02:33:52.467+0800: 12411616.445: [ParNew: 719220K->66156K(737280K), 0.0747786 secs] 5355530K->4722953K(6209536K), 0.0750069 secs] [Times: user=0.37 sys=0.01, real=0.07 secs] 
2020-08-01T02:33:52.543+0800: 12411616.521: [GC (CMS Initial Mark) [1 CMS-initial-mark: 4656797K(5472256K)] 4730018K(6209536K), 0.0058476 secs] [Times: user=0.03 sys=0.00, real=0.01 secs] 
2020-08-01T02:33:52.549+0800: 12411616.527: [CMS-concurrent-mark-start]
2020-08-01T02:33:56.815+0800: 12411620.793: [CMS-concurrent-mark: 4.264/4.266 secs] [Times: user=9.42 sys=1.47, real=4.26 secs] 
2020-08-01T02:33:56.815+0800: 12411620.793: [CMS-concurrent-preclean-start]
2020-08-01T02:33:56.823+0800: 12411620.801: [CMS-concurrent-preclean: 0.008/0.008 secs] [Times: user=0.01 sys=0.00, real=0.01 secs] 
2020-08-01T02:33:56.823+0800: 12411620.801: [CMS-concurrent-abortable-preclean-start]
 CMS: abort preclean due to time 2020-08-01T02:34:02.013+0800: 12411625.991: [CMS-concurrent-abortable-preclean: 3.812/5.190 secs] [Times: user=4.79 sys=1.70, real=5.19 secs] 
2020-08-01T02:34:02.014+0800: 12411625.992: [GC (CMS Final Remark) [YG occupancy: 370055 K (737280 K)]2020-08-01T02:34:02.014+0800: 12411625.992: [Rescan (parallel) , 0.0264416 secs]2020-08-01T02:34:02.041+0800: 12411626.019: [weak refs processing, 0.0000494 secs]2020-08-01T02:34:02.041+0800: 12411626.019: [class unloading, 0.0189225 secs]2020-08-01T02:34:02.060+0800: 12411626.038: [scrub symbol table, 0.0062103 secs]2020-08-01T02:34:02.066+0800: 12411626.044: [scrub string table, 0.0008864 secs][1 CMS-remark: 4656797K(5472256K)] 5026852K(6209536K), 0.0526802 secs] [Times: user=0.22 sys=0.01, real=0.06 secs] 
2020-08-01T02:34:02.067+0800: 12411626.045: [CMS-concurrent-sweep-start]
2020-08-01T02:34:03.841+0800: 12411627.819: [CMS-concurrent-sweep: 1.767/1.774 secs] [Times: user=2.30 sys=0.76, real=1.77 secs] 
2020-08-01T02:34:03.841+0800: 12411627.819: [CMS-concurrent-reset-start]
2020-08-01T02:34:03.859+0800: 12411627.837: [CMS-concurrent-reset: 0.018/0.018 secs] [Times: user=0.02 sys=0.00, real=0.02 secs] 
2020-08-01T02:34:05.860+0800: 12411629.838: [GC (CMS Initial Mark) [1 CMS-initial-mark: 4656062K(5472256K)] 5174302K(6209536K), 0.0340342 secs] [Times: user=0.23 sys=0.00, real=0.03 secs] 
2020-08-01T02:34:05.894+0800: 12411629.872: [CMS-concurrent-mark-start]
2020-08-01T02:34:08.680+0800: 12411632.658: [CMS-concurrent-mark: 2.786/2.786 secs] [Times: user=6.07 sys=0.91, real=2.79 secs] 
2020-08-01T02:34:08.680+0800: 12411632.658: [CMS-concurrent-preclean-start]
2020-08-01T02:34:08.688+0800: 12411632.666: [CMS-concurrent-preclean: 0.008/0.008 secs] [Times: user=0.01 sys=0.01, real=0.01 secs] 
2020-08-01T02:34:08.688+0800: 12411632.666: [CMS-concurrent-abortable-preclean-start]
 CMS: abort preclean due to time 2020-08-01T02:34:13.858+0800: 12411637.836: [CMS-concurrent-abortable-preclean: 3.869/5.170 secs] [Times: user=4.55 sys=1.25, real=5.16 secs] 
2020-08-01T02:34:13.860+0800: 12411637.838: [GC (CMS Final Remark) [YG occupancy: 666737 K (737280 K)]2020-08-01T02:34:13.860+0800: 12411637.838: [Rescan (parallel) , 0.0444125 secs]2020-08-01T02:34:13.904+0800: 12411637.882: [weak refs processing, 0.0000436 secs]2020-08-01T02:34:13.905+0800: 12411637.882: [class unloading, 0.0169061 secs]2020-08-01T02:34:13.921+0800: 12411637.899: [scrub symbol table, 0.0061807 secs]2020-08-01T02:34:13.928+0800: 12411637.905: [scrub string table, 0.0008444 secs][1 CMS-remark: 4656062K(5472256K)] 5322799K(6209536K), 0.0685552 secs] [Times: user=0.36 sys=0.00, real=0.07 secs] 
2020-08-01T02:34:13.929+0800: 12411637.907: [CMS-concurrent-sweep-start]
2020-08-01T02:34:15.666+0800: 12411639.644: [CMS-concurrent-sweep: 1.738/1.738 secs] [Times: user=2.04 sys=0.75, real=1.73 secs] 
2020-08-01T02:34:15.667+0800: 12411639.644: [CMS-concurrent-reset-start]
2020-08-01T02:34:15.685+0800: 12411639.663: [CMS-concurrent-reset: 0.019/0.019 secs] [Times: user=0.02 sys=0.01, real=0.01 secs] 
2020-08-01T02:34:16.371+0800: 12411640.349: [GC (Allocation Failure) 2020-08-01T02:34:16.371+0800: 12411640.349: [ParNew: 721516K->81920K(737280K), 0.0735765 secs] 5377526K->4763491K(6209536K), 0.0737816 secs] [Times: user=0.52 sys=0.00, real=0.08 secs] 
2020-08-01T02:34:16.449+0800: 12411640.427: [GC (CMS Initial Mark) [1 CMS-initial-mark: 4681571K(5472256K)] 4763925K(6209536K), 0.0063587 secs] [Times: user=0.04 sys=0.00, real=0.00 secs] 
2020-08-01T02:34:16.456+0800: 12411640.433: [CMS-concurrent-mark-start]
2020-08-01T02:34:20.246+0800: 12411644.224: [CMS-concurrent-mark: 3.791/3.791 secs] [Times: user=7.60 sys=1.41, real=3.80 secs] 
2020-08-01T02:34:20.247+0800: 12411644.224: [CMS-concurrent-preclean-start]
2020-08-01T02:34:20.254+0800: 12411644.232: [CMS-concurrent-preclean: 0.008/0.008 secs] [Times: user=0.02 sys=0.00, real=0.00 secs] 
2020-08-01T02:34:20.255+0800: 12411644.232: [CMS-concurrent-abortable-preclean-start]
 CMS: abort preclean due to time 2020-08-01T02:34:25.485+0800: 12411649.463: [CMS-concurrent-abortable-preclean: 4.029/5.230 secs] [Times: user=5.02 sys=1.78, real=5.23 secs] 
2020-08-01T02:34:25.486+0800: 12411649.464: [GC (CMS Final Remark) [YG occupancy: 290824 K (737280 K)]2020-08-01T02:34:25.486+0800: 12411649.464: [Rescan (parallel) , 0.0243775 secs]2020-08-01T02:34:25.511+0800: 12411649.489: [weak refs processing, 0.0000414 secs]2020-08-01T02:34:25.511+0800: 12411649.489: [class unloading, 0.0171959 secs]2020-08-01T02:34:25.528+0800: 12411649.506: [scrub symbol table, 0.0062129 secs]2020-08-01T02:34:25.534+0800: 12411649.512: [scrub string table, 0.0008588 secs][1 CMS-remark: 4681571K(5472256K)] 4972396K(6209536K), 0.0488462 secs] [Times: user=0.18 sys=0.00, real=0.05 secs] 
2020-08-01T02:34:25.535+0800: 12411649.513: [CMS-concurrent-sweep-start]
2020-08-01T02:34:27.323+0800: 12411651.301: [CMS-concurrent-sweep: 1.788/1.788 secs] [Times: user=2.07 sys=0.85, real=1.79 secs] 
2020-08-01T02:34:27.323+0800: 12411651.301: [CMS-concurrent-reset-start]
2020-08-01T02:34:27.341+0800: 12411651.319: [CMS-concurrent-reset: 0.018/0.018 secs] [Times: user=0.02 sys=0.00, real=0.02 secs] 
2020-08-01T02:34:29.343+0800: 12411653.321: [GC (CMS Initial Mark) [1 CMS-initial-mark: 4681187K(5472256K)] 5021931K(6209536K), 0.0219873 secs] [Times: user=0.16 sys=0.01, real=0.02 secs] 
2020-08-01T02:34:29.365+0800: 12411653.343: [CMS-concurrent-mark-start]
2020-08-01T02:34:32.161+0800: 12411656.139: [CMS-concurrent-mark: 2.796/2.796 secs] [Times: user=6.07 sys=0.76, real=2.80 secs] 
2020-08-01T02:34:32.161+0800: 12411656.139: [CMS-concurrent-preclean-start]
2020-08-01T02:34:32.169+0800: 12411656.147: [CMS-concurrent-preclean: 0.008/0.008 secs] [Times: user=0.01 sys=0.00, real=0.01 secs] 
2020-08-01T02:34:32.169+0800: 12411656.147: [CMS-concurrent-abortable-preclean-start]
 CMS: abort preclean due to time 2020-08-01T02:34:37.266+0800: 12411661.244: [CMS-concurrent-abortable-preclean: 4.094/5.097 secs] [Times: user=4.89 sys=1.68, real=5.09 secs] 
2020-08-01T02:34:37.268+0800: 12411661.246: [GC (CMS Final Remark) [YG occupancy: 475654 K (737280 K)]2020-08-01T02:34:37.268+0800: 12411661.246: [Rescan (parallel) , 0.0357055 secs]2020-08-01T02:34:37.304+0800: 12411661.282: [weak refs processing, 0.0000380 secs]2020-08-01T02:34:37.304+0800: 12411661.282: [class unloading, 0.0173279 secs]2020-08-01T02:34:37.321+0800: 12411661.299: [scrub symbol table, 0.0061590 secs]2020-08-01T02:34:37.327+0800: 12411661.305: [scrub string table, 0.0009403 secs][1 CMS-remark: 4681187K(5472256K)] 5156841K(6209536K), 0.0603456 secs] [Times: user=0.27 sys=0.00, real=0.06 secs] 
2020-08-01T02:34:37.329+0800: 12411661.306: [CMS-concurrent-sweep-start]
2020-08-01T02:34:39.073+0800: 12411663.051: [CMS-concurrent-sweep: 1.744/1.744 secs] [Times: user=2.02 sys=0.46, real=1.74 secs] 
2020-08-01T02:34:39.073+0800: 12411663.051: [CMS-concurrent-reset-start]
2020-08-01T02:34:39.092+0800: 12411663.070: [CMS-concurrent-reset: 0.019/0.019 secs] [Times: user=0.03 sys=0.00, real=0.02 secs] 
2020-08-01T02:34:41.093+0800: 12411665.070: [GC (CMS Initial Mark) [1 CMS-initial-mark: 4679897K(5472256K)] 5198706K(6209536K), 0.0372454 secs] [Times: user=0.23 sys=0.00, real=0.04 secs] 
2020-08-01T02:34:41.130+0800: 12411665.108: [CMS-concurrent-mark-start]
2020-08-01T02:34:43.979+0800: 12411667.957: [CMS-concurrent-mark: 2.846/2.849 secs] [Times: user=6.10 sys=0.41, real=2.85 secs] 
2020-08-01T02:34:43.979+0800: 12411667.957: [CMS-concurrent-preclean-start]
2020-08-01T02:34:43.987+0800: 12411667.965: [CMS-concurrent-preclean: 0.008/0.008 secs] [Times: user=0.01 sys=0.00, real=0.01 secs] 
2020-08-01T02:34:43.987+0800: 12411667.965: [CMS-concurrent-abortable-preclean-start]
 CMS: abort preclean due to time 2020-08-01T02:34:49.232+0800: 12411673.209: [CMS-concurrent-abortable-preclean: 4.043/5.244 secs] [Times: user=4.76 sys=1.27, real=5.24 secs] 
2020-08-01T02:34:49.233+0800: 12411673.211: [GC (CMS Final Remark) [YG occupancy: 655282 K (737280 K)]2020-08-01T02:34:49.233+0800: 12411673.211: [Rescan (parallel) , 0.0483039 secs]2020-08-01T02:34:49.282+0800: 12411673.259: [weak refs processing, 0.0000376 secs]2020-08-01T02:34:49.282+0800: 12411673.259: [class unloading, 0.0174869 secs]2020-08-01T02:34:49.299+0800: 12411673.277: [scrub symbol table, 0.0060906 secs]2020-08-01T02:34:49.305+0800: 12411673.283: [scrub string table, 0.0008415 secs][1 CMS-remark: 4679897K(5472256K)] 5335180K(6209536K), 0.0729220 secs] [Times: user=0.35 sys=0.00, real=0.07 secs] 
2020-08-01T02:34:49.306+0800: 12411673.284: [CMS-concurrent-sweep-start]
2020-08-01T02:34:51.131+0800: 12411675.109: [CMS-concurrent-sweep: 1.820/1.824 secs] [Times: user=2.11 sys=0.32, real=1.83 secs] 
2020-08-01T02:34:51.131+0800: 12411675.109: [CMS-concurrent-reset-start]
2020-08-01T02:34:51.150+0800: 12411675.128: [CMS-concurrent-reset: 0.019/0.019 secs] [Times: user=0.02 sys=0.01, real=0.02 secs] 
2020-08-01T02:34:53.151+0800: 12411677.129: [GC (CMS Initial Mark) [1 CMS-initial-mark: 4679876K(5472256K)] 5404100K(6209536K), 0.0482594 secs] [Times: user=0.31 sys=0.00, real=0.05 secs] 
2020-08-01T02:34:53.199+0800: 12411677.177: [CMS-concurrent-mark-start]
2020-08-01T02:34:54.559+0800: 12411678.536: [GC (Allocation Failure) 2020-08-01T02:34:54.559+0800: 12411678.537: [ParNew: 737280K->81168K(737280K), 0.0777965 secs] 5417156K->4785954K(6209536K), 0.0780078 secs] [Times: user=0.52 sys=0.01, real=0.07 secs] 
2020-08-01T02:34:56.257+0800: 12411680.235: [CMS-concurrent-mark: 2.977/3.058 secs] [Times: user=6.83 sys=0.69, real=3.05 secs] 
2020-08-01T02:34:56.257+0800: 12411680.235: [CMS-concurrent-preclean-start]
2020-08-01T02:34:56.283+0800: 12411680.261: [CMS-concurrent-preclean: 0.025/0.026 secs] [Times: user=0.03 sys=0.00, real=0.03 secs] 
2020-08-01T02:34:56.283+0800: 12411680.261: [CMS-concurrent-abortable-preclean-start]
 CMS: abort preclean due to time 2020-08-01T02:35:01.297+0800: 12411685.275: [CMS-concurrent-abortable-preclean: 3.913/5.014 secs] [Times: user=4.82 sys=1.36, real=5.01 secs] 
2020-08-01T02:35:01.299+0800: 12411685.277: [GC (CMS Final Remark) [YG occupancy: 282787 K (737280 K)]2020-08-01T02:35:01.299+0800: 12411685.277: [Rescan (parallel) , 0.0393963 secs]2020-08-01T02:35:01.339+0800: 12411685.316: [weak refs processing, 0.0000375 secs]2020-08-01T02:35:01.339+0800: 12411685.316: [class unloading, 0.0190283 secs]2020-08-01T02:35:01.358+0800: 12411685.336: [scrub symbol table, 0.0063926 secs]2020-08-01T02:35:01.364+0800: 12411685.342: [scrub string table, 0.0009045 secs][1 CMS-remark: 4704785K(5472256K)] 4987573K(6209536K), 0.0659640 secs] [Times: user=0.21 sys=0.00, real=0.06 secs] 
2020-08-01T02:35:01.365+0800: 12411685.343: [CMS-concurrent-sweep-start]
2020-08-01T02:35:03.100+0800: 12411687.078: [CMS-concurrent-sweep: 1.735/1.735 secs] [Times: user=1.89 sys=0.05, real=1.74 secs] 
2020-08-01T02:35:03.100+0800: 12411687.078: [CMS-concurrent-reset-start]
2020-08-01T02:35:03.119+0800: 12411687.097: [CMS-concurrent-reset: 0.019/0.019 secs] [Times: user=0.02 sys=0.01, real=0.02 secs] 
2020-08-01T02:35:05.121+0800: 12411689.098: [GC (CMS Initial Mark) [1 CMS-initial-mark: 4704783K(5472256K)] 5094296K(6209536K), 0.0200648 secs] [Times: user=0.15 sys=0.00, real=0.02 secs] 
2020-08-01T02:35:05.141+0800: 12411689.119: [CMS-concurrent-mark-start]
2020-08-01T02:35:08.590+0800: 12411692.568: [CMS-concurrent-mark: 3.449/3.449 secs] [Times: user=7.93 sys=2.29, real=3.45 secs] 
2020-08-01T02:35:08.590+0800: 12411692.568: [CMS-concurrent-preclean-start]
2020-08-01T02:35:08.598+0800: 12411692.576: [CMS-concurrent-preclean: 0.008/0.008 secs] [Times: user=0.01 sys=0.00, real=0.00 secs] 
2020-08-01T02:35:08.598+0800: 12411692.576: [CMS-concurrent-abortable-preclean-start]
 CMS: abort preclean due to time 2020-08-01T02:35:13.873+0800: 12411697.851: [CMS-concurrent-abortable-preclean: 4.074/5.275 secs] [Times: user=4.75 sys=0.80, real=5.28 secs] 
2020-08-01T02:35:13.875+0800: 12411697.853: [GC (CMS Final Remark) [YG occupancy: 698870 K (737280 K)]2020-08-01T02:35:13.875+0800: 12411697.853: [Rescan (parallel) , 0.0381466 secs]2020-08-01T02:35:13.913+0800: 12411697.891: [weak refs processing, 0.0000575 secs]2020-08-01T02:35:13.913+0800: 12411697.891: [class unloading, 0.0174932 secs]2020-08-01T02:35:13.931+0800: 12411697.909: [scrub symbol table, 0.0062296 secs]2020-08-01T02:35:13.937+0800: 12411697.915: [scrub string table, 0.0009067 secs][1 CMS-remark: 4704783K(5472256K)] 5403653K(6209536K), 0.0630335 secs] [Times: user=0.29 sys=0.00, real=0.06 secs] 
2020-08-01T02:35:13.939+0800: 12411697.917: [CMS-concurrent-sweep-start]
2020-08-01T02:35:15.701+0800: 12411699.679: [CMS-concurrent-sweep: 1.762/1.762 secs] [Times: user=1.99 sys=0.49, real=1.76 secs] 
2020-08-01T02:35:15.701+0800: 12411699.679: [CMS-concurrent-reset-start]
2020-08-01T02:35:15.720+0800: 12411699.698: [CMS-concurrent-reset: 0.019/0.019 secs] [Times: user=0.02 sys=0.00, real=0.02 secs] 
2020-08-01T02:35:17.011+0800: 12411700.989: [GC (Allocation Failure) 2020-08-01T02:35:17.011+0800: 12411700.989: [ParNew: 736528K->76477K(737280K), 0.0848533 secs] 5440767K->4813239K(6209536K), 0.0850633 secs] [Times: user=0.52 sys=0.00, real=0.08 secs] 
2020-08-01T02:35:17.098+0800: 12411701.076: [GC (CMS Initial Mark) [1 CMS-initial-mark: 4736761K(5472256K)] 4820269K(6209536K), 0.0079442 secs] [Times: user=0.03 sys=0.00, real=0.01 secs] 
2020-08-01T02:35:17.106+0800: 12411701.084: [CMS-concurrent-mark-start]
2020-08-01T02:35:20.097+0800: 12411704.074: [CMS-concurrent-mark: 2.991/2.991 secs] [Times: user=6.45 sys=0.62, real=2.99 secs] 
2020-08-01T02:35:20.097+0800: 12411704.075: [CMS-concurrent-preclean-start]
2020-08-01T02:35:20.104+0800: 12411704.082: [CMS-concurrent-preclean: 0.007/0.007 secs] [Times: user=0.00 sys=0.00, real=0.01 secs] 
2020-08-01T02:35:20.104+0800: 12411704.082: [CMS-concurrent-abortable-preclean-start]
 CMS: abort preclean due to time 2020-08-01T02:35:25.276+0800: 12411709.253: [CMS-concurrent-abortable-preclean: 3.970/5.171 secs] [Times: user=4.86 sys=1.75, real=5.17 secs] 
2020-08-01T02:35:25.277+0800: 12411709.255: [GC (CMS Final Remark) [YG occupancy: 346954 K (737280 K)]2020-08-01T02:35:25.278+0800: 12411709.255: [Rescan (parallel) , 0.0185716 secs]2020-08-01T02:35:25.296+0800: 12411709.274: [weak refs processing, 0.0000496 secs]2020-08-01T02:35:25.296+0800: 12411709.274: [class unloading, 0.0170776 secs]2020-08-01T02:35:25.313+0800: 12411709.291: [scrub symbol table, 0.0064055 secs]2020-08-01T02:35:25.320+0800: 12411709.298: [scrub string table, 0.0008433 secs][1 CMS-remark: 4736761K(5472256K)] 5083716K(6209536K), 0.0431479 secs] [Times: user=0.16 sys=0.00, real=0.05 secs] 
2020-08-01T02:35:25.321+0800: 12411709.299: [CMS-concurrent-sweep-start]
2020-08-01T02:35:27.109+0800: 12411711.086: [CMS-concurrent-sweep: 1.788/1.788 secs] [Times: user=1.94 sys=0.13, real=1.79 secs] 
2020-08-01T02:35:27.109+0800: 12411711.086: [CMS-concurrent-reset-start]
2020-08-01T02:35:27.127+0800: 12411711.105: [CMS-concurrent-reset: 0.018/0.018 secs] [Times: user=0.02 sys=0.00, real=0.02 secs] 
2020-08-01T02:35:29.128+0800: 12411713.106: [GC (CMS Initial Mark) [1 CMS-initial-mark: 4736496K(5472256K)] 5158481K(6209536K), 0.0206090 secs] [Times: user=0.14 sys=0.00, real=0.02 secs] 
2020-08-01T02:35:29.149+0800: 12411713.127: [CMS-concurrent-mark-start]
2020-08-01T02:35:32.197+0800: 12411716.174: [CMS-concurrent-mark: 3.048/3.048 secs] [Times: user=7.00 sys=2.14, real=3.04 secs] 
2020-08-01T02:35:32.197+0800: 12411716.175: [CMS-concurrent-preclean-start]
2020-08-01T02:35:32.205+0800: 12411716.183: [CMS-concurrent-preclean: 0.008/0.008 secs] [Times: user=0.01 sys=0.00, real=0.01 secs] 
2020-08-01T02:35:32.205+0800: 12411716.183: [CMS-concurrent-abortable-preclean-start]
2020-08-01T02:35:36.055+0800: 12411720.033: [GC (Allocation Failure) 2020-08-01T02:35:36.055+0800: 12411720.033: [ParNew: 731837K->72558K(737280K), 0.0751715 secs] 5468334K->4836413K(6209536K), 0.0753739 secs] [Times: user=0.50 sys=0.00, real=0.08 secs] 
 CMS: abort preclean due to time 2020-08-01T02:35:37.272+0800: 12411721.250: [CMS-concurrent-abortable-preclean: 3.787/5.067 secs] [Times: user=5.55 sys=1.86, real=5.07 secs] 
2020-08-01T02:35:37.274+0800: 12411721.252: [GC (CMS Final Remark) [YG occupancy: 116690 K (737280 K)]2020-08-01T02:35:37.274+0800: 12411721.252: [Rescan (parallel) , 0.0111865 secs]2020-08-01T02:35:37.285+0800: 12411721.263: [weak refs processing, 0.0000431 secs]2020-08-01T02:35:37.285+0800: 12411721.263: [class unloading, 0.0188337 secs]2020-08-01T02:35:37.304+0800: 12411721.282: [scrub symbol table, 0.0062735 secs]2020-08-01T02:35:37.310+0800: 12411721.288: [scrub string table, 0.0009106 secs][1 CMS-remark: 4763854K(5472256K)] 4880545K(6209536K), 0.0374132 secs] [Times: user=0.11 sys=0.00, real=0.04 secs] 
2020-08-01T02:35:37.311+0800: 12411721.289: [CMS-concurrent-sweep-start]
2020-08-01T02:35:39.062+0800: 12411723.040: [CMS-concurrent-sweep: 1.751/1.751 secs] [Times: user=1.90 sys=0.17, real=1.75 secs] 
2020-08-01T02:35:39.063+0800: 12411723.040: [CMS-concurrent-reset-start]
2020-08-01T02:35:39.082+0800: 12411723.059: [CMS-concurrent-reset: 0.019/0.019 secs] [Times: user=0.02 sys=0.00, real=0.02 secs] 
2020-08-01T02:35:41.082+0800: 12411725.060: [GC (CMS Initial Mark) [1 CMS-initial-mark: 4763842K(5472256K)] 4943226K(6209536K), 0.0141633 secs] [Times: user=0.07 sys=0.01, real=0.01 secs] 
2020-08-01T02:35:41.097+0800: 12411725.075: [CMS-concurrent-mark-start]
2020-08-01T02:35:44.133+0800: 12411728.111: [CMS-concurrent-mark: 3.036/3.036 secs] [Times: user=6.61 sys=1.44, real=3.04 secs] 
2020-08-01T02:35:44.133+0800: 12411728.111: [CMS-concurrent-preclean-start]
2020-08-01T02:35:44.141+0800: 12411728.119: [CMS-concurrent-preclean: 0.008/0.008 secs] [Times: user=0.01 sys=0.00, real=0.01 secs] 
2020-08-01T02:35:44.141+0800: 12411728.119: [CMS-concurrent-abortable-preclean-start]
 CMS: abort preclean due to time 2020-08-01T02:35:49.190+0800: 12411733.168: [CMS-concurrent-abortable-preclean: 3.643/5.049 secs] [Times: user=4.24 sys=1.25, real=5.05 secs] 
2020-08-01T02:35:49.192+0800: 12411733.170: [GC (CMS Final Remark) [YG occupancy: 349304 K (737280 K)]2020-08-01T02:35:49.192+0800: 12411733.170: [Rescan (parallel) , 0.0257066 secs]2020-08-01T02:35:49.218+0800: 12411733.196: [weak refs processing, 0.0000394 secs]2020-08-01T02:35:49.218+0800: 12411733.196: [class unloading, 0.0179542 secs]2020-08-01T02:35:49.236+0800: 12411733.214: [scrub symbol table, 0.0063700 secs]2020-08-01T02:35:49.242+0800: 12411733.220: [scrub string table, 0.0009088 secs][1 CMS-remark: 4763842K(5472256K)] 5113147K(6209536K), 0.0511792 secs] [Times: user=0.20 sys=0.00, real=0.05 secs] 
2020-08-01T02:35:49.243+0800: 12411733.221: [CMS-concurrent-sweep-start]
2020-08-01T02:35:51.219+0800: 12411735.197: [CMS-concurrent-sweep: 1.975/1.975 secs] [Times: user=2.45 sys=1.74, real=1.98 secs] 
2020-08-01T02:35:51.219+0800: 12411735.197: [CMS-concurrent-reset-start]
2020-08-01T02:35:51.239+0800: 12411735.217: [CMS-concurrent-reset: 0.020/0.020 secs] [Times: user=0.02 sys=0.03, real=0.02 secs] 
2020-08-01T02:35:53.240+0800: 12411737.218: [GC (CMS Initial Mark) [1 CMS-initial-mark: 4763518K(5472256K)] 5220806K(6209536K), 0.0246468 secs] [Times: user=0.19 sys=0.00, real=0.02 secs] 
2020-08-01T02:35:53.265+0800: 12411737.242: [CMS-concurrent-mark-start]
2020-08-01T02:35:56.012+0800: 12411739.990: [CMS-concurrent-mark: 2.747/2.747 secs] [Times: user=5.81 sys=0.10, real=2.75 secs] 
2020-08-01T02:35:56.012+0800: 12411739.990: [CMS-concurrent-preclean-start]
2020-08-01T02:35:56.020+0800: 12411739.998: [CMS-concurrent-preclean: 0.008/0.008 secs] [Times: user=0.00 sys=0.00, real=0.01 secs] 
2020-08-01T02:35:56.020+0800: 12411739.998: [CMS-concurrent-abortable-preclean-start]
 CMS: abort preclean due to time 2020-08-01T02:36:01.145+0800: 12411745.123: [CMS-concurrent-abortable-preclean: 3.822/5.125 secs] [Times: user=4.26 sys=1.05, real=5.12 secs] 
2020-08-01T02:36:01.147+0800: 12411745.124: [GC (CMS Final Remark) [YG occupancy: 592240 K (737280 K)]2020-08-01T02:36:01.147+0800: 12411745.125: [Rescan (parallel) , 0.0343899 secs]2020-08-01T02:36:01.181+0800: 12411745.159: [weak refs processing, 0.0000345 secs]2020-08-01T02:36:01.181+0800: 12411745.159: [class unloading, 0.0168531 secs]2020-08-01T02:36:01.198+0800: 12411745.176: [scrub symbol table, 0.0061976 secs]2020-08-01T02:36:01.204+0800: 12411745.182: [scrub string table, 0.0008684 secs][1 CMS-remark: 4763518K(5472256K)] 5355758K(6209536K), 0.0585183 secs] [Times: user=0.29 sys=0.00, real=0.05 secs] 
2020-08-01T02:36:01.209+0800: 12411745.186: [CMS-concurrent-sweep-start]
2020-08-01T02:36:03.076+0800: 12411747.053: [CMS-concurrent-sweep: 1.867/1.867 secs] [Times: user=2.15 sys=0.57, real=1.86 secs] 
2020-08-01T02:36:03.076+0800: 12411747.054: [CMS-concurrent-reset-start]
2020-08-01T02:36:03.097+0800: 12411747.075: [CMS-concurrent-reset: 0.021/0.021 secs] [Times: user=0.02 sys=0.01, real=0.02 secs] 
2020-08-01T02:36:05.098+0800: 12411749.076: [GC (CMS Initial Mark) [1 CMS-initial-mark: 4763452K(5472256K)] 5428204K(6209536K), 0.0361882 secs] [Times: user=0.27 sys=0.00, real=0.04 secs] 
2020-08-01T02:36:05.134+0800: 12411749.112: [CMS-concurrent-mark-start]
2020-08-01T02:36:07.896+0800: 12411751.874: [CMS-concurrent-mark: 2.761/2.761 secs] [Times: user=5.81 sys=0.12, real=2.76 secs] 
2020-08-01T02:36:07.896+0800: 12411751.874: [CMS-concurrent-preclean-start]
2020-08-01T02:36:07.903+0800: 12411751.881: [CMS-concurrent-preclean: 0.008/0.008 secs] [Times: user=0.01 sys=0.00, real=0.01 secs] 
2020-08-01T02:36:07.904+0800: 12411751.881: [CMS-concurrent-abortable-preclean-start]
2020-08-01T02:36:11.095+0800: 12411755.073: [GC (Allocation Failure) 2020-08-01T02:36:11.095+0800: 12411755.073: [ParNew: 727918K->76609K(737280K), 0.0759945 secs] 5491371K->4860005K(6209536K), 0.0761998 secs] [Times: user=0.44 sys=0.00, real=0.08 secs] 
 CMS: abort preclean due to time 2020-08-01T02:36:12.968+0800: 12411756.946: [CMS-concurrent-abortable-preclean: 3.477/5.065 secs] [Times: user=4.37 sys=0.79, real=5.07 secs] 
2020-08-01T02:36:12.970+0800: 12411756.948: [GC (CMS Final Remark) [YG occupancy: 109787 K (737280 K)]2020-08-01T02:36:12.970+0800: 12411756.948: [Rescan (parallel) , 0.0163101 secs]2020-08-01T02:36:12.986+0800: 12411756.964: [weak refs processing, 0.0000384 secs]2020-08-01T02:36:12.986+0800: 12411756.964: [class unloading, 0.0178793 secs]2020-08-01T02:36:13.004+0800: 12411756.982: [scrub symbol table, 0.0063349 secs]2020-08-01T02:36:13.011+0800: 12411756.988: [scrub string table, 0.0008804 secs][1 CMS-remark: 4783395K(5472256K)] 4893183K(6209536K), 0.0416199 secs] [Times: user=0.14 sys=0.00, real=0.04 secs] 
2020-08-01T02:36:13.012+0800: 12411756.990: [CMS-concurrent-sweep-start]
2020-08-01T02:36:14.814+0800: 12411758.791: [CMS-concurrent-sweep: 1.799/1.802 secs] [Times: user=1.98 sys=0.18, real=1.80 secs] 
2020-08-01T02:36:14.814+0800: 12411758.791: [CMS-concurrent-reset-start]
2020-08-01T02:36:14.832+0800: 12411758.810: [CMS-concurrent-reset: 0.019/0.019 secs] [Times: user=0.02 sys=0.00, real=0.02 secs] 
2020-08-01T02:36:16.833+0800: 12411760.811: [GC (CMS Initial Mark) [1 CMS-initial-mark: 4783381K(5472256K)] 4954419K(6209536K), 0.0098529 secs] [Times: user=0.08 sys=0.00, real=0.01 secs] 
2020-08-01T02:36:16.843+0800: 12411760.821: [CMS-concurrent-mark-start]
2020-08-01T02:36:19.757+0800: 12411763.735: [CMS-concurrent-mark: 2.912/2.913 secs] [Times: user=6.15 sys=0.32, real=2.91 secs] 
2020-08-01T02:36:19.757+0800: 12411763.735: [CMS-concurrent-preclean-start]
2020-08-01T02:36:19.769+0800: 12411763.747: [CMS-concurrent-preclean: 0.012/0.013 secs] [Times: user=0.01 sys=0.01, real=0.02 secs] 
2020-08-01T02:36:19.770+0800: 12411763.747: [CMS-concurrent-abortable-preclean-start]
 CMS: abort preclean due to time 2020-08-01T02:36:25.062+0800: 12411769.040: [CMS-concurrent-abortable-preclean: 3.891/5.292 secs] [Times: user=4.58 sys=1.62, real=5.29 secs] 
2020-08-01T02:36:25.064+0800: 12411769.042: [GC (CMS Final Remark) [YG occupancy: 269800 K (737280 K)]2020-08-01T02:36:25.064+0800: 12411769.042: [Rescan (parallel) , 0.0228439 secs]2020-08-01T02:36:25.087+0800: 12411769.065: [weak refs processing, 0.0000636 secs]2020-08-01T02:36:25.087+0800: 12411769.065: [class unloading, 0.0196168 secs]2020-08-01T02:36:25.107+0800: 12411769.085: [scrub symbol table, 0.0065149 secs]2020-08-01T02:36:25.113+0800: 12411769.091: [scrub string table, 0.0013235 secs][1 CMS-remark: 4783381K(5472256K)] 5053182K(6209536K), 0.0505560 secs] [Times: user=0.17 sys=0.00, real=0.05 secs] 
2020-08-01T02:36:25.115+0800: 12411769.093: [CMS-concurrent-sweep-start]
2020-08-01T02:36:27.091+0800: 12411771.068: [CMS-concurrent-sweep: 1.975/1.975 secs] [Times: user=2.70 sys=0.35, real=1.98 secs] 
2020-08-01T02:36:27.091+0800: 12411771.069: [CMS-concurrent-reset-start]
2020-08-01T02:36:27.109+0800: 12411771.087: [CMS-concurrent-reset: 0.019/0.019 secs] [Times: user=0.02 sys=0.00, real=0.02 secs] 
2020-08-01T02:36:29.111+0800: 12411773.089: [GC (CMS Initial Mark) [1 CMS-initial-mark: 4782642K(5472256K)] 5228380K(6209536K), 0.0267440 secs] [Times: user=0.19 sys=0.00, real=0.02 secs] 
2020-08-01T02:36:29.138+0800: 12411773.116: [CMS-concurrent-mark-start]
2020-08-01T02:36:32.374+0800: 12411776.351: [CMS-concurrent-mark: 3.236/3.236 secs] [Times: user=7.26 sys=2.16, real=3.24 secs] 
2020-08-01T02:36:32.374+0800: 12411776.351: [CMS-concurrent-preclean-start]
2020-08-01T02:36:32.384+0800: 12411776.361: [CMS-concurrent-preclean: 0.010/0.010 secs] [Times: user=0.01 sys=0.00, real=0.01 secs] 
2020-08-01T02:36:32.384+0800: 12411776.362: [CMS-concurrent-abortable-preclean-start]
2020-08-01T02:36:36.083+0800: 12411780.061: [GC (Allocation Failure) 2020-08-01T02:36:36.083+0800: 12411780.061: [ParNew2020-08-01T02:36:36.123+0800: 12411780.101: [CMS-concurrent-abortable-preclean: 2.838/3.739 secs] [Times: user=3.97 sys=1.96, real=3.74 secs] 
: 731969K->81919K(737280K), 0.0878316 secs] 5514612K->4896087K(6209536K), 0.0880367 secs] [Times: user=0.48 sys=0.00, real=0.09 secs] 
2020-08-01T02:36:36.173+0800: 12411780.151: [GC (CMS Final Remark) [YG occupancy: 90172 K (737280 K)]2020-08-01T02:36:36.173+0800: 12411780.151: [Rescan (parallel) , 0.0123365 secs]2020-08-01T02:36:36.186+0800: 12411780.164: [weak refs processing, 0.0000361 secs]2020-08-01T02:36:36.186+0800: 12411780.164: [class unloading, 0.0180052 secs]2020-08-01T02:36:36.204+0800: 12411780.182: [scrub symbol table, 0.0064190 secs]2020-08-01T02:36:36.210+0800: 12411780.188: [scrub string table, 0.0008999 secs][1 CMS-remark: 4814167K(5472256K)] 4904339K(6209536K), 0.0378977 secs] [Times: user=0.11 sys=0.00, real=0.04 secs] 
2020-08-01T02:36:36.212+0800: 12411780.189: [CMS-concurrent-sweep-start]
2020-08-01T02:36:38.029+0800: 12411782.007: [CMS-concurrent-sweep: 1.816/1.818 secs] [Times: user=2.08 sys=0.38, real=1.82 secs] 
2020-08-01T02:36:38.029+0800: 12411782.007: [CMS-concurrent-reset-start]
2020-08-01T02:36:38.048+0800: 12411782.026: [CMS-concurrent-reset: 0.018/0.018 secs] [Times: user=0.02 sys=0.00, real=0.02 secs] 
2020-08-01T02:36:40.049+0800: 12411784.027: [GC (CMS Initial Mark) [1 CMS-initial-mark: 4814160K(5472256K)] 4974154K(6209536K), 0.0102456 secs] [Times: user=0.06 sys=0.00, real=0.01 secs] 
2020-08-01T02:36:40.059+0800: 12411784.037: [CMS-concurrent-mark-start]
2020-08-01T02:36:44.476+0800: 12411788.454: [CMS-concurrent-mark: 4.417/4.417 secs] [Times: user=9.41 sys=1.13, real=4.41 secs] 
2020-08-01T02:36:44.476+0800: 12411788.454: [CMS-concurrent-preclean-start]
2020-08-01T02:36:44.484+0800: 12411788.462: [CMS-concurrent-preclean: 0.008/0.008 secs] [Times: user=0.01 sys=0.00, real=0.01 secs] 
2020-08-01T02:36:44.484+0800: 12411788.462: [CMS-concurrent-abortable-preclean-start]
 CMS: abort preclean due to time 2020-08-01T02:36:49.538+0800: 12411793.516: [CMS-concurrent-abortable-preclean: 4.094/5.054 secs] [Times: user=4.83 sys=1.81, real=5.05 secs] 
2020-08-01T02:36:49.540+0800: 12411793.518: [GC (CMS Final Remark) [YG occupancy: 316445 K (737280 K)]2020-08-01T02:36:49.540+0800: 12411793.518: [Rescan (parallel) , 0.0305121 secs]2020-08-01T02:36:49.571+0800: 12411793.549: [weak refs processing, 0.0000560 secs]2020-08-01T02:36:49.571+0800: 12411793.549: [class unloading, 0.0172664 secs]2020-08-01T02:36:49.588+0800: 12411793.566: [scrub symbol table, 0.0064760 secs]2020-08-01T02:36:49.595+0800: 12411793.573: [scrub string table, 0.0008896 secs][1 CMS-remark: 4814160K(5472256K)] 5130605K(6209536K), 0.0553995 secs] [Times: user=0.19 sys=0.00, real=0.05 secs] 
2020-08-01T02:36:49.596+0800: 12411793.574: [CMS-concurrent-sweep-start]
2020-08-01T02:36:51.406+0800: 12411795.384: [CMS-concurrent-sweep: 1.810/1.810 secs] [Times: user=1.97 sys=0.16, real=1.82 secs] 
2020-08-01T02:36:51.407+0800: 12411795.384: [CMS-concurrent-reset-start]
2020-08-01T02:36:51.425+0800: 12411795.403: [CMS-concurrent-reset: 0.019/0.019 secs] [Times: user=0.02 sys=0.01, real=0.01 secs] 
2020-08-01T02:36:53.426+0800: 12411797.404: [GC (CMS Initial Mark) [1 CMS-initial-mark: 4811692K(5472256K)] 5275122K(6209536K), 0.0292486 secs] [Times: user=0.20 sys=0.00, real=0.03 secs] 
2020-08-01T02:36:53.456+0800: 12411797.433: [CMS-concurrent-mark-start]
2020-08-01T02:36:56.290+0800: 12411800.267: [CMS-concurrent-mark: 2.831/2.834 secs] [Times: user=6.21 sys=0.25, real=2.84 secs] 
2020-08-01T02:36:56.290+0800: 12411800.268: [CMS-concurrent-preclean-start]
2020-08-01T02:36:56.299+0800: 12411800.276: [CMS-concurrent-preclean: 0.009/0.009 secs] [Times: user=0.01 sys=0.00, real=0.01 secs] 
2020-08-01T02:36:56.299+0800: 12411800.276: [CMS-concurrent-abortable-preclean-start]
 CMS: abort preclean due to time 2020-08-01T02:37:01.319+0800: 12411805.297: [CMS-concurrent-abortable-preclean: 3.818/5.020 secs] [Times: user=4.36 sys=0.41, real=5.02 secs] 
2020-08-01T02:37:01.321+0800: 12411805.299: [GC (CMS Final Remark) [YG occupancy: 652097 K (737280 K)]2020-08-01T02:37:01.321+0800: 12411805.299: [Rescan (parallel) , 0.0395692 secs]2020-08-01T02:37:01.360+0800: 12411805.338: [weak refs processing, 0.0000385 secs]2020-08-01T02:37:01.360+0800: 12411805.338: [class unloading, 0.0185564 secs]2020-08-01T02:37:01.379+0800: 12411805.357: [scrub symbol table, 0.0069012 secs]2020-08-01T02:37:01.386+0800: 12411805.364: [scrub string table, 0.0010203 secs][1 CMS-remark: 4811692K(5472256K)] 5463789K(6209536K), 0.0662823 secs] [Times: user=0.33 sys=0.00, real=0.07 secs] 
2020-08-01T02:37:01.387+0800: 12411805.365: [CMS-concurrent-sweep-start]
2020-08-01T02:37:03.155+0800: 12411807.133: [CMS-concurrent-sweep: 1.768/1.768 secs] [Times: user=1.98 sys=0.11, real=1.76 secs] 
2020-08-01T02:37:03.155+0800: 12411807.133: [CMS-concurrent-reset-start]
2020-08-01T02:37:03.174+0800: 12411807.152: [CMS-concurrent-reset: 0.019/0.019 secs] [Times: user=0.01 sys=0.01, real=0.02 secs] 
2020-08-01T02:37:05.175+0800: 12411809.153: [GC (CMS Initial Mark) [1 CMS-initial-mark: 4811298K(5472256K)] 5523866K(6209536K), 0.0455573 secs] [Times: user=0.28 sys=0.00, real=0.05 secs] 
2020-08-01T02:37:05.221+0800: 12411809.199: [CMS-concurrent-mark-start]
2020-08-01T02:37:07.965+0800: 12411811.943: [CMS-concurrent-mark: 2.744/2.744 secs] [Times: user=5.76 sys=0.05, real=2.74 secs] 
2020-08-01T02:37:07.965+0800: 12411811.943: [CMS-concurrent-preclean-start]
2020-08-01T02:37:07.973+0800: 12411811.951: [CMS-concurrent-preclean: 0.008/0.008 secs] [Times: user=0.00 sys=0.01, real=0.01 secs] 
2020-08-01T02:37:07.973+0800: 12411811.951: [CMS-concurrent-abortable-preclean-start]
2020-08-01T02:37:08.681+0800: 12411812.659: [GC (Allocation Failure) 2020-08-01T02:37:08.681+0800: 12411812.659: [ParNew: 737279K->81920K(737280K), 0.0830086 secs] 5548578K->4918053K(6209536K), 0.0832380 secs] [Times: user=0.51 sys=0.00, real=0.08 secs] 
 CMS: abort preclean due to time 2020-08-01T02:37:12.974+0800: 12411816.952: [CMS-concurrent-abortable-preclean: 3.710/5.002 secs] [Times: user=4.60 sys=0.24, real=5.00 secs] 
2020-08-01T02:37:12.976+0800: 12411816.954: [GC (CMS Final Remark) [YG occupancy: 131893 K (737280 K)]2020-08-01T02:37:12.976+0800: 12411816.954: [Rescan (parallel) , 0.0152823 secs]2020-08-01T02:37:12.992+0800: 12411816.969: [weak refs processing, 0.0000395 secs]2020-08-01T02:37:12.992+0800: 12411816.969: [class unloading, 0.0182800 secs]2020-08-01T02:37:13.010+0800: 12411816.988: [scrub symbol table, 0.0065902 secs]2020-08-01T02:37:13.017+0800: 12411816.994: [scrub string table, 0.0009849 secs][1 CMS-remark: 4836133K(5472256K)] 4968027K(6209536K), 0.0413321 secs] [Times: user=0.14 sys=0.00, real=0.04 secs] 
2020-08-01T02:37:13.018+0800: 12411816.996: [CMS-concurrent-sweep-start]
2020-08-01T02:37:14.767+0800: 12411818.745: [CMS-concurrent-sweep: 1.747/1.749 secs] [Times: user=1.85 sys=0.06, real=1.76 secs] 
2020-08-01T02:37:14.767+0800: 12411818.745: [CMS-concurrent-reset-start]
2020-08-01T02:37:14.787+0800: 12411818.764: [CMS-concurrent-reset: 0.020/0.020 secs] [Times: user=0.03 sys=0.00, real=0.02 secs] 
2020-08-01T02:37:16.787+0800: 12411820.765: [GC (CMS Initial Mark) [1 CMS-initial-mark: 4836104K(5472256K)] 4994308K(6209536K), 0.0125482 secs] [Times: user=0.06 sys=0.00, real=0.01 secs] 
2020-08-01T02:37:16.800+0800: 12411820.778: [CMS-concurrent-mark-start]
2020-08-01T02:37:19.585+0800: 12411823.563: [CMS-concurrent-mark: 2.785/2.785 secs] [Times: user=5.85 sys=0.13, real=2.78 secs] 
2020-08-01T02:37:19.585+0800: 12411823.563: [CMS-concurrent-preclean-start]
2020-08-01T02:37:19.594+0800: 12411823.571: [CMS-concurrent-preclean: 0.008/0.009 secs] [Times: user=0.01 sys=0.00, real=0.01 secs] 
2020-08-01T02:37:19.594+0800: 12411823.571: [CMS-concurrent-abortable-preclean-start]
 CMS: abort preclean due to time 2020-08-01T02:37:24.732+0800: 12411828.709: [CMS-concurrent-abortable-preclean: 3.985/5.138 secs] [Times: user=8.26 sys=0.19, real=5.14 secs] 
2020-08-01T02:37:24.733+0800: 12411828.711: [GC (CMS Final Remark) [YG occupancy: 598943 K (737280 K)]2020-08-01T02:37:24.733+0800: 12411828.711: [Rescan (parallel) , 0.3469565 secs]2020-08-01T02:37:25.080+0800: 12411829.058: [weak refs processing, 0.0000743 secs]2020-08-01T02:37:25.080+0800: 12411829.058: [class unloading, 0.0187129 secs]2020-08-01T02:37:25.099+0800: 12411829.077: [scrub symbol table, 0.0078892 secs]2020-08-01T02:37:25.107+0800: 12411829.085: [scrub string table, 0.0008879 secs][1 CMS-remark: 4836104K(5472256K)] 5435047K(6209536K), 0.3747022 secs] [Times: user=2.45 sys=0.00, real=0.38 secs] 
2020-08-01T02:37:25.108+0800: 12411829.086: [CMS-concurrent-sweep-start]
2020-08-01T02:37:25.823+0800: 12411829.800: [GC (Allocation Failure) 2020-08-01T02:37:25.823+0800: 12411829.801: [ParNew: 737280K->81920K(737280K), 1.1920637 secs] 5572487K->5222639K(6209536K), 1.1923151 secs] [Times: user=7.67 sys=0.00, real=1.19 secs] 
2020-08-01T02:37:27.522+0800: 12411831.500: [GC (Allocation Failure) 2020-08-01T02:37:27.522+0800: 12411831.500: [ParNew: 737280K->737280K(737280K), 0.0000227 secs]2020-08-01T02:37:27.522+0800: 12411831.500: [CMS2020-08-01T02:37:28.236+0800: 12411832.214: [CMS-concurrent-sweep: 1.928/3.128 secs] [Times: user=10.91 sys=0.00, real=3.12 secs] 
 (concurrent mode failure): 5140420K->4701182K(5472256K), 12.6793260 secs] 5877700K->4701182K(6209536K), [Metaspace: 46721K->46721K(1091584K)], 12.6799107 secs] [Times: user=12.69 sys=0.00, real=12.68 secs] 
2020-08-01T02:37:40.716+0800: 12411844.694: [GC (Allocation Failure) 2020-08-01T02:37:40.716+0800: 12411844.694: [ParNew: 655360K->75587K(737280K), 0.0072684 secs] 5356542K->4776770K(6209536K), 0.0074338 secs] [Times: user=0.05 sys=0.00, real=0.01 secs] 
2020-08-01T02:37:40.725+0800: 12411844.703: [GC (CMS Initial Mark) [1 CMS-initial-mark: 4701182K(5472256K)] 4786486K(6209536K), 0.0011274 secs] [Times: user=0.00 sys=0.00, real=0.00 secs] 
2020-08-01T02:37:40.726+0800: 12411844.704: [CMS-concurrent-mark-start]
2020-08-01T02:37:41.223+0800: 12411845.201: [GC (Allocation Failure) 2020-08-01T02:37:41.223+0800: 12411845.201: [ParNew: 730947K->18940K(737280K), 0.0109087 secs] 5432130K->4720123K(6209536K), 0.0111210 secs] [Times: user=0.06 sys=0.00, real=0.01 secs] 
2020-08-01T02:37:41.700+0800: 12411845.678: [GC (Allocation Failure) 2020-08-01T02:37:41.700+0800: 12411845.678: [ParNew: 674300K->4779K(737280K), 0.0073210 secs] 5375483K->4705962K(6209536K), 0.0074738 secs] [Times: user=0.05 sys=0.00, real=0.01 secs] 
2020-08-01T02:37:42.186+0800: 12411846.164: [GC (Allocation Failure) 2020-08-01T02:37:42.186+0800: 12411846.164: [ParNew: 660139K->1239K(737280K), 0.0070263 secs] 5361322K->4702422K(6209536K), 0.0071855 secs] [Times: user=0.06 sys=0.00, real=0.01 secs] 
2020-08-01T02:37:42.678+0800: 12411846.655: [GC (Allocation Failure) 2020-08-01T02:37:42.678+0800: 12411846.655: [ParNew: 656599K->550K(737280K), 0.0098428 secs] 5357782K->4701733K(6209536K), 0.0100259 secs] [Times: user=0.06 sys=0.00, real=0.02 secs] 
2020-08-01T02:37:43.157+0800: 12411847.134: [GC (Allocation Failure) 2020-08-01T02:37:43.157+0800: 12411847.135: [ParNew: 655910K->306K(737280K), 0.0150576 secs] 5357093K->4701489K(6209536K), 0.0152328 secs] [Times: user=0.08 sys=0.00, real=0.02 secs] 
2020-08-01T02:37:43.799+0800: 12411847.777: [GC (Allocation Failure) 2020-08-01T02:37:43.799+0800: 12411847.777: [ParNew: 655666K->58K(737280K), 0.0076430 secs] 5356849K->4701493K(6209536K), 0.0078354 secs] [Times: user=0.05 sys=0.00, real=0.01 secs] 
2020-08-01T02:37:44.291+0800: 12411848.269: [GC (Allocation Failure) 2020-08-01T02:37:44.291+0800: 12411848.269: [ParNew: 655418K->283K(737280K), 0.0071359 secs] 5356853K->4701719K(6209536K), 0.0073262 secs] [Times: user=0.06 sys=0.00, real=0.01 secs] 
2020-08-01T02:37:44.771+0800: 12411848.749: [GC (Allocation Failure) 2020-08-01T02:37:44.771+0800: 12411848.749: [ParNew: 655643K->303K(737280K), 0.0094856 secs] 5357079K->4701740K(6209536K), 0.0096491 secs] [Times: user=0.06 sys=0.00, real=0.01 secs] 
2020-08-01T02:37:45.255+0800: 12411849.233: [GC (Allocation Failure) 2020-08-01T02:37:45.255+0800: 12411849.233: [ParNew: 655663K->306K(737280K), 0.0070658 secs] 5357100K->4701744K(6209536K), 0.0072752 secs] [Times: user=0.06 sys=0.00, real=0.01 secs] 
2020-08-01T02:37:45.880+0800: 12411849.858: [GC (Allocation Failure) 2020-08-01T02:37:45.880+0800: 12411849.858: [ParNew: 655666K->309K(737280K), 0.0109482 secs] 5357104K->4701747K(6209536K), 0.0111189 secs] [Times: user=0.06 sys=0.00, real=0.01 secs] 
2020-08-01T02:37:45.940+0800: 12411849.918: [CMS-concurrent-mark: 5.097/5.214 secs] [Times: user=15.95 sys=0.00, real=5.22 secs] 
2020-08-01T02:37:45.940+0800: 12411849.918: [CMS-concurrent-preclean-start]
2020-08-01T02:37:45.948+0800: 12411849.926: [CMS-concurrent-preclean: 0.008/0.008 secs] [Times: user=0.01 sys=0.00, real=0.01 secs] 
2020-08-01T02:37:45.948+0800: 12411849.926: [CMS-concurrent-abortable-preclean-start]
2020-08-01T02:37:46.269+0800: 12411850.247: [CMS-concurrent-abortable-preclean: 0.021/0.322 secs] [Times: user=0.35 sys=0.00, real=0.32 secs] 
2020-08-01T02:37:46.271+0800: 12411850.249: [GC (CMS Final Remark) [YG occupancy: 548843 K (737280 K)]2020-08-01T02:37:46.271+0800: 12411850.249: [Rescan (parallel) , 0.0450455 secs]2020-08-01T02:37:46.316+0800: 12411850.294: [weak refs processing, 0.0000375 secs]2020-08-01T02:37:46.316+0800: 12411850.294: [class unloading, 0.0178496 secs]2020-08-01T02:37:46.334+0800: 12411850.312: [scrub symbol table, 0.0062755 secs]2020-08-01T02:37:46.341+0800: 12411850.318: [scrub string table, 0.0009638 secs][1 CMS-remark: 4701437K(5472256K)] 5250281K(6209536K), 0.0703256 secs] [Times: user=0.33 sys=0.00, real=0.07 secs] 
2020-08-01T02:37:46.342+0800: 12411850.320: [CMS-concurrent-sweep-start]
2020-08-01T02:37:46.426+0800: 12411850.403: [GC (Allocation Failure) 2020-08-01T02:37:46.426+0800: 12411850.404: [ParNew: 655669K->305K(737280K), 0.0070863 secs] 5357105K->4701742K(6209536K), 0.0072381 secs] [Times: user=0.05 sys=0.00, real=0.01 secs] 
2020-08-01T02:37:46.897+0800: 12411850.875: [GC (Allocation Failure) 2020-08-01T02:37:46.897+0800: 12411850.875: [ParNew: 655665K->302K(737280K), 0.0079103 secs] 5357023K->4701661K(6209536K), 0.0080888 secs] [Times: user=0.06 sys=0.00, real=0.01 secs] 
2020-08-01T02:37:47.416+0800: 12411851.394: [GC (Allocation Failure) 2020-08-01T02:37:47.416+0800: 12411851.394: [ParNew: 655662K->63K(737280K), 0.0073321 secs] 5356463K->4701136K(6209536K), 0.0074899 secs] [Times: user=0.05 sys=0.00, real=0.01 secs] 
2020-08-01T02:37:47.981+0800: 12411851.958: [GC (Allocation Failure) 2020-08-01T02:37:47.981+0800: 12411851.959: [ParNew: 655423K->17K(737280K), 0.0124939 secs] 5356027K->4700620K(6209536K), 0.0126610 secs] [Times: user=0.06 sys=0.00, real=0.01 secs] 
2020-08-01T02:37:48.016+0800: 12411851.993: [CMS-concurrent-sweep: 1.631/1.674 secs] [Times: user=3.51 sys=0.00, real=1.67 secs] 
2020-08-01T02:37:48.016+0800: 12411851.994: [CMS-concurrent-reset-start]
2020-08-01T02:37:48.035+0800: 12411852.012: [CMS-concurrent-reset: 0.019/0.019 secs] [Times: user=0.04 sys=0.00, real=0.02 secs] 
2020-08-01T02:37:48.562+0800: 12411852.540: [GC (Allocation Failure) 2020-08-01T02:37:48.562+0800: 12411852.540: [ParNew: 655377K->16K(737280K), 0.0070897 secs] 5355771K->4700410K(6209536K), 0.0072406 secs] [Times: user=0.05 sys=0.00, real=0.01 secs] 
2020-08-01T02:37:48.571+0800: 12411852.548: [GC (CMS Initial Mark) [1 CMS-initial-mark: 4700394K(5472256K)] 4713510K(6209536K), 0.0011534 secs] [Times: user=0.01 sys=0.00, real=0.00 secs] 
2020-08-01T02:37:48.572+0800: 12411852.550: [CMS-concurrent-mark-start]
2020-08-01T02:37:49.218+0800: 12411853.196: [GC (Allocation Failure) 2020-08-01T02:37:49.218+0800: 12411853.196: [ParNew: 655376K->18K(737280K), 0.0168407 secs] 5355770K->4700414K(6209536K), 0.0170856 secs] [Times: user=0.07 sys=0.00, real=0.02 secs] 
2020-08-01T02:37:49.944+0800: 12411853.921: [GC (Allocation Failure) 2020-08-01T02:37:49.944+0800: 12411853.922: [ParNew: 655378K->16K(737280K), 0.0072678 secs] 5355774K->4700414K(6209536K), 0.0074485 secs] [Times: user=0.06 sys=0.00, real=0.01 secs] 
2020-08-01T02:37:50.605+0800: 12411854.583: [GC (Allocation Failure) 2020-08-01T02:37:50.606+0800: 12411854.583: [ParNew: 655376K->18K(737280K), 0.0073034 secs] 5355774K->4700417K(6209536K), 0.0075075 secs] [Times: user=0.05 sys=0.00, real=0.01 secs] 
2020-08-01T02:37:51.060+0800: 12411855.038: [GC (Allocation Failure) 2020-08-01T02:37:51.060+0800: 12411855.038: [ParNew: 655378K->18K(737280K), 0.0069099 secs] 5355777K->4700417K(6209536K), 0.0070717 secs] [Times: user=0.05 sys=0.00, real=0.01 secs] 
2020-08-01T02:37:51.529+0800: 12411855.506: [GC (Allocation Failure) 2020-08-01T02:37:51.529+0800: 12411855.507: [ParNew: 655378K->22K(737280K), 0.0100877 secs] 5355777K->4700422K(6209536K), 0.0102901 secs] [Times: user=0.06 sys=0.00, real=0.01 secs] 
2020-08-01T02:37:51.985+0800: 12411855.963: [GC (Allocation Failure) 2020-08-01T02:37:51.985+0800: 12411855.963: [ParNew: 655382K->20K(737280K), 0.0073924 secs] 5355782K->4700420K(6209536K), 0.0075461 secs] [Times: user=0.05 sys=0.00, real=0.01 secs] 
2020-08-01T02:37:52.436+0800: 12411856.414: [GC (Allocation Failure) 2020-08-01T02:37:52.436+0800: 12411856.414: [ParNew: 655380K->22K(737280K), 0.0157291 secs] 5355780K->4700423K(6209536K), 0.0159138 secs] [Times: user=0.10 sys=0.00, real=0.02 secs] 
2020-08-01T02:37:52.910+0800: 12411856.888: [GC (Allocation Failure) 2020-08-01T02:37:52.910+0800: 12411856.888: [ParNew: 655382K->20K(737280K), 0.0099796 secs] 5355783K->4700423K(6209536K), 0.0101505 secs] [Times: user=0.07 sys=0.00, real=0.01 secs] 
2020-08-01T02:37:53.495+0800: 12411857.473: [GC (Allocation Failure) 2020-08-01T02:37:53.495+0800: 12411857.473: [ParNew: 655380K->22K(737280K), 0.0157683 secs] 5355783K->4700427K(6209536K), 0.0159216 secs] [Times: user=0.05 sys=0.00, real=0.02 secs] 
2020-08-01T02:37:53.967+0800: 12411857.945: [GC (Allocation Failure) 2020-08-01T02:37:53.967+0800: 12411857.945: [ParNew: 655382K->20K(737280K), 0.0127783 secs] 5355787K->4700430K(6209536K), 0.0129873 secs] [Times: user=0.06 sys=0.00, real=0.01 secs] 
2020-08-01T02:37:54.119+0800: 12411858.097: [CMS-concurrent-mark: 5.417/5.547 secs] [Times: user=16.77 sys=0.00, real=5.55 secs] 
2020-08-01T02:37:54.119+0800: 12411858.097: [CMS-concurrent-preclean-start]
2020-08-01T02:37:54.127+0800: 12411858.105: [CMS-concurrent-preclean: 0.008/0.008 secs] [Times: user=0.01 sys=0.00, real=0.01 secs] 
2020-08-01T02:37:54.127+0800: 12411858.105: [CMS-concurrent-abortable-preclean-start]
2020-08-01T02:37:54.448+0800: 12411858.426: [GC (Allocation Failure) 2020-08-01T02:37:54.449+0800: 12411858.426: [ParNew: 655380K->16K(737280K), 0.0104069 secs] 5355790K->4700427K(6209536K), 0.0105965 secs] [Times: user=0.05 sys=0.00, real=0.01 secs] 
2020-08-01T02:37:54.900+0800: 12411858.878: [CMS-concurrent-abortable-preclean: 0.062/0.773 secs] [Times: user=0.89 sys=0.00, real=0.77 secs] 
2020-08-01T02:37:54.902+0800: 12411858.880: [GC (CMS Final Remark) [YG occupancy: 576007 K (737280 K)]2020-08-01T02:37:54.902+0800: 12411858.880: [Rescan (parallel) , 0.0570210 secs]2020-08-01T02:37:54.959+0800: 12411858.937: [weak refs processing, 0.0000385 secs]2020-08-01T02:37:54.959+0800: 12411858.937: [class unloading, 0.0176362 secs]2020-08-01T02:37:54.977+0800: 12411858.955: [scrub symbol table, 0.0073528 secs]2020-08-01T02:37:54.984+0800: 12411858.962: [scrub string table, 0.0010424 secs][1 CMS-remark: 4700411K(5472256K)] 5276418K(6209536K), 0.0832663 secs] [Times: user=0.35 sys=0.00, real=0.08 secs] 
2020-08-01T02:37:54.986+0800: 12411858.964: [CMS-concurrent-sweep-start]
2020-08-01T02:37:55.047+0800: 12411859.025: [GC (Allocation Failure) 2020-08-01T02:37:55.047+0800: 12411859.025: [ParNew: 655376K->20K(737280K), 0.0238460 secs] 5355787K->4700431K(6209536K), 0.0240073 secs] [Times: user=0.08 sys=0.00, real=0.02 secs] 
2020-08-01T02:37:55.520+0800: 12411859.498: [GC (Allocation Failure) 2020-08-01T02:37:55.520+0800: 12411859.498: [ParNew: 655380K->18K(737280K), 0.0264891 secs] 5355789K->4700429K(6209536K), 0.0266715 secs] [Times: user=0.11 sys=0.00, real=0.03 secs] 
2020-08-01T02:37:56.009+0800: 12411859.987: [GC (Allocation Failure) 2020-08-01T02:37:56.009+0800: 12411859.987: [ParNew: 655378K->18K(737280K), 0.0102373 secs] 5355789K->4700431K(6209536K), 0.0104120 secs] [Times: user=0.06 sys=0.00, real=0.01 secs] 
2020-08-01T02:37:56.493+0800: 12411860.470: [GC (Allocation Failure) 2020-08-01T02:37:56.493+0800: 12411860.470: [ParNew: 655378K->16K(737280K), 0.0102103 secs] 5355791K->4700431K(6209536K), 0.0103794 secs] [Times: user=0.06 sys=0.00, real=0.01 secs] 
2020-08-01T02:37:56.704+0800: 12411860.682: [CMS-concurrent-sweep: 1.640/1.718 secs] [Times: user=3.62 sys=0.00, real=1.72 secs] 
2020-08-01T02:37:56.704+0800: 12411860.682: [CMS-concurrent-reset-start]
2020-08-01T02:37:56.723+0800: 12411860.701: [CMS-concurrent-reset: 0.019/0.019 secs] [Times: user=0.04 sys=0.00, real=0.02 secs] 
2020-08-01T02:37:56.982+0800: 12411860.960: [GC (Allocation Failure) 2020-08-01T02:37:56.982+0800: 12411860.960: [ParNew: 655376K->20K(737280K), 0.0071127 secs] 5355775K->4700420K(6209536K), 0.0072774 secs] [Times: user=0.05 sys=0.00, real=0.01 secs] 
2020-08-01T02:37:56.990+0800: 12411860.968: [GC (CMS Initial Mark) [1 CMS-initial-mark: 4700399K(5472256K)] 4713524K(6209536K), 0.0013396 secs] [Times: user=0.01 sys=0.00, real=0.00 secs] 
2020-08-01T02:37:56.992+0800: 12411860.970: [CMS-concurrent-mark-start]
2020-08-01T02:37:57.457+0800: 12411861.434: [GC (Allocation Failure) 2020-08-01T02:37:57.457+0800: 12411861.435: [ParNew: 655380K->16K(737280K), 0.0093865 secs] 5355780K->4700416K(6209536K), 0.0095397 secs] [Times: user=0.06 sys=0.00, real=0.01 secs] 
2020-08-01T02:37:57.954+0800: 12411861.932: [GC (Allocation Failure) 2020-08-01T02:37:57.954+0800: 12411861.932: [ParNew: 655376K->88K(737280K), 0.0072327 secs] 5355776K->4700490K(6209536K), 0.0074039 secs] [Times: user=0.05 sys=0.00, real=0.01 secs] 
2020-08-01T02:37:58.444+0800: 12411862.421: [GC (Allocation Failure) 2020-08-01T02:37:58.444+0800: 12411862.422: [ParNew: 655448K->88K(737280K), 0.0071124 secs] 5355850K->4700492K(6209536K), 0.0072964 secs] [Times: user=0.05 sys=0.00, real=0.01 secs] 
2020-08-01T02:37:58.959+0800: 12411862.937: [GC (Allocation Failure) 2020-08-01T02:37:58.959+0800: 12411862.937: [ParNew: 655448K->86K(737280K), 0.0366759 secs] 5355852K->4700491K(6209536K), 0.0368744 secs] [Times: user=0.25 sys=0.00, real=0.03 secs] 
2020-08-01T02:37:59.504+0800: 12411863.482: [GC (Allocation Failure) 2020-08-01T02:37:59.504+0800: 12411863.482: [ParNew: 655446K->84K(737280K), 0.0072188 secs] 5355851K->4700491K(6209536K), 0.0073816 secs] [Times: user=0.06 sys=0.00, real=0.01 secs] 
2020-08-01T02:38:00.043+0800: 12411864.021: [GC (Allocation Failure) 2020-08-01T02:38:00.043+0800: 12411864.021: [ParNew: 655444K->88K(737280K), 0.0069566 secs] 5355851K->4700497K(6209536K), 0.0071216 secs] [Times: user=0.05 sys=0.00, real=0.01 secs] 
2020-08-01T02:38:00.648+0800: 12411864.626: [GC (Allocation Failure) 2020-08-01T02:38:00.648+0800: 12411864.626: [ParNew: 655448K->90K(737280K), 0.0116273 secs] 5355857K->4700500K(6209536K), 0.0118484 secs] [Times: user=0.06 sys=0.00, real=0.01 secs] 
2020-08-01T02:38:01.199+0800: 12411865.177: [GC (Allocation Failure) 2020-08-01T02:38:01.199+0800: 12411865.177: [ParNew: 655450K->20K(737280K), 0.0076700 secs] 5355860K->4700501K(6209536K), 0.0078356 secs] [Times: user=0.05 sys=0.00, real=0.01 secs] 
2020-08-01T02:38:02.337+0800: 12411866.315: [CMS-concurrent-mark: 5.226/5.345 secs] [Times: user=15.73 sys=0.00, real=5.34 secs] 
2020-08-01T02:38:02.337+0800: 12411866.315: [CMS-concurrent-preclean-start]
2020-08-01T02:38:02.346+0800: 12411866.324: [CMS-concurrent-preclean: 0.009/0.009 secs] [Times: user=0.01 sys=0.00, real=0.02 secs] 
2020-08-01T02:38:02.347+0800: 12411866.324: [CMS-concurrent-abortable-preclean-start]
 CMS: abort preclean due to time 2020-08-01T02:38:07.433+0800: 12411871.411: [CMS-concurrent-abortable-preclean: 0.390/5.087 secs] [Times: user=0.84 sys=0.00, real=5.08 secs] 
2020-08-01T02:38:07.435+0800: 12411871.413: [GC (CMS Final Remark) [YG occupancy: 490669 K (737280 K)]2020-08-01T02:38:07.435+0800: 12411871.413: [Rescan (parallel) , 0.0330482 secs]2020-08-01T02:38:07.468+0800: 12411871.446: [weak refs processing, 0.0000442 secs]2020-08-01T02:38:07.468+0800: 12411871.446: [class unloading, 0.0173558 secs]2020-08-01T02:38:07.486+0800: 12411871.463: [scrub symbol table, 0.0062387 secs]2020-08-01T02:38:07.492+0800: 12411871.470: [scrub string table, 0.0008746 secs][1 CMS-remark: 4700480K(5472256K)] 5191150K(6209536K), 0.0577415 secs] [Times: user=0.28 sys=0.00, real=0.06 secs] 
2020-08-01T02:38:07.493+0800: 12411871.471: [CMS-concurrent-sweep-start]
2020-08-01T02:38:09.055+0800: 12411873.033: [CMS-concurrent-sweep: 1.559/1.562 secs] [Times: user=1.67 sys=0.00, real=1.56 secs] 
2020-08-01T02:38:09.055+0800: 12411873.033: [CMS-concurrent-reset-start]
2020-08-01T02:38:09.074+0800: 12411873.052: [CMS-concurrent-reset: 0.019/0.019 secs] [Times: user=0.02 sys=0.00, real=0.02 secs] 
2020-08-01T02:38:11.075+0800: 12411875.052: [GC (CMS Initial Mark) [1 CMS-initial-mark: 4700099K(5472256K)] 5216614K(6209536K), 0.0352633 secs] [Times: user=0.22 sys=0.00, real=0.04 secs] 
2020-08-01T02:38:11.110+0800: 12411875.088: [CMS-concurrent-mark-start]
2020-08-01T02:38:12.208+0800: 12411876.186: [CMS-concurrent-mark: 1.096/1.098 secs] [Times: user=2.38 sys=0.00, real=1.10 secs] 
2020-08-01T02:38:12.208+0800: 12411876.186: [CMS-concurrent-preclean-start]
2020-08-01T02:38:12.216+0800: 12411876.194: [CMS-concurrent-preclean: 0.008/0.008 secs] [Times: user=0.00 sys=0.00, real=0.00 secs] 
2020-08-01T02:38:12.216+0800: 12411876.194: [CMS-concurrent-abortable-preclean-start]
 CMS: abort preclean due to time 2020-08-01T02:38:17.265+0800: 12411881.242: [CMS-concurrent-abortable-preclean: 0.345/5.048 secs] [Times: user=0.89 sys=0.00, real=5.05 secs] 
2020-08-01T02:38:17.266+0800: 12411881.244: [GC (CMS Final Remark) [YG occupancy: 623551 K (737280 K)]2020-08-01T02:38:17.266+0800: 12411881.244: [Rescan (parallel) , 0.0453870 secs]2020-08-01T02:38:17.312+0800: 12411881.290: [weak refs processing, 0.0000669 secs]2020-08-01T02:38:17.312+0800: 12411881.290: [class unloading, 0.0182279 secs]2020-08-01T02:38:17.330+0800: 12411881.308: [scrub symbol table, 0.0062704 secs]2020-08-01T02:38:17.336+0800: 12411881.314: [scrub string table, 0.0008903 secs][1 CMS-remark: 4700099K(5472256K)] 5323650K(6209536K), 0.0710455 secs] [Times: user=0.30 sys=0.00, real=0.07 secs] 
2020-08-01T02:38:17.338+0800: 12411881.316: [CMS-concurrent-sweep-start]
2020-08-01T02:38:19.097+0800: 12411883.075: [GC (Allocation Failure) 2020-08-01T02:38:19.097+0800: 12411883.075: [ParNew: 655380K->4314K(737280K), 0.0131127 secs] 4400481K->3749416K(6209536K), 0.0133061 secs] [Times: user=0.06 sys=0.00, real=0.02 secs] 
2020-08-01T02:38:24.844+0800: 12411888.822: [CMS-concurrent-sweep: 7.488/7.506 secs] [Times: user=8.61 sys=0.00, real=7.51 secs] 
2020-08-01T02:38:24.844+0800: 12411888.822: [CMS-concurrent-reset-start]
2020-08-01T02:38:24.863+0800: 12411888.841: [CMS-concurrent-reset: 0.019/0.019 secs] [Times: user=0.02 sys=0.00, real=0.02 secs] 
2020-08-01T02:39:12.519+0800: 12411936.497: [GC (Allocation Failure) 2020-08-01T02:39:12.519+0800: 12411936.497: [ParNew: 659674K->14255K(737280K), 0.0347116 secs] 1365931K->720512K(6209536K), 0.0349508 secs] [Times: user=0.06 sys=0.01, real=0.03 secs] 
2020-08-01T02:40:29.622+0800: 12412013.600: [GC (Allocation Failure) 2020-08-01T02:40:29.622+0800: 12412013.600: [ParNew: 669615K->13095K(737280K), 0.0267664 secs] 1375872K->719351K(6209536K), 0.0270033 secs] [Times: user=0.08 sys=0.00, real=0.03 secs] 
2020-08-01T02:41:13.378+0800: 12412057.356: [GC (Allocation Failure) 2020-08-01T02:41:13.378+0800: 12412057.356: [ParNew: 668401K->16185K(737280K), 0.0217721 secs] 1374658K->722442K(6209536K), 0.0219828 secs] [Times: user=0.08 sys=0.00, real=0.03 secs] 
2020-08-01T02:41:56.434+0800: 12412100.412: [GC (Allocation Failure) 2020-08-01T02:41:56.434+0800: 12412100.412: [ParNew: 671543K->21445K(737280K), 0.0184112 secs] 1377800K->727702K(6209536K), 0.0186197 secs] [Times: user=0.07 sys=0.01, real=0.02 secs] 
2020-08-01T02:42:50.795+0800: 12412154.773: [GC (Allocation Failure) 2020-08-01T02:42:50.795+0800: 12412154.773: [ParNew: 676805K->12460K(737280K), 0.0163135 secs] 1383062K->718717K(6209536K), 0.0165478 secs] [Times: user=0.08 sys=0.00, real=0.02 secs] 
2020-08-01T02:43:35.901+0800: 12412199.879: [GC (Allocation Failure) 2020-08-01T02:43:35.902+0800: 12412199.879: [ParNew: 667820K->19986K(737280K), 0.0239811 secs] 1374077K->727049K(6209536K), 0.0242081 secs] [Times: user=0.08 sys=0.01, real=0.02 secs] 
2020-08-01T02:44:32.158+0800: 12412256.136: [GC (Allocation Failure) 2020-08-01T02:44:32.158+0800: 12412256.136: [ParNew: 675269K->15207K(737280K), 0.0160217 secs] 1382332K->722351K(6209536K), 0.0162538 secs] [Times: user=0.07 sys=0.00, real=0.02 secs] 
2020-08-01T02:45:33.048+0800: 12412317.026: [GC (Allocation Failure) 2020-08-01T02:45:33.048+0800: 12412317.026: [ParNew: 670567K->15957K(737280K), 0.0171262 secs] 1377711K->723480K(6209536K), 0.0173265 secs] [Times: user=0.08 sys=0.00, real=0.01 secs] 
2020-08-01T02:46:41.921+0800: 12412385.899: [GC (Allocation Failure) 2020-08-01T02:46:41.921+0800: 12412385.899: [ParNew: 671317K->15341K(737280K), 0.0245721 secs] 1378840K->723297K(6209536K), 0.0248411 secs] [Times: user=0.14 sys=0.00, real=0.02 secs] 
2020-08-01T02:47:38.063+0800: 12412442.040: [GC (Allocation Failure) 2020-08-01T02:47:38.063+0800: 12412442.041: [ParNew: 670701K->14708K(737280K), 0.0190812 secs] 1378657K->722899K(6209536K), 0.0192993 secs] [Times: user=0.07 sys=0.01, real=0.02 secs] 
2020-08-01T02:48:37.411+0800: 12412501.389: [GC (Allocation Failure) 2020-08-01T02:48:37.411+0800: 12412501.389: [ParNew: 670068K->13914K(737280K), 0.0249477 secs] 1378259K->722786K(6209536K), 0.0251907 secs] [Times: user=0.09 sys=0.01, real=0.02 secs] 
2020-08-01T02:50:33.776+0800: 12412617.754: [GC (Allocation Failure) 2020-08-01T02:50:33.778+0800: 12412617.756: [ParNew: 669249K->15030K(737280K), 0.0151753 secs] 1378121K->724045K(6209536K), 0.0169417 secs] [Times: user=0.06 sys=0.02, real=0.02 secs] 
2020-08-01T02:52:51.058+0800: 12412755.035: [GC (Allocation Failure) 2020-08-01T02:52:51.058+0800: 12412755.035: [ParNew: 670390K->20070K(737280K), 0.0215728 secs] 1379405K->729937K(6209536K), 0.0218069 secs] [Times: user=0.07 sys=0.00, real=0.03 secs] 
2020-08-01T02:54:05.001+0800: 12412828.979: [GC (Allocation Failure) 2020-08-01T02:54:05.005+0800: 12412828.983: [ParNew: 675430K->17483K(737280K), 0.0207884 secs] 1385297K->727652K(6209536K), 0.0247445 secs] [Times: user=0.06 sys=0.00, real=0.02 secs] 
2020-08-01T02:54:58.525+0800: 12412882.503: [GC (Allocation Failure) 2020-08-01T02:54:58.525+0800: 12412882.503: [ParNew: 672835K->21480K(737280K), 0.0177963 secs] 1383005K->731946K(6209536K), 0.0179999 secs] [Times: user=0.08 sys=0.00, real=0.02 secs] 
2020-08-01T02:55:43.592+0800: 12412927.570: [GC (Allocation Failure) 2020-08-01T02:55:43.592+0800: 12412927.570: [ParNew: 676840K->12601K(737280K), 0.0158820 secs] 1387306K->723605K(6209536K), 0.0160957 secs] [Times: user=0.07 sys=0.00, real=0.02 secs] 
2020-08-01T02:57:08.799+0800: 12413012.777: [GC (Allocation Failure) 2020-08-01T02:57:08.799+0800: 12413012.777: [ParNew: 667961K->14997K(737280K), 0.0147891 secs] 1378965K->726069K(6209536K), 0.0149874 secs] [Times: user=0.07 sys=0.00, real=0.01 secs] 
2020-08-01T02:58:12.966+0800: 12413076.944: [GC (Allocation Failure) 2020-08-01T02:58:12.966+0800: 12413076.944: [ParNew: 670324K->15209K(737280K), 0.0142830 secs] 1381396K->726714K(6209536K), 0.0144871 secs] [Times: user=0.07 sys=0.00, real=0.02 secs] 
2020-08-01T02:59:29.058+0800: 12413153.036: [GC (Allocation Failure) 2020-08-01T02:59:29.058+0800: 12413153.036: [ParNew: 670569K->14385K(737280K), 0.0146202 secs] 1382074K->726939K(6209536K), 0.0148234 secs] [Times: user=0.07 sys=0.00, real=0.02 secs] 
2020-08-01T03:00:48.308+0800: 12413232.286: [GC (Allocation Failure) 2020-08-01T03:00:48.308+0800: 12413232.286: [ParNew: 669745K->14333K(737280K), 0.0142197 secs] 1382299K->727164K(6209536K), 0.0144516 secs] [Times: user=0.06 sys=0.00, real=0.01 secs] 
2020-08-01T03:02:52.547+0800: 12413356.525: [GC (Allocation Failure) 2020-08-01T03:02:52.547+0800: 12413356.525: [ParNew: 669587K->13896K(737280K), 0.0193513 secs] 1382418K->726945K(6209536K), 0.0195844 secs] [Times: user=0.06 sys=0.01, real=0.02 secs] 
2020-08-01T03:04:25.147+0800: 12413449.125: [GC (Allocation Failure) 2020-08-01T03:04:25.147+0800: 12413449.125: [ParNew: 669256K->23957K(737280K), 0.0357770 secs] 1382305K->737010K(6209536K), 0.0360713 secs] [Times: user=0.10 sys=0.00, real=0.03 secs] 
2020-08-01T03:05:29.077+0800: 12413513.054: [GC (Allocation Failure) 2020-08-01T03:05:29.077+0800: 12413513.054: [ParNew: 679288K->15192K(737280K), 0.0171251 secs] 1392341K->728522K(6209536K), 0.0173695 secs] [Times: user=0.08 sys=0.00, real=0.02 secs] 
2020-08-01T03:06:27.786+0800: 12413571.764: [GC (Allocation Failure) 2020-08-01T03:06:27.786+0800: 12413571.764: [ParNew: 670552K->15724K(737280K), 0.0152998 secs] 1383882K->730079K(6209536K), 0.0155534 secs] [Times: user=0.06 sys=0.00, real=0.02 secs] 
2020-08-01T03:07:19.501+0800: 12413623.478: [GC (Allocation Failure) 2020-08-01T03:07:19.501+0800: 12413623.479: [ParNew: 671084K->12735K(737280K), 0.0161536 secs] 1385439K->727564K(6209536K), 0.0164023 secs] [Times: user=0.07 sys=0.00, real=0.01 secs] 
2020-08-01T03:08:44.376+0800: 12413708.353: [GC (Allocation Failure) 2020-08-01T03:08:44.376+0800: 12413708.353: [ParNew: 668095K->14749K(737280K), 0.0160774 secs] 1382924K->729736K(6209536K), 0.0162863 secs] [Times: user=0.07 sys=0.01, real=0.02 secs] 
2020-08-01T03:09:39.506+0800: 12413763.484: [GC (Allocation Failure) 2020-08-01T03:09:39.506+0800: 12413763.484: [ParNew: 670013K->14713K(737280K), 0.0158420 secs] 1385000K->730367K(6209536K), 0.0160446 secs] [Times: user=0.07 sys=0.00, real=0.02 secs] 
2020-08-01T03:11:16.514+0800: 12413860.492: [GC (Allocation Failure) 2020-08-01T03:11:16.516+0800: 12413860.494: [ParNew: 670073K->16591K(737280K), 0.0177640 secs] 1385727K->733224K(6209536K), 0.0195897 secs] [Times: user=0.07 sys=0.00, real=0.02 secs] 
2020-08-01T03:12:09.433+0800: 12413913.411: [GC (Allocation Failure) 2020-08-01T03:12:09.433+0800: 12413913.411: [ParNew: 671950K->16630K(737280K), 0.0189988 secs] 1388583K->733562K(6209536K), 0.0192075 secs] [Times: user=0.08 sys=0.00, real=0.02 secs] 
2020-08-01T03:13:29.551+0800: 12413993.529: [GC (Allocation Failure) 2020-08-01T03:13:29.551+0800: 12413993.529: [ParNew: 671990K->15434K(737280K), 0.0220913 secs] 1388922K->732863K(6209536K), 0.0222965 secs] [Times: user=0.06 sys=0.01, real=0.02 secs] 
2020-08-01T03:14:37.700+0800: 12414061.678: [GC (Allocation Failure) 2020-08-01T03:14:37.700+0800: 12414061.678: [ParNew: 670794K->10822K(737280K), 0.0182549 secs] 1388223K->728388K(6209536K), 0.0184502 secs] [Times: user=0.08 sys=0.00, real=0.02 secs] 
2020-08-01T03:15:55.200+0800: 12414139.178: [GC (Allocation Failure) 2020-08-01T03:15:55.200+0800: 12414139.178: [ParNew: 666086K->21120K(737280K), 0.0198674 secs] 1383651K->739114K(6209536K), 0.0200762 secs] [Times: user=0.08 sys=0.00, real=0.02 secs] 
2020-08-01T03:16:39.697+0800: 12414183.675: [GC (Allocation Failure) 2020-08-01T03:16:39.697+0800: 12414183.675: [ParNew: 676480K->12388K(737280K), 0.0282707 secs] 1394474K->730513K(6209536K), 0.0284678 secs] [Times: user=0.12 sys=0.01, real=0.03 secs] 
2020-08-01T03:17:17.796+0800: 12414221.774: [GC (Allocation Failure) 2020-08-01T03:17:17.796+0800: 12414221.774: [ParNew: 667748K->9608K(737280K), 0.0133216 secs] 1385873K->728479K(6209536K), 0.0135242 secs] [Times: user=0.07 sys=0.00, real=0.02 secs] 
2020-08-01T03:17:47.871+0800: 12414251.849: [GC (Allocation Failure) 2020-08-01T03:17:47.871+0800: 12414251.849: [ParNew: 664968K->11411K(737280K), 0.0141789 secs] 1383839K->730697K(6209536K), 0.0143893 secs] [Times: user=0.07 sys=0.00, real=0.01 secs] 
2020-08-01T03:18:36.894+0800: 12414300.872: [GC (Allocation Failure) 2020-08-01T03:18:36.894+0800: 12414300.872: [ParNew: 666738K->10739K(737280K), 0.0129724 secs] 1386024K->730239K(6209536K), 0.0131874 secs] [Times: user=0.06 sys=0.01, real=0.02 secs] 
2020-08-01T03:19:37.361+0800: 12414361.339: [GC (Allocation Failure) 2020-08-01T03:19:37.361+0800: 12414361.339: [ParNew: 666099K->11694K(737280K), 0.0268557 secs] 1385599K->731663K(6209536K), 0.0270697 secs] [Times: user=0.14 sys=0.00, real=0.03 secs] 
2020-08-01T03:20:45.778+0800: 12414429.756: [GC (Allocation Failure) 2020-08-01T03:20:45.778+0800: 12414429.756: [ParNew: 667054K->9485K(737280K), 0.0160541 secs] 1387023K->730363K(6209536K), 0.0162678 secs] [Times: user=0.07 sys=0.00, real=0.02 secs] 
2020-08-01T03:21:57.913+0800: 12414501.891: [GC (Allocation Failure) 2020-08-01T03:21:57.913+0800: 12414501.891: [ParNew: 664845K->11830K(737280K), 0.0145682 secs] 1385723K->732844K(6209536K), 0.0147876 secs] [Times: user=0.07 sys=0.00, real=0.02 secs] 
2020-08-01T03:23:32.609+0800: 12414596.587: [GC (Allocation Failure) 2020-08-01T03:23:32.609+0800: 12414596.587: [ParNew: 667190K->10789K(737280K), 0.0173245 secs] 1388204K->731872K(6209536K), 0.0175195 secs] [Times: user=0.08 sys=0.00, real=0.02 secs] 
2020-08-01T03:24:54.812+0800: 12414678.790: [GC (Allocation Failure) 2020-08-01T03:24:54.812+0800: 12414678.790: [ParNew: 666149K->14277K(737280K), 0.0245237 secs] 1387232K->735498K(6209536K), 0.0247260 secs] [Times: user=0.11 sys=0.00, real=0.02 secs] 
2020-08-01T03:25:55.303+0800: 12414739.281: [GC (Allocation Failure) 2020-08-01T03:25:55.303+0800: 12414739.281: [ParNew: 669637K->15906K(737280K), 0.0155531 secs] 1390858K->737263K(6209536K), 0.0158098 secs] [Times: user=0.07 sys=0.00, real=0.02 secs] 
2020-08-01T03:27:11.946+0800: 12414815.924: [GC (Allocation Failure) 2020-08-01T03:27:11.946+0800: 12414815.924: [ParNew: 671266K->13604K(737280K), 0.0128708 secs] 1392623K->735051K(6209536K), 0.0130772 secs] [Times: user=0.07 sys=0.00, real=0.02 secs] 
2020-08-01T03:27:53.675+0800: 12414857.653: [GC (Allocation Failure) 2020-08-01T03:27:53.676+0800: 12414857.653: [ParNew: 668964K->13066K(737280K), 0.0145343 secs] 1390411K->734931K(6209536K), 0.0147450 secs] [Times: user=0.07 sys=0.00, real=0.02 secs] 
2020-08-01T03:28:52.587+0800: 12414916.565: [GC (Allocation Failure) 2020-08-01T03:28:52.587+0800: 12414916.565: [ParNew: 668377K->13254K(737280K), 0.0177275 secs] 1390243K->736520K(6209536K), 0.0179403 secs] [Times: user=0.07 sys=0.00, real=0.01 secs] 
2020-08-01T03:30:11.548+0800: 12414995.526: [GC (Allocation Failure) 2020-08-01T03:30:11.549+0800: 12414995.527: [ParNew: 668512K->13141K(737280K), 0.0152475 secs] 1391778K->736573K(6209536K), 0.0165363 secs] [Times: user=0.06 sys=0.00, real=0.01 secs] 
2020-08-01T03:31:06.785+0800: 12415050.763: [GC (Allocation Failure) 2020-08-01T03:31:06.785+0800: 12415050.763: [ParNew: 668480K->14725K(737280K), 0.0152905 secs] 1391911K->738308K(6209536K), 0.0155150 secs] [Times: user=0.07 sys=0.00, real=0.02 secs] 
2020-08-01T03:32:03.737+0800: 12415107.715: [GC (Allocation Failure) 2020-08-01T03:32:03.737+0800: 12415107.715: [ParNew: 669999K->17152K(737280K), 0.0243866 secs] 1393581K->741564K(6209536K), 0.0246215 secs] [Times: user=0.11 sys=0.00, real=0.03 secs] 
2020-08-01T03:33:05.813+0800: 12415169.791: [GC (Allocation Failure) 2020-08-01T03:33:05.813+0800: 12415169.791: [ParNew: 672396K->22241K(737280K), 0.0234447 secs] 1396808K->747256K(6209536K), 0.0236740 secs] [Times: user=0.08 sys=0.00, real=0.02 secs] 
2020-08-01T03:34:15.329+0800: 12415239.307: [GC (Allocation Failure) 2020-08-01T03:34:15.330+0800: 12415239.307: [ParNew: 677519K->24865K(737280K), 0.0235896 secs] 1402534K->750145K(6209536K), 0.0238072 secs] [Times: user=0.10 sys=0.00, real=0.02 secs] 
2020-08-01T03:35:21.956+0800: 12415305.933: [GC (Allocation Failure) 2020-08-01T03:35:21.956+0800: 12415305.933: [ParNew: 680225K->14788K(737280K), 0.0202120 secs] 1405505K->740311K(6209536K), 0.0204418 secs] [Times: user=0.08 sys=0.00, real=0.02 secs] 
2020-08-01T03:36:28.289+0800: 12415372.267: [GC (Allocation Failure) 2020-08-01T03:36:28.289+0800: 12415372.267: [ParNew: 670148K->14746K(737280K), 0.0227774 secs] 1395671K->740805K(6209536K), 0.0229900 secs] [Times: user=0.08 sys=0.00, real=0.02 secs] 
2020-08-01T03:37:19.405+0800: 12415423.383: [GC (Allocation Failure) 2020-08-01T03:37:19.405+0800: 12415423.383: [ParNew: 670106K->23305K(737280K), 0.0260248 secs] 1396165K->749715K(6209536K), 0.0262596 secs] [Times: user=0.08 sys=0.00, real=0.03 secs] 
2020-08-01T03:38:13.425+0800: 12415477.403: [GC (Allocation Failure) 2020-08-01T03:38:13.425+0800: 12415477.403: [ParNew: 678665K->18102K(737280K), 0.0317024 secs] 1405075K->744920K(6209536K), 0.0319262 secs] [Times: user=0.09 sys=0.00, real=0.03 secs] 
2020-08-01T03:39:14.473+0800: 12415538.451: [GC (Allocation Failure) 2020-08-01T03:39:14.473+0800: 12415538.451: [ParNew: 673462K->12403K(737280K), 0.0132808 secs] 1400280K->739628K(6209536K), 0.0134927 secs] [Times: user=0.06 sys=0.00, real=0.02 secs] 
2020-08-01T03:40:04.463+0800: 12415588.440: [GC (Allocation Failure) 2020-08-01T03:40:04.463+0800: 12415588.441: [ParNew: 667763K->13668K(737280K), 0.0149461 secs] 1394988K->741564K(6209536K), 0.0151758 secs] [Times: user=0.05 sys=0.01, real=0.01 secs] 
2020-08-01T03:40:59.167+0800: 12415643.145: [GC (Allocation Failure) 2020-08-01T03:40:59.167+0800: 12415643.145: [ParNew: 669024K->21611K(737280K), 0.0184147 secs] 1396919K->749906K(6209536K), 0.0186250 secs] [Times: user=0.07 sys=0.00, real=0.01 secs] 
2020-08-01T03:42:16.165+0800: 12415720.143: [GC (Allocation Failure) 2020-08-01T03:42:16.165+0800: 12415720.143: [ParNew: 676971K->22199K(737280K), 0.0203042 secs] 1405266K->750563K(6209536K), 0.0205025 secs] [Times: user=0.08 sys=0.00, real=0.02 secs] 
2020-08-01T03:43:20.640+0800: 12415784.618: [GC (Allocation Failure) 2020-08-01T03:43:20.640+0800: 12415784.618: [ParNew: 677559K->21029K(737280K), 0.0203970 secs] 1405923K->749608K(6209536K), 0.0206167 secs] [Times: user=0.08 sys=0.00, real=0.02 secs] 
2020-08-01T03:44:15.052+0800: 12415839.030: [GC (Allocation Failure) 2020-08-01T03:44:15.052+0800: 12415839.030: [ParNew: 676389K->21565K(737280K), 0.0190400 secs] 1404968K->750286K(6209536K), 0.0192488 secs] [Times: user=0.08 sys=0.00, real=0.02 secs] 
2020-08-01T03:46:33.464+0800: 12415977.442: [GC (Allocation Failure) 2020-08-01T03:46:33.464+0800: 12415977.442: [ParNew: 676817K->18520K(737280K), 0.0225047 secs] 1405537K->747375K(6209536K), 0.0227089 secs] [Times: user=0.07 sys=0.00, real=0.03 secs] 
2020-08-01T03:47:22.523+0800: 12416026.501: [GC (Allocation Failure) 2020-08-01T03:47:22.524+0800: 12416026.502: [ParNew: 673880K->30093K(737280K), 0.0261414 secs] 1402735K->759155K(6209536K), 0.0273471 secs] [Times: user=0.08 sys=0.00, real=0.03 secs] 
2020-08-01T03:48:05.064+0800: 12416069.041: [GC (Allocation Failure) 2020-08-01T03:48:05.064+0800: 12416069.042: [ParNew: 685453K->15832K(737280K), 0.0165895 secs] 1414515K->745106K(6209536K), 0.0168165 secs] [Times: user=0.07 sys=0.00, real=0.02 secs] 
2020-08-01T03:48:40.978+0800: 12416104.955: [GC (Allocation Failure) 2020-08-01T03:48:40.978+0800: 12416104.955: [ParNew: 671192K->13905K(737280K), 0.0138066 secs] 1400466K->743562K(6209536K), 0.0140051 secs] [Times: user=0.07 sys=0.00, real=0.02 secs] 
2020-08-01T03:49:22.740+0800: 12416146.718: [GC (Allocation Failure) 2020-08-01T03:49:22.740+0800: 12416146.718: [ParNew: 669265K->16110K(737280K), 0.0152676 secs] 1398922K->746346K(6209536K), 0.0154873 secs] [Times: user=0.07 sys=0.00, real=0.01 secs] 
2020-08-01T03:50:08.503+0800: 12416192.481: [GC (Allocation Failure) 2020-08-01T03:50:08.503+0800: 12416192.481: [ParNew: 671470K->15266K(737280K), 0.0312584 secs] 1401706K->745911K(6209536K), 0.0314802 secs] [Times: user=0.09 sys=0.00, real=0.03 secs] 
2020-08-01T03:50:54.447+0800: 12416238.425: [GC (Allocation Failure) 2020-08-01T03:50:54.447+0800: 12416238.425: [ParNew: 670626K->14201K(737280K), 0.0237032 secs] 1401271K->745637K(6209536K), 0.0239199 secs] [Times: user=0.07 sys=0.01, real=0.02 secs] 
2020-08-01T03:51:43.614+0800: 12416287.592: [GC (Allocation Failure) 2020-08-01T03:51:43.614+0800: 12416287.592: [ParNew: 669561K->21085K(737280K), 0.0205894 secs] 1400997K->753282K(6209536K), 0.0208230 secs] [Times: user=0.09 sys=0.00, real=0.02 secs] 
2020-08-01T03:52:30.957+0800: 12416334.935: [GC (Allocation Failure) 2020-08-01T03:52:30.957+0800: 12416334.935: [ParNew: 676445K->14273K(737280K), 0.0153644 secs] 1408642K->746805K(6209536K), 0.0155714 secs] [Times: user=0.06 sys=0.00, real=0.02 secs] 
2020-08-01T03:53:32.712+0800: 12416396.690: [GC (Allocation Failure) 2020-08-01T03:53:32.712+0800: 12416396.690: [ParNew: 669633K->14099K(737280K), 0.0236365 secs] 1402165K->746906K(6209536K), 0.0239031 secs] [Times: user=0.08 sys=0.00, real=0.02 secs] 
2020-08-01T03:54:27.506+0800: 12416451.483: [GC (Allocation Failure) 2020-08-01T03:54:27.506+0800: 12416451.483: [ParNew: 669459K->21821K(737280K), 0.0354374 secs] 1402266K->754900K(6209536K), 0.0356530 secs] [Times: user=0.17 sys=0.01, real=0.04 secs] 
2020-08-01T03:55:15.507+0800: 12416499.485: [GC (Allocation Failure) 2020-08-01T03:55:15.508+0800: 12416499.485: [ParNew: 677181K->13709K(737280K), 0.0177602 secs] 1410260K->747059K(6209536K), 0.0179690 secs] [Times: user=0.08 sys=0.00, real=0.01 secs] 
2020-08-01T03:56:16.683+0800: 12416560.661: [GC (Allocation Failure) 2020-08-01T03:56:16.683+0800: 12416560.661: [ParNew: 669069K->12213K(737280K), 0.0180715 secs] 1402419K->745934K(6209536K), 0.0182864 secs] [Times: user=0.07 sys=0.01, real=0.02 secs] 
2020-08-01T03:57:35.870+0800: 12416639.848: [GC (Allocation Failure) 2020-08-01T03:57:35.870+0800: 12416639.848: [ParNew: 667572K->16363K(737280K), 0.0174710 secs] 1401292K->750366K(6209536K), 0.0177145 secs] [Times: user=0.07 sys=0.00, real=0.02 secs] 
2020-08-01T03:58:55.684+0800: 12416719.661: [GC (Allocation Failure) 2020-08-01T03:58:55.684+0800: 12416719.661: [ParNew: 671723K->14431K(737280K), 0.0140872 secs] 1405726K->748967K(6209536K), 0.0142929 secs] [Times: user=0.07 sys=0.00, real=0.01 secs] 
2020-08-01T04:00:16.125+0800: 12416800.103: [GC (Allocation Failure) 2020-08-01T04:00:16.125+0800: 12416800.103: [ParNew: 669791K->13312K(737280K), 0.0151351 secs] 1404327K->748051K(6209536K), 0.0153377 secs] [Times: user=0.07 sys=0.00, real=0.02 secs] 
2020-08-01T04:01:12.935+0800: 12416856.912: [GC (Allocation Failure) 2020-08-01T04:01:12.935+0800: 12416856.913: [ParNew: 668672K->13373K(737280K), 0.0177907 secs] 1403411K->748220K(6209536K), 0.0180354 secs] [Times: user=0.07 sys=0.01, real=0.02 secs] 
2020-08-01T04:02:31.546+0800: 12416935.524: [GC (Allocation Failure) 2020-08-01T04:02:31.546+0800: 12416935.524: [ParNew: 668733K->15255K(737280K), 0.0216128 secs] 1403580K->750538K(6209536K), 0.0218389 secs] [Times: user=0.08 sys=0.01, real=0.03 secs] 
2020-08-01T04:03:57.646+0800: 12417021.624: [GC (Allocation Failure) 2020-08-01T04:03:57.646+0800: 12417021.624: [ParNew: 670615K->16946K(737280K), 0.0209109 secs] 1405898K->752458K(6209536K), 0.0211194 secs] [Times: user=0.09 sys=0.00, real=0.03 secs] 
2020-08-01T04:04:46.140+0800: 12417070.118: [GC (Allocation Failure) 2020-08-01T04:04:46.141+0800: 12417070.118: [ParNew: 672306K->21705K(737280K), 0.0201485 secs] 1407818K->757644K(6209536K), 0.0203621 secs] [Times: user=0.09 sys=0.00, real=0.02 secs] 
2020-08-01T04:06:10.047+0800: 12417154.025: [GC (Allocation Failure) 2020-08-01T04:06:10.047+0800: 12417154.025: [ParNew: 677065K->13225K(737280K), 0.0200531 secs] 1413004K->749433K(6209536K), 0.0203265 secs] [Times: user=0.08 sys=0.00, real=0.02 secs] 
2020-08-01T04:07:07.381+0800: 12417211.359: [GC (Allocation Failure) 2020-08-01T04:07:07.381+0800: 12417211.359: [ParNew: 668585K->12376K(737280K), 0.0138866 secs] 1404793K->748787K(6209536K), 0.0140966 secs] [Times: user=0.06 sys=0.00, real=0.01 secs] 
2020-08-01T04:08:30.636+0800: 12417294.614: [GC (Allocation Failure) 2020-08-01T04:08:30.636+0800: 12417294.614: [ParNew: 667736K->18965K(737280K), 0.0277283 secs] 1404147K->755749K(6209536K), 0.0279955 secs] [Times: user=0.09 sys=0.01, real=0.03 secs] 
2020-08-01T04:09:35.635+0800: 12417359.612: [GC (Allocation Failure) 2020-08-01T04:09:35.635+0800: 12417359.613: [ParNew: 674310K->12297K(737280K), 0.0198551 secs] 1411094K->749885K(6209536K), 0.0201920 secs] [Times: user=0.08 sys=0.00, real=0.02 secs] 
2020-08-01T04:10:54.336+0800: 12417438.313: [GC (Allocation Failure) 2020-08-01T04:10:54.336+0800: 12417438.313: [ParNew: 667657K->15031K(737280K), 0.0179602 secs] 1405245K->752813K(6209536K), 0.0181825 secs] [Times: user=0.08 sys=0.00, real=0.02 secs] 
2020-08-01T04:12:18.334+0800: 12417522.312: [GC (Allocation Failure) 2020-08-01T04:12:18.341+0800: 12417522.319: [ParNew: 670391K->16452K(737280K), 0.0188762 secs] 1408173K->754312K(6209536K), 0.0257927 secs] [Times: user=0.06 sys=0.01, real=0.03 secs] 
2020-08-01T04:13:45.714+0800: 12417609.692: [GC (Allocation Failure) 2020-08-01T04:13:45.714+0800: 12417609.692: [ParNew: 671780K->16587K(737280K), 0.0310134 secs] 1409641K->755085K(6209536K), 0.0312375 secs] [Times: user=0.10 sys=0.00, real=0.03 secs] 
2020-08-01T04:15:12.672+0800: 12417696.649: [GC (Allocation Failure) 2020-08-01T04:15:12.672+0800: 12417696.649: [ParNew: 671947K->26510K(737280K), 0.0251550 secs] 1410445K->765274K(6209536K), 0.0253701 secs] [Times: user=0.06 sys=0.02, real=0.02 secs] 
2020-08-01T04:16:47.946+0800: 12417791.924: [GC (Allocation Failure) 2020-08-01T04:16:47.946+0800: 12417791.924: [ParNew: 681870K->20401K(737280K), 0.0201446 secs] 1420634K->759618K(6209536K), 0.0203433 secs] [Times: user=0.09 sys=0.00, real=0.02 secs] 
2020-08-01T04:17:36.222+0800: 12417840.199: [GC (Allocation Failure) 2020-08-01T04:17:36.222+0800: 12417840.200: [ParNew: 643997K->81920K(737280K), 0.0370020 secs] 1383215K->907475K(6209536K), 0.0372280 secs] [Times: user=0.14 sys=0.00, real=0.04 secs] 
2020-08-01T04:17:52.696+0800: 12417856.674: [GC (Allocation Failure) 2020-08-01T04:17:52.697+0800: 12417856.674: [ParNew: 737280K->5199K(737280K), 0.0114146 secs] 1562835K->835251K(6209536K), 0.0116170 secs] [Times: user=0.07 sys=0.00, real=0.02 secs] 
2020-08-01T04:18:59.553+0800: 12417923.531: [GC (Allocation Failure) 2020-08-01T04:18:59.553+0800: 12417923.531: [ParNew: 660533K->7056K(737280K), 0.0158376 secs] 1490585K->837108K(6209536K), 0.0160450 secs] [Times: user=0.08 sys=0.00, real=0.02 secs] 
2020-08-01T04:20:34.538+0800: 12418018.516: [GC (Allocation Failure) 2020-08-01T04:20:34.538+0800: 12418018.516: [ParNew: 662393K->9701K(737280K), 0.0212267 secs] 1492445K->839753K(6209536K), 0.0214706 secs] [Times: user=0.09 sys=0.00, real=0.03 secs] 
2020-08-01T04:22:03.484+0800: 12418107.461: [GC (Allocation Failure) 2020-08-01T04:22:03.484+0800: 12418107.462: [ParNew: 665061K->18659K(737280K), 0.0267254 secs] 1495113K->848710K(6209536K), 0.0269748 secs] [Times: user=0.09 sys=0.00, real=0.03 secs] 
2020-08-01T04:23:16.711+0800: 12418180.689: [GC (Allocation Failure) 2020-08-01T04:23:16.712+0800: 12418180.690: [ParNew: 674019K->10646K(737280K), 0.0376472 secs] 1504070K->840698K(6209536K), 0.0387899 secs] [Times: user=0.24 sys=0.00, real=0.04 secs] 
2020-08-01T04:24:15.113+0800: 12418239.091: [GC (Allocation Failure) 2020-08-01T04:24:15.113+0800: 12418239.091: [ParNew: 666006K->10269K(737280K), 0.0192712 secs] 1496058K->840321K(6209536K), 0.0194655 secs] [Times: user=0.10 sys=0.00, real=0.02 secs] 
2020-08-01T04:25:31.732+0800: 12418315.709: [GC (Allocation Failure) 2020-08-01T04:25:31.732+0800: 12418315.709: [ParNew: 665629K->10389K(737280K), 0.0151904 secs] 1495681K->840778K(6209536K), 0.0153851 secs] [Times: user=0.07 sys=0.00, real=0.02 secs] 
2020-08-01T04:26:43.247+0800: 12418387.225: [GC (Allocation Failure) 2020-08-01T04:26:43.247+0800: 12418387.225: [ParNew: 665749K->9145K(737280K), 0.0145312 secs] 1496138K->839903K(6209536K), 0.0147206 secs] [Times: user=0.08 sys=0.00, real=0.01 secs] 
2020-08-01T04:27:58.781+0800: 12418462.759: [GC (Allocation Failure) 2020-08-01T04:27:58.781+0800: 12418462.759: [ParNew: 664398K->10158K(737280K), 0.0311717 secs] 1495156K->841118K(6209536K), 0.0313744 secs] [Times: user=0.11 sys=0.01, real=0.03 secs] 
2020-08-01T04:29:22.716+0800: 12418546.694: [GC (Allocation Failure) 2020-08-01T04:29:22.716+0800: 12418546.694: [ParNew: 665518K->8769K(737280K), 0.0185025 secs] 1496478K->840084K(6209536K), 0.0186733 secs] [Times: user=0.07 sys=0.00, real=0.02 secs] 
2020-08-01T04:30:41.949+0800: 12418625.927: [GC (Allocation Failure) 2020-08-01T04:30:41.949+0800: 12418625.927: [ParNew: 664129K->8247K(737280K), 0.0173953 secs] 1495444K->839633K(6209536K), 0.0176056 secs] [Times: user=0.07 sys=0.00, real=0.01 secs] 
2020-08-01T04:31:47.971+0800: 12418691.949: [GC (Allocation Failure) 2020-08-01T04:31:47.971+0800: 12418691.949: [ParNew: 663607K->18480K(737280K), 0.0208869 secs] 1494993K->849870K(6209536K), 0.0210878 secs] [Times: user=0.08 sys=0.00, real=0.02 secs] 
2020-08-01T04:32:58.040+0800: 12418762.018: [GC (Allocation Failure) 2020-08-01T04:32:58.040+0800: 12418762.018: [ParNew: 673840K->8927K(737280K), 0.0131647 secs] 1505230K->840517K(6209536K), 0.0133653 secs] [Times: user=0.06 sys=0.00, real=0.01 secs] 
2020-08-01T04:33:41.708+0800: 12418805.686: [GC (Allocation Failure) 2020-08-01T04:33:41.709+0800: 12418805.686: [ParNew: 664285K->9023K(737280K), 0.0153661 secs] 1495875K->840944K(6209536K), 0.0155527 secs] [Times: user=0.07 sys=0.00, real=0.01 secs] 
2020-08-01T04:34:49.460+0800: 12418873.438: [GC (Allocation Failure) 2020-08-01T04:34:49.460+0800: 12418873.438: [ParNew: 664383K->8644K(737280K), 0.0134080 secs] 1496304K->840839K(6209536K), 0.0136323 secs] [Times: user=0.07 sys=0.01, real=0.01 secs] 
2020-08-01T04:36:15.906+0800: 12418959.884: [GC (Allocation Failure) 2020-08-01T04:36:15.906+0800: 12418959.884: [ParNew: 664004K->10155K(737280K), 0.0230287 secs] 1496199K->842485K(6209536K), 0.0232473 secs] [Times: user=0.11 sys=0.00, real=0.03 secs] 
2020-08-01T04:37:16.637+0800: 12419020.614: [GC (Allocation Failure) 2020-08-01T04:37:16.637+0800: 12419020.615: [ParNew: 665515K->8613K(737280K), 0.0166737 secs] 1497845K->841141K(6209536K), 0.0168867 secs] [Times: user=0.07 sys=0.00, real=0.02 secs] 
2020-08-01T04:38:13.377+0800: 12419077.355: [GC (Allocation Failure) 2020-08-01T04:38:13.377+0800: 12419077.355: [ParNew: 663912K->9186K(737280K), 0.0162847 secs] 1496440K->841996K(6209536K), 0.0164888 secs] [Times: user=0.07 sys=0.00, real=0.02 secs] 
2020-08-01T04:39:21.348+0800: 12419145.325: [GC (Allocation Failure) 2020-08-01T04:39:21.348+0800: 12419145.326: [ParNew: 664501K->9549K(737280K), 0.0152784 secs] 1497311K->842564K(6209536K), 0.0155248 secs] [Times: user=0.07 sys=0.00, real=0.01 secs] 
2020-08-01T04:40:21.891+0800: 12419205.869: [GC (Allocation Failure) 2020-08-01T04:40:21.891+0800: 12419205.869: [ParNew: 664909K->9939K(737280K), 0.0163152 secs] 1497924K->843153K(6209536K), 0.0192580 secs] [Times: user=0.07 sys=0.00, real=0.02 secs] 
2020-08-01T04:41:25.214+0800: 12419269.192: [GC (Allocation Failure) 2020-08-01T04:41:25.214+0800: 12419269.192: [ParNew: 665299K->9593K(737280K), 0.0122177 secs] 1498513K->842942K(6209536K), 0.0124511 secs] [Times: user=0.06 sys=0.00, real=0.01 secs] 
2020-08-01T04:42:26.736+0800: 12419330.714: [GC (Allocation Failure) 2020-08-01T04:42:26.737+0800: 12419330.714: [ParNew: 664841K->10838K(737280K), 0.0180883 secs] 1498191K->844877K(6209536K), 0.0183076 secs] [Times: user=0.08 sys=0.00, real=0.02 secs] 
2020-08-01T04:43:47.941+0800: 12419411.919: [GC (Allocation Failure) 2020-08-01T04:43:47.941+0800: 12419411.919: [ParNew: 666198K->9890K(737280K), 0.0186536 secs] 1500237K->844608K(6209536K), 0.0188759 secs] [Times: user=0.08 sys=0.00, real=0.02 secs] 
2020-08-01T04:45:15.055+0800: 12419499.033: [GC (Allocation Failure) 2020-08-01T04:45:15.056+0800: 12419499.033: [ParNew: 665250K->18909K(737280K), 0.0250232 secs] 1499968K->853694K(6209536K), 0.0252423 secs] [Times: user=0.07 sys=0.01, real=0.03 secs] 
2020-08-01T04:46:07.242+0800: 12419551.220: [GC (Allocation Failure) 2020-08-01T04:46:07.242+0800: 12419551.220: [ParNew: 674175K->9262K(737280K), 0.0122070 secs] 1508960K->844575K(6209536K), 0.0124105 secs] [Times: user=0.06 sys=0.00, real=0.01 secs] 
2020-08-01T04:46:54.802+0800: 12419598.779: [GC (Allocation Failure) 2020-08-01T04:46:54.802+0800: 12419598.780: [ParNew: 664622K->8834K(737280K), 0.0134394 secs] 1499935K->844281K(6209536K), 0.0136286 secs] [Times: user=0.06 sys=0.00, real=0.01 secs] 
2020-08-01T04:47:48.161+0800: 12419652.139: [GC (Allocation Failure) 2020-08-01T04:47:48.161+0800: 12419652.139: [ParNew: 664194K->10112K(737280K), 0.0151534 secs] 1499641K->845836K(6209536K), 0.0153693 secs] [Times: user=0.07 sys=0.00, real=0.01 secs] 
2020-08-01T04:48:56.855+0800: 12419720.833: [GC (Allocation Failure) 2020-08-01T04:48:56.855+0800: 12419720.833: [ParNew: 665472K->10218K(737280K), 0.0141030 secs] 1501196K->846075K(6209536K), 0.0142963 secs] [Times: user=0.06 sys=0.00, real=0.02 secs] 
2020-08-01T04:49:57.743+0800: 12419781.721: [GC (Allocation Failure) 2020-08-01T04:49:57.743+0800: 12419781.721: [ParNew: 665578K->10701K(737280K), 0.0161874 secs] 1501435K->847128K(6209536K), 0.0164336 secs] [Times: user=0.07 sys=0.00, real=0.02 secs] 
2020-08-01T04:50:48.160+0800: 12419832.138: [GC (Allocation Failure) 2020-08-01T04:50:48.160+0800: 12419832.138: [ParNew: 666061K->9171K(737280K), 0.0152771 secs] 1502488K->846002K(6209536K), 0.0154670 secs] [Times: user=0.07 sys=0.00, real=0.01 secs] 
2020-08-01T04:51:45.838+0800: 12419889.815: [GC (Allocation Failure) 2020-08-01T04:51:45.838+0800: 12419889.815: [ParNew: 664531K->9582K(737280K), 0.0155244 secs] 1501362K->846486K(6209536K), 0.0157316 secs] [Times: user=0.07 sys=0.00, real=0.02 secs] 
2020-08-01T04:52:36.906+0800: 12419940.884: [GC (Allocation Failure) 2020-08-01T04:52:36.906+0800: 12419940.884: [ParNew: 664859K->9464K(737280K), 0.0192317 secs] 1501763K->846507K(6209536K), 0.0194682 secs] [Times: user=0.08 sys=0.00, real=0.02 secs] 
2020-08-01T04:53:29.167+0800: 12419993.145: [GC (Allocation Failure) 2020-08-01T04:53:29.167+0800: 12419993.145: [ParNew: 664824K->10524K(737280K), 0.0192323 secs] 1501867K->847703K(6209536K), 0.0194412 secs] [Times: user=0.07 sys=0.00, real=0.01 secs] 
2020-08-01T04:55:09.319+0800: 12420093.297: [GC (Allocation Failure) 2020-08-01T04:55:09.319+0800: 12420093.297: [ParNew: 665884K->11042K(737280K), 0.0231787 secs] 1503063K->848685K(6209536K), 0.0234219 secs] [Times: user=0.09 sys=0.00, real=0.02 secs] 
2020-08-01T04:56:01.514+0800: 12420145.491: [GC (Allocation Failure) 2020-08-01T04:56:01.514+0800: 12420145.491: [ParNew: 666402K->21186K(737280K), 0.0336735 secs] 1504045K->859030K(6209536K), 0.0338671 secs] [Times: user=0.14 sys=0.00, real=0.04 secs] 
2020-08-01T04:57:09.324+0800: 12420213.301: [GC (Allocation Failure) 2020-08-01T04:57:09.324+0800: 12420213.302: [ParNew: 676546K->13906K(737280K), 0.0180479 secs] 1514390K->852015K(6209536K), 0.0182179 secs] [Times: user=0.08 sys=0.00, real=0.02 secs] 
2020-08-01T04:58:13.293+0800: 12420277.271: [GC (Allocation Failure) 2020-08-01T04:58:13.293+0800: 12420277.271: [ParNew: 669266K->12730K(737280K), 0.0152358 secs] 1507375K->851037K(6209536K), 0.0154250 secs] [Times: user=0.07 sys=0.00, real=0.02 secs] 
2020-08-01T04:59:25.143+0800: 12420349.120: [GC (Allocation Failure) 2020-08-01T04:59:25.143+0800: 12420349.121: [ParNew: 668090K->14990K(737280K), 0.0210250 secs] 1506397K->853302K(6209536K), 0.0212441 secs] [Times: user=0.10 sys=0.00, real=0.02 secs] 
2020-08-01T05:00:39.249+0800: 12420423.227: [GC (Allocation Failure) 2020-08-01T05:00:39.249+0800: 12420423.227: [ParNew: 670350K->13839K(737280K), 0.0173639 secs] 1508662K->852426K(6209536K), 0.0175968 secs] [Times: user=0.08 sys=0.00, real=0.02 secs] 
2020-08-01T05:01:43.480+0800: 12420487.458: [GC (Allocation Failure) 2020-08-01T05:01:43.480+0800: 12420487.458: [ParNew: 669199K->11427K(737280K), 0.0190048 secs] 1507786K->850475K(6209536K), 0.0192181 secs] [Times: user=0.06 sys=0.00, real=0.02 secs] 
2020-08-01T05:02:58.788+0800: 12420562.765: [GC (Allocation Failure) 2020-08-01T05:02:58.788+0800: 12420562.766: [ParNew: 666787K->13473K(737280K), 0.0132192 secs] 1505835K->852604K(6209536K), 0.0134300 secs] [Times: user=0.06 sys=0.00, real=0.01 secs] 
2020-08-01T05:05:13.799+0800: 12420697.777: [GC (Allocation Failure) 2020-08-01T05:05:13.799+0800: 12420697.777: [ParNew: 668833K->15121K(737280K), 0.0218647 secs] 1507964K->854458K(6209536K), 0.0221214 secs] [Times: user=0.08 sys=0.00, real=0.02 secs] 
2020-08-01T05:07:10.558+0800: 12420814.536: [GC (Allocation Failure) 2020-08-01T05:07:10.558+0800: 12420814.536: [ParNew: 670481K->22372K(737280K), 0.0225159 secs] 1509818K->861919K(6209536K), 0.0227483 secs] [Times: user=0.07 sys=0.00, real=0.03 secs] 
2020-08-01T05:08:13.084+0800: 12420877.062: [GC (Allocation Failure) 2020-08-01T05:08:13.084+0800: 12420877.062: [ParNew: 677731K->14874K(737280K), 0.0128751 secs] 1517278K->854751K(6209536K), 0.0130664 secs] [Times: user=0.06 sys=0.00, real=0.01 secs] 
2020-08-01T05:09:26.106+0800: 12420950.084: [GC (Allocation Failure) 2020-08-01T05:09:26.106+0800: 12420950.084: [ParNew: 670234K->14238K(737280K), 0.0147522 secs] 1510111K->854642K(6209536K), 0.0149635 secs] [Times: user=0.08 sys=0.00, real=0.02 secs] 
2020-08-01T05:11:02.566+0800: 12421046.543: [GC (Allocation Failure) 2020-08-01T05:11:02.566+0800: 12421046.544: [ParNew: 669598K->14317K(737280K), 0.0138201 secs] 1510002K->854981K(6209536K), 0.0140308 secs] [Times: user=0.06 sys=0.00, real=0.02 secs] 
2020-08-01T05:12:53.634+0800: 12421157.612: [GC (Allocation Failure) 2020-08-01T05:12:53.636+0800: 12421157.614: [ParNew: 669677K->12476K(737280K), 0.0161763 secs] 1510341K->853425K(6209536K), 0.0180683 secs] [Times: user=0.08 sys=0.00, real=0.02 secs] 
2020-08-01T05:14:06.254+0800: 12421230.232: [GC (Allocation Failure) 2020-08-01T05:14:06.254+0800: 12421230.232: [ParNew: 667836K->12467K(737280K), 0.0161577 secs] 1508785K->853705K(6209536K), 0.0164325 secs] [Times: user=0.07 sys=0.00, real=0.02 secs] 
2020-08-01T05:15:27.650+0800: 12421311.628: [GC (Allocation Failure) 2020-08-01T05:15:27.650+0800: 12421311.628: [ParNew: 667827K->13342K(737280K), 0.0154066 secs] 1509065K->855009K(6209536K), 0.0155973 secs] [Times: user=0.06 sys=0.01, real=0.01 secs] 
2020-08-01T05:18:39.505+0800: 12421503.483: [GC (Allocation Failure) 2020-08-01T05:18:39.509+0800: 12421503.487: [ParNew: 668702K->10059K(737280K), 0.0166194 secs] 1510369K->852132K(6209536K), 0.0208204 secs] [Times: user=0.07 sys=0.00, real=0.02 secs] 
2020-08-01T05:20:47.078+0800: 12421631.056: [GC (Allocation Failure) 2020-08-01T05:20:47.078+0800: 12421631.056: [ParNew: 665419K->9986K(737280K), 0.0241980 secs] 1507492K->852263K(6209536K), 0.0243970 secs] [Times: user=0.09 sys=0.00, real=0.03 secs] 
2020-08-01T05:22:21.409+0800: 12421725.387: [GC (Allocation Failure) 2020-08-01T05:22:21.409+0800: 12421725.387: [ParNew: 665346K->10918K(737280K), 0.0217794 secs] 1507623K->853474K(6209536K), 0.0219859 secs] [Times: user=0.10 sys=0.00, real=0.02 secs] 
2020-08-01T05:24:22.856+0800: 12421846.834: [GC (Allocation Failure) 2020-08-01T05:24:22.856+0800: 12421846.834: [ParNew: 666278K->11727K(737280K), 0.0183781 secs] 1508834K->854482K(6209536K), 0.0185602 secs] [Times: user=0.08 sys=0.00, real=0.02 secs] 
2020-08-01T05:26:55.068+0800: 12421999.046: [GC (Allocation Failure) 2020-08-01T05:26:55.069+0800: 12421999.046: [ParNew: 667087K->10040K(737280K), 0.0194896 secs] 1509842K->853135K(6209536K), 0.0196768 secs] [Times: user=0.08 sys=0.00, real=0.02 secs] 
2020-08-01T05:29:09.164+0800: 12422133.141: [GC (Allocation Failure) 2020-08-01T05:29:09.164+0800: 12422133.142: [ParNew: 665400K->10455K(737280K), 0.0215869 secs] 1508495K->853687K(6209536K), 0.0217789 secs] [Times: user=0.08 sys=0.01, real=0.02 secs] 
2020-08-01T05:30:29.550+0800: 12422213.528: [GC (Allocation Failure) 2020-08-01T05:30:29.551+0800: 12422213.528: [ParNew: 665815K->9056K(737280K), 0.0196045 secs] 1509047K->852877K(6209536K), 0.0198056 secs] [Times: user=0.08 sys=0.00, real=0.02 secs] 
2020-08-01T05:32:18.706+0800: 12422322.684: [GC (Allocation Failure) 2020-08-01T05:32:18.706+0800: 12422322.684: [ParNew: 664416K->10038K(737280K), 0.0237201 secs] 1508237K->854185K(6209536K), 0.0239165 secs] [Times: user=0.11 sys=0.00, real=0.03 secs] 
2020-08-01T05:35:12.331+0800: 12422496.309: [GC (Allocation Failure) 2020-08-01T05:35:12.335+0800: 12422496.313: [ParNew: 665398K->11173K(737280K), 0.0184468 secs] 1509545K->855518K(6209536K), 0.0228521 secs] [Times: user=0.06 sys=0.01, real=0.02 secs] 
2020-08-01T05:36:57.114+0800: 12422601.091: [GC (Allocation Failure) 2020-08-01T05:36:57.114+0800: 12422601.092: [ParNew: 666533K->9898K(737280K), 0.0305560 secs] 1510878K->854246K(6209536K), 0.0307484 secs] [Times: user=0.16 sys=0.00, real=0.03 secs] 
2020-08-01T05:39:43.921+0800: 12422767.898: [GC (Allocation Failure) 2020-08-01T05:39:43.926+0800: 12422767.904: [ParNew: 665246K->26740K(737280K), 0.0350776 secs] 1509594K->871157K(6209536K), 0.0405000 secs] [Times: user=0.11 sys=0.01, real=0.04 secs] 
2020-08-01T05:41:16.625+0800: 12422860.603: [GC (Allocation Failure) 2020-08-01T05:41:16.625+0800: 12422860.603: [ParNew: 682100K->22386K(737280K), 0.0215954 secs] 1526517K->867399K(6209536K), 0.0218082 secs] [Times: user=0.08 sys=0.00, real=0.03 secs] 
2020-08-01T05:42:49.503+0800: 12422953.481: [GC (Allocation Failure) 2020-08-01T05:42:49.503+0800: 12422953.481: [ParNew: 677746K->12113K(737280K), 0.0184567 secs] 1522759K->857193K(6209536K), 0.0186454 secs] [Times: user=0.06 sys=0.01, real=0.02 secs] 
2020-08-01T05:44:17.692+0800: 12423041.669: [GC (Allocation Failure) 2020-08-01T05:44:17.692+0800: 12423041.670: [ParNew: 667372K->25432K(737280K), 0.0244343 secs] 1512452K->870912K(6209536K), 0.0246308 secs] [Times: user=0.07 sys=0.01, real=0.02 secs] 
2020-08-01T05:46:20.756+0800: 12423164.734: [GC (Allocation Failure) 2020-08-01T05:46:20.756+0800: 12423164.734: [ParNew: 680792K->23882K(737280K), 0.0243695 secs] 1526272K->869452K(6209536K), 0.0245583 secs] [Times: user=0.09 sys=0.01, real=0.03 secs] 
2020-08-01T05:48:38.023+0800: 12423302.001: [GC (Allocation Failure) 2020-08-01T05:48:38.023+0800: 12423302.001: [ParNew: 679242K->29813K(737280K), 0.0217488 secs] 1524812K->875686K(6209536K), 0.0219428 secs] [Times: user=0.08 sys=0.01, real=0.02 secs] 
2020-08-01T05:50:28.778+0800: 12423412.756: [GC (Allocation Failure) 2020-08-01T05:50:28.778+0800: 12423412.756: [ParNew: 685173K->16380K(737280K), 0.0193683 secs] 1531046K->862593K(6209536K), 0.0195847 secs] [Times: user=0.06 sys=0.00, real=0.02 secs] 
2020-08-01T05:52:17.266+0800: 12423521.244: [GC (Allocation Failure) 2020-08-01T05:52:17.266+0800: 12423521.244: [ParNew: 671740K->20002K(737280K), 0.0262034 secs] 1517953K->866372K(6209536K), 0.0264161 secs] [Times: user=0.10 sys=0.00, real=0.03 secs] 
2020-08-01T05:54:12.116+0800: 12423636.094: [GC (Allocation Failure) 2020-08-01T05:54:12.116+0800: 12423636.094: [ParNew: 675362K->24628K(737280K), 0.0217350 secs] 1521732K->871134K(6209536K), 0.0219254 secs] [Times: user=0.08 sys=0.00, real=0.02 secs] 
2020-08-01T05:55:42.547+0800: 12423726.525: [GC (Allocation Failure) 2020-08-01T05:55:42.548+0800: 12423726.526: [ParNew: 679988K->28798K(737280K), 0.0311657 secs] 1526494K->875722K(6209536K), 0.0325513 secs] [Times: user=0.10 sys=0.00, real=0.03 secs] 
2020-08-01T05:58:02.331+0800: 12423866.309: [GC (Allocation Failure) 2020-08-01T05:58:02.331+0800: 12423866.309: [ParNew: 684158K->26845K(737280K), 0.0411140 secs] 1531082K->873982K(6209536K), 0.0413221 secs] [Times: user=0.13 sys=0.00, real=0.04 secs] 
2020-08-01T06:00:42.115+0800: 12424026.093: [GC (Allocation Failure) 2020-08-01T06:00:42.115+0800: 12424026.093: [ParNew: 682205K->24665K(737280K), 0.0200822 secs] 1529342K->872256K(6209536K), 0.0202837 secs] [Times: user=0.07 sys=0.01, real=0.02 secs] 
2020-08-01T06:02:38.536+0800: 12424142.514: [GC (Allocation Failure) 2020-08-01T06:02:38.536+0800: 12424142.514: [ParNew: 680025K->25736K(737280K), 0.0190674 secs] 1527616K->873635K(6209536K), 0.0192727 secs] [Times: user=0.07 sys=0.00, real=0.02 secs] 
2020-08-01T06:03:57.847+0800: 12424221.824: [GC (Allocation Failure) 2020-08-01T06:03:57.847+0800: 12424221.825: [ParNew: 681096K->20585K(737280K), 0.0208204 secs] 1528995K->868635K(6209536K), 0.0210410 secs] [Times: user=0.07 sys=0.00, real=0.02 secs] 
2020-08-01T06:05:32.388+0800: 12424316.366: [GC (Allocation Failure) 2020-08-01T06:05:32.388+0800: 12424316.366: [ParNew: 675945K->21506K(737280K), 0.0244615 secs] 1523995K->869576K(6209536K), 0.0246768 secs] [Times: user=0.07 sys=0.00, real=0.02 secs] 
2020-08-01T06:06:40.859+0800: 12424384.836: [GC (Allocation Failure) 2020-08-01T06:06:40.859+0800: 12424384.836: [ParNew: 676866K->27725K(737280K), 0.0302519 secs] 1524936K->876086K(6209536K), 0.0304687 secs] [Times: user=0.10 sys=0.00, real=0.03 secs] 
2020-08-01T06:07:41.352+0800: 12424445.330: [GC (Allocation Failure) 2020-08-01T06:07:41.353+0800: 12424445.330: [ParNew: 683004K->52739K(737280K), 0.0317277 secs] 1531364K->901187K(6209536K), 0.0319267 secs] [Times: user=0.10 sys=0.00, real=0.03 secs] 
2020-08-01T06:09:36.342+0800: 12424560.320: [GC (Allocation Failure) 2020-08-01T06:09:36.342+0800: 12424560.320: [ParNew: 708099K->19577K(737280K), 0.0208707 secs] 1556547K->872045K(6209536K), 0.0210774 secs] [Times: user=0.08 sys=0.00, real=0.02 secs] 
2020-08-01T06:11:15.792+0800: 12424659.769: [GC (Allocation Failure) 2020-08-01T06:11:15.792+0800: 12424659.770: [ParNew: 674823K->17065K(737280K), 0.0205723 secs] 1527291K->869533K(6209536K), 0.0208224 secs] [Times: user=0.07 sys=0.00, real=0.02 secs] 
2020-08-01T06:13:17.509+0800: 12424781.487: [GC (Allocation Failure) 2020-08-01T06:13:17.509+0800: 12424781.487: [ParNew: 672425K->22094K(737280K), 0.0289632 secs] 1524893K->874561K(6209536K), 0.0291897 secs] [Times: user=0.06 sys=0.00, real=0.02 secs] 
2020-08-01T06:15:28.636+0800: 12424912.614: [GC (Allocation Failure) 2020-08-01T06:15:28.642+0800: 12424912.620: [ParNew: 677437K->26978K(737280K), 0.0217679 secs] 1529905K->879446K(6209536K), 0.0276742 secs] [Times: user=0.08 sys=0.00, real=0.03 secs] 
2020-08-01T06:17:40.985+0800: 12425044.963: [GC (Allocation Failure) 2020-08-01T06:17:40.986+0800: 12425044.963: [ParNew: 682269K->23231K(737280K), 0.0170023 secs] 1534736K->875699K(6209536K), 0.0172313 secs] [Times: user=0.06 sys=0.00, real=0.02 secs] 
2020-08-01T06:19:45.019+0800: 12425168.997: [GC (Allocation Failure) 2020-08-01T06:19:45.019+0800: 12425168.997: [ParNew: 678591K->27640K(737280K), 0.0255735 secs] 1531059K->880108K(6209536K), 0.0257946 secs] [Times: user=0.06 sys=0.01, real=0.02 secs] 
2020-08-01T06:21:22.470+0800: 12425266.448: [GC (Allocation Failure) 2020-08-01T06:21:22.470+0800: 12425266.448: [ParNew: 683000K->23371K(737280K), 0.0217812 secs] 1535468K->876114K(6209536K), 0.0219714 secs] [Times: user=0.07 sys=0.00, real=0.02 secs] 
2020-08-01T06:23:57.782+0800: 12425421.760: [GC (Allocation Failure) 2020-08-01T06:23:57.782+0800: 12425421.760: [ParNew: 678731K->28543K(737280K), 0.0254332 secs] 1531474K->881641K(6209536K), 0.0256230 secs] [Times: user=0.09 sys=0.00, real=0.03 secs] 
2020-08-01T06:27:01.301+0800: 12425605.279: [GC (Allocation Failure) 2020-08-01T06:27:01.302+0800: 12425605.280: [ParNew: 683878K->29466K(737280K), 0.0210660 secs] 1536976K->882972K(6209536K), 0.0220924 secs] [Times: user=0.08 sys=0.01, real=0.02 secs] 
2020-08-01T06:29:14.166+0800: 12425738.143: [GC (Allocation Failure) 2020-08-01T06:29:14.166+0800: 12425738.144: [ParNew: 684797K->26429K(737280K), 0.0210725 secs] 1538304K->880511K(6209536K), 0.0212896 secs] [Times: user=0.08 sys=0.00, real=0.03 secs] 
2020-08-01T06:31:44.056+0800: 12425888.033: [GC (Allocation Failure) 2020-08-01T06:31:44.056+0800: 12425888.034: [ParNew: 681789K->36221K(737280K), 0.0249565 secs] 1535871K->891049K(6209536K), 0.0251653 secs] [Times: user=0.08 sys=0.00, real=0.03 secs] 
2020-08-01T06:33:19.495+0800: 12425983.472: [GC (Allocation Failure) 2020-08-01T06:33:19.495+0800: 12425983.473: [ParNew: 691581K->16097K(737280K), 0.0223438 secs] 1546409K->871082K(6209536K), 0.0225645 secs] [Times: user=0.08 sys=0.00, real=0.02 secs] 
2020-08-01T06:34:45.463+0800: 12426069.441: [GC (Allocation Failure) 2020-08-01T06:34:45.463+0800: 12426069.441: [ParNew: 671457K->24253K(737280K), 0.0237277 secs] 1526442K->879319K(6209536K), 0.0239206 secs] [Times: user=0.07 sys=0.00, real=0.03 secs] 
2020-08-01T06:36:51.456+0800: 12426195.434: [GC (Allocation Failure) 2020-08-01T06:36:51.456+0800: 12426195.434: [ParNew: 679613K->26488K(737280K), 0.0204986 secs] 1534679K->881639K(6209536K), 0.0206997 secs] [Times: user=0.07 sys=0.00, real=0.02 secs] 
2020-08-01T06:39:27.600+0800: 12426351.578: [GC (Allocation Failure) 2020-08-01T06:39:27.605+0800: 12426351.583: [ParNew: 681719K->25935K(737280K), 0.0224851 secs] 1536870K->881974K(6209536K), 0.0269061 secs] [Times: user=0.07 sys=0.00, real=0.03 secs] 
2020-08-01T06:42:05.426+0800: 12426509.403: [GC (Allocation Failure) 2020-08-01T06:42:05.426+0800: 12426509.404: [ParNew: 681295K->26003K(737280K), 0.0199987 secs] 1537334K->882395K(6209536K), 0.0202065 secs] [Times: user=0.07 sys=0.00, real=0.02 secs] 
2020-08-01T06:44:18.210+0800: 12426642.188: [GC (Allocation Failure) 2020-08-01T06:44:18.211+0800: 12426642.188: [ParNew: 681363K->25180K(737280K), 0.0212099 secs] 1537755K->881741K(6209536K), 0.0214044 secs] [Times: user=0.07 sys=0.00, real=0.02 secs] 
2020-08-01T06:46:04.204+0800: 12426748.182: [GC (Allocation Failure) 2020-08-01T06:46:04.204+0800: 12426748.182: [ParNew: 680462K->16679K(737280K), 0.0237908 secs] 1537024K->873478K(6209536K), 0.0240021 secs] [Times: user=0.07 sys=0.00, real=0.03 secs] 
2020-08-01T06:48:14.928+0800: 12426878.906: [GC (Allocation Failure) 2020-08-01T06:48:14.928+0800: 12426878.906: [ParNew: 672018K->27643K(737280K), 0.0244893 secs] 1528816K->884528K(6209536K), 0.0246755 secs] [Times: user=0.10 sys=0.00, real=0.02 secs] 
2020-08-01T06:50:22.950+0800: 12427006.928: [GC (Allocation Failure) 2020-08-01T06:50:22.950+0800: 12427006.928: [ParNew: 683003K->11144K(737280K), 0.0164914 secs] 1539888K->868319K(6209536K), 0.0166729 secs] [Times: user=0.08 sys=0.00, real=0.02 secs] 
2020-08-01T06:53:37.230+0800: 12427201.207: [GC (Allocation Failure) 2020-08-01T06:53:37.230+0800: 12427201.207: [ParNew: 666504K->19301K(737280K), 0.0340964 secs] 1523679K->877066K(6209536K), 0.0342748 secs] [Times: user=0.15 sys=0.00, real=0.03 secs] 
2020-08-01T06:56:07.319+0800: 12427351.297: [GC (Allocation Failure) 2020-08-01T06:56:07.319+0800: 12427351.297: [ParNew: 674661K->10354K(737280K), 0.0332037 secs] 1532426K->868728K(6209536K), 0.0333865 secs] [Times: user=0.11 sys=0.02, real=0.03 secs] 
2020-08-01T06:58:46.558+0800: 12427510.536: [GC (Allocation Failure) 2020-08-01T06:58:46.558+0800: 12427510.536: [ParNew: 665714K->9231K(737280K), 0.0154083 secs] 1524088K->867900K(6209536K), 0.0156012 secs] [Times: user=0.08 sys=0.00, real=0.02 secs] 
2020-08-01T07:01:39.877+0800: 12427683.855: [GC (Allocation Failure) 2020-08-01T07:01:39.877+0800: 12427683.855: [ParNew: 664591K->10790K(737280K), 0.0118350 secs] 1523260K->869663K(6209536K), 0.0120416 secs] [Times: user=0.06 sys=0.00, real=0.02 secs] 
2020-08-01T07:03:24.481+0800: 12427788.459: [GC (Allocation Failure) 2020-08-01T07:03:24.481+0800: 12427788.459: [ParNew: 666150K->14452K(737280K), 0.0296750 secs] 1525023K->873541K(6209536K), 0.0298797 secs] [Times: user=0.10 sys=0.00, real=0.03 secs] 
2020-08-01T07:04:31.685+0800: 12427855.663: [GC (Allocation Failure) 2020-08-01T07:04:31.686+0800: 12427855.663: [ParNew: 669812K->12496K(737280K), 0.0180789 secs] 1528901K->871722K(6209536K), 0.0183426 secs] [Times: user=0.08 sys=0.00, real=0.02 secs] 
2020-08-01T07:06:46.937+0800: 12427990.915: [GC (Allocation Failure) 2020-08-01T07:06:46.937+0800: 12427990.915: [ParNew: 667791K->15619K(737280K), 0.0358447 secs] 1527017K->874959K(6209536K), 0.0360673 secs] [Times: user=0.12 sys=0.00, real=0.04 secs] 
2020-08-01T07:11:20.710+0800: 12428264.688: [GC (Allocation Failure) 2020-08-01T07:11:20.710+0800: 12428264.688: [ParNew: 670979K->13782K(737280K), 0.0173053 secs] 1530319K->873269K(6209536K), 0.0175004 secs] [Times: user=0.07 sys=0.01, real=0.02 secs] 
2020-08-01T07:14:14.885+0800: 12428438.863: [GC (Allocation Failure) 2020-08-01T07:14:14.885+0800: 12428438.863: [ParNew: 669142K->12862K(737280K), 0.0188518 secs] 1528629K->872362K(6209536K), 0.0190453 secs] [Times: user=0.08 sys=0.00, real=0.02 secs] 
2020-08-01T07:19:06.937+0800: 12428730.915: [GC (Allocation Failure) 2020-08-01T07:19:06.937+0800: 12428730.915: [ParNew: 668128K->10956K(737280K), 0.0181550 secs] 1527628K->870734K(6209536K), 0.0183391 secs] [Times: user=0.07 sys=0.00, real=0.02 secs] 
2020-08-01T07:21:47.897+0800: 12428891.875: [GC (Allocation Failure) 2020-08-01T07:21:47.897+0800: 12428891.875: [ParNew: 666316K->10170K(737280K), 0.0156787 secs] 1526094K->870521K(6209536K), 0.0158682 secs] [Times: user=0.07 sys=0.00, real=0.02 secs] 
2020-08-01T07:24:42.268+0800: 12429066.245: [GC (Allocation Failure) 2020-08-01T07:24:42.273+0800: 12429066.251: [ParNew: 665530K->14214K(737280K), 0.0245658 secs] 1525881K->874642K(6209536K), 0.0299767 secs] [Times: user=0.09 sys=0.01, real=0.02 secs] 
2020-08-01T07:27:02.011+0800: 12429205.989: [GC (Allocation Failure) 2020-08-01T07:27:02.011+0800: 12429205.989: [ParNew: 669529K->10506K(737280K), 0.0202325 secs] 1529957K->871534K(6209536K), 0.0204366 secs] [Times: user=0.08 sys=0.00, real=0.02 secs] 
2020-08-01T07:28:46.947+0800: 12429310.925: [GC (Allocation Failure) 2020-08-01T07:28:46.948+0800: 12429310.925: [ParNew: 665866K->8605K(737280K), 0.0171527 secs] 1526894K->870199K(6209536K), 0.0173506 secs] [Times: user=0.06 sys=0.00, real=0.01 secs] 
2020-08-01T07:29:51.927+0800: 12429375.905: [GC (Allocation Failure) 2020-08-01T07:29:51.927+0800: 12429375.905: [ParNew: 663965K->27119K(737280K), 0.0270416 secs] 1525559K->889006K(6209536K), 0.0272462 secs] [Times: user=0.18 sys=0.00, real=0.02 secs] 
2020-08-01T07:30:16.349+0800: 12429400.326: [GC (Allocation Failure) 2020-08-01T07:30:16.349+0800: 12429400.327: [ParNew: 682479K->69825K(737280K), 0.0551811 secs] 1544366K->931800K(6209536K), 0.0553636 secs] [Times: user=0.37 sys=0.00, real=0.05 secs] 
2020-08-01T07:30:51.311+0800: 12429435.288: [GC (Allocation Failure) 2020-08-01T07:30:51.311+0800: 12429435.288: [ParNew: 725185K->81920K(737280K), 0.1932801 secs] 1587160K->970623K(6209536K), 0.1934826 secs] [Times: user=0.59 sys=0.00, real=0.19 secs] 
2020-08-01T07:31:18.009+0800: 12429461.987: [GC (Allocation Failure) 2020-08-01T07:31:18.009+0800: 12429461.987: [ParNew: 737280K->72207K(737280K), 0.1454271 secs] 1625983K->1043774K(6209536K), 0.1456497 secs] [Times: user=0.81 sys=0.02, real=0.14 secs] 
2020-08-01T07:31:34.905+0800: 12429478.883: [GC (Allocation Failure) 2020-08-01T07:31:34.906+0800: 12429478.883: [ParNew: 727567K->81920K(737280K), 0.0699602 secs] 1699134K->1057640K(6209536K), 0.0701431 secs] [Times: user=0.52 sys=0.00, real=0.07 secs] 
2020-08-01T07:32:04.945+0800: 12429508.923: [GC (Allocation Failure) 2020-08-01T07:32:04.946+0800: 12429508.923: [ParNew: 737280K->69289K(737280K), 0.1583843 secs] 1713000K->1127365K(6209536K), 0.1585883 secs] [Times: user=0.75 sys=0.01, real=0.16 secs] 
2020-08-01T07:32:33.479+0800: 12429537.457: [GC (Allocation Failure) 2020-08-01T07:32:33.479+0800: 12429537.457: [ParNew: 724649K->81920K(737280K), 0.0666137 secs] 1782725K->1144086K(6209536K), 0.0668112 secs] [Times: user=0.51 sys=0.00, real=0.06 secs] 
2020-08-01T07:33:08.677+0800: 12429572.655: [GC (Allocation Failure) 2020-08-01T07:33:08.677+0800: 12429572.655: [ParNew: 737280K->67450K(737280K), 0.1333688 secs] 1799446K->1209384K(6209536K), 0.1335995 secs] [Times: user=0.84 sys=0.00, real=0.14 secs] 
2020-08-01T07:33:37.437+0800: 12429601.414: [GC (Allocation Failure) 2020-08-01T07:33:37.437+0800: 12429601.414: [ParNew: 722810K->59706K(737280K), 0.0881644 secs] 1864744K->1241331K(6209536K), 0.0883509 secs] [Times: user=0.51 sys=0.00, real=0.09 secs] 
2020-08-01T07:34:27.679+0800: 12429651.657: [GC (Allocation Failure) 2020-08-01T07:34:27.679+0800: 12429651.657: [ParNew: 715066K->81920K(737280K), 0.0685664 secs] 1896691K->1265353K(6209536K), 0.0687555 secs] [Times: user=0.46 sys=0.00, real=0.07 secs] 
2020-08-01T07:35:10.944+0800: 12429694.921: [GC (Allocation Failure) 2020-08-01T07:35:10.944+0800: 12429694.922: [ParNew: 737280K->81920K(737280K), 0.1508456 secs] 1920713K->1303832K(6209536K), 0.1510716 secs] [Times: user=0.64 sys=0.00, real=0.15 secs] 
2020-08-01T07:35:43.338+0800: 12429727.316: [GC (Allocation Failure) 2020-08-01T07:35:43.338+0800: 12429727.316: [ParNew: 737280K->81920K(737280K), 0.0919870 secs] 1959192K->1336677K(6209536K), 0.0921982 secs] [Times: user=0.58 sys=0.01, real=0.10 secs] 
2020-08-01T07:36:26.295+0800: 12429770.273: [GC (Allocation Failure) 2020-08-01T07:36:26.296+0800: 12429770.273: [ParNew: 737280K->81920K(737280K), 0.0983307 secs] 1992037K->1370219K(6209536K), 0.0985238 secs] [Times: user=0.65 sys=0.00, real=0.10 secs] 
2020-08-01T07:37:03.112+0800: 12429807.090: [GC (Allocation Failure) 2020-08-01T07:37:03.112+0800: 12429807.090: [ParNew: 737280K->81920K(737280K), 0.1011784 secs] 2025579K->1404052K(6209536K), 0.1013729 secs] [Times: user=0.62 sys=0.00, real=0.10 secs] 
2020-08-01T07:37:38.363+0800: 12429842.341: [GC (Allocation Failure) 2020-08-01T07:37:38.363+0800: 12429842.341: [ParNew: 737280K->81920K(737280K), 0.0962176 secs] 2059412K->1445070K(6209536K), 0.0964051 secs] [Times: user=0.65 sys=0.00, real=0.10 secs] 
2020-08-01T07:38:10.526+0800: 12429874.504: [GC (Allocation Failure) 2020-08-01T07:38:10.527+0800: 12429874.504: [ParNew: 737280K->81920K(737280K), 0.1055740 secs] 2100430K->1481970K(6209536K), 0.1057645 secs] [Times: user=0.64 sys=0.00, real=0.10 secs] 
2020-08-01T07:38:26.157+0800: 12429890.135: [GC (Allocation Failure) 2020-08-01T07:38:26.157+0800: 12429890.135: [ParNew: 737280K->71867K(737280K), 0.1242933 secs] 2137330K->1546310K(6209536K), 0.1244756 secs] [Times: user=0.82 sys=0.00, real=0.13 secs] 
2020-08-01T07:38:45.899+0800: 12429909.877: [GC (Allocation Failure) 2020-08-01T07:38:45.899+0800: 12429909.877: [ParNew: 727227K->64443K(737280K), 0.1009706 secs] 2201670K->1583683K(6209536K), 0.1011899 secs] [Times: user=0.57 sys=0.02, real=0.10 secs] 
2020-08-01T07:39:00.529+0800: 12429924.507: [GC (Allocation Failure) 2020-08-01T07:39:00.529+0800: 12429924.507: [ParNew: 719803K->52046K(737280K), 0.0887584 secs] 2239043K->1615339K(6209536K), 0.0889543 secs] [Times: user=0.60 sys=0.00, real=0.08 secs] 
2020-08-01T07:39:17.325+0800: 12429941.303: [GC (Allocation Failure) 2020-08-01T07:39:17.325+0800: 12429941.303: [ParNew: 707406K->67909K(737280K), 0.0987317 secs] 2270699K->1675394K(6209536K), 0.0989309 secs] [Times: user=0.63 sys=0.01, real=0.10 secs] 
2020-08-01T07:39:30.550+0800: 12429954.528: [GC (Allocation Failure) 2020-08-01T07:39:30.551+0800: 12429954.528: [ParNew: 723269K->61865K(737280K), 0.1175259 secs] 2330754K->1713437K(6209536K), 0.1177297 secs] [Times: user=0.53 sys=0.00, real=0.12 secs] 
2020-08-01T07:39:46.143+0800: 12429970.121: [GC (Allocation Failure) 2020-08-01T07:39:46.143+0800: 12429970.121: [ParNew: 717225K->62811K(737280K), 0.0948204 secs] 2368797K->1754832K(6209536K), 0.0949966 secs] [Times: user=0.53 sys=0.00, real=0.09 secs] 
2020-08-01T07:40:00.138+0800: 12429984.116: [GC (Allocation Failure) 2020-08-01T07:40:00.138+0800: 12429984.116: [ParNew: 718171K->81920K(737280K), 0.0686228 secs] 2410192K->1775932K(6209536K), 0.0687968 secs] [Times: user=0.52 sys=0.00, real=0.08 secs] 
2020-08-01T07:40:17.198+0800: 12430001.176: [GC (Allocation Failure) 2020-08-01T07:40:17.199+0800: 12430001.176: [ParNew: 737280K->81920K(737280K), 0.1083809 secs] 2431292K->1818220K(6209536K), 0.1085855 secs] [Times: user=0.74 sys=0.00, real=0.12 secs] 
2020-08-01T07:40:34.279+0800: 12430018.257: [GC (Allocation Failure) 2020-08-01T07:40:34.279+0800: 12430018.257: [ParNew: 737280K->81920K(737280K), 0.1100265 secs] 2473580K->1859116K(6209536K), 0.1102081 secs] [Times: user=0.79 sys=0.00, real=0.11 secs] 
2020-08-01T07:40:53.663+0800: 12430037.641: [GC (Allocation Failure) 2020-08-01T07:40:53.663+0800: 12430037.641: [ParNew: 737280K->78602K(737280K), 0.1737049 secs] 2514476K->1935045K(6209536K), 0.1738924 secs] [Times: user=0.81 sys=0.00, real=0.17 secs] 
2020-08-01T07:41:10.923+0800: 12430054.901: [GC (Allocation Failure) 2020-08-01T07:41:10.923+0800: 12430054.901: [ParNew: 733924K->73683K(737280K), 0.0859734 secs] 2590368K->1974773K(6209536K), 0.0861960 secs] [Times: user=0.60 sys=0.00, real=0.09 secs] 
2020-08-01T07:41:28.278+0800: 12430072.256: [GC (Allocation Failure) 2020-08-01T07:41:28.278+0800: 12430072.256: [ParNew: 729043K->55983K(737280K), 0.0760844 secs] 2630133K->1997763K(6209536K), 0.0762729 secs] [Times: user=0.47 sys=0.00, real=0.08 secs] 
2020-08-01T07:41:38.929+0800: 12430082.907: [GC (Allocation Failure) 2020-08-01T07:41:38.929+0800: 12430082.907: [ParNew: 711343K->67543K(737280K), 0.0958058 secs] 2653123K->2052498K(6209536K), 0.0959763 secs] [Times: user=0.60 sys=0.00, real=0.09 secs] 
2020-08-01T07:42:07.652+0800: 12430111.630: [GC (Allocation Failure) 2020-08-01T07:42:07.652+0800: 12430111.630: [ParNew: 722903K->42522K(737280K), 0.0766897 secs] 2707858K->2068678K(6209536K), 0.0768650 secs] [Times: user=0.49 sys=0.00, real=0.08 secs] 
2020-08-01T07:42:27.143+0800: 12430131.121: [GC (Allocation Failure) 2020-08-01T07:42:27.143+0800: 12430131.121: [ParNew: 697882K->81920K(737280K), 0.0852054 secs] 2724038K->2108733K(6209536K), 0.0854042 secs] [Times: user=0.40 sys=0.00, real=0.09 secs] 
2020-08-01T07:42:43.951+0800: 12430147.929: [GC (Allocation Failure) 2020-08-01T07:42:43.951+0800: 12430147.929: [ParNew: 737280K->81920K(737280K), 0.0940313 secs] 2764093K->2140304K(6209536K), 0.0942535 secs] [Times: user=0.55 sys=0.00, real=0.09 secs] 
2020-08-01T07:42:59.778+0800: 12430163.756: [GC (Allocation Failure) 2020-08-01T07:42:59.778+0800: 12430163.756: [ParNew: 737280K->81920K(737280K), 0.1068817 secs] 2795664K->2181659K(6209536K), 0.1070675 secs] [Times: user=0.75 sys=0.00, real=0.11 secs] 
2020-08-01T07:43:18.205+0800: 12430182.183: [GC (Allocation Failure) 2020-08-01T07:43:18.205+0800: 12430182.183: [ParNew: 737280K->76833K(737280K), 0.1269995 secs] 2837019K->2255062K(6209536K), 0.1272103 secs] [Times: user=0.83 sys=0.00, real=0.13 secs] 
2020-08-01T07:43:39.959+0800: 12430203.936: [GC (Allocation Failure) 2020-08-01T07:43:39.959+0800: 12430203.937: [ParNew: 732193K->67983K(737280K), 0.0976431 secs] 2910422K->2290985K(6209536K), 0.0978237 secs] [Times: user=0.59 sys=0.00, real=0.09 secs] 
2020-08-01T07:44:03.484+0800: 12430227.462: [GC (Allocation Failure) 2020-08-01T07:44:03.484+0800: 12430227.462: [ParNew: 723250K->46960K(737280K), 0.0827652 secs] 2946252K->2312181K(6209536K), 0.0829409 secs] [Times: user=0.55 sys=0.00, real=0.09 secs] 
2020-08-01T07:44:22.781+0800: 12430246.759: [GC (Allocation Failure) 2020-08-01T07:44:22.781+0800: 12430246.759: [ParNew: 702320K->81920K(737280K), 0.0908114 secs] 2967541K->2351264K(6209536K), 0.0909961 secs] [Times: user=0.50 sys=0.00, real=0.09 secs] 
2020-08-01T07:44:42.047+0800: 12430266.025: [GC (Allocation Failure) 2020-08-01T07:44:42.047+0800: 12430266.025: [ParNew: 737280K->68678K(737280K), 0.1311287 secs] 3006624K->2416812K(6209536K), 0.1313499 secs] [Times: user=0.85 sys=0.00, real=0.13 secs] 
2020-08-01T07:44:58.245+0800: 12430282.223: [GC (Allocation Failure) 2020-08-01T07:44:58.245+0800: 12430282.223: [ParNew: 724038K->63904K(737280K), 0.0915738 secs] 3072172K->2456746K(6209536K), 0.0917674 secs] [Times: user=0.58 sys=0.00, real=0.09 secs] 
2020-08-01T07:45:19.966+0800: 12430303.944: [GC (Allocation Failure) 2020-08-01T07:45:19.966+0800: 12430303.944: [ParNew: 719219K->68915K(737280K), 0.0990703 secs] 3112061K->2504968K(6209536K), 0.0992540 secs] [Times: user=0.59 sys=0.00, real=0.10 secs] 
2020-08-01T07:45:44.695+0800: 12430328.673: [GC (Allocation Failure) 2020-08-01T07:45:44.695+0800: 12430328.673: [ParNew: 724275K->55187K(737280K), 0.0844447 secs] 3160328K->2533688K(6209536K), 0.0846276 secs] [Times: user=0.55 sys=0.00, real=0.09 secs] 
2020-08-01T07:46:00.784+0800: 12430344.762: [GC (Allocation Failure) 2020-08-01T07:46:00.784+0800: 12430344.762: [ParNew: 710547K->68339K(737280K), 0.0822799 secs] 3189048K->2587124K(6209536K), 0.0824758 secs] [Times: user=0.54 sys=0.00, real=0.09 secs] 
2020-08-01T07:46:09.178+0800: 12430353.156: [GC (Allocation Failure) 2020-08-01T07:46:09.178+0800: 12430353.156: [ParNew: 723699K->81920K(737280K), 0.0669705 secs] 3242484K->2603161K(6209536K), 0.0671345 secs] [Times: user=0.51 sys=0.00, real=0.07 secs] 
2020-08-01T07:46:15.689+0800: 12430359.667: [GC (Allocation Failure) 2020-08-01T07:46:15.689+0800: 12430359.667: [ParNew: 737280K->81920K(737280K), 0.1203995 secs] 3258521K->2651163K(6209536K), 0.1205891 secs] [Times: user=0.73 sys=0.00, real=0.12 secs] 
2020-08-01T07:46:24.954+0800: 12430368.932: [GC (Allocation Failure) 2020-08-01T07:46:24.954+0800: 12430368.932: [ParNew: 737280K->74057K(737280K), 0.1318476 secs] 3306523K->2719895K(6209536K), 0.1320605 secs] [Times: user=0.81 sys=0.01, real=0.13 secs] 
2020-08-01T07:46:36.555+0800: 12430380.533: [GC (Allocation Failure) 2020-08-01T07:46:36.555+0800: 12430380.533: [ParNew: 729417K->72638K(737280K), 0.0923921 secs] 3375255K->2763708K(6209536K), 0.0925728 secs] [Times: user=0.58 sys=0.00, real=0.10 secs] 
2020-08-01T07:46:47.758+0800: 12430391.736: [GC (Allocation Failure) 2020-08-01T07:46:47.759+0800: 12430391.736: [ParNew: 727998K->63606K(737280K), 0.1016079 secs] 3419068K->2798685K(6209536K), 0.1018070 secs] [Times: user=0.59 sys=0.00, real=0.10 secs] 
2020-08-01T07:46:54.029+0800: 12430398.007: [GC (Allocation Failure) 2020-08-01T07:46:54.029+0800: 12430398.007: [ParNew: 718966K->68597K(737280K), 0.0953248 secs] 3454045K->2849016K(6209536K), 0.0954844 secs] [Times: user=0.59 sys=0.00, real=0.09 secs] 
2020-08-01T07:47:05.113+0800: 12430409.091: [GC (Allocation Failure) 2020-08-01T07:47:05.113+0800: 12430409.091: [ParNew: 723957K->74908K(737280K), 0.0958433 secs] 3504376K->2901210K(6209536K), 0.0960147 secs] [Times: user=0.65 sys=0.00, real=0.10 secs] 
2020-08-01T07:47:18.585+0800: 12430422.563: [GC (Allocation Failure) 2020-08-01T07:47:18.585+0800: 12430422.563: [ParNew: 730268K->67910K(737280K), 0.0973259 secs] 3556570K->2939030K(6209536K), 0.0975078 secs] [Times: user=0.59 sys=0.00, real=0.10 secs] 
2020-08-01T07:47:29.130+0800: 12430433.108: [GC (Allocation Failure) 2020-08-01T07:47:29.130+0800: 12430433.108: [ParNew: 723270K->67628K(737280K), 0.0949200 secs] 3594390K->2983380K(6209536K), 0.0950978 secs] [Times: user=0.62 sys=0.00, real=0.09 secs] 
2020-08-01T07:47:47.849+0800: 12430451.827: [GC (Allocation Failure) 2020-08-01T07:47:47.849+0800: 12430451.827: [ParNew: 722983K->51217K(737280K), 0.0893360 secs] 3638735K->3011927K(6209536K), 0.0895184 secs] [Times: user=0.58 sys=0.00, real=0.08 secs] 
2020-08-01T07:48:28.389+0800: 12430492.367: [GC (Allocation Failure) 2020-08-01T07:48:28.389+0800: 12430492.367: [ParNew: 706577K->81920K(737280K), 0.0508086 secs] 3667287K->3046845K(6209536K), 0.0510036 secs] [Times: user=0.38 sys=0.00, real=0.05 secs] 
2020-08-01T07:48:58.448+0800: 12430522.426: [GC (Allocation Failure) 2020-08-01T07:48:58.448+0800: 12430522.426: [ParNew: 737280K->81920K(737280K), 0.0951209 secs] 3702205K->3090953K(6209536K), 0.0953782 secs] [Times: user=0.63 sys=0.00, real=0.09 secs] 
2020-08-01T07:49:31.553+0800: 12430555.531: [GC (Allocation Failure) 2020-08-01T07:49:31.553+0800: 12430555.531: [ParNew: 737280K->81920K(737280K), 0.1033194 secs] 3746313K->3127467K(6209536K), 0.1035266 secs] [Times: user=0.67 sys=0.00, real=0.10 secs] 
2020-08-01T07:50:06.710+0800: 12430590.687: [GC (Allocation Failure) 2020-08-01T07:50:06.710+0800: 12430590.688: [ParNew: 737280K->81920K(737280K), 0.1042322 secs] 3782827K->3165909K(6209536K), 0.1044223 secs] [Times: user=0.73 sys=0.00, real=0.10 secs] 
2020-08-01T07:50:38.673+0800: 12430622.651: [GC (Allocation Failure) 2020-08-01T07:50:38.673+0800: 12430622.651: [ParNew: 737280K->77587K(737280K), 0.1226528 secs] 3821269K->3239032K(6209536K), 0.1228232 secs] [Times: user=0.74 sys=0.00, real=0.12 secs] 
2020-08-01T07:51:12.811+0800: 12430656.789: [GC (Allocation Failure) 2020-08-01T07:51:12.811+0800: 12430656.789: [ParNew: 732947K->81920K(737280K), 0.0869661 secs] 3894392K->3245303K(6209536K), 0.0871517 secs] [Times: user=0.47 sys=0.01, real=0.08 secs] 
2020-08-01T07:51:48.956+0800: 12430692.934: [GC (Allocation Failure) 2020-08-01T07:51:48.956+0800: 12430692.934: [ParNew: 737280K->81920K(737280K), 0.1272980 secs] 3900663K->3287119K(6209536K), 0.1274913 secs] [Times: user=0.60 sys=0.00, real=0.13 secs] 
2020-08-01T07:52:18.637+0800: 12430722.614: [GC (Allocation Failure) 2020-08-01T07:52:18.637+0800: 12430722.615: [ParNew: 737280K->81920K(737280K), 0.1015157 secs] 3942479K->3323264K(6209536K), 0.1017280 secs] [Times: user=0.62 sys=0.00, real=0.10 secs] 
2020-08-01T07:52:58.256+0800: 12430762.233: [GC (Allocation Failure) 2020-08-01T07:52:58.256+0800: 12430762.234: [ParNew: 737280K->81920K(737280K), 0.0989712 secs] 3978624K->3357737K(6209536K), 0.0991618 secs] [Times: user=0.65 sys=0.00, real=0.10 secs] 
2020-08-01T07:53:38.355+0800: 12430802.333: [GC (Allocation Failure) 2020-08-01T07:53:38.355+0800: 12430802.333: [ParNew: 737280K->81920K(737280K), 0.0964739 secs] 4013097K->3403005K(6209536K), 0.0966545 secs] [Times: user=0.60 sys=0.00, real=0.10 secs] 
2020-08-01T07:54:19.149+0800: 12430843.127: [GC (Allocation Failure) 2020-08-01T07:54:19.149+0800: 12430843.127: [ParNew: 737280K->81920K(737280K), 0.1184161 secs] 4058365K->3438968K(6209536K), 0.1186399 secs] [Times: user=0.59 sys=0.00, real=0.12 secs] 
2020-08-01T07:54:52.514+0800: 12430876.492: [GC (Allocation Failure) 2020-08-01T07:54:52.514+0800: 12430876.492: [ParNew: 737280K->81920K(737280K), 0.0860554 secs] 4094328K->3470616K(6209536K), 0.0862519 secs] [Times: user=0.59 sys=0.00, real=0.09 secs] 
2020-08-01T07:55:28.718+0800: 12430912.696: [GC (Allocation Failure) 2020-08-01T07:55:28.718+0800: 12430912.696: [ParNew: 737280K->81920K(737280K), 0.1041502 secs] 4125976K->3508590K(6209536K), 0.1043514 secs] [Times: user=0.62 sys=0.00, real=0.11 secs] 
2020-08-01T07:56:08.248+0800: 12430952.225: [GC (Allocation Failure) 2020-08-01T07:56:08.248+0800: 12430952.225: [ParNew: 737280K->81920K(737280K), 0.0896532 secs] 4163950K->3541149K(6209536K), 0.0898349 secs] [Times: user=0.59 sys=0.00, real=0.08 secs] 
2020-08-01T07:56:50.138+0800: 12430994.116: [GC (Allocation Failure) 2020-08-01T07:56:50.138+0800: 12430994.116: [ParNew: 737280K->81920K(737280K), 0.1098007 secs] 4196509K->3577331K(6209536K), 0.1100471 secs] [Times: user=0.66 sys=0.01, real=0.12 secs] 
2020-08-01T07:57:28.208+0800: 12431032.186: [GC (Allocation Failure) 2020-08-01T07:57:28.208+0800: 12431032.186: [ParNew: 737280K->81920K(737280K), 0.0996592 secs] 4232691K->3609024K(6209536K), 0.0998614 secs] [Times: user=0.64 sys=0.00, real=0.10 secs] 
2020-08-01T07:57:58.893+0800: 12431062.870: [GC (Allocation Failure) 2020-08-01T07:57:58.893+0800: 12431062.871: [ParNew: 737280K->81920K(737280K), 0.1069150 secs] 4264384K->3649179K(6209536K), 0.1071449 secs] [Times: user=0.62 sys=0.00, real=0.11 secs] 
2020-08-01T07:58:49.186+0800: 12431113.164: [GC (Allocation Failure) 2020-08-01T07:58:49.186+0800: 12431113.164: [ParNew: 737280K->75300K(737280K), 0.1215465 secs] 4304539K->3717657K(6209536K), 0.1217309 secs] [Times: user=0.76 sys=0.00, real=0.13 secs] 
2020-08-01T07:59:24.837+0800: 12431148.815: [GC (Allocation Failure) 2020-08-01T07:59:24.837+0800: 12431148.815: [ParNew: 730660K->81920K(737280K), 0.0606469 secs] 4373017K->3725304K(6209536K), 0.0608487 secs] [Times: user=0.44 sys=0.00, real=0.07 secs] 
2020-08-01T07:59:49.070+0800: 12431173.048: [GC (Allocation Failure) 2020-08-01T07:59:49.071+0800: 12431173.048: [ParNew: 737280K->81920K(737280K), 0.1006200 secs] 4380664K->3761585K(6209536K), 0.1008401 secs] [Times: user=0.58 sys=0.00, real=0.10 secs] 
2020-08-01T08:00:19.826+0800: 12431203.804: [GC (Allocation Failure) 2020-08-01T08:00:19.826+0800: 12431203.804: [ParNew: 737280K->71798K(737280K), 0.0847668 secs] 4416945K->3783913K(6209536K), 0.0849424 secs] [Times: user=0.56 sys=0.00, real=0.09 secs] 
2020-08-01T08:00:48.239+0800: 12431232.217: [GC (Allocation Failure) 2020-08-01T08:00:48.239+0800: 12431232.217: [ParNew: 727158K->81920K(737280K), 0.0939994 secs] 4439273K->3825361K(6209536K), 0.0941968 secs] [Times: user=0.59 sys=0.00, real=0.09 secs] 
2020-08-01T08:01:32.422+0800: 12431276.400: [GC (Allocation Failure) 2020-08-01T08:01:32.422+0800: 12431276.400: [ParNew: 737280K->78645K(737280K), 0.0899925 secs] 4480721K->3847585K(6209536K), 0.0901995 secs] [Times: user=0.56 sys=0.00, real=0.09 secs] 
2020-08-01T08:02:22.150+0800: 12431326.127: [GC (Allocation Failure) 2020-08-01T08:02:22.150+0800: 12431326.128: [ParNew: 734005K->71181K(737280K), 0.0787270 secs] 4502945K->3869297K(6209536K), 0.0789412 secs] [Times: user=0.51 sys=0.00, real=0.08 secs] 
2020-08-01T08:03:06.662+0800: 12431370.640: [GC (Allocation Failure) 2020-08-01T08:03:06.663+0800: 12431370.640: [ParNew: 726533K->81919K(737280K), 0.1078215 secs] 4524648K->3915112K(6209536K), 0.1081054 secs] [Times: user=0.51 sys=0.00, real=0.11 secs] 
2020-08-01T08:03:06.781+0800: 12431370.759: [GC (CMS Initial Mark) [1 CMS-initial-mark: 3833192K(5472256K)] 3924876K(6209536K), 0.0075646 secs] [Times: user=0.03 sys=0.00, real=0.01 secs] 
2020-08-01T08:03:06.789+0800: 12431370.767: [CMS-concurrent-mark-start]
2020-08-01T08:03:10.231+0800: 12431374.209: [CMS-concurrent-mark: 3.442/3.442 secs] [Times: user=6.91 sys=0.99, real=3.44 secs] 
2020-08-01T08:03:10.231+0800: 12431374.209: [CMS-concurrent-preclean-start]
2020-08-01T08:03:10.241+0800: 12431374.219: [CMS-concurrent-preclean: 0.010/0.010 secs] [Times: user=0.01 sys=0.01, real=0.01 secs] 
2020-08-01T08:03:10.241+0800: 12431374.219: [CMS-concurrent-abortable-preclean-start]
 CMS: abort preclean due to time 2020-08-01T08:03:15.244+0800: 12431379.221: [CMS-concurrent-abortable-preclean: 4.201/5.002 secs] [Times: user=4.66 sys=1.13, real=5.00 secs] 
2020-08-01T08:03:15.245+0800: 12431379.223: [GC (CMS Final Remark) [YG occupancy: 181488 K (737280 K)]2020-08-01T08:03:15.246+0800: 12431379.223: [Rescan (parallel) , 0.0191825 secs]2020-08-01T08:03:15.265+0800: 12431379.243: [weak refs processing, 0.0013350 secs]2020-08-01T08:03:15.266+0800: 12431379.244: [class unloading, 0.0188938 secs]2020-08-01T08:03:15.285+0800: 12431379.263: [scrub symbol table, 0.0063616 secs]2020-08-01T08:03:15.291+0800: 12431379.269: [scrub string table, 0.0009256 secs][1 CMS-remark: 3833192K(5472256K)] 4014680K(6209536K), 0.0470903 secs] [Times: user=0.14 sys=0.00, real=0.05 secs] 
2020-08-01T08:03:15.293+0800: 12431379.271: [CMS-concurrent-sweep-start]
2020-08-01T08:03:16.960+0800: 12431380.938: [CMS-concurrent-sweep: 1.667/1.667 secs] [Times: user=1.90 sys=0.27, real=1.67 secs] 
2020-08-01T08:03:16.960+0800: 12431380.938: [CMS-concurrent-reset-start]
2020-08-01T08:03:16.981+0800: 12431380.958: [CMS-concurrent-reset: 0.021/0.021 secs] [Times: user=0.02 sys=0.00, real=0.02 secs] 
2020-08-01T08:03:39.249+0800: 12431403.227: [GC (Allocation Failure) 2020-08-01T08:03:39.249+0800: 12431403.227: [ParNew: 737279K->54804K(737280K), 0.0972540 secs] 4364019K->3705766K(6209536K), 0.0975493 secs] [Times: user=0.47 sys=0.00, real=0.10 secs] 
2020-08-01T08:04:13.124+0800: 12431437.102: [GC (Allocation Failure) 2020-08-01T08:04:13.125+0800: 12431437.102: [ParNew: 710164K->71118K(737280K), 0.0822564 secs] 4361126K->3741473K(6209536K), 0.0824605 secs] [Times: user=0.46 sys=0.00, real=0.09 secs] 
2020-08-01T08:04:46.367+0800: 12431470.345: [GC (Allocation Failure) 2020-08-01T08:04:46.367+0800: 12431470.345: [ParNew: 726478K->66942K(737280K), 0.0991854 secs] 4396833K->3757709K(6209536K), 0.0994090 secs] [Times: user=0.48 sys=0.00, real=0.10 secs] 
2020-08-01T08:05:13.933+0800: 12431497.910: [GC (Allocation Failure) 2020-08-01T08:05:13.933+0800: 12431497.911: [ParNew: 722302K->81920K(737280K), 0.0892405 secs] 4413069K->3796912K(6209536K), 0.0894435 secs] [Times: user=0.45 sys=0.00, real=0.09 secs] 
2020-08-01T08:05:45.709+0800: 12431529.687: [GC (Allocation Failure) 2020-08-01T08:05:45.709+0800: 12431529.687: [ParNew: 737280K->81920K(737280K), 0.0988028 secs] 4452272K->3824206K(6209536K), 0.0990480 secs] [Times: user=0.51 sys=0.00, real=0.10 secs] 
2020-08-01T08:06:19.022+0800: 12431563.000: [GC (Allocation Failure) 2020-08-01T08:06:19.022+0800: 12431563.000: [ParNew: 737280K->81920K(737280K), 0.1121290 secs] 4479566K->3857652K(6209536K), 0.1123771 secs] [Times: user=0.65 sys=0.00, real=0.11 secs] 
2020-08-01T08:06:57.648+0800: 12431601.625: [GC (Allocation Failure) 2020-08-01T08:06:57.648+0800: 12431601.626: [ParNew: 737280K->71010K(737280K), 0.1283660 secs] 4513012K->3918063K(6209536K), 0.1285894 secs] [Times: user=0.73 sys=0.00, real=0.12 secs] 
2020-08-01T08:06:57.778+0800: 12431601.756: [GC (CMS Initial Mark) [1 CMS-initial-mark: 3847052K(5472256K)] 3919368K(6209536K), 0.0054807 secs] [Times: user=0.02 sys=0.00, real=0.01 secs] 
2020-08-01T08:06:57.784+0800: 12431601.762: [CMS-concurrent-mark-start]
2020-08-01T08:07:00.253+0800: 12431604.231: [CMS-concurrent-mark: 2.467/2.470 secs] [Times: user=5.30 sys=0.11, real=2.47 secs] 
2020-08-01T08:07:00.253+0800: 12431604.231: [CMS-concurrent-preclean-start]
2020-08-01T08:07:00.263+0800: 12431604.241: [CMS-concurrent-preclean: 0.009/0.009 secs] [Times: user=0.00 sys=0.00, real=0.01 secs] 
2020-08-01T08:07:00.263+0800: 12431604.241: [CMS-concurrent-abortable-preclean-start]
 CMS: abort preclean due to time 2020-08-01T08:07:05.343+0800: 12431609.321: [CMS-concurrent-abortable-preclean: 3.370/5.080 secs] [Times: user=3.72 sys=0.17, real=5.08 secs] 
2020-08-01T08:07:05.344+0800: 12431609.322: [GC (CMS Final Remark) [YG occupancy: 179918 K (737280 K)]2020-08-01T08:07:05.344+0800: 12431609.322: [Rescan (parallel) , 0.0109255 secs]2020-08-01T08:07:05.355+0800: 12431609.333: [weak refs processing, 0.0001384 secs]2020-08-01T08:07:05.356+0800: 12431609.333: [class unloading, 0.0189173 secs]2020-08-01T08:07:05.375+0800: 12431609.352: [scrub symbol table, 0.0063525 secs]2020-08-01T08:07:05.381+0800: 12431609.359: [scrub string table, 0.0009190 secs][1 CMS-remark: 3847052K(5472256K)] 4026970K(6209536K), 0.0374543 secs] [Times: user=0.11 sys=0.00, real=0.04 secs] 
2020-08-01T08:07:05.382+0800: 12431609.360: [CMS-concurrent-sweep-start]
2020-08-01T08:07:06.837+0800: 12431610.814: [CMS-concurrent-sweep: 1.454/1.454 secs] [Times: user=1.59 sys=0.02, real=1.45 secs] 
2020-08-01T08:07:06.837+0800: 12431610.814: [CMS-concurrent-reset-start]
2020-08-01T08:07:06.856+0800: 12431610.834: [CMS-concurrent-reset: 0.020/0.020 secs] [Times: user=0.02 sys=0.00, real=0.02 secs] 
2020-08-01T08:07:36.874+0800: 12431640.851: [GC (Allocation Failure) 2020-08-01T08:07:36.874+0800: 12431640.852: [ParNew: 726370K->81919K(737280K), 0.0531000 secs] 4555119K->3913880K(6209536K), 0.0532919 secs] [Times: user=0.34 sys=0.00, real=0.06 secs] 
2020-08-01T08:07:36.928+0800: 12431640.906: [GC (CMS Initial Mark) [1 CMS-initial-mark: 3831960K(5472256K)] 3924078K(6209536K), 0.0066886 secs] [Times: user=0.04 sys=0.00, real=0.00 secs] 
2020-08-01T08:07:36.935+0800: 12431640.913: [CMS-concurrent-mark-start]
2020-08-01T08:07:39.393+0800: 12431643.371: [CMS-concurrent-mark: 2.453/2.458 secs] [Times: user=5.37 sys=0.14, real=2.46 secs] 
2020-08-01T08:07:39.393+0800: 12431643.371: [CMS-concurrent-preclean-start]
2020-08-01T08:07:39.402+0800: 12431643.380: [CMS-concurrent-preclean: 0.009/0.009 secs] [Times: user=0.01 sys=0.01, real=0.01 secs] 
2020-08-01T08:07:39.402+0800: 12431643.380: [CMS-concurrent-abortable-preclean-start]
 CMS: abort preclean due to time 2020-08-01T08:07:44.534+0800: 12431648.512: [CMS-concurrent-abortable-preclean: 4.329/5.132 secs] [Times: user=5.65 sys=0.89, real=5.13 secs] 
2020-08-01T08:07:44.536+0800: 12431648.514: [GC (CMS Final Remark) [YG occupancy: 438185 K (737280 K)]2020-08-01T08:07:44.536+0800: 12431648.514: [Rescan (parallel) , 0.0437753 secs]2020-08-01T08:07:44.580+0800: 12431648.557: [weak refs processing, 0.0000496 secs]2020-08-01T08:07:44.580+0800: 12431648.558: [class unloading, 0.0179903 secs]2020-08-01T08:07:44.598+0800: 12431648.576: [scrub symbol table, 0.0064893 secs]2020-08-01T08:07:44.604+0800: 12431648.582: [scrub string table, 0.0009067 secs][1 CMS-remark: 3831960K(5472256K)] 4270145K(6209536K), 0.0693941 secs] [Times: user=0.34 sys=0.00, real=0.07 secs] 
2020-08-01T08:07:44.605+0800: 12431648.583: [CMS-concurrent-sweep-start]
2020-08-01T08:07:46.266+0800: 12431650.244: [CMS-concurrent-sweep: 1.658/1.661 secs] [Times: user=2.37 sys=0.34, real=1.67 secs] 
2020-08-01T08:07:46.267+0800: 12431650.244: [CMS-concurrent-reset-start]
2020-08-01T08:07:46.287+0800: 12431650.264: [CMS-concurrent-reset: 0.020/0.020 secs] [Times: user=0.02 sys=0.01, real=0.02 secs] 
2020-08-01T08:07:48.287+0800: 12431652.265: [GC (CMS Initial Mark) [1 CMS-initial-mark: 3831521K(5472256K)] 4457776K(6209536K), 0.0338896 secs] [Times: user=0.24 sys=0.00, real=0.03 secs] 
2020-08-01T08:07:48.321+0800: 12431652.299: [CMS-concurrent-mark-start]
2020-08-01T08:07:50.466+0800: 12431654.444: [GC (Allocation Failure) 2020-08-01T08:07:50.467+0800: 12431654.444: [ParNew: 737279K->81920K(737280K), 0.0971387 secs] 4568801K->3951256K(6209536K), 0.0973411 secs] [Times: user=0.61 sys=0.00, real=0.10 secs] 
2020-08-01T08:07:51.133+0800: 12431655.111: [CMS-concurrent-mark: 2.713/2.812 secs] [Times: user=6.87 sys=0.40, real=2.81 secs] 
2020-08-01T08:07:51.133+0800: 12431655.111: [CMS-concurrent-preclean-start]
2020-08-01T08:07:51.175+0800: 12431655.153: [CMS-concurrent-preclean: 0.041/0.042 secs] [Times: user=0.05 sys=0.01, real=0.04 secs] 
2020-08-01T08:07:51.175+0800: 12431655.153: [CMS-concurrent-abortable-preclean-start]
 CMS: abort preclean due to time 2020-08-01T08:07:56.445+0800: 12431660.423: [CMS-concurrent-abortable-preclean: 4.067/5.270 secs] [Times: user=4.82 sys=0.53, real=5.27 secs] 
2020-08-01T08:07:56.447+0800: 12431660.425: [GC (CMS Final Remark) [YG occupancy: 279751 K (737280 K)]2020-08-01T08:07:56.447+0800: 12431660.425: [Rescan (parallel) , 0.0251790 secs]2020-08-01T08:07:56.472+0800: 12431660.450: [weak refs processing, 0.0000399 secs]2020-08-01T08:07:56.472+0800: 12431660.450: [class unloading, 0.0193611 secs]2020-08-01T08:07:56.492+0800: 12431660.469: [scrub symbol table, 0.0070640 secs]2020-08-01T08:07:56.499+0800: 12431660.476: [scrub string table, 0.0009380 secs][1 CMS-remark: 3869336K(5472256K)] 4149087K(6209536K), 0.0527693 secs] [Times: user=0.20 sys=0.00, real=0.05 secs] 
2020-08-01T08:07:56.500+0800: 12431660.478: [CMS-concurrent-sweep-start]
2020-08-01T08:07:57.959+0800: 12431661.937: [CMS-concurrent-sweep: 1.459/1.459 secs] [Times: user=1.72 sys=0.18, real=1.46 secs] 
2020-08-01T08:07:57.959+0800: 12431661.937: [CMS-concurrent-reset-start]
2020-08-01T08:07:57.978+0800: 12431661.955: [CMS-concurrent-reset: 0.019/0.019 secs] [Times: user=0.02 sys=0.01, real=0.01 secs] 
2020-08-01T08:07:59.978+0800: 12431663.956: [GC (CMS Initial Mark) [1 CMS-initial-mark: 3866443K(5472256K)] 4247170K(6209536K), 0.0235350 secs] [Times: user=0.15 sys=0.01, real=0.03 secs] 
2020-08-01T08:08:00.002+0800: 12431663.980: [CMS-concurrent-mark-start]
2020-08-01T08:08:03.725+0800: 12431667.703: [CMS-concurrent-mark: 3.723/3.723 secs] [Times: user=8.11 sys=0.37, real=3.72 secs] 
2020-08-01T08:08:03.725+0800: 12431667.703: [CMS-concurrent-preclean-start]
2020-08-01T08:08:03.733+0800: 12431667.711: [CMS-concurrent-preclean: 0.008/0.008 secs] [Times: user=0.01 sys=0.00, real=0.01 secs] 
2020-08-01T08:08:03.733+0800: 12431667.711: [CMS-concurrent-abortable-preclean-start]
 CMS: abort preclean due to time 2020-08-01T08:08:08.908+0800: 12431672.886: [CMS-concurrent-abortable-preclean: 4.474/5.175 secs] [Times: user=5.37 sys=0.81, real=5.18 secs] 
2020-08-01T08:08:08.910+0800: 12431672.888: [GC (CMS Final Remark) [YG occupancy: 711403 K (737280 K)]2020-08-01T08:08:08.910+0800: 12431672.888: [Rescan (parallel) , 0.0527677 secs]2020-08-01T08:08:08.963+0800: 12431672.941: [weak refs processing, 0.0000553 secs]2020-08-01T08:08:08.963+0800: 12431672.941: [class unloading, 0.0182170 secs]2020-08-01T08:08:08.981+0800: 12431672.959: [scrub symbol table, 0.0068241 secs]2020-08-01T08:08:08.988+0800: 12431672.966: [scrub string table, 0.0009041 secs][1 CMS-remark: 3866443K(5472256K)] 4577847K(6209536K), 0.0790633 secs] [Times: user=0.35 sys=0.00, real=0.08 secs] 
2020-08-01T08:08:08.989+0800: 12431672.967: [CMS-concurrent-sweep-start]
2020-08-01T08:08:09.716+0800: 12431673.694: [GC (Allocation Failure) 2020-08-01T08:08:09.716+0800: 12431673.694: [ParNew: 737280K->81920K(737280K), 0.1078795 secs] 4602877K->3982720K(6209536K), 0.1080746 secs] [Times: user=0.73 sys=0.00, real=0.11 secs] 
2020-08-01T08:08:10.727+0800: 12431674.705: [CMS-concurrent-sweep: 1.628/1.738 secs] [Times: user=2.88 sys=0.37, real=1.74 secs] 
2020-08-01T08:08:10.727+0800: 12431674.705: [CMS-concurrent-reset-start]
2020-08-01T08:08:10.747+0800: 12431674.725: [CMS-concurrent-reset: 0.019/0.019 secs] [Times: user=0.03 sys=0.01, real=0.02 secs] 
2020-08-01T08:08:12.747+0800: 12431676.725: [GC (CMS Initial Mark) [1 CMS-initial-mark: 3900147K(5472256K)] 4139755K(6209536K), 0.0178360 secs] [Times: user=0.10 sys=0.00, real=0.01 secs] 
2020-08-01T08:08:12.765+0800: 12431676.743: [CMS-concurrent-mark-start]
2020-08-01T08:08:15.398+0800: 12431679.376: [CMS-concurrent-mark: 2.632/2.632 secs] [Times: user=6.02 sys=0.33, real=2.63 secs] 
2020-08-01T08:08:15.398+0800: 12431679.376: [CMS-concurrent-preclean-start]
2020-08-01T08:08:15.406+0800: 12431679.383: [CMS-concurrent-preclean: 0.008/0.008 secs] [Times: user=0.01 sys=0.00, real=0.01 secs] 
2020-08-01T08:08:15.406+0800: 12431679.383: [CMS-concurrent-abortable-preclean-start]
 CMS: abort preclean due to time 2020-08-01T08:08:20.548+0800: 12431684.526: [CMS-concurrent-abortable-preclean: 4.442/5.142 secs] [Times: user=5.70 sys=0.90, real=5.15 secs] 
2020-08-01T08:08:20.550+0800: 12431684.527: [GC (CMS Final Remark) [YG occupancy: 687524 K (737280 K)]2020-08-01T08:08:20.550+0800: 12431684.527: [Rescan (parallel) , 0.0420167 secs]2020-08-01T08:08:20.592+0800: 12431684.570: [weak refs processing, 0.0000372 secs]2020-08-01T08:08:20.592+0800: 12431684.570: [class unloading, 0.0177065 secs]2020-08-01T08:08:20.609+0800: 12431684.587: [scrub symbol table, 0.0067482 secs]2020-08-01T08:08:20.616+0800: 12431684.594: [scrub string table, 0.0009333 secs][1 CMS-remark: 3900147K(5472256K)] 4587672K(6209536K), 0.0676272 secs] [Times: user=0.33 sys=0.00, real=0.06 secs] 
2020-08-01T08:08:20.617+0800: 12431684.595: [CMS-concurrent-sweep-start]
2020-08-01T08:08:21.944+0800: 12431685.922: [GC (Allocation Failure) 2020-08-01T08:08:21.944+0800: 12431685.922: [ParNew: 737280K->81920K(737280K), 0.1055270 secs] 4636224K->4017479K(6209536K), 0.1057001 secs] [Times: user=0.71 sys=0.00, real=0.11 secs] 
2020-08-01T08:08:22.151+0800: 12431686.128: [CMS-concurrent-sweep: 1.426/1.533 secs] [Times: user=2.43 sys=0.17, real=1.54 secs] 
2020-08-01T08:08:22.151+0800: 12431686.129: [CMS-concurrent-reset-start]
2020-08-01T08:08:22.170+0800: 12431686.148: [CMS-concurrent-reset: 0.019/0.019 secs] [Times: user=0.02 sys=0.01, real=0.02 secs] 
2020-08-01T08:08:24.171+0800: 12431688.149: [GC (CMS Initial Mark) [1 CMS-initial-mark: 3935544K(5472256K)] 4173392K(6209536K), 0.0196282 secs] [Times: user=0.10 sys=0.00, real=0.02 secs] 
2020-08-01T08:08:24.191+0800: 12431688.168: [CMS-concurrent-mark-start]
2020-08-01T08:08:26.834+0800: 12431690.812: [CMS-concurrent-mark: 2.643/2.643 secs] [Times: user=6.00 sys=0.38, real=2.64 secs] 
2020-08-01T08:08:26.834+0800: 12431690.812: [CMS-concurrent-preclean-start]
2020-08-01T08:08:26.843+0800: 12431690.821: [CMS-concurrent-preclean: 0.009/0.009 secs] [Times: user=0.01 sys=0.00, real=0.01 secs] 
2020-08-01T08:08:26.843+0800: 12431690.821: [CMS-concurrent-abortable-preclean-start]
 CMS: abort preclean due to time 2020-08-01T08:08:32.240+0800: 12431696.218: [CMS-concurrent-abortable-preclean: 4.493/5.397 secs] [Times: user=5.40 sys=0.53, real=5.40 secs] 
2020-08-01T08:08:32.242+0800: 12431696.219: [GC (CMS Final Remark) [YG occupancy: 538224 K (737280 K)]2020-08-01T08:08:32.242+0800: 12431696.219: [Rescan (parallel) , 0.0344671 secs]2020-08-01T08:08:32.276+0800: 12431696.254: [weak refs processing, 0.0000395 secs]2020-08-01T08:08:32.276+0800: 12431696.254: [class unloading, 0.0173830 secs]2020-08-01T08:08:32.294+0800: 12431696.271: [scrub symbol table, 0.0062110 secs]2020-08-01T08:08:32.300+0800: 12431696.278: [scrub string table, 0.0008645 secs][1 CMS-remark: 3935544K(5472256K)] 4473769K(6209536K), 0.0591303 secs] [Times: user=0.29 sys=0.00, real=0.06 secs] 
2020-08-01T08:08:32.301+0800: 12431696.279: [CMS-concurrent-sweep-start]
2020-08-01T08:08:33.757+0800: 12431697.735: [CMS-concurrent-sweep: 1.456/1.456 secs] [Times: user=1.71 sys=0.15, real=1.45 secs] 
2020-08-01T08:08:33.757+0800: 12431697.735: [CMS-concurrent-reset-start]
2020-08-01T08:08:33.778+0800: 12431697.755: [CMS-concurrent-reset: 0.021/0.021 secs] [Times: user=0.03 sys=0.00, real=0.02 secs] 
2020-08-01T08:08:35.597+0800: 12431699.575: [GC (Allocation Failure) 2020-08-01T08:08:35.597+0800: 12431699.575: [ParNew: 737280K->81920K(737280K), 0.1185018 secs] 4671701K->4062896K(6209536K), 0.1187145 secs] [Times: user=0.71 sys=0.00, real=0.12 secs] 
2020-08-01T08:08:35.721+0800: 12431699.699: [GC (CMS Initial Mark) [1 CMS-initial-mark: 3980976K(5472256K)] 4075103K(6209536K), 0.0132918 secs] [Times: user=0.04 sys=0.00, real=0.01 secs] 
2020-08-01T08:08:35.734+0800: 12431699.712: [CMS-concurrent-mark-start]
2020-08-01T08:08:38.369+0800: 12431702.347: [CMS-concurrent-mark: 2.634/2.634 secs] [Times: user=5.71 sys=0.18, real=2.64 secs] 
2020-08-01T08:08:38.369+0800: 12431702.347: [CMS-concurrent-preclean-start]
2020-08-01T08:08:38.378+0800: 12431702.356: [CMS-concurrent-preclean: 0.009/0.009 secs] [Times: user=0.00 sys=0.00, real=0.00 secs] 
2020-08-01T08:08:38.378+0800: 12431702.356: [CMS-concurrent-abortable-preclean-start]
 CMS: abort preclean due to time 2020-08-01T08:08:43.651+0800: 12431707.629: [CMS-concurrent-abortable-preclean: 4.372/5.273 secs] [Times: user=5.27 sys=0.82, real=5.28 secs] 
2020-08-01T08:08:43.653+0800: 12431707.631: [GC (CMS Final Remark) [YG occupancy: 326452 K (737280 K)]2020-08-01T08:08:43.653+0800: 12431707.631: [Rescan (parallel) , 0.0245609 secs]2020-08-01T08:08:43.678+0800: 12431707.655: [weak refs processing, 0.0000413 secs]2020-08-01T08:08:43.678+0800: 12431707.656: [class unloading, 0.0169103 secs]2020-08-01T08:08:43.695+0800: 12431707.672: [scrub symbol table, 0.0062055 secs]2020-08-01T08:08:43.701+0800: 12431707.679: [scrub string table, 0.0009294 secs][1 CMS-remark: 3980976K(5472256K)] 4307428K(6209536K), 0.0488150 secs] [Times: user=0.21 sys=0.00, real=0.05 secs] 
2020-08-01T08:08:43.702+0800: 12431707.680: [CMS-concurrent-sweep-start]
2020-08-01T08:08:45.182+0800: 12431709.160: [CMS-concurrent-sweep: 1.480/1.480 secs] [Times: user=1.77 sys=0.20, real=1.48 secs] 
2020-08-01T08:08:45.182+0800: 12431709.160: [CMS-concurrent-reset-start]
2020-08-01T08:08:45.203+0800: 12431709.181: [CMS-concurrent-reset: 0.021/0.021 secs] [Times: user=0.02 sys=0.01, real=0.02 secs] 
2020-08-01T08:08:47.204+0800: 12431711.182: [GC (CMS Initial Mark) [1 CMS-initial-mark: 3980416K(5472256K)] 4409477K(6209536K), 0.0264948 secs] [Times: user=0.19 sys=0.00, real=0.03 secs] 
2020-08-01T08:08:47.231+0800: 12431711.208: [CMS-concurrent-mark-start]
2020-08-01T08:08:49.707+0800: 12431713.685: [CMS-concurrent-mark: 2.477/2.477 secs] [Times: user=5.47 sys=0.21, real=2.48 secs] 
2020-08-01T08:08:49.708+0800: 12431713.685: [CMS-concurrent-preclean-start]
2020-08-01T08:08:49.716+0800: 12431713.694: [CMS-concurrent-preclean: 0.009/0.009 secs] [Times: user=0.01 sys=0.00, real=0.00 secs] 
2020-08-01T08:08:49.716+0800: 12431713.694: [CMS-concurrent-abortable-preclean-start]
 CMS: abort preclean due to time 2020-08-01T08:08:54.898+0800: 12431718.876: [CMS-concurrent-abortable-preclean: 3.980/5.182 secs] [Times: user=4.94 sys=0.85, real=5.18 secs] 
2020-08-01T08:08:54.899+0800: 12431718.877: [GC (CMS Final Remark) [YG occupancy: 736737 K (737280 K)]2020-08-01T08:08:54.899+0800: 12431718.877: [Rescan (parallel) , 0.0512782 secs]2020-08-01T08:08:54.951+0800: 12431718.929: [weak refs processing, 0.0000365 secs]2020-08-01T08:08:54.951+0800: 12431718.929: [class unloading, 0.0175726 secs]2020-08-01T08:08:54.968+0800: 12431718.946: [scrub symbol table, 0.0062898 secs]2020-08-01T08:08:54.975+0800: 12431718.953: [scrub string table, 0.0008745 secs][1 CMS-remark: 3980416K(5472256K)] 4717154K(6209536K), 0.0762157 secs] [Times: user=0.37 sys=0.00, real=0.07 secs] 
2020-08-01T08:08:54.976+0800: 12431718.954: [CMS-concurrent-sweep-start]
2020-08-01T08:08:55.234+0800: 12431719.212: [GC (Allocation Failure) 2020-08-01T08:08:55.234+0800: 12431719.212: [ParNew: 737280K->73438K(737280K), 0.1255713 secs] 4717660K->4126106K(6209536K), 0.1257477 secs] [Times: user=0.84 sys=0.00, real=0.13 secs] 
2020-08-01T08:08:56.628+0800: 12431720.606: [CMS-concurrent-sweep: 1.524/1.652 secs] [Times: user=2.61 sys=0.27, real=1.66 secs] 
2020-08-01T08:08:56.628+0800: 12431720.606: [CMS-concurrent-reset-start]
2020-08-01T08:08:56.648+0800: 12431720.625: [CMS-concurrent-reset: 0.019/0.019 secs] [Times: user=0.02 sys=0.00, real=0.02 secs] 
2020-08-01T08:08:58.648+0800: 12431722.626: [GC (CMS Initial Mark) [1 CMS-initial-mark: 4052106K(5472256K)] 4250962K(6209536K), 0.0112817 secs] [Times: user=0.08 sys=0.00, real=0.01 secs] 
2020-08-01T08:08:58.660+0800: 12431722.637: [CMS-concurrent-mark-start]
2020-08-01T08:09:01.260+0800: 12431725.238: [CMS-concurrent-mark: 2.600/2.600 secs] [Times: user=5.86 sys=0.40, real=2.60 secs] 
2020-08-01T08:09:01.260+0800: 12431725.238: [CMS-concurrent-preclean-start]
2020-08-01T08:09:01.269+0800: 12431725.247: [CMS-concurrent-preclean: 0.009/0.009 secs] [Times: user=0.02 sys=0.00, real=0.01 secs] 
2020-08-01T08:09:01.269+0800: 12431725.247: [CMS-concurrent-abortable-preclean-start]
 CMS: abort preclean due to time 2020-08-01T08:09:06.333+0800: 12431730.311: [CMS-concurrent-abortable-preclean: 4.463/5.064 secs] [Times: user=2.46 sys=0.48, real=5.06 secs] 
2020-08-01T08:09:06.334+0800: 12431730.312: [GC (CMS Final Remark) [YG occupancy: 439960 K (737280 K)]2020-08-01T08:09:06.334+0800: 12431730.312: [Rescan (parallel) , 0.0305078 secs]2020-08-01T08:09:06.365+0800: 12431730.343: [weak refs processing, 0.0000685 secs]2020-08-01T08:09:06.365+0800: 12431730.343: [class unloading, 0.0201535 secs]2020-08-01T08:09:06.385+0800: 12431730.363: [scrub symbol table, 0.0066698 secs]2020-08-01T08:09:06.392+0800: 12431730.370: [scrub string table, 0.0009258 secs][1 CMS-remark: 4052106K(5472256K)] 4492066K(6209536K), 0.0585250 secs] [Times: user=0.24 sys=0.00, real=0.06 secs] 
2020-08-01T08:09:06.393+0800: 12431730.371: [CMS-concurrent-sweep-start]
2020-08-01T08:09:07.873+0800: 12431731.851: [CMS-concurrent-sweep: 1.480/1.480 secs] [Times: user=1.77 sys=0.26, real=1.48 secs] 
2020-08-01T08:09:07.873+0800: 12431731.851: [CMS-concurrent-reset-start]
2020-08-01T08:09:07.892+0800: 12431731.870: [CMS-concurrent-reset: 0.019/0.019 secs] [Times: user=0.02 sys=0.00, real=0.02 secs] 
2020-08-01T08:09:09.893+0800: 12431733.870: [GC (CMS Initial Mark) [1 CMS-initial-mark: 4051809K(5472256K)] 4614817K(6209536K), 0.0374673 secs] [Times: user=0.22 sys=0.00, real=0.04 secs] 
2020-08-01T08:09:09.930+0800: 12431733.908: [CMS-concurrent-mark-start]
2020-08-01T08:09:12.776+0800: 12431736.754: [CMS-concurrent-mark: 2.846/2.846 secs] [Times: user=6.38 sys=0.42, real=2.84 secs] 
2020-08-01T08:09:12.776+0800: 12431736.754: [CMS-concurrent-preclean-start]
2020-08-01T08:09:12.784+0800: 12431736.762: [CMS-concurrent-preclean: 0.008/0.008 secs] [Times: user=0.00 sys=0.00, real=0.01 secs] 
2020-08-01T08:09:12.784+0800: 12431736.762: [CMS-concurrent-abortable-preclean-start]
2020-08-01T08:09:14.210+0800: 12431738.187: [GC (Allocation Failure) 2020-08-01T08:09:14.210+0800: 12431738.188: [ParNew2020-08-01T08:09:14.221+0800: 12431738.199: [CMS-concurrent-abortable-preclean: 0.936/1.436 secs] [Times: user=1.37 sys=0.26, real=1.44 secs] 
: 728798K->71558K(737280K), 0.1020321 secs] 4780607K->4167296K(6209536K), 0.1022162 secs] [Times: user=0.63 sys=0.00, real=0.10 secs] 
2020-08-01T08:09:14.313+0800: 12431738.291: [GC (CMS Final Remark) [YG occupancy: 83244 K (737280 K)]2020-08-01T08:09:14.313+0800: 12431738.291: [Rescan (parallel) , 0.0214380 secs]2020-08-01T08:09:14.335+0800: 12431738.313: [weak refs processing, 0.0000376 secs]2020-08-01T08:09:14.335+0800: 12431738.313: [class unloading, 0.0190955 secs]2020-08-01T08:09:14.354+0800: 12431738.332: [scrub symbol table, 0.0063804 secs]2020-08-01T08:09:14.361+0800: 12431738.338: [scrub string table, 0.0009231 secs][1 CMS-remark: 4095738K(5472256K)] 4178983K(6209536K), 0.0480456 secs] [Times: user=0.17 sys=0.00, real=0.05 secs] 
2020-08-01T08:09:14.362+0800: 12431738.340: [CMS-concurrent-sweep-start]
2020-08-01T08:09:15.962+0800: 12431739.939: [CMS-concurrent-sweep: 1.600/1.600 secs] [Times: user=1.90 sys=0.28, real=1.60 secs] 
2020-08-01T08:09:15.962+0800: 12431739.940: [CMS-concurrent-reset-start]
2020-08-01T08:09:15.981+0800: 12431739.959: [CMS-concurrent-reset: 0.019/0.019 secs] [Times: user=0.03 sys=0.00, real=0.02 secs] 
2020-08-01T08:09:17.982+0800: 12431741.960: [GC (CMS Initial Mark) [1 CMS-initial-mark: 4095704K(5472256K)] 4326899K(6209536K), 0.0183619 secs] [Times: user=0.09 sys=0.00, real=0.02 secs] 
2020-08-01T08:09:18.000+0800: 12431741.978: [CMS-concurrent-mark-start]
2020-08-01T08:09:20.675+0800: 12431744.653: [CMS-concurrent-mark: 2.675/2.675 secs] [Times: user=5.87 sys=0.31, real=2.67 secs] 
2020-08-01T08:09:20.675+0800: 12431744.653: [CMS-concurrent-preclean-start]
2020-08-01T08:09:20.683+0800: 12431744.661: [CMS-concurrent-preclean: 0.008/0.008 secs] [Times: user=0.01 sys=0.00, real=0.01 secs] 
2020-08-01T08:09:20.683+0800: 12431744.661: [CMS-concurrent-abortable-preclean-start]
 CMS: abort preclean due to time 2020-08-01T08:09:25.729+0800: 12431749.706: [CMS-concurrent-abortable-preclean: 3.344/5.045 secs] [Times: user=4.14 sys=0.96, real=5.05 secs] 
2020-08-01T08:09:25.730+0800: 12431749.708: [GC (CMS Final Remark) [YG occupancy: 584867 K (737280 K)]2020-08-01T08:09:25.730+0800: 12431749.708: [Rescan (parallel) , 0.0435073 secs]2020-08-01T08:09:25.774+0800: 12431749.752: [weak refs processing, 0.0000600 secs]2020-08-01T08:09:25.774+0800: 12431749.752: [class unloading, 0.0171058 secs]2020-08-01T08:09:25.791+0800: 12431749.769: [scrub symbol table, 0.0061725 secs]2020-08-01T08:09:25.797+0800: 12431749.775: [scrub string table, 0.0008716 secs][1 CMS-remark: 4095704K(5472256K)] 4680572K(6209536K), 0.0679002 secs] [Times: user=0.25 sys=0.01, real=0.06 secs] 
2020-08-01T08:09:25.799+0800: 12431749.776: [CMS-concurrent-sweep-start]
2020-08-01T08:09:27.363+0800: 12431751.341: [CMS-concurrent-sweep: 1.565/1.565 secs] [Times: user=1.91 sys=0.32, real=1.56 secs] 
2020-08-01T08:09:27.364+0800: 12431751.341: [CMS-concurrent-reset-start]
2020-08-01T08:09:27.383+0800: 12431751.361: [CMS-concurrent-reset: 0.019/0.019 secs] [Times: user=0.04 sys=0.00, real=0.02 secs] 
2020-08-01T08:09:28.248+0800: 12431752.226: [GC (Allocation Failure) 2020-08-01T08:09:28.248+0800: 12431752.226: [ParNew: 726918K->51636K(737280K), 0.0836731 secs] 4822468K->4189842K(6209536K), 0.0838614 secs] [Times: user=0.57 sys=0.00, real=0.08 secs] 
2020-08-01T08:09:28.334+0800: 12431752.311: [GC (CMS Initial Mark) [1 CMS-initial-mark: 4138206K(5472256K)] 4189853K(6209536K), 0.0062117 secs] [Times: user=0.02 sys=0.00, real=0.01 secs] 
2020-08-01T08:09:28.340+0800: 12431752.318: [CMS-concurrent-mark-start]
2020-08-01T08:09:31.030+0800: 12431755.008: [CMS-concurrent-mark: 2.681/2.690 secs] [Times: user=5.88 sys=0.46, real=2.69 secs] 
2020-08-01T08:09:31.030+0800: 12431755.008: [CMS-concurrent-preclean-start]
2020-08-01T08:09:31.039+0800: 12431755.017: [CMS-concurrent-preclean: 0.009/0.009 secs] [Times: user=0.01 sys=0.00, real=0.01 secs] 
2020-08-01T08:09:31.039+0800: 12431755.017: [CMS-concurrent-abortable-preclean-start]
 CMS: abort preclean due to time 2020-08-01T08:09:36.151+0800: 12431760.129: [CMS-concurrent-abortable-preclean: 3.308/5.111 secs] [Times: user=3.91 sys=0.82, real=5.11 secs] 
2020-08-01T08:09:36.152+0800: 12431760.130: [GC (CMS Final Remark) [YG occupancy: 283267 K (737280 K)]2020-08-01T08:09:36.152+0800: 12431760.130: [Rescan (parallel) , 0.0185932 secs]2020-08-01T08:09:36.171+0800: 12431760.149: [weak refs processing, 0.0000611 secs]2020-08-01T08:09:36.171+0800: 12431760.149: [class unloading, 0.0182764 secs]2020-08-01T08:09:36.189+0800: 12431760.167: [scrub symbol table, 0.0069590 secs]2020-08-01T08:09:36.196+0800: 12431760.174: [scrub string table, 0.0009587 secs][1 CMS-remark: 4138206K(5472256K)] 4421473K(6209536K), 0.0450372 secs] [Times: user=0.17 sys=0.00, real=0.04 secs] 
2020-08-01T08:09:36.198+0800: 12431760.176: [CMS-concurrent-sweep-start]
2020-08-01T08:09:37.816+0800: 12431761.794: [CMS-concurrent-sweep: 1.619/1.619 secs] [Times: user=1.91 sys=0.23, real=1.62 secs] 
2020-08-01T08:09:37.816+0800: 12431761.794: [CMS-concurrent-reset-start]
2020-08-01T08:09:37.836+0800: 12431761.814: [CMS-concurrent-reset: 0.020/0.020 secs] [Times: user=0.02 sys=0.00, real=0.02 secs] 
2020-08-01T08:09:39.837+0800: 12431763.815: [GC (CMS Initial Mark) [1 CMS-initial-mark: 4137663K(5472256K)] 4487808K(6209536K), 0.0204929 secs] [Times: user=0.15 sys=0.00, real=0.02 secs] 
2020-08-01T08:09:39.857+0800: 12431763.835: [CMS-concurrent-mark-start]
2020-08-01T08:09:43.821+0800: 12431767.798: [CMS-concurrent-mark: 3.963/3.963 secs] [Times: user=8.45 sys=0.24, real=3.97 secs] 
2020-08-01T08:09:43.821+0800: 12431767.799: [CMS-concurrent-preclean-start]
2020-08-01T08:09:43.829+0800: 12431767.807: [CMS-concurrent-preclean: 0.008/0.008 secs] [Times: user=0.01 sys=0.00, real=0.01 secs] 
2020-08-01T08:09:43.829+0800: 12431767.807: [CMS-concurrent-abortable-preclean-start]
 CMS: abort preclean due to time 2020-08-01T08:09:48.838+0800: 12431772.815: [CMS-concurrent-abortable-preclean: 3.107/5.009 secs] [Times: user=3.70 sys=0.40, real=5.00 secs] 
2020-08-01T08:09:48.839+0800: 12431772.817: [GC (CMS Final Remark) [YG occupancy: 535648 K (737280 K)]2020-08-01T08:09:48.839+0800: 12431772.817: [Rescan (parallel) , 0.0359065 secs]2020-08-01T08:09:48.875+0800: 12431772.853: [weak refs processing, 0.0000367 secs]2020-08-01T08:09:48.875+0800: 12431772.853: [class unloading, 0.0173721 secs]2020-08-01T08:09:48.893+0800: 12431772.870: [scrub symbol table, 0.0060857 secs]2020-08-01T08:09:48.899+0800: 12431772.877: [scrub string table, 0.0009181 secs][1 CMS-remark: 4137663K(5472256K)] 4673312K(6209536K), 0.0604918 secs] [Times: user=0.30 sys=0.00, real=0.06 secs] 
2020-08-01T08:09:48.900+0800: 12431772.878: [CMS-concurrent-sweep-start]
2020-08-01T08:09:50.410+0800: 12431774.388: [CMS-concurrent-sweep: 1.510/1.510 secs] [Times: user=1.65 sys=0.03, real=1.51 secs] 
2020-08-01T08:09:50.410+0800: 12431774.388: [CMS-concurrent-reset-start]
2020-08-01T08:09:50.429+0800: 12431774.407: [CMS-concurrent-reset: 0.019/0.019 secs] [Times: user=0.02 sys=0.00, real=0.02 secs] 
2020-08-01T08:09:52.430+0800: 12431776.408: [GC (CMS Initial Mark) [1 CMS-initial-mark: 4137520K(5472256K)] 4711643K(6209536K), 0.0328033 secs] [Times: user=0.24 sys=0.00, real=0.03 secs] 
2020-08-01T08:09:52.463+0800: 12431776.441: [CMS-concurrent-mark-start]
2020-08-01T08:09:56.427+0800: 12431780.405: [CMS-concurrent-mark: 3.964/3.964 secs] [Times: user=8.27 sys=0.13, real=3.97 secs] 
2020-08-01T08:09:56.427+0800: 12431780.405: [CMS-concurrent-preclean-start]
2020-08-01T08:09:56.435+0800: 12431780.412: [CMS-concurrent-preclean: 0.008/0.008 secs] [Times: user=0.01 sys=0.00, real=0.00 secs] 
2020-08-01T08:09:56.435+0800: 12431780.412: [CMS-concurrent-abortable-preclean-start]
 CMS: abort preclean due to time 2020-08-01T08:10:01.491+0800: 12431785.469: [CMS-concurrent-abortable-preclean: 3.155/5.056 secs] [Times: user=3.46 sys=0.42, real=5.06 secs] 
2020-08-01T08:10:01.493+0800: 12431785.471: [GC (CMS Final Remark) [YG occupancy: 645724 K (737280 K)]2020-08-01T08:10:01.493+0800: 12431785.471: [Rescan (parallel) , 0.0395226 secs]2020-08-01T08:10:01.532+0800: 12431785.510: [weak refs processing, 0.0000397 secs]2020-08-01T08:10:01.532+0800: 12431785.510: [class unloading, 0.0175759 secs]2020-08-01T08:10:01.550+0800: 12431785.528: [scrub symbol table, 0.0062833 secs]2020-08-01T08:10:01.556+0800: 12431785.534: [scrub string table, 0.0008811 secs][1 CMS-remark: 4137520K(5472256K)] 4783244K(6209536K), 0.0644623 secs] [Times: user=0.33 sys=0.00, real=0.06 secs] 
2020-08-01T08:10:01.558+0800: 12431785.535: [CMS-concurrent-sweep-start]
2020-08-01T08:10:03.065+0800: 12431787.043: [CMS-concurrent-sweep: 1.508/1.508 secs] [Times: user=1.77 sys=0.16, real=1.51 secs] 
2020-08-01T08:10:03.065+0800: 12431787.043: [CMS-concurrent-reset-start]
2020-08-01T08:10:03.084+0800: 12431787.062: [CMS-concurrent-reset: 0.019/0.019 secs] [Times: user=0.02 sys=0.00, real=0.02 secs] 
2020-08-01T08:10:03.459+0800: 12431787.437: [GC (Allocation Failure) 2020-08-01T08:10:03.459+0800: 12431787.437: [ParNew: 706996K->81920K(737280K), 0.0634311 secs] 4844512K->4220341K(6209536K), 0.0636041 secs] [Times: user=0.48 sys=0.00, real=0.06 secs] 
2020-08-01T08:10:03.524+0800: 12431787.502: [GC (CMS Initial Mark) [1 CMS-initial-mark: 4138421K(5472256K)] 4220543K(6209536K), 0.0075593 secs] [Times: user=0.05 sys=0.00, real=0.01 secs] 
2020-08-01T08:10:03.532+0800: 12431787.510: [CMS-concurrent-mark-start]
2020-08-01T08:10:07.561+0800: 12431791.539: [CMS-concurrent-mark: 4.025/4.029 secs] [Times: user=8.58 sys=0.46, real=4.03 secs] 
2020-08-01T08:10:07.561+0800: 12431791.539: [CMS-concurrent-preclean-start]
2020-08-01T08:10:07.569+0800: 12431791.547: [CMS-concurrent-preclean: 0.008/0.008 secs] [Times: user=0.01 sys=0.00, real=0.01 secs] 
2020-08-01T08:10:07.569+0800: 12431791.547: [CMS-concurrent-abortable-preclean-start]
 CMS: abort preclean due to time 2020-08-01T08:10:12.592+0800: 12431796.570: [CMS-concurrent-abortable-preclean: 4.322/5.023 secs] [Times: user=5.04 sys=0.76, real=5.02 secs] 
2020-08-01T08:10:12.594+0800: 12431796.572: [GC (CMS Final Remark) [YG occupancy: 310183 K (737280 K)]2020-08-01T08:10:12.594+0800: 12431796.572: [Rescan (parallel) , 0.0241235 secs]2020-08-01T08:10:12.618+0800: 12431796.596: [weak refs processing, 0.0000553 secs]2020-08-01T08:10:12.618+0800: 12431796.596: [class unloading, 0.0182728 secs]2020-08-01T08:10:12.636+0800: 12431796.614: [scrub symbol table, 0.0062253 secs]2020-08-01T08:10:12.643+0800: 12431796.620: [scrub string table, 0.0008734 secs][1 CMS-remark: 4138421K(5472256K)] 4448604K(6209536K), 0.0497276 secs] [Times: user=0.19 sys=0.00, real=0.05 secs] 
2020-08-01T08:10:12.644+0800: 12431796.622: [CMS-concurrent-sweep-start]
2020-08-01T08:10:14.143+0800: 12431798.121: [CMS-concurrent-sweep: 1.499/1.499 secs] [Times: user=1.76 sys=0.21, real=1.50 secs] 
2020-08-01T08:10:14.143+0800: 12431798.121: [CMS-concurrent-reset-start]
2020-08-01T08:10:14.163+0800: 12431798.141: [CMS-concurrent-reset: 0.020/0.020 secs] [Times: user=0.02 sys=0.02, real=0.02 secs] 
2020-08-01T08:10:16.164+0800: 12431800.142: [GC (CMS Initial Mark) [1 CMS-initial-mark: 4137953K(5472256K)] 4522239K(6209536K), 0.0236169 secs] [Times: user=0.17 sys=0.00, real=0.03 secs] 
2020-08-01T08:10:16.188+0800: 12431800.165: [CMS-concurrent-mark-start]
2020-08-01T08:10:18.805+0800: 12431802.783: [CMS-concurrent-mark: 2.616/2.617 secs] [Times: user=5.76 sys=0.37, real=2.61 secs] 
2020-08-01T08:10:18.805+0800: 12431802.783: [CMS-concurrent-preclean-start]
2020-08-01T08:10:18.813+0800: 12431802.791: [CMS-concurrent-preclean: 0.008/0.008 secs] [Times: user=0.02 sys=0.00, real=0.01 secs] 
2020-08-01T08:10:18.813+0800: 12431802.791: [CMS-concurrent-abortable-preclean-start]
 CMS: abort preclean due to time 2020-08-01T08:10:24.218+0800: 12431808.196: [CMS-concurrent-abortable-preclean: 4.404/5.405 secs] [Times: user=5.17 sys=0.68, real=5.40 secs] 
2020-08-01T08:10:24.220+0800: 12431808.197: [GC (CMS Final Remark) [YG occupancy: 610168 K (737280 K)]2020-08-01T08:10:24.220+0800: 12431808.197: [Rescan (parallel) , 0.0411222 secs]2020-08-01T08:10:24.261+0800: 12431808.239: [weak refs processing, 0.0000494 secs]2020-08-01T08:10:24.261+0800: 12431808.239: [class unloading, 0.0169417 secs]2020-08-01T08:10:24.278+0800: 12431808.256: [scrub symbol table, 0.0062219 secs]2020-08-01T08:10:24.284+0800: 12431808.262: [scrub string table, 0.0008771 secs][1 CMS-remark: 4137953K(5472256K)] 4748121K(6209536K), 0.0653926 secs] [Times: user=0.30 sys=0.00, real=0.06 secs] 
2020-08-01T08:10:24.286+0800: 12431808.263: [CMS-concurrent-sweep-start]
2020-08-01T08:10:26.050+0800: 12431810.028: [CMS-concurrent-sweep: 1.765/1.765 secs] [Times: user=1.90 sys=0.24, real=1.77 secs] 
2020-08-01T08:10:26.050+0800: 12431810.028: [CMS-concurrent-reset-start]
2020-08-01T08:10:26.073+0800: 12431810.050: [CMS-concurrent-reset: 0.022/0.022 secs] [Times: user=0.03 sys=0.01, real=0.02 secs] 
2020-08-01T08:10:28.073+0800: 12431812.051: [GC (CMS Initial Mark) [1 CMS-initial-mark: 4137208K(5472256K)] 4851093K(6209536K), 0.0497357 secs] [Times: user=0.31 sys=0.00, real=0.05 secs] 
2020-08-01T08:10:28.123+0800: 12431812.101: [CMS-concurrent-mark-start]
2020-08-01T08:10:28.458+0800: 12431812.436: [GC (Allocation Failure) 2020-08-01T08:10:28.458+0800: 12431812.436: [ParNew: 737280K->81920K(737280K), 0.1035186 secs] 4874488K->4259300K(6209536K), 0.1036854 secs] [Times: user=0.66 sys=0.00, real=0.11 secs] 
2020-08-01T08:10:31.311+0800: 12431815.289: [CMS-concurrent-mark: 3.074/3.188 secs] [Times: user=7.54 sys=0.54, real=3.19 secs] 
2020-08-01T08:10:31.311+0800: 12431815.289: [CMS-concurrent-preclean-start]
2020-08-01T08:10:31.351+0800: 12431815.329: [CMS-concurrent-preclean: 0.039/0.040 secs] [Times: user=0.05 sys=0.00, real=0.04 secs] 
2020-08-01T08:10:31.351+0800: 12431815.329: [CMS-concurrent-abortable-preclean-start]
 CMS: abort preclean due to time 2020-08-01T08:10:36.414+0800: 12431820.392: [CMS-concurrent-abortable-preclean: 4.162/5.063 secs] [Times: user=4.94 sys=0.80, real=5.06 secs] 
2020-08-01T08:10:36.416+0800: 12431820.394: [GC (CMS Final Remark) [YG occupancy: 286701 K (737280 K)]2020-08-01T08:10:36.416+0800: 12431820.394: [Rescan (parallel) , 0.0253349 secs]2020-08-01T08:10:36.441+0800: 12431820.419: [weak refs processing, 0.0000395 secs]2020-08-01T08:10:36.441+0800: 12431820.419: [class unloading, 0.0179038 secs]2020-08-01T08:10:36.459+0800: 12431820.437: [scrub symbol table, 0.0061467 secs]2020-08-01T08:10:36.465+0800: 12431820.443: [scrub string table, 0.0008524 secs][1 CMS-remark: 4177380K(5472256K)] 4464081K(6209536K), 0.0504295 secs] [Times: user=0.20 sys=0.00, real=0.05 secs] 
2020-08-01T08:10:36.466+0800: 12431820.444: [CMS-concurrent-sweep-start]
2020-08-01T08:10:38.010+0800: 12431821.988: [CMS-concurrent-sweep: 1.543/1.543 secs] [Times: user=1.76 sys=0.17, real=1.55 secs] 
2020-08-01T08:10:38.010+0800: 12431821.988: [CMS-concurrent-reset-start]
2020-08-01T08:10:38.029+0800: 12431822.006: [CMS-concurrent-reset: 0.019/0.019 secs] [Times: user=0.02 sys=0.00, real=0.02 secs] 
2020-08-01T08:10:40.029+0800: 12431824.007: [GC (CMS Initial Mark) [1 CMS-initial-mark: 4177368K(5472256K)] 4548240K(6209536K), 0.0232784 secs] [Times: user=0.17 sys=0.00, real=0.02 secs] 
2020-08-01T08:10:40.053+0800: 12431824.030: [CMS-concurrent-mark-start]
2020-08-01T08:10:42.678+0800: 12431826.656: [CMS-concurrent-mark: 2.625/2.625 secs] [Times: user=5.64 sys=0.35, real=2.62 secs] 
2020-08-01T08:10:42.678+0800: 12431826.656: [CMS-concurrent-preclean-start]
2020-08-01T08:10:42.685+0800: 12431826.663: [CMS-concurrent-preclean: 0.007/0.007 secs] [Times: user=0.01 sys=0.00, real=0.01 secs] 
2020-08-01T08:10:42.685+0800: 12431826.663: [CMS-concurrent-abortable-preclean-start]
 CMS: abort preclean due to time 2020-08-01T08:10:47.828+0800: 12431831.806: [CMS-concurrent-abortable-preclean: 4.042/5.143 secs] [Times: user=4.79 sys=0.56, real=5.15 secs] 
2020-08-01T08:10:47.830+0800: 12431831.808: [GC (CMS Final Remark) [YG occupancy: 610627 K (737280 K)]2020-08-01T08:10:47.830+0800: 12431831.808: [Rescan (parallel) , 0.0569461 secs]2020-08-01T08:10:47.887+0800: 12431831.865: [weak refs processing, 0.0000544 secs]2020-08-01T08:10:47.887+0800: 12431831.865: [class unloading, 0.0177495 secs]2020-08-01T08:10:47.905+0800: 12431831.883: [scrub symbol table, 0.0062614 secs]2020-08-01T08:10:47.911+0800: 12431831.889: [scrub string table, 0.0008810 secs][1 CMS-remark: 4177368K(5472256K)] 4787995K(6209536K), 0.0820574 secs] [Times: user=0.42 sys=0.00, real=0.08 secs] 
2020-08-01T08:10:47.912+0800: 12431831.890: [CMS-concurrent-sweep-start]
2020-08-01T08:10:49.491+0800: 12431833.468: [CMS-concurrent-sweep: 1.578/1.578 secs] [Times: user=1.92 sys=0.18, real=1.58 secs] 
2020-08-01T08:10:49.491+0800: 12431833.469: [CMS-concurrent-reset-start]
2020-08-01T08:10:49.510+0800: 12431833.488: [CMS-concurrent-reset: 0.020/0.020 secs] [Times: user=0.02 sys=0.00, real=0.02 secs] 
2020-08-01T08:10:51.511+0800: 12431835.489: [GC (CMS Initial Mark) [1 CMS-initial-mark: 4176428K(5472256K)] 4911184K(6209536K), 0.0470621 secs] [Times: user=0.31 sys=0.00, real=0.04 secs] 
2020-08-01T08:10:51.558+0800: 12431835.536: [CMS-concurrent-mark-start]
2020-08-01T08:10:51.682+0800: 12431835.660: [GC (Allocation Failure) 2020-08-01T08:10:51.682+0800: 12431835.660: [ParNew: 737280K->81920K(737280K), 0.1091093 secs] 4913708K->4299539K(6209536K), 0.1093076 secs] [Times: user=0.72 sys=0.00, real=0.11 secs] 
2020-08-01T08:10:54.306+0800: 12431838.284: [CMS-concurrent-mark: 2.635/2.748 secs] [Times: user=6.56 sys=0.30, real=2.75 secs] 
2020-08-01T08:10:54.306+0800: 12431838.284: [CMS-concurrent-preclean-start]
2020-08-01T08:10:54.346+0800: 12431838.324: [CMS-concurrent-preclean: 0.039/0.040 secs] [Times: user=0.05 sys=0.00, real=0.04 secs] 
2020-08-01T08:10:54.346+0800: 12431838.324: [CMS-concurrent-abortable-preclean-start]
 CMS: abort preclean due to time 2020-08-01T08:10:59.776+0800: 12431843.753: [CMS-concurrent-abortable-preclean: 4.423/5.429 secs] [Times: user=5.58 sys=1.09, real=5.43 secs] 
2020-08-01T08:10:59.777+0800: 12431843.755: [GC (CMS Final Remark) [YG occupancy: 487354 K (737280 K)]2020-08-01T08:10:59.777+0800: 12431843.755: [Rescan (parallel) , 0.0376506 secs]2020-08-01T08:10:59.815+0800: 12431843.793: [weak refs processing, 0.0000422 secs]2020-08-01T08:10:59.815+0800: 12431843.793: [class unloading, 0.0179504 secs]2020-08-01T08:10:59.833+0800: 12431843.811: [scrub symbol table, 0.0062236 secs]2020-08-01T08:10:59.839+0800: 12431843.817: [scrub string table, 0.0008822 secs][1 CMS-remark: 4217619K(5472256K)] 4704973K(6209536K), 0.0629163 secs] [Times: user=0.28 sys=0.00, real=0.07 secs] 
2020-08-01T08:10:59.840+0800: 12431843.818: [CMS-concurrent-sweep-start]
2020-08-01T08:11:01.535+0800: 12431845.513: [CMS-concurrent-sweep: 1.694/1.694 secs] [Times: user=2.15 sys=0.39, real=1.69 secs] 
2020-08-01T08:11:01.535+0800: 12431845.513: [CMS-concurrent-reset-start]
2020-08-01T08:11:01.556+0800: 12431845.534: [CMS-concurrent-reset: 0.021/0.021 secs] [Times: user=0.02 sys=0.01, real=0.02 secs] 
2020-08-01T08:11:03.556+0800: 12431847.534: [GC (CMS Initial Mark) [1 CMS-initial-mark: 4217617K(5472256K)] 4894362K(6209536K), 0.0343417 secs] [Times: user=0.25 sys=0.00, real=0.04 secs] 
2020-08-01T08:11:03.591+0800: 12431847.569: [CMS-concurrent-mark-start]
2020-08-01T08:11:04.489+0800: 12431848.466: [GC (Allocation Failure) 2020-08-01T08:11:04.489+0800: 12431848.467: [ParNew: 737280K->81920K(737280K), 0.0992910 secs] 4954897K->4335074K(6209536K), 0.0994737 secs] [Times: user=0.69 sys=0.00, real=0.10 secs] 
2020-08-01T08:11:06.458+0800: 12431850.436: [CMS-concurrent-mark: 2.766/2.867 secs] [Times: user=6.91 sys=0.49, real=2.86 secs] 
2020-08-01T08:11:06.458+0800: 12431850.436: [CMS-concurrent-preclean-start]
2020-08-01T08:11:06.498+0800: 12431850.476: [CMS-concurrent-preclean: 0.039/0.040 secs] [Times: user=0.05 sys=0.01, real=0.04 secs] 
2020-08-01T08:11:06.498+0800: 12431850.476: [CMS-concurrent-abortable-preclean-start]
 CMS: abort preclean due to time 2020-08-01T08:11:11.769+0800: 12431855.747: [CMS-concurrent-abortable-preclean: 4.170/5.271 secs] [Times: user=4.87 sys=0.62, real=5.28 secs] 
2020-08-01T08:11:11.770+0800: 12431855.748: [GC (CMS Final Remark) [YG occupancy: 318466 K (737280 K)]2020-08-01T08:11:11.770+0800: 12431855.748: [Rescan (parallel) , 0.0411246 secs]2020-08-01T08:11:11.812+0800: 12431855.789: [weak refs processing, 0.0000660 secs]2020-08-01T08:11:11.812+0800: 12431855.790: [class unloading, 0.0185215 secs]2020-08-01T08:11:11.830+0800: 12431855.808: [scrub symbol table, 0.0079097 secs]2020-08-01T08:11:11.838+0800: 12431855.816: [scrub string table, 0.0013867 secs][1 CMS-remark: 4253154K(5472256K)] 4571620K(6209536K), 0.0692486 secs] [Times: user=0.28 sys=0.00, real=0.07 secs] 
2020-08-01T08:11:11.840+0800: 12431855.818: [CMS-concurrent-sweep-start]
2020-08-01T08:11:13.433+0800: 12431857.411: [CMS-concurrent-sweep: 1.593/1.593 secs] [Times: user=1.81 sys=0.22, real=1.59 secs] 
2020-08-01T08:11:13.434+0800: 12431857.411: [CMS-concurrent-reset-start]
2020-08-01T08:11:13.452+0800: 12431857.430: [CMS-concurrent-reset: 0.019/0.019 secs] [Times: user=0.02 sys=0.01, real=0.02 secs] 
2020-08-01T08:11:15.453+0800: 12431859.431: [GC (CMS Initial Mark) [1 CMS-initial-mark: 4252304K(5472256K)] 4700693K(6209536K), 0.0227143 secs] [Times: user=0.16 sys=0.00, real=0.02 secs] 
2020-08-01T08:11:15.476+0800: 12431859.454: [CMS-concurrent-mark-start]
2020-08-01T08:11:18.246+0800: 12431862.224: [CMS-concurrent-mark: 2.770/2.770 secs] [Times: user=6.09 sys=0.45, real=2.77 secs] 
2020-08-01T08:11:18.246+0800: 12431862.224: [CMS-concurrent-preclean-start]
2020-08-01T08:11:18.254+0800: 12431862.232: [CMS-concurrent-preclean: 0.008/0.008 secs] [Times: user=0.01 sys=0.00, real=0.01 secs] 
2020-08-01T08:11:18.254+0800: 12431862.232: [CMS-concurrent-abortable-preclean-start]
 CMS: abort preclean due to time 2020-08-01T08:11:23.377+0800: 12431867.355: [CMS-concurrent-abortable-preclean: 3.921/5.122 secs] [Times: user=4.50 sys=0.67, real=5.12 secs] 
2020-08-01T08:11:23.378+0800: 12431867.356: [GC (CMS Final Remark) [YG occupancy: 661505 K (737280 K)]2020-08-01T08:11:23.378+0800: 12431867.356: [Rescan (parallel) , 0.0372275 secs]2020-08-01T08:11:23.416+0800: 12431867.393: [weak refs processing, 0.0000477 secs]2020-08-01T08:11:23.416+0800: 12431867.393: [class unloading, 0.0173753 secs]2020-08-01T08:11:23.433+0800: 12431867.411: [scrub symbol table, 0.0062976 secs]2020-08-01T08:11:23.439+0800: 12431867.417: [scrub string table, 0.0008801 secs][1 CMS-remark: 4252304K(5472256K)] 4913810K(6209536K), 0.0620080 secs] [Times: user=0.32 sys=0.00, real=0.07 secs] 
2020-08-01T08:11:23.441+0800: 12431867.418: [CMS-concurrent-sweep-start]
2020-08-01T08:11:24.964+0800: 12431868.941: [CMS-concurrent-sweep: 1.523/1.523 secs] [Times: user=1.67 sys=0.12, real=1.52 secs] 
2020-08-01T08:11:24.964+0800: 12431868.942: [CMS-concurrent-reset-start]
2020-08-01T08:11:24.983+0800: 12431868.960: [CMS-concurrent-reset: 0.019/0.019 secs] [Times: user=0.02 sys=0.00, real=0.02 secs] 
2020-08-01T08:11:26.602+0800: 12431870.580: [GC (Allocation Failure) 2020-08-01T08:11:26.602+0800: 12431870.580: [ParNew: 737280K->81920K(737280K), 0.1236918 secs] 4988276K->4376375K(6209536K), 0.1238821 secs] [Times: user=0.80 sys=0.00, real=0.12 secs] 
2020-08-01T08:11:26.728+0800: 12431870.705: [GC (CMS Initial Mark) [1 CMS-initial-mark: 4294455K(5472256K)] 4376912K(6209536K), 0.0104276 secs] [Times: user=0.04 sys=0.00, real=0.00 secs] 
2020-08-01T08:11:26.738+0800: 12431870.716: [CMS-concurrent-mark-start]
2020-08-01T08:11:29.480+0800: 12431873.457: [CMS-concurrent-mark: 2.731/2.741 secs] [Times: user=5.98 sys=0.23, real=2.75 secs] 
2020-08-01T08:11:29.480+0800: 12431873.457: [CMS-concurrent-preclean-start]
2020-08-01T08:11:29.487+0800: 12431873.465: [CMS-concurrent-preclean: 0.008/0.008 secs] [Times: user=0.01 sys=0.01, real=0.01 secs] 
2020-08-01T08:11:29.487+0800: 12431873.465: [CMS-concurrent-abortable-preclean-start]
 CMS: abort preclean due to time 2020-08-01T08:11:34.835+0800: 12431878.813: [CMS-concurrent-abortable-preclean: 4.046/5.348 secs] [Times: user=4.81 sys=0.84, real=5.34 secs] 
2020-08-01T08:11:34.837+0800: 12431878.814: [GC (CMS Final Remark) [YG occupancy: 328788 K (737280 K)]2020-08-01T08:11:34.837+0800: 12431878.814: [Rescan (parallel) , 0.0440874 secs]2020-08-01T08:11:34.881+0800: 12431878.859: [weak refs processing, 0.0000490 secs]2020-08-01T08:11:34.881+0800: 12431878.859: [class unloading, 0.0175659 secs]2020-08-01T08:11:34.898+0800: 12431878.876: [scrub symbol table, 0.0061007 secs]2020-08-01T08:11:34.904+0800: 12431878.882: [scrub string table, 0.0008577 secs][1 CMS-remark: 4294455K(5472256K)] 4623243K(6209536K), 0.0688260 secs] [Times: user=0.34 sys=0.00, real=0.07 secs] 
2020-08-01T08:11:34.906+0800: 12431878.883: [CMS-concurrent-sweep-start]
2020-08-01T08:11:36.585+0800: 12431880.563: [CMS-concurrent-sweep: 1.680/1.680 secs] [Times: user=2.11 sys=0.24, real=1.68 secs] 
2020-08-01T08:11:36.585+0800: 12431880.563: [CMS-concurrent-reset-start]
2020-08-01T08:11:36.604+0800: 12431880.582: [CMS-concurrent-reset: 0.019/0.019 secs] [Times: user=0.01 sys=0.00, real=0.02 secs] 
2020-08-01T08:11:38.605+0800: 12431882.582: [GC (CMS Initial Mark) [1 CMS-initial-mark: 4294250K(5472256K)] 4738502K(6209536K), 0.0231737 secs] [Times: user=0.18 sys=0.00, real=0.03 secs] 
2020-08-01T08:11:38.628+0800: 12431882.606: [CMS-concurrent-mark-start]
2020-08-01T08:11:41.386+0800: 12431885.364: [CMS-concurrent-mark: 2.758/2.758 secs] [Times: user=6.18 sys=0.45, real=2.75 secs] 
2020-08-01T08:11:41.386+0800: 12431885.364: [CMS-concurrent-preclean-start]
2020-08-01T08:11:41.394+0800: 12431885.372: [CMS-concurrent-preclean: 0.008/0.008 secs] [Times: user=0.01 sys=0.00, real=0.01 secs] 
2020-08-01T08:11:41.394+0800: 12431885.372: [CMS-concurrent-abortable-preclean-start]
 CMS: abort preclean due to time 2020-08-01T08:11:46.701+0800: 12431890.679: [CMS-concurrent-abortable-preclean: 4.000/5.307 secs] [Times: user=4.77 sys=0.60, real=5.31 secs] 
2020-08-01T08:11:46.703+0800: 12431890.681: [GC (CMS Final Remark) [YG occupancy: 720725 K (737280 K)]2020-08-01T08:11:46.703+0800: 12431890.681: [Rescan (parallel) , 0.0427230 secs]2020-08-01T08:11:46.746+0800: 12431890.724: [weak refs processing, 0.0000387 secs]2020-08-01T08:11:46.746+0800: 12431890.724: [class unloading, 0.0182091 secs]2020-08-01T08:11:46.764+0800: 12431890.742: [scrub symbol table, 0.0062085 secs]2020-08-01T08:11:46.770+0800: 12431890.748: [scrub string table, 0.0009026 secs][1 CMS-remark: 4294250K(5472256K)] 5014975K(6209536K), 0.0682596 secs] [Times: user=0.36 sys=0.00, real=0.07 secs] 
2020-08-01T08:11:46.772+0800: 12431890.749: [CMS-concurrent-sweep-start]
2020-08-01T08:11:47.548+0800: 12431891.526: [GC (Allocation Failure) 2020-08-01T08:11:47.549+0800: 12431891.526: [ParNew: 737280K->81920K(737280K), 0.0956618 secs] 5031017K->4407775K(6209536K), 0.0958527 secs] [Times: user=0.65 sys=0.00, real=0.09 secs] 
2020-08-01T08:11:48.569+0800: 12431892.547: [CMS-concurrent-sweep: 1.698/1.798 secs] [Times: user=2.72 sys=0.22, real=1.80 secs] 
2020-08-01T08:11:48.569+0800: 12431892.547: [CMS-concurrent-reset-start]
2020-08-01T08:11:48.588+0800: 12431892.566: [CMS-concurrent-reset: 0.019/0.019 secs] [Times: user=0.02 sys=0.00, real=0.02 secs] 
2020-08-01T08:11:50.589+0800: 12431894.567: [GC (CMS Initial Mark) [1 CMS-initial-mark: 4325066K(5472256K)] 4509390K(6209536K), 0.0194958 secs] [Times: user=0.08 sys=0.00, real=0.02 secs] 
2020-08-01T08:11:50.609+0800: 12431894.587: [CMS-concurrent-mark-start]
2020-08-01T08:11:53.337+0800: 12431897.315: [CMS-concurrent-mark: 2.728/2.728 secs] [Times: user=6.02 sys=0.34, real=2.72 secs] 
2020-08-01T08:11:53.337+0800: 12431897.315: [CMS-concurrent-preclean-start]
2020-08-01T08:11:53.345+0800: 12431897.323: [CMS-concurrent-preclean: 0.008/0.008 secs] [Times: user=0.01 sys=0.00, real=0.01 secs] 
2020-08-01T08:11:53.345+0800: 12431897.323: [CMS-concurrent-abortable-preclean-start]
 CMS: abort preclean due to time 2020-08-01T08:11:58.599+0800: 12431902.577: [CMS-concurrent-abortable-preclean: 4.253/5.254 secs] [Times: user=5.05 sys=0.63, real=5.26 secs] 
2020-08-01T08:11:58.601+0800: 12431902.578: [GC (CMS Final Remark) [YG occupancy: 426434 K (737280 K)]2020-08-01T08:11:58.601+0800: 12431902.579: [Rescan (parallel) , 0.0289710 secs]2020-08-01T08:11:58.630+0800: 12431902.608: [weak refs processing, 0.0000600 secs]2020-08-01T08:11:58.630+0800: 12431902.608: [class unloading, 0.0177004 secs]2020-08-01T08:11:58.648+0800: 12431902.625: [scrub symbol table, 0.0062766 secs]2020-08-01T08:11:58.654+0800: 12431902.632: [scrub string table, 0.0008874 secs][1 CMS-remark: 4325066K(5472256K)] 4751501K(6209536K), 0.0540834 secs] [Times: user=0.25 sys=0.00, real=0.05 secs] 
2020-08-01T08:11:58.655+0800: 12431902.633: [CMS-concurrent-sweep-start]
2020-08-01T08:12:00.217+0800: 12431904.195: [CMS-concurrent-sweep: 1.562/1.562 secs] [Times: user=1.75 sys=0.18, real=1.56 secs] 
2020-08-01T08:12:00.217+0800: 12431904.195: [CMS-concurrent-reset-start]
2020-08-01T08:12:00.236+0800: 12431904.214: [CMS-concurrent-reset: 0.019/0.019 secs] [Times: user=0.02 sys=0.00, real=0.02 secs] 
2020-08-01T08:12:04.341+0800: 12431908.319: [GC (CMS Initial Mark) [1 CMS-initial-mark: 4324102K(5472256K)] 4823497K(6209536K), 0.0372699 secs] [Times: user=0.21 sys=0.00, real=0.03 secs] 
2020-08-01T08:12:04.379+0800: 12431908.356: [CMS-concurrent-mark-start]
2020-08-01T08:12:07.257+0800: 12431911.234: [CMS-concurrent-mark: 2.878/2.878 secs] [Times: user=6.09 sys=0.47, real=2.87 secs] 
2020-08-01T08:12:07.257+0800: 12431911.234: [CMS-concurrent-preclean-start]
2020-08-01T08:12:07.265+0800: 12431911.242: [CMS-concurrent-preclean: 0.008/0.008 secs] [Times: user=0.01 sys=0.00, real=0.01 secs] 
2020-08-01T08:12:07.265+0800: 12431911.243: [CMS-concurrent-abortable-preclean-start]
 CMS: abort preclean due to time 2020-08-01T08:12:12.341+0800: 12431916.319: [CMS-concurrent-abortable-preclean: 4.376/5.077 secs] [Times: user=5.10 sys=0.93, real=5.08 secs] 
2020-08-01T08:12:12.343+0800: 12431916.321: [GC (CMS Final Remark) [YG occupancy: 690053 K (737280 K)]2020-08-01T08:12:12.343+0800: 12431916.321: [Rescan (parallel) , 0.0496938 secs]2020-08-01T08:12:12.393+0800: 12431916.370: [weak refs processing, 0.0000440 secs]2020-08-01T08:12:12.393+0800: 12431916.370: [class unloading, 0.0191208 secs]2020-08-01T08:12:12.412+0800: 12431916.390: [scrub symbol table, 0.0069337 secs]2020-08-01T08:12:12.419+0800: 12431916.397: [scrub string table, 0.0011290 secs][1 CMS-remark: 4324102K(5472256K)] 5014156K(6209536K), 0.0771321 secs] [Times: user=0.38 sys=0.00, real=0.08 secs] 
2020-08-01T08:12:12.420+0800: 12431916.398: [CMS-concurrent-sweep-start]
2020-08-01T08:12:13.597+0800: 12431917.575: [GC (Allocation Failure) 2020-08-01T08:12:13.597+0800: 12431917.575: [ParNew: 737280K->81920K(737280K), 0.1197336 secs] 5061379K->4446708K(6209536K), 0.1199178 secs] [Times: user=0.73 sys=0.00, real=0.12 secs] 
2020-08-01T08:12:14.159+0800: 12431918.136: [CMS-concurrent-sweep: 1.617/1.738 secs] [Times: user=2.62 sys=0.26, real=1.74 secs] 
2020-08-01T08:12:14.159+0800: 12431918.136: [CMS-concurrent-reset-start]
2020-08-01T08:12:14.178+0800: 12431918.155: [CMS-concurrent-reset: 0.019/0.019 secs] [Times: user=0.02 sys=0.01, real=0.01 secs] 
2020-08-01T08:12:16.178+0800: 12431920.156: [GC (CMS Initial Mark) [1 CMS-initial-mark: 4364787K(5472256K)] 4514898K(6209536K), 0.0134058 secs] [Times: user=0.06 sys=0.00, real=0.02 secs] 
2020-08-01T08:12:16.192+0800: 12431920.170: [CMS-concurrent-mark-start]
2020-08-01T08:12:19.552+0800: 12431923.530: [CMS-concurrent-mark: 3.360/3.360 secs] [Times: user=7.14 sys=0.39, real=3.36 secs] 
2020-08-01T08:12:19.552+0800: 12431923.530: [CMS-concurrent-preclean-start]
2020-08-01T08:12:19.561+0800: 12431923.539: [CMS-concurrent-preclean: 0.009/0.009 secs] [Times: user=0.00 sys=0.00, real=0.01 secs] 
2020-08-01T08:12:19.561+0800: 12431923.539: [CMS-concurrent-abortable-preclean-start]
 CMS: abort preclean due to time 2020-08-01T08:12:24.656+0800: 12431928.634: [CMS-concurrent-abortable-preclean: 4.495/5.096 secs] [Times: user=5.08 sys=0.70, real=5.09 secs] 
2020-08-01T08:12:24.658+0800: 12431928.636: [GC (CMS Final Remark) [YG occupancy: 293415 K (737280 K)]2020-08-01T08:12:24.658+0800: 12431928.636: [Rescan (parallel) , 0.0248582 secs]2020-08-01T08:12:24.683+0800: 12431928.661: [weak refs processing, 0.0000505 secs]2020-08-01T08:12:24.683+0800: 12431928.661: [class unloading, 0.0213915 secs]2020-08-01T08:12:24.705+0800: 12431928.682: [scrub symbol table, 0.0084537 secs]2020-08-01T08:12:24.713+0800: 12431928.691: [scrub string table, 0.0012451 secs][1 CMS-remark: 4364787K(5472256K)] 4658202K(6209536K), 0.0562156 secs] [Times: user=0.19 sys=0.00, real=0.06 secs] 
2020-08-01T08:12:24.715+0800: 12431928.692: [CMS-concurrent-sweep-start]
2020-08-01T08:12:26.483+0800: 12431930.461: [CMS-concurrent-sweep: 1.769/1.769 secs] [Times: user=2.09 sys=0.30, real=1.77 secs] 
2020-08-01T08:12:26.484+0800: 12431930.461: [CMS-concurrent-reset-start]
2020-08-01T08:12:26.503+0800: 12431930.481: [CMS-concurrent-reset: 0.019/0.019 secs] [Times: user=0.02 sys=0.00, real=0.02 secs] 
2020-08-01T08:12:28.503+0800: 12431932.481: [GC (CMS Initial Mark) [1 CMS-initial-mark: 4364218K(5472256K)] 4771073K(6209536K), 0.0231137 secs] [Times: user=0.17 sys=0.00, real=0.03 secs] 
2020-08-01T08:12:28.527+0800: 12431932.504: [CMS-concurrent-mark-start]
2020-08-01T08:12:31.563+0800: 12431935.541: [CMS-concurrent-mark: 3.033/3.037 secs] [Times: user=6.59 sys=0.40, real=3.03 secs] 
2020-08-01T08:12:31.563+0800: 12431935.541: [CMS-concurrent-preclean-start]
2020-08-01T08:12:31.572+0800: 12431935.549: [CMS-concurrent-preclean: 0.008/0.008 secs] [Times: user=0.02 sys=0.00, real=0.01 secs] 
2020-08-01T08:12:31.572+0800: 12431935.550: [CMS-concurrent-abortable-preclean-start]
 CMS: abort preclean due to time 2020-08-01T08:12:36.617+0800: 12431940.594: [CMS-concurrent-abortable-preclean: 4.544/5.045 secs] [Times: user=5.08 sys=0.73, real=5.04 secs] 
2020-08-01T08:12:36.618+0800: 12431940.596: [GC (CMS Final Remark) [YG occupancy: 572505 K (737280 K)]2020-08-01T08:12:36.618+0800: 12431940.596: [Rescan (parallel) , 0.0396711 secs]2020-08-01T08:12:36.658+0800: 12431940.636: [weak refs processing, 0.0000361 secs]2020-08-01T08:12:36.658+0800: 12431940.636: [class unloading, 0.0171082 secs]2020-08-01T08:12:36.675+0800: 12431940.653: [scrub symbol table, 0.0061263 secs]2020-08-01T08:12:36.681+0800: 12431940.659: [scrub string table, 0.0008684 secs][1 CMS-remark: 4364218K(5472256K)] 4936724K(6209536K), 0.0640058 secs] [Times: user=0.30 sys=0.00, real=0.07 secs] 
2020-08-01T08:12:36.682+0800: 12431940.660: [CMS-concurrent-sweep-start]
2020-08-01T08:12:38.299+0800: 12431942.277: [CMS-concurrent-sweep: 1.617/1.617 secs] [Times: user=1.88 sys=0.29, real=1.62 secs] 
2020-08-01T08:12:38.299+0800: 12431942.277: [CMS-concurrent-reset-start]
2020-08-01T08:12:38.318+0800: 12431942.296: [CMS-concurrent-reset: 0.019/0.019 secs] [Times: user=0.02 sys=0.00, real=0.01 secs] 
2020-08-01T08:12:40.319+0800: 12431944.297: [GC (CMS Initial Mark) [1 CMS-initial-mark: 4364085K(5472256K)] 5061796K(6209536K), 0.0409550 secs] [Times: user=0.27 sys=0.00, real=0.04 secs] 
2020-08-01T08:12:40.360+0800: 12431944.338: [CMS-concurrent-mark-start]
2020-08-01T08:12:41.715+0800: 12431945.693: [GC (Allocation Failure) 2020-08-01T08:12:41.715+0800: 12431945.693: [ParNew: 737207K->81920K(737280K), 0.1080903 secs] 5101293K->4487655K(6209536K), 0.1082687 secs] [Times: user=0.66 sys=0.00, real=0.11 secs] 
2020-08-01T08:12:44.743+0800: 12431948.721: [CMS-concurrent-mark: 4.272/4.383 secs] [Times: user=9.94 sys=1.00, real=4.38 secs] 
2020-08-01T08:12:44.743+0800: 12431948.721: [CMS-concurrent-preclean-start]
2020-08-01T08:12:44.807+0800: 12431948.785: [CMS-concurrent-preclean: 0.061/0.064 secs] [Times: user=0.06 sys=0.03, real=0.07 secs] 
2020-08-01T08:12:44.807+0800: 12431948.785: [CMS-concurrent-abortable-preclean-start]
 CMS: abort preclean due to time 2020-08-01T08:12:49.885+0800: 12431953.863: [CMS-concurrent-abortable-preclean: 4.077/5.078 secs] [Times: user=5.15 sys=0.93, real=5.07 secs] 
2020-08-01T08:12:49.887+0800: 12431953.865: [GC (CMS Final Remark) [YG occupancy: 429895 K (737280 K)]2020-08-01T08:12:49.887+0800: 12431953.865: [Rescan (parallel) , 0.0269819 secs]2020-08-01T08:12:49.914+0800: 12431953.892: [weak refs processing, 0.0000390 secs]2020-08-01T08:12:49.914+0800: 12431953.892: [class unloading, 0.0176606 secs]2020-08-01T08:12:49.932+0800: 12431953.909: [scrub symbol table, 0.0063911 secs]2020-08-01T08:12:49.938+0800: 12431953.916: [scrub string table, 0.0009310 secs][1 CMS-remark: 4405735K(5472256K)] 4835630K(6209536K), 0.0521785 secs] [Times: user=0.23 sys=0.01, real=0.05 secs] 
2020-08-01T08:12:49.939+0800: 12431953.917: [CMS-concurrent-sweep-start]
2020-08-01T08:12:51.578+0800: 12431955.556: [CMS-concurrent-sweep: 1.638/1.638 secs] [Times: user=1.85 sys=0.25, real=1.63 secs] 
2020-08-01T08:12:51.578+0800: 12431955.556: [CMS-concurrent-reset-start]
2020-08-01T08:12:51.611+0800: 12431955.589: [CMS-concurrent-reset: 0.033/0.033 secs] [Times: user=0.01 sys=0.07, real=0.04 secs] 
2020-08-01T08:12:53.611+0800: 12431957.589: [GC (CMS Initial Mark) [1 CMS-initial-mark: 4405729K(5472256K)] 4907365K(6209536K), 0.0301614 secs] [Times: user=0.21 sys=0.00, real=0.03 secs] 
2020-08-01T08:12:53.642+0800: 12431957.620: [CMS-concurrent-mark-start]
2020-08-01T08:12:56.530+0800: 12431960.508: [CMS-concurrent-mark: 2.888/2.888 secs] [Times: user=6.34 sys=0.37, real=2.89 secs] 
2020-08-01T08:12:56.530+0800: 12431960.508: [CMS-concurrent-preclean-start]
2020-08-01T08:12:56.538+0800: 12431960.516: [CMS-concurrent-preclean: 0.008/0.008 secs] [Times: user=0.01 sys=0.00, real=0.00 secs] 
2020-08-01T08:12:56.538+0800: 12431960.516: [CMS-concurrent-abortable-preclean-start]
2020-08-01T08:13:01.155+0800: 12431965.133: [GC (Allocation Failure) 2020-08-01T08:13:01.155+0800: 12431965.133: [ParNew: 737280K->81920K(737280K), 0.1007228 secs] 5143009K->4521714K(6209536K), 0.1009126 secs] [Times: user=0.62 sys=0.00, real=0.10 secs] 
 CMS: abort preclean due to time 2020-08-01T08:13:01.584+0800: 12431965.562: [CMS-concurrent-abortable-preclean: 3.840/5.046 secs] [Times: user=5.24 sys=0.66, real=5.05 secs] 
2020-08-01T08:13:01.586+0800: 12431965.564: [GC (CMS Final Remark) [YG occupancy: 94637 K (737280 K)]2020-08-01T08:13:01.586+0800: 12431965.564: [Rescan (parallel) , 0.0136446 secs]2020-08-01T08:13:01.600+0800: 12431965.577: [weak refs processing, 0.0000482 secs]2020-08-01T08:13:01.600+0800: 12431965.577: [class unloading, 0.0176560 secs]2020-08-01T08:13:01.617+0800: 12431965.595: [scrub symbol table, 0.0063000 secs]2020-08-01T08:13:01.624+0800: 12431965.601: [scrub string table, 0.0009108 secs][1 CMS-remark: 4439794K(5472256K)] 4534431K(6209536K), 0.0387345 secs] [Times: user=0.13 sys=0.00, real=0.04 secs] 
2020-08-01T08:13:01.625+0800: 12431965.603: [CMS-concurrent-sweep-start]
2020-08-01T08:13:03.207+0800: 12431967.184: [CMS-concurrent-sweep: 1.582/1.582 secs] [Times: user=1.86 sys=0.20, real=1.59 secs] 
2020-08-01T08:13:03.207+0800: 12431967.185: [CMS-concurrent-reset-start]
2020-08-01T08:13:03.225+0800: 12431967.203: [CMS-concurrent-reset: 0.019/0.019 secs] [Times: user=0.02 sys=0.00, real=0.01 secs] 
2020-08-01T08:13:05.226+0800: 12431969.204: [GC (CMS Initial Mark) [1 CMS-initial-mark: 4438060K(5472256K)] 4669429K(6209536K), 0.0151868 secs] [Times: user=0.11 sys=0.00, real=0.02 secs] 
2020-08-01T08:13:05.241+0800: 12431969.219: [CMS-concurrent-mark-start]
2020-08-01T08:13:08.001+0800: 12431971.979: [CMS-concurrent-mark: 2.754/2.760 secs] [Times: user=6.04 sys=0.38, real=2.76 secs] 
2020-08-01T08:13:08.001+0800: 12431971.979: [CMS-concurrent-preclean-start]
2020-08-01T08:13:08.009+0800: 12431971.987: [CMS-concurrent-preclean: 0.008/0.008 secs] [Times: user=0.01 sys=0.01, real=0.01 secs] 
2020-08-01T08:13:08.009+0800: 12431971.987: [CMS-concurrent-abortable-preclean-start]
 CMS: abort preclean due to time 2020-08-01T08:13:13.105+0800: 12431977.083: [CMS-concurrent-abortable-preclean: 3.995/5.096 secs] [Times: user=4.83 sys=0.69, real=5.09 secs] 
2020-08-01T08:13:13.107+0800: 12431977.084: [GC (CMS Final Remark) [YG occupancy: 491997 K (737280 K)]2020-08-01T08:13:13.107+0800: 12431977.084: [Rescan (parallel) , 0.0372050 secs]2020-08-01T08:13:13.144+0800: 12431977.122: [weak refs processing, 0.0000411 secs]2020-08-01T08:13:13.144+0800: 12431977.122: [class unloading, 0.0174266 secs]2020-08-01T08:13:13.161+0800: 12431977.139: [scrub symbol table, 0.0062171 secs]2020-08-01T08:13:13.168+0800: 12431977.145: [scrub string table, 0.0008635 secs][1 CMS-remark: 4438060K(5472256K)] 4930057K(6209536K), 0.0619081 secs] [Times: user=0.28 sys=0.00, real=0.06 secs] 
2020-08-01T08:13:13.169+0800: 12431977.147: [CMS-concurrent-sweep-start]
2020-08-01T08:13:14.937+0800: 12431978.915: [CMS-concurrent-sweep: 1.768/1.768 secs] [Times: user=2.13 sys=0.26, real=1.76 secs] 
2020-08-01T08:13:14.937+0800: 12431978.915: [CMS-concurrent-reset-start]
2020-08-01T08:13:14.956+0800: 12431978.934: [CMS-concurrent-reset: 0.019/0.019 secs] [Times: user=0.02 sys=0.01, real=0.02 secs] 
2020-08-01T08:13:16.957+0800: 12431980.935: [GC (CMS Initial Mark) [1 CMS-initial-mark: 4437212K(5472256K)] 5039485K(6209536K), 0.0385478 secs] [Times: user=0.26 sys=0.00, real=0.04 secs] 
2020-08-01T08:13:16.996+0800: 12431980.974: [CMS-concurrent-mark-start]
2020-08-01T08:13:19.797+0800: 12431983.774: [CMS-concurrent-mark: 2.801/2.801 secs] [Times: user=6.14 sys=0.31, real=2.80 secs] 
2020-08-01T08:13:19.797+0800: 12431983.774: [CMS-concurrent-preclean-start]
2020-08-01T08:13:19.806+0800: 12431983.784: [CMS-concurrent-preclean: 0.009/0.009 secs] [Times: user=0.00 sys=0.00, real=0.01 secs] 
2020-08-01T08:13:19.806+0800: 12431983.784: [CMS-concurrent-abortable-preclean-start]
2020-08-01T08:13:20.762+0800: 12431984.740: [GC (Allocation Failure) 2020-08-01T08:13:20.762+0800: 12431984.740: [ParNew: 737280K->81920K(737280K), 0.1037906 secs] 5174492K->4551709K(6209536K), 0.1039622 secs] [Times: user=0.70 sys=0.00, real=0.10 secs] 
 CMS: abort preclean due to time 2020-08-01T08:13:25.184+0800: 12431989.161: [CMS-concurrent-abortable-preclean: 4.370/5.378 secs] [Times: user=6.26 sys=0.76, real=5.38 secs] 
2020-08-01T08:13:25.185+0800: 12431989.163: [GC (CMS Final Remark) [YG occupancy: 303438 K (737280 K)]2020-08-01T08:13:25.185+0800: 12431989.163: [Rescan (parallel) , 0.0290027 secs]2020-08-01T08:13:25.214+0800: 12431989.192: [weak refs processing, 0.0000392 secs]2020-08-01T08:13:25.214+0800: 12431989.192: [class unloading, 0.0176613 secs]2020-08-01T08:13:25.232+0800: 12431989.210: [scrub symbol table, 0.0062324 secs]2020-08-01T08:13:25.238+0800: 12431989.216: [scrub string table, 0.0008991 secs][1 CMS-remark: 4469789K(5472256K)] 4773227K(6209536K), 0.0540233 secs] [Times: user=0.24 sys=0.00, real=0.06 secs] 
2020-08-01T08:13:25.239+0800: 12431989.217: [CMS-concurrent-sweep-start]
2020-08-01T08:13:26.905+0800: 12431990.883: [CMS-concurrent-sweep: 1.665/1.665 secs] [Times: user=1.97 sys=0.23, real=1.66 secs] 
2020-08-01T08:13:26.905+0800: 12431990.883: [CMS-concurrent-reset-start]
2020-08-01T08:13:26.924+0800: 12431990.901: [CMS-concurrent-reset: 0.019/0.019 secs] [Times: user=0.03 sys=0.00, real=0.02 secs] 
2020-08-01T08:13:28.925+0800: 12431992.903: [GC (CMS Initial Mark) [1 CMS-initial-mark: 4469461K(5472256K)] 4896386K(6209536K), 0.0249490 secs] [Times: user=0.18 sys=0.00, real=0.03 secs] 
2020-08-01T08:13:28.950+0800: 12431992.928: [CMS-concurrent-mark-start]
2020-08-01T08:13:31.841+0800: 12431995.819: [CMS-concurrent-mark: 2.891/2.891 secs] [Times: user=6.54 sys=0.37, real=2.89 secs] 
2020-08-01T08:13:31.841+0800: 12431995.819: [CMS-concurrent-preclean-start]
2020-08-01T08:13:31.850+0800: 12431995.827: [CMS-concurrent-preclean: 0.008/0.008 secs] [Times: user=0.01 sys=0.00, real=0.01 secs] 
2020-08-01T08:13:31.850+0800: 12431995.827: [CMS-concurrent-abortable-preclean-start]
2020-08-01T08:13:35.426+0800: 12431999.404: [GC (Allocation Failure) 2020-08-01T08:13:35.426+0800: 12431999.404: [ParNew2020-08-01T08:13:35.487+0800: 12431999.465: [CMS-concurrent-abortable-preclean: 3.137/3.638 secs] [Times: user=4.45 sys=0.68, real=3.64 secs] 
: 737280K->74360K(737280K), 0.1260923 secs] 5206741K->4619679K(6209536K), 0.1262660 secs] [Times: user=0.84 sys=0.00, real=0.13 secs] 
2020-08-01T08:13:35.554+0800: 12431999.532: [GC (CMS Final Remark) [YG occupancy: 74552 K (737280 K)]2020-08-01T08:13:35.554+0800: 12431999.532: [Rescan (parallel) , 0.0179564 secs]2020-08-01T08:13:35.572+0800: 12431999.550: [weak refs processing, 0.0000486 secs]2020-08-01T08:13:35.572+0800: 12431999.550: [class unloading, 0.0173233 secs]2020-08-01T08:13:35.590+0800: 12431999.567: [scrub symbol table, 0.0062540 secs]2020-08-01T08:13:35.596+0800: 12431999.574: [scrub string table, 0.0008598 secs][1 CMS-remark: 4545319K(5472256K)] 4619871K(6209536K), 0.0425857 secs] [Times: user=0.16 sys=0.00, real=0.04 secs] 
2020-08-01T08:13:35.597+0800: 12431999.575: [CMS-concurrent-sweep-start]
2020-08-01T08:13:37.332+0800: 12432001.310: [CMS-concurrent-sweep: 1.732/1.735 secs] [Times: user=2.01 sys=0.14, real=1.74 secs] 
2020-08-01T08:13:37.332+0800: 12432001.310: [CMS-concurrent-reset-start]
2020-08-01T08:13:37.351+0800: 12432001.329: [CMS-concurrent-reset: 0.019/0.019 secs] [Times: user=0.02 sys=0.00, real=0.02 secs] 
2020-08-01T08:13:39.352+0800: 12432003.329: [GC (CMS Initial Mark) [1 CMS-initial-mark: 4544560K(5472256K)] 4806349K(6209536K), 0.0132247 secs] [Times: user=0.09 sys=0.00, real=0.01 secs] 
2020-08-01T08:13:39.365+0800: 12432003.343: [CMS-concurrent-mark-start]
2020-08-01T08:13:43.159+0800: 12432007.137: [CMS-concurrent-mark: 3.794/3.794 secs] [Times: user=8.12 sys=0.39, real=3.80 secs] 
2020-08-01T08:13:43.160+0800: 12432007.137: [CMS-concurrent-preclean-start]
2020-08-01T08:13:43.168+0800: 12432007.146: [CMS-concurrent-preclean: 0.008/0.008 secs] [Times: user=0.00 sys=0.00, real=0.01 secs] 
2020-08-01T08:13:43.168+0800: 12432007.146: [CMS-concurrent-abortable-preclean-start]
 CMS: abort preclean due to time 2020-08-01T08:13:48.313+0800: 12432012.291: [CMS-concurrent-abortable-preclean: 3.444/5.145 secs] [Times: user=4.18 sys=0.56, real=5.14 secs] 
2020-08-01T08:13:48.315+0800: 12432012.293: [GC (CMS Final Remark) [YG occupancy: 525425 K (737280 K)]2020-08-01T08:13:48.315+0800: 12432012.293: [Rescan (parallel) , 0.0317818 secs]2020-08-01T08:13:48.347+0800: 12432012.325: [weak refs processing, 0.0000651 secs]2020-08-01T08:13:48.347+0800: 12432012.325: [class unloading, 0.0195536 secs]2020-08-01T08:13:48.366+0800: 12432012.344: [scrub symbol table, 0.0076343 secs]2020-08-01T08:13:48.374+0800: 12432012.352: [scrub string table, 0.0009271 secs][1 CMS-remark: 4544560K(5472256K)] 5069986K(6209536K), 0.0601639 secs] [Times: user=0.24 sys=0.00, real=0.06 secs] 
2020-08-01T08:13:48.375+0800: 12432012.353: [CMS-concurrent-sweep-start]
2020-08-01T08:13:50.065+0800: 12432014.042: [CMS-concurrent-sweep: 1.689/1.689 secs] [Times: user=1.88 sys=0.19, real=1.69 secs] 
2020-08-01T08:13:50.065+0800: 12432014.043: [CMS-concurrent-reset-start]
2020-08-01T08:13:50.084+0800: 12432014.062: [CMS-concurrent-reset: 0.019/0.019 secs] [Times: user=0.03 sys=0.00, real=0.02 secs] 
2020-08-01T08:13:52.084+0800: 12432016.062: [GC (CMS Initial Mark) [1 CMS-initial-mark: 4544439K(5472256K)] 5180610K(6209536K), 0.0340102 secs] [Times: user=0.21 sys=0.00, real=0.04 secs] 
2020-08-01T08:13:52.119+0800: 12432016.096: [CMS-concurrent-mark-start]
2020-08-01T08:13:55.043+0800: 12432019.021: [CMS-concurrent-mark: 2.924/2.924 secs] [Times: user=6.41 sys=0.41, real=2.92 secs] 
2020-08-01T08:13:55.043+0800: 12432019.021: [CMS-concurrent-preclean-start]
2020-08-01T08:13:55.051+0800: 12432019.029: [CMS-concurrent-preclean: 0.008/0.008 secs] [Times: user=0.01 sys=0.01, real=0.01 secs] 
2020-08-01T08:13:55.051+0800: 12432019.029: [CMS-concurrent-abortable-preclean-start]
2020-08-01T08:13:55.262+0800: 12432019.240: [GC (Allocation Failure) 2020-08-01T08:13:55.262+0800: 12432019.240: [ParNew2020-08-01T08:13:55.324+0800: 12432019.301: [CMS-concurrent-abortable-preclean: 0.172/0.273 secs] [Times: user=0.62 sys=0.06, real=0.27 secs] 
: 729720K->52095K(737280K), 0.0895204 secs] 5274159K->4636910K(6209536K), 0.0896996 secs] [Times: user=0.53 sys=0.00, real=0.09 secs] 
2020-08-01T08:13:55.353+0800: 12432019.331: [GC (CMS Final Remark) [YG occupancy: 63770 K (737280 K)]2020-08-01T08:13:55.354+0800: 12432019.331: [Rescan (parallel) , 0.0146460 secs]2020-08-01T08:13:55.368+0800: 12432019.346: [weak refs processing, 0.0000406 secs]2020-08-01T08:13:55.368+0800: 12432019.346: [class unloading, 0.0180350 secs]2020-08-01T08:13:55.386+0800: 12432019.364: [scrub symbol table, 0.0067176 secs]2020-08-01T08:13:55.393+0800: 12432019.371: [scrub string table, 0.0012029 secs][1 CMS-remark: 4584815K(5472256K)] 4648586K(6209536K), 0.0408311 secs] [Times: user=0.14 sys=0.00, real=0.04 secs] 
2020-08-01T08:13:55.395+0800: 12432019.372: [CMS-concurrent-sweep-start]
2020-08-01T08:13:57.071+0800: 12432021.049: [CMS-concurrent-sweep: 1.677/1.677 secs] [Times: user=1.98 sys=0.27, real=1.68 secs] 
2020-08-01T08:13:57.071+0800: 12432021.049: [CMS-concurrent-reset-start]
2020-08-01T08:13:57.090+0800: 12432021.068: [CMS-concurrent-reset: 0.019/0.019 secs] [Times: user=0.02 sys=0.00, real=0.02 secs] 
2020-08-01T08:13:59.091+0800: 12432023.069: [GC (CMS Initial Mark) [1 CMS-initial-mark: 4584662K(5472256K)] 4761082K(6209536K), 0.0100646 secs] [Times: user=0.06 sys=0.01, real=0.01 secs] 
2020-08-01T08:13:59.101+0800: 12432023.079: [CMS-concurrent-mark-start]
2020-08-01T08:14:02.034+0800: 12432026.012: [CMS-concurrent-mark: 2.932/2.932 secs] [Times: user=6.62 sys=0.39, real=2.93 secs] 
2020-08-01T08:14:02.034+0800: 12432026.012: [CMS-concurrent-preclean-start]
2020-08-01T08:14:02.042+0800: 12432026.020: [CMS-concurrent-preclean: 0.008/0.008 secs] [Times: user=0.01 sys=0.00, real=0.01 secs] 
2020-08-01T08:14:02.042+0800: 12432026.020: [CMS-concurrent-abortable-preclean-start]
 CMS: abort preclean due to time 2020-08-01T08:14:07.107+0800: 12432031.084: [CMS-concurrent-abortable-preclean: 3.263/5.065 secs] [Times: user=3.99 sys=0.59, real=5.07 secs] 
2020-08-01T08:14:07.108+0800: 12432031.086: [GC (CMS Final Remark) [YG occupancy: 470564 K (737280 K)]2020-08-01T08:14:07.108+0800: 12432031.086: [Rescan (parallel) , 0.0240713 secs]2020-08-01T08:14:07.132+0800: 12432031.110: [weak refs processing, 0.0000691 secs]2020-08-01T08:14:07.132+0800: 12432031.110: [class unloading, 0.0173866 secs]2020-08-01T08:14:07.150+0800: 12432031.128: [scrub symbol table, 0.0065153 secs]2020-08-01T08:14:07.156+0800: 12432031.134: [scrub string table, 0.0008820 secs][1 CMS-remark: 4584662K(5472256K)] 5055227K(6209536K), 0.0490928 secs] [Times: user=0.21 sys=0.00, real=0.04 secs] 
2020-08-01T08:14:07.158+0800: 12432031.135: [CMS-concurrent-sweep-start]
2020-08-01T08:14:08.868+0800: 12432032.845: [CMS-concurrent-sweep: 1.710/1.710 secs] [Times: user=1.94 sys=0.14, real=1.72 secs] 
2020-08-01T08:14:08.868+0800: 12432032.845: [CMS-concurrent-reset-start]
2020-08-01T08:14:08.887+0800: 12432032.864: [CMS-concurrent-reset: 0.019/0.019 secs] [Times: user=0.03 sys=0.00, real=0.02 secs] 
2020-08-01T08:14:10.887+0800: 12432034.865: [GC (CMS Initial Mark) [1 CMS-initial-mark: 4584449K(5472256K)] 5141168K(6209536K), 0.0321357 secs] [Times: user=0.17 sys=0.00, real=0.03 secs] 
2020-08-01T08:14:10.920+0800: 12432034.897: [CMS-concurrent-mark-start]
2020-08-01T08:14:13.806+0800: 12432037.784: [CMS-concurrent-mark: 2.887/2.887 secs] [Times: user=6.45 sys=0.41, real=2.89 secs] 
2020-08-01T08:14:13.807+0800: 12432037.784: [CMS-concurrent-preclean-start]
2020-08-01T08:14:13.815+0800: 12432037.793: [CMS-concurrent-preclean: 0.008/0.008 secs] [Times: user=0.01 sys=0.00, real=0.00 secs] 
2020-08-01T08:14:13.815+0800: 12432037.793: [CMS-concurrent-abortable-preclean-start]
2020-08-01T08:14:16.094+0800: 12432040.072: [GC (Allocation Failure) 2020-08-01T08:14:16.094+0800: 12432040.072: [ParNew2020-08-01T08:14:16.136+0800: 12432040.114: [CMS-concurrent-abortable-preclean: 1.421/2.321 secs] [Times: user=2.00 sys=0.49, real=2.32 secs] 
: 707455K->68302K(737280K), 0.0660064 secs] 5291905K->4652751K(6209536K), 0.0661940 secs] [Times: user=0.34 sys=0.00, real=0.07 secs] 
2020-08-01T08:14:16.162+0800: 12432040.139: [GC (CMS Final Remark) [YG occupancy: 79307 K (737280 K)]2020-08-01T08:14:16.162+0800: 12432040.140: [Rescan (parallel) , 0.0105474 secs]2020-08-01T08:14:16.172+0800: 12432040.150: [weak refs processing, 0.0000362 secs]2020-08-01T08:14:16.172+0800: 12432040.150: [class unloading, 0.0190875 secs]2020-08-01T08:14:16.191+0800: 12432040.169: [scrub symbol table, 0.0063399 secs]2020-08-01T08:14:16.198+0800: 12432040.176: [scrub string table, 0.0008993 secs][1 CMS-remark: 4584449K(5472256K)] 4663756K(6209536K), 0.0370686 secs] [Times: user=0.09 sys=0.00, real=0.04 secs] 
2020-08-01T08:14:16.199+0800: 12432040.177: [CMS-concurrent-sweep-start]
2020-08-01T08:14:17.898+0800: 12432041.876: [CMS-concurrent-sweep: 1.699/1.699 secs] [Times: user=2.02 sys=0.29, real=1.69 secs] 
2020-08-01T08:14:17.899+0800: 12432041.876: [CMS-concurrent-reset-start]
2020-08-01T08:14:17.917+0800: 12432041.895: [CMS-concurrent-reset: 0.019/0.019 secs] [Times: user=0.02 sys=0.00, real=0.01 secs] 
2020-08-01T08:14:19.918+0800: 12432043.896: [GC (CMS Initial Mark) [1 CMS-initial-mark: 4584441K(5472256K)] 4766077K(6209536K), 0.0137591 secs] [Times: user=0.09 sys=0.00, real=0.02 secs] 
2020-08-01T08:14:19.932+0800: 12432043.910: [CMS-concurrent-mark-start]
2020-08-01T08:14:23.012+0800: 12432046.990: [CMS-concurrent-mark: 3.080/3.080 secs] [Times: user=6.90 sys=0.43, real=3.08 secs] 
2020-08-01T08:14:23.012+0800: 12432046.990: [CMS-concurrent-preclean-start]
2020-08-01T08:14:23.020+0800: 12432046.998: [CMS-concurrent-preclean: 0.008/0.008 secs] [Times: user=0.01 sys=0.00, real=0.01 secs] 
2020-08-01T08:14:23.020+0800: 12432046.998: [CMS-concurrent-abortable-preclean-start]
 CMS: abort preclean due to time 2020-08-01T08:14:28.095+0800: 12432052.073: [CMS-concurrent-abortable-preclean: 4.074/5.075 secs] [Times: user=4.83 sys=0.93, real=5.07 secs] 
2020-08-01T08:14:28.097+0800: 12432052.075: [GC (CMS Final Remark) [YG occupancy: 426856 K (737280 K)]2020-08-01T08:14:28.097+0800: 12432052.075: [Rescan (parallel) , 0.0439579 secs]2020-08-01T08:14:28.141+0800: 12432052.119: [weak refs processing, 0.0000538 secs]2020-08-01T08:14:28.141+0800: 12432052.119: [class unloading, 0.0172059 secs]2020-08-01T08:14:28.158+0800: 12432052.136: [scrub symbol table, 0.0061821 secs]2020-08-01T08:14:28.164+0800: 12432052.142: [scrub string table, 0.0008594 secs][1 CMS-remark: 4584441K(5472256K)] 5011297K(6209536K), 0.0684180 secs] [Times: user=0.29 sys=0.00, real=0.07 secs] 
2020-08-01T08:14:28.166+0800: 12432052.143: [CMS-concurrent-sweep-start]
2020-08-01T08:14:30.252+0800: 12432054.229: [CMS-concurrent-sweep: 2.077/2.086 secs] [Times: user=2.43 sys=0.41, real=2.09 secs] 
2020-08-01T08:14:30.252+0800: 12432054.230: [CMS-concurrent-reset-start]
2020-08-01T08:14:30.271+0800: 12432054.248: [CMS-concurrent-reset: 0.019/0.019 secs] [Times: user=0.02 sys=0.00, real=0.02 secs] 
2020-08-01T08:14:32.271+0800: 12432056.249: [GC (CMS Initial Mark) [1 CMS-initial-mark: 4584394K(5472256K)] 5214166K(6209536K), 0.0362160 secs] [Times: user=0.24 sys=0.00, real=0.04 secs] 
2020-08-01T08:14:32.308+0800: 12432056.286: [CMS-concurrent-mark-start]
2020-08-01T08:14:35.549+0800: 12432059.527: [CMS-concurrent-mark: 3.241/3.241 secs] [Times: user=7.21 sys=0.44, real=3.24 secs] 
2020-08-01T08:14:35.549+0800: 12432059.527: [CMS-concurrent-preclean-start]
2020-08-01T08:14:35.560+0800: 12432059.538: [CMS-concurrent-preclean: 0.011/0.011 secs] [Times: user=0.01 sys=0.00, real=0.01 secs] 
2020-08-01T08:14:35.560+0800: 12432059.538: [CMS-concurrent-abortable-preclean-start]
2020-08-01T08:14:36.065+0800: 12432060.043: [GC (Allocation Failure) 2020-08-01T08:14:36.065+0800: 12432060.043: [ParNew: 723662K->81920K(737280K), 0.1055901 secs] 5308057K->4696143K(6209536K), 0.1057911 secs] [Times: user=0.57 sys=0.00, real=0.11 secs] 
 CMS: abort preclean due to time 2020-08-01T08:14:40.751+0800: 12432064.729: [CMS-concurrent-abortable-preclean: 4.079/5.191 secs] [Times: user=5.25 sys=1.05, real=5.19 secs] 
2020-08-01T08:14:40.753+0800: 12432064.731: [GC (CMS Final Remark) [YG occupancy: 180932 K (737280 K)]2020-08-01T08:14:40.753+0800: 12432064.731: [Rescan (parallel) , 0.0217541 secs]2020-08-01T08:14:40.775+0800: 12432064.753: [weak refs processing, 0.0000477 secs]2020-08-01T08:14:40.775+0800: 12432064.753: [class unloading, 0.0191779 secs]2020-08-01T08:14:40.794+0800: 12432064.772: [scrub symbol table, 0.0060582 secs]2020-08-01T08:14:40.800+0800: 12432064.778: [scrub string table, 0.0008455 secs][1 CMS-remark: 4614223K(5472256K)] 4795155K(6209536K), 0.0480436 secs] [Times: user=0.17 sys=0.00, real=0.05 secs] 
2020-08-01T08:14:40.801+0800: 12432064.779: [CMS-concurrent-sweep-start]
2020-08-01T08:14:42.726+0800: 12432066.704: [CMS-concurrent-sweep: 1.925/1.925 secs] [Times: user=2.13 sys=0.25, real=1.93 secs] 
2020-08-01T08:14:42.727+0800: 12432066.704: [CMS-concurrent-reset-start]
2020-08-01T08:14:42.746+0800: 12432066.724: [CMS-concurrent-reset: 0.019/0.019 secs] [Times: user=0.02 sys=0.00, real=0.01 secs] 
2020-08-01T08:14:44.746+0800: 12432068.724: [GC (CMS Initial Mark) [1 CMS-initial-mark: 4614026K(5472256K)] 4882678K(6209536K), 0.0150039 secs] [Times: user=0.11 sys=0.01, real=0.01 secs] 
2020-08-01T08:14:44.762+0800: 12432068.740: [CMS-concurrent-mark-start]
2020-08-01T08:14:47.745+0800: 12432071.722: [CMS-concurrent-mark: 2.983/2.983 secs] [Times: user=6.44 sys=0.34, real=2.98 secs] 
2020-08-01T08:14:47.745+0800: 12432071.723: [CMS-concurrent-preclean-start]
2020-08-01T08:14:47.753+0800: 12432071.731: [CMS-concurrent-preclean: 0.008/0.008 secs] [Times: user=0.00 sys=0.00, real=0.01 secs] 
2020-08-01T08:14:47.753+0800: 12432071.731: [CMS-concurrent-abortable-preclean-start]
 CMS: abort preclean due to time 2020-08-01T08:14:52.983+0800: 12432076.961: [CMS-concurrent-abortable-preclean: 4.129/5.230 secs] [Times: user=4.91 sys=0.94, real=5.23 secs] 
2020-08-01T08:14:52.984+0800: 12432076.962: [GC (CMS Final Remark) [YG occupancy: 486855 K (737280 K)]2020-08-01T08:14:52.985+0800: 12432076.962: [Rescan (parallel) , 0.0289206 secs]2020-08-01T08:14:53.013+0800: 12432076.991: [weak refs processing, 0.0000444 secs]2020-08-01T08:14:53.014+0800: 12432076.991: [class unloading, 0.0175820 secs]2020-08-01T08:14:53.031+0800: 12432077.009: [scrub symbol table, 0.0066532 secs]2020-08-01T08:14:53.038+0800: 12432077.016: [scrub string table, 0.0008888 secs][1 CMS-remark: 4614026K(5472256K)] 5100881K(6209536K), 0.0542655 secs] [Times: user=0.25 sys=0.00, real=0.06 secs] 
2020-08-01T08:14:53.039+0800: 12432077.017: [CMS-concurrent-sweep-start]
2020-08-01T08:14:54.694+0800: 12432078.671: [CMS-concurrent-sweep: 1.655/1.655 secs] [Times: user=1.84 sys=0.17, real=1.65 secs] 
2020-08-01T08:14:54.694+0800: 12432078.671: [CMS-concurrent-reset-start]
2020-08-01T08:14:54.713+0800: 12432078.691: [CMS-concurrent-reset: 0.019/0.019 secs] [Times: user=0.02 sys=0.01, real=0.02 secs] 
2020-08-01T08:14:56.714+0800: 12432080.692: [GC (CMS Initial Mark) [1 CMS-initial-mark: 4613102K(5472256K)] 5184773K(6209536K), 0.0308811 secs] [Times: user=0.24 sys=0.00, real=0.03 secs] 
2020-08-01T08:14:56.745+0800: 12432080.723: [CMS-concurrent-mark-start]
2020-08-01T08:14:59.632+0800: 12432083.610: [CMS-concurrent-mark: 2.887/2.887 secs] [Times: user=6.38 sys=0.35, real=2.89 secs] 
2020-08-01T08:14:59.632+0800: 12432083.610: [CMS-concurrent-preclean-start]
2020-08-01T08:14:59.640+0800: 12432083.618: [CMS-concurrent-preclean: 0.008/0.008 secs] [Times: user=0.01 sys=0.00, real=0.01 secs] 
2020-08-01T08:14:59.640+0800: 12432083.618: [CMS-concurrent-abortable-preclean-start]
 CMS: abort preclean due to time 2020-08-01T08:15:04.857+0800: 12432088.835: [CMS-concurrent-abortable-preclean: 2.450/5.217 secs] [Times: user=2.94 sys=0.43, real=5.21 secs] 
2020-08-01T08:15:04.859+0800: 12432088.837: [GC (CMS Final Remark) [YG occupancy: 733695 K (737280 K)]2020-08-01T08:15:04.859+0800: 12432088.837: [Rescan (parallel) , 0.0435880 secs]2020-08-01T08:15:04.903+0800: 12432088.880: [weak refs processing, 0.0000468 secs]2020-08-01T08:15:04.903+0800: 12432088.880: [class unloading, 0.0179989 secs]2020-08-01T08:15:04.921+0800: 12432088.899: [scrub symbol table, 0.0063963 secs]2020-08-01T08:15:04.927+0800: 12432088.905: [scrub string table, 0.0008858 secs][1 CMS-remark: 4613102K(5472256K)] 5346798K(6209536K), 0.0690920 secs] [Times: user=0.37 sys=0.00, real=0.07 secs] 
2020-08-01T08:15:04.928+0800: 12432088.906: [CMS-concurrent-sweep-start]
2020-08-01T08:15:04.963+0800: 12432088.941: [GC (Allocation Failure) 2020-08-01T08:15:04.963+0800: 12432088.941: [ParNew: 737280K->81920K(737280K), 0.1112128 secs] 5350381K->4729175K(6209536K), 0.1113937 secs] [Times: user=0.62 sys=0.01, real=0.11 secs] 
2020-08-01T08:15:06.783+0800: 12432090.761: [CMS-concurrent-sweep: 1.742/1.855 secs] [Times: user=2.68 sys=0.26, real=1.85 secs] 
2020-08-01T08:15:06.783+0800: 12432090.761: [CMS-concurrent-reset-start]
2020-08-01T08:15:06.803+0800: 12432090.781: [CMS-concurrent-reset: 0.019/0.019 secs] [Times: user=0.03 sys=0.00, real=0.02 secs] 
2020-08-01T08:15:08.803+0800: 12432092.781: [GC (CMS Initial Mark) [1 CMS-initial-mark: 4647253K(5472256K)] 4847608K(6209536K), 0.0125345 secs] [Times: user=0.08 sys=0.00, real=0.01 secs] 
2020-08-01T08:15:08.816+0800: 12432092.794: [CMS-concurrent-mark-start]
2020-08-01T08:15:11.683+0800: 12432095.661: [CMS-concurrent-mark: 2.867/2.867 secs] [Times: user=6.42 sys=0.44, real=2.87 secs] 
2020-08-01T08:15:11.683+0800: 12432095.661: [CMS-concurrent-preclean-start]
2020-08-01T08:15:11.691+0800: 12432095.669: [CMS-concurrent-preclean: 0.008/0.008 secs] [Times: user=0.01 sys=0.00, real=0.01 secs] 
2020-08-01T08:15:11.691+0800: 12432095.669: [CMS-concurrent-abortable-preclean-start]
 CMS: abort preclean due to time 2020-08-01T08:15:16.914+0800: 12432100.892: [CMS-concurrent-abortable-preclean: 4.222/5.223 secs] [Times: user=5.22 sys=0.84, real=5.22 secs] 
2020-08-01T08:15:16.916+0800: 12432100.894: [GC (CMS Final Remark) [YG occupancy: 516760 K (737280 K)]2020-08-01T08:15:16.916+0800: 12432100.894: [Rescan (parallel) , 0.0330214 secs]2020-08-01T08:15:16.949+0800: 12432100.927: [weak refs processing, 0.0000541 secs]2020-08-01T08:15:16.949+0800: 12432100.927: [class unloading, 0.0170816 secs]2020-08-01T08:15:16.966+0800: 12432100.944: [scrub symbol table, 0.0061093 secs]2020-08-01T08:15:16.972+0800: 12432100.950: [scrub string table, 0.0008760 secs][1 CMS-remark: 4647253K(5472256K)] 5164014K(6209536K), 0.0573011 secs] [Times: user=0.28 sys=0.00, real=0.06 secs] 
2020-08-01T08:15:16.974+0800: 12432100.951: [CMS-concurrent-sweep-start]
2020-08-01T08:15:18.825+0800: 12432102.803: [CMS-concurrent-sweep: 1.850/1.852 secs] [Times: user=2.24 sys=0.23, real=1.85 secs] 
2020-08-01T08:15:18.825+0800: 12432102.803: [CMS-concurrent-reset-start]
2020-08-01T08:15:18.844+0800: 12432102.822: [CMS-concurrent-reset: 0.019/0.019 secs] [Times: user=0.02 sys=0.00, real=0.02 secs] 
2020-08-01T08:15:20.845+0800: 12432104.823: [GC (CMS Initial Mark) [1 CMS-initial-mark: 4645454K(5472256K)] 5276427K(6209536K), 0.0374517 secs] [Times: user=0.27 sys=0.00, real=0.04 secs] 
2020-08-01T08:15:20.883+0800: 12432104.861: [CMS-concurrent-mark-start]
2020-08-01T08:15:23.830+0800: 12432107.808: [CMS-concurrent-mark: 2.948/2.948 secs] [Times: user=6.39 sys=0.29, real=2.95 secs] 
2020-08-01T08:15:23.830+0800: 12432107.808: [CMS-concurrent-preclean-start]
2020-08-01T08:15:23.839+0800: 12432107.816: [CMS-concurrent-preclean: 0.008/0.008 secs] [Times: user=0.00 sys=0.00, real=0.01 secs] 
2020-08-01T08:15:23.839+0800: 12432107.816: [CMS-concurrent-abortable-preclean-start]
2020-08-01T08:15:26.009+0800: 12432109.987: [GC (Allocation Failure) 2020-08-01T08:15:26.009+0800: 12432109.987: [ParNew2020-08-01T08:15:26.100+0800: 12432110.078: [CMS-concurrent-abortable-preclean: 1.661/2.261 secs] [Times: user=2.62 sys=0.21, real=2.26 secs] 
: 737280K->81920K(737280K), 0.1025707 secs] 5382734K->4759697K(6209536K), 0.1027408 secs] [Times: user=0.69 sys=0.00, real=0.10 secs] 
2020-08-01T08:15:26.114+0800: 12432110.091: [GC (CMS Final Remark) [YG occupancy: 92369 K (737280 K)]2020-08-01T08:15:26.114+0800: 12432110.091: [Rescan (parallel) , 0.0145500 secs]2020-08-01T08:15:26.128+0800: 12432110.106: [weak refs processing, 0.0000377 secs]2020-08-01T08:15:26.128+0800: 12432110.106: [class unloading, 0.0183460 secs]2020-08-01T08:15:26.147+0800: 12432110.124: [scrub symbol table, 0.0064287 secs]2020-08-01T08:15:26.153+0800: 12432110.131: [scrub string table, 0.0008883 secs][1 CMS-remark: 4677777K(5472256K)] 4770147K(6209536K), 0.0403953 secs] [Times: user=0.13 sys=0.00, real=0.04 secs] 
2020-08-01T08:15:26.154+0800: 12432110.132: [CMS-concurrent-sweep-start]
2020-08-01T08:15:27.871+0800: 12432111.848: [CMS-concurrent-sweep: 1.716/1.716 secs] [Times: user=2.06 sys=0.14, real=1.72 secs] 
2020-08-01T08:15:27.871+0800: 12432111.849: [CMS-concurrent-reset-start]
2020-08-01T08:15:27.889+0800: 12432111.867: [CMS-concurrent-reset: 0.019/0.019 secs] [Times: user=0.02 sys=0.00, real=0.02 secs] 
2020-08-01T08:15:29.890+0800: 12432113.868: [GC (CMS Initial Mark) [1 CMS-initial-mark: 4677568K(5472256K)] 4864960K(6209536K), 0.0133419 secs] [Times: user=0.10 sys=0.00, real=0.01 secs] 
2020-08-01T08:15:29.904+0800: 12432113.882: [CMS-concurrent-mark-start]
2020-08-01T08:15:34.283+0800: 12432118.260: [CMS-concurrent-mark: 4.379/4.379 secs] [Times: user=9.76 sys=0.51, real=4.38 secs] 
2020-08-01T08:15:34.283+0800: 12432118.260: [CMS-concurrent-preclean-start]
2020-08-01T08:15:34.291+0800: 12432118.269: [CMS-concurrent-preclean: 0.008/0.008 secs] [Times: user=0.01 sys=0.00, real=0.01 secs] 
2020-08-01T08:15:34.291+0800: 12432118.269: [CMS-concurrent-abortable-preclean-start]
 CMS: abort preclean due to time 2020-08-01T08:15:39.557+0800: 12432123.535: [CMS-concurrent-abortable-preclean: 4.365/5.266 secs] [Times: user=5.51 sys=0.90, real=5.26 secs] 
2020-08-01T08:15:39.559+0800: 12432123.536: [GC (CMS Final Remark) [YG occupancy: 607528 K (737280 K)]2020-08-01T08:15:39.559+0800: 12432123.537: [Rescan (parallel) , 0.0530743 secs]2020-08-01T08:15:39.612+0800: 12432123.590: [weak refs processing, 0.0000824 secs]2020-08-01T08:15:39.612+0800: 12432123.590: [class unloading, 0.0249101 secs]2020-08-01T08:15:39.637+0800: 12432123.615: [scrub symbol table, 0.0084543 secs]2020-08-01T08:15:39.645+0800: 12432123.623: [scrub string table, 0.0009036 secs][1 CMS-remark: 4677568K(5472256K)] 5285096K(6209536K), 0.0876281 secs] [Times: user=0.36 sys=0.00, real=0.08 secs] 
2020-08-01T08:15:39.646+0800: 12432123.624: [CMS-concurrent-sweep-start]
2020-08-01T08:15:41.391+0800: 12432125.369: [CMS-concurrent-sweep: 1.745/1.745 secs] [Times: user=2.05 sys=0.32, real=1.74 secs] 
2020-08-01T08:15:41.391+0800: 12432125.369: [CMS-concurrent-reset-start]
2020-08-01T08:15:41.410+0800: 12432125.388: [CMS-concurrent-reset: 0.019/0.019 secs] [Times: user=0.02 sys=0.01, real=0.02 secs] 
2020-08-01T08:15:43.411+0800: 12432127.389: [GC (CMS Initial Mark) [1 CMS-initial-mark: 4677164K(5472256K)] 5409251K(6209536K), 0.0508770 secs] [Times: user=0.31 sys=0.00, real=0.05 secs] 
2020-08-01T08:15:43.462+0800: 12432127.440: [CMS-concurrent-mark-start]
2020-08-01T08:15:43.589+0800: 12432127.567: [GC (Allocation Failure) 2020-08-01T08:15:43.589+0800: 12432127.567: [ParNew: 737280K->72950K(737280K), 0.1252989 secs] 5414444K->4824889K(6209536K), 0.1254709 secs] [Times: user=0.83 sys=0.00, real=0.12 secs] 
2020-08-01T08:15:48.022+0800: 12432132.000: [CMS-concurrent-mark: 4.431/4.560 secs] [Times: user=10.37 sys=0.41, real=4.56 secs] 
2020-08-01T08:15:48.022+0800: 12432132.000: [CMS-concurrent-preclean-start]
2020-08-01T08:15:48.079+0800: 12432132.056: [CMS-concurrent-preclean: 0.056/0.057 secs] [Times: user=0.07 sys=0.01, real=0.06 secs] 
2020-08-01T08:15:48.079+0800: 12432132.056: [CMS-concurrent-abortable-preclean-start]
 CMS: abort preclean due to time 2020-08-01T08:15:53.143+0800: 12432137.121: [CMS-concurrent-abortable-preclean: 3.360/5.064 secs] [Times: user=3.96 sys=0.64, real=5.06 secs] 
2020-08-01T08:15:53.144+0800: 12432137.122: [GC (CMS Final Remark) [YG occupancy: 306888 K (737280 K)]2020-08-01T08:15:53.144+0800: 12432137.122: [Rescan (parallel) , 0.0199482 secs]2020-08-01T08:15:53.164+0800: 12432137.142: [weak refs processing, 0.0000468 secs]2020-08-01T08:15:53.165+0800: 12432137.142: [class unloading, 0.0181629 secs]2020-08-01T08:15:53.183+0800: 12432137.161: [scrub symbol table, 0.0064916 secs]2020-08-01T08:15:53.189+0800: 12432137.167: [scrub string table, 0.0009031 secs][1 CMS-remark: 4751938K(5472256K)] 5058827K(6209536K), 0.0457323 secs] [Times: user=0.18 sys=0.00, real=0.05 secs] 
2020-08-01T08:15:53.190+0800: 12432137.168: [CMS-concurrent-sweep-start]
2020-08-01T08:15:54.947+0800: 12432138.925: [CMS-concurrent-sweep: 1.756/1.756 secs] [Times: user=2.00 sys=0.17, real=1.76 secs] 
2020-08-01T08:15:54.947+0800: 12432138.925: [CMS-concurrent-reset-start]
2020-08-01T08:15:54.966+0800: 12432138.944: [CMS-concurrent-reset: 0.019/0.019 secs] [Times: user=0.02 sys=0.00, real=0.01 secs] 
2020-08-01T08:15:56.967+0800: 12432140.944: [GC (CMS Initial Mark) [1 CMS-initial-mark: 4751856K(5472256K)] 5159601K(6209536K), 0.0230833 secs] [Times: user=0.17 sys=0.01, real=0.02 secs] 
2020-08-01T08:15:56.990+0800: 12432140.968: [CMS-concurrent-mark-start]
2020-08-01T08:15:59.885+0800: 12432143.863: [CMS-concurrent-mark: 2.895/2.895 secs] [Times: user=6.21 sys=0.25, real=2.89 secs] 
2020-08-01T08:15:59.886+0800: 12432143.863: [CMS-concurrent-preclean-start]
2020-08-01T08:15:59.894+0800: 12432143.872: [CMS-concurrent-preclean: 0.008/0.008 secs] [Times: user=0.00 sys=0.00, real=0.01 secs] 
2020-08-01T08:15:59.894+0800: 12432143.872: [CMS-concurrent-abortable-preclean-start]
 CMS: abort preclean due to time 2020-08-01T08:16:05.097+0800: 12432149.075: [CMS-concurrent-abortable-preclean: 3.602/5.203 secs] [Times: user=4.41 sys=0.61, real=5.20 secs] 
2020-08-01T08:16:05.099+0800: 12432149.076: [GC (CMS Final Remark) [YG occupancy: 608609 K (737280 K)]2020-08-01T08:16:05.099+0800: 12432149.077: [Rescan (parallel) , 0.0481360 secs]2020-08-01T08:16:05.147+0800: 12432149.125: [weak refs processing, 0.0000878 secs]2020-08-01T08:16:05.147+0800: 12432149.125: [class unloading, 0.0172898 secs]2020-08-01T08:16:05.164+0800: 12432149.142: [scrub symbol table, 0.0061387 secs]2020-08-01T08:16:05.170+0800: 12432149.148: [scrub string table, 0.0008929 secs][1 CMS-remark: 4751856K(5472256K)] 5360466K(6209536K), 0.0727201 secs] [Times: user=0.31 sys=0.00, real=0.07 secs] 
2020-08-01T08:16:05.172+0800: 12432149.149: [CMS-concurrent-sweep-start]
2020-08-01T08:16:07.005+0800: 12432150.983: [CMS-concurrent-sweep: 1.834/1.834 secs] [Times: user=2.23 sys=0.27, real=1.83 secs] 
2020-08-01T08:16:07.005+0800: 12432150.983: [CMS-concurrent-reset-start]
2020-08-01T08:16:07.024+0800: 12432151.002: [CMS-concurrent-reset: 0.019/0.019 secs] [Times: user=0.02 sys=0.00, real=0.02 secs] 
2020-08-01T08:16:09.025+0800: 12432153.003: [GC (CMS Initial Mark) [1 CMS-initial-mark: 4750795K(5472256K)] 5477515K(6209536K), 0.0419346 secs] [Times: user=0.31 sys=0.00, real=0.05 secs] 
2020-08-01T08:16:09.067+0800: 12432153.045: [CMS-concurrent-mark-start]
2020-08-01T08:16:09.435+0800: 12432153.413: [GC (Allocation Failure) 2020-08-01T08:16:09.436+0800: 12432153.413: [ParNew: 728310K->63709K(737280K), 0.0851189 secs] 5479105K->4855675K(6209536K), 0.0853085 secs] [Times: user=0.60 sys=0.00, real=0.09 secs] 
2020-08-01T08:16:12.011+0800: 12432155.989: [CMS-concurrent-mark: 2.857/2.944 secs] [Times: user=6.93 sys=0.30, real=2.94 secs] 
2020-08-01T08:16:12.011+0800: 12432155.989: [CMS-concurrent-preclean-start]
2020-08-01T08:16:12.043+0800: 12432156.021: [CMS-concurrent-preclean: 0.032/0.032 secs] [Times: user=0.03 sys=0.00, real=0.03 secs] 
2020-08-01T08:16:12.043+0800: 12432156.021: [CMS-concurrent-abortable-preclean-start]
 CMS: abort preclean due to time 2020-08-01T08:16:17.114+0800: 12432161.092: [CMS-concurrent-abortable-preclean: 3.865/5.071 secs] [Times: user=4.75 sys=1.07, real=5.07 secs] 
2020-08-01T08:16:17.116+0800: 12432161.094: [GC (CMS Final Remark) [YG occupancy: 319992 K (737280 K)]2020-08-01T08:16:17.116+0800: 12432161.094: [Rescan (parallel) , 0.0309940 secs]2020-08-01T08:16:17.147+0800: 12432161.125: [weak refs processing, 0.0000471 secs]2020-08-01T08:16:17.147+0800: 12432161.125: [class unloading, 0.0172130 secs]2020-08-01T08:16:17.164+0800: 12432161.142: [scrub symbol table, 0.0061001 secs]2020-08-01T08:16:17.170+0800: 12432161.148: [scrub string table, 0.0008577 secs][1 CMS-remark: 4791965K(5472256K)] 5111957K(6209536K), 0.0553834 secs] [Times: user=0.25 sys=0.00, real=0.06 secs] 
2020-08-01T08:16:17.171+0800: 12432161.149: [CMS-concurrent-sweep-start]
2020-08-01T08:16:19.029+0800: 12432163.007: [CMS-concurrent-sweep: 1.857/1.857 secs] [Times: user=2.16 sys=0.35, real=1.86 secs] 
2020-08-01T08:16:19.029+0800: 12432163.007: [CMS-concurrent-reset-start]
2020-08-01T08:16:19.050+0800: 12432163.027: [CMS-concurrent-reset: 0.021/0.021 secs] [Times: user=0.02 sys=0.02, real=0.02 secs] 
2020-08-01T08:16:21.050+0800: 12432165.028: [GC (CMS Initial Mark) [1 CMS-initial-mark: 4791958K(5472256K)] 5204868K(6209536K), 0.0251798 secs] [Times: user=0.18 sys=0.00, real=0.02 secs] 
2020-08-01T08:16:21.076+0800: 12432165.053: [CMS-concurrent-mark-start]
2020-08-01T08:16:24.320+0800: 12432168.298: [CMS-concurrent-mark: 3.244/3.244 secs] [Times: user=7.15 sys=0.63, real=3.25 secs] 
2020-08-01T08:16:24.320+0800: 12432168.298: [CMS-concurrent-preclean-start]
2020-08-01T08:16:24.328+0800: 12432168.306: [CMS-concurrent-preclean: 0.008/0.008 secs] [Times: user=0.01 sys=0.01, real=0.01 secs] 
2020-08-01T08:16:24.328+0800: 12432168.306: [CMS-concurrent-abortable-preclean-start]
 CMS: abort preclean due to time 2020-08-01T08:16:29.430+0800: 12432173.408: [CMS-concurrent-abortable-preclean: 3.797/5.101 secs] [Times: user=4.45 sys=0.67, real=5.10 secs] 
2020-08-01T08:16:29.431+0800: 12432173.409: [GC (CMS Final Remark) [YG occupancy: 635048 K (737280 K)]2020-08-01T08:16:29.431+0800: 12432173.409: [Rescan (parallel) , 0.0483048 secs]2020-08-01T08:16:29.480+0800: 12432173.458: [weak refs processing, 0.0001133 secs]2020-08-01T08:16:29.480+0800: 12432173.458: [class unloading, 0.0177431 secs]2020-08-01T08:16:29.498+0800: 12432173.475: [scrub symbol table, 0.0063356 secs]2020-08-01T08:16:29.504+0800: 12432173.482: [scrub string table, 0.0008795 secs][1 CMS-remark: 4791958K(5472256K)] 5427006K(6209536K), 0.0735446 secs] [Times: user=0.36 sys=0.00, real=0.07 secs] 
2020-08-01T08:16:29.505+0800: 12432173.483: [CMS-concurrent-sweep-start]
2020-08-01T08:16:31.281+0800: 12432175.259: [CMS-concurrent-sweep: 1.776/1.776 secs] [Times: user=2.06 sys=0.18, real=1.78 secs] 
2020-08-01T08:16:31.281+0800: 12432175.259: [CMS-concurrent-reset-start]
2020-08-01T08:16:31.300+0800: 12432175.278: [CMS-concurrent-reset: 0.019/0.019 secs] [Times: user=0.03 sys=0.00, real=0.02 secs] 
2020-08-01T08:16:32.190+0800: 12432176.168: [GC (Allocation Failure) 2020-08-01T08:16:32.190+0800: 12432176.168: [ParNew: 719069K->65606K(737280K), 0.0844090 secs] 5510666K->4898865K(6209536K), 0.0845826 secs] [Times: user=0.58 sys=0.00, real=0.08 secs] 
2020-08-01T08:16:32.276+0800: 12432176.254: [GC (CMS Initial Mark) [1 CMS-initial-mark: 4833259K(5472256K)] 4910155K(6209536K), 0.0052971 secs] [Times: user=0.03 sys=0.00, real=0.01 secs] 
2020-08-01T08:16:32.281+0800: 12432176.259: [CMS-concurrent-mark-start]
2020-08-01T08:16:35.097+0800: 12432179.075: [CMS-concurrent-mark: 2.814/2.815 secs] [Times: user=6.18 sys=0.24, real=2.81 secs] 
2020-08-01T08:16:35.097+0800: 12432179.075: [CMS-concurrent-preclean-start]
2020-08-01T08:16:35.104+0800: 12432179.082: [CMS-concurrent-preclean: 0.007/0.007 secs] [Times: user=0.01 sys=0.00, real=0.01 secs] 
2020-08-01T08:16:35.104+0800: 12432179.082: [CMS-concurrent-abortable-preclean-start]
 CMS: abort preclean due to time 2020-08-01T08:16:40.314+0800: 12432184.292: [CMS-concurrent-abortable-preclean: 3.408/5.210 secs] [Times: user=4.33 sys=0.70, real=5.21 secs] 
2020-08-01T08:16:40.316+0800: 12432184.294: [GC (CMS Final Remark) [YG occupancy: 357820 K (737280 K)]2020-08-01T08:16:40.316+0800: 12432184.294: [Rescan (parallel) , 0.0235564 secs]2020-08-01T08:16:40.340+0800: 12432184.317: [weak refs processing, 0.0000725 secs]2020-08-01T08:16:40.340+0800: 12432184.318: [class unloading, 0.0244733 secs]2020-08-01T08:16:40.364+0800: 12432184.342: [scrub symbol table, 0.0061533 secs]2020-08-01T08:16:40.370+0800: 12432184.348: [scrub string table, 0.0008750 secs][1 CMS-remark: 4833259K(5472256K)] 5191079K(6209536K), 0.0663462 secs] [Times: user=0.23 sys=0.00, real=0.07 secs] 
2020-08-01T08:16:40.383+0800: 12432184.360: [CMS-concurrent-sweep-start]
2020-08-01T08:16:42.216+0800: 12432186.194: [CMS-concurrent-sweep: 1.829/1.833 secs] [Times: user=2.15 sys=0.17, real=1.83 secs] 
2020-08-01T08:16:42.216+0800: 12432186.194: [CMS-concurrent-reset-start]
2020-08-01T08:16:42.235+0800: 12432186.213: [CMS-concurrent-reset: 0.019/0.019 secs] [Times: user=0.02 sys=0.00, real=0.02 secs] 
2020-08-01T08:16:44.236+0800: 12432188.214: [GC (CMS Initial Mark) [1 CMS-initial-mark: 4832717K(5472256K)] 5283459K(6209536K), 0.0248811 secs] [Times: user=0.19 sys=0.00, real=0.03 secs] 
2020-08-01T08:16:44.261+0800: 12432188.239: [CMS-concurrent-mark-start]
2020-08-01T08:16:46.022+0800: 12432190.000: [GC (Allocation Failure) 2020-08-01T08:16:46.022+0800: 12432190.000: [ParNew: 720966K->81920K(737280K), 0.9255269 secs] 5553684K->5119361K(6209536K), 0.9257239 secs] [Times: user=5.83 sys=0.00, real=0.93 secs] 
2020-08-01T08:16:48.685+0800: 12432192.663: [CMS-concurrent-mark: 3.493/4.424 secs] [Times: user=15.04 sys=0.08, real=4.42 secs] 
2020-08-01T08:16:48.685+0800: 12432192.663: [CMS-concurrent-preclean-start]
2020-08-01T08:16:48.943+0800: 12432192.921: [CMS-concurrent-preclean: 0.257/0.258 secs] [Times: user=0.53 sys=0.00, real=0.26 secs] 
2020-08-01T08:16:48.943+0800: 12432192.921: [CMS-concurrent-abortable-preclean-start]
2020-08-01T08:16:52.075+0800: 12432196.052: [GC (Allocation Failure) 2020-08-01T08:16:52.075+0800: 12432196.053: [ParNew: 737280K->71147K(737280K), 0.1869315 secs] 5774721K->5267499K(6209536K), 0.1871218 secs] [Times: user=1.26 sys=0.00, real=0.19 secs] 
2020-08-01T08:16:52.610+0800: 12432196.588: [CMS-concurrent-abortable-preclean: 3.173/3.667 secs] [Times: user=7.97 sys=0.00, real=3.67 secs] 
2020-08-01T08:16:52.612+0800: 12432196.590: [GC (CMS Final Remark) [YG occupancy: 529774 K (737280 K)]2020-08-01T08:16:52.612+0800: 12432196.590: [Rescan (parallel) , 0.0536609 secs]2020-08-01T08:16:52.665+0800: 12432196.643: [weak refs processing, 0.0000383 secs]2020-08-01T08:16:52.665+0800: 12432196.643: [class unloading, 0.0174231 secs]2020-08-01T08:16:52.683+0800: 12432196.661: [scrub symbol table, 0.0062364 secs]2020-08-01T08:16:52.689+0800: 12432196.667: [scrub string table, 0.0008811 secs][1 CMS-remark: 5196352K(5472256K)] 5726126K(6209536K), 0.0783954 secs] [Times: user=0.37 sys=0.00, real=0.08 secs] 
2020-08-01T08:16:52.690+0800: 12432196.668: [CMS-concurrent-sweep-start]
2020-08-01T08:16:52.851+0800: 12432196.829: [GC (Allocation Failure) 2020-08-01T08:16:52.851+0800: 12432196.829: [ParNew: 726507K->28644K(737280K), 0.0582416 secs] 5922857K->5224994K(6209536K), 0.0584221 secs] [Times: user=0.40 sys=0.00, real=0.06 secs] 
2020-08-01T08:16:53.397+0800: 12432197.375: [GC (Allocation Failure) 2020-08-01T08:16:53.397+0800: 12432197.375: [ParNew: 684004K->33023K(737280K), 0.0670681 secs] 5880351K->5229369K(6209536K), 0.0672424 secs] [Times: user=0.47 sys=0.00, real=0.07 secs] 
2020-08-01T08:16:53.969+0800: 12432197.947: [GC (Allocation Failure) 2020-08-01T08:16:53.969+0800: 12432197.947: [ParNew: 688383K->30293K(737280K), 0.0668818 secs] 5884728K->5226639K(6209536K), 0.0670667 secs] [Times: user=0.52 sys=0.00, real=0.06 secs] 
2020-08-01T08:16:54.496+0800: 12432198.474: [GC (Allocation Failure) 2020-08-01T08:16:54.496+0800: 12432198.474: [ParNew: 685653K->32767K(737280K), 0.0666631 secs] 5881997K->5229111K(6209536K), 0.0668390 secs] [Times: user=0.52 sys=0.00, real=0.07 secs] 
2020-08-01T08:16:54.802+0800: 12432198.780: [CMS-concurrent-sweep: 1.845/2.112 secs] [Times: user=5.62 sys=0.00, real=2.11 secs] 
2020-08-01T08:16:54.802+0800: 12432198.780: [CMS-concurrent-reset-start]
2020-08-01T08:16:54.821+0800: 12432198.799: [CMS-concurrent-reset: 0.019/0.019 secs] [Times: user=0.04 sys=0.00, real=0.02 secs] 
2020-08-01T08:16:55.004+0800: 12432198.981: [GC (Allocation Failure) 2020-08-01T08:16:55.004+0800: 12432198.981: [ParNew: 688127K->30237K(737280K), 0.0667739 secs] 5884469K->5226579K(6209536K), 0.0669566 secs] [Times: user=0.50 sys=0.00, real=0.07 secs] 
2020-08-01T08:16:55.072+0800: 12432199.050: [GC (CMS Initial Mark) [1 CMS-initial-mark: 5196341K(5472256K)] 5238873K(6209536K), 0.0078367 secs] [Times: user=0.05 sys=0.00, real=0.01 secs] 
2020-08-01T08:16:55.080+0800: 12432199.058: [CMS-concurrent-mark-start]
2020-08-01T08:16:55.684+0800: 12432199.662: [GC (Allocation Failure) 2020-08-01T08:16:55.684+0800: 12432199.662: [ParNew: 685597K->20158K(737280K), 0.1250547 secs] 5881939K->5236593K(6209536K), 0.1252122 secs] [Times: user=0.79 sys=0.00, real=0.13 secs] 
2020-08-01T08:16:56.266+0800: 12432200.244: [GC (Allocation Failure) 2020-08-01T08:16:56.266+0800: 12432200.244: [ParNew: 675518K->5052K(737280K), 0.0096308 secs] 5891953K->5221498K(6209536K), 0.0097708 secs] [Times: user=0.07 sys=0.00, real=0.01 secs] 
2020-08-01T08:16:56.728+0800: 12432200.706: [GC (Allocation Failure) 2020-08-01T08:16:56.728+0800: 12432200.706: [ParNew: 660412K->1274K(737280K), 0.0071033 secs] 5876858K->5217722K(6209536K), 0.0072353 secs] [Times: user=0.05 sys=0.00, real=0.00 secs] 
2020-08-01T08:16:57.188+0800: 12432201.166: [GC (Allocation Failure) 2020-08-01T08:16:57.188+0800: 12432201.166: [ParNew: 656634K->330K(737280K), 0.0092541 secs] 5873082K->5216779K(6209536K), 0.0093854 secs] [Times: user=0.05 sys=0.00, real=0.00 secs] 
2020-08-01T08:16:57.660+0800: 12432201.638: [GC (Allocation Failure) 2020-08-01T08:16:57.660+0800: 12432201.638: [ParNew: 655690K->85K(737280K), 0.0074496 secs] 5872139K->5216540K(6209536K), 0.0076037 secs] [Times: user=0.06 sys=0.00, real=0.01 secs] 
2020-08-01T08:16:58.188+0800: 12432202.165: [GC (Allocation Failure) 2020-08-01T08:16:58.188+0800: 12432202.166: [ParNew: 655445K->26K(737280K), 0.0103688 secs] 5871900K->5216484K(6209536K), 0.0105166 secs] [Times: user=0.06 sys=0.00, real=0.00 secs] 
2020-08-01T08:16:58.819+0800: 12432202.796: [GC (Allocation Failure) 2020-08-01T08:16:58.819+0800: 12432202.796: [ParNew: 655386K->18K(737280K), 0.0068562 secs] 5871844K->5216475K(6209536K), 0.0069881 secs] [Times: user=0.05 sys=0.00, real=0.00 secs] 
2020-08-01T08:16:59.288+0800: 12432203.266: [GC (Allocation Failure) 2020-08-01T08:16:59.288+0800: 12432203.266: [ParNew: 655378K->20K(737280K), 0.0069761 secs] 5871835K->5216482K(6209536K), 0.0071062 secs] [Times: user=0.05 sys=0.00, real=0.00 secs] 
2020-08-01T08:16:59.956+0800: 12432203.934: [GC (Allocation Failure) 2020-08-01T08:16:59.956+0800: 12432203.934: [ParNew: 655380K->18K(737280K), 0.0068692 secs] 5871842K->5216481K(6209536K), 0.0070102 secs] [Times: user=0.05 sys=0.00, real=0.01 secs] 
2020-08-01T08:17:00.099+0800: 12432204.077: [CMS-concurrent-mark: 4.814/5.019 secs] [Times: user=15.72 sys=0.00, real=5.02 secs] 
2020-08-01T08:17:00.100+0800: 12432204.077: [CMS-concurrent-preclean-start]
2020-08-01T08:17:00.165+0800: 12432204.143: [CMS-concurrent-preclean: 0.066/0.066 secs] [Times: user=0.13 sys=0.00, real=0.06 secs] 
2020-08-01T08:17:00.166+0800: 12432204.143: [CMS-concurrent-abortable-preclean-start]
2020-08-01T08:17:00.474+0800: 12432204.452: [GC (Allocation Failure) 2020-08-01T08:17:00.474+0800: 12432204.452: [ParNew: 655378K->20K(737280K), 0.0081183 secs] 5871841K->5216485K(6209536K), 0.0082851 secs] [Times: user=0.06 sys=0.00, real=0.01 secs] 
2020-08-01T08:17:00.828+0800: 12432204.806: [CMS-concurrent-abortable-preclean: 0.078/0.662 secs] [Times: user=0.80 sys=0.00, real=0.67 secs] 
2020-08-01T08:17:00.829+0800: 12432204.807: [GC (CMS Final Remark) [YG occupancy: 510766 K (737280 K)]2020-08-01T08:17:00.830+0800: 12432204.807: [Rescan (parallel) , 0.0367305 secs]2020-08-01T08:17:00.866+0800: 12432204.844: [weak refs processing, 0.0000502 secs]2020-08-01T08:17:00.866+0800: 12432204.844: [class unloading, 0.0181764 secs]2020-08-01T08:17:00.885+0800: 12432204.862: [scrub symbol table, 0.0065078 secs]2020-08-01T08:17:00.891+0800: 12432204.869: [scrub string table, 0.0009600 secs][1 CMS-remark: 5216465K(5472256K)] 5727232K(6209536K), 0.0625997 secs] [Times: user=0.31 sys=0.00, real=0.06 secs] 
2020-08-01T08:17:00.892+0800: 12432204.870: [CMS-concurrent-sweep-start]
2020-08-01T08:17:01.063+0800: 12432205.041: [GC (Allocation Failure) 2020-08-01T08:17:01.063+0800: 12432205.041: [ParNew: 655380K->20K(737280K), 0.0072686 secs] 5871764K->5216404K(6209536K), 0.0074130 secs] [Times: user=0.05 sys=0.00, real=0.01 secs] 
2020-08-01T08:17:01.749+0800: 12432205.727: [GC (Allocation Failure) 2020-08-01T08:17:01.749+0800: 12432205.727: [ParNew: 655380K->16K(737280K), 0.0095101 secs] 5844791K->5189427K(6209536K), 0.0097024 secs] [Times: user=0.06 sys=0.00, real=0.01 secs] 
2020-08-01T08:17:02.416+0800: 12432206.394: [GC (Allocation Failure) 2020-08-01T08:17:02.416+0800: 12432206.394: [ParNew: 655376K->20K(737280K), 0.0096350 secs] 5789827K->5134471K(6209536K), 0.0097615 secs] [Times: user=0.06 sys=0.00, real=0.01 secs] 
2020-08-01T08:17:03.085+0800: 12432207.062: [GC (Allocation Failure) 2020-08-01T08:17:03.085+0800: 12432207.063: [ParNew: 655380K->27K(737280K), 0.0093648 secs] 5732952K->5077604K(6209536K), 0.0095031 secs] [Times: user=0.06 sys=0.00, real=0.01 secs] 
2020-08-01T08:17:03.699+0800: 12432207.676: [GC (Allocation Failure) 2020-08-01T08:17:03.699+0800: 12432207.677: [ParNew: 655387K->28K(737280K), 0.0166390 secs] 5677740K->5022384K(6209536K), 0.0168329 secs] [Times: user=0.09 sys=0.00, real=0.01 secs] 
2020-08-01T08:17:03.910+0800: 12432207.888: [CMS-concurrent-sweep: 2.955/3.018 secs] [Times: user=6.26 sys=0.00, real=3.02 secs] 
2020-08-01T08:17:03.910+0800: 12432207.888: [CMS-concurrent-reset-start]
2020-08-01T08:17:03.929+0800: 12432207.907: [CMS-concurrent-reset: 0.019/0.019 secs] [Times: user=0.04 sys=0.00, real=0.02 secs] 
2020-08-01T08:17:04.195+0800: 12432208.173: [GC (Allocation Failure) 2020-08-01T08:17:04.196+0800: 12432208.173: [ParNew: 655388K->28K(737280K), 0.0121321 secs] 5672775K->5017415K(6209536K), 0.0122925 secs] [Times: user=0.06 sys=0.00, real=0.02 secs] 
2020-08-01T08:17:04.209+0800: 12432208.187: [GC (CMS Initial Mark) [1 CMS-initial-mark: 5017386K(5472256K)] 5030518K(6209536K), 0.0010921 secs] [Times: user=0.01 sys=0.00, real=0.00 secs] 
2020-08-01T08:17:04.210+0800: 12432208.188: [CMS-concurrent-mark-start]
2020-08-01T08:17:04.659+0800: 12432208.637: [GC (Allocation Failure) 2020-08-01T08:17:04.659+0800: 12432208.637: [ParNew: 655388K->36K(737280K), 0.0093398 secs] 5672775K->5017423K(6209536K), 0.0094848 secs] [Times: user=0.06 sys=0.00, real=0.01 secs] 
2020-08-01T08:17:05.097+0800: 12432209.075: [GC (Allocation Failure) 2020-08-01T08:17:05.097+0800: 12432209.075: [ParNew: 655396K->48K(737280K), 0.0069116 secs] 5672783K->5017436K(6209536K), 0.0070545 secs] [Times: user=0.05 sys=0.00, real=0.01 secs] 
2020-08-01T08:17:05.547+0800: 12432209.524: [GC (Allocation Failure) 2020-08-01T08:17:05.547+0800: 12432209.525: [ParNew: 655408K->48K(737280K), 0.0072093 secs] 5672796K->5017436K(6209536K), 0.0073694 secs] [Times: user=0.06 sys=0.00, real=0.00 secs] 
2020-08-01T08:17:06.018+0800: 12432209.996: [GC (Allocation Failure) 2020-08-01T08:17:06.019+0800: 12432209.996: [ParNew: 655408K->42K(737280K), 0.0101291 secs] 5672796K->5017444K(6209536K), 0.0103121 secs] [Times: user=0.08 sys=0.00, real=0.02 secs] 
2020-08-01T08:17:06.482+0800: 12432210.460: [GC (Allocation Failure) 2020-08-01T08:17:06.482+0800: 12432210.460: [ParNew: 655402K->33K(737280K), 0.0070702 secs] 5672804K->5017436K(6209536K), 0.0072127 secs] [Times: user=0.05 sys=0.00, real=0.01 secs] 
2020-08-01T08:17:06.941+0800: 12432210.918: [GC (Allocation Failure) 2020-08-01T08:17:06.941+0800: 12432210.918: [ParNew: 655393K->33K(737280K), 0.0069886 secs] 5672796K->5017437K(6209536K), 0.0071290 secs] [Times: user=0.06 sys=0.00, real=0.01 secs] 
2020-08-01T08:17:07.400+0800: 12432211.378: [GC (Allocation Failure) 2020-08-01T08:17:07.400+0800: 12432211.378: [ParNew: 655393K->21K(737280K), 0.0095457 secs] 5672797K->5017435K(6209536K), 0.0096788 secs] [Times: user=0.06 sys=0.00, real=0.01 secs] 
2020-08-01T08:17:07.835+0800: 12432211.813: [GC (Allocation Failure) 2020-08-01T08:17:07.835+0800: 12432211.813: [ParNew: 655381K->16K(737280K), 0.0135689 secs] 5672795K->5017441K(6209536K), 0.0137437 secs] [Times: user=0.06 sys=0.00, real=0.02 secs] 
2020-08-01T08:17:08.293+0800: 12432212.271: [GC (Allocation Failure) 2020-08-01T08:17:08.294+0800: 12432212.271: [ParNew: 655376K->34K(737280K), 0.0115754 secs] 5672801K->5017460K(6209536K), 0.0117253 secs] [Times: user=0.06 sys=0.00, real=0.01 secs] 
2020-08-01T08:17:08.742+0800: 12432212.720: [GC (Allocation Failure) 2020-08-01T08:17:08.742+0800: 12432212.720: [ParNew: 655394K->46K(737280K), 0.0068393 secs] 5672820K->5017471K(6209536K), 0.0069787 secs] [Times: user=0.04 sys=0.00, real=0.01 secs] 
2020-08-01T08:17:09.264+0800: 12432213.242: [GC (Allocation Failure) 2020-08-01T08:17:09.265+0800: 12432213.242: [ParNew: 655406K->53K(737280K), 0.0210475 secs] 5672831K->5017478K(6209536K), 0.0212185 secs] [Times: user=0.13 sys=0.00, real=0.02 secs] 
2020-08-01T08:17:09.704+0800: 12432213.682: [CMS-concurrent-mark: 5.363/5.493 secs] [Times: user=16.86 sys=0.00, real=5.49 secs] 
2020-08-01T08:17:09.704+0800: 12432213.682: [CMS-concurrent-preclean-start]
2020-08-01T08:17:09.712+0800: 12432213.690: [CMS-concurrent-preclean: 0.008/0.008 secs] [Times: user=0.02 sys=0.00, real=0.01 secs] 
2020-08-01T08:17:09.712+0800: 12432213.690: [CMS-concurrent-abortable-preclean-start]
2020-08-01T08:17:09.774+0800: 12432213.752: [GC (Allocation Failure) 2020-08-01T08:17:09.774+0800: 12432213.752: [ParNew: 655413K->47K(737280K), 0.0071459 secs] 5672838K->5017474K(6209536K), 0.0072815 secs] [Times: user=0.05 sys=0.00, real=0.01 secs] 
2020-08-01T08:17:10.215+0800: 12432214.193: [CMS-concurrent-abortable-preclean: 0.040/0.504 secs] [Times: user=0.59 sys=0.00, real=0.50 secs] 
2020-08-01T08:17:10.217+0800: 12432214.195: [GC (CMS Final Remark) [YG occupancy: 589493 K (737280 K)]2020-08-01T08:17:10.217+0800: 12432214.195: [Rescan (parallel) , 0.0410878 secs]2020-08-01T08:17:10.258+0800: 12432214.236: [weak refs processing, 0.0000557 secs]2020-08-01T08:17:10.258+0800: 12432214.236: [class unloading, 0.0188744 secs]2020-08-01T08:17:10.277+0800: 12432214.255: [scrub symbol table, 0.0061885 secs]2020-08-01T08:17:10.283+0800: 12432214.261: [scrub string table, 0.0008485 secs][1 CMS-remark: 5017427K(5472256K)] 5606920K(6209536K), 0.0672321 secs] [Times: user=0.34 sys=0.00, real=0.07 secs] 
2020-08-01T08:17:10.284+0800: 12432214.262: [CMS-concurrent-sweep-start]
2020-08-01T08:17:10.334+0800: 12432214.312: [GC (Allocation Failure) 2020-08-01T08:17:10.334+0800: 12432214.312: [ParNew: 655407K->48K(737280K), 0.0096333 secs] 5672831K->5017472K(6209536K), 0.0097710 secs] [Times: user=0.07 sys=0.00, real=0.01 secs] 
2020-08-01T08:17:10.882+0800: 12432214.860: [GC (Allocation Failure) 2020-08-01T08:17:10.882+0800: 12432214.860: [ParNew: 655408K->49K(737280K), 0.0075827 secs] 5639971K->4984612K(6209536K), 0.0077558 secs] [Times: user=0.06 sys=0.00, real=0.01 secs] 
2020-08-01T08:17:11.373+0800: 12432215.351: [GC (Allocation Failure) 2020-08-01T08:17:11.373+0800: 12432215.351: [ParNew: 655409K->119K(737280K), 0.0083338 secs] 5619381K->4964115K(6209536K), 0.0084678 secs] [Times: user=0.06 sys=0.00, real=0.01 secs] 
2020-08-01T08:17:11.888+0800: 12432215.866: [GC (Allocation Failure) 2020-08-01T08:17:11.888+0800: 12432215.866: [ParNew: 655479K->104K(737280K), 0.0114190 secs] 5610205K->4954842K(6209536K), 0.0115782 secs] [Times: user=0.06 sys=0.00, real=0.01 secs] 
2020-08-01T08:17:12.419+0800: 12432216.397: [GC (Allocation Failure) 2020-08-01T08:17:12.419+0800: 12432216.397: [ParNew: 655464K->120K(737280K), 0.0068607 secs] 5605654K->4950311K(6209536K), 0.0070084 secs] [Times: user=0.05 sys=0.00, real=0.00 secs] 
2020-08-01T08:17:12.913+0800: 12432216.891: [GC (Allocation Failure) 2020-08-01T08:17:12.913+0800: 12432216.891: [ParNew: 655480K->158K(737280K), 0.0073996 secs] 5465332K->4810011K(6209536K), 0.0075707 secs] [Times: user=0.05 sys=0.00, real=0.01 secs] 
2020-08-01T08:17:13.138+0800: 12432217.116: [CMS-concurrent-sweep: 2.791/2.854 secs] [Times: user=5.96 sys=0.00, real=2.85 secs] 
2020-08-01T08:17:13.138+0800: 12432217.116: [CMS-concurrent-reset-start]
2020-08-01T08:17:13.157+0800: 12432217.135: [CMS-concurrent-reset: 0.019/0.019 secs] [Times: user=0.04 sys=0.00, real=0.02 secs] 
2020-08-01T08:17:13.450+0800: 12432217.428: [GC (Allocation Failure) 2020-08-01T08:17:13.450+0800: 12432217.428: [ParNew: 655518K->157K(737280K), 0.0091915 secs] 5407630K->4752269K(6209536K), 0.0093324 secs] [Times: user=0.07 sys=0.00, real=0.01 secs] 
2020-08-01T08:17:13.460+0800: 12432217.438: [GC (CMS Initial Mark) [1 CMS-initial-mark: 4752112K(5472256K)] 4765359K(6209536K), 0.0009792 secs] [Times: user=0.00 sys=0.00, real=0.00 secs] 
2020-08-01T08:17:13.462+0800: 12432217.439: [CMS-concurrent-mark-start]
2020-08-01T08:17:13.966+0800: 12432217.944: [GC (Allocation Failure) 2020-08-01T08:17:13.966+0800: 12432217.944: [ParNew: 655517K->165K(737280K), 0.0070054 secs] 5407629K->4752278K(6209536K), 0.0071410 secs] [Times: user=0.05 sys=0.00, real=0.01 secs] 
2020-08-01T08:17:18.559+0800: 12432222.536: [CMS-concurrent-mark: 5.088/5.097 secs] [Times: user=11.59 sys=0.00, real=5.10 secs] 
2020-08-01T08:17:18.559+0800: 12432222.537: [CMS-concurrent-preclean-start]
2020-08-01T08:17:18.568+0800: 12432222.546: [CMS-concurrent-preclean: 0.010/0.010 secs] [Times: user=0.02 sys=0.00, real=0.01 secs] 
2020-08-01T08:17:18.569+0800: 12432222.546: [CMS-concurrent-abortable-preclean-start]
 CMS: abort preclean due to time 2020-08-01T08:17:23.656+0800: 12432227.633: [CMS-concurrent-abortable-preclean: 0.408/5.087 secs] [Times: user=1.40 sys=0.00, real=5.08 secs] 
2020-08-01T08:17:23.657+0800: 12432227.635: [GC (CMS Final Remark) [YG occupancy: 272166 K (737280 K)]2020-08-01T08:17:23.657+0800: 12432227.635: [Rescan (parallel) , 0.0158170 secs]2020-08-01T08:17:23.673+0800: 12432227.651: [weak refs processing, 0.0000372 secs]2020-08-01T08:17:23.673+0800: 12432227.651: [class unloading, 0.0166037 secs]2020-08-01T08:17:23.690+0800: 12432227.668: [scrub symbol table, 0.0060137 secs]2020-08-01T08:17:23.696+0800: 12432227.674: [scrub string table, 0.0008306 secs][1 CMS-remark: 4752113K(5472256K)] 5024279K(6209536K), 0.0394552 secs] [Times: user=0.14 sys=0.00, real=0.04 secs] 
2020-08-01T08:17:23.698+0800: 12432227.676: [CMS-concurrent-sweep-start]
2020-08-01T08:17:25.430+0800: 12432229.408: [CMS-concurrent-sweep: 1.732/1.732 secs] [Times: user=1.84 sys=0.00, real=1.74 secs] 
2020-08-01T08:17:25.430+0800: 12432229.408: [CMS-concurrent-reset-start]
2020-08-01T08:17:25.450+0800: 12432229.427: [CMS-concurrent-reset: 0.020/0.020 secs] [Times: user=0.02 sys=0.00, real=0.02 secs] 
2020-08-01T08:17:27.450+0800: 12432231.428: [GC (CMS Initial Mark) [1 CMS-initial-mark: 4752038K(5472256K)] 5031648K(6209536K), 0.0147632 secs] [Times: user=0.10 sys=0.00, real=0.01 secs] 
2020-08-01T08:17:27.465+0800: 12432231.443: [CMS-concurrent-mark-start]
2020-08-01T08:17:28.430+0800: 12432232.408: [CMS-concurrent-mark: 0.964/0.964 secs] [Times: user=1.96 sys=0.00, real=0.97 secs] 
2020-08-01T08:17:28.430+0800: 12432232.408: [CMS-concurrent-preclean-start]
2020-08-01T08:17:28.438+0800: 12432232.416: [CMS-concurrent-preclean: 0.008/0.008 secs] [Times: user=0.01 sys=0.00, real=0.00 secs] 
2020-08-01T08:17:28.438+0800: 12432232.416: [CMS-concurrent-abortable-preclean-start]
 CMS: abort preclean due to time 2020-08-01T08:17:33.483+0800: 12432237.461: [CMS-concurrent-abortable-preclean: 0.387/5.045 secs] [Times: user=0.51 sys=0.00, real=5.05 secs] 
2020-08-01T08:17:33.485+0800: 12432237.462: [GC (CMS Final Remark) [YG occupancy: 315805 K (737280 K)]2020-08-01T08:17:33.485+0800: 12432237.463: [Rescan (parallel) , 0.0170090 secs]2020-08-01T08:17:33.502+0800: 12432237.480: [weak refs processing, 0.0000372 secs]2020-08-01T08:17:33.502+0800: 12432237.480: [class unloading, 0.0173665 secs]2020-08-01T08:17:33.519+0800: 12432237.497: [scrub symbol table, 0.0062340 secs]2020-08-01T08:17:33.525+0800: 12432237.503: [scrub string table, 0.0009019 secs][1 CMS-remark: 4752038K(5472256K)] 5067844K(6209536K), 0.0417374 secs] [Times: user=0.15 sys=0.00, real=0.04 secs] 
2020-08-01T08:17:33.527+0800: 12432237.504: [CMS-concurrent-sweep-start]
2020-08-01T08:17:44.030+0800: 12432248.008: [CMS-concurrent-sweep: 10.504/10.504 secs] [Times: user=11.39 sys=0.30, real=10.50 secs] 
2020-08-01T08:17:44.030+0800: 12432248.008: [CMS-concurrent-reset-start]
2020-08-01T08:17:44.049+0800: 12432248.027: [CMS-concurrent-reset: 0.019/0.019 secs] [Times: user=0.02 sys=0.00, real=0.02 secs] 
2020-08-01T08:18:23.260+0800: 12432287.238: [GC (Allocation Failure) 2020-08-01T08:18:23.260+0800: 12432287.238: [ParNew: 655525K->5168K(737280K), 0.0106168 secs] 1411330K->761048K(6209536K), 0.0108106 secs] [Times: user=0.06 sys=0.00, real=0.01 secs] 
2020-08-01T08:20:27.098+0800: 12432411.076: [GC (Allocation Failure) 2020-08-01T08:20:27.108+0800: 12432411.086: [ParNew: 660520K->6982K(737280K), 0.0187766 secs] 1416400K->762862K(6209536K), 0.0288613 secs] [Times: user=0.06 sys=0.00, real=0.04 secs] 
2020-08-01T08:22:19.200+0800: 12432523.178: [GC (Allocation Failure) 2020-08-01T08:22:19.201+0800: 12432523.178: [ParNew: 662342K->20260K(737280K), 0.0218833 secs] 1418222K->776140K(6209536K), 0.0220965 secs] [Times: user=0.08 sys=0.00, real=0.02 secs] 
2020-08-01T08:23:28.958+0800: 12432592.936: [GC (Allocation Failure) 2020-08-01T08:23:28.959+0800: 12432592.936: [ParNew: 675612K->24739K(737280K), 0.0235412 secs] 1431492K->780657K(6209536K), 0.0237448 secs] [Times: user=0.09 sys=0.00, real=0.02 secs] 
2020-08-01T08:25:05.852+0800: 12432689.829: [GC (Allocation Failure) 2020-08-01T08:25:05.852+0800: 12432689.830: [ParNew: 680099K->25434K(737280K), 0.0345374 secs] 1436017K->781355K(6209536K), 0.0348031 secs] [Times: user=0.12 sys=0.00, real=0.03 secs] 
2020-08-01T08:26:57.053+0800: 12432801.031: [GC (Allocation Failure) 2020-08-01T08:26:57.053+0800: 12432801.031: [ParNew: 680790K->20825K(737280K), 0.0220332 secs] 1436711K->776746K(6209536K), 0.0222472 secs] [Times: user=0.08 sys=0.00, real=0.02 secs] 
2020-08-01T08:28:46.861+0800: 12432910.839: [GC (Allocation Failure) 2020-08-01T08:28:46.870+0800: 12432910.848: [ParNew: 676185K->21737K(737280K), 0.0367121 secs] 1432106K->778328K(6209536K), 0.0454809 secs] [Times: user=0.10 sys=0.00, real=0.05 secs] 
2020-08-01T08:31:17.479+0800: 12433061.457: [GC (Allocation Failure) 2020-08-01T08:31:17.479+0800: 12433061.457: [ParNew: 677041K->19717K(737280K), 0.0194036 secs] 1433632K->776443K(6209536K), 0.0196221 secs] [Times: user=0.08 sys=0.00, real=0.02 secs] 
2020-08-01T08:32:29.264+0800: 12433133.242: [GC (Allocation Failure) 2020-08-01T08:32:29.264+0800: 12433133.242: [ParNew: 675021K->10460K(737280K), 0.0189902 secs] 1431747K->767546K(6209536K), 0.0191641 secs] [Times: user=0.08 sys=0.00, real=0.02 secs] 
2020-08-01T08:34:58.821+0800: 12433282.799: [GC (Allocation Failure) 2020-08-01T08:34:58.821+0800: 12433282.799: [ParNew: 665820K->15134K(737280K), 0.0199257 secs] 1422906K->772510K(6209536K), 0.0201308 secs] [Times: user=0.08 sys=0.00, real=0.02 secs] 
2020-08-01T08:36:37.643+0800: 12433381.621: [GC (Allocation Failure) 2020-08-01T08:36:37.643+0800: 12433381.621: [ParNew: 670494K->12820K(737280K), 0.0380274 secs] 1427870K->770280K(6209536K), 0.0382131 secs] [Times: user=0.21 sys=0.00, real=0.04 secs] 
2020-08-01T08:42:06.998+0800: 12433710.976: [GC (Allocation Failure) 2020-08-01T08:42:06.998+0800: 12433710.976: [ParNew: 668180K->16743K(737280K), 0.0251572 secs] 1425640K->774417K(6209536K), 0.0253832 secs] [Times: user=0.07 sys=0.00, real=0.03 secs] 
2020-08-01T08:45:47.511+0800: 12433931.489: [GC (Allocation Failure) 2020-08-01T08:45:47.517+0800: 12433931.495: [ParNew: 672103K->16505K(737280K), 0.0217923 secs] 1429777K->774385K(6209536K), 0.0272510 secs] [Times: user=0.07 sys=0.00, real=0.03 secs] 
2020-08-01T08:47:40.889+0800: 12434044.867: [GC (Allocation Failure) 2020-08-01T08:47:40.889+0800: 12434044.867: [ParNew: 671865K->14047K(737280K), 0.0210250 secs] 1429745K->772134K(6209536K), 0.0212057 secs] [Times: user=0.08 sys=0.00, real=0.02 secs] 
2020-08-01T08:49:52.683+0800: 12434176.661: [GC (Allocation Failure) 2020-08-01T08:49:52.689+0800: 12434176.667: [ParNew: 669407K->14142K(737280K), 0.0210490 secs] 1427494K->772230K(6209536K), 0.0271436 secs] [Times: user=0.08 sys=0.00, real=0.03 secs] 
2020-08-01T08:53:08.918+0800: 12434372.896: [GC (Allocation Failure) 2020-08-01T08:53:08.919+0800: 12434372.896: [ParNew: 669502K->16244K(737280K), 0.0189790 secs] 1427590K->774417K(6209536K), 0.0192308 secs] [Times: user=0.07 sys=0.01, real=0.02 secs] 
2020-08-01T08:56:47.150+0800: 12434591.127: [GC (Allocation Failure) 2020-08-01T08:56:47.150+0800: 12434591.127: [ParNew: 671604K->14822K(737280K), 0.0178568 secs] 1429777K->774256K(6209536K), 0.0180572 secs] [Times: user=0.06 sys=0.00, real=0.02 secs] 
2020-08-01T08:59:56.632+0800: 12434780.610: [GC (Allocation Failure) 2020-08-01T08:59:56.636+0800: 12434780.614: [ParNew: 670182K->14547K(737280K), 0.0165027 secs] 1429616K->774338K(6209536K), 0.0204442 secs] [Times: user=0.07 sys=0.00, real=0.02 secs] 
2020-08-01T09:01:44.240+0800: 12434888.218: [GC (Allocation Failure) 2020-08-01T09:01:44.241+0800: 12434888.218: [ParNew: 669907K->17194K(737280K), 0.0227026 secs] 1429698K->777254K(6209536K), 0.0229260 secs] [Times: user=0.10 sys=0.00, real=0.02 secs] 
2020-08-01T09:03:41.188+0800: 12435005.166: [GC (Allocation Failure) 2020-08-01T09:03:41.188+0800: 12435005.166: [ParNew: 672554K->18018K(737280K), 0.0622223 secs] 1432614K->779322K(6209536K), 0.0625295 secs] [Times: user=0.12 sys=0.00, real=0.06 secs] 
2020-08-01T09:05:25.535+0800: 12435109.513: [GC (Allocation Failure) 2020-08-01T09:05:25.535+0800: 12435109.513: [ParNew: 673378K->20031K(737280K), 0.0640731 secs] 1434682K->781551K(6209536K), 0.0643663 secs] [Times: user=0.21 sys=0.01, real=0.07 secs] 
2020-08-01T09:07:36.536+0800: 12435240.514: [GC (Allocation Failure) 2020-08-01T09:07:36.536+0800: 12435240.514: [ParNew: 675391K->19606K(737280K), 0.0215398 secs] 1436911K->781396K(6209536K), 0.0217375 secs] [Times: user=0.09 sys=0.00, real=0.02 secs] 
2020-08-01T09:11:10.138+0800: 12435454.115: [GC (Allocation Failure) 2020-08-01T09:11:10.144+0800: 12435454.122: [ParNew: 674966K->16184K(737280K), 0.0190901 secs] 1436756K->778079K(6209536K), 0.0255949 secs] [Times: user=0.07 sys=0.01, real=0.03 secs] 
2020-08-01T09:13:40.064+0800: 12435604.041: [GC (Allocation Failure) 2020-08-01T09:13:40.064+0800: 12435604.042: [ParNew: 671470K->15292K(737280K), 0.0155216 secs] 1433365K->777326K(6209536K), 0.0157241 secs] [Times: user=0.07 sys=0.00, real=0.02 secs] 
2020-08-01T09:15:46.993+0800: 12435730.971: [GC (Allocation Failure) 2020-08-01T09:15:46.993+0800: 12435730.971: [ParNew: 670652K->16214K(737280K), 0.0178773 secs] 1432686K->778388K(6209536K), 0.0180582 secs] [Times: user=0.07 sys=0.00, real=0.02 secs] 
2020-08-01T09:18:53.343+0800: 12435917.321: [GC (Allocation Failure) 2020-08-01T09:18:53.350+0800: 12435917.328: [ParNew: 671574K->17992K(737280K), 0.0209551 secs] 1433748K->780558K(6209536K), 0.0279380 secs] [Times: user=0.08 sys=0.00, real=0.03 secs] 
2020-08-01T09:22:52.570+0800: 12436156.548: [GC (Allocation Failure) 2020-08-01T09:22:52.570+0800: 12436156.548: [ParNew: 673352K->12073K(737280K), 0.0157651 secs] 1435918K->776047K(6209536K), 0.0159629 secs] [Times: user=0.05 sys=0.02, real=0.01 secs] 
2020-08-01T09:28:06.083+0800: 12436470.061: [GC (Allocation Failure) 2020-08-01T09:28:06.083+0800: 12436470.061: [ParNew: 667433K->14677K(737280K), 0.0194352 secs] 1431407K->778785K(6209536K), 0.0196245 secs] [Times: user=0.06 sys=0.00, real=0.02 secs] 
2020-08-01T09:31:54.652+0800: 12436698.630: [GC (Allocation Failure) 2020-08-01T09:31:54.652+0800: 12436698.630: [ParNew: 670037K->10296K(737280K), 0.0285484 secs] 1434145K->774547K(6209536K), 0.0287382 secs] [Times: user=0.12 sys=0.00, real=0.03 secs] 
2020-08-01T09:35:35.422+0800: 12436919.400: [GC (Allocation Failure) 2020-08-01T09:35:35.422+0800: 12436919.400: [ParNew: 665656K->9262K(737280K), 0.0170837 secs] 1429907K->773715K(6209536K), 0.0172653 secs] [Times: user=0.07 sys=0.00, real=0.02 secs] 
2020-08-01T09:40:23.500+0800: 12437207.478: [GC (Allocation Failure) 2020-08-01T09:40:23.501+0800: 12437207.479: [ParNew: 664622K->10788K(737280K), 0.0173668 secs] 1429075K->775632K(6209536K), 0.0192055 secs] [Times: user=0.07 sys=0.00, real=0.02 secs] 
2020-08-01T09:43:17.644+0800: 12437381.622: [GC (Allocation Failure) 2020-08-01T09:43:17.644+0800: 12437381.622: [ParNew: 666148K->9765K(737280K), 0.0133182 secs] 1430992K->774728K(6209536K), 0.0135162 secs] [Times: user=0.06 sys=0.00, real=0.01 secs] 
2020-08-01T09:45:05.066+0800: 12437489.043: [GC (Allocation Failure) 2020-08-01T09:45:05.066+0800: 12437489.044: [ParNew: 665125K->11781K(737280K), 0.0180716 secs] 1430088K->776998K(6209536K), 0.0182923 secs] [Times: user=0.06 sys=0.00, real=0.02 secs] 
2020-08-01T09:46:39.973+0800: 12437583.951: [GC (Allocation Failure) 2020-08-01T09:46:39.977+0800: 12437583.955: [ParNew: 667092K->10162K(737280K), 0.0156637 secs] 1432309K->775522K(6209536K), 0.0199239 secs] [Times: user=0.07 sys=0.00, real=0.02 secs] 
2020-08-01T09:50:17.482+0800: 12437801.460: [GC (Allocation Failure) 2020-08-01T09:50:17.482+0800: 12437801.460: [ParNew: 665522K->13382K(737280K), 0.0231285 secs] 1430882K->778898K(6209536K), 0.0233301 secs] [Times: user=0.08 sys=0.00, real=0.02 secs] 
2020-08-01T09:53:18.818+0800: 12437982.795: [GC (Allocation Failure) 2020-08-01T09:53:18.818+0800: 12437982.796: [ParNew: 668742K->10290K(737280K), 0.0328273 secs] 1434258K->775957K(6209536K), 0.0330207 secs] [Times: user=0.18 sys=0.00, real=0.04 secs] 
2020-08-01T09:55:46.228+0800: 12438130.206: [GC (Allocation Failure) 2020-08-01T09:55:46.228+0800: 12438130.206: [ParNew: 665650K->11124K(737280K), 0.0365857 secs] 1431317K->777068K(6209536K), 0.0368293 secs] [Times: user=0.09 sys=0.01, real=0.03 secs] 
2020-08-01T09:59:14.553+0800: 12438338.531: [GC (Allocation Failure) 2020-08-01T09:59:14.554+0800: 12438338.531: [ParNew: 666364K->11724K(737280K), 0.0293727 secs] 1432308K->777801K(6209536K), 0.0295629 secs] [Times: user=0.08 sys=0.00, real=0.03 secs] 
2020-08-01T10:02:49.795+0800: 12438553.772: [GC (Allocation Failure) 2020-08-01T10:02:49.800+0800: 12438553.778: [ParNew: 667084K->14103K(737280K), 0.0195174 secs] 1433161K->780262K(6209536K), 0.0253775 secs] [Times: user=0.08 sys=0.00, real=0.03 secs] 
2020-08-01T10:04:29.860+0800: 12438653.838: [GC (Allocation Failure) 2020-08-01T10:04:29.860+0800: 12438653.838: [ParNew: 669463K->17579K(737280K), 0.0267362 secs] 1435622K->783904K(6209536K), 0.0269315 secs] [Times: user=0.09 sys=0.00, real=0.03 secs] 
2020-08-01T10:05:47.894+0800: 12438731.872: [GC (Allocation Failure) 2020-08-01T10:05:47.895+0800: 12438731.872: [ParNew: 672939K->17996K(737280K), 0.0229290 secs] 1439264K->784456K(6209536K), 0.0231228 secs] [Times: user=0.08 sys=0.00, real=0.02 secs] 
2020-08-01T10:07:58.701+0800: 12438862.679: [GC (Allocation Failure) 2020-08-01T10:07:58.701+0800: 12438862.679: [ParNew: 673356K->24278K(737280K), 0.0509863 secs] 1439816K->790806K(6209536K), 0.0511931 secs] [Times: user=0.18 sys=0.00, real=0.05 secs] 
2020-08-01T10:09:40.124+0800: 12438964.102: [GC (Allocation Failure) 2020-08-01T10:09:40.124+0800: 12438964.102: [ParNew: 679638K->21588K(737280K), 0.0304416 secs] 1446166K->788185K(6209536K), 0.0306368 secs] [Times: user=0.10 sys=0.00, real=0.03 secs] 
2020-08-01T10:11:24.659+0800: 12439068.637: [GC (Allocation Failure) 2020-08-01T10:11:24.659+0800: 12439068.637: [ParNew: 676856K->25425K(737280K), 0.0591259 secs] 1443454K->792450K(6209536K), 0.0593454 secs] [Times: user=0.12 sys=0.00, real=0.05 secs] 
2020-08-01T10:13:29.966+0800: 12439193.944: [GC (Allocation Failure) 2020-08-01T10:13:29.972+0800: 12439193.950: [ParNew: 680785K->22530K(737280K), 0.0383635 secs] 1447810K->789989K(6209536K), 0.0441814 secs] [Times: user=0.11 sys=0.01, real=0.05 secs] 
2020-08-01T10:15:39.341+0800: 12439323.319: [GC (Allocation Failure) 2020-08-01T10:15:39.341+0800: 12439323.319: [ParNew: 677890K->22413K(737280K), 0.0362818 secs] 1445349K->791054K(6209536K), 0.0365300 secs] [Times: user=0.11 sys=0.00, real=0.03 secs] 
2020-08-01T10:17:38.220+0800: 12439442.198: [GC (Allocation Failure) 2020-08-01T10:17:38.220+0800: 12439442.198: [ParNew: 672748K->81920K(737280K), 0.0510647 secs] 1441389K->961310K(6209536K), 0.0512704 secs] [Times: user=0.17 sys=0.00, real=0.05 secs] 
2020-08-01T10:18:30.099+0800: 12439494.077: [GC (Allocation Failure) 2020-08-01T10:18:30.099+0800: 12439494.077: [ParNew: 737248K->12544K(737280K), 0.0221147 secs] 1616639K->895906K(6209536K), 0.0223027 secs] [Times: user=0.11 sys=0.01, real=0.02 secs] 
2020-08-01T10:20:46.536+0800: 12439630.514: [GC (Allocation Failure) 2020-08-01T10:20:46.536+0800: 12439630.514: [ParNew: 667904K->20861K(737280K), 0.0348694 secs] 1551266K->904224K(6209536K), 0.0350835 secs] [Times: user=0.11 sys=0.00, real=0.04 secs] 
2020-08-01T10:22:57.867+0800: 12439761.844: [GC (Allocation Failure) 2020-08-01T10:22:57.867+0800: 12439761.845: [ParNew: 676221K->23061K(737280K), 0.0425523 secs] 1559584K->906423K(6209536K), 0.0427585 secs] [Times: user=0.13 sys=0.00, real=0.04 secs] 
2020-08-01T10:25:22.131+0800: 12439906.109: [GC (Allocation Failure) 2020-08-01T10:25:22.132+0800: 12439906.109: [ParNew: 678421K->26339K(737280K), 0.0479184 secs] 1561783K->909701K(6209536K), 0.0481908 secs] [Times: user=0.12 sys=0.00, real=0.05 secs] 
2020-08-01T10:27:35.161+0800: 12440039.139: [GC (Allocation Failure) 2020-08-01T10:27:35.161+0800: 12440039.139: [ParNew: 681699K->25045K(737280K), 0.0465507 secs] 1565061K->908408K(6209536K), 0.0467572 secs] [Times: user=0.14 sys=0.00, real=0.05 secs] 
2020-08-01T10:29:45.564+0800: 12440169.542: [GC (Allocation Failure) 2020-08-01T10:29:45.564+0800: 12440169.542: [ParNew: 680405K->22614K(737280K), 0.0309426 secs] 1563768K->905976K(6209536K), 0.0311726 secs] [Times: user=0.11 sys=0.00, real=0.03 secs] 
2020-08-01T10:31:32.638+0800: 12440276.616: [GC (Allocation Failure) 2020-08-01T10:31:32.639+0800: 12440276.616: [ParNew: 677974K->23196K(737280K), 0.0280611 secs] 1561336K->907176K(6209536K), 0.0282835 secs] [Times: user=0.09 sys=0.00, real=0.04 secs] 
2020-08-01T10:33:00.295+0800: 12440364.273: [GC (Allocation Failure) 2020-08-01T10:33:00.295+0800: 12440364.273: [ParNew: 678556K->23363K(737280K), 0.0299839 secs] 1562536K->907476K(6209536K), 0.0301797 secs] [Times: user=0.09 sys=0.01, real=0.03 secs] 
2020-08-01T10:34:39.800+0800: 12440463.778: [GC (Allocation Failure) 2020-08-01T10:34:39.800+0800: 12440463.778: [ParNew: 678723K->20911K(737280K), 0.0397943 secs] 1562836K->905292K(6209536K), 0.0400551 secs] [Times: user=0.09 sys=0.00, real=0.04 secs] 
2020-08-01T10:36:25.942+0800: 12440569.920: [GC (Allocation Failure) 2020-08-01T10:36:25.942+0800: 12440569.920: [ParNew: 676271K->25349K(737280K), 0.0407350 secs] 1560652K->910137K(6209536K), 0.0409434 secs] [Times: user=0.10 sys=0.00, real=0.04 secs] 
2020-08-01T10:38:41.203+0800: 12440705.181: [GC (Allocation Failure) 2020-08-01T10:38:41.205+0800: 12440705.183: [ParNew: 680709K->22284K(737280K), 0.0342012 secs] 1565497K->907798K(6209536K), 0.0359889 secs] [Times: user=0.10 sys=0.00, real=0.04 secs] 
2020-08-01T10:40:42.175+0800: 12440826.153: [GC (Allocation Failure) 2020-08-01T10:40:42.176+0800: 12440826.153: [ParNew: 677644K->24283K(737280K), 0.0373020 secs] 1563158K->909956K(6209536K), 0.0375158 secs] [Times: user=0.10 sys=0.01, real=0.04 secs] 
2020-08-01T10:42:17.163+0800: 12440921.141: [GC (Allocation Failure) 2020-08-01T10:42:17.164+0800: 12440921.141: [ParNew: 679643K->21207K(737280K), 0.0335725 secs] 1565316K->907318K(6209536K), 0.0337716 secs] [Times: user=0.10 sys=0.00, real=0.03 secs] 
2020-08-01T10:43:57.401+0800: 12441021.379: [GC (Allocation Failure) 2020-08-01T10:43:57.402+0800: 12441021.379: [ParNew: 676567K->21589K(737280K), 0.0334469 secs] 1562678K->908010K(6209536K), 0.0336918 secs] [Times: user=0.10 sys=0.00, real=0.03 secs] 
2020-08-01T10:45:10.442+0800: 12441094.420: [GC (Allocation Failure) 2020-08-01T10:45:10.442+0800: 12441094.420: [ParNew: 676949K->19653K(737280K), 0.0481193 secs] 1563370K->906297K(6209536K), 0.0484085 secs] [Times: user=0.16 sys=0.00, real=0.05 secs] 
2020-08-01T10:46:33.926+0800: 12441177.904: [GC (Allocation Failure) 2020-08-01T10:46:33.926+0800: 12441177.904: [ParNew: 675013K->21737K(737280K), 0.0447025 secs] 1561657K->908588K(6209536K), 0.0449089 secs] [Times: user=0.12 sys=0.00, real=0.05 secs] 
2020-08-01T10:47:58.633+0800: 12441262.611: [GC (Allocation Failure) 2020-08-01T10:47:58.633+0800: 12441262.611: [ParNew: 677097K->20732K(737280K), 0.0309625 secs] 1563948K->907993K(6209536K), 0.0311961 secs] [Times: user=0.08 sys=0.00, real=0.03 secs] 
2020-08-01T10:49:43.028+0800: 12441367.006: [GC (Allocation Failure) 2020-08-01T10:49:43.029+0800: 12441367.006: [ParNew: 676092K->20222K(737280K), 0.0382189 secs] 1563353K->907831K(6209536K), 0.0384689 secs] [Times: user=0.14 sys=0.00, real=0.04 secs] 
2020-08-01T10:51:00.405+0800: 12441444.383: [GC (Allocation Failure) 2020-08-01T10:51:00.405+0800: 12441444.383: [ParNew: 675582K->16072K(737280K), 0.0152941 secs] 1563191K->903825K(6209536K), 0.0164426 secs] [Times: user=0.07 sys=0.00, real=0.02 secs] 
2020-08-01T10:52:29.852+0800: 12441533.830: [GC (Allocation Failure) 2020-08-01T10:52:29.852+0800: 12441533.830: [ParNew: 671432K->21125K(737280K), 0.0188500 secs] 1559185K->909149K(6209536K), 0.0190369 secs] [Times: user=0.07 sys=0.00, real=0.02 secs] 
2020-08-01T10:54:04.437+0800: 12441628.415: [GC (Allocation Failure) 2020-08-01T10:54:04.437+0800: 12441628.415: [ParNew: 676485K->17127K(737280K), 0.0211713 secs] 1564509K->905321K(6209536K), 0.0214395 secs] [Times: user=0.08 sys=0.00, real=0.03 secs] 
2020-08-01T10:55:40.351+0800: 12441724.328: [GC (Allocation Failure) 2020-08-01T10:55:40.351+0800: 12441724.329: [ParNew: 672487K->18419K(737280K), 0.0165453 secs] 1560681K->906881K(6209536K), 0.0167370 secs] [Times: user=0.06 sys=0.01, real=0.02 secs] 
2020-08-01T10:57:24.736+0800: 12441828.714: [GC (Allocation Failure) 2020-08-01T10:57:24.736+0800: 12441828.714: [ParNew: 673779K->18432K(737280K), 0.0193326 secs] 1562241K->906965K(6209536K), 0.0195337 secs] [Times: user=0.07 sys=0.01, real=0.02 secs] 
2020-08-01T10:59:38.190+0800: 12441962.168: [GC (Allocation Failure) 2020-08-01T10:59:38.190+0800: 12441962.168: [ParNew: 673792K->18419K(737280K), 0.0268004 secs] 1562325K->907292K(6209536K), 0.0270260 secs] [Times: user=0.07 sys=0.00, real=0.02 secs] 
2020-08-01T11:01:56.945+0800: 12442100.923: [GC (Allocation Failure) 2020-08-01T11:01:56.950+0800: 12442100.928: [ParNew: 673779K->21464K(737280K), 0.0435967 secs] 1562652K->910410K(6209536K), 0.0481263 secs] [Times: user=0.15 sys=0.01, real=0.05 secs] 
2020-08-01T11:03:35.120+0800: 12442199.098: [GC (Allocation Failure) 2020-08-01T11:03:35.121+0800: 12442199.098: [ParNew: 676824K->18839K(737280K), 0.0250521 secs] 1565770K->908122K(6209536K), 0.0252835 secs] [Times: user=0.08 sys=0.01, real=0.02 secs] 
2020-08-01T11:04:36.971+0800: 12442260.949: [GC (Allocation Failure) 2020-08-01T11:04:36.971+0800: 12442260.949: [ParNew: 674199K->19642K(737280K), 0.0226495 secs] 1563482K->909267K(6209536K), 0.0228615 secs] [Times: user=0.08 sys=0.00, real=0.02 secs] 
2020-08-01T11:05:38.553+0800: 12442322.531: [GC (Allocation Failure) 2020-08-01T11:05:38.553+0800: 12442322.531: [ParNew: 675002K->20845K(737280K), 0.0250644 secs] 1564627K->910749K(6209536K), 0.0252628 secs] [Times: user=0.08 sys=0.00, real=0.02 secs] 
2020-08-01T11:06:58.889+0800: 12442402.867: [GC (Allocation Failure) 2020-08-01T11:06:58.889+0800: 12442402.867: [ParNew: 676205K->22390K(737280K), 0.0405871 secs] 1566109K->912561K(6209536K), 0.0407983 secs] [Times: user=0.14 sys=0.00, real=0.04 secs] 
2020-08-01T11:08:39.055+0800: 12442503.033: [GC (Allocation Failure) 2020-08-01T11:08:39.055+0800: 12442503.033: [ParNew: 677743K->22814K(737280K), 0.0302300 secs] 1567914K->913413K(6209536K), 0.0304254 secs] [Times: user=0.09 sys=0.00, real=0.03 secs] 
2020-08-01T11:10:13.385+0800: 12442597.363: [GC (Allocation Failure) 2020-08-01T11:10:13.385+0800: 12442597.363: [ParNew: 678174K->19090K(737280K), 0.0209908 secs] 1568773K->910238K(6209536K), 0.0211904 secs] [Times: user=0.08 sys=0.00, real=0.02 secs] 
2020-08-01T11:12:45.277+0800: 12442749.255: [GC (Allocation Failure) 2020-08-01T11:12:45.277+0800: 12442749.255: [ParNew: 674450K->16059K(737280K), 0.0200244 secs] 1565598K->907664K(6209536K), 0.0202160 secs] [Times: user=0.08 sys=0.00, real=0.02 secs] 
2020-08-01T11:14:15.657+0800: 12442839.635: [GC (Allocation Failure) 2020-08-01T11:14:15.657+0800: 12442839.635: [ParNew: 671419K->14432K(737280K), 0.0176122 secs] 1563024K->906312K(6209536K), 0.0178006 secs] [Times: user=0.06 sys=0.00, real=0.02 secs] 
2020-08-01T11:16:04.451+0800: 12442948.429: [GC (Allocation Failure) 2020-08-01T11:16:04.451+0800: 12442948.429: [ParNew: 669792K->14473K(737280K), 0.0211535 secs] 1561672K->906431K(6209536K), 0.0213461 secs] [Times: user=0.08 sys=0.01, real=0.02 secs] 
2020-08-01T11:17:15.921+0800: 12443019.899: [GC (Allocation Failure) 2020-08-01T11:17:15.921+0800: 12443019.899: [ParNew: 669833K->10999K(737280K), 0.0192048 secs] 1561791K->903253K(6209536K), 0.0204290 secs] [Times: user=0.09 sys=0.00, real=0.02 secs] 
2020-08-01T11:18:37.535+0800: 12443101.512: [GC (Allocation Failure) 2020-08-01T11:18:37.535+0800: 12443101.512: [ParNew: 666359K->19705K(737280K), 0.0258823 secs] 1558613K->911973K(6209536K), 0.0261420 secs] [Times: user=0.09 sys=0.01, real=0.03 secs] 
2020-08-01T11:19:44.877+0800: 12443168.855: [GC (Allocation Failure) 2020-08-01T11:19:44.877+0800: 12443168.855: [ParNew: 675065K->19085K(737280K), 0.0228120 secs] 1567333K->911497K(6209536K), 0.0230302 secs] [Times: user=0.09 sys=0.00, real=0.03 secs] 
2020-08-01T11:20:55.077+0800: 12443239.055: [GC (Allocation Failure) 2020-08-01T11:20:55.077+0800: 12443239.055: [ParNew: 674351K->18849K(737280K), 0.0365517 secs] 1566764K->911661K(6209536K), 0.0367764 secs] [Times: user=0.18 sys=0.00, real=0.04 secs] 
2020-08-01T11:22:21.583+0800: 12443325.561: [GC (Allocation Failure) 2020-08-01T11:22:21.583+0800: 12443325.561: [ParNew: 674209K->20620K(737280K), 0.0265910 secs] 1567021K->913901K(6209536K), 0.0268208 secs] [Times: user=0.09 sys=0.00, real=0.03 secs] 
2020-08-01T11:23:20.112+0800: 12443384.090: [GC (Allocation Failure) 2020-08-01T11:23:20.113+0800: 12443384.090: [ParNew: 675980K->19032K(737280K), 0.0300823 secs] 1569261K->912696K(6209536K), 0.0302728 secs] [Times: user=0.09 sys=0.00, real=0.03 secs] 
2020-08-01T11:24:21.989+0800: 12443445.967: [GC (Allocation Failure) 2020-08-01T11:24:21.989+0800: 12443445.967: [ParNew: 674392K->13282K(737280K), 0.0211186 secs] 1568056K->907080K(6209536K), 0.0213092 secs] [Times: user=0.08 sys=0.00, real=0.02 secs] 
2020-08-01T11:25:57.738+0800: 12443541.716: [GC (Allocation Failure) 2020-08-01T11:25:57.738+0800: 12443541.716: [ParNew: 668642K->15391K(737280K), 0.0418484 secs] 1562440K->909782K(6209536K), 0.0420692 secs] [Times: user=0.13 sys=0.00, real=0.05 secs] 
2020-08-01T11:26:56.332+0800: 12443600.310: [GC (Allocation Failure) 2020-08-01T11:26:56.332+0800: 12443600.310: [ParNew: 670679K->13738K(737280K), 0.0299116 secs] 1565070K->908275K(6209536K), 0.0301829 secs] [Times: user=0.09 sys=0.00, real=0.03 secs] 
2020-08-01T11:28:58.457+0800: 12443722.435: [GC (Allocation Failure) 2020-08-01T11:28:58.457+0800: 12443722.435: [ParNew: 669098K->15942K(737280K), 0.0250112 secs] 1563635K->911007K(6209536K), 0.0252140 secs] [Times: user=0.08 sys=0.00, real=0.03 secs] 
2020-08-01T11:30:49.500+0800: 12443833.478: [GC (Allocation Failure) 2020-08-01T11:30:49.500+0800: 12443833.478: [ParNew: 671302K->15252K(737280K), 0.0339410 secs] 1566367K->910461K(6209536K), 0.0341732 secs] [Times: user=0.12 sys=0.00, real=0.03 secs] 
2020-08-01T11:32:05.636+0800: 12443909.614: [GC (Allocation Failure) 2020-08-01T11:32:05.636+0800: 12443909.614: [ParNew: 670612K->14116K(737280K), 0.0193808 secs] 1565821K->909393K(6209536K), 0.0195862 secs] [Times: user=0.09 sys=0.00, real=0.02 secs] 
2020-08-01T11:34:24.323+0800: 12444048.300: [GC (Allocation Failure) 2020-08-01T11:34:24.323+0800: 12444048.301: [ParNew: 669476K->17527K(737280K), 0.0188369 secs] 1564753K->912806K(6209536K), 0.0190304 secs] [Times: user=0.07 sys=0.00, real=0.02 secs] 
2020-08-01T11:36:15.261+0800: 12444159.239: [GC (Allocation Failure) 2020-08-01T11:36:15.261+0800: 12444159.239: [ParNew: 672887K->17849K(737280K), 0.0203490 secs] 1568166K->913423K(6209536K), 0.0205410 secs] [Times: user=0.08 sys=0.00, real=0.02 secs] 
2020-08-01T11:39:17.134+0800: 12444341.112: [GC (Allocation Failure) 2020-08-01T11:39:17.134+0800: 12444341.112: [ParNew: 673209K->18263K(737280K), 0.0239807 secs] 1568783K->913921K(6209536K), 0.0241867 secs] [Times: user=0.07 sys=0.00, real=0.02 secs] 
2020-08-01T11:42:17.694+0800: 12444521.672: [GC (Allocation Failure) 2020-08-01T11:42:17.694+0800: 12444521.672: [ParNew: 673623K->18691K(737280K), 0.0206223 secs] 1569281K->914549K(6209536K), 0.0208094 secs] [Times: user=0.07 sys=0.00, real=0.02 secs] 
2020-08-01T11:44:42.615+0800: 12444666.593: [GC (Allocation Failure) 2020-08-01T11:44:42.616+0800: 12444666.593: [ParNew: 674051K->19626K(737280K), 0.0186379 secs] 1569909K->915558K(6209536K), 0.0188392 secs] [Times: user=0.07 sys=0.00, real=0.02 secs] 
2020-08-01T11:47:19.639+0800: 12444823.617: [GC (Allocation Failure) 2020-08-01T11:47:19.639+0800: 12444823.617: [ParNew: 674986K->17196K(737280K), 0.0186223 secs] 1570918K->913134K(6209536K), 0.0188458 secs] [Times: user=0.06 sys=0.00, real=0.01 secs] 
2020-08-01T11:50:12.716+0800: 12444996.694: [GC (Allocation Failure) 2020-08-01T11:50:12.716+0800: 12444996.694: [ParNew: 672556K->17226K(737280K), 0.0265513 secs] 1568494K->913666K(6209536K), 0.0267709 secs] [Times: user=0.10 sys=0.00, real=0.03 secs] 
2020-08-01T11:52:40.478+0800: 12445144.455: [GC (Allocation Failure) 2020-08-01T11:52:40.478+0800: 12445144.456: [ParNew: 672586K->19424K(737280K), 0.0381591 secs] 1569026K->915962K(6209536K), 0.0383518 secs] [Times: user=0.11 sys=0.00, real=0.04 secs] 
2020-08-01T11:54:55.047+0800: 12445279.025: [GC (Allocation Failure) 2020-08-01T11:54:55.048+0800: 12445279.025: [ParNew: 674784K->19088K(737280K), 0.0247339 secs] 1571322K->915807K(6209536K), 0.0249516 secs] [Times: user=0.08 sys=0.01, real=0.02 secs] 
2020-08-01T11:56:39.361+0800: 12445383.339: [GC (Allocation Failure) 2020-08-01T11:56:39.361+0800: 12445383.339: [ParNew: 674448K->18250K(737280K), 0.0232676 secs] 1571167K->915292K(6209536K), 0.0234612 secs] [Times: user=0.09 sys=0.00, real=0.02 secs] 
2020-08-01T11:58:54.985+0800: 12445518.963: [GC (Allocation Failure) 2020-08-01T11:58:54.985+0800: 12445518.963: [ParNew: 673610K->17702K(737280K), 0.0215349 secs] 1570652K->914934K(6209536K), 0.0217249 secs] [Times: user=0.08 sys=0.00, real=0.03 secs] 
2020-08-01T12:01:33.282+0800: 12445677.259: [GC (Allocation Failure) 2020-08-01T12:01:33.282+0800: 12445677.259: [ParNew: 673062K->21138K(737280K), 0.0333675 secs] 1570294K->918511K(6209536K), 0.0336377 secs] [Times: user=0.10 sys=0.00, real=0.03 secs] 
2020-08-01T12:03:24.790+0800: 12445788.768: [GC (Allocation Failure) 2020-08-01T12:03:24.797+0800: 12445788.775: [ParNew: 676498K->24054K(737280K), 0.0290886 secs] 1573871K->921579K(6209536K), 0.0358323 secs] [Times: user=0.10 sys=0.00, real=0.03 secs] 
2020-08-01T12:04:48.705+0800: 12445872.683: [GC (Allocation Failure) 2020-08-01T12:04:48.705+0800: 12445872.683: [ParNew: 679414K->19347K(737280K), 0.0254735 secs] 1576939K->917092K(6209536K), 0.0256777 secs] [Times: user=0.10 sys=0.00, real=0.03 secs] 
2020-08-01T12:06:47.578+0800: 12445991.556: [GC (Allocation Failure) 2020-08-01T12:06:47.578+0800: 12445991.556: [ParNew: 674707K->22538K(737280K), 0.0585527 secs] 1572452K->920524K(6209536K), 0.0587962 secs] [Times: user=0.17 sys=0.00, real=0.06 secs] 
2020-08-01T12:08:25.355+0800: 12446089.333: [GC (Allocation Failure) 2020-08-01T12:08:25.355+0800: 12446089.333: [ParNew: 677898K->25731K(737280K), 0.0246552 secs] 1575884K->923793K(6209536K), 0.0248612 secs] [Times: user=0.09 sys=0.00, real=0.03 secs] 
2020-08-01T12:09:51.024+0800: 12446175.002: [GC (Allocation Failure) 2020-08-01T12:09:51.024+0800: 12446175.002: [ParNew: 681091K->18145K(737280K), 0.0243517 secs] 1579153K->916480K(6209536K), 0.0245813 secs] [Times: user=0.10 sys=0.00, real=0.03 secs] 
2020-08-01T12:12:00.633+0800: 12446304.611: [GC (Allocation Failure) 2020-08-01T12:12:00.633+0800: 12446304.611: [ParNew: 673505K->20059K(737280K), 0.0256741 secs] 1571840K->919177K(6209536K), 0.0258726 secs] [Times: user=0.09 sys=0.00, real=0.03 secs] 
2020-08-01T12:13:51.315+0800: 12446415.293: [GC (Allocation Failure) 2020-08-01T12:13:51.315+0800: 12446415.293: [ParNew: 675404K->16504K(737280K), 0.0261007 secs] 1574522K->915997K(6209536K), 0.0263038 secs] [Times: user=0.10 sys=0.00, real=0.03 secs] 
2020-08-01T12:15:54.582+0800: 12446538.560: [GC (Allocation Failure) 2020-08-01T12:15:54.582+0800: 12446538.560: [ParNew: 671864K->16968K(737280K), 0.0241208 secs] 1571357K->916543K(6209536K), 0.0243941 secs] [Times: user=0.09 sys=0.00, real=0.02 secs] 
2020-08-01T12:18:06.310+0800: 12446670.288: [GC (Allocation Failure) 2020-08-01T12:18:06.311+0800: 12446670.288: [ParNew: 672328K->18816K(737280K), 0.0227659 secs] 1571903K->918744K(6209536K), 0.0229797 secs] [Times: user=0.10 sys=0.00, real=0.02 secs] 
2020-08-01T12:20:38.763+0800: 12446822.741: [GC (Allocation Failure) 2020-08-01T12:20:38.763+0800: 12446822.741: [ParNew: 674176K->17910K(737280K), 0.0327771 secs] 1574104K->918100K(6209536K), 0.0329725 secs] [Times: user=0.11 sys=0.01, real=0.03 secs] 
2020-08-01T12:22:54.156+0800: 12446958.134: [GC (Allocation Failure) 2020-08-01T12:22:54.156+0800: 12446958.134: [ParNew: 673270K->16020K(737280K), 0.0142394 secs] 1573460K->916556K(6209536K), 0.0144381 secs] [Times: user=0.06 sys=0.00, real=0.02 secs] 
2020-08-01T12:25:29.369+0800: 12447113.347: [GC (Allocation Failure) 2020-08-01T12:25:29.369+0800: 12447113.347: [ParNew: 671380K->16584K(737280K), 0.0174022 secs] 1571916K->917193K(6209536K), 0.0176151 secs] [Times: user=0.07 sys=0.00, real=0.01 secs] 
2020-08-01T12:27:58.249+0800: 12447262.227: [GC (Allocation Failure) 2020-08-01T12:27:58.249+0800: 12447262.227: [ParNew: 671944K->20367K(737280K), 0.0221123 secs] 1572553K->921112K(6209536K), 0.0223495 secs] [Times: user=0.10 sys=0.00, real=0.02 secs] 
2020-08-01T12:30:05.066+0800: 12447389.044: [GC (Allocation Failure) 2020-08-01T12:30:05.066+0800: 12447389.044: [ParNew: 675727K->20315K(737280K), 0.0320967 secs] 1576472K->921333K(6209536K), 0.0323083 secs] [Times: user=0.09 sys=0.01, real=0.04 secs] 
2020-08-01T12:34:55.806+0800: 12447679.784: [GC (Allocation Failure) 2020-08-01T12:34:55.811+0800: 12447679.789: [ParNew: 675675K->11564K(737280K), 0.0161288 secs] 1576693K->912687K(6209536K), 0.0218743 secs] [Times: user=0.07 sys=0.00, real=0.03 secs] 
2020-08-01T12:38:46.204+0800: 12447910.181: [GC (Allocation Failure) 2020-08-01T12:38:46.204+0800: 12447910.182: [ParNew: 666924K->11688K(737280K), 0.0201553 secs] 1568047K->913019K(6209536K), 0.0203715 secs] [Times: user=0.07 sys=0.00, real=0.02 secs] 
2020-08-01T12:43:04.118+0800: 12448168.095: [GC (Allocation Failure) 2020-08-01T12:43:04.118+0800: 12448168.096: [ParNew: 667048K->9612K(737280K), 0.0168417 secs] 1568379K->911143K(6209536K), 0.0170421 secs] [Times: user=0.08 sys=0.00, real=0.02 secs] 
2020-08-01T12:47:12.420+0800: 12448416.398: [GC (Allocation Failure) 2020-08-01T12:47:12.425+0800: 12448416.403: [ParNew: 664972K->12319K(737280K), 0.0170935 secs] 1566503K->913853K(6209536K), 0.0226497 secs] [Times: user=0.07 sys=0.00, real=0.02 secs] 
2020-08-01T12:50:52.246+0800: 12448636.224: [GC (Allocation Failure) 2020-08-01T12:50:52.252+0800: 12448636.230: [ParNew: 667679K->9856K(737280K), 0.0170916 secs] 1569213K->911690K(6209536K), 0.0236410 secs] [Times: user=0.07 sys=0.01, real=0.03 secs] 
2020-08-01T12:55:21.872+0800: 12448905.850: [GC (Allocation Failure) 2020-08-01T12:55:21.877+0800: 12448905.855: [ParNew: 665216K->11810K(737280K), 0.0154731 secs] 1567050K->914402K(6209536K), 0.0209615 secs] [Times: user=0.07 sys=0.00, real=0.02 secs] 
2020-08-01T12:59:44.212+0800: 12449168.190: [GC (Allocation Failure) 2020-08-01T12:59:44.212+0800: 12449168.190: [ParNew: 667124K->10523K(737280K), 0.0179932 secs] 1569717K->913525K(6209536K), 0.0181993 secs] [Times: user=0.08 sys=0.01, real=0.02 secs] 
2020-08-01T13:02:41.849+0800: 12449345.827: [GC (Allocation Failure) 2020-08-01T13:02:41.849+0800: 12449345.827: [ParNew: 665883K->16031K(737280K), 0.0316627 secs] 1568885K->919108K(6209536K), 0.0319250 secs] [Times: user=0.09 sys=0.01, real=0.03 secs] 
2020-08-01T13:04:36.843+0800: 12449460.821: [GC (Allocation Failure) 2020-08-01T13:04:36.843+0800: 12449460.821: [ParNew: 671391K->18895K(737280K), 0.0205316 secs] 1574468K->922056K(6209536K), 0.0207075 secs] [Times: user=0.07 sys=0.00, real=0.02 secs] 
2020-08-01T13:06:41.348+0800: 12449585.325: [GC (Allocation Failure) 2020-08-01T13:06:41.348+0800: 12449585.325: [ParNew: 674193K->18556K(737280K), 0.0220009 secs] 1577354K->921950K(6209536K), 0.0221951 secs] [Times: user=0.08 sys=0.01, real=0.02 secs] 
2020-08-01T13:08:56.807+0800: 12449720.785: [GC (Allocation Failure) 2020-08-01T13:08:56.807+0800: 12449720.785: [ParNew: 673916K->23506K(737280K), 0.0326888 secs] 1577310K->926974K(6209536K), 0.0329032 secs] [Times: user=0.09 sys=0.00, real=0.03 secs] 
2020-08-01T13:12:17.076+0800: 12449921.054: [GC (Allocation Failure) 2020-08-01T13:12:17.087+0800: 12449921.065: [ParNew: 678866K->22442K(737280K), 0.0299583 secs] 1582334K->925922K(6209536K), 0.0404694 secs] [Times: user=0.08 sys=0.01, real=0.04 secs] 
2020-08-01T13:14:12.740+0800: 12450036.718: [GC (Allocation Failure) 2020-08-01T13:14:12.741+0800: 12450036.718: [ParNew: 677802K->20478K(737280K), 0.0233627 secs] 1581282K->924114K(6209536K), 0.0235498 secs] [Times: user=0.07 sys=0.01, real=0.02 secs] 
2020-08-01T13:16:12.396+0800: 12450156.374: [GC (Allocation Failure) 2020-08-01T13:16:12.396+0800: 12450156.374: [ParNew: 675838K->19036K(737280K), 0.0312452 secs] 1579474K->923780K(6209536K), 0.0314525 secs] [Times: user=0.09 sys=0.00, real=0.04 secs] 
2020-08-01T13:19:01.585+0800: 12450325.563: [GC (Allocation Failure) 2020-08-01T13:19:01.591+0800: 12450325.569: [ParNew: 674396K->17183K(737280K), 0.0279157 secs] 1579140K->922241K(6209536K), 0.0339473 secs] [Times: user=0.09 sys=0.01, real=0.04 secs] 
2020-08-01T13:20:58.868+0800: 12450442.846: [GC (Allocation Failure) 2020-08-01T13:20:58.868+0800: 12450442.846: [ParNew: 672471K->16104K(737280K), 0.0233719 secs] 1577529K->921436K(6209536K), 0.0235736 secs] [Times: user=0.09 sys=0.00, real=0.02 secs] 
2020-08-01T13:23:22.325+0800: 12450586.302: [GC (Allocation Failure) 2020-08-01T13:23:22.325+0800: 12450586.302: [ParNew: 671464K->17408K(737280K), 0.0408571 secs] 1576796K->922761K(6209536K), 0.0410427 secs] [Times: user=0.10 sys=0.01, real=0.04 secs] 
2020-08-01T13:25:20.139+0800: 12450704.117: [GC (Allocation Failure) 2020-08-01T13:25:20.139+0800: 12450704.117: [ParNew: 672768K->15105K(737280K), 0.0229414 secs] 1578121K->920794K(6209536K), 0.0231345 secs] [Times: user=0.09 sys=0.01, real=0.02 secs] 
2020-08-01T13:27:14.121+0800: 12450818.098: [GC (Allocation Failure) 2020-08-01T13:27:14.121+0800: 12450818.099: [ParNew: 670465K->15676K(737280K), 0.0310587 secs] 1576154K->921572K(6209536K), 0.0312956 secs] [Times: user=0.11 sys=0.00, real=0.03 secs] 
2020-08-01T13:29:07.366+0800: 12450931.344: [GC (Allocation Failure) 2020-08-01T13:29:07.367+0800: 12450931.344: [ParNew: 671036K->16292K(737280K), 0.0440210 secs] 1576932K->922564K(6209536K), 0.0442234 secs] [Times: user=0.16 sys=0.00, real=0.05 secs] 
2020-08-01T13:29:40.585+0800: 12450964.563: [GC (Allocation Failure) 2020-08-01T13:29:40.586+0800: 12450964.563: [ParNew: 671652K->38014K(737280K), 0.0350580 secs] 1577924K->944292K(6209536K), 0.0352377 secs] [Times: user=0.22 sys=0.00, real=0.04 secs] 
2020-08-01T13:29:51.115+0800: 12450975.093: [GC (Allocation Failure) 2020-08-01T13:29:51.115+0800: 12450975.093: [ParNew: 693374K->81920K(737280K), 0.0691413 secs] 1599652K->990273K(6209536K), 0.0693011 secs] [Times: user=0.40 sys=0.00, real=0.07 secs] 
2020-08-01T13:30:13.894+0800: 12450997.872: [GC (Allocation Failure) 2020-08-01T13:30:13.894+0800: 12450997.872: [ParNew: 737169K->63778K(737280K), 0.1866522 secs] 1645522K->1045321K(6209536K), 0.1868354 secs] [Times: user=0.97 sys=0.02, real=0.19 secs] 
2020-08-01T13:30:22.378+0800: 12451006.356: [GC (Allocation Failure) 2020-08-01T13:30:22.378+0800: 12451006.356: [ParNew: 719138K->70269K(737280K), 0.1112960 secs] 1700681K->1092551K(6209536K), 0.1115220 secs] [Times: user=0.54 sys=0.00, real=0.12 secs] 
2020-08-01T13:30:32.729+0800: 12451016.707: [GC (Allocation Failure) 2020-08-01T13:30:32.729+0800: 12451016.707: [ParNew: 725629K->71453K(737280K), 0.0927733 secs] 1747911K->1135984K(6209536K), 0.0929866 secs] [Times: user=0.59 sys=0.00, real=0.09 secs] 
2020-08-01T13:30:37.073+0800: 12451021.051: [GC (Allocation Failure) 2020-08-01T13:30:37.073+0800: 12451021.051: [ParNew: 726813K->72139K(737280K), 0.0890845 secs] 1791344K->1180910K(6209536K), 0.0892585 secs] [Times: user=0.60 sys=0.00, real=0.09 secs] 
2020-08-01T13:30:51.043+0800: 12451035.021: [GC (Allocation Failure) 2020-08-01T13:30:51.043+0800: 12451035.021: [ParNew: 727499K->72693K(737280K), 0.0958389 secs] 1836270K->1225770K(6209536K), 0.0960152 secs] [Times: user=0.60 sys=0.00, real=0.10 secs] 
2020-08-01T13:31:05.953+0800: 12451049.930: [GC (Allocation Failure) 2020-08-01T13:31:05.956+0800: 12451049.934: [ParNew: 728053K->66783K(737280K), 0.0887820 secs] 1881130K->1262680K(6209536K), 0.0925374 secs] [Times: user=0.55 sys=0.00, real=0.09 secs] 
2020-08-01T13:31:33.774+0800: 12451077.752: [GC (Allocation Failure) 2020-08-01T13:31:33.774+0800: 12451077.752: [ParNew: 722143K->64983K(737280K), 0.1048834 secs] 1918040K->1301557K(6209536K), 0.1050916 secs] [Times: user=0.64 sys=0.00, real=0.11 secs] 
2020-08-01T13:31:58.831+0800: 12451102.809: [GC (Allocation Failure) 2020-08-01T13:31:58.831+0800: 12451102.809: [ParNew: 720343K->81920K(737280K), 0.0857615 secs] 1956917K->1319962K(6209536K), 0.0859465 secs] [Times: user=0.52 sys=0.00, real=0.08 secs] 
2020-08-01T13:32:20.026+0800: 12451124.004: [GC (Allocation Failure) 2020-08-01T13:32:20.026+0800: 12451124.004: [ParNew: 737280K->81920K(737280K), 0.1207147 secs] 1975322K->1360450K(6209536K), 0.1208996 secs] [Times: user=0.69 sys=0.00, real=0.13 secs] 
2020-08-01T13:32:35.878+0800: 12451139.856: [GC (Allocation Failure) 2020-08-01T13:32:35.878+0800: 12451139.856: [ParNew: 737280K->81920K(737280K), 0.1230591 secs] 2015810K->1402710K(6209536K), 0.1232784 secs] [Times: user=0.67 sys=0.00, real=0.13 secs] 
2020-08-01T13:32:54.182+0800: 12451158.159: [GC (Allocation Failure) 2020-08-01T13:32:54.182+0800: 12451158.160: [ParNew: 737280K->81920K(737280K), 0.1049810 secs] 2058070K->1442869K(6209536K), 0.1051490 secs] [Times: user=0.68 sys=0.00, real=0.11 secs] 
2020-08-01T13:33:15.788+0800: 12451179.765: [GC (Allocation Failure) 2020-08-01T13:33:15.788+0800: 12451179.765: [ParNew: 737280K->81920K(737280K), 0.1021567 secs] 2098229K->1479264K(6209536K), 0.1023533 secs] [Times: user=0.65 sys=0.00, real=0.10 secs] 
2020-08-01T13:33:45.414+0800: 12451209.392: [GC (Allocation Failure) 2020-08-01T13:33:45.414+0800: 12451209.392: [ParNew: 737280K->81920K(737280K), 0.1111911 secs] 2134624K->1525066K(6209536K), 0.1114041 secs] [Times: user=0.65 sys=0.00, real=0.11 secs] 
2020-08-01T13:33:52.935+0800: 12451216.913: [GC (Allocation Failure) 2020-08-01T13:33:52.935+0800: 12451216.913: [ParNew: 737280K->81920K(737280K), 0.1208098 secs] 2180426K->1561767K(6209536K), 0.1210026 secs] [Times: user=0.64 sys=0.00, real=0.12 secs] 
2020-08-01T13:34:07.773+0800: 12451231.751: [GC (Allocation Failure) 2020-08-01T13:34:07.773+0800: 12451231.751: [ParNew: 737280K->76869K(737280K), 0.1285979 secs] 2217127K->1633798K(6209536K), 0.1287885 secs] [Times: user=0.80 sys=0.00, real=0.13 secs] 
2020-08-01T13:34:21.951+0800: 12451245.929: [GC (Allocation Failure) 2020-08-01T13:34:21.951+0800: 12451245.929: [ParNew: 732229K->61594K(737280K), 0.0999765 secs] 2289158K->1660227K(6209536K), 0.1001810 secs] [Times: user=0.60 sys=0.01, real=0.10 secs] 
2020-08-01T13:34:33.771+0800: 12451257.748: [GC (Allocation Failure) 2020-08-01T13:34:33.771+0800: 12451257.749: [ParNew: 716954K->57799K(737280K), 0.1002739 secs] 2315587K->1699581K(6209536K), 0.1004465 secs] [Times: user=0.61 sys=0.00, real=0.10 secs] 
2020-08-01T13:34:49.778+0800: 12451273.756: [GC (Allocation Failure) 2020-08-01T13:34:49.778+0800: 12451273.756: [ParNew: 713159K->63533K(737280K), 0.0928860 secs] 2354941K->1746431K(6209536K), 0.0930689 secs] [Times: user=0.61 sys=0.00, real=0.10 secs] 
2020-08-01T13:35:06.350+0800: 12451290.327: [GC (Allocation Failure) 2020-08-01T13:35:06.350+0800: 12451290.328: [ParNew: 718893K->58881K(737280K), 0.0874969 secs] 2401791K->1783035K(6209536K), 0.0876818 secs] [Times: user=0.56 sys=0.00, real=0.08 secs] 
2020-08-01T13:35:20.649+0800: 12451304.627: [GC (Allocation Failure) 2020-08-01T13:35:20.649+0800: 12451304.627: [ParNew: 714241K->62582K(737280K), 0.0877445 secs] 2438395K->1827168K(6209536K), 0.0879253 secs] [Times: user=0.58 sys=0.00, real=0.08 secs] 
2020-08-01T13:35:38.089+0800: 12451322.067: [GC (Allocation Failure) 2020-08-01T13:35:38.090+0800: 12451322.067: [ParNew: 717942K->70175K(737280K), 0.0994497 secs] 2482528K->1877404K(6209536K), 0.0996501 secs] [Times: user=0.55 sys=0.00, real=0.10 secs] 
2020-08-01T13:35:53.720+0800: 12451337.698: [GC (Allocation Failure) 2020-08-01T13:35:53.721+0800: 12451337.699: [ParNew: 725535K->53089K(737280K), 0.1081932 secs] 2532764K->1901573K(6209536K), 0.1093876 secs] [Times: user=0.66 sys=0.00, real=0.11 secs] 
2020-08-01T13:36:15.183+0800: 12451359.161: [GC (Allocation Failure) 2020-08-01T13:36:15.183+0800: 12451359.161: [ParNew: 708449K->68536K(737280K), 0.0899565 secs] 2556933K->1958314K(6209536K), 0.0901477 secs] [Times: user=0.58 sys=0.00, real=0.09 secs] 
2020-08-01T13:36:32.861+0800: 12451376.838: [GC (Allocation Failure) 2020-08-01T13:36:32.861+0800: 12451376.839: [ParNew: 723896K->57703K(737280K), 0.0893849 secs] 2613674K->1987906K(6209536K), 0.0895847 secs] [Times: user=0.56 sys=0.00, real=0.09 secs] 
2020-08-01T13:37:05.493+0800: 12451409.470: [GC (Allocation Failure) 2020-08-01T13:37:05.493+0800: 12451409.471: [ParNew: 713063K->65030K(737280K), 0.0838592 secs] 2643266K->2037276K(6209536K), 0.0840468 secs] [Times: user=0.49 sys=0.00, real=0.08 secs] 
2020-08-01T13:37:30.935+0800: 12451434.913: [GC (Allocation Failure) 2020-08-01T13:37:30.935+0800: 12451434.913: [ParNew: 720390K->81920K(737280K), 0.0620887 secs] 2692636K->2056058K(6209536K), 0.0622647 secs] [Times: user=0.44 sys=0.00, real=0.06 secs] 
2020-08-01T13:37:56.405+0800: 12451460.382: [GC (Allocation Failure) 2020-08-01T13:37:56.405+0800: 12451460.383: [ParNew: 737280K->64783K(737280K), 0.1880993 secs] 2711418K->2115169K(6209536K), 0.1883249 secs] [Times: user=0.74 sys=0.00, real=0.19 secs] 
2020-08-01T13:38:22.082+0800: 12451486.060: [GC (Allocation Failure) 2020-08-01T13:38:22.082+0800: 12451486.060: [ParNew: 720143K->72090K(737280K), 0.0939094 secs] 2770529K->2163857K(6209536K), 0.0940985 secs] [Times: user=0.55 sys=0.00, real=0.09 secs] 
2020-08-01T13:38:47.458+0800: 12451511.436: [GC (Allocation Failure) 2020-08-01T13:38:47.458+0800: 12451511.436: [ParNew: 727450K->50723K(737280K), 0.0836486 secs] 2819217K->2184818K(6209536K), 0.0838161 secs] [Times: user=0.56 sys=0.00, real=0.09 secs] 
2020-08-01T13:39:12.847+0800: 12451536.825: [GC (Allocation Failure) 2020-08-01T13:39:12.847+0800: 12451536.825: [ParNew: 706083K->63899K(737280K), 0.0952036 secs] 2840178K->2239086K(6209536K), 0.0954039 secs] [Times: user=0.59 sys=0.00, real=0.09 secs] 
2020-08-01T13:39:29.721+0800: 12451553.699: [GC (Allocation Failure) 2020-08-01T13:39:29.721+0800: 12451553.699: [ParNew: 719259K->53829K(737280K), 0.1029432 secs] 2894446K->2271581K(6209536K), 0.1031092 secs] [Times: user=0.57 sys=0.00, real=0.10 secs] 
2020-08-01T13:39:50.138+0800: 12451574.116: [GC (Allocation Failure) 2020-08-01T13:39:50.138+0800: 12451574.116: [ParNew: 709189K->55613K(737280K), 0.0943261 secs] 2926941K->2317496K(6209536K), 0.0944951 secs] [Times: user=0.58 sys=0.00, real=0.10 secs] 
2020-08-01T13:40:11.660+0800: 12451595.637: [GC (Allocation Failure) 2020-08-01T13:40:11.660+0800: 12451595.637: [ParNew: 710973K->60333K(737280K), 0.0905577 secs] 2972856K->2364618K(6209536K), 0.0907358 secs] [Times: user=0.56 sys=0.00, real=0.09 secs] 
2020-08-01T13:40:39.393+0800: 12451623.371: [GC (Allocation Failure) 2020-08-01T13:40:39.393+0800: 12451623.371: [ParNew: 715693K->71460K(737280K), 0.0914933 secs] 3019978K->2418771K(6209536K), 0.0916725 secs] [Times: user=0.58 sys=0.00, real=0.09 secs] 
2020-08-01T13:41:01.251+0800: 12451645.229: [GC (Allocation Failure) 2020-08-01T13:41:01.251+0800: 12451645.229: [ParNew: 726820K->56572K(737280K), 0.0814277 secs] 3074131K->2444251K(6209536K), 0.0816211 secs] [Times: user=0.54 sys=0.01, real=0.08 secs] 
2020-08-01T13:41:50.509+0800: 12451694.487: [GC (Allocation Failure) 2020-08-01T13:41:50.509+0800: 12451694.487: [ParNew: 711932K->53191K(737280K), 0.0878481 secs] 3099611K->2481591K(6209536K), 0.0880907 secs] [Times: user=0.54 sys=0.00, real=0.08 secs] 
2020-08-01T13:42:32.280+0800: 12451736.258: [GC (Allocation Failure) 2020-08-01T13:42:32.280+0800: 12451736.258: [ParNew: 708551K->70077K(737280K), 0.0839676 secs] 3136951K->2537617K(6209536K), 0.0841629 secs] [Times: user=0.54 sys=0.00, real=0.08 secs] 
2020-08-01T13:43:04.993+0800: 12451768.971: [GC (Allocation Failure) 2020-08-01T13:43:04.994+0800: 12451768.972: [ParNew: 725437K->81920K(737280K), 0.0923623 secs] 3192977K->2551463K(6209536K), 0.0935696 secs] [Times: user=0.59 sys=0.00, real=0.10 secs] 
2020-08-01T13:43:38.574+0800: 12451802.552: [GC (Allocation Failure) 2020-08-01T13:43:38.574+0800: 12451802.552: [ParNew: 737280K->81920K(737280K), 0.1178889 secs] 3206823K->2593863K(6209536K), 0.1180815 secs] [Times: user=0.71 sys=0.00, real=0.12 secs] 
2020-08-01T13:44:08.234+0800: 12451832.212: [GC (Allocation Failure) 2020-08-01T13:44:08.234+0800: 12451832.212: [ParNew: 737280K->74433K(737280K), 0.1271569 secs] 3249223K->2661342K(6209536K), 0.1273508 secs] [Times: user=0.83 sys=0.00, real=0.13 secs] 
2020-08-01T13:44:42.444+0800: 12451866.422: [GC (Allocation Failure) 2020-08-01T13:44:42.445+0800: 12451866.422: [ParNew: 729793K->58144K(737280K), 0.0913802 secs] 3316702K->2687949K(6209536K), 0.0915644 secs] [Times: user=0.51 sys=0.00, real=0.09 secs] 
2020-08-01T13:45:30.780+0800: 12451914.758: [GC (Allocation Failure) 2020-08-01T13:45:30.780+0800: 12451914.758: [ParNew: 713504K->81920K(737280K), 0.0655666 secs] 3343309K->2715041K(6209536K), 0.0657548 secs] [Times: user=0.40 sys=0.00, real=0.06 secs] 
2020-08-01T13:46:06.299+0800: 12451950.276: [GC (Allocation Failure) 2020-08-01T13:46:06.299+0800: 12451950.276: [ParNew: 737280K->81920K(737280K), 0.1076133 secs] 3370401K->2752340K(6209536K), 0.1078098 secs] [Times: user=0.58 sys=0.01, real=0.10 secs] 
2020-08-01T13:46:52.351+0800: 12451996.329: [GC (Allocation Failure) 2020-08-01T13:46:52.351+0800: 12451996.329: [ParNew: 737280K->81920K(737280K), 0.0991323 secs] 3407700K->2784692K(6209536K), 0.0993411 secs] [Times: user=0.62 sys=0.00, real=0.10 secs] 
2020-08-01T13:47:27.689+0800: 12452031.667: [GC (Allocation Failure) 2020-08-01T13:47:27.689+0800: 12452031.667: [ParNew: 737280K->81920K(737280K), 0.1034134 secs] 3440052K->2822609K(6209536K), 0.1036010 secs] [Times: user=0.67 sys=0.00, real=0.10 secs] 
2020-08-01T13:48:00.092+0800: 12452064.070: [GC (Allocation Failure) 2020-08-01T13:48:00.092+0800: 12452064.070: [ParNew: 737280K->81920K(737280K), 0.0970742 secs] 3477969K->2862017K(6209536K), 0.0972663 secs] [Times: user=0.61 sys=0.00, real=0.10 secs] 
2020-08-01T13:48:49.577+0800: 12452113.554: [GC (Allocation Failure) 2020-08-01T13:48:49.577+0800: 12452113.555: [ParNew: 737280K->81920K(737280K), 0.1021106 secs] 3517377K->2898006K(6209536K), 0.1022928 secs] [Times: user=0.63 sys=0.00, real=0.11 secs] 
2020-08-01T13:49:33.383+0800: 12452157.361: [GC (Allocation Failure) 2020-08-01T13:49:33.383+0800: 12452157.361: [ParNew: 737280K->81920K(737280K), 0.0939526 secs] 3553366K->2938359K(6209536K), 0.0941369 secs] [Times: user=0.58 sys=0.00, real=0.09 secs] 
2020-08-01T13:50:09.837+0800: 12452193.815: [GC (Allocation Failure) 2020-08-01T13:50:09.837+0800: 12452193.815: [ParNew: 737280K->81920K(737280K), 0.0909582 secs] 3593719K->2976777K(6209536K), 0.0911574 secs] [Times: user=0.58 sys=0.00, real=0.10 secs] 
2020-08-01T13:50:40.191+0800: 12452224.168: [GC (Allocation Failure) 2020-08-01T13:50:40.191+0800: 12452224.168: [ParNew: 737280K->81920K(737280K), 0.1075190 secs] 3632137K->3010489K(6209536K), 0.1077069 secs] [Times: user=0.52 sys=0.00, real=0.10 secs] 
2020-08-01T13:51:16.054+0800: 12452260.032: [GC (Allocation Failure) 2020-08-01T13:51:16.054+0800: 12452260.032: [ParNew: 737280K->81920K(737280K), 0.0998735 secs] 3665849K->3047122K(6209536K), 0.1001102 secs] [Times: user=0.64 sys=0.00, real=0.10 secs] 
2020-08-01T13:51:58.232+0800: 12452302.210: [GC (Allocation Failure) 2020-08-01T13:51:58.232+0800: 12452302.210: [ParNew: 737280K->81920K(737280K), 0.1001148 secs] 3702482K->3085161K(6209536K), 0.1003140 secs] [Times: user=0.64 sys=0.00, real=0.10 secs] 
2020-08-01T13:52:30.616+0800: 12452334.594: [GC (Allocation Failure) 2020-08-01T13:52:30.616+0800: 12452334.594: [ParNew: 737280K->81920K(737280K), 0.0926529 secs] 3740521K->3122170K(6209536K), 0.0928597 secs] [Times: user=0.57 sys=0.00, real=0.10 secs] 
2020-08-01T13:52:54.053+0800: 12452358.031: [GC (Allocation Failure) 2020-08-01T13:52:54.053+0800: 12452358.031: [ParNew: 737280K->81920K(737280K), 0.0953895 secs] 3777530K->3160953K(6209536K), 0.0956133 secs] [Times: user=0.57 sys=0.00, real=0.10 secs] 
2020-08-01T13:53:20.683+0800: 12452384.661: [GC (Allocation Failure) 2020-08-01T13:53:20.683+0800: 12452384.661: [ParNew: 737280K->81920K(737280K), 0.0946053 secs] 3816313K->3198186K(6209536K), 0.0947918 secs] [Times: user=0.63 sys=0.00, real=0.09 secs] 
2020-08-01T13:53:47.491+0800: 12452411.469: [GC (Allocation Failure) 2020-08-01T13:53:47.491+0800: 12452411.469: [ParNew: 737280K->81920K(737280K), 0.1401623 secs] 3853546K->3240635K(6209536K), 0.1403382 secs] [Times: user=0.81 sys=0.00, real=0.14 secs] 
2020-08-01T13:54:10.216+0800: 12452434.194: [GC (Allocation Failure) 2020-08-01T13:54:10.216+0800: 12452434.194: [ParNew: 737280K->81920K(737280K), 0.0912741 secs] 3895995K->3274914K(6209536K), 0.0914438 secs] [Times: user=0.56 sys=0.01, real=0.10 secs] 
2020-08-01T13:54:30.510+0800: 12452454.488: [GC (Allocation Failure) 2020-08-01T13:54:30.510+0800: 12452454.488: [ParNew: 737280K->81920K(737280K), 0.1049848 secs] 3930274K->3315035K(6209536K), 0.1051771 secs] [Times: user=0.68 sys=0.01, real=0.10 secs] 
2020-08-01T13:54:49.888+0800: 12452473.865: [GC (Allocation Failure) 2020-08-01T13:54:49.888+0800: 12452473.866: [ParNew: 737280K->69808K(737280K), 0.1133354 secs] 3970395K->3371288K(6209536K), 0.1135394 secs] [Times: user=0.67 sys=0.00, real=0.11 secs] 
2020-08-01T13:55:08.929+0800: 12452492.907: [GC (Allocation Failure) 2020-08-01T13:55:08.929+0800: 12452492.907: [ParNew: 725168K->81920K(737280K), 0.0663857 secs] 4026648K->3385060K(6209536K), 0.0665999 secs] [Times: user=0.41 sys=0.00, real=0.06 secs] 
2020-08-01T13:55:28.915+0800: 12452512.893: [GC (Allocation Failure) 2020-08-01T13:55:28.915+0800: 12452512.893: [ParNew: 737228K->81920K(737280K), 0.1038965 secs] 4040369K->3427140K(6209536K), 0.1040912 secs] [Times: user=0.68 sys=0.00, real=0.11 secs] 
2020-08-01T13:55:47.655+0800: 12452531.633: [GC (Allocation Failure) 2020-08-01T13:55:47.655+0800: 12452531.633: [ParNew: 737280K->70728K(737280K), 0.1098444 secs] 4082500K->3486695K(6209536K), 0.1100258 secs] [Times: user=0.74 sys=0.00, real=0.11 secs] 
2020-08-01T13:56:11.001+0800: 12452554.979: [GC (Allocation Failure) 2020-08-01T13:56:11.001+0800: 12452554.979: [ParNew: 726088K->81920K(737280K), 0.0727467 secs] 4142055K->3499636K(6209536K), 0.0729415 secs] [Times: user=0.42 sys=0.00, real=0.07 secs] 
2020-08-01T13:56:45.715+0800: 12452589.693: [GC (Allocation Failure) 2020-08-01T13:56:45.715+0800: 12452589.693: [ParNew: 737280K->81920K(737280K), 0.1215952 secs] 4154996K->3541955K(6209536K), 0.1218199 secs] [Times: user=0.55 sys=0.00, real=0.12 secs] 
2020-08-01T13:57:22.294+0800: 12452626.271: [GC (Allocation Failure) 2020-08-01T13:57:22.294+0800: 12452626.271: [ParNew: 737280K->81920K(737280K), 0.1087049 secs] 4197315K->3577423K(6209536K), 0.1089214 secs] [Times: user=0.59 sys=0.00, real=0.11 secs] 
2020-08-01T13:57:53.648+0800: 12452657.626: [GC (Allocation Failure) 2020-08-01T13:57:53.648+0800: 12452657.626: [ParNew: 737280K->81920K(737280K), 0.0881166 secs] 4232783K->3609173K(6209536K), 0.0883516 secs] [Times: user=0.49 sys=0.00, real=0.08 secs] 
2020-08-01T13:58:31.567+0800: 12452695.545: [GC (Allocation Failure) 2020-08-01T13:58:31.567+0800: 12452695.545: [ParNew: 737280K->77202K(737280K), 0.0851994 secs] 4264533K->3636307K(6209536K), 0.0853815 secs] [Times: user=0.58 sys=0.00, real=0.08 secs] 
2020-08-01T13:59:04.999+0800: 12452728.977: [GC (Allocation Failure) 2020-08-01T13:59:04.999+0800: 12452728.977: [ParNew: 732562K->81920K(737280K), 0.0997821 secs] 4291667K->3669378K(6209536K), 0.0999795 secs] [Times: user=0.57 sys=0.00, real=0.10 secs] 
2020-08-01T13:59:47.090+0800: 12452771.068: [GC (Allocation Failure) 2020-08-01T13:59:47.090+0800: 12452771.068: [ParNew: 737280K->81920K(737280K), 0.1162223 secs] 4324738K->3707912K(6209536K), 0.1164181 secs] [Times: user=0.60 sys=0.00, real=0.12 secs] 
2020-08-01T14:00:20.284+0800: 12452804.262: [GC (Allocation Failure) 2020-08-01T14:00:20.285+0800: 12452804.262: [ParNew: 737280K->81920K(737280K), 0.0998664 secs] 4363272K->3743240K(6209536K), 0.1000401 secs] [Times: user=0.66 sys=0.00, real=0.10 secs] 
2020-08-01T14:00:46.131+0800: 12452830.109: [GC (Allocation Failure) 2020-08-01T14:00:46.131+0800: 12452830.109: [ParNew: 737280K->81920K(737280K), 0.1049567 secs] 4398600K->3778340K(6209536K), 0.1051539 secs] [Times: user=0.69 sys=0.00, real=0.10 secs] 
2020-08-01T14:01:09.991+0800: 12452853.969: [GC (Allocation Failure) 2020-08-01T14:01:09.991+0800: 12452853.969: [ParNew: 737280K->76318K(737280K), 0.1352054 secs] 4433700K->3848531K(6209536K), 0.1354376 secs] [Times: user=0.75 sys=0.00, real=0.13 secs] 
2020-08-01T14:01:34.887+0800: 12452878.864: [GC (Allocation Failure) 2020-08-01T14:01:34.887+0800: 12452878.865: [ParNew: 731678K->81920K(737280K), 0.0692052 secs] 4503891K->3858233K(6209536K), 0.0693868 secs] [Times: user=0.48 sys=0.00, real=0.06 secs] 
2020-08-01T14:02:20.217+0800: 12452924.195: [GC (Allocation Failure) 2020-08-01T14:02:20.217+0800: 12452924.195: [ParNew: 737280K->81888K(737280K), 0.0955344 secs] 4513593K->3896403K(6209536K), 0.0957386 secs] [Times: user=0.65 sys=0.00, real=0.10 secs] 
2020-08-01T14:03:00.504+0800: 12452964.482: [GC (Allocation Failure) 2020-08-01T14:03:00.504+0800: 12452964.482: [ParNew: 737248K->81920K(737280K), 0.1464460 secs] 4551763K->3936259K(6209536K), 0.1467433 secs] [Times: user=0.53 sys=0.00, real=0.15 secs] 
2020-08-01T14:03:00.655+0800: 12452964.633: [GC (CMS Initial Mark) [1 CMS-initial-mark: 3854339K(5472256K)] 3936732K(6209536K), 0.0092729 secs] [Times: user=0.03 sys=0.00, real=0.01 secs] 
2020-08-01T14:03:00.665+0800: 12452964.643: [CMS-concurrent-mark-start]
2020-08-01T14:03:04.694+0800: 12452968.672: [CMS-concurrent-mark: 4.029/4.029 secs] [Times: user=6.51 sys=1.22, real=4.03 secs] 
2020-08-01T14:03:04.695+0800: 12452968.672: [CMS-concurrent-preclean-start]
2020-08-01T14:03:04.705+0800: 12452968.683: [CMS-concurrent-preclean: 0.010/0.010 secs] [Times: user=0.00 sys=0.01, real=0.01 secs] 
2020-08-01T14:03:04.705+0800: 12452968.683: [CMS-concurrent-abortable-preclean-start]
 CMS: abort preclean due to time 2020-08-01T14:03:10.032+0800: 12452974.010: [CMS-concurrent-abortable-preclean: 4.612/5.327 secs] [Times: user=5.14 sys=1.93, real=5.33 secs] 
2020-08-01T14:03:10.033+0800: 12452974.011: [GC (CMS Final Remark) [YG occupancy: 168551 K (737280 K)]2020-08-01T14:03:10.033+0800: 12452974.011: [Rescan (parallel) , 0.0149194 secs]2020-08-01T14:03:10.048+0800: 12452974.026: [weak refs processing, 0.0014619 secs]2020-08-01T14:03:10.050+0800: 12452974.028: [class unloading, 0.0174770 secs]2020-08-01T14:03:10.067+0800: 12452974.045: [scrub symbol table, 0.0066956 secs]2020-08-01T14:03:10.074+0800: 12452974.052: [scrub string table, 0.0009331 secs][1 CMS-remark: 3854339K(5472256K)] 4022890K(6209536K), 0.0418895 secs] [Times: user=0.14 sys=0.00, real=0.04 secs] 
2020-08-01T14:03:10.075+0800: 12452974.053: [CMS-concurrent-sweep-start]
2020-08-01T14:03:11.820+0800: 12452975.798: [CMS-concurrent-sweep: 1.744/1.744 secs] [Times: user=1.94 sys=0.35, real=1.75 secs] 
2020-08-01T14:03:11.820+0800: 12452975.798: [CMS-concurrent-reset-start]
2020-08-01T14:03:11.841+0800: 12452975.819: [CMS-concurrent-reset: 0.021/0.021 secs] [Times: user=0.04 sys=0.00, real=0.02 secs] 
2020-08-01T14:03:48.022+0800: 12453012.000: [GC (Allocation Failure) 2020-08-01T14:03:48.022+0800: 12453012.000: [ParNew: 737280K->81920K(737280K), 0.0882225 secs] 4334568K->3710549K(6209536K), 0.0884279 secs] [Times: user=0.45 sys=0.00, real=0.09 secs] 
2020-08-01T14:04:18.329+0800: 12453042.307: [GC (Allocation Failure) 2020-08-01T14:04:18.329+0800: 12453042.307: [ParNew: 737280K->81920K(737280K), 0.0956795 secs] 4365909K->3740268K(6209536K), 0.0958698 secs] [Times: user=0.53 sys=0.00, real=0.09 secs] 
2020-08-01T14:04:48.415+0800: 12453072.393: [GC (Allocation Failure) 2020-08-01T14:04:48.415+0800: 12453072.393: [ParNew: 737280K->81920K(737280K), 0.0994554 secs] 4395628K->3769852K(6209536K), 0.0996616 secs] [Times: user=0.52 sys=0.01, real=0.10 secs] 
2020-08-01T14:05:15.107+0800: 12453099.085: [GC (Allocation Failure) 2020-08-01T14:05:15.107+0800: 12453099.085: [ParNew: 737280K->81920K(737280K), 0.0934157 secs] 4425212K->3804374K(6209536K), 0.0936159 secs] [Times: user=0.54 sys=0.00, real=0.09 secs] 
2020-08-01T14:05:38.208+0800: 12453122.186: [GC (Allocation Failure) 2020-08-01T14:05:38.208+0800: 12453122.186: [ParNew: 737280K->81920K(737280K), 0.0977244 secs] 4459734K->3838147K(6209536K), 0.0979167 secs] [Times: user=0.61 sys=0.00, real=0.09 secs] 
2020-08-01T14:06:01.131+0800: 12453145.109: [GC (Allocation Failure) 2020-08-01T14:06:01.131+0800: 12453145.109: [ParNew: 737280K->81920K(737280K), 0.1000686 secs] 4493507K->3868394K(6209536K), 0.1002707 secs] [Times: user=0.67 sys=0.00, real=0.10 secs] 
2020-08-01T14:06:21.181+0800: 12453165.159: [GC (Allocation Failure) 2020-08-01T14:06:21.181+0800: 12453165.159: [ParNew: 737280K->81920K(737280K), 0.1482489 secs] 4523754K->3906732K(6209536K), 0.1484327 secs] [Times: user=0.87 sys=0.00, real=0.15 secs] 
2020-08-01T14:06:47.386+0800: 12453191.364: [GC (Allocation Failure) 2020-08-01T14:06:47.386+0800: 12453191.364: [ParNew: 737280K->76453K(737280K), 0.1226178 secs] 4562092K->3975396K(6209536K), 0.1228150 secs] [Times: user=0.66 sys=0.00, real=0.13 secs] 
2020-08-01T14:06:47.510+0800: 12453191.488: [GC (CMS Initial Mark) [1 CMS-initial-mark: 3898943K(5472256K)] 3975423K(6209536K), 0.0063503 secs] [Times: user=0.02 sys=0.00, real=0.00 secs] 
2020-08-01T14:06:47.517+0800: 12453191.495: [CMS-concurrent-mark-start]
2020-08-01T14:06:50.001+0800: 12453193.979: [CMS-concurrent-mark: 2.481/2.484 secs] [Times: user=5.39 sys=0.33, real=2.49 secs] 
2020-08-01T14:06:50.001+0800: 12453193.979: [CMS-concurrent-preclean-start]
2020-08-01T14:06:50.009+0800: 12453193.986: [CMS-concurrent-preclean: 0.008/0.008 secs] [Times: user=0.01 sys=0.00, real=0.01 secs] 
2020-08-01T14:06:50.009+0800: 12453193.987: [CMS-concurrent-abortable-preclean-start]
 CMS: abort preclean due to time 2020-08-01T14:06:55.078+0800: 12453199.056: [CMS-concurrent-abortable-preclean: 3.868/5.069 secs] [Times: user=4.60 sys=0.90, real=5.06 secs] 
2020-08-01T14:06:55.080+0800: 12453199.057: [GC (CMS Final Remark) [YG occupancy: 245966 K (737280 K)]2020-08-01T14:06:55.080+0800: 12453199.057: [Rescan (parallel) , 0.0156305 secs]2020-08-01T14:06:55.095+0800: 12453199.073: [weak refs processing, 0.0001622 secs]2020-08-01T14:06:55.095+0800: 12453199.073: [class unloading, 0.0184716 secs]2020-08-01T14:06:55.114+0800: 12453199.092: [scrub symbol table, 0.0065994 secs]2020-08-01T14:06:55.121+0800: 12453199.098: [scrub string table, 0.0009090 secs][1 CMS-remark: 3898943K(5472256K)] 4144909K(6209536K), 0.0419934 secs] [Times: user=0.14 sys=0.00, real=0.04 secs] 
2020-08-01T14:06:55.122+0800: 12453199.100: [CMS-concurrent-sweep-start]
2020-08-01T14:06:56.592+0800: 12453200.570: [CMS-concurrent-sweep: 1.469/1.471 secs] [Times: user=1.71 sys=0.20, real=1.47 secs] 
2020-08-01T14:06:56.592+0800: 12453200.570: [CMS-concurrent-reset-start]
2020-08-01T14:06:56.613+0800: 12453200.591: [CMS-concurrent-reset: 0.020/0.020 secs] [Times: user=0.02 sys=0.01, real=0.02 secs] 
2020-08-01T14:06:58.614+0800: 12453202.592: [GC (CMS Initial Mark) [1 CMS-initial-mark: 3844021K(5472256K)] 4205695K(6209536K), 0.0198493 secs] [Times: user=0.14 sys=0.00, real=0.02 secs] 
2020-08-01T14:06:58.634+0800: 12453202.612: [CMS-concurrent-mark-start]
2020-08-01T14:07:01.301+0800: 12453205.279: [CMS-concurrent-mark: 2.667/2.667 secs] [Times: user=5.70 sys=0.20, real=2.67 secs] 
2020-08-01T14:07:01.301+0800: 12453205.279: [CMS-concurrent-preclean-start]
2020-08-01T14:07:01.310+0800: 12453205.287: [CMS-concurrent-preclean: 0.008/0.008 secs] [Times: user=0.01 sys=0.00, real=0.01 secs] 
2020-08-01T14:07:01.310+0800: 12453205.287: [CMS-concurrent-abortable-preclean-start]
 CMS: abort preclean due to time 2020-08-01T14:07:06.393+0800: 12453210.371: [CMS-concurrent-abortable-preclean: 3.818/5.084 secs] [Times: user=4.52 sys=1.31, real=5.08 secs] 
2020-08-01T14:07:06.395+0800: 12453210.373: [GC (CMS Final Remark) [YG occupancy: 469392 K (737280 K)]2020-08-01T14:07:06.395+0800: 12453210.373: [Rescan (parallel) , 0.0288930 secs]2020-08-01T14:07:06.424+0800: 12453210.402: [weak refs processing, 0.0000400 secs]2020-08-01T14:07:06.424+0800: 12453210.402: [class unloading, 0.0174593 secs]2020-08-01T14:07:06.441+0800: 12453210.419: [scrub symbol table, 0.0063912 secs]2020-08-01T14:07:06.448+0800: 12453210.426: [scrub string table, 0.0008928 secs][1 CMS-remark: 3844021K(5472256K)] 4313413K(6209536K), 0.0538626 secs] [Times: user=0.25 sys=0.00, real=0.06 secs] 
2020-08-01T14:07:06.449+0800: 12453210.427: [CMS-concurrent-sweep-start]
2020-08-01T14:07:07.925+0800: 12453211.903: [CMS-concurrent-sweep: 1.476/1.476 secs] [Times: user=1.63 sys=0.17, real=1.47 secs] 
2020-08-01T14:07:07.925+0800: 12453211.903: [CMS-concurrent-reset-start]
2020-08-01T14:07:07.944+0800: 12453211.922: [CMS-concurrent-reset: 0.019/0.019 secs] [Times: user=0.02 sys=0.00, real=0.02 secs] 
2020-08-01T14:07:09.945+0800: 12453213.923: [GC (CMS Initial Mark) [1 CMS-initial-mark: 3842929K(5472256K)] 4343454K(6209536K), 0.0337507 secs] [Times: user=0.22 sys=0.00, real=0.04 secs] 
2020-08-01T14:07:09.979+0800: 12453213.957: [CMS-concurrent-mark-start]
2020-08-01T14:07:12.439+0800: 12453216.417: [CMS-concurrent-mark: 2.459/2.460 secs] [Times: user=5.21 sys=0.18, real=2.46 secs] 
2020-08-01T14:07:12.439+0800: 12453216.417: [CMS-concurrent-preclean-start]
2020-08-01T14:07:12.447+0800: 12453216.425: [CMS-concurrent-preclean: 0.008/0.008 secs] [Times: user=0.01 sys=0.00, real=0.01 secs] 
2020-08-01T14:07:12.447+0800: 12453216.425: [CMS-concurrent-abortable-preclean-start]
 CMS: abort preclean due to time 2020-08-01T14:07:17.614+0800: 12453221.592: [CMS-concurrent-abortable-preclean: 3.631/5.166 secs] [Times: user=4.28 sys=1.08, real=5.16 secs] 
2020-08-01T14:07:17.615+0800: 12453221.593: [GC (CMS Final Remark) [YG occupancy: 626787 K (737280 K)]2020-08-01T14:07:17.615+0800: 12453221.593: [Rescan (parallel) , 0.0426135 secs]2020-08-01T14:07:17.658+0800: 12453221.636: [weak refs processing, 0.0000506 secs]2020-08-01T14:07:17.658+0800: 12453221.636: [class unloading, 0.0184366 secs]2020-08-01T14:07:17.677+0800: 12453221.654: [scrub symbol table, 0.0060955 secs]2020-08-01T14:07:17.683+0800: 12453221.661: [scrub string table, 0.0008725 secs][1 CMS-remark: 3842929K(5472256K)] 4469716K(6209536K), 0.0682335 secs] [Times: user=0.32 sys=0.00, real=0.07 secs] 
2020-08-01T14:07:17.684+0800: 12453221.662: [CMS-concurrent-sweep-start]
2020-08-01T14:07:19.196+0800: 12453223.174: [CMS-concurrent-sweep: 1.513/1.513 secs] [Times: user=1.76 sys=0.22, real=1.51 secs] 
2020-08-01T14:07:19.197+0800: 12453223.174: [CMS-concurrent-reset-start]
2020-08-01T14:07:19.216+0800: 12453223.194: [CMS-concurrent-reset: 0.019/0.019 secs] [Times: user=0.02 sys=0.01, real=0.02 secs] 
2020-08-01T14:07:21.217+0800: 12453225.195: [GC (CMS Initial Mark) [1 CMS-initial-mark: 3842786K(5472256K)] 4539453K(6209536K), 0.0421277 secs] [Times: user=0.29 sys=0.00, real=0.05 secs] 
2020-08-01T14:07:21.259+0800: 12453225.237: [CMS-concurrent-mark-start]
2020-08-01T14:07:23.754+0800: 12453227.732: [CMS-concurrent-mark: 2.495/2.495 secs] [Times: user=5.37 sys=0.24, real=2.49 secs] 
2020-08-01T14:07:23.754+0800: 12453227.732: [CMS-concurrent-preclean-start]
2020-08-01T14:07:23.762+0800: 12453227.740: [CMS-concurrent-preclean: 0.008/0.008 secs] [Times: user=0.01 sys=0.00, real=0.01 secs] 
2020-08-01T14:07:23.762+0800: 12453227.740: [CMS-concurrent-abortable-preclean-start]
2020-08-01T14:07:24.321+0800: 12453228.299: [GC (Allocation Failure) 2020-08-01T14:07:24.321+0800: 12453228.299: [ParNew: 731813K->71909K(737280K), 0.0474678 secs] 4574600K->3914696K(6209536K), 0.0476558 secs] [Times: user=0.33 sys=0.00, real=0.05 secs] 
 CMS: abort preclean due to time 2020-08-01T14:07:28.979+0800: 12453232.957: [CMS-concurrent-abortable-preclean: 4.456/5.217 secs] [Times: user=5.19 sys=0.73, real=5.22 secs] 
2020-08-01T14:07:28.981+0800: 12453232.959: [GC (CMS Final Remark) [YG occupancy: 126203 K (737280 K)]2020-08-01T14:07:28.981+0800: 12453232.959: [Rescan (parallel) , 0.0104420 secs]2020-08-01T14:07:28.991+0800: 12453232.969: [weak refs processing, 0.0000396 secs]2020-08-01T14:07:28.991+0800: 12453232.969: [class unloading, 0.0174970 secs]2020-08-01T14:07:29.009+0800: 12453232.987: [scrub symbol table, 0.0064940 secs]2020-08-01T14:07:29.015+0800: 12453232.993: [scrub string table, 0.0011247 secs][1 CMS-remark: 3842786K(5472256K)] 3968989K(6209536K), 0.0357868 secs] [Times: user=0.10 sys=0.00, real=0.03 secs] 
2020-08-01T14:07:29.017+0800: 12453232.995: [CMS-concurrent-sweep-start]
2020-08-01T14:07:30.512+0800: 12453234.490: [CMS-concurrent-sweep: 1.493/1.495 secs] [Times: user=1.60 sys=0.30, real=1.50 secs] 
2020-08-01T14:07:30.512+0800: 12453234.490: [CMS-concurrent-reset-start]
2020-08-01T14:07:30.532+0800: 12453234.510: [CMS-concurrent-reset: 0.019/0.019 secs] [Times: user=0.02 sys=0.01, real=0.02 secs] 
2020-08-01T14:07:32.532+0800: 12453236.510: [GC (CMS Initial Mark) [1 CMS-initial-mark: 3842771K(5472256K)] 4023912K(6209536K), 0.0124505 secs] [Times: user=0.08 sys=0.00, real=0.01 secs] 
2020-08-01T14:07:32.545+0800: 12453236.523: [CMS-concurrent-mark-start]
2020-08-01T14:07:35.022+0800: 12453239.000: [CMS-concurrent-mark: 2.477/2.477 secs] [Times: user=5.29 sys=0.36, real=2.48 secs] 
2020-08-01T14:07:35.022+0800: 12453239.000: [CMS-concurrent-preclean-start]
2020-08-01T14:07:35.030+0800: 12453239.008: [CMS-concurrent-preclean: 0.008/0.008 secs] [Times: user=0.00 sys=0.00, real=0.01 secs] 
2020-08-01T14:07:35.030+0800: 12453239.008: [CMS-concurrent-abortable-preclean-start]
 CMS: abort preclean due to time 2020-08-01T14:07:40.362+0800: 12453244.340: [CMS-concurrent-abortable-preclean: 4.431/5.332 secs] [Times: user=5.28 sys=1.26, real=5.33 secs] 
2020-08-01T14:07:40.364+0800: 12453244.342: [GC (CMS Final Remark) [YG occupancy: 330781 K (737280 K)]2020-08-01T14:07:40.364+0800: 12453244.342: [Rescan (parallel) , 0.0225991 secs]2020-08-01T14:07:40.387+0800: 12453244.364: [weak refs processing, 0.0000671 secs]2020-08-01T14:07:40.387+0800: 12453244.364: [class unloading, 0.0213409 secs]2020-08-01T14:07:40.408+0800: 12453244.386: [scrub symbol table, 0.0087645 secs]2020-08-01T14:07:40.417+0800: 12453244.395: [scrub string table, 0.0012901 secs][1 CMS-remark: 3842771K(5472256K)] 4173553K(6209536K), 0.0542777 secs] [Times: user=0.20 sys=0.01, real=0.05 secs] 
2020-08-01T14:07:40.419+0800: 12453244.396: [CMS-concurrent-sweep-start]
2020-08-01T14:07:41.990+0800: 12453245.968: [CMS-concurrent-sweep: 1.571/1.571 secs] [Times: user=1.73 sys=0.39, real=1.57 secs] 
2020-08-01T14:07:41.990+0800: 12453245.968: [CMS-concurrent-reset-start]
2020-08-01T14:07:42.011+0800: 12453245.989: [CMS-concurrent-reset: 0.021/0.021 secs] [Times: user=0.02 sys=0.00, real=0.02 secs] 
2020-08-01T14:07:44.011+0800: 12453247.989: [GC (CMS Initial Mark) [1 CMS-initial-mark: 3841578K(5472256K)] 4212938K(6209536K), 0.0228181 secs] [Times: user=0.17 sys=0.00, real=0.02 secs] 
2020-08-01T14:07:44.034+0800: 12453248.012: [CMS-concurrent-mark-start]
2020-08-01T14:07:47.396+0800: 12453251.374: [CMS-concurrent-mark: 3.361/3.361 secs] [Times: user=7.13 sys=0.82, real=3.36 secs] 
2020-08-01T14:07:47.396+0800: 12453251.374: [CMS-concurrent-preclean-start]
2020-08-01T14:07:47.406+0800: 12453251.384: [CMS-concurrent-preclean: 0.010/0.011 secs] [Times: user=0.01 sys=0.00, real=0.02 secs] 
2020-08-01T14:07:47.407+0800: 12453251.384: [CMS-concurrent-abortable-preclean-start]
 CMS: abort preclean due to time 2020-08-01T14:07:52.603+0800: 12453256.581: [CMS-concurrent-abortable-preclean: 4.294/5.197 secs] [Times: user=5.05 sys=1.30, real=5.19 secs] 
2020-08-01T14:07:52.605+0800: 12453256.583: [GC (CMS Final Remark) [YG occupancy: 505086 K (737280 K)]2020-08-01T14:07:52.605+0800: 12453256.583: [Rescan (parallel) , 0.0339191 secs]2020-08-01T14:07:52.639+0800: 12453256.617: [weak refs processing, 0.0000514 secs]2020-08-01T14:07:52.639+0800: 12453256.617: [class unloading, 0.0180787 secs]2020-08-01T14:07:52.657+0800: 12453256.635: [scrub symbol table, 0.0077056 secs]2020-08-01T14:07:52.665+0800: 12453256.643: [scrub string table, 0.0009123 secs][1 CMS-remark: 3841578K(5472256K)] 4346665K(6209536K), 0.0608999 secs] [Times: user=0.29 sys=0.00, real=0.06 secs] 
2020-08-01T14:07:52.666+0800: 12453256.644: [CMS-concurrent-sweep-start]
2020-08-01T14:07:54.183+0800: 12453258.161: [CMS-concurrent-sweep: 1.517/1.517 secs] [Times: user=1.72 sys=0.22, real=1.52 secs] 
2020-08-01T14:07:54.183+0800: 12453258.161: [CMS-concurrent-reset-start]
2020-08-01T14:07:54.204+0800: 12453258.182: [CMS-concurrent-reset: 0.021/0.021 secs] [Times: user=0.03 sys=0.00, real=0.02 secs] 
2020-08-01T14:07:56.204+0800: 12453260.182: [GC (CMS Initial Mark) [1 CMS-initial-mark: 3841431K(5472256K)] 4404762K(6209536K), 0.0388042 secs] [Times: user=0.25 sys=0.00, real=0.04 secs] 
2020-08-01T14:07:56.243+0800: 12453260.221: [CMS-concurrent-mark-start]
2020-08-01T14:07:59.576+0800: 12453263.554: [CMS-concurrent-mark: 3.333/3.333 secs] [Times: user=7.28 sys=0.38, real=3.33 secs] 
2020-08-01T14:07:59.576+0800: 12453263.554: [CMS-concurrent-preclean-start]
2020-08-01T14:07:59.586+0800: 12453263.563: [CMS-concurrent-preclean: 0.009/0.009 secs] [Times: user=0.01 sys=0.00, real=0.01 secs] 
2020-08-01T14:07:59.586+0800: 12453263.563: [CMS-concurrent-abortable-preclean-start]
2020-08-01T14:08:01.936+0800: 12453265.914: [GC (Allocation Failure) 2020-08-01T14:08:01.937+0800: 12453265.914: [ParNew: 727269K->81920K(737280K), 0.0873284 secs] 4568701K->3958520K(6209536K), 0.0875241 secs] [Times: user=0.44 sys=0.00, real=0.09 secs] 
 CMS: abort preclean due to time 2020-08-01T14:08:04.725+0800: 12453268.703: [CMS-concurrent-abortable-preclean: 4.443/5.140 secs] [Times: user=5.91 sys=0.62, real=5.14 secs] 
2020-08-01T14:08:04.727+0800: 12453268.705: [GC (CMS Final Remark) [YG occupancy: 205925 K (737280 K)]2020-08-01T14:08:04.727+0800: 12453268.705: [Rescan (parallel) , 0.0286981 secs]2020-08-01T14:08:04.756+0800: 12453268.734: [weak refs processing, 0.0000433 secs]2020-08-01T14:08:04.756+0800: 12453268.734: [class unloading, 0.0198079 secs]2020-08-01T14:08:04.776+0800: 12453268.754: [scrub symbol table, 0.0071814 secs]2020-08-01T14:08:04.783+0800: 12453268.761: [scrub string table, 0.0009697 secs][1 CMS-remark: 3876600K(5472256K)] 4082526K(6209536K), 0.0568889 secs] [Times: user=0.22 sys=0.00, real=0.05 secs] 
2020-08-01T14:08:04.784+0800: 12453268.762: [CMS-concurrent-sweep-start]
2020-08-01T14:08:06.257+0800: 12453270.235: [CMS-concurrent-sweep: 1.473/1.473 secs] [Times: user=1.66 sys=0.10, real=1.47 secs] 
2020-08-01T14:08:06.257+0800: 12453270.235: [CMS-concurrent-reset-start]
2020-08-01T14:08:06.277+0800: 12453270.255: [CMS-concurrent-reset: 0.020/0.020 secs] [Times: user=0.02 sys=0.02, real=0.02 secs] 
2020-08-01T14:08:08.278+0800: 12453272.255: [GC (CMS Initial Mark) [1 CMS-initial-mark: 3876583K(5472256K)] 4145144K(6209536K), 0.0161761 secs] [Times: user=0.12 sys=0.00, real=0.02 secs] 
2020-08-01T14:08:08.294+0800: 12453272.272: [CMS-concurrent-mark-start]
2020-08-01T14:08:10.925+0800: 12453274.903: [CMS-concurrent-mark: 2.631/2.631 secs] [Times: user=5.56 sys=0.17, real=2.63 secs] 
2020-08-01T14:08:10.925+0800: 12453274.903: [CMS-concurrent-preclean-start]
2020-08-01T14:08:10.933+0800: 12453274.911: [CMS-concurrent-preclean: 0.008/0.008 secs] [Times: user=0.01 sys=0.00, real=0.01 secs] 
2020-08-01T14:08:10.933+0800: 12453274.911: [CMS-concurrent-abortable-preclean-start]
 CMS: abort preclean due to time 2020-08-01T14:08:16.046+0800: 12453280.024: [CMS-concurrent-abortable-preclean: 3.710/5.113 secs] [Times: user=4.25 sys=0.54, real=5.11 secs] 
2020-08-01T14:08:16.047+0800: 12453280.025: [GC (CMS Final Remark) [YG occupancy: 368121 K (737280 K)]2020-08-01T14:08:16.047+0800: 12453280.025: [Rescan (parallel) , 0.0250676 secs]2020-08-01T14:08:16.072+0800: 12453280.050: [weak refs processing, 0.0000569 secs]2020-08-01T14:08:16.072+0800: 12453280.050: [class unloading, 0.0183943 secs]2020-08-01T14:08:16.091+0800: 12453280.069: [scrub symbol table, 0.0063684 secs]2020-08-01T14:08:16.097+0800: 12453280.075: [scrub string table, 0.0008907 secs][1 CMS-remark: 3876583K(5472256K)] 4244704K(6209536K), 0.0509667 secs] [Times: user=0.22 sys=0.00, real=0.04 secs] 
2020-08-01T14:08:16.100+0800: 12453280.078: [CMS-concurrent-sweep-start]
2020-08-01T14:08:17.538+0800: 12453281.516: [CMS-concurrent-sweep: 1.437/1.438 secs] [Times: user=1.62 sys=0.15, real=1.43 secs] 
2020-08-01T14:08:17.538+0800: 12453281.516: [CMS-concurrent-reset-start]
2020-08-01T14:08:17.558+0800: 12453281.536: [CMS-concurrent-reset: 0.020/0.020 secs] [Times: user=0.03 sys=0.00, real=0.02 secs] 
2020-08-01T14:08:19.559+0800: 12453283.537: [GC (CMS Initial Mark) [1 CMS-initial-mark: 3870516K(5472256K)] 4296948K(6209536K), 0.0270718 secs] [Times: user=0.18 sys=0.00, real=0.02 secs] 
2020-08-01T14:08:19.586+0800: 12453283.564: [CMS-concurrent-mark-start]
2020-08-01T14:08:22.339+0800: 12453286.317: [CMS-concurrent-mark: 2.747/2.753 secs] [Times: user=5.85 sys=0.31, real=2.76 secs] 
2020-08-01T14:08:22.339+0800: 12453286.317: [CMS-concurrent-preclean-start]
2020-08-01T14:08:22.352+0800: 12453286.329: [CMS-concurrent-preclean: 0.012/0.012 secs] [Times: user=0.01 sys=0.01, real=0.01 secs] 
2020-08-01T14:08:22.352+0800: 12453286.329: [CMS-concurrent-abortable-preclean-start]
 CMS: abort preclean due to time 2020-08-01T14:08:27.481+0800: 12453291.459: [CMS-concurrent-abortable-preclean: 3.827/5.129 secs] [Times: user=4.30 sys=0.32, real=5.13 secs] 
2020-08-01T14:08:27.483+0800: 12453291.460: [GC (CMS Final Remark) [YG occupancy: 559673 K (737280 K)]2020-08-01T14:08:27.483+0800: 12453291.461: [Rescan (parallel) , 0.0444632 secs]2020-08-01T14:08:27.527+0800: 12453291.505: [weak refs processing, 0.0000433 secs]2020-08-01T14:08:27.527+0800: 12453291.505: [class unloading, 0.0192878 secs]2020-08-01T14:08:27.547+0800: 12453291.524: [scrub symbol table, 0.0071553 secs]2020-08-01T14:08:27.554+0800: 12453291.532: [scrub string table, 0.0009349 secs][1 CMS-remark: 3870516K(5472256K)] 4430190K(6209536K), 0.0721063 secs] [Times: user=0.33 sys=0.00, real=0.07 secs] 
2020-08-01T14:08:27.555+0800: 12453291.533: [CMS-concurrent-sweep-start]
2020-08-01T14:08:29.116+0800: 12453293.094: [CMS-concurrent-sweep: 1.557/1.561 secs] [Times: user=1.69 sys=0.12, real=1.56 secs] 
2020-08-01T14:08:29.116+0800: 12453293.094: [CMS-concurrent-reset-start]
2020-08-01T14:08:29.135+0800: 12453293.113: [CMS-concurrent-reset: 0.019/0.019 secs] [Times: user=0.02 sys=0.00, real=0.02 secs] 
2020-08-01T14:08:31.137+0800: 12453295.115: [GC (CMS Initial Mark) [1 CMS-initial-mark: 3870500K(5472256K)] 4507556K(6209536K), 0.0383266 secs] [Times: user=0.27 sys=0.00, real=0.04 secs] 
2020-08-01T14:08:31.176+0800: 12453295.153: [CMS-concurrent-mark-start]
2020-08-01T14:08:33.686+0800: 12453297.664: [CMS-concurrent-mark: 2.510/2.510 secs] [Times: user=5.46 sys=0.42, real=2.51 secs] 
2020-08-01T14:08:33.686+0800: 12453297.664: [CMS-concurrent-preclean-start]
2020-08-01T14:08:33.694+0800: 12453297.672: [CMS-concurrent-preclean: 0.009/0.009 secs] [Times: user=0.01 sys=0.00, real=0.01 secs] 
2020-08-01T14:08:33.695+0800: 12453297.672: [CMS-concurrent-abortable-preclean-start]
2020-08-01T14:08:34.198+0800: 12453298.176: [GC (Allocation Failure) 2020-08-01T14:08:34.198+0800: 12453298.176: [ParNew: 737280K->81920K(737280K), 0.0886600 secs] 4607780K->3980929K(6209536K), 0.0888309 secs] [Times: user=0.56 sys=0.00, real=0.10 secs] 
 CMS: abort preclean due to time 2020-08-01T14:08:38.976+0800: 12453302.954: [CMS-concurrent-abortable-preclean: 4.385/5.281 secs] [Times: user=5.79 sys=1.00, real=5.28 secs] 
2020-08-01T14:08:38.978+0800: 12453302.955: [GC (CMS Final Remark) [YG occupancy: 202265 K (737280 K)]2020-08-01T14:08:38.978+0800: 12453302.955: [Rescan (parallel) , 0.0152150 secs]2020-08-01T14:08:38.993+0800: 12453302.971: [weak refs processing, 0.0000364 secs]2020-08-01T14:08:38.993+0800: 12453302.971: [class unloading, 0.0172214 secs]2020-08-01T14:08:39.010+0800: 12453302.988: [scrub symbol table, 0.0062072 secs]2020-08-01T14:08:39.016+0800: 12453302.994: [scrub string table, 0.0008613 secs][1 CMS-remark: 3899009K(5472256K)] 4101275K(6209536K), 0.0397023 secs] [Times: user=0.14 sys=0.00, real=0.04 secs] 
2020-08-01T14:08:39.017+0800: 12453302.995: [CMS-concurrent-sweep-start]
2020-08-01T14:08:40.421+0800: 12453304.399: [CMS-concurrent-sweep: 1.403/1.403 secs] [Times: user=1.49 sys=0.08, real=1.41 secs] 
2020-08-01T14:08:40.421+0800: 12453304.399: [CMS-concurrent-reset-start]
2020-08-01T14:08:40.440+0800: 12453304.418: [CMS-concurrent-reset: 0.019/0.019 secs] [Times: user=0.02 sys=0.00, real=0.02 secs] 
2020-08-01T14:08:42.440+0800: 12453306.418: [GC (CMS Initial Mark) [1 CMS-initial-mark: 3899007K(5472256K)] 4129591K(6209536K), 0.0222733 secs] [Times: user=0.09 sys=0.00, real=0.02 secs] 
2020-08-01T14:08:42.463+0800: 12453306.441: [CMS-concurrent-mark-start]
2020-08-01T14:08:45.110+0800: 12453309.088: [CMS-concurrent-mark: 2.648/2.648 secs] [Times: user=5.59 sys=0.40, real=2.65 secs] 
2020-08-01T14:08:45.111+0800: 12453309.088: [CMS-concurrent-preclean-start]
2020-08-01T14:08:45.118+0800: 12453309.096: [CMS-concurrent-preclean: 0.008/0.008 secs] [Times: user=0.01 sys=0.00, real=0.01 secs] 
2020-08-01T14:08:45.119+0800: 12453309.096: [CMS-concurrent-abortable-preclean-start]
 CMS: abort preclean due to time 2020-08-01T14:08:50.332+0800: 12453314.309: [CMS-concurrent-abortable-preclean: 4.312/5.213 secs] [Times: user=4.77 sys=0.65, real=5.21 secs] 
2020-08-01T14:08:50.333+0800: 12453314.311: [GC (CMS Final Remark) [YG occupancy: 346028 K (737280 K)]2020-08-01T14:08:50.333+0800: 12453314.311: [Rescan (parallel) , 0.0237156 secs]2020-08-01T14:08:50.357+0800: 12453314.335: [weak refs processing, 0.0000726 secs]2020-08-01T14:08:50.357+0800: 12453314.335: [class unloading, 0.0185733 secs]2020-08-01T14:08:50.376+0800: 12453314.353: [scrub symbol table, 0.0062037 secs]2020-08-01T14:08:50.382+0800: 12453314.360: [scrub string table, 0.0009034 secs][1 CMS-remark: 3899007K(5472256K)] 4245035K(6209536K), 0.0496502 secs] [Times: user=0.20 sys=0.00, real=0.05 secs] 
2020-08-01T14:08:50.383+0800: 12453314.361: [CMS-concurrent-sweep-start]
2020-08-01T14:08:51.846+0800: 12453315.824: [CMS-concurrent-sweep: 1.463/1.463 secs] [Times: user=1.65 sys=0.16, real=1.46 secs] 
2020-08-01T14:08:51.846+0800: 12453315.824: [CMS-concurrent-reset-start]
2020-08-01T14:08:51.866+0800: 12453315.844: [CMS-concurrent-reset: 0.020/0.020 secs] [Times: user=0.02 sys=0.00, real=0.02 secs] 
2020-08-01T14:08:53.867+0800: 12453317.845: [GC (CMS Initial Mark) [1 CMS-initial-mark: 3895674K(5472256K)] 4300531K(6209536K), 0.0288925 secs] [Times: user=0.16 sys=0.00, real=0.02 secs] 
2020-08-01T14:08:53.896+0800: 12453317.874: [CMS-concurrent-mark-start]
2020-08-01T14:08:56.546+0800: 12453320.524: [CMS-concurrent-mark: 2.650/2.650 secs] [Times: user=5.77 sys=0.76, real=2.65 secs] 
2020-08-01T14:08:56.546+0800: 12453320.524: [CMS-concurrent-preclean-start]
2020-08-01T14:08:56.554+0800: 12453320.532: [CMS-concurrent-preclean: 0.008/0.008 secs] [Times: user=0.01 sys=0.00, real=0.01 secs] 
2020-08-01T14:08:56.554+0800: 12453320.532: [CMS-concurrent-abortable-preclean-start]
 CMS: abort preclean due to time 2020-08-01T14:09:01.870+0800: 12453325.848: [CMS-concurrent-abortable-preclean: 4.239/5.316 secs] [Times: user=4.73 sys=0.48, real=5.32 secs] 
2020-08-01T14:09:01.872+0800: 12453325.849: [GC (CMS Final Remark) [YG occupancy: 530261 K (737280 K)]2020-08-01T14:09:01.872+0800: 12453325.849: [Rescan (parallel) , 0.0354952 secs]2020-08-01T14:09:01.907+0800: 12453325.885: [weak refs processing, 0.0000341 secs]2020-08-01T14:09:01.907+0800: 12453325.885: [class unloading, 0.0176312 secs]2020-08-01T14:09:01.925+0800: 12453325.903: [scrub symbol table, 0.0061319 secs]2020-08-01T14:09:01.931+0800: 12453325.909: [scrub string table, 0.0008686 secs][1 CMS-remark: 3895674K(5472256K)] 4425935K(6209536K), 0.0603269 secs] [Times: user=0.29 sys=0.00, real=0.06 secs] 
2020-08-01T14:09:01.932+0800: 12453325.910: [CMS-concurrent-sweep-start]
2020-08-01T14:09:05.882+0800: 12453329.859: [CMS-concurrent-sweep: 3.947/3.950 secs] [Times: user=1.76 sys=0.28, real=3.95 secs] 
2020-08-01T14:09:05.882+0800: 12453329.860: [CMS-concurrent-reset-start]
2020-08-01T14:09:05.903+0800: 12453329.881: [CMS-concurrent-reset: 0.021/0.021 secs] [Times: user=0.02 sys=0.01, real=0.02 secs] 
2020-08-01T14:09:07.904+0800: 12453331.882: [GC (CMS Initial Mark) [1 CMS-initial-mark: 3895646K(5472256K)] 4494780K(6209536K), 0.0341274 secs] [Times: user=0.26 sys=0.00, real=0.03 secs] 
2020-08-01T14:09:07.938+0800: 12453331.916: [CMS-concurrent-mark-start]
2020-08-01T14:09:10.595+0800: 12453334.573: [CMS-concurrent-mark: 2.657/2.657 secs] [Times: user=5.74 sys=0.84, real=2.66 secs] 
2020-08-01T14:09:10.595+0800: 12453334.573: [CMS-concurrent-preclean-start]
2020-08-01T14:09:10.603+0800: 12453334.581: [CMS-concurrent-preclean: 0.008/0.008 secs] [Times: user=0.01 sys=0.00, real=0.01 secs] 
2020-08-01T14:09:10.603+0800: 12453334.581: [CMS-concurrent-abortable-preclean-start]
2020-08-01T14:09:13.472+0800: 12453337.450: [GC (Allocation Failure) 2020-08-01T14:09:13.472+0800: 12453337.450: [ParNew: 737280K->81920K(737280K), 0.1235492 secs] 4632926K->4008517K(6209536K), 0.1237505 secs] [Times: user=0.56 sys=0.00, real=0.12 secs] 
 CMS: abort preclean due to time 2020-08-01T14:09:15.704+0800: 12453339.682: [CMS-concurrent-abortable-preclean: 4.566/5.101 secs] [Times: user=6.29 sys=1.31, real=5.10 secs] 
2020-08-01T14:09:15.705+0800: 12453339.683: [GC (CMS Final Remark) [YG occupancy: 165831 K (737280 K)]2020-08-01T14:09:15.705+0800: 12453339.683: [Rescan (parallel) , 0.0163761 secs]2020-08-01T14:09:15.722+0800: 12453339.700: [weak refs processing, 0.0000376 secs]2020-08-01T14:09:15.722+0800: 12453339.700: [class unloading, 0.0181964 secs]2020-08-01T14:09:15.740+0800: 12453339.718: [scrub symbol table, 0.0061532 secs]2020-08-01T14:09:15.746+0800: 12453339.724: [scrub string table, 0.0009039 secs][1 CMS-remark: 3926597K(5472256K)] 4092429K(6209536K), 0.0418310 secs] [Times: user=0.13 sys=0.00, real=0.05 secs] 
2020-08-01T14:09:15.748+0800: 12453339.725: [CMS-concurrent-sweep-start]
2020-08-01T14:09:17.220+0800: 12453341.198: [CMS-concurrent-sweep: 1.473/1.473 secs] [Times: user=1.69 sys=0.28, real=1.47 secs] 
2020-08-01T14:09:17.220+0800: 12453341.198: [CMS-concurrent-reset-start]
2020-08-01T14:09:17.240+0800: 12453341.217: [CMS-concurrent-reset: 0.019/0.019 secs] [Times: user=0.02 sys=0.00, real=0.02 secs] 
2020-08-01T14:09:19.240+0800: 12453343.218: [GC (CMS Initial Mark) [1 CMS-initial-mark: 3926591K(5472256K)] 4202695K(6209536K), 0.0169426 secs] [Times: user=0.13 sys=0.00, real=0.01 secs] 
2020-08-01T14:09:19.257+0800: 12453343.235: [CMS-concurrent-mark-start]
2020-08-01T14:09:21.758+0800: 12453345.736: [CMS-concurrent-mark: 2.500/2.500 secs] [Times: user=5.46 sys=0.22, real=2.50 secs] 
2020-08-01T14:09:21.758+0800: 12453345.736: [CMS-concurrent-preclean-start]
2020-08-01T14:09:21.766+0800: 12453345.744: [CMS-concurrent-preclean: 0.008/0.008 secs] [Times: user=0.01 sys=0.01, real=0.01 secs] 
2020-08-01T14:09:21.766+0800: 12453345.744: [CMS-concurrent-abortable-preclean-start]
 CMS: abort preclean due to time 2020-08-01T14:09:27.014+0800: 12453350.992: [CMS-concurrent-abortable-preclean: 4.146/5.249 secs] [Times: user=4.62 sys=0.55, real=5.25 secs] 
2020-08-01T14:09:27.016+0800: 12453350.994: [GC (CMS Final Remark) [YG occupancy: 407271 K (737280 K)]2020-08-01T14:09:27.016+0800: 12453350.994: [Rescan (parallel) , 0.0375296 secs]2020-08-01T14:09:27.054+0800: 12453351.032: [weak refs processing, 0.0000525 secs]2020-08-01T14:09:27.054+0800: 12453351.032: [class unloading, 0.0171643 secs]2020-08-01T14:09:27.071+0800: 12453351.049: [scrub symbol table, 0.0060616 secs]2020-08-01T14:09:27.077+0800: 12453351.055: [scrub string table, 0.0009022 secs][1 CMS-remark: 3926591K(5472256K)] 4333862K(6209536K), 0.0619011 secs] [Times: user=0.24 sys=0.00, real=0.06 secs] 
2020-08-01T14:09:27.078+0800: 12453351.056: [CMS-concurrent-sweep-start]
2020-08-01T14:09:28.545+0800: 12453352.523: [CMS-concurrent-sweep: 1.467/1.467 secs] [Times: user=1.57 sys=0.12, real=1.47 secs] 
2020-08-01T14:09:28.545+0800: 12453352.523: [CMS-concurrent-reset-start]
2020-08-01T14:09:28.564+0800: 12453352.542: [CMS-concurrent-reset: 0.019/0.019 secs] [Times: user=0.01 sys=0.00, real=0.02 secs] 
2020-08-01T14:09:30.565+0800: 12453354.543: [GC (CMS Initial Mark) [1 CMS-initial-mark: 3922735K(5472256K)] 4344823K(6209536K), 0.0251804 secs] [Times: user=0.19 sys=0.00, real=0.03 secs] 
2020-08-01T14:09:30.591+0800: 12453354.568: [CMS-concurrent-mark-start]
2020-08-01T14:09:33.076+0800: 12453357.054: [CMS-concurrent-mark: 2.485/2.485 secs] [Times: user=5.41 sys=0.25, real=2.48 secs] 
2020-08-01T14:09:33.076+0800: 12453357.054: [CMS-concurrent-preclean-start]
2020-08-01T14:09:33.084+0800: 12453357.062: [CMS-concurrent-preclean: 0.008/0.008 secs] [Times: user=0.00 sys=0.00, real=0.01 secs] 
2020-08-01T14:09:33.084+0800: 12453357.062: [CMS-concurrent-abortable-preclean-start]
 CMS: abort preclean due to time 2020-08-01T14:09:38.420+0800: 12453362.397: [CMS-concurrent-abortable-preclean: 4.434/5.335 secs] [Times: user=5.19 sys=1.31, real=5.34 secs] 
2020-08-01T14:09:38.421+0800: 12453362.399: [GC (CMS Final Remark) [YG occupancy: 599114 K (737280 K)]2020-08-01T14:09:38.421+0800: 12453362.399: [Rescan (parallel) , 0.0467474 secs]2020-08-01T14:09:38.468+0800: 12453362.446: [weak refs processing, 0.0000500 secs]2020-08-01T14:09:38.468+0800: 12453362.446: [class unloading, 0.0177095 secs]2020-08-01T14:09:38.486+0800: 12453362.464: [scrub symbol table, 0.0062379 secs]2020-08-01T14:09:38.492+0800: 12453362.470: [scrub string table, 0.0008756 secs][1 CMS-remark: 3922735K(5472256K)] 4521850K(6209536K), 0.0718129 secs] [Times: user=0.36 sys=0.00, real=0.07 secs] 
2020-08-01T14:09:38.493+0800: 12453362.471: [CMS-concurrent-sweep-start]
2020-08-01T14:09:39.982+0800: 12453363.959: [CMS-concurrent-sweep: 1.488/1.488 secs] [Times: user=1.72 sys=0.28, real=1.49 secs] 
2020-08-01T14:09:39.982+0800: 12453363.960: [CMS-concurrent-reset-start]
2020-08-01T14:09:40.001+0800: 12453363.979: [CMS-concurrent-reset: 0.019/0.019 secs] [Times: user=0.03 sys=0.00, real=0.02 secs] 
2020-08-01T14:09:42.001+0800: 12453365.979: [GC (CMS Initial Mark) [1 CMS-initial-mark: 3922722K(5472256K)] 4607319K(6209536K), 0.0453582 secs] [Times: user=0.28 sys=0.00, real=0.05 secs] 
2020-08-01T14:09:42.047+0800: 12453366.025: [CMS-concurrent-mark-start]
2020-08-01T14:09:44.706+0800: 12453368.684: [GC (Allocation Failure) 2020-08-01T14:09:44.706+0800: 12453368.684: [ParNew: 737280K->81920K(737280K), 0.1306026 secs] 4660002K->4048656K(6209536K), 0.1308537 secs] [Times: user=0.66 sys=0.00, real=0.13 secs] 
2020-08-01T14:09:44.888+0800: 12453368.866: [CMS-concurrent-mark: 2.706/2.841 secs] [Times: user=6.39 sys=0.63, real=2.84 secs] 
2020-08-01T14:09:44.888+0800: 12453368.866: [CMS-concurrent-preclean-start]
2020-08-01T14:09:44.963+0800: 12453368.941: [CMS-concurrent-preclean: 0.071/0.075 secs] [Times: user=0.09 sys=0.04, real=0.07 secs] 
2020-08-01T14:09:44.963+0800: 12453368.941: [CMS-concurrent-abortable-preclean-start]
 CMS: abort preclean due to time 2020-08-01T14:09:50.150+0800: 12453374.128: [CMS-concurrent-abortable-preclean: 4.083/5.187 secs] [Times: user=4.90 sys=0.87, real=5.19 secs] 
2020-08-01T14:09:50.152+0800: 12453374.129: [GC (CMS Final Remark) [YG occupancy: 193977 K (737280 K)]2020-08-01T14:09:50.152+0800: 12453374.129: [Rescan (parallel) , 0.0152314 secs]2020-08-01T14:09:50.167+0800: 12453374.145: [weak refs processing, 0.0000355 secs]2020-08-01T14:09:50.167+0800: 12453374.145: [class unloading, 0.0170836 secs]2020-08-01T14:09:50.184+0800: 12453374.162: [scrub symbol table, 0.0060698 secs]2020-08-01T14:09:50.190+0800: 12453374.168: [scrub string table, 0.0008802 secs][1 CMS-remark: 3966736K(5472256K)] 4160713K(6209536K), 0.0394558 secs] [Times: user=0.14 sys=0.00, real=0.04 secs] 
2020-08-01T14:09:50.192+0800: 12453374.170: [CMS-concurrent-sweep-start]
2020-08-01T14:09:51.807+0800: 12453375.785: [CMS-concurrent-sweep: 1.615/1.615 secs] [Times: user=2.00 sys=0.64, real=1.62 secs] 
2020-08-01T14:09:51.807+0800: 12453375.785: [CMS-concurrent-reset-start]
2020-08-01T14:09:51.828+0800: 12453375.806: [CMS-concurrent-reset: 0.021/0.021 secs] [Times: user=0.03 sys=0.03, real=0.02 secs] 
2020-08-01T14:09:53.829+0800: 12453377.807: [GC (CMS Initial Mark) [1 CMS-initial-mark: 3966603K(5472256K)] 4249985K(6209536K), 0.0201843 secs] [Times: user=0.12 sys=0.00, real=0.02 secs] 
2020-08-01T14:09:53.849+0800: 12453377.827: [CMS-concurrent-mark-start]
2020-08-01T14:09:56.814+0800: 12453380.792: [CMS-concurrent-mark: 2.964/2.964 secs] [Times: user=6.42 sys=0.35, real=2.96 secs] 
2020-08-01T14:09:56.814+0800: 12453380.792: [CMS-concurrent-preclean-start]
2020-08-01T14:09:56.822+0800: 12453380.800: [CMS-concurrent-preclean: 0.008/0.008 secs] [Times: user=0.01 sys=0.00, real=0.01 secs] 
2020-08-01T14:09:56.822+0800: 12453380.800: [CMS-concurrent-abortable-preclean-start]
 CMS: abort preclean due to time 2020-08-01T14:10:02.082+0800: 12453386.060: [CMS-concurrent-abortable-preclean: 4.059/5.260 secs] [Times: user=4.90 sys=0.78, real=5.26 secs] 
2020-08-01T14:10:02.083+0800: 12453386.061: [GC (CMS Final Remark) [YG occupancy: 526246 K (737280 K)]2020-08-01T14:10:02.084+0800: 12453386.061: [Rescan (parallel) , 0.0390397 secs]2020-08-01T14:10:02.123+0800: 12453386.100: [weak refs processing, 0.0000531 secs]2020-08-01T14:10:02.123+0800: 12453386.100: [class unloading, 0.0184326 secs]2020-08-01T14:10:02.141+0800: 12453386.119: [scrub symbol table, 0.0069695 secs]2020-08-01T14:10:02.148+0800: 12453386.126: [scrub string table, 0.0010351 secs][1 CMS-remark: 3966603K(5472256K)] 4492850K(6209536K), 0.0657223 secs] [Times: user=0.28 sys=0.02, real=0.07 secs] 
2020-08-01T14:10:02.149+0800: 12453386.127: [CMS-concurrent-sweep-start]
2020-08-01T14:10:03.557+0800: 12453387.534: [CMS-concurrent-sweep: 1.407/1.407 secs] [Times: user=1.58 sys=0.12, real=1.40 secs] 
2020-08-01T14:10:03.557+0800: 12453387.534: [CMS-concurrent-reset-start]
2020-08-01T14:10:03.575+0800: 12453387.553: [CMS-concurrent-reset: 0.018/0.018 secs] [Times: user=0.02 sys=0.00, real=0.02 secs] 
2020-08-01T14:10:05.576+0800: 12453389.554: [GC (CMS Initial Mark) [1 CMS-initial-mark: 3964017K(5472256K)] 4581173K(6209536K), 0.0349378 secs] [Times: user=0.26 sys=0.00, real=0.04 secs] 
2020-08-01T14:10:05.611+0800: 12453389.589: [CMS-concurrent-mark-start]
2020-08-01T14:10:08.146+0800: 12453392.124: [CMS-concurrent-mark: 2.535/2.535 secs] [Times: user=5.45 sys=0.26, real=2.53 secs] 
2020-08-01T14:10:08.146+0800: 12453392.124: [CMS-concurrent-preclean-start]
2020-08-01T14:10:08.154+0800: 12453392.131: [CMS-concurrent-preclean: 0.007/0.007 secs] [Times: user=0.01 sys=0.00, real=0.01 secs] 
2020-08-01T14:10:08.154+0800: 12453392.131: [CMS-concurrent-abortable-preclean-start]
2020-08-01T14:10:12.584+0800: 12453396.562: [GC (Allocation Failure) 2020-08-01T14:10:12.584+0800: 12453396.562: [ParNew: 737280K->81920K(737280K), 0.1078075 secs] 4701297K->4072571K(6209536K), 0.1079804 secs] [Times: user=0.62 sys=0.00, real=0.11 secs] 
 CMS: abort preclean due to time 2020-08-01T14:10:13.483+0800: 12453397.460: [CMS-concurrent-abortable-preclean: 4.109/5.329 secs] [Times: user=5.21 sys=0.40, real=5.33 secs] 
2020-08-01T14:10:13.484+0800: 12453397.462: [GC (CMS Final Remark) [YG occupancy: 95859 K (737280 K)]2020-08-01T14:10:13.484+0800: 12453397.462: [Rescan (parallel) , 0.0134384 secs]2020-08-01T14:10:13.498+0800: 12453397.476: [weak refs processing, 0.0000391 secs]2020-08-01T14:10:13.498+0800: 12453397.476: [class unloading, 0.0183768 secs]2020-08-01T14:10:13.516+0800: 12453397.494: [scrub symbol table, 0.0064751 secs]2020-08-01T14:10:13.523+0800: 12453397.501: [scrub string table, 0.0009010 secs][1 CMS-remark: 3990651K(5472256K)] 4086510K(6209536K), 0.0393954 secs] [Times: user=0.12 sys=0.00, real=0.04 secs] 
2020-08-01T14:10:13.524+0800: 12453397.502: [CMS-concurrent-sweep-start]
2020-08-01T14:10:14.977+0800: 12453398.954: [CMS-concurrent-sweep: 1.453/1.453 secs] [Times: user=1.65 sys=0.12, real=1.45 secs] 
2020-08-01T14:10:14.977+0800: 12453398.955: [CMS-concurrent-reset-start]
2020-08-01T14:10:14.996+0800: 12453398.974: [CMS-concurrent-reset: 0.019/0.019 secs] [Times: user=0.03 sys=0.01, real=0.02 secs] 
2020-08-01T14:10:16.997+0800: 12453400.975: [GC (CMS Initial Mark) [1 CMS-initial-mark: 3990642K(5472256K)] 4138039K(6209536K), 0.0123526 secs] [Times: user=0.07 sys=0.00, real=0.02 secs] 
2020-08-01T14:10:17.009+0800: 12453400.987: [CMS-concurrent-mark-start]
2020-08-01T14:10:19.788+0800: 12453403.766: [CMS-concurrent-mark: 2.779/2.779 secs] [Times: user=6.07 sys=0.73, real=2.78 secs] 
2020-08-01T14:10:19.788+0800: 12453403.766: [CMS-concurrent-preclean-start]
2020-08-01T14:10:19.796+0800: 12453403.774: [CMS-concurrent-preclean: 0.008/0.008 secs] [Times: user=0.01 sys=0.00, real=0.00 secs] 
2020-08-01T14:10:19.796+0800: 12453403.774: [CMS-concurrent-abortable-preclean-start]
 CMS: abort preclean due to time 2020-08-01T14:10:25.086+0800: 12453409.063: [CMS-concurrent-abortable-preclean: 4.488/5.289 secs] [Times: user=5.50 sys=0.72, real=5.29 secs] 
2020-08-01T14:10:25.087+0800: 12453409.065: [GC (CMS Final Remark) [YG occupancy: 382655 K (737280 K)]2020-08-01T14:10:25.087+0800: 12453409.065: [Rescan (parallel) , 0.0270920 secs]2020-08-01T14:10:25.114+0800: 12453409.092: [weak refs processing, 0.0000621 secs]2020-08-01T14:10:25.114+0800: 12453409.092: [class unloading, 0.0179179 secs]2020-08-01T14:10:25.132+0800: 12453409.110: [scrub symbol table, 0.0064263 secs]2020-08-01T14:10:25.139+0800: 12453409.117: [scrub string table, 0.0009140 secs][1 CMS-remark: 3990642K(5472256K)] 4373298K(6209536K), 0.0526082 secs] [Times: user=0.22 sys=0.00, real=0.05 secs] 
2020-08-01T14:10:25.140+0800: 12453409.118: [CMS-concurrent-sweep-start]
2020-08-01T14:10:26.565+0800: 12453410.543: [CMS-concurrent-sweep: 1.425/1.425 secs] [Times: user=1.59 sys=0.16, real=1.42 secs] 
2020-08-01T14:10:26.565+0800: 12453410.543: [CMS-concurrent-reset-start]
2020-08-01T14:10:26.584+0800: 12453410.562: [CMS-concurrent-reset: 0.019/0.019 secs] [Times: user=0.02 sys=0.00, real=0.02 secs] 
2020-08-01T14:10:28.585+0800: 12453412.563: [GC (CMS Initial Mark) [1 CMS-initial-mark: 3988896K(5472256K)] 4455846K(6209536K), 0.0285250 secs] [Times: user=0.21 sys=0.00, real=0.03 secs] 
2020-08-01T14:10:28.614+0800: 12453412.592: [CMS-concurrent-mark-start]
2020-08-01T14:10:32.065+0800: 12453416.043: [CMS-concurrent-mark: 3.441/3.451 secs] [Times: user=7.51 sys=0.40, real=3.45 secs] 
2020-08-01T14:10:32.065+0800: 12453416.043: [CMS-concurrent-preclean-start]
2020-08-01T14:10:32.075+0800: 12453416.053: [CMS-concurrent-preclean: 0.010/0.010 secs] [Times: user=0.01 sys=0.01, real=0.01 secs] 
2020-08-01T14:10:32.075+0800: 12453416.053: [CMS-concurrent-abortable-preclean-start]
 CMS: abort preclean due to time 2020-08-01T14:10:37.103+0800: 12453421.081: [CMS-concurrent-abortable-preclean: 4.227/5.028 secs] [Times: user=4.90 sys=0.63, real=5.03 secs] 
2020-08-01T14:10:37.104+0800: 12453421.082: [GC (CMS Final Remark) [YG occupancy: 657298 K (737280 K)]2020-08-01T14:10:37.104+0800: 12453421.082: [Rescan (parallel) , 0.0422086 secs]2020-08-01T14:10:37.147+0800: 12453421.125: [weak refs processing, 0.0000436 secs]2020-08-01T14:10:37.147+0800: 12453421.125: [class unloading, 0.0178952 secs]2020-08-01T14:10:37.165+0800: 12453421.143: [scrub symbol table, 0.0061387 secs]2020-08-01T14:10:37.171+0800: 12453421.149: [scrub string table, 0.0008743 secs][1 CMS-remark: 3988896K(5472256K)] 4646195K(6209536K), 0.0673500 secs] [Times: user=0.35 sys=0.00, real=0.07 secs] 
2020-08-01T14:10:37.172+0800: 12453421.150: [CMS-concurrent-sweep-start]
2020-08-01T14:10:38.604+0800: 12453422.582: [CMS-concurrent-sweep: 1.432/1.432 secs] [Times: user=1.63 sys=0.20, real=1.43 secs] 
2020-08-01T14:10:38.604+0800: 12453422.582: [CMS-concurrent-reset-start]
2020-08-01T14:10:38.623+0800: 12453422.601: [CMS-concurrent-reset: 0.019/0.019 secs] [Times: user=0.02 sys=0.01, real=0.02 secs] 
2020-08-01T14:10:40.616+0800: 12453424.594: [GC (Allocation Failure) 2020-08-01T14:10:40.616+0800: 12453424.594: [ParNew: 737280K->81920K(737280K), 0.1174582 secs] 4726165K->4109948K(6209536K), 0.1177138 secs] [Times: user=0.64 sys=0.00, real=0.12 secs] 
2020-08-01T14:10:40.735+0800: 12453424.713: [GC (CMS Initial Mark) [1 CMS-initial-mark: 4028028K(5472256K)] 4110089K(6209536K), 0.0098531 secs] [Times: user=0.05 sys=0.00, real=0.01 secs] 
2020-08-01T14:10:40.745+0800: 12453424.723: [CMS-concurrent-mark-start]
2020-08-01T14:10:43.459+0800: 12453427.437: [CMS-concurrent-mark: 2.709/2.714 secs] [Times: user=6.71 sys=1.32, real=2.72 secs] 
2020-08-01T14:10:43.459+0800: 12453427.437: [CMS-concurrent-preclean-start]
2020-08-01T14:10:43.467+0800: 12453427.445: [CMS-concurrent-preclean: 0.008/0.008 secs] [Times: user=0.01 sys=0.00, real=0.01 secs] 
2020-08-01T14:10:43.467+0800: 12453427.445: [CMS-concurrent-abortable-preclean-start]
 CMS: abort preclean due to time 2020-08-01T14:10:48.624+0800: 12453432.602: [CMS-concurrent-abortable-preclean: 4.454/5.157 secs] [Times: user=5.36 sys=0.80, real=5.15 secs] 
2020-08-01T14:10:48.626+0800: 12453432.603: [GC (CMS Final Remark) [YG occupancy: 508196 K (737280 K)]2020-08-01T14:10:48.626+0800: 12453432.603: [Rescan (parallel) , 0.0345351 secs]2020-08-01T14:10:48.660+0800: 12453432.638: [weak refs processing, 0.0000391 secs]2020-08-01T14:10:48.660+0800: 12453432.638: [class unloading, 0.0174739 secs]2020-08-01T14:10:48.678+0800: 12453432.656: [scrub symbol table, 0.0061804 secs]2020-08-01T14:10:48.684+0800: 12453432.662: [scrub string table, 0.0008879 secs][1 CMS-remark: 4028028K(5472256K)] 4536224K(6209536K), 0.0592797 secs] [Times: user=0.29 sys=0.00, real=0.06 secs] 
2020-08-01T14:10:48.685+0800: 12453432.663: [CMS-concurrent-sweep-start]
2020-08-01T14:10:50.242+0800: 12453434.220: [CMS-concurrent-sweep: 1.557/1.557 secs] [Times: user=1.79 sys=0.23, real=1.56 secs] 
2020-08-01T14:10:50.242+0800: 12453434.220: [CMS-concurrent-reset-start]
2020-08-01T14:10:50.262+0800: 12453434.240: [CMS-concurrent-reset: 0.020/0.020 secs] [Times: user=0.02 sys=0.00, real=0.02 secs] 
2020-08-01T14:10:52.263+0800: 12453436.241: [GC (CMS Initial Mark) [1 CMS-initial-mark: 4027139K(5472256K)] 4608921K(6209536K), 0.0457218 secs] [Times: user=0.24 sys=0.01, real=0.05 secs] 
2020-08-01T14:10:52.309+0800: 12453436.287: [CMS-concurrent-mark-start]
2020-08-01T14:10:54.989+0800: 12453438.967: [CMS-concurrent-mark: 2.681/2.681 secs] [Times: user=5.87 sys=0.40, real=2.68 secs] 
2020-08-01T14:10:54.989+0800: 12453438.967: [CMS-concurrent-preclean-start]
2020-08-01T14:10:54.997+0800: 12453438.975: [CMS-concurrent-preclean: 0.008/0.008 secs] [Times: user=0.01 sys=0.00, real=0.00 secs] 
2020-08-01T14:10:54.997+0800: 12453438.975: [CMS-concurrent-abortable-preclean-start]
2020-08-01T14:10:57.982+0800: 12453441.959: [GC (Allocation Failure) 2020-08-01T14:10:57.982+0800: 12453441.960: [ParNew: 737280K->81920K(737280K), 0.1057289 secs] 4764419K->4149078K(6209536K), 0.1059470 secs] [Times: user=0.61 sys=0.00, real=0.11 secs] 
 CMS: abort preclean due to time 2020-08-01T14:11:00.139+0800: 12453444.117: [CMS-concurrent-abortable-preclean: 4.531/5.142 secs] [Times: user=5.99 sys=0.90, real=5.15 secs] 
2020-08-01T14:11:00.141+0800: 12453444.119: [GC (CMS Final Remark) [YG occupancy: 135492 K (737280 K)]2020-08-01T14:11:00.141+0800: 12453444.119: [Rescan (parallel) , 0.0159464 secs]2020-08-01T14:11:00.157+0800: 12453444.135: [weak refs processing, 0.0000391 secs]2020-08-01T14:11:00.157+0800: 12453444.135: [class unloading, 0.0178142 secs]2020-08-01T14:11:00.175+0800: 12453444.153: [scrub symbol table, 0.0062446 secs]2020-08-01T14:11:00.181+0800: 12453444.159: [scrub string table, 0.0008857 secs][1 CMS-remark: 4067158K(5472256K)] 4202651K(6209536K), 0.0411137 secs] [Times: user=0.15 sys=0.00, real=0.04 secs] 
2020-08-01T14:11:00.182+0800: 12453444.160: [CMS-concurrent-sweep-start]
2020-08-01T14:11:01.758+0800: 12453445.736: [CMS-concurrent-sweep: 1.575/1.575 secs] [Times: user=1.65 sys=0.24, real=1.57 secs] 
2020-08-01T14:11:01.758+0800: 12453445.736: [CMS-concurrent-reset-start]
2020-08-01T14:11:01.776+0800: 12453445.754: [CMS-concurrent-reset: 0.019/0.019 secs] [Times: user=0.02 sys=0.00, real=0.02 secs] 
2020-08-01T14:11:03.777+0800: 12453447.755: [GC (CMS Initial Mark) [1 CMS-initial-mark: 4066063K(5472256K)] 4225705K(6209536K), 0.0116859 secs] [Times: user=0.08 sys=0.00, real=0.02 secs] 
2020-08-01T14:11:03.789+0800: 12453447.767: [CMS-concurrent-mark-start]
2020-08-01T14:11:06.415+0800: 12453450.393: [CMS-concurrent-mark: 2.626/2.626 secs] [Times: user=5.38 sys=0.33, real=2.62 secs] 
2020-08-01T14:11:06.415+0800: 12453450.393: [CMS-concurrent-preclean-start]
2020-08-01T14:11:06.423+0800: 12453450.401: [CMS-concurrent-preclean: 0.008/0.008 secs] [Times: user=0.00 sys=0.00, real=0.01 secs] 
2020-08-01T14:11:06.423+0800: 12453450.401: [CMS-concurrent-abortable-preclean-start]
 CMS: abort preclean due to time 2020-08-01T14:11:11.565+0800: 12453455.543: [CMS-concurrent-abortable-preclean: 4.542/5.142 secs] [Times: user=5.12 sys=0.87, real=5.14 secs] 
2020-08-01T14:11:11.567+0800: 12453455.545: [GC (CMS Final Remark) [YG occupancy: 250143 K (737280 K)]2020-08-01T14:11:11.567+0800: 12453455.545: [Rescan (parallel) , 0.0208712 secs]2020-08-01T14:11:11.588+0800: 12453455.566: [weak refs processing, 0.0000426 secs]2020-08-01T14:11:11.588+0800: 12453455.566: [class unloading, 0.0178726 secs]2020-08-01T14:11:11.606+0800: 12453455.584: [scrub symbol table, 0.0074210 secs]2020-08-01T14:11:11.613+0800: 12453455.591: [scrub string table, 0.0009124 secs][1 CMS-remark: 4066063K(5472256K)] 4316206K(6209536K), 0.0472938 secs] [Times: user=0.17 sys=0.00, real=0.04 secs] 
2020-08-01T14:11:11.615+0800: 12453455.592: [CMS-concurrent-sweep-start]
2020-08-01T14:11:13.113+0800: 12453457.091: [CMS-concurrent-sweep: 1.499/1.499 secs] [Times: user=1.76 sys=0.23, real=1.50 secs] 
2020-08-01T14:11:13.114+0800: 12453457.091: [CMS-concurrent-reset-start]
2020-08-01T14:11:13.134+0800: 12453457.111: [CMS-concurrent-reset: 0.020/0.020 secs] [Times: user=0.02 sys=0.01, real=0.02 secs] 
2020-08-01T14:11:15.134+0800: 12453459.112: [GC (CMS Initial Mark) [1 CMS-initial-mark: 4064519K(5472256K)] 4390697K(6209536K), 0.0219703 secs] [Times: user=0.16 sys=0.00, real=0.02 secs] 
2020-08-01T14:11:15.156+0800: 12453459.134: [CMS-concurrent-mark-start]
2020-08-01T14:11:17.774+0800: 12453461.752: [CMS-concurrent-mark: 2.618/2.618 secs] [Times: user=5.68 sys=0.26, real=2.62 secs] 
2020-08-01T14:11:17.774+0800: 12453461.752: [CMS-concurrent-preclean-start]
2020-08-01T14:11:17.782+0800: 12453461.760: [CMS-concurrent-preclean: 0.008/0.008 secs] [Times: user=0.01 sys=0.00, real=0.01 secs] 
2020-08-01T14:11:17.782+0800: 12453461.760: [CMS-concurrent-abortable-preclean-start]
 CMS: abort preclean due to time 2020-08-01T14:11:23.041+0800: 12453467.019: [CMS-concurrent-abortable-preclean: 4.458/5.258 secs] [Times: user=5.63 sys=0.79, real=5.26 secs] 
2020-08-01T14:11:23.042+0800: 12453467.020: [GC (CMS Final Remark) [YG occupancy: 574556 K (737280 K)]2020-08-01T14:11:23.042+0800: 12453467.020: [Rescan (parallel) , 0.0382239 secs]2020-08-01T14:11:23.081+0800: 12453467.058: [weak refs processing, 0.0000392 secs]2020-08-01T14:11:23.081+0800: 12453467.058: [class unloading, 0.0174404 secs]2020-08-01T14:11:23.098+0800: 12453467.076: [scrub symbol table, 0.0065140 secs]2020-08-01T14:11:23.105+0800: 12453467.082: [scrub string table, 0.0009006 secs][1 CMS-remark: 4064519K(5472256K)] 4639075K(6209536K), 0.0633124 secs] [Times: user=0.32 sys=0.00, real=0.06 secs] 
2020-08-01T14:11:23.106+0800: 12453467.084: [CMS-concurrent-sweep-start]
2020-08-01T14:11:24.616+0800: 12453468.594: [CMS-concurrent-sweep: 1.511/1.511 secs] [Times: user=1.74 sys=0.16, real=1.51 secs] 
2020-08-01T14:11:24.617+0800: 12453468.594: [CMS-concurrent-reset-start]
2020-08-01T14:11:24.636+0800: 12453468.614: [CMS-concurrent-reset: 0.020/0.020 secs] [Times: user=0.02 sys=0.00, real=0.02 secs] 
2020-08-01T14:11:26.637+0800: 12453470.615: [GC (CMS Initial Mark) [1 CMS-initial-mark: 4064507K(5472256K)] 4696105K(6209536K), 0.0424780 secs] [Times: user=0.29 sys=0.00, real=0.05 secs] 
2020-08-01T14:11:26.680+0800: 12453470.657: [CMS-concurrent-mark-start]
2020-08-01T14:11:29.238+0800: 12453473.216: [CMS-concurrent-mark: 2.548/2.559 secs] [Times: user=5.44 sys=0.36, real=2.55 secs] 
2020-08-01T14:11:29.238+0800: 12453473.216: [CMS-concurrent-preclean-start]
2020-08-01T14:11:29.246+0800: 12453473.224: [CMS-concurrent-preclean: 0.008/0.008 secs] [Times: user=0.01 sys=0.00, real=0.01 secs] 
2020-08-01T14:11:29.246+0800: 12453473.224: [CMS-concurrent-abortable-preclean-start]
2020-08-01T14:11:32.961+0800: 12453476.939: [GC (Allocation Failure) 2020-08-01T14:11:32.961+0800: 12453476.939: [ParNew: 737280K->81920K(737280K), 0.1119454 secs] 4801787K->4182612K(6209536K), 0.1121349 secs] [Times: user=0.66 sys=0.00, real=0.11 secs] 
 CMS: abort preclean due to time 2020-08-01T14:11:34.439+0800: 12453478.417: [CMS-concurrent-abortable-preclean: 4.572/5.193 secs] [Times: user=5.84 sys=0.63, real=5.20 secs] 
2020-08-01T14:11:34.441+0800: 12453478.419: [GC (CMS Final Remark) [YG occupancy: 110573 K (737280 K)]2020-08-01T14:11:34.441+0800: 12453478.419: [Rescan (parallel) , 0.0150719 secs]2020-08-01T14:11:34.456+0800: 12453478.434: [weak refs processing, 0.0000474 secs]2020-08-01T14:11:34.456+0800: 12453478.434: [class unloading, 0.0173590 secs]2020-08-01T14:11:34.474+0800: 12453478.451: [scrub symbol table, 0.0062028 secs]2020-08-01T14:11:34.480+0800: 12453478.458: [scrub string table, 0.0008859 secs][1 CMS-remark: 4100692K(5472256K)] 4211265K(6209536K), 0.0397365 secs] [Times: user=0.13 sys=0.00, real=0.04 secs] 
2020-08-01T14:11:34.481+0800: 12453478.459: [CMS-concurrent-sweep-start]
2020-08-01T14:11:35.995+0800: 12453479.973: [CMS-concurrent-sweep: 1.514/1.514 secs] [Times: user=1.73 sys=0.47, real=1.51 secs] 
2020-08-01T14:11:35.995+0800: 12453479.973: [CMS-concurrent-reset-start]
2020-08-01T14:11:36.015+0800: 12453479.993: [CMS-concurrent-reset: 0.020/0.020 secs] [Times: user=0.02 sys=0.02, real=0.02 secs] 
2020-08-01T14:11:38.016+0800: 12453481.994: [GC (CMS Initial Mark) [1 CMS-initial-mark: 4100562K(5472256K)] 4276393K(6209536K), 0.0156754 secs] [Times: user=0.09 sys=0.00, real=0.02 secs] 
2020-08-01T14:11:38.032+0800: 12453482.010: [CMS-concurrent-mark-start]
2020-08-01T14:11:40.650+0800: 12453484.628: [CMS-concurrent-mark: 2.618/2.618 secs] [Times: user=5.69 sys=0.62, real=2.62 secs] 
2020-08-01T14:11:40.650+0800: 12453484.628: [CMS-concurrent-preclean-start]
2020-08-01T14:11:40.658+0800: 12453484.636: [CMS-concurrent-preclean: 0.008/0.008 secs] [Times: user=0.01 sys=0.00, real=0.00 secs] 
2020-08-01T14:11:40.658+0800: 12453484.636: [CMS-concurrent-abortable-preclean-start]
 CMS: abort preclean due to time 2020-08-01T14:11:45.931+0800: 12453489.909: [CMS-concurrent-abortable-preclean: 4.572/5.273 secs] [Times: user=5.12 sys=0.62, real=5.28 secs] 
2020-08-01T14:11:45.932+0800: 12453489.910: [GC (CMS Final Remark) [YG occupancy: 294192 K (737280 K)]2020-08-01T14:11:45.932+0800: 12453489.910: [Rescan (parallel) , 0.0218393 secs]2020-08-01T14:11:45.954+0800: 12453489.932: [weak refs processing, 0.0000538 secs]2020-08-01T14:11:45.954+0800: 12453489.932: [class unloading, 0.0174528 secs]2020-08-01T14:11:45.972+0800: 12453489.950: [scrub symbol table, 0.0060310 secs]2020-08-01T14:11:45.978+0800: 12453489.956: [scrub string table, 0.0009056 secs][1 CMS-remark: 4100562K(5472256K)] 4394755K(6209536K), 0.0464478 secs] [Times: user=0.20 sys=0.00, real=0.05 secs] 
2020-08-01T14:11:45.979+0800: 12453489.957: [CMS-concurrent-sweep-start]
2020-08-01T14:11:47.501+0800: 12453491.478: [CMS-concurrent-sweep: 1.522/1.522 secs] [Times: user=1.82 sys=0.18, real=1.52 secs] 
2020-08-01T14:11:47.501+0800: 12453491.479: [CMS-concurrent-reset-start]
2020-08-01T14:11:47.521+0800: 12453491.499: [CMS-concurrent-reset: 0.021/0.021 secs] [Times: user=0.04 sys=0.01, real=0.02 secs] 
2020-08-01T14:11:49.522+0800: 12453493.500: [GC (CMS Initial Mark) [1 CMS-initial-mark: 4098323K(5472256K)] 4501437K(6209536K), 0.0264697 secs] [Times: user=0.19 sys=0.00, real=0.03 secs] 
2020-08-01T14:11:49.549+0800: 12453493.527: [CMS-concurrent-mark-start]
2020-08-01T14:11:52.117+0800: 12453496.095: [CMS-concurrent-mark: 2.568/2.568 secs] [Times: user=5.64 sys=0.44, real=2.56 secs] 
2020-08-01T14:11:52.117+0800: 12453496.095: [CMS-concurrent-preclean-start]
2020-08-01T14:11:52.126+0800: 12453496.103: [CMS-concurrent-preclean: 0.008/0.008 secs] [Times: user=0.01 sys=0.00, real=0.01 secs] 
2020-08-01T14:11:52.126+0800: 12453496.104: [CMS-concurrent-abortable-preclean-start]
 CMS: abort preclean due to time 2020-08-01T14:11:57.286+0800: 12453501.263: [CMS-concurrent-abortable-preclean: 4.359/5.160 secs] [Times: user=5.31 sys=0.99, real=5.16 secs] 
2020-08-01T14:11:57.287+0800: 12453501.265: [GC (CMS Final Remark) [YG occupancy: 647597 K (737280 K)]2020-08-01T14:11:57.287+0800: 12453501.265: [Rescan (parallel) , 0.0570071 secs]2020-08-01T14:11:57.344+0800: 12453501.322: [weak refs processing, 0.0000373 secs]2020-08-01T14:11:57.344+0800: 12453501.322: [class unloading, 0.0190884 secs]2020-08-01T14:11:57.364+0800: 12453501.341: [scrub symbol table, 0.0065852 secs]2020-08-01T14:11:57.370+0800: 12453501.348: [scrub string table, 0.0009442 secs][1 CMS-remark: 4098323K(5472256K)] 4745920K(6209536K), 0.0838703 secs] [Times: user=0.37 sys=0.00, real=0.08 secs] 
2020-08-01T14:11:57.371+0800: 12453501.349: [CMS-concurrent-sweep-start]
2020-08-01T14:11:58.972+0800: 12453502.950: [CMS-concurrent-sweep: 1.601/1.601 secs] [Times: user=1.89 sys=0.24, real=1.60 secs] 
2020-08-01T14:11:58.973+0800: 12453502.950: [CMS-concurrent-reset-start]
2020-08-01T14:11:58.995+0800: 12453502.973: [CMS-concurrent-reset: 0.022/0.022 secs] [Times: user=0.02 sys=0.00, real=0.02 secs] 
2020-08-01T14:12:00.996+0800: 12453504.973: [GC (CMS Initial Mark) [1 CMS-initial-mark: 4098318K(5472256K)] 4815594K(6209536K), 0.0448736 secs] [Times: user=0.33 sys=0.00, real=0.05 secs] 
2020-08-01T14:12:01.041+0800: 12453505.018: [CMS-concurrent-mark-start]
2020-08-01T14:12:01.289+0800: 12453505.266: [GC (Allocation Failure) 2020-08-01T14:12:01.289+0800: 12453505.266: [ParNew: 737280K->81920K(737280K), 0.1209163 secs] 4835598K->4221414K(6209536K), 0.1210926 secs] [Times: user=0.67 sys=0.00, real=0.12 secs] 
2020-08-01T14:12:06.780+0800: 12453510.758: [CMS-concurrent-mark: 5.617/5.739 secs] [Times: user=7.18 sys=0.92, real=5.74 secs] 
2020-08-01T14:12:06.780+0800: 12453510.758: [CMS-concurrent-preclean-start]
2020-08-01T14:12:06.829+0800: 12453510.807: [CMS-concurrent-preclean: 0.047/0.049 secs] [Times: user=0.05 sys=0.01, real=0.05 secs] 
2020-08-01T14:12:06.829+0800: 12453510.807: [CMS-concurrent-abortable-preclean-start]
 CMS: abort preclean due to time 2020-08-01T14:12:12.122+0800: 12453516.100: [CMS-concurrent-abortable-preclean: 5.293/5.293 secs] [Times: user=5.84 sys=0.57, real=5.29 secs] 
2020-08-01T14:12:12.124+0800: 12453516.101: [GC (CMS Final Remark) [YG occupancy: 205997 K (737280 K)]2020-08-01T14:12:12.124+0800: 12453516.101: [Rescan (parallel) , 0.0168602 secs]2020-08-01T14:12:12.140+0800: 12453516.118: [weak refs processing, 0.0000355 secs]2020-08-01T14:12:12.140+0800: 12453516.118: [class unloading, 0.0171021 secs]2020-08-01T14:12:12.158+0800: 12453516.135: [scrub symbol table, 0.0063488 secs]2020-08-01T14:12:12.164+0800: 12453516.142: [scrub string table, 0.0008612 secs][1 CMS-remark: 4139494K(5472256K)] 4345491K(6209536K), 0.0413676 secs] [Times: user=0.15 sys=0.00, real=0.04 secs] 
2020-08-01T14:12:12.165+0800: 12453516.143: [CMS-concurrent-sweep-start]
2020-08-01T14:12:13.790+0800: 12453517.768: [CMS-concurrent-sweep: 1.625/1.625 secs] [Times: user=2.13 sys=0.70, real=1.63 secs] 
2020-08-01T14:12:13.790+0800: 12453517.768: [CMS-concurrent-reset-start]
2020-08-01T14:12:13.809+0800: 12453517.787: [CMS-concurrent-reset: 0.019/0.019 secs] [Times: user=0.02 sys=0.00, real=0.02 secs] 
2020-08-01T14:12:15.810+0800: 12453519.788: [GC (CMS Initial Mark) [1 CMS-initial-mark: 4139485K(5472256K)] 4436806K(6209536K), 0.0215543 secs] [Times: user=0.15 sys=0.00, real=0.02 secs] 
2020-08-01T14:12:15.832+0800: 12453519.810: [CMS-concurrent-mark-start]
2020-08-01T14:12:18.517+0800: 12453522.495: [CMS-concurrent-mark: 2.685/2.685 secs] [Times: user=5.85 sys=0.16, real=2.68 secs] 
2020-08-01T14:12:18.517+0800: 12453522.495: [CMS-concurrent-preclean-start]
2020-08-01T14:12:18.525+0800: 12453522.503: [CMS-concurrent-preclean: 0.008/0.008 secs] [Times: user=0.01 sys=0.00, real=0.01 secs] 
2020-08-01T14:12:18.525+0800: 12453522.503: [CMS-concurrent-abortable-preclean-start]
 CMS: abort preclean due to time 2020-08-01T14:12:23.628+0800: 12453527.606: [CMS-concurrent-abortable-preclean: 4.503/5.103 secs] [Times: user=4.89 sys=0.32, real=5.11 secs] 
2020-08-01T14:12:23.630+0800: 12453527.608: [GC (CMS Final Remark) [YG occupancy: 386580 K (737280 K)]2020-08-01T14:12:23.630+0800: 12453527.608: [Rescan (parallel) , 0.0276233 secs]2020-08-01T14:12:23.658+0800: 12453527.636: [weak refs processing, 0.0000436 secs]2020-08-01T14:12:23.658+0800: 12453527.636: [class unloading, 0.0179342 secs]2020-08-01T14:12:23.676+0800: 12453527.654: [scrub symbol table, 0.0063174 secs]2020-08-01T14:12:23.682+0800: 12453527.660: [scrub string table, 0.0009213 secs][1 CMS-remark: 4139485K(5472256K)] 4526066K(6209536K), 0.0530237 secs] [Times: user=0.24 sys=0.00, real=0.05 secs] 
2020-08-01T14:12:23.683+0800: 12453527.661: [CMS-concurrent-sweep-start]
2020-08-01T14:12:25.214+0800: 12453529.192: [CMS-concurrent-sweep: 1.529/1.531 secs] [Times: user=1.64 sys=0.13, real=1.53 secs] 
2020-08-01T14:12:25.214+0800: 12453529.192: [CMS-concurrent-reset-start]
2020-08-01T14:12:25.233+0800: 12453529.211: [CMS-concurrent-reset: 0.019/0.019 secs] [Times: user=0.02 sys=0.00, real=0.02 secs] 
2020-08-01T14:12:27.234+0800: 12453531.212: [GC (CMS Initial Mark) [1 CMS-initial-mark: 4137942K(5472256K)] 4544414K(6209536K), 0.0331273 secs] [Times: user=0.19 sys=0.00, real=0.04 secs] 
2020-08-01T14:12:27.268+0800: 12453531.245: [CMS-concurrent-mark-start]
2020-08-01T14:12:30.072+0800: 12453534.049: [CMS-concurrent-mark: 2.800/2.804 secs] [Times: user=5.86 sys=0.09, real=2.80 secs] 
2020-08-01T14:12:30.072+0800: 12453534.049: [CMS-concurrent-preclean-start]
2020-08-01T14:12:30.080+0800: 12453534.058: [CMS-concurrent-preclean: 0.008/0.008 secs] [Times: user=0.01 sys=0.00, real=0.01 secs] 
2020-08-01T14:12:30.080+0800: 12453534.058: [CMS-concurrent-abortable-preclean-start]
 CMS: abort preclean due to time 2020-08-01T14:12:35.389+0800: 12453539.367: [CMS-concurrent-abortable-preclean: 4.407/5.309 secs] [Times: user=4.86 sys=0.31, real=5.31 secs] 
2020-08-01T14:12:35.390+0800: 12453539.368: [GC (CMS Final Remark) [YG occupancy: 465858 K (737280 K)]2020-08-01T14:12:35.390+0800: 12453539.368: [Rescan (parallel) , 0.0344522 secs]2020-08-01T14:12:35.425+0800: 12453539.403: [weak refs processing, 0.0000411 secs]2020-08-01T14:12:35.425+0800: 12453539.403: [class unloading, 0.0179442 secs]2020-08-01T14:12:35.443+0800: 12453539.421: [scrub symbol table, 0.0065517 secs]2020-08-01T14:12:35.449+0800: 12453539.427: [scrub string table, 0.0008971 secs][1 CMS-remark: 4137942K(5472256K)] 4603801K(6209536K), 0.0600655 secs] [Times: user=0.28 sys=0.00, real=0.06 secs] 
2020-08-01T14:12:35.451+0800: 12453539.428: [CMS-concurrent-sweep-start]
2020-08-01T14:12:36.957+0800: 12453540.935: [CMS-concurrent-sweep: 1.506/1.506 secs] [Times: user=1.65 sys=0.10, real=1.50 secs] 
2020-08-01T14:12:36.957+0800: 12453540.935: [CMS-concurrent-reset-start]
2020-08-01T14:12:36.977+0800: 12453540.955: [CMS-concurrent-reset: 0.020/0.020 secs] [Times: user=0.02 sys=0.01, real=0.02 secs] 
2020-08-01T14:12:38.978+0800: 12453542.956: [GC (CMS Initial Mark) [1 CMS-initial-mark: 4137925K(5472256K)] 4654466K(6209536K), 0.0329329 secs] [Times: user=0.25 sys=0.00, real=0.04 secs] 
2020-08-01T14:12:39.011+0800: 12453542.989: [CMS-concurrent-mark-start]
2020-08-01T14:12:41.626+0800: 12453545.604: [CMS-concurrent-mark: 2.615/2.615 secs] [Times: user=5.55 sys=0.13, real=2.61 secs] 
2020-08-01T14:12:41.626+0800: 12453545.604: [CMS-concurrent-preclean-start]
2020-08-01T14:12:41.635+0800: 12453545.612: [CMS-concurrent-preclean: 0.009/0.009 secs] [Times: user=0.01 sys=0.00, real=0.01 secs] 
2020-08-01T14:12:41.635+0800: 12453545.612: [CMS-concurrent-abortable-preclean-start]
 CMS: abort preclean due to time 2020-08-01T14:12:46.822+0800: 12453550.799: [CMS-concurrent-abortable-preclean: 4.186/5.187 secs] [Times: user=4.64 sys=0.43, real=5.19 secs] 
2020-08-01T14:12:46.823+0800: 12453550.801: [GC (CMS Final Remark) [YG occupancy: 600720 K (737280 K)]2020-08-01T14:12:46.823+0800: 12453550.801: [Rescan (parallel) , 0.0413573 secs]2020-08-01T14:12:46.865+0800: 12453550.842: [weak refs processing, 0.0000497 secs]2020-08-01T14:12:46.865+0800: 12453550.842: [class unloading, 0.0180700 secs]2020-08-01T14:12:46.883+0800: 12453550.861: [scrub symbol table, 0.0064830 secs]2020-08-01T14:12:46.889+0800: 12453550.867: [scrub string table, 0.0009154 secs][1 CMS-remark: 4137925K(5472256K)] 4738645K(6209536K), 0.0670639 secs] [Times: user=0.35 sys=0.00, real=0.07 secs] 
2020-08-01T14:12:46.891+0800: 12453550.868: [CMS-concurrent-sweep-start]
2020-08-01T14:12:48.395+0800: 12453552.372: [CMS-concurrent-sweep: 1.504/1.504 secs] [Times: user=1.64 sys=0.13, real=1.50 secs] 
2020-08-01T14:12:48.395+0800: 12453552.373: [CMS-concurrent-reset-start]
2020-08-01T14:12:48.413+0800: 12453552.391: [CMS-concurrent-reset: 0.019/0.019 secs] [Times: user=0.02 sys=0.00, real=0.02 secs] 
2020-08-01T14:12:50.414+0800: 12453554.392: [GC (CMS Initial Mark) [1 CMS-initial-mark: 4137924K(5472256K)] 4770010K(6209536K), 0.0491936 secs] [Times: user=0.30 sys=0.00, real=0.05 secs] 
2020-08-01T14:12:50.463+0800: 12453554.441: [CMS-concurrent-mark-start]
2020-08-01T14:12:54.443+0800: 12453558.421: [CMS-concurrent-mark: 3.980/3.980 secs] [Times: user=8.28 sys=0.00, real=3.98 secs] 
2020-08-01T14:12:54.443+0800: 12453558.421: [CMS-concurrent-preclean-start]
2020-08-01T14:12:54.451+0800: 12453558.429: [CMS-concurrent-preclean: 0.008/0.008 secs] [Times: user=0.01 sys=0.00, real=0.01 secs] 
2020-08-01T14:12:54.451+0800: 12453558.429: [CMS-concurrent-abortable-preclean-start]
 CMS: abort preclean due to time 2020-08-01T14:12:59.649+0800: 12453563.627: [CMS-concurrent-abortable-preclean: 4.097/5.198 secs] [Times: user=4.42 sys=0.09, real=5.20 secs] 
2020-08-01T14:12:59.651+0800: 12453563.628: [GC (CMS Final Remark) [YG occupancy: 687056 K (737280 K)]2020-08-01T14:12:59.651+0800: 12453563.629: [Rescan (parallel) , 0.1123784 secs]2020-08-01T14:12:59.763+0800: 12453563.741: [weak refs processing, 0.0000522 secs]2020-08-01T14:12:59.763+0800: 12453563.741: [class unloading, 0.0252796 secs]2020-08-01T14:12:59.788+0800: 12453563.766: [scrub symbol table, 0.0085496 secs]2020-08-01T14:12:59.797+0800: 12453563.775: [scrub string table, 0.0012824 secs][1 CMS-remark: 4137924K(5472256K)] 4824981K(6209536K), 0.1477704 secs] [Times: user=0.57 sys=0.01, real=0.14 secs] 
2020-08-01T14:12:59.799+0800: 12453563.776: [CMS-concurrent-sweep-start]
2020-08-01T14:13:01.373+0800: 12453565.350: [CMS-concurrent-sweep: 1.574/1.574 secs] [Times: user=1.69 sys=0.05, real=1.57 secs] 
2020-08-01T14:13:01.373+0800: 12453565.351: [CMS-concurrent-reset-start]
2020-08-01T14:13:01.392+0800: 12453565.370: [CMS-concurrent-reset: 0.019/0.019 secs] [Times: user=0.02 sys=0.00, real=0.02 secs] 
2020-08-01T14:13:03.393+0800: 12453567.370: [GC (CMS Initial Mark) [1 CMS-initial-mark: 4137923K(5472256K)] 4859537K(6209536K), 0.0479195 secs] [Times: user=0.34 sys=0.00, real=0.05 secs] 
2020-08-01T14:13:03.441+0800: 12453567.418: [CMS-concurrent-mark-start]
2020-08-01T14:13:05.070+0800: 12453569.048: [GC (GCLocker Initiated GC) 2020-08-01T14:13:05.070+0800: 12453569.048: [ParNew: 737280K->81920K(737280K), 0.1359962 secs] 4875203K->4255486K(6209536K), 0.1361715 secs] [Times: user=0.78 sys=0.00, real=0.13 secs] 
2020-08-01T14:13:06.481+0800: 12453570.459: [CMS-concurrent-mark: 2.901/3.041 secs] [Times: user=6.96 sys=0.19, real=3.04 secs] 
2020-08-01T14:13:06.482+0800: 12453570.459: [CMS-concurrent-preclean-start]
2020-08-01T14:13:06.530+0800: 12453570.508: [CMS-concurrent-preclean: 0.047/0.049 secs] [Times: user=0.05 sys=0.00, real=0.05 secs] 
2020-08-01T14:13:06.531+0800: 12453570.508: [CMS-concurrent-abortable-preclean-start]
 CMS: abort preclean due to time 2020-08-01T14:13:11.709+0800: 12453575.686: [CMS-concurrent-abortable-preclean: 4.177/5.178 secs] [Times: user=4.57 sys=0.39, real=5.18 secs] 
2020-08-01T14:13:11.710+0800: 12453575.688: [GC (CMS Final Remark) [YG occupancy: 148061 K (737280 K)]2020-08-01T14:13:11.710+0800: 12453575.688: [Rescan (parallel) , 0.0156248 secs]2020-08-01T14:13:11.726+0800: 12453575.704: [weak refs processing, 0.0000377 secs]2020-08-01T14:13:11.726+0800: 12453575.704: [class unloading, 0.0184887 secs]2020-08-01T14:13:11.745+0800: 12453575.722: [scrub symbol table, 0.0065262 secs]2020-08-01T14:13:11.751+0800: 12453575.729: [scrub string table, 0.0009084 secs][1 CMS-remark: 4173566K(5472256K)] 4321627K(6209536K), 0.0417719 secs] [Times: user=0.13 sys=0.02, real=0.04 secs] 
2020-08-01T14:13:11.752+0800: 12453575.730: [CMS-concurrent-sweep-start]
2020-08-01T14:13:13.266+0800: 12453577.244: [CMS-concurrent-sweep: 1.514/1.514 secs] [Times: user=1.66 sys=0.08, real=1.51 secs] 
2020-08-01T14:13:13.266+0800: 12453577.244: [CMS-concurrent-reset-start]
2020-08-01T14:13:13.286+0800: 12453577.264: [CMS-concurrent-reset: 0.019/0.019 secs] [Times: user=0.02 sys=0.00, real=0.02 secs] 
2020-08-01T14:13:15.286+0800: 12453579.264: [GC (CMS Initial Mark) [1 CMS-initial-mark: 4173565K(5472256K)] 4360993K(6209536K), 0.0133601 secs] [Times: user=0.09 sys=0.01, real=0.02 secs] 
2020-08-01T14:13:15.300+0800: 12453579.278: [CMS-concurrent-mark-start]
2020-08-01T14:13:18.008+0800: 12453581.986: [CMS-concurrent-mark: 2.707/2.708 secs] [Times: user=5.71 sys=0.05, real=2.71 secs] 
2020-08-01T14:13:18.009+0800: 12453581.986: [CMS-concurrent-preclean-start]
2020-08-01T14:13:18.016+0800: 12453581.994: [CMS-concurrent-preclean: 0.008/0.008 secs] [Times: user=0.01 sys=0.00, real=0.00 secs] 
2020-08-01T14:13:18.016+0800: 12453581.994: [CMS-concurrent-abortable-preclean-start]
 CMS: abort preclean due to time 2020-08-01T14:13:23.253+0800: 12453587.231: [CMS-concurrent-abortable-preclean: 4.133/5.237 secs] [Times: user=4.68 sys=0.57, real=5.24 secs] 
2020-08-01T14:13:23.255+0800: 12453587.233: [GC (CMS Final Remark) [YG occupancy: 311775 K (737280 K)]2020-08-01T14:13:23.255+0800: 12453587.233: [Rescan (parallel) , 0.0249922 secs]2020-08-01T14:13:23.280+0800: 12453587.258: [weak refs processing, 0.0000530 secs]2020-08-01T14:13:23.280+0800: 12453587.258: [class unloading, 0.0195984 secs]2020-08-01T14:13:23.300+0800: 12453587.278: [scrub symbol table, 0.0073325 secs]2020-08-01T14:13:23.307+0800: 12453587.285: [scrub string table, 0.0011337 secs][1 CMS-remark: 4173565K(5472256K)] 4485341K(6209536K), 0.0532810 secs] [Times: user=0.22 sys=0.00, real=0.06 secs] 
2020-08-01T14:13:23.313+0800: 12453587.290: [CMS-concurrent-sweep-start]
2020-08-01T14:13:24.822+0800: 12453588.800: [CMS-concurrent-sweep: 1.510/1.510 secs] [Times: user=1.63 sys=0.06, real=1.51 secs] 
2020-08-01T14:13:24.823+0800: 12453588.800: [CMS-concurrent-reset-start]
2020-08-01T14:13:24.842+0800: 12453588.819: [CMS-concurrent-reset: 0.019/0.019 secs] [Times: user=0.01 sys=0.00, real=0.02 secs] 
2020-08-01T14:13:26.842+0800: 12453590.820: [GC (CMS Initial Mark) [1 CMS-initial-mark: 4170955K(5472256K)] 4541042K(6209536K), 0.0238503 secs] [Times: user=0.15 sys=0.00, real=0.02 secs] 
2020-08-01T14:13:26.866+0800: 12453590.844: [CMS-concurrent-mark-start]
2020-08-01T14:13:29.626+0800: 12453593.604: [CMS-concurrent-mark: 2.751/2.760 secs] [Times: user=6.02 sys=0.56, real=2.76 secs] 
2020-08-01T14:13:29.626+0800: 12453593.604: [CMS-concurrent-preclean-start]
2020-08-01T14:13:29.634+0800: 12453593.612: [CMS-concurrent-preclean: 0.008/0.008 secs] [Times: user=0.01 sys=0.01, real=0.01 secs] 
2020-08-01T14:13:29.634+0800: 12453593.612: [CMS-concurrent-abortable-preclean-start]
 CMS: abort preclean due to time 2020-08-01T14:13:34.946+0800: 12453598.924: [CMS-concurrent-abortable-preclean: 4.187/5.312 secs] [Times: user=4.75 sys=0.40, real=5.31 secs] 
2020-08-01T14:13:34.948+0800: 12453598.926: [GC (CMS Final Remark) [YG occupancy: 530188 K (737280 K)]2020-08-01T14:13:34.948+0800: 12453598.926: [Rescan (parallel) , 0.0396985 secs]2020-08-01T14:13:34.987+0800: 12453598.965: [weak refs processing, 0.0000405 secs]2020-08-01T14:13:34.988+0800: 12453598.965: [class unloading, 0.0176637 secs]2020-08-01T14:13:35.005+0800: 12453598.983: [scrub symbol table, 0.0062251 secs]2020-08-01T14:13:35.011+0800: 12453598.989: [scrub string table, 0.0008884 secs][1 CMS-remark: 4170955K(5472256K)] 4701143K(6209536K), 0.0646897 secs] [Times: user=0.30 sys=0.00, real=0.06 secs] 
2020-08-01T14:13:35.013+0800: 12453598.990: [CMS-concurrent-sweep-start]
2020-08-01T14:13:36.560+0800: 12453600.537: [CMS-concurrent-sweep: 1.547/1.547 secs] [Times: user=1.71 sys=0.05, real=1.55 secs] 
2020-08-01T14:13:36.560+0800: 12453600.538: [CMS-concurrent-reset-start]
2020-08-01T14:13:36.580+0800: 12453600.558: [CMS-concurrent-reset: 0.020/0.020 secs] [Times: user=0.03 sys=0.00, real=0.02 secs] 
2020-08-01T14:13:38.580+0800: 12453602.558: [GC (CMS Initial Mark) [1 CMS-initial-mark: 4170948K(5472256K)] 4737345K(6209536K), 0.0329264 secs] [Times: user=0.24 sys=0.00, real=0.03 secs] 
2020-08-01T14:13:38.613+0800: 12453602.591: [CMS-concurrent-mark-start]
2020-08-01T14:13:41.324+0800: 12453605.302: [CMS-concurrent-mark: 2.710/2.710 secs] [Times: user=5.67 sys=0.11, real=2.71 secs] 
2020-08-01T14:13:41.324+0800: 12453605.302: [CMS-concurrent-preclean-start]
2020-08-01T14:13:41.332+0800: 12453605.310: [CMS-concurrent-preclean: 0.008/0.008 secs] [Times: user=0.01 sys=0.00, real=0.01 secs] 
2020-08-01T14:13:41.332+0800: 12453605.310: [CMS-concurrent-abortable-preclean-start]
2020-08-01T14:13:45.295+0800: 12453609.273: [GC (Allocation Failure) 2020-08-01T14:13:45.295+0800: 12453609.273: [ParNew2020-08-01T14:13:45.371+0800: 12453609.349: [CMS-concurrent-abortable-preclean: 3.088/4.039 secs] [Times: user=4.31 sys=0.27, real=4.04 secs] 
: 737280K->81920K(737280K), 0.1268085 secs] 4908228K->4294776K(6209536K), 0.1269909 secs] [Times: user=0.74 sys=0.00, real=0.13 secs] 
2020-08-01T14:13:45.424+0800: 12453609.402: [GC (CMS Final Remark) [YG occupancy: 92341 K (737280 K)]2020-08-01T14:13:45.424+0800: 12453609.402: [Rescan (parallel) , 0.0183595 secs]2020-08-01T14:13:45.442+0800: 12453609.420: [weak refs processing, 0.0000665 secs]2020-08-01T14:13:45.443+0800: 12453609.420: [class unloading, 0.0185763 secs]2020-08-01T14:13:45.461+0800: 12453609.439: [scrub symbol table, 0.0061793 secs]2020-08-01T14:13:45.467+0800: 12453609.445: [scrub string table, 0.0008743 secs][1 CMS-remark: 4212856K(5472256K)] 4305197K(6209536K), 0.0442097 secs] [Times: user=0.16 sys=0.00, real=0.05 secs] 
2020-08-01T14:13:45.468+0800: 12453609.446: [CMS-concurrent-sweep-start]
2020-08-01T14:13:47.068+0800: 12453611.046: [CMS-concurrent-sweep: 1.598/1.599 secs] [Times: user=1.84 sys=0.17, real=1.60 secs] 
2020-08-01T14:13:47.068+0800: 12453611.046: [CMS-concurrent-reset-start]
2020-08-01T14:13:47.087+0800: 12453611.065: [CMS-concurrent-reset: 0.019/0.019 secs] [Times: user=0.02 sys=0.00, real=0.02 secs] 
2020-08-01T14:13:49.087+0800: 12453613.065: [GC (CMS Initial Mark) [1 CMS-initial-mark: 4212841K(5472256K)] 4366031K(6209536K), 0.0111179 secs] [Times: user=0.07 sys=0.00, real=0.01 secs] 
2020-08-01T14:13:49.099+0800: 12453613.077: [CMS-concurrent-mark-start]
2020-08-01T14:13:52.075+0800: 12453616.053: [CMS-concurrent-mark: 2.976/2.976 secs] [Times: user=5.92 sys=0.97, real=2.97 secs] 
2020-08-01T14:13:52.075+0800: 12453616.053: [CMS-concurrent-preclean-start]
2020-08-01T14:13:52.083+0800: 12453616.061: [CMS-concurrent-preclean: 0.008/0.008 secs] [Times: user=0.01 sys=0.00, real=0.01 secs] 
2020-08-01T14:13:52.083+0800: 12453616.061: [CMS-concurrent-abortable-preclean-start]
 CMS: abort preclean due to time 2020-08-01T14:13:57.117+0800: 12453621.095: [CMS-concurrent-abortable-preclean: 4.032/5.033 secs] [Times: user=4.48 sys=0.56, real=5.03 secs] 
2020-08-01T14:13:57.118+0800: 12453621.096: [GC (CMS Final Remark) [YG occupancy: 274742 K (737280 K)]2020-08-01T14:13:57.118+0800: 12453621.096: [Rescan (parallel) , 0.0222002 secs]2020-08-01T14:13:57.141+0800: 12453621.118: [weak refs processing, 0.0000779 secs]2020-08-01T14:13:57.141+0800: 12453621.119: [class unloading, 0.0178791 secs]2020-08-01T14:13:57.159+0800: 12453621.136: [scrub symbol table, 0.0070387 secs]2020-08-01T14:13:57.166+0800: 12453621.144: [scrub string table, 0.0009924 secs][1 CMS-remark: 4212841K(5472256K)] 4487583K(6209536K), 0.0484088 secs] [Times: user=0.18 sys=0.00, real=0.06 secs] 
2020-08-01T14:13:57.167+0800: 12453621.145: [CMS-concurrent-sweep-start]
2020-08-01T14:13:58.753+0800: 12453622.731: [CMS-concurrent-sweep: 1.586/1.586 secs] [Times: user=1.71 sys=0.08, real=1.58 secs] 
2020-08-01T14:13:58.753+0800: 12453622.731: [CMS-concurrent-reset-start]
2020-08-01T14:13:58.774+0800: 12453622.752: [CMS-concurrent-reset: 0.020/0.020 secs] [Times: user=0.02 sys=0.01, real=0.02 secs] 
2020-08-01T14:14:00.775+0800: 12453624.752: [GC (CMS Initial Mark) [1 CMS-initial-mark: 4210534K(5472256K)] 4525217K(6209536K), 0.0188755 secs] [Times: user=0.14 sys=0.00, real=0.02 secs] 
2020-08-01T14:14:00.794+0800: 12453624.771: [CMS-concurrent-mark-start]
2020-08-01T14:14:03.557+0800: 12453627.534: [CMS-concurrent-mark: 2.760/2.763 secs] [Times: user=5.90 sys=0.24, real=2.76 secs] 
2020-08-01T14:14:03.557+0800: 12453627.535: [CMS-concurrent-preclean-start]
2020-08-01T14:14:03.565+0800: 12453627.543: [CMS-concurrent-preclean: 0.008/0.008 secs] [Times: user=0.01 sys=0.00, real=0.01 secs] 
2020-08-01T14:14:03.565+0800: 12453627.543: [CMS-concurrent-abortable-preclean-start]
 CMS: abort preclean due to time 2020-08-01T14:14:08.749+0800: 12453632.727: [CMS-concurrent-abortable-preclean: 3.982/5.184 secs] [Times: user=4.29 sys=0.62, real=5.19 secs] 
2020-08-01T14:14:08.750+0800: 12453632.728: [GC (CMS Final Remark) [YG occupancy: 414419 K (737280 K)]2020-08-01T14:14:08.750+0800: 12453632.728: [Rescan (parallel) , 0.0293700 secs]2020-08-01T14:14:08.780+0800: 12453632.758: [weak refs processing, 0.0000377 secs]2020-08-01T14:14:08.780+0800: 12453632.758: [class unloading, 0.0184412 secs]2020-08-01T14:14:08.798+0800: 12453632.776: [scrub symbol table, 0.0064294 secs]2020-08-01T14:14:08.805+0800: 12453632.782: [scrub string table, 0.0009111 secs][1 CMS-remark: 4210534K(5472256K)] 4624953K(6209536K), 0.0553846 secs] [Times: user=0.22 sys=0.00, real=0.05 secs] 
2020-08-01T14:14:08.806+0800: 12453632.784: [CMS-concurrent-sweep-start]
2020-08-01T14:14:10.405+0800: 12453634.382: [CMS-concurrent-sweep: 1.599/1.599 secs] [Times: user=1.70 sys=0.17, real=1.60 secs] 
2020-08-01T14:14:10.405+0800: 12453634.383: [CMS-concurrent-reset-start]
2020-08-01T14:14:10.424+0800: 12453634.402: [CMS-concurrent-reset: 0.019/0.019 secs] [Times: user=0.02 sys=0.01, real=0.02 secs] 
2020-08-01T14:14:12.425+0800: 12453636.403: [GC (CMS Initial Mark) [1 CMS-initial-mark: 4210528K(5472256K)] 4679097K(6209536K), 0.0388591 secs] [Times: user=0.20 sys=0.00, real=0.04 secs] 
2020-08-01T14:14:12.464+0800: 12453636.442: [CMS-concurrent-mark-start]
2020-08-01T14:14:15.337+0800: 12453639.314: [CMS-concurrent-mark: 2.873/2.873 secs] [Times: user=6.46 sys=0.84, real=2.87 secs] 
2020-08-01T14:14:15.337+0800: 12453639.314: [CMS-concurrent-preclean-start]
2020-08-01T14:14:15.345+0800: 12453639.322: [CMS-concurrent-preclean: 0.008/0.008 secs] [Times: user=0.01 sys=0.00, real=0.01 secs] 
2020-08-01T14:14:15.345+0800: 12453639.322: [CMS-concurrent-abortable-preclean-start]
 CMS: abort preclean due to time 2020-08-01T14:14:20.585+0800: 12453644.563: [CMS-concurrent-abortable-preclean: 4.339/5.240 secs] [Times: user=4.95 sys=0.86, real=5.24 secs] 
2020-08-01T14:14:20.587+0800: 12453644.565: [GC (CMS Final Remark) [YG occupancy: 708540 K (737280 K)]2020-08-01T14:14:20.587+0800: 12453644.565: [Rescan (parallel) , 0.0433000 secs]2020-08-01T14:14:20.630+0800: 12453644.608: [weak refs processing, 0.0000380 secs]2020-08-01T14:14:20.630+0800: 12453644.608: [class unloading, 0.0170188 secs]2020-08-01T14:14:20.647+0800: 12453644.625: [scrub symbol table, 0.0064860 secs]2020-08-01T14:14:20.654+0800: 12453644.632: [scrub string table, 0.0008745 secs][1 CMS-remark: 4210528K(5472256K)] 4919068K(6209536K), 0.0678896 secs] [Times: user=0.35 sys=0.00, real=0.06 secs] 
2020-08-01T14:14:20.655+0800: 12453644.633: [CMS-concurrent-sweep-start]
2020-08-01T14:14:22.214+0800: 12453646.192: [CMS-concurrent-sweep: 1.560/1.560 secs] [Times: user=1.75 sys=0.22, real=1.56 secs] 
2020-08-01T14:14:22.215+0800: 12453646.192: [CMS-concurrent-reset-start]
2020-08-01T14:14:22.234+0800: 12453646.211: [CMS-concurrent-reset: 0.019/0.019 secs] [Times: user=0.02 sys=0.01, real=0.02 secs] 
2020-08-01T14:14:22.884+0800: 12453646.862: [GC (Allocation Failure) 2020-08-01T14:14:22.884+0800: 12453646.862: [ParNew: 737280K->81920K(737280K), 0.1116791 secs] 4947804K->4326768K(6209536K), 0.1118622 secs] [Times: user=0.64 sys=0.00, real=0.11 secs] 
2020-08-01T14:14:22.997+0800: 12453646.975: [GC (CMS Initial Mark) [1 CMS-initial-mark: 4244848K(5472256K)] 4326928K(6209536K), 0.0087790 secs] [Times: user=0.04 sys=0.00, real=0.01 secs] 
2020-08-01T14:14:23.006+0800: 12453646.984: [CMS-concurrent-mark-start]
2020-08-01T14:14:27.123+0800: 12453651.100: [CMS-concurrent-mark: 4.116/4.116 secs] [Times: user=8.86 sys=0.52, real=4.12 secs] 
2020-08-01T14:14:27.123+0800: 12453651.100: [CMS-concurrent-preclean-start]
2020-08-01T14:14:27.131+0800: 12453651.109: [CMS-concurrent-preclean: 0.008/0.008 secs] [Times: user=0.01 sys=0.01, real=0.01 secs] 
2020-08-01T14:14:27.131+0800: 12453651.109: [CMS-concurrent-abortable-preclean-start]
 CMS: abort preclean due to time 2020-08-01T14:14:32.301+0800: 12453656.279: [CMS-concurrent-abortable-preclean: 4.260/5.170 secs] [Times: user=4.95 sys=0.70, real=5.17 secs] 
2020-08-01T14:14:32.303+0800: 12453656.281: [GC (CMS Final Remark) [YG occupancy: 266098 K (737280 K)]2020-08-01T14:14:32.303+0800: 12453656.281: [Rescan (parallel) , 0.0229576 secs]2020-08-01T14:14:32.326+0800: 12453656.304: [weak refs processing, 0.0000527 secs]2020-08-01T14:14:32.326+0800: 12453656.304: [class unloading, 0.0188440 secs]2020-08-01T14:14:32.345+0800: 12453656.323: [scrub symbol table, 0.0070688 secs]2020-08-01T14:14:32.352+0800: 12453656.330: [scrub string table, 0.0009252 secs][1 CMS-remark: 4244848K(5472256K)] 4510947K(6209536K), 0.0500380 secs] [Times: user=0.19 sys=0.00, real=0.05 secs] 
2020-08-01T14:14:32.354+0800: 12453656.331: [CMS-concurrent-sweep-start]
2020-08-01T14:14:33.914+0800: 12453657.892: [CMS-concurrent-sweep: 1.561/1.561 secs] [Times: user=1.78 sys=0.15, real=1.56 secs] 
2020-08-01T14:14:33.914+0800: 12453657.892: [CMS-concurrent-reset-start]
2020-08-01T14:14:33.933+0800: 12453657.911: [CMS-concurrent-reset: 0.019/0.019 secs] [Times: user=0.02 sys=0.00, real=0.02 secs] 
2020-08-01T14:14:35.934+0800: 12453659.912: [GC (CMS Initial Mark) [1 CMS-initial-mark: 4244283K(5472256K)] 4565178K(6209536K), 0.0179866 secs] [Times: user=0.13 sys=0.00, real=0.02 secs] 
2020-08-01T14:14:35.952+0800: 12453659.930: [CMS-concurrent-mark-start]
2020-08-01T14:14:38.716+0800: 12453662.694: [CMS-concurrent-mark: 2.764/2.764 secs] [Times: user=6.12 sys=0.40, real=2.76 secs] 
2020-08-01T14:14:38.717+0800: 12453662.694: [CMS-concurrent-preclean-start]
2020-08-01T14:14:38.725+0800: 12453662.703: [CMS-concurrent-preclean: 0.008/0.008 secs] [Times: user=0.01 sys=0.01, real=0.01 secs] 
2020-08-01T14:14:38.725+0800: 12453662.703: [CMS-concurrent-abortable-preclean-start]
 CMS: abort preclean due to time 2020-08-01T14:14:43.867+0800: 12453667.845: [CMS-concurrent-abortable-preclean: 4.540/5.142 secs] [Times: user=5.20 sys=1.02, real=5.15 secs] 
2020-08-01T14:14:43.869+0800: 12453667.847: [GC (CMS Final Remark) [YG occupancy: 522745 K (737280 K)]2020-08-01T14:14:43.869+0800: 12453667.847: [Rescan (parallel) , 0.0323087 secs]2020-08-01T14:14:43.901+0800: 12453667.879: [weak refs processing, 0.0000483 secs]2020-08-01T14:14:43.901+0800: 12453667.879: [class unloading, 0.0186076 secs]2020-08-01T14:14:43.920+0800: 12453667.898: [scrub symbol table, 0.0065575 secs]2020-08-01T14:14:43.927+0800: 12453667.904: [scrub string table, 0.0008890 secs][1 CMS-remark: 4244283K(5472256K)] 4767029K(6209536K), 0.0585995 secs] [Times: user=0.28 sys=0.00, real=0.06 secs] 
2020-08-01T14:14:43.928+0800: 12453667.906: [CMS-concurrent-sweep-start]
2020-08-01T14:14:45.469+0800: 12453669.446: [CMS-concurrent-sweep: 1.541/1.541 secs] [Times: user=1.74 sys=0.16, real=1.54 secs] 
2020-08-01T14:14:45.469+0800: 12453669.446: [CMS-concurrent-reset-start]
2020-08-01T14:14:45.488+0800: 12453669.466: [CMS-concurrent-reset: 0.019/0.019 secs] [Times: user=0.02 sys=0.00, real=0.02 secs] 
2020-08-01T14:14:47.488+0800: 12453671.466: [GC (CMS Initial Mark) [1 CMS-initial-mark: 4242273K(5472256K)] 4814549K(6209536K), 0.0341259 secs] [Times: user=0.25 sys=0.00, real=0.03 secs] 
2020-08-01T14:14:47.523+0800: 12453671.501: [CMS-concurrent-mark-start]
2020-08-01T14:14:50.286+0800: 12453674.264: [CMS-concurrent-mark: 2.764/2.764 secs] [Times: user=5.72 sys=0.49, real=2.76 secs] 
2020-08-01T14:14:50.286+0800: 12453674.264: [CMS-concurrent-preclean-start]
2020-08-01T14:14:50.295+0800: 12453674.273: [CMS-concurrent-preclean: 0.008/0.008 secs] [Times: user=0.01 sys=0.00, real=0.01 secs] 
2020-08-01T14:14:50.295+0800: 12453674.273: [CMS-concurrent-abortable-preclean-start]
 CMS: abort preclean due to time 2020-08-01T14:14:55.582+0800: 12453679.560: [CMS-concurrent-abortable-preclean: 4.586/5.287 secs] [Times: user=5.05 sys=0.75, real=5.29 secs] 
2020-08-01T14:14:55.583+0800: 12453679.561: [GC (CMS Final Remark) [YG occupancy: 662197 K (737280 K)]2020-08-01T14:14:55.583+0800: 12453679.561: [Rescan (parallel) , 0.0387161 secs]2020-08-01T14:14:55.622+0800: 12453679.600: [weak refs processing, 0.0000375 secs]2020-08-01T14:14:55.622+0800: 12453679.600: [class unloading, 0.0174827 secs]2020-08-01T14:14:55.640+0800: 12453679.618: [scrub symbol table, 0.0064719 secs]2020-08-01T14:14:55.646+0800: 12453679.624: [scrub string table, 0.0008967 secs][1 CMS-remark: 4242273K(5472256K)] 4904470K(6209536K), 0.0638089 secs] [Times: user=0.33 sys=0.00, real=0.07 secs] 
2020-08-01T14:14:55.647+0800: 12453679.625: [CMS-concurrent-sweep-start]
2020-08-01T14:14:57.277+0800: 12453681.255: [CMS-concurrent-sweep: 1.630/1.630 secs] [Times: user=1.72 sys=0.28, real=1.62 secs] 
2020-08-01T14:14:57.277+0800: 12453681.255: [CMS-concurrent-reset-start]
2020-08-01T14:14:57.297+0800: 12453681.275: [CMS-concurrent-reset: 0.020/0.020 secs] [Times: user=0.02 sys=0.00, real=0.02 secs] 
2020-08-01T14:14:59.298+0800: 12453683.275: [GC (CMS Initial Mark) [1 CMS-initial-mark: 4242257K(5472256K)] 4940746K(6209536K), 0.0396602 secs] [Times: user=0.29 sys=0.00, real=0.04 secs] 
2020-08-01T14:14:59.338+0800: 12453683.315: [CMS-concurrent-mark-start]
2020-08-01T14:15:05.224+0800: 12453689.202: [GC (Allocation Failure) 2020-08-01T14:15:05.225+0800: 12453689.202: [ParNew: 737280K->75899K(737280K), 0.0919595 secs] 4979537K->4351975K(6209536K), 0.0921417 secs] [Times: user=0.57 sys=0.00, real=0.09 secs] 
2020-08-01T14:15:05.813+0800: 12453689.791: [CMS-concurrent-mark: 6.377/6.475 secs] [Times: user=8.37 sys=0.57, real=6.48 secs] 
2020-08-01T14:15:05.813+0800: 12453689.791: [CMS-concurrent-preclean-start]
2020-08-01T14:15:05.852+0800: 12453689.830: [CMS-concurrent-preclean: 0.037/0.039 secs] [Times: user=0.05 sys=0.01, real=0.04 secs] 
2020-08-01T14:15:05.852+0800: 12453689.830: [CMS-concurrent-abortable-preclean-start]
 CMS: abort preclean due to time 2020-08-01T14:15:10.925+0800: 12453694.903: [CMS-concurrent-abortable-preclean: 3.972/5.073 secs] [Times: user=4.65 sys=0.82, real=5.07 secs] 
2020-08-01T14:15:10.927+0800: 12453694.905: [GC (CMS Final Remark) [YG occupancy: 223150 K (737280 K)]2020-08-01T14:15:10.927+0800: 12453694.905: [Rescan (parallel) , 0.0169311 secs]2020-08-01T14:15:10.944+0800: 12453694.922: [weak refs processing, 0.0000368 secs]2020-08-01T14:15:10.944+0800: 12453694.922: [class unloading, 0.0177951 secs]2020-08-01T14:15:10.962+0800: 12453694.940: [scrub symbol table, 0.0064966 secs]2020-08-01T14:15:10.968+0800: 12453694.946: [scrub string table, 0.0008953 secs][1 CMS-remark: 4276076K(5472256K)] 4499226K(6209536K), 0.0423302 secs] [Times: user=0.14 sys=0.00, real=0.04 secs] 
2020-08-01T14:15:10.970+0800: 12453694.947: [CMS-concurrent-sweep-start]
2020-08-01T14:15:12.599+0800: 12453696.577: [CMS-concurrent-sweep: 1.630/1.630 secs] [Times: user=1.86 sys=0.27, real=1.63 secs] 
2020-08-01T14:15:12.599+0800: 12453696.577: [CMS-concurrent-reset-start]
2020-08-01T14:15:12.618+0800: 12453696.596: [CMS-concurrent-reset: 0.019/0.019 secs] [Times: user=0.02 sys=0.00, real=0.01 secs] 
2020-08-01T14:15:14.619+0800: 12453698.597: [GC (CMS Initial Mark) [1 CMS-initial-mark: 4276069K(5472256K)] 4578138K(6209536K), 0.0184804 secs] [Times: user=0.11 sys=0.00, real=0.01 secs] 
2020-08-01T14:15:14.638+0800: 12453698.615: [CMS-concurrent-mark-start]
2020-08-01T14:15:17.378+0800: 12453701.356: [CMS-concurrent-mark: 2.740/2.740 secs] [Times: user=6.01 sys=0.32, real=2.74 secs] 
2020-08-01T14:15:17.378+0800: 12453701.356: [CMS-concurrent-preclean-start]
2020-08-01T14:15:17.388+0800: 12453701.365: [CMS-concurrent-preclean: 0.010/0.010 secs] [Times: user=0.01 sys=0.00, real=0.02 secs] 
2020-08-01T14:15:17.388+0800: 12453701.365: [CMS-concurrent-abortable-preclean-start]
 CMS: abort preclean due to time 2020-08-01T14:15:22.398+0800: 12453706.376: [CMS-concurrent-abortable-preclean: 4.410/5.011 secs] [Times: user=5.00 sys=0.65, real=5.01 secs] 
2020-08-01T14:15:22.400+0800: 12453706.378: [GC (CMS Final Remark) [YG occupancy: 466611 K (737280 K)]2020-08-01T14:15:22.400+0800: 12453706.378: [Rescan (parallel) , 0.0295421 secs]2020-08-01T14:15:22.430+0800: 12453706.408: [weak refs processing, 0.0000621 secs]2020-08-01T14:15:22.430+0800: 12453706.408: [class unloading, 0.0178203 secs]2020-08-01T14:15:22.448+0800: 12453706.426: [scrub symbol table, 0.0070437 secs]2020-08-01T14:15:22.455+0800: 12453706.433: [scrub string table, 0.0009131 secs][1 CMS-remark: 4276069K(5472256K)] 4742680K(6209536K), 0.0555793 secs] [Times: user=0.23 sys=0.00, real=0.05 secs] 
2020-08-01T14:15:22.456+0800: 12453706.434: [CMS-concurrent-sweep-start]
2020-08-01T14:15:24.068+0800: 12453708.046: [CMS-concurrent-sweep: 1.612/1.612 secs] [Times: user=1.80 sys=0.19, real=1.62 secs] 
2020-08-01T14:15:24.068+0800: 12453708.046: [CMS-concurrent-reset-start]
2020-08-01T14:15:24.088+0800: 12453708.066: [CMS-concurrent-reset: 0.020/0.020 secs] [Times: user=0.03 sys=0.00, real=0.02 secs] 
2020-08-01T14:15:26.092+0800: 12453710.070: [GC (CMS Initial Mark) [1 CMS-initial-mark: 4275648K(5472256K)] 4789115K(6209536K), 0.0261787 secs] [Times: user=0.19 sys=0.01, real=0.03 secs] 
2020-08-01T14:15:26.119+0800: 12453710.097: [CMS-concurrent-mark-start]
2020-08-01T14:15:28.884+0800: 12453712.862: [CMS-concurrent-mark: 2.751/2.765 secs] [Times: user=5.86 sys=0.41, real=2.76 secs] 
2020-08-01T14:15:28.884+0800: 12453712.862: [CMS-concurrent-preclean-start]
2020-08-01T14:15:28.893+0800: 12453712.871: [CMS-concurrent-preclean: 0.009/0.009 secs] [Times: user=0.01 sys=0.00, real=0.01 secs] 
2020-08-01T14:15:28.893+0800: 12453712.871: [CMS-concurrent-abortable-preclean-start]
 CMS: abort preclean due to time 2020-08-01T14:15:34.021+0800: 12453717.999: [CMS-concurrent-abortable-preclean: 4.627/5.128 secs] [Times: user=5.35 sys=0.74, real=5.13 secs] 
2020-08-01T14:15:34.023+0800: 12453718.001: [GC (CMS Final Remark) [YG occupancy: 666107 K (737280 K)]2020-08-01T14:15:34.023+0800: 12453718.001: [Rescan (parallel) , 0.0549074 secs]2020-08-01T14:15:34.078+0800: 12453718.056: [weak refs processing, 0.0000428 secs]2020-08-01T14:15:34.078+0800: 12453718.056: [class unloading, 0.0190685 secs]2020-08-01T14:15:34.097+0800: 12453718.075: [scrub symbol table, 0.0065660 secs]2020-08-01T14:15:34.104+0800: 12453718.082: [scrub string table, 0.0009506 secs][1 CMS-remark: 4275648K(5472256K)] 4941755K(6209536K), 0.0817697 secs] [Times: user=0.35 sys=0.00, real=0.08 secs] 
2020-08-01T14:15:34.105+0800: 12453718.083: [CMS-concurrent-sweep-start]
2020-08-01T14:15:35.753+0800: 12453719.731: [CMS-concurrent-sweep: 1.648/1.648 secs] [Times: user=1.95 sys=0.71, real=1.65 secs] 
2020-08-01T14:15:35.753+0800: 12453719.731: [CMS-concurrent-reset-start]
2020-08-01T14:15:35.772+0800: 12453719.750: [CMS-concurrent-reset: 0.019/0.019 secs] [Times: user=0.02 sys=0.00, real=0.02 secs] 
2020-08-01T14:15:37.349+0800: 12453721.326: [GC (Allocation Failure) 2020-08-01T14:15:37.349+0800: 12453721.327: [ParNew: 731259K->81920K(737280K), 0.0867811 secs] 5006764K->4388192K(6209536K), 0.0869607 secs] [Times: user=0.42 sys=0.00, real=0.08 secs] 
2020-08-01T14:15:37.440+0800: 12453721.418: [GC (CMS Initial Mark) [1 CMS-initial-mark: 4306272K(5472256K)] 4396677K(6209536K), 0.0079211 secs] [Times: user=0.03 sys=0.00, real=0.01 secs] 
2020-08-01T14:15:37.448+0800: 12453721.426: [CMS-concurrent-mark-start]
2020-08-01T14:15:41.575+0800: 12453725.553: [CMS-concurrent-mark: 4.127/4.127 secs] [Times: user=8.84 sys=0.91, real=4.12 secs] 
2020-08-01T14:15:41.575+0800: 12453725.553: [CMS-concurrent-preclean-start]
2020-08-01T14:15:41.583+0800: 12453725.561: [CMS-concurrent-preclean: 0.008/0.008 secs] [Times: user=0.01 sys=0.01, real=0.01 secs] 
2020-08-01T14:15:41.583+0800: 12453725.561: [CMS-concurrent-abortable-preclean-start]
 CMS: abort preclean due to time 2020-08-01T14:15:46.660+0800: 12453730.638: [CMS-concurrent-abortable-preclean: 4.374/5.077 secs] [Times: user=4.95 sys=0.88, real=5.08 secs] 
2020-08-01T14:15:46.662+0800: 12453730.639: [GC (CMS Final Remark) [YG occupancy: 209844 K (737280 K)]2020-08-01T14:15:46.662+0800: 12453730.640: [Rescan (parallel) , 0.0153829 secs]2020-08-01T14:15:46.677+0800: 12453730.655: [weak refs processing, 0.0000441 secs]2020-08-01T14:15:46.677+0800: 12453730.655: [class unloading, 0.0173947 secs]2020-08-01T14:15:46.695+0800: 12453730.672: [scrub symbol table, 0.0067252 secs]2020-08-01T14:15:46.701+0800: 12453730.679: [scrub string table, 0.0009164 secs][1 CMS-remark: 4306272K(5472256K)] 4516116K(6209536K), 0.0406532 secs] [Times: user=0.14 sys=0.00, real=0.04 secs] 
2020-08-01T14:15:46.703+0800: 12453730.680: [CMS-concurrent-sweep-start]
2020-08-01T14:15:48.317+0800: 12453732.295: [CMS-concurrent-sweep: 1.615/1.615 secs] [Times: user=1.77 sys=0.22, real=1.61 secs] 
2020-08-01T14:15:48.317+0800: 12453732.295: [CMS-concurrent-reset-start]
2020-08-01T14:15:48.337+0800: 12453732.315: [CMS-concurrent-reset: 0.020/0.020 secs] [Times: user=0.02 sys=0.00, real=0.02 secs] 
2020-08-01T14:15:50.338+0800: 12453734.316: [GC (CMS Initial Mark) [1 CMS-initial-mark: 4303651K(5472256K)] 4537492K(6209536K), 0.0139639 secs] [Times: user=0.10 sys=0.00, real=0.02 secs] 
2020-08-01T14:15:50.352+0800: 12453734.330: [CMS-concurrent-mark-start]
2020-08-01T14:15:53.217+0800: 12453737.195: [CMS-concurrent-mark: 2.865/2.865 secs] [Times: user=6.17 sys=0.27, real=2.86 secs] 
2020-08-01T14:15:53.217+0800: 12453737.195: [CMS-concurrent-preclean-start]
2020-08-01T14:15:53.226+0800: 12453737.204: [CMS-concurrent-preclean: 0.009/0.009 secs] [Times: user=0.01 sys=0.00, real=0.01 secs] 
2020-08-01T14:15:53.226+0800: 12453737.204: [CMS-concurrent-abortable-preclean-start]
 CMS: abort preclean due to time 2020-08-01T14:15:58.242+0800: 12453742.220: [CMS-concurrent-abortable-preclean: 3.715/5.016 secs] [Times: user=4.26 sys=0.57, real=5.02 secs] 
2020-08-01T14:15:58.243+0800: 12453742.221: [GC (CMS Final Remark) [YG occupancy: 334697 K (737280 K)]2020-08-01T14:15:58.244+0800: 12453742.221: [Rescan (parallel) , 0.0251450 secs]2020-08-01T14:15:58.269+0800: 12453742.247: [weak refs processing, 0.0000391 secs]2020-08-01T14:15:58.269+0800: 12453742.247: [class unloading, 0.0195547 secs]2020-08-01T14:15:58.288+0800: 12453742.266: [scrub symbol table, 0.0064973 secs]2020-08-01T14:15:58.295+0800: 12453742.273: [scrub string table, 0.0008953 secs][1 CMS-remark: 4303651K(5472256K)] 4638348K(6209536K), 0.0523259 secs] [Times: user=0.20 sys=0.00, real=0.05 secs] 
2020-08-01T14:15:58.296+0800: 12453742.274: [CMS-concurrent-sweep-start]
2020-08-01T14:15:59.978+0800: 12453743.955: [CMS-concurrent-sweep: 1.682/1.682 secs] [Times: user=1.91 sys=0.22, real=1.68 secs] 
2020-08-01T14:15:59.978+0800: 12453743.956: [CMS-concurrent-reset-start]
2020-08-01T14:15:59.997+0800: 12453743.975: [CMS-concurrent-reset: 0.019/0.019 secs] [Times: user=0.02 sys=0.00, real=0.02 secs] 
2020-08-01T14:16:01.998+0800: 12453745.975: [GC (CMS Initial Mark) [1 CMS-initial-mark: 4303435K(5472256K)] 4722750K(6209536K), 0.0250279 secs] [Times: user=0.19 sys=0.00, real=0.03 secs] 
2020-08-01T14:16:02.023+0800: 12453746.001: [CMS-concurrent-mark-start]
2020-08-01T14:16:04.915+0800: 12453748.892: [CMS-concurrent-mark: 2.892/2.892 secs] [Times: user=6.17 sys=0.23, real=2.89 secs] 
2020-08-01T14:16:04.915+0800: 12453748.893: [CMS-concurrent-preclean-start]
2020-08-01T14:16:04.922+0800: 12453748.900: [CMS-concurrent-preclean: 0.008/0.008 secs] [Times: user=0.01 sys=0.00, real=0.01 secs] 
2020-08-01T14:16:04.922+0800: 12453748.900: [CMS-concurrent-abortable-preclean-start]
 CMS: abort preclean due to time 2020-08-01T14:16:10.209+0800: 12453754.186: [CMS-concurrent-abortable-preclean: 3.784/5.286 secs] [Times: user=4.15 sys=0.65, real=5.29 secs] 
2020-08-01T14:16:10.210+0800: 12453754.188: [GC (CMS Final Remark) [YG occupancy: 491742 K (737280 K)]2020-08-01T14:16:10.210+0800: 12453754.188: [Rescan (parallel) , 0.0385077 secs]2020-08-01T14:16:10.249+0800: 12453754.227: [weak refs processing, 0.0000446 secs]2020-08-01T14:16:10.249+0800: 12453754.227: [class unloading, 0.0188126 secs]2020-08-01T14:16:10.268+0800: 12453754.246: [scrub symbol table, 0.0071379 secs]2020-08-01T14:16:10.275+0800: 12453754.253: [scrub string table, 0.0009186 secs][1 CMS-remark: 4303435K(5472256K)] 4795178K(6209536K), 0.0656421 secs] [Times: user=0.27 sys=0.00, real=0.06 secs] 
2020-08-01T14:16:10.276+0800: 12453754.254: [CMS-concurrent-sweep-start]
2020-08-01T14:16:11.872+0800: 12453755.849: [CMS-concurrent-sweep: 1.595/1.595 secs] [Times: user=1.74 sys=0.21, real=1.60 secs] 
2020-08-01T14:16:11.872+0800: 12453755.849: [CMS-concurrent-reset-start]
2020-08-01T14:16:11.891+0800: 12453755.869: [CMS-concurrent-reset: 0.020/0.020 secs] [Times: user=0.02 sys=0.00, real=0.02 secs] 
2020-08-01T14:16:13.892+0800: 12453757.870: [GC (CMS Initial Mark) [1 CMS-initial-mark: 4303425K(5472256K)] 4843335K(6209536K), 0.0325306 secs] [Times: user=0.24 sys=0.00, real=0.03 secs] 
2020-08-01T14:16:13.925+0800: 12453757.902: [CMS-concurrent-mark-start]
2020-08-01T14:16:16.818+0800: 12453760.796: [CMS-concurrent-mark: 2.893/2.893 secs] [Times: user=6.14 sys=0.62, real=2.89 secs] 
2020-08-01T14:16:16.818+0800: 12453760.796: [CMS-concurrent-preclean-start]
2020-08-01T14:16:16.826+0800: 12453760.804: [CMS-concurrent-preclean: 0.008/0.008 secs] [Times: user=0.01 sys=0.00, real=0.01 secs] 
2020-08-01T14:16:16.826+0800: 12453760.804: [CMS-concurrent-abortable-preclean-start]
 CMS: abort preclean due to time 2020-08-01T14:16:21.845+0800: 12453765.823: [CMS-concurrent-abortable-preclean: 4.019/5.020 secs] [Times: user=4.52 sys=0.58, real=5.02 secs] 
2020-08-01T14:16:21.847+0800: 12453765.825: [GC (CMS Final Remark) [YG occupancy: 652230 K (737280 K)]2020-08-01T14:16:21.847+0800: 12453765.825: [Rescan (parallel) , 0.0493412 secs]2020-08-01T14:16:21.897+0800: 12453765.875: [weak refs processing, 0.0000376 secs]2020-08-01T14:16:21.897+0800: 12453765.875: [class unloading, 0.0174759 secs]2020-08-01T14:16:21.914+0800: 12453765.892: [scrub symbol table, 0.0062824 secs]2020-08-01T14:16:21.921+0800: 12453765.898: [scrub string table, 0.0008731 secs][1 CMS-remark: 4303425K(5472256K)] 4955655K(6209536K), 0.0742181 secs] [Times: user=0.35 sys=0.00, real=0.07 secs] 
2020-08-01T14:16:21.922+0800: 12453765.900: [CMS-concurrent-sweep-start]
2020-08-01T14:16:23.546+0800: 12453767.524: [CMS-concurrent-sweep: 1.625/1.625 secs] [Times: user=1.83 sys=0.27, real=1.63 secs] 
2020-08-01T14:16:23.547+0800: 12453767.524: [CMS-concurrent-reset-start]
2020-08-01T14:16:23.566+0800: 12453767.544: [CMS-concurrent-reset: 0.019/0.019 secs] [Times: user=0.01 sys=0.01, real=0.01 secs] 
2020-08-01T14:16:25.566+0800: 12453769.544: [GC (CMS Initial Mark) [1 CMS-initial-mark: 4303425K(5472256K)] 4990357K(6209536K), 0.0413611 secs] [Times: user=0.32 sys=0.00, real=0.05 secs] 
2020-08-01T14:16:25.608+0800: 12453769.586: [CMS-concurrent-mark-start]
2020-08-01T14:16:28.487+0800: 12453772.465: [CMS-concurrent-mark: 2.879/2.879 secs] [Times: user=5.97 sys=0.47, real=2.88 secs] 
2020-08-01T14:16:28.487+0800: 12453772.465: [CMS-concurrent-preclean-start]
2020-08-01T14:16:28.495+0800: 12453772.473: [CMS-concurrent-preclean: 0.008/0.008 secs] [Times: user=0.01 sys=0.01, real=0.00 secs] 
2020-08-01T14:16:28.495+0800: 12453772.473: [CMS-concurrent-abortable-preclean-start]
2020-08-01T14:16:30.336+0800: 12453774.314: [GC (Allocation Failure) 2020-08-01T14:16:30.336+0800: 12453774.314: [ParNew: 737280K->80843K(737280K), 0.0769130 secs] 5040705K->4408599K(6209536K), 0.0771010 secs] [Times: user=0.47 sys=0.00, real=0.08 secs] 
 CMS: abort preclean due to time 2020-08-01T14:16:33.711+0800: 12453777.689: [CMS-concurrent-abortable-preclean: 3.929/5.216 secs] [Times: user=4.95 sys=0.92, real=5.22 secs] 
2020-08-01T14:16:33.713+0800: 12453777.691: [GC (CMS Final Remark) [YG occupancy: 137045 K (737280 K)]2020-08-01T14:16:33.713+0800: 12453777.691: [Rescan (parallel) , 0.0113102 secs]2020-08-01T14:16:33.724+0800: 12453777.702: [weak refs processing, 0.0000391 secs]2020-08-01T14:16:33.724+0800: 12453777.702: [class unloading, 0.0179158 secs]2020-08-01T14:16:33.742+0800: 12453777.720: [scrub symbol table, 0.0060910 secs]2020-08-01T14:16:33.748+0800: 12453777.726: [scrub string table, 0.0008878 secs][1 CMS-remark: 4327755K(5472256K)] 4464801K(6209536K), 0.0364037 secs] [Times: user=0.11 sys=0.00, real=0.04 secs] 
2020-08-01T14:16:33.750+0800: 12453777.727: [CMS-concurrent-sweep-start]
2020-08-01T14:16:35.332+0800: 12453779.310: [CMS-concurrent-sweep: 1.582/1.582 secs] [Times: user=1.74 sys=0.06, real=1.58 secs] 
2020-08-01T14:16:35.332+0800: 12453779.310: [CMS-concurrent-reset-start]
2020-08-01T14:16:35.352+0800: 12453779.329: [CMS-concurrent-reset: 0.020/0.020 secs] [Times: user=0.02 sys=0.00, real=0.02 secs] 
2020-08-01T14:16:37.352+0800: 12453781.330: [GC (CMS Initial Mark) [1 CMS-initial-mark: 4327739K(5472256K)] 4515128K(6209536K), 0.0100755 secs] [Times: user=0.07 sys=0.01, real=0.01 secs] 
2020-08-01T14:16:37.363+0800: 12453781.340: [CMS-concurrent-mark-start]
2020-08-01T14:16:40.050+0800: 12453784.028: [CMS-concurrent-mark: 2.687/2.687 secs] [Times: user=5.67 sys=0.08, real=2.69 secs] 
2020-08-01T14:16:40.050+0800: 12453784.028: [CMS-concurrent-preclean-start]
2020-08-01T14:16:40.058+0800: 12453784.036: [CMS-concurrent-preclean: 0.008/0.008 secs] [Times: user=0.01 sys=0.00, real=0.00 secs] 
2020-08-01T14:16:40.058+0800: 12453784.036: [CMS-concurrent-abortable-preclean-start]
 CMS: abort preclean due to time 2020-08-01T14:16:45.135+0800: 12453789.113: [CMS-concurrent-abortable-preclean: 3.874/5.077 secs] [Times: user=4.35 sys=0.43, real=5.08 secs] 
2020-08-01T14:16:45.137+0800: 12453789.115: [GC (CMS Final Remark) [YG occupancy: 284751 K (737280 K)]2020-08-01T14:16:45.137+0800: 12453789.115: [Rescan (parallel) , 0.0194517 secs]2020-08-01T14:16:45.156+0800: 12453789.134: [weak refs processing, 0.0000473 secs]2020-08-01T14:16:45.156+0800: 12453789.134: [class unloading, 0.0175866 secs]2020-08-01T14:16:45.174+0800: 12453789.152: [scrub symbol table, 0.0065293 secs]2020-08-01T14:16:45.181+0800: 12453789.158: [scrub string table, 0.0008928 secs][1 CMS-remark: 4327739K(5472256K)] 4612490K(6209536K), 0.0446782 secs] [Times: user=0.16 sys=0.00, real=0.05 secs] 
2020-08-01T14:16:45.182+0800: 12453789.160: [CMS-concurrent-sweep-start]
2020-08-01T14:16:46.775+0800: 12453790.753: [CMS-concurrent-sweep: 1.593/1.593 secs] [Times: user=1.78 sys=0.13, real=1.59 secs] 
2020-08-01T14:16:46.775+0800: 12453790.753: [CMS-concurrent-reset-start]
2020-08-01T14:16:46.795+0800: 12453790.772: [CMS-concurrent-reset: 0.020/0.020 secs] [Times: user=0.02 sys=0.00, real=0.02 secs] 
2020-08-01T14:16:48.795+0800: 12453792.773: [GC (CMS Initial Mark) [1 CMS-initial-mark: 4326816K(5472256K)] 4643711K(6209536K), 0.0200146 secs] [Times: user=0.12 sys=0.00, real=0.02 secs] 
2020-08-01T14:16:48.816+0800: 12453792.793: [CMS-concurrent-mark-start]
2020-08-01T14:16:51.651+0800: 12453795.629: [CMS-concurrent-mark: 2.835/2.835 secs] [Times: user=5.87 sys=0.37, real=2.84 secs] 
2020-08-01T14:16:51.651+0800: 12453795.629: [CMS-concurrent-preclean-start]
2020-08-01T14:16:51.659+0800: 12453795.636: [CMS-concurrent-preclean: 0.008/0.008 secs] [Times: user=0.00 sys=0.01, real=0.01 secs] 
2020-08-01T14:16:51.659+0800: 12453795.637: [CMS-concurrent-abortable-preclean-start]
 CMS: abort preclean due to time 2020-08-01T14:16:56.963+0800: 12453800.940: [CMS-concurrent-abortable-preclean: 4.495/5.304 secs] [Times: user=4.89 sys=0.84, real=5.30 secs] 
2020-08-01T14:16:56.964+0800: 12453800.942: [GC (CMS Final Remark) [YG occupancy: 402018 K (737280 K)]2020-08-01T14:16:56.964+0800: 12453800.942: [Rescan (parallel) , 0.0291987 secs]2020-08-01T14:16:56.994+0800: 12453800.971: [weak refs processing, 0.0000379 secs]2020-08-01T14:16:56.994+0800: 12453800.972: [class unloading, 0.0212683 secs]2020-08-01T14:16:57.015+0800: 12453800.993: [scrub symbol table, 0.0061763 secs]2020-08-01T14:16:57.021+0800: 12453800.999: [scrub string table, 0.0009402 secs][1 CMS-remark: 4326816K(5472256K)] 4728835K(6209536K), 0.0578053 secs] [Times: user=0.22 sys=0.00, real=0.06 secs] 
2020-08-01T14:16:57.022+0800: 12453801.000: [CMS-concurrent-sweep-start]
2020-08-01T14:16:58.617+0800: 12453802.594: [CMS-concurrent-sweep: 1.594/1.594 secs] [Times: user=1.79 sys=0.23, real=1.59 secs] 
2020-08-01T14:16:58.617+0800: 12453802.595: [CMS-concurrent-reset-start]
2020-08-01T14:16:58.636+0800: 12453802.613: [CMS-concurrent-reset: 0.019/0.019 secs] [Times: user=0.02 sys=0.00, real=0.02 secs] 
2020-08-01T14:17:00.636+0800: 12453804.614: [GC (CMS Initial Mark) [1 CMS-initial-mark: 4326804K(5472256K)] 4821661K(6209536K), 0.0353338 secs] [Times: user=0.20 sys=0.00, real=0.04 secs] 
2020-08-01T14:17:00.672+0800: 12453804.650: [CMS-concurrent-mark-start]
2020-08-01T14:17:03.601+0800: 12453807.579: [CMS-concurrent-mark: 2.930/2.930 secs] [Times: user=6.45 sys=0.28, real=2.93 secs] 
2020-08-01T14:17:03.601+0800: 12453807.579: [CMS-concurrent-preclean-start]
2020-08-01T14:17:03.609+0800: 12453807.587: [CMS-concurrent-preclean: 0.008/0.008 secs] [Times: user=0.01 sys=0.00, real=0.01 secs] 
2020-08-01T14:17:03.609+0800: 12453807.587: [CMS-concurrent-abortable-preclean-start]
 CMS: abort preclean due to time 2020-08-01T14:17:08.866+0800: 12453812.844: [CMS-concurrent-abortable-preclean: 4.155/5.256 secs] [Times: user=4.55 sys=0.33, real=5.25 secs] 
2020-08-01T14:17:08.867+0800: 12453812.845: [GC (CMS Final Remark) [YG occupancy: 601542 K (737280 K)]2020-08-01T14:17:08.868+0800: 12453812.845: [Rescan (parallel) , 0.0375460 secs]2020-08-01T14:17:08.905+0800: 12453812.883: [weak refs processing, 0.0000452 secs]2020-08-01T14:17:08.905+0800: 12453812.883: [class unloading, 0.0177284 secs]2020-08-01T14:17:08.923+0800: 12453812.901: [scrub symbol table, 0.0062250 secs]2020-08-01T14:17:08.929+0800: 12453812.907: [scrub string table, 0.0008768 secs][1 CMS-remark: 4326804K(5472256K)] 4928346K(6209536K), 0.0626082 secs] [Times: user=0.31 sys=0.00, real=0.06 secs] 
2020-08-01T14:17:08.930+0800: 12453812.908: [CMS-concurrent-sweep-start]
2020-08-01T14:17:10.513+0800: 12453814.491: [CMS-concurrent-sweep: 1.580/1.582 secs] [Times: user=1.73 sys=0.11, real=1.58 secs] 
2020-08-01T14:17:10.513+0800: 12453814.491: [CMS-concurrent-reset-start]
2020-08-01T14:17:10.531+0800: 12453814.509: [CMS-concurrent-reset: 0.019/0.019 secs] [Times: user=0.02 sys=0.00, real=0.02 secs] 
2020-08-01T14:17:12.532+0800: 12453816.510: [GC (CMS Initial Mark) [1 CMS-initial-mark: 4326804K(5472256K)] 4967875K(6209536K), 0.0480250 secs] [Times: user=0.25 sys=0.00, real=0.05 secs] 
2020-08-01T14:17:12.580+0800: 12453816.558: [CMS-concurrent-mark-start]
2020-08-01T14:17:15.237+0800: 12453819.214: [CMS-concurrent-mark: 2.656/2.656 secs] [Times: user=5.61 sys=0.04, real=2.65 secs] 
2020-08-01T14:17:15.237+0800: 12453819.215: [CMS-concurrent-preclean-start]
2020-08-01T14:17:15.245+0800: 12453819.223: [CMS-concurrent-preclean: 0.008/0.008 secs] [Times: user=0.01 sys=0.00, real=0.01 secs] 
2020-08-01T14:17:15.245+0800: 12453819.223: [CMS-concurrent-abortable-preclean-start]
 CMS: abort preclean due to time 2020-08-01T14:17:20.571+0800: 12453824.548: [CMS-concurrent-abortable-preclean: 3.920/5.326 secs] [Times: user=4.29 sys=0.52, real=5.33 secs] 
2020-08-01T14:17:20.572+0800: 12453824.550: [GC (CMS Final Remark) [YG occupancy: 722863 K (737280 K)]2020-08-01T14:17:20.572+0800: 12453824.550: [Rescan (parallel) , 0.0442494 secs]2020-08-01T14:17:20.617+0800: 12453824.594: [weak refs processing, 0.0000371 secs]2020-08-01T14:17:20.617+0800: 12453824.594: [class unloading, 0.0173228 secs]2020-08-01T14:17:20.634+0800: 12453824.612: [scrub symbol table, 0.0061579 secs]2020-08-01T14:17:20.640+0800: 12453824.618: [scrub string table, 0.0008973 secs][1 CMS-remark: 4326804K(5472256K)] 5049667K(6209536K), 0.0688369 secs] [Times: user=0.37 sys=0.00, real=0.07 secs] 
2020-08-01T14:17:20.655+0800: 12453824.632: [CMS-concurrent-sweep-start]
2020-08-01T14:17:21.953+0800: 12453825.930: [GC (Allocation Failure) 2020-08-01T14:17:21.953+0800: 12453825.930: [ParNew: 736203K->81920K(737280K), 0.0883741 secs] 5062981K->4435062K(6209536K), 0.0886011 secs] [Times: user=0.54 sys=0.00, real=0.09 secs] 
2020-08-01T14:17:22.373+0800: 12453826.351: [CMS-concurrent-sweep: 1.626/1.719 secs] [Times: user=2.37 sys=0.15, real=1.72 secs] 
2020-08-01T14:17:22.374+0800: 12453826.351: [CMS-concurrent-reset-start]
2020-08-01T14:17:22.395+0800: 12453826.373: [CMS-concurrent-reset: 0.022/0.022 secs] [Times: user=0.02 sys=0.00, real=0.02 secs] 
2020-08-01T14:17:24.396+0800: 12453828.374: [GC (CMS Initial Mark) [1 CMS-initial-mark: 4353014K(5472256K)] 4481535K(6209536K), 0.0084774 secs] [Times: user=0.06 sys=0.00, real=0.01 secs] 
2020-08-01T14:17:24.404+0800: 12453828.382: [CMS-concurrent-mark-start]
2020-08-01T14:17:27.165+0800: 12453831.143: [CMS-concurrent-mark: 2.760/2.760 secs] [Times: user=5.90 sys=0.27, real=2.76 secs] 
2020-08-01T14:17:27.165+0800: 12453831.143: [CMS-concurrent-preclean-start]
2020-08-01T14:17:27.174+0800: 12453831.151: [CMS-concurrent-preclean: 0.008/0.008 secs] [Times: user=0.01 sys=0.00, real=0.01 secs] 
2020-08-01T14:17:27.174+0800: 12453831.151: [CMS-concurrent-abortable-preclean-start]
 CMS: abort preclean due to time 2020-08-01T14:17:32.278+0800: 12453836.256: [CMS-concurrent-abortable-preclean: 3.994/5.105 secs] [Times: user=4.72 sys=0.72, real=5.10 secs] 
2020-08-01T14:17:32.280+0800: 12453836.258: [GC (CMS Final Remark) [YG occupancy: 277047 K (737280 K)]2020-08-01T14:17:32.280+0800: 12453836.258: [Rescan (parallel) , 0.0332255 secs]2020-08-01T14:17:32.313+0800: 12453836.291: [weak refs processing, 0.0000852 secs]2020-08-01T14:17:32.313+0800: 12453836.291: [class unloading, 0.0192224 secs]2020-08-01T14:17:32.333+0800: 12453836.310: [scrub symbol table, 0.0070863 secs]2020-08-01T14:17:32.340+0800: 12453836.318: [scrub string table, 0.0009347 secs][1 CMS-remark: 4353014K(5472256K)] 4630061K(6209536K), 0.0607556 secs] [Times: user=0.22 sys=0.00, real=0.06 secs] 
2020-08-01T14:17:32.341+0800: 12453836.319: [CMS-concurrent-sweep-start]
2020-08-01T14:17:34.032+0800: 12453838.010: [CMS-concurrent-sweep: 1.691/1.691 secs] [Times: user=1.86 sys=0.22, real=1.69 secs] 
2020-08-01T14:17:34.032+0800: 12453838.010: [CMS-concurrent-reset-start]
2020-08-01T14:17:34.051+0800: 12453838.029: [CMS-concurrent-reset: 0.019/0.019 secs] [Times: user=0.02 sys=0.00, real=0.02 secs] 
2020-08-01T14:17:36.052+0800: 12453840.030: [GC (CMS Initial Mark) [1 CMS-initial-mark: 4350646K(5472256K)] 4669515K(6209536K), 0.0203127 secs] [Times: user=0.15 sys=0.00, real=0.02 secs] 
2020-08-01T14:17:36.073+0800: 12453840.050: [CMS-concurrent-mark-start]
2020-08-01T14:17:38.889+0800: 12453842.867: [CMS-concurrent-mark: 2.817/2.817 secs] [Times: user=6.14 sys=0.22, real=2.82 secs] 
2020-08-01T14:17:38.889+0800: 12453842.867: [CMS-concurrent-preclean-start]
2020-08-01T14:17:38.900+0800: 12453842.878: [CMS-concurrent-preclean: 0.010/0.011 secs] [Times: user=0.01 sys=0.00, real=0.01 secs] 
2020-08-01T14:17:38.900+0800: 12453842.878: [CMS-concurrent-abortable-preclean-start]
 CMS: abort preclean due to time 2020-08-01T14:17:43.926+0800: 12453847.904: [CMS-concurrent-abortable-preclean: 4.025/5.026 secs] [Times: user=4.43 sys=0.50, real=5.02 secs] 
2020-08-01T14:17:43.927+0800: 12453847.905: [GC (CMS Final Remark) [YG occupancy: 426891 K (737280 K)]2020-08-01T14:17:43.927+0800: 12453847.905: [Rescan (parallel) , 0.0330056 secs]2020-08-01T14:17:43.961+0800: 12453847.938: [weak refs processing, 0.0000376 secs]2020-08-01T14:17:43.961+0800: 12453847.938: [class unloading, 0.0185442 secs]2020-08-01T14:17:43.979+0800: 12453847.957: [scrub symbol table, 0.0076486 secs]2020-08-01T14:17:43.987+0800: 12453847.965: [scrub string table, 0.0009204 secs][1 CMS-remark: 4350646K(5472256K)] 4777537K(6209536K), 0.0603623 secs] [Times: user=0.28 sys=0.00, real=0.06 secs] 
2020-08-01T14:17:43.988+0800: 12453847.966: [CMS-concurrent-sweep-start]
2020-08-01T14:17:45.625+0800: 12453849.603: [CMS-concurrent-sweep: 1.637/1.637 secs] [Times: user=1.78 sys=0.12, real=1.63 secs] 
2020-08-01T14:17:45.625+0800: 12453849.603: [CMS-concurrent-reset-start]
2020-08-01T14:17:45.644+0800: 12453849.622: [CMS-concurrent-reset: 0.019/0.019 secs] [Times: user=0.02 sys=0.00, real=0.02 secs] 
2020-08-01T14:17:47.645+0800: 12453851.623: [GC (CMS Initial Mark) [1 CMS-initial-mark: 4350634K(5472256K)] 4806032K(6209536K), 0.0297921 secs] [Times: user=0.20 sys=0.00, real=0.03 secs] 
2020-08-01T14:17:47.675+0800: 12453851.653: [CMS-concurrent-mark-start]
2020-08-01T14:17:50.440+0800: 12453854.418: [CMS-concurrent-mark: 2.765/2.765 secs] [Times: user=5.87 sys=0.02, real=2.77 secs] 
2020-08-01T14:17:50.440+0800: 12453854.418: [CMS-concurrent-preclean-start]
2020-08-01T14:17:50.448+0800: 12453854.426: [CMS-concurrent-preclean: 0.008/0.008 secs] [Times: user=0.01 sys=0.00, real=0.01 secs] 
2020-08-01T14:17:50.448+0800: 12453854.426: [CMS-concurrent-abortable-preclean-start]
 CMS: abort preclean due to time 2020-08-01T14:17:55.789+0800: 12453859.767: [CMS-concurrent-abortable-preclean: 4.038/5.341 secs] [Times: user=4.53 sys=0.70, real=5.34 secs] 
2020-08-01T14:17:55.790+0800: 12453859.768: [GC (CMS Final Remark) [YG occupancy: 551605 K (737280 K)]2020-08-01T14:17:55.790+0800: 12453859.768: [Rescan (parallel) , 0.0437632 secs]2020-08-01T14:17:55.834+0800: 12453859.812: [weak refs processing, 0.0000666 secs]2020-08-01T14:17:55.834+0800: 12453859.812: [class unloading, 0.0194626 secs]2020-08-01T14:17:55.854+0800: 12453859.832: [scrub symbol table, 0.0072079 secs]2020-08-01T14:17:55.861+0800: 12453859.839: [scrub string table, 0.0009810 secs][1 CMS-remark: 4350634K(5472256K)] 4902240K(6209536K), 0.0716930 secs] [Times: user=0.30 sys=0.00, real=0.07 secs] 
2020-08-01T14:17:55.862+0800: 12453859.840: [CMS-concurrent-sweep-start]
2020-08-01T14:17:57.527+0800: 12453861.505: [CMS-concurrent-sweep: 1.665/1.665 secs] [Times: user=1.85 sys=0.06, real=1.67 secs] 
2020-08-01T14:17:57.527+0800: 12453861.505: [CMS-concurrent-reset-start]
2020-08-01T14:17:57.546+0800: 12453861.523: [CMS-concurrent-reset: 0.019/0.019 secs] [Times: user=0.02 sys=0.00, real=0.01 secs] 
2020-08-01T14:17:59.546+0800: 12453863.524: [GC (CMS Initial Mark) [1 CMS-initial-mark: 4350622K(5472256K)] 4938576K(6209536K), 0.0379973 secs] [Times: user=0.25 sys=0.00, real=0.04 secs] 
2020-08-01T14:17:59.584+0800: 12453863.562: [CMS-concurrent-mark-start]
2020-08-01T14:18:02.454+0800: 12453866.432: [CMS-concurrent-mark: 2.870/2.870 secs] [Times: user=6.11 sys=0.12, real=2.87 secs] 
2020-08-01T14:18:02.454+0800: 12453866.432: [CMS-concurrent-preclean-start]
2020-08-01T14:18:02.463+0800: 12453866.441: [CMS-concurrent-preclean: 0.008/0.008 secs] [Times: user=0.00 sys=0.00, real=0.01 secs] 
2020-08-01T14:18:02.463+0800: 12453866.441: [CMS-concurrent-abortable-preclean-start]
 CMS: abort preclean due to time 2020-08-01T14:18:07.784+0800: 12453871.761: [CMS-concurrent-abortable-preclean: 3.917/5.321 secs] [Times: user=4.51 sys=0.35, real=5.32 secs] 
2020-08-01T14:18:07.785+0800: 12453871.763: [GC (CMS Final Remark) [YG occupancy: 725611 K (737280 K)]2020-08-01T14:18:07.785+0800: 12453871.763: [Rescan (parallel) , 0.0494532 secs]2020-08-01T14:18:07.835+0800: 12453871.813: [weak refs processing, 0.0000399 secs]2020-08-01T14:18:07.835+0800: 12453871.813: [class unloading, 0.0183333 secs]2020-08-01T14:18:07.853+0800: 12453871.831: [scrub symbol table, 0.0063281 secs]2020-08-01T14:18:07.859+0800: 12453871.837: [scrub string table, 0.0010269 secs][1 CMS-remark: 4350622K(5472256K)] 5076233K(6209536K), 0.0753562 secs] [Times: user=0.38 sys=0.00, real=0.08 secs] 
2020-08-01T14:18:07.861+0800: 12453871.839: [CMS-concurrent-sweep-start]
2020-08-01T14:18:09.428+0800: 12453873.406: [CMS-concurrent-sweep: 1.567/1.567 secs] [Times: user=1.72 sys=0.05, real=1.57 secs] 
2020-08-01T14:18:09.428+0800: 12453873.406: [CMS-concurrent-reset-start]
2020-08-01T14:18:09.447+0800: 12453873.425: [CMS-concurrent-reset: 0.019/0.019 secs] [Times: user=0.02 sys=0.00, real=0.02 secs] 
2020-08-01T14:18:09.461+0800: 12453873.439: [GC (Allocation Failure) 2020-08-01T14:18:09.461+0800: 12453873.439: [ParNew: 737280K->81920K(737280K), 0.1033168 secs] 5087890K->4462701K(6209536K), 0.1035254 secs] [Times: user=0.58 sys=0.00, real=0.10 secs] 
2020-08-01T14:18:09.566+0800: 12453873.544: [GC (CMS Initial Mark) [1 CMS-initial-mark: 4380781K(5472256K)] 4462996K(6209536K), 0.0089472 secs] [Times: user=0.04 sys=0.00, real=0.01 secs] 
2020-08-01T14:18:09.575+0800: 12453873.553: [CMS-concurrent-mark-start]
2020-08-01T14:18:13.801+0800: 12453877.778: [CMS-concurrent-mark: 4.224/4.225 secs] [Times: user=8.82 sys=0.21, real=4.23 secs] 
2020-08-01T14:18:13.801+0800: 12453877.778: [CMS-concurrent-preclean-start]
2020-08-01T14:18:13.808+0800: 12453877.786: [CMS-concurrent-preclean: 0.008/0.008 secs] [Times: user=0.00 sys=0.00, real=0.01 secs] 
2020-08-01T14:18:13.808+0800: 12453877.786: [CMS-concurrent-abortable-preclean-start]
 CMS: abort preclean due to time 2020-08-01T14:18:19.044+0800: 12453883.022: [CMS-concurrent-abortable-preclean: 4.035/5.236 secs] [Times: user=4.45 sys=0.31, real=5.23 secs] 
2020-08-01T14:18:19.046+0800: 12453883.023: [GC (CMS Final Remark) [YG occupancy: 184474 K (737280 K)]2020-08-01T14:18:19.046+0800: 12453883.024: [Rescan (parallel) , 0.0283674 secs]2020-08-01T14:18:19.074+0800: 12453883.052: [weak refs processing, 0.0000547 secs]2020-08-01T14:18:19.074+0800: 12453883.052: [class unloading, 0.0182903 secs]2020-08-01T14:18:19.092+0800: 12453883.070: [scrub symbol table, 0.0061968 secs]2020-08-01T14:18:19.099+0800: 12453883.077: [scrub string table, 0.0009411 secs][1 CMS-remark: 4380781K(5472256K)] 4565256K(6209536K), 0.0540243 secs] [Times: user=0.21 sys=0.00, real=0.06 secs] 
2020-08-01T14:18:19.100+0800: 12453883.078: [CMS-concurrent-sweep-start]
2020-08-01T14:18:20.669+0800: 12453884.647: [CMS-concurrent-sweep: 1.569/1.569 secs] [Times: user=1.72 sys=0.12, real=1.57 secs] 
2020-08-01T14:18:20.669+0800: 12453884.647: [CMS-concurrent-reset-start]
2020-08-01T14:18:20.688+0800: 12453884.666: [CMS-concurrent-reset: 0.019/0.019 secs] [Times: user=0.02 sys=0.00, real=0.02 secs] 
2020-08-01T14:18:22.689+0800: 12453886.667: [GC (CMS Initial Mark) [1 CMS-initial-mark: 4380287K(5472256K)] 4598009K(6209536K), 0.0144096 secs] [Times: user=0.11 sys=0.00, real=0.01 secs] 
2020-08-01T14:18:22.703+0800: 12453886.681: [CMS-concurrent-mark-start]
2020-08-01T14:18:25.618+0800: 12453889.596: [CMS-concurrent-mark: 2.915/2.915 secs] [Times: user=6.13 sys=0.42, real=2.91 secs] 
2020-08-01T14:18:25.618+0800: 12453889.596: [CMS-concurrent-preclean-start]
2020-08-01T14:18:25.626+0800: 12453889.604: [CMS-concurrent-preclean: 0.008/0.008 secs] [Times: user=0.01 sys=0.00, real=0.01 secs] 
2020-08-01T14:18:25.626+0800: 12453889.604: [CMS-concurrent-abortable-preclean-start]
 CMS: abort preclean due to time 2020-08-01T14:18:30.966+0800: 12453894.943: [CMS-concurrent-abortable-preclean: 4.035/5.339 secs] [Times: user=4.65 sys=0.63, real=5.34 secs] 
2020-08-01T14:18:30.967+0800: 12453894.945: [GC (CMS Final Remark) [YG occupancy: 344281 K (737280 K)]2020-08-01T14:18:30.967+0800: 12453894.945: [Rescan (parallel) , 0.0294422 secs]2020-08-01T14:18:30.997+0800: 12453894.975: [weak refs processing, 0.0000370 secs]2020-08-01T14:18:30.997+0800: 12453894.975: [class unloading, 0.0179535 secs]2020-08-01T14:18:31.015+0800: 12453894.993: [scrub symbol table, 0.0066372 secs]2020-08-01T14:18:31.021+0800: 12453894.999: [scrub string table, 0.0008738 secs][1 CMS-remark: 4380287K(5472256K)] 4724568K(6209536K), 0.0551301 secs] [Times: user=0.22 sys=0.00, real=0.05 secs] 
2020-08-01T14:18:31.023+0800: 12453895.000: [CMS-concurrent-sweep-start]
2020-08-01T14:18:32.666+0800: 12453896.644: [CMS-concurrent-sweep: 1.644/1.644 secs] [Times: user=1.81 sys=0.25, real=1.64 secs] 
2020-08-01T14:18:32.666+0800: 12453896.644: [CMS-concurrent-reset-start]
2020-08-01T14:18:32.686+0800: 12453896.663: [CMS-concurrent-reset: 0.019/0.019 secs] [Times: user=0.02 sys=0.00, real=0.02 secs] 
2020-08-01T14:18:34.686+0800: 12453898.664: [GC (CMS Initial Mark) [1 CMS-initial-mark: 4378510K(5472256K)] 4771421K(6209536K), 0.0249482 secs] [Times: user=0.18 sys=0.00, real=0.03 secs] 
2020-08-01T14:18:34.711+0800: 12453898.689: [CMS-concurrent-mark-start]
2020-08-01T14:18:37.481+0800: 12453901.459: [CMS-concurrent-mark: 2.770/2.770 secs] [Times: user=5.94 sys=0.24, real=2.77 secs] 
2020-08-01T14:18:37.481+0800: 12453901.459: [CMS-concurrent-preclean-start]
2020-08-01T14:18:37.489+0800: 12453901.467: [CMS-concurrent-preclean: 0.008/0.008 secs] [Times: user=0.01 sys=0.00, real=0.01 secs] 
2020-08-01T14:18:37.489+0800: 12453901.467: [CMS-concurrent-abortable-preclean-start]
 CMS: abort preclean due to time 2020-08-01T14:18:42.753+0800: 12453906.730: [CMS-concurrent-abortable-preclean: 4.062/5.263 secs] [Times: user=4.53 sys=0.72, real=5.26 secs] 
2020-08-01T14:18:42.754+0800: 12453906.732: [GC (CMS Final Remark) [YG occupancy: 503506 K (737280 K)]2020-08-01T14:18:42.754+0800: 12453906.732: [Rescan (parallel) , 0.0567564 secs]2020-08-01T14:18:42.811+0800: 12453906.789: [weak refs processing, 0.0000510 secs]2020-08-01T14:18:42.811+0800: 12453906.789: [class unloading, 0.0176808 secs]2020-08-01T14:18:42.829+0800: 12453906.807: [scrub symbol table, 0.0064106 secs]2020-08-01T14:18:42.835+0800: 12453906.813: [scrub string table, 0.0010854 secs][1 CMS-remark: 4378510K(5472256K)] 4882016K(6209536K), 0.0821816 secs] [Times: user=0.41 sys=0.00, real=0.08 secs] 
2020-08-01T14:18:42.837+0800: 12453906.814: [CMS-concurrent-sweep-start]
2020-08-01T14:18:44.448+0800: 12453908.425: [CMS-concurrent-sweep: 1.611/1.611 secs] [Times: user=1.82 sys=0.17, real=1.62 secs] 
2020-08-01T14:18:44.448+0800: 12453908.425: [CMS-concurrent-reset-start]
2020-08-01T14:18:44.467+0800: 12453908.445: [CMS-concurrent-reset: 0.019/0.019 secs] [Times: user=0.03 sys=0.00, real=0.02 secs] 
2020-08-01T14:18:46.468+0800: 12453910.446: [GC (CMS Initial Mark) [1 CMS-initial-mark: 4378509K(5472256K)] 4930301K(6209536K), 0.0468984 secs] [Times: user=0.25 sys=0.00, real=0.04 secs] 
2020-08-01T14:18:46.515+0800: 12453910.493: [CMS-concurrent-mark-start]
2020-08-01T14:18:49.291+0800: 12453913.269: [CMS-concurrent-mark: 2.776/2.776 secs] [Times: user=5.96 sys=0.30, real=2.78 secs] 
2020-08-01T14:18:49.291+0800: 12453913.269: [CMS-concurrent-preclean-start]
2020-08-01T14:18:49.300+0800: 12453913.278: [CMS-concurrent-preclean: 0.009/0.009 secs] [Times: user=0.01 sys=0.00, real=0.01 secs] 
2020-08-01T14:18:49.300+0800: 12453913.278: [CMS-concurrent-abortable-preclean-start]
 CMS: abort preclean due to time 2020-08-01T14:18:54.582+0800: 12453918.560: [CMS-concurrent-abortable-preclean: 3.979/5.282 secs] [Times: user=4.42 sys=0.55, real=5.28 secs] 
2020-08-01T14:18:54.584+0800: 12453918.562: [GC (CMS Final Remark) [YG occupancy: 649664 K (737280 K)]2020-08-01T14:18:54.584+0800: 12453918.562: [Rescan (parallel) , 0.0527190 secs]2020-08-01T14:18:54.637+0800: 12453918.615: [weak refs processing, 0.0000365 secs]2020-08-01T14:18:54.637+0800: 12453918.615: [class unloading, 0.0177216 secs]2020-08-01T14:18:54.655+0800: 12453918.632: [scrub symbol table, 0.0061909 secs]2020-08-01T14:18:54.661+0800: 12453918.639: [scrub string table, 0.0008567 secs][1 CMS-remark: 4378509K(5472256K)] 5028174K(6209536K), 0.0777023 secs] [Times: user=0.35 sys=0.00, real=0.08 secs] 
2020-08-01T14:18:54.662+0800: 12453918.640: [CMS-concurrent-sweep-start]
2020-08-01T14:18:56.261+0800: 12453920.239: [CMS-concurrent-sweep: 1.599/1.599 secs] [Times: user=1.70 sys=0.15, real=1.60 secs] 
2020-08-01T14:18:56.261+0800: 12453920.239: [CMS-concurrent-reset-start]
2020-08-01T14:18:56.280+0800: 12453920.258: [CMS-concurrent-reset: 0.019/0.019 secs] [Times: user=0.03 sys=0.02, real=0.02 secs] 
2020-08-01T14:18:58.281+0800: 12453922.259: [GC (CMS Initial Mark) [1 CMS-initial-mark: 4378509K(5472256K)] 5047748K(6209536K), 0.0494501 secs] [Times: user=0.31 sys=0.00, real=0.05 secs] 
2020-08-01T14:18:58.331+0800: 12453922.309: [CMS-concurrent-mark-start]
2020-08-01T14:19:02.429+0800: 12453926.407: [CMS-concurrent-mark: 4.099/4.099 secs] [Times: user=8.67 sys=0.22, real=4.10 secs] 
2020-08-01T14:19:02.429+0800: 12453926.407: [CMS-concurrent-preclean-start]
2020-08-01T14:19:02.437+0800: 12453926.415: [CMS-concurrent-preclean: 0.008/0.008 secs] [Times: user=0.01 sys=0.00, real=0.00 secs] 
2020-08-01T14:19:02.437+0800: 12453926.415: [CMS-concurrent-abortable-preclean-start]
2020-08-01T14:19:05.756+0800: 12453929.734: [GC (Allocation Failure) 2020-08-01T14:19:05.756+0800: 12453929.734: [ParNew2020-08-01T14:19:05.849+0800: 12453929.827: [CMS-concurrent-abortable-preclean: 2.511/3.412 secs] [Times: user=3.39 sys=0.37, real=3.42 secs] 
: 737280K->81920K(737280K), 0.1001293 secs] 5115789K->4493583K(6209536K), 0.1002969 secs] [Times: user=0.62 sys=0.00, real=0.10 secs] 
2020-08-01T14:19:05.858+0800: 12453929.836: [GC (CMS Final Remark) [YG occupancy: 81922 K (737280 K)]2020-08-01T14:19:05.858+0800: 12453929.836: [Rescan (parallel) , 0.0214519 secs]2020-08-01T14:19:05.879+0800: 12453929.857: [weak refs processing, 0.0000483 secs]2020-08-01T14:19:05.879+0800: 12453929.857: [class unloading, 0.0180909 secs]2020-08-01T14:19:05.898+0800: 12453929.875: [scrub symbol table, 0.0063111 secs]2020-08-01T14:19:05.904+0800: 12453929.882: [scrub string table, 0.0008798 secs][1 CMS-remark: 4411663K(5472256K)] 4493585K(6209536K), 0.0469269 secs] [Times: user=0.16 sys=0.00, real=0.05 secs] 
2020-08-01T14:19:05.905+0800: 12453929.883: [CMS-concurrent-sweep-start]
2020-08-01T14:19:07.506+0800: 12453931.484: [CMS-concurrent-sweep: 1.600/1.601 secs] [Times: user=1.83 sys=0.16, real=1.61 secs] 
2020-08-01T14:19:07.507+0800: 12453931.484: [CMS-concurrent-reset-start]
2020-08-01T14:19:07.526+0800: 12453931.504: [CMS-concurrent-reset: 0.019/0.019 secs] [Times: user=0.02 sys=0.01, real=0.01 secs] 
2020-08-01T14:19:09.527+0800: 12453933.504: [GC (CMS Initial Mark) [1 CMS-initial-mark: 4411661K(5472256K)] 4539874K(6209536K), 0.0101149 secs] [Times: user=0.06 sys=0.00, real=0.00 secs] 
2020-08-01T14:19:09.537+0800: 12453933.515: [CMS-concurrent-mark-start]
2020-08-01T14:19:12.218+0800: 12453936.196: [CMS-concurrent-mark: 2.681/2.681 secs] [Times: user=5.72 sys=0.25, real=2.68 secs] 
2020-08-01T14:19:12.218+0800: 12453936.196: [CMS-concurrent-preclean-start]
2020-08-01T14:19:12.226+0800: 12453936.203: [CMS-concurrent-preclean: 0.008/0.008 secs] [Times: user=0.00 sys=0.00, real=0.01 secs] 
2020-08-01T14:19:12.226+0800: 12453936.203: [CMS-concurrent-abortable-preclean-start]
 CMS: abort preclean due to time 2020-08-01T14:19:17.308+0800: 12453941.286: [CMS-concurrent-abortable-preclean: 3.881/5.082 secs] [Times: user=4.72 sys=0.72, real=5.09 secs] 
2020-08-01T14:19:17.309+0800: 12453941.287: [GC (CMS Final Remark) [YG occupancy: 348594 K (737280 K)]2020-08-01T14:19:17.309+0800: 12453941.287: [Rescan (parallel) , 0.0264013 secs]2020-08-01T14:19:17.336+0800: 12453941.314: [weak refs processing, 0.0000388 secs]2020-08-01T14:19:17.336+0800: 12453941.314: [class unloading, 0.0229802 secs]2020-08-01T14:19:17.359+0800: 12453941.337: [scrub symbol table, 0.0085278 secs]2020-08-01T14:19:17.367+0800: 12453941.345: [scrub string table, 0.0012558 secs][1 CMS-remark: 4411661K(5472256K)] 4760256K(6209536K), 0.0593874 secs] [Times: user=0.23 sys=0.00, real=0.06 secs] 
2020-08-01T14:19:17.369+0800: 12453941.347: [CMS-concurrent-sweep-start]
2020-08-01T14:19:19.008+0800: 12453942.986: [CMS-concurrent-sweep: 1.639/1.639 secs] [Times: user=1.86 sys=0.14, real=1.64 secs] 
2020-08-01T14:19:19.008+0800: 12453942.986: [CMS-concurrent-reset-start]
2020-08-01T14:19:19.027+0800: 12453943.005: [CMS-concurrent-reset: 0.019/0.019 secs] [Times: user=0.02 sys=0.00, real=0.02 secs] 
2020-08-01T14:19:21.028+0800: 12453945.006: [GC (CMS Initial Mark) [1 CMS-initial-mark: 4408500K(5472256K)] 4854113K(6209536K), 0.0323938 secs] [Times: user=0.20 sys=0.00, real=0.03 secs] 
2020-08-01T14:19:21.060+0800: 12453945.038: [CMS-concurrent-mark-start]
2020-08-01T14:19:23.837+0800: 12453947.815: [CMS-concurrent-mark: 2.776/2.776 secs] [Times: user=6.09 sys=0.27, real=2.77 secs] 
2020-08-01T14:19:23.837+0800: 12453947.815: [CMS-concurrent-preclean-start]
2020-08-01T14:19:23.845+0800: 12453947.823: [CMS-concurrent-preclean: 0.008/0.008 secs] [Times: user=0.01 sys=0.00, real=0.01 secs] 
2020-08-01T14:19:23.845+0800: 12453947.823: [CMS-concurrent-abortable-preclean-start]
 CMS: abort preclean due to time 2020-08-01T14:19:28.859+0800: 12453952.836: [CMS-concurrent-abortable-preclean: 3.904/5.013 secs] [Times: user=4.45 sys=0.56, real=5.02 secs] 
2020-08-01T14:19:28.860+0800: 12453952.838: [GC (CMS Final Remark) [YG occupancy: 574742 K (737280 K)]2020-08-01T14:19:28.860+0800: 12453952.838: [Rescan (parallel) , 0.0387395 secs]2020-08-01T14:19:28.899+0800: 12453952.877: [weak refs processing, 0.0000379 secs]2020-08-01T14:19:28.899+0800: 12453952.877: [class unloading, 0.0178901 secs]2020-08-01T14:19:28.917+0800: 12453952.895: [scrub symbol table, 0.0068598 secs]2020-08-01T14:19:28.924+0800: 12453952.902: [scrub string table, 0.0009120 secs][1 CMS-remark: 4408500K(5472256K)] 4983243K(6209536K), 0.0646168 secs] [Times: user=0.33 sys=0.00, real=0.06 secs] 
2020-08-01T14:19:28.925+0800: 12453952.903: [CMS-concurrent-sweep-start]
2020-08-01T14:19:30.606+0800: 12453954.584: [CMS-concurrent-sweep: 1.681/1.681 secs] [Times: user=1.95 sys=0.14, real=1.69 secs] 
2020-08-01T14:19:30.607+0800: 12453954.584: [CMS-concurrent-reset-start]
2020-08-01T14:19:30.625+0800: 12453954.603: [CMS-concurrent-reset: 0.019/0.019 secs] [Times: user=0.01 sys=0.01, real=0.01 secs] 
2020-08-01T14:19:32.626+0800: 12453956.604: [GC (CMS Initial Mark) [1 CMS-initial-mark: 4408486K(5472256K)] 5055863K(6209536K), 0.0427736 secs] [Times: user=0.29 sys=0.00, real=0.05 secs] 
2020-08-01T14:19:32.669+0800: 12453956.647: [CMS-concurrent-mark-start]
2020-08-01T14:19:35.536+0800: 12453959.514: [CMS-concurrent-mark: 2.867/2.867 secs] [Times: user=6.10 sys=0.31, real=2.86 secs] 
2020-08-01T14:19:35.536+0800: 12453959.514: [CMS-concurrent-preclean-start]
2020-08-01T14:19:35.545+0800: 12453959.522: [CMS-concurrent-preclean: 0.008/0.008 secs] [Times: user=0.01 sys=0.01, real=0.01 secs] 
2020-08-01T14:19:35.545+0800: 12453959.522: [CMS-concurrent-abortable-preclean-start]
2020-08-01T14:19:37.768+0800: 12453961.746: [GC (Allocation Failure) 2020-08-01T14:19:37.768+0800: 12453961.746: [ParNew: 737280K->81920K(737280K), 0.1023520 secs] 5145766K->4526939K(6209536K), 0.1025255 secs] [Times: user=0.63 sys=0.00, real=0.10 secs] 
 CMS: abort preclean due to time 2020-08-01T14:19:40.689+0800: 12453964.667: [CMS-concurrent-abortable-preclean: 4.137/5.145 secs] [Times: user=5.38 sys=0.44, real=5.15 secs] 
2020-08-01T14:19:40.691+0800: 12453964.669: [GC (CMS Final Remark) [YG occupancy: 120224 K (737280 K)]2020-08-01T14:19:40.691+0800: 12453964.669: [Rescan (parallel) , 0.0195415 secs]2020-08-01T14:19:40.711+0800: 12453964.688: [weak refs processing, 0.0000379 secs]2020-08-01T14:19:40.711+0800: 12453964.688: [class unloading, 0.0190496 secs]2020-08-01T14:19:40.730+0800: 12453964.707: [scrub symbol table, 0.0063667 secs]2020-08-01T14:19:40.736+0800: 12453964.714: [scrub string table, 0.0008797 secs][1 CMS-remark: 4445019K(5472256K)] 4565243K(6209536K), 0.0460774 secs] [Times: user=0.16 sys=0.01, real=0.04 secs] 
2020-08-01T14:19:40.737+0800: 12453964.715: [CMS-concurrent-sweep-start]
2020-08-01T14:19:42.397+0800: 12453966.375: [CMS-concurrent-sweep: 1.660/1.660 secs] [Times: user=1.86 sys=0.15, real=1.66 secs] 
2020-08-01T14:19:42.397+0800: 12453966.375: [CMS-concurrent-reset-start]
2020-08-01T14:19:42.416+0800: 12453966.393: [CMS-concurrent-reset: 0.019/0.019 secs] [Times: user=0.02 sys=0.00, real=0.02 secs] 
2020-08-01T14:19:44.416+0800: 12453968.394: [GC (CMS Initial Mark) [1 CMS-initial-mark: 4445009K(5472256K)] 4624021K(6209536K), 0.0124211 secs] [Times: user=0.08 sys=0.00, real=0.02 secs] 
2020-08-01T14:19:44.429+0800: 12453968.407: [CMS-concurrent-mark-start]
2020-08-01T14:19:47.167+0800: 12453971.145: [CMS-concurrent-mark: 2.738/2.738 secs] [Times: user=5.80 sys=0.11, real=2.74 secs] 
2020-08-01T14:19:47.167+0800: 12453971.145: [CMS-concurrent-preclean-start]
2020-08-01T14:19:47.175+0800: 12453971.153: [CMS-concurrent-preclean: 0.008/0.008 secs] [Times: user=0.01 sys=0.00, real=0.00 secs] 
2020-08-01T14:19:47.175+0800: 12453971.153: [CMS-concurrent-abortable-preclean-start]
 CMS: abort preclean due to time 2020-08-01T14:19:52.497+0800: 12453976.475: [CMS-concurrent-abortable-preclean: 4.418/5.322 secs] [Times: user=5.07 sys=0.33, real=5.32 secs] 
2020-08-01T14:19:52.499+0800: 12453976.477: [GC (CMS Final Remark) [YG occupancy: 354047 K (737280 K)]2020-08-01T14:19:52.499+0800: 12453976.477: [Rescan (parallel) , 0.0263666 secs]2020-08-01T14:19:52.525+0800: 12453976.503: [weak refs processing, 0.0000438 secs]2020-08-01T14:19:52.525+0800: 12453976.503: [class unloading, 0.0180183 secs]2020-08-01T14:19:52.543+0800: 12453976.521: [scrub symbol table, 0.0063067 secs]2020-08-01T14:19:52.550+0800: 12453976.527: [scrub string table, 0.0008998 secs][1 CMS-remark: 4445009K(5472256K)] 4799056K(6209536K), 0.0518004 secs] [Times: user=0.20 sys=0.00, real=0.05 secs] 
2020-08-01T14:19:52.551+0800: 12453976.529: [CMS-concurrent-sweep-start]
2020-08-01T14:19:54.245+0800: 12453978.223: [CMS-concurrent-sweep: 1.695/1.695 secs] [Times: user=1.84 sys=0.13, real=1.69 secs] 
2020-08-01T14:19:54.246+0800: 12453978.223: [CMS-concurrent-reset-start]
2020-08-01T14:19:54.265+0800: 12453978.243: [CMS-concurrent-reset: 0.019/0.019 secs] [Times: user=0.02 sys=0.01, real=0.02 secs] 
2020-08-01T14:19:56.265+0800: 12453980.243: [GC (CMS Initial Mark) [1 CMS-initial-mark: 4443606K(5472256K)] 4856622K(6209536K), 0.0236083 secs] [Times: user=0.16 sys=0.00, real=0.03 secs] 
2020-08-01T14:19:56.289+0800: 12453980.267: [CMS-concurrent-mark-start]
2020-08-01T14:19:59.100+0800: 12453983.078: [CMS-concurrent-mark: 2.811/2.811 secs] [Times: user=5.98 sys=0.04, real=2.81 secs] 
2020-08-01T14:19:59.100+0800: 12453983.078: [CMS-concurrent-preclean-start]
2020-08-01T14:19:59.108+0800: 12453983.085: [CMS-concurrent-preclean: 0.008/0.008 secs] [Times: user=0.01 sys=0.00, real=0.01 secs] 
2020-08-01T14:19:59.108+0800: 12453983.085: [CMS-concurrent-abortable-preclean-start]
 CMS: abort preclean due to time 2020-08-01T14:20:04.271+0800: 12453988.249: [CMS-concurrent-abortable-preclean: 4.159/5.163 secs] [Times: user=4.61 sys=0.36, real=5.16 secs] 
2020-08-01T14:20:04.273+0800: 12453988.251: [GC (CMS Final Remark) [YG occupancy: 510266 K (737280 K)]2020-08-01T14:20:04.273+0800: 12453988.251: [Rescan (parallel) , 0.0404923 secs]2020-08-01T14:20:04.313+0800: 12453988.291: [weak refs processing, 0.0000513 secs]2020-08-01T14:20:04.313+0800: 12453988.291: [class unloading, 0.0240713 secs]2020-08-01T14:20:04.337+0800: 12453988.315: [scrub symbol table, 0.0081581 secs]2020-08-01T14:20:04.346+0800: 12453988.324: [scrub string table, 0.0012392 secs][1 CMS-remark: 4443606K(5472256K)] 4953873K(6209536K), 0.0742169 secs] [Times: user=0.26 sys=0.00, real=0.08 secs] 
2020-08-01T14:20:04.347+0800: 12453988.325: [CMS-concurrent-sweep-start]
2020-08-01T14:20:06.081+0800: 12453990.059: [CMS-concurrent-sweep: 1.734/1.734 secs] [Times: user=1.91 sys=0.16, real=1.73 secs] 
2020-08-01T14:20:06.081+0800: 12453990.059: [CMS-concurrent-reset-start]
2020-08-01T14:20:06.100+0800: 12453990.078: [CMS-concurrent-reset: 0.019/0.019 secs] [Times: user=0.02 sys=0.00, real=0.02 secs] 
2020-08-01T14:20:08.101+0800: 12453992.078: [GC (CMS Initial Mark) [1 CMS-initial-mark: 4443461K(5472256K)] 5003385K(6209536K), 0.0290567 secs] [Times: user=0.21 sys=0.00, real=0.03 secs] 
2020-08-01T14:20:08.130+0800: 12453992.108: [CMS-concurrent-mark-start]
2020-08-01T14:20:12.326+0800: 12453996.304: [CMS-concurrent-mark: 4.196/4.196 secs] [Times: user=9.02 sys=0.33, real=4.19 secs] 
2020-08-01T14:20:12.326+0800: 12453996.304: [CMS-concurrent-preclean-start]
2020-08-01T14:20:12.334+0800: 12453996.312: [CMS-concurrent-preclean: 0.008/0.008 secs] [Times: user=0.01 sys=0.00, real=0.01 secs] 
2020-08-01T14:20:12.334+0800: 12453996.312: [CMS-concurrent-abortable-preclean-start]
2020-08-01T14:20:17.036+0800: 12454001.014: [GC (Allocation Failure) 2020-08-01T14:20:17.036+0800: 12454001.014: [ParNew: 737280K->81920K(737280K), 0.1161237 secs] 5180741K->4561087K(6209536K), 0.1163109 secs] [Times: user=0.59 sys=0.00, real=0.12 secs] 
 CMS: abort preclean due to time 2020-08-01T14:20:17.472+0800: 12454001.450: [CMS-concurrent-abortable-preclean: 4.031/5.139 secs] [Times: user=5.27 sys=0.55, real=5.14 secs] 
2020-08-01T14:20:17.474+0800: 12454001.452: [GC (CMS Final Remark) [YG occupancy: 95781 K (737280 K)]2020-08-01T14:20:17.474+0800: 12454001.452: [Rescan (parallel) , 0.0130851 secs]2020-08-01T14:20:17.487+0800: 12454001.465: [weak refs processing, 0.0000355 secs]2020-08-01T14:20:17.487+0800: 12454001.465: [class unloading, 0.0174642 secs]2020-08-01T14:20:17.505+0800: 12454001.483: [scrub symbol table, 0.0069792 secs]2020-08-01T14:20:17.512+0800: 12454001.490: [scrub string table, 0.0012976 secs][1 CMS-remark: 4479167K(5472256K)] 4574948K(6209536K), 0.0390262 secs] [Times: user=0.13 sys=0.00, real=0.04 secs] 
2020-08-01T14:20:17.513+0800: 12454001.491: [CMS-concurrent-sweep-start]
2020-08-01T14:20:19.146+0800: 12454003.124: [CMS-concurrent-sweep: 1.633/1.633 secs] [Times: user=1.81 sys=0.16, real=1.63 secs] 
2020-08-01T14:20:19.146+0800: 12454003.124: [CMS-concurrent-reset-start]
2020-08-01T14:20:19.165+0800: 12454003.143: [CMS-concurrent-reset: 0.018/0.018 secs] [Times: user=0.02 sys=0.00, real=0.02 secs] 
2020-08-01T14:20:21.166+0800: 12454005.143: [GC (CMS Initial Mark) [1 CMS-initial-mark: 4479165K(5472256K)] 4636076K(6209536K), 0.0107248 secs] [Times: user=0.06 sys=0.00, real=0.01 secs] 
2020-08-01T14:20:21.176+0800: 12454005.154: [CMS-concurrent-mark-start]
2020-08-01T14:20:23.972+0800: 12454007.950: [CMS-concurrent-mark: 2.795/2.795 secs] [Times: user=5.96 sys=0.29, real=2.80 secs] 
2020-08-01T14:20:23.972+0800: 12454007.950: [CMS-concurrent-preclean-start]
2020-08-01T14:20:23.980+0800: 12454007.958: [CMS-concurrent-preclean: 0.008/0.008 secs] [Times: user=0.01 sys=0.00, real=0.01 secs] 
2020-08-01T14:20:23.980+0800: 12454007.958: [CMS-concurrent-abortable-preclean-start]
 CMS: abort preclean due to time 2020-08-01T14:20:29.115+0800: 12454013.093: [CMS-concurrent-abortable-preclean: 4.130/5.135 secs] [Times: user=4.62 sys=0.53, real=5.13 secs] 
2020-08-01T14:20:29.117+0800: 12454013.094: [GC (CMS Final Remark) [YG occupancy: 266650 K (737280 K)]2020-08-01T14:20:29.117+0800: 12454013.095: [Rescan (parallel) , 0.0167992 secs]2020-08-01T14:20:29.134+0800: 12454013.111: [weak refs processing, 0.0000647 secs]2020-08-01T14:20:29.134+0800: 12454013.111: [class unloading, 0.0174420 secs]2020-08-01T14:20:29.151+0800: 12454013.129: [scrub symbol table, 0.0064076 secs]2020-08-01T14:20:29.157+0800: 12454013.135: [scrub string table, 0.0009005 secs][1 CMS-remark: 4479165K(5472256K)] 4745816K(6209536K), 0.0417878 secs] [Times: user=0.15 sys=0.00, real=0.04 secs] 
2020-08-01T14:20:29.159+0800: 12454013.137: [CMS-concurrent-sweep-start]
2020-08-01T14:20:30.869+0800: 12454014.847: [CMS-concurrent-sweep: 1.710/1.710 secs] [Times: user=1.77 sys=0.27, real=1.71 secs] 
2020-08-01T14:20:30.869+0800: 12454014.847: [CMS-concurrent-reset-start]
2020-08-01T14:20:30.888+0800: 12454014.866: [CMS-concurrent-reset: 0.019/0.019 secs] [Times: user=0.02 sys=0.00, real=0.02 secs] 
2020-08-01T14:20:32.889+0800: 12454016.867: [GC (CMS Initial Mark) [1 CMS-initial-mark: 4476558K(5472256K)] 4779569K(6209536K), 0.0174328 secs] [Times: user=0.12 sys=0.00, real=0.02 secs] 
2020-08-01T14:20:32.907+0800: 12454016.885: [CMS-concurrent-mark-start]
2020-08-01T14:20:35.680+0800: 12454019.658: [CMS-concurrent-mark: 2.773/2.773 secs] [Times: user=5.96 sys=0.29, real=2.77 secs] 
2020-08-01T14:20:35.680+0800: 12454019.658: [CMS-concurrent-preclean-start]
2020-08-01T14:20:35.688+0800: 12454019.666: [CMS-concurrent-preclean: 0.008/0.008 secs] [Times: user=0.00 sys=0.00, real=0.01 secs] 
2020-08-01T14:20:35.688+0800: 12454019.666: [CMS-concurrent-abortable-preclean-start]
 CMS: abort preclean due to time 2020-08-01T14:20:40.743+0800: 12454024.721: [CMS-concurrent-abortable-preclean: 4.554/5.055 secs] [Times: user=5.12 sys=0.64, real=5.05 secs] 
2020-08-01T14:20:40.745+0800: 12454024.723: [GC (CMS Final Remark) [YG occupancy: 427825 K (737280 K)]2020-08-01T14:20:40.745+0800: 12454024.723: [Rescan (parallel) , 0.0270114 secs]2020-08-01T14:20:40.772+0800: 12454024.750: [weak refs processing, 0.0000434 secs]2020-08-01T14:20:40.772+0800: 12454024.750: [class unloading, 0.0187499 secs]2020-08-01T14:20:40.791+0800: 12454024.769: [scrub symbol table, 0.0066506 secs]2020-08-01T14:20:40.798+0800: 12454024.776: [scrub string table, 0.0009454 secs][1 CMS-remark: 4476558K(5472256K)] 4904384K(6209536K), 0.0536243 secs] [Times: user=0.23 sys=0.00, real=0.06 secs] 
2020-08-01T14:20:40.799+0800: 12454024.777: [CMS-concurrent-sweep-start]
2020-08-01T14:20:42.533+0800: 12454026.511: [CMS-concurrent-sweep: 1.734/1.734 secs] [Times: user=1.88 sys=0.27, real=1.73 secs] 
2020-08-01T14:20:42.533+0800: 12454026.511: [CMS-concurrent-reset-start]
2020-08-01T14:20:42.553+0800: 12454026.531: [CMS-concurrent-reset: 0.020/0.020 secs] [Times: user=0.02 sys=0.00, real=0.02 secs] 
2020-08-01T14:20:44.554+0800: 12454028.532: [GC (CMS Initial Mark) [1 CMS-initial-mark: 4476389K(5472256K)] 4951400K(6209536K), 0.0279224 secs] [Times: user=0.20 sys=0.00, real=0.03 secs] 
2020-08-01T14:20:44.582+0800: 12454028.560: [CMS-concurrent-mark-start]
2020-08-01T14:20:47.343+0800: 12454031.321: [CMS-concurrent-mark: 2.761/2.761 secs] [Times: user=5.89 sys=0.06, real=2.76 secs] 
2020-08-01T14:20:47.343+0800: 12454031.321: [CMS-concurrent-preclean-start]
2020-08-01T14:20:47.352+0800: 12454031.330: [CMS-concurrent-preclean: 0.008/0.009 secs] [Times: user=0.01 sys=0.00, real=0.01 secs] 
2020-08-01T14:20:47.352+0800: 12454031.330: [CMS-concurrent-abortable-preclean-start]
 CMS: abort preclean due to time 2020-08-01T14:20:52.602+0800: 12454036.580: [CMS-concurrent-abortable-preclean: 4.449/5.250 secs] [Times: user=5.03 sys=0.40, real=5.25 secs] 
2020-08-01T14:20:52.603+0800: 12454036.581: [GC (CMS Final Remark) [YG occupancy: 606553 K (737280 K)]2020-08-01T14:20:52.604+0800: 12454036.581: [Rescan (parallel) , 0.0376314 secs]2020-08-01T14:20:52.641+0800: 12454036.619: [weak refs processing, 0.0000465 secs]2020-08-01T14:20:52.641+0800: 12454036.619: [class unloading, 0.0186237 secs]2020-08-01T14:20:52.660+0800: 12454036.638: [scrub symbol table, 0.0065946 secs]2020-08-01T14:20:52.667+0800: 12454036.644: [scrub string table, 0.0009290 secs][1 CMS-remark: 4476389K(5472256K)] 5082943K(6209536K), 0.0640282 secs] [Times: user=0.31 sys=0.00, real=0.07 secs] 
2020-08-01T14:20:52.668+0800: 12454036.646: [CMS-concurrent-sweep-start]
2020-08-01T14:20:54.406+0800: 12454038.384: [CMS-concurrent-sweep: 1.738/1.738 secs] [Times: user=1.88 sys=0.18, real=1.73 secs] 
2020-08-01T14:20:54.406+0800: 12454038.384: [CMS-concurrent-reset-start]
2020-08-01T14:20:54.426+0800: 12454038.404: [CMS-concurrent-reset: 0.020/0.020 secs] [Times: user=0.02 sys=0.01, real=0.02 secs] 
2020-08-01T14:20:56.426+0800: 12454040.404: [GC (CMS Initial Mark) [1 CMS-initial-mark: 4476384K(5472256K)] 5136732K(6209536K), 0.0347516 secs] [Times: user=0.27 sys=0.00, real=0.04 secs] 
2020-08-01T14:20:56.461+0800: 12454040.439: [CMS-concurrent-mark-start]
2020-08-01T14:20:59.232+0800: 12454043.210: [CMS-concurrent-mark: 2.771/2.771 secs] [Times: user=5.96 sys=0.21, real=2.77 secs] 
2020-08-01T14:20:59.232+0800: 12454043.210: [CMS-concurrent-preclean-start]
2020-08-01T14:20:59.241+0800: 12454043.218: [CMS-concurrent-preclean: 0.008/0.008 secs] [Times: user=0.01 sys=0.00, real=0.01 secs] 
2020-08-01T14:20:59.241+0800: 12454043.219: [CMS-concurrent-abortable-preclean-start]
2020-08-01T14:20:59.687+0800: 12454043.665: [GC (Allocation Failure) 2020-08-01T14:20:59.687+0800: 12454043.665: [ParNew2020-08-01T14:20:59.702+0800: 12454043.680: [CMS-concurrent-abortable-preclean: 0.360/0.462 secs] [Times: user=0.56 sys=0.24, real=0.46 secs] 
: 737280K->81920K(737280K), 0.1255956 secs] 5213664K->4598551K(6209536K), 0.1258399 secs] [Times: user=0.61 sys=0.01, real=0.12 secs] 
2020-08-01T14:20:59.815+0800: 12454043.793: [GC (CMS Final Remark) [YG occupancy: 90952 K (737280 K)]2020-08-01T14:20:59.815+0800: 12454043.793: [Rescan (parallel) , 0.0322894 secs]2020-08-01T14:20:59.847+0800: 12454043.825: [weak refs processing, 0.0000395 secs]2020-08-01T14:20:59.847+0800: 12454043.825: [class unloading, 0.0188071 secs]2020-08-01T14:20:59.866+0800: 12454043.844: [scrub symbol table, 0.0071513 secs]2020-08-01T14:20:59.873+0800: 12454043.851: [scrub string table, 0.0009124 secs][1 CMS-remark: 4516631K(5472256K)] 4607583K(6209536K), 0.0593737 secs] [Times: user=0.20 sys=0.00, real=0.06 secs] 
2020-08-01T14:20:59.874+0800: 12454043.852: [CMS-concurrent-sweep-start]
2020-08-01T14:21:01.559+0800: 12454045.537: [CMS-concurrent-sweep: 1.683/1.685 secs] [Times: user=1.97 sys=0.27, real=1.69 secs] 
2020-08-01T14:21:01.559+0800: 12454045.537: [CMS-concurrent-reset-start]
2020-08-01T14:21:01.580+0800: 12454045.558: [CMS-concurrent-reset: 0.021/0.021 secs] [Times: user=0.02 sys=0.01, real=0.02 secs] 
2020-08-01T14:21:04.679+0800: 12454048.656: [GC (CMS Initial Mark) [1 CMS-initial-mark: 4516629K(5472256K)] 4659068K(6209536K), 0.0107102 secs] [Times: user=0.05 sys=0.00, real=0.01 secs] 
2020-08-01T14:21:04.689+0800: 12454048.667: [CMS-concurrent-mark-start]
2020-08-01T14:21:07.663+0800: 12454051.640: [CMS-concurrent-mark: 2.973/2.973 secs] [Times: user=6.41 sys=0.60, real=2.97 secs] 
2020-08-01T14:21:07.663+0800: 12454051.640: [CMS-concurrent-preclean-start]
2020-08-01T14:21:07.671+0800: 12454051.649: [CMS-concurrent-preclean: 0.009/0.009 secs] [Times: user=0.01 sys=0.00, real=0.01 secs] 
2020-08-01T14:21:07.672+0800: 12454051.649: [CMS-concurrent-abortable-preclean-start]
 CMS: abort preclean due to time 2020-08-01T14:21:12.970+0800: 12454056.948: [CMS-concurrent-abortable-preclean: 3.992/5.299 secs] [Times: user=4.60 sys=0.96, real=5.30 secs] 
2020-08-01T14:21:12.972+0800: 12454056.950: [GC (CMS Final Remark) [YG occupancy: 268282 K (737280 K)]2020-08-01T14:21:12.972+0800: 12454056.950: [Rescan (parallel) , 0.0211783 secs]2020-08-01T14:21:12.993+0800: 12454056.971: [weak refs processing, 0.0000692 secs]2020-08-01T14:21:12.993+0800: 12454056.971: [class unloading, 0.0178446 secs]2020-08-01T14:21:13.011+0800: 12454056.989: [scrub symbol table, 0.0062214 secs]2020-08-01T14:21:13.017+0800: 12454056.995: [scrub string table, 0.0009061 secs][1 CMS-remark: 4516629K(5472256K)] 4784911K(6209536K), 0.0464084 secs] [Times: user=0.18 sys=0.00, real=0.05 secs] 
2020-08-01T14:21:13.019+0800: 12454056.997: [CMS-concurrent-sweep-start]
2020-08-01T14:21:14.687+0800: 12454058.665: [CMS-concurrent-sweep: 1.668/1.668 secs] [Times: user=1.88 sys=0.37, real=1.67 secs] 
2020-08-01T14:21:14.687+0800: 12454058.665: [CMS-concurrent-reset-start]
2020-08-01T14:21:14.706+0800: 12454058.684: [CMS-concurrent-reset: 0.019/0.019 secs] [Times: user=0.02 sys=0.00, real=0.01 secs] 
2020-08-01T14:21:16.707+0800: 12454060.685: [GC (CMS Initial Mark) [1 CMS-initial-mark: 4513780K(5472256K)] 4878060K(6209536K), 0.0268499 secs] [Times: user=0.14 sys=0.00, real=0.02 secs] 
2020-08-01T14:21:16.734+0800: 12454060.712: [CMS-concurrent-mark-start]
2020-08-01T14:21:19.592+0800: 12454063.570: [CMS-concurrent-mark: 2.858/2.858 secs] [Times: user=6.11 sys=0.40, real=2.86 secs] 
2020-08-01T14:21:19.592+0800: 12454063.570: [CMS-concurrent-preclean-start]
2020-08-01T14:21:19.600+0800: 12454063.578: [CMS-concurrent-preclean: 0.008/0.008 secs] [Times: user=0.01 sys=0.00, real=0.01 secs] 
2020-08-01T14:21:19.600+0800: 12454063.578: [CMS-concurrent-abortable-preclean-start]
 CMS: abort preclean due to time 2020-08-01T14:21:24.931+0800: 12454068.909: [CMS-concurrent-abortable-preclean: 3.930/5.331 secs] [Times: user=4.39 sys=0.63, real=5.33 secs] 
2020-08-01T14:21:24.933+0800: 12454068.911: [GC (CMS Final Remark) [YG occupancy: 487159 K (737280 K)]2020-08-01T14:21:24.933+0800: 12454068.911: [Rescan (parallel) , 0.0374215 secs]2020-08-01T14:21:24.970+0800: 12454068.948: [weak refs processing, 0.0000454 secs]2020-08-01T14:21:24.970+0800: 12454068.948: [class unloading, 0.0177150 secs]2020-08-01T14:21:24.988+0800: 12454068.966: [scrub symbol table, 0.0063132 secs]2020-08-01T14:21:24.994+0800: 12454068.972: [scrub string table, 0.0008967 secs][1 CMS-remark: 4513780K(5472256K)] 5000940K(6209536K), 0.0625874 secs] [Times: user=0.28 sys=0.00, real=0.06 secs] 
2020-08-01T14:21:24.995+0800: 12454068.973: [CMS-concurrent-sweep-start]
2020-08-01T14:21:26.623+0800: 12454070.601: [CMS-concurrent-sweep: 1.627/1.627 secs] [Times: user=1.80 sys=0.22, real=1.63 secs] 
2020-08-01T14:21:26.623+0800: 12454070.601: [CMS-concurrent-reset-start]
2020-08-01T14:21:26.642+0800: 12454070.620: [CMS-concurrent-reset: 0.019/0.019 secs] [Times: user=0.02 sys=0.00, real=0.02 secs] 
2020-08-01T14:21:28.643+0800: 12454072.621: [GC (CMS Initial Mark) [1 CMS-initial-mark: 4513736K(5472256K)] 5066271K(6209536K), 0.0322015 secs] [Times: user=0.21 sys=0.00, real=0.03 secs] 
2020-08-01T14:21:28.675+0800: 12454072.653: [CMS-concurrent-mark-start]
2020-08-01T14:21:31.452+0800: 12454075.430: [CMS-concurrent-mark: 2.777/2.777 secs] [Times: user=5.93 sys=0.34, real=2.78 secs] 
2020-08-01T14:21:31.452+0800: 12454075.430: [CMS-concurrent-preclean-start]
2020-08-01T14:21:31.461+0800: 12454075.438: [CMS-concurrent-preclean: 0.008/0.008 secs] [Times: user=0.01 sys=0.00, real=0.01 secs] 
2020-08-01T14:21:31.461+0800: 12454075.439: [CMS-concurrent-abortable-preclean-start]
 CMS: abort preclean due to time 2020-08-01T14:21:36.553+0800: 12454080.530: [CMS-concurrent-abortable-preclean: 3.791/5.092 secs] [Times: user=4.23 sys=0.75, real=5.09 secs] 
2020-08-01T14:21:36.554+0800: 12454080.532: [GC (CMS Final Remark) [YG occupancy: 673469 K (737280 K)]2020-08-01T14:21:36.554+0800: 12454080.532: [Rescan (parallel) , 0.0491950 secs]2020-08-01T14:21:36.603+0800: 12454080.581: [weak refs processing, 0.0000390 secs]2020-08-01T14:21:36.603+0800: 12454080.581: [class unloading, 0.0174834 secs]2020-08-01T14:21:36.621+0800: 12454080.599: [scrub symbol table, 0.0063258 secs]2020-08-01T14:21:36.627+0800: 12454080.605: [scrub string table, 0.0008661 secs][1 CMS-remark: 4513736K(5472256K)] 5187206K(6209536K), 0.0740786 secs] [Times: user=0.37 sys=0.00, real=0.08 secs] 
2020-08-01T14:21:36.628+0800: 12454080.606: [CMS-concurrent-sweep-start]
2020-08-01T14:21:38.291+0800: 12454082.269: [CMS-concurrent-sweep: 1.663/1.663 secs] [Times: user=1.82 sys=0.20, real=1.66 secs] 
2020-08-01T14:21:38.291+0800: 12454082.269: [CMS-concurrent-reset-start]
2020-08-01T14:21:38.311+0800: 12454082.288: [CMS-concurrent-reset: 0.019/0.019 secs] [Times: user=0.02 sys=0.00, real=0.02 secs] 
2020-08-01T14:21:40.311+0800: 12454084.289: [GC (CMS Initial Mark) [1 CMS-initial-mark: 4513725K(5472256K)] 5238872K(6209536K), 0.0362997 secs] [Times: user=0.26 sys=0.01, real=0.04 secs] 
2020-08-01T14:21:40.348+0800: 12454084.325: [CMS-concurrent-mark-start]
2020-08-01T14:21:41.970+0800: 12454085.948: [GC (Allocation Failure) 2020-08-01T14:21:41.970+0800: 12454085.948: [ParNew: 737280K->78272K(737280K), 0.0831149 secs] 5251005K->4619493K(6209536K), 0.0832915 secs] [Times: user=0.50 sys=0.00, real=0.08 secs] 
2020-08-01T14:21:43.181+0800: 12454087.158: [CMS-concurrent-mark: 2.747/2.833 secs] [Times: user=6.25 sys=0.20, real=2.83 secs] 
2020-08-01T14:21:43.181+0800: 12454087.159: [CMS-concurrent-preclean-start]
2020-08-01T14:21:43.214+0800: 12454087.192: [CMS-concurrent-preclean: 0.032/0.033 secs] [Times: user=0.05 sys=0.00, real=0.03 secs] 
2020-08-01T14:21:43.214+0800: 12454087.192: [CMS-concurrent-abortable-preclean-start]
 CMS: abort preclean due to time 2020-08-01T14:21:48.222+0800: 12454092.200: [CMS-concurrent-abortable-preclean: 3.805/5.008 secs] [Times: user=4.25 sys=0.44, real=5.01 secs] 
2020-08-01T14:21:48.224+0800: 12454092.201: [GC (CMS Final Remark) [YG occupancy: 157403 K (737280 K)]2020-08-01T14:21:48.224+0800: 12454092.201: [Rescan (parallel) , 0.0129886 secs]2020-08-01T14:21:48.237+0800: 12454092.214: [weak refs processing, 0.0000439 secs]2020-08-01T14:21:48.237+0800: 12454092.215: [class unloading, 0.0179792 secs]2020-08-01T14:21:48.255+0800: 12454092.233: [scrub symbol table, 0.0068777 secs]2020-08-01T14:21:48.262+0800: 12454092.239: [scrub string table, 0.0010111 secs][1 CMS-remark: 4541220K(5472256K)] 4698624K(6209536K), 0.0390800 secs] [Times: user=0.12 sys=0.00, real=0.04 secs] 
2020-08-01T14:21:48.263+0800: 12454092.241: [CMS-concurrent-sweep-start]
2020-08-01T14:21:50.045+0800: 12454094.023: [CMS-concurrent-sweep: 1.782/1.782 secs] [Times: user=1.95 sys=0.15, real=1.78 secs] 
2020-08-01T14:21:50.045+0800: 12454094.023: [CMS-concurrent-reset-start]
2020-08-01T14:21:50.064+0800: 12454094.042: [CMS-concurrent-reset: 0.019/0.019 secs] [Times: user=0.02 sys=0.00, real=0.02 secs] 
2020-08-01T14:21:52.065+0800: 12454096.043: [GC (CMS Initial Mark) [1 CMS-initial-mark: 4541089K(5472256K)] 4755682K(6209536K), 0.0130023 secs] [Times: user=0.08 sys=0.00, real=0.01 secs] 
2020-08-01T14:21:52.078+0800: 12454096.056: [CMS-concurrent-mark-start]
2020-08-01T14:21:54.851+0800: 12454098.829: [CMS-concurrent-mark: 2.773/2.773 secs] [Times: user=5.85 sys=0.25, real=2.78 secs] 
2020-08-01T14:21:54.851+0800: 12454098.829: [CMS-concurrent-preclean-start]
2020-08-01T14:21:54.859+0800: 12454098.837: [CMS-concurrent-preclean: 0.009/0.009 secs] [Times: user=0.01 sys=0.00, real=0.01 secs] 
2020-08-01T14:21:54.860+0800: 12454098.837: [CMS-concurrent-abortable-preclean-start]
 CMS: abort preclean due to time 2020-08-01T14:21:59.906+0800: 12454103.884: [CMS-concurrent-abortable-preclean: 3.644/5.047 secs] [Times: user=3.95 sys=0.53, real=5.04 secs] 
2020-08-01T14:21:59.908+0800: 12454103.886: [GC (CMS Final Remark) [YG occupancy: 287958 K (737280 K)]2020-08-01T14:21:59.908+0800: 12454103.886: [Rescan (parallel) , 0.0213394 secs]2020-08-01T14:21:59.929+0800: 12454103.907: [weak refs processing, 0.0000686 secs]2020-08-01T14:21:59.929+0800: 12454103.907: [class unloading, 0.0184174 secs]2020-08-01T14:21:59.948+0800: 12454103.926: [scrub symbol table, 0.0066279 secs]2020-08-01T14:21:59.954+0800: 12454103.932: [scrub string table, 0.0009617 secs][1 CMS-remark: 4541089K(5472256K)] 4829047K(6209536K), 0.0475913 secs] [Times: user=0.18 sys=0.00, real=0.04 secs] 
2020-08-01T14:21:59.956+0800: 12454103.934: [CMS-concurrent-sweep-start]
2020-08-01T14:22:01.663+0800: 12454105.641: [CMS-concurrent-sweep: 1.708/1.708 secs] [Times: user=1.84 sys=0.09, real=1.71 secs] 
2020-08-01T14:22:01.663+0800: 12454105.641: [CMS-concurrent-reset-start]
2020-08-01T14:22:01.682+0800: 12454105.660: [CMS-concurrent-reset: 0.019/0.019 secs] [Times: user=0.02 sys=0.01, real=0.02 secs] 
2020-08-01T14:22:03.684+0800: 12454107.661: [GC (CMS Initial Mark) [1 CMS-initial-mark: 4540437K(5472256K)] 4896762K(6209536K), 0.0192295 secs] [Times: user=0.13 sys=0.00, real=0.02 secs] 
2020-08-01T14:22:03.703+0800: 12454107.681: [CMS-concurrent-mark-start]
2020-08-01T14:22:08.003+0800: 12454111.981: [CMS-concurrent-mark: 4.300/4.300 secs] [Times: user=9.04 sys=0.12, real=4.30 secs] 
2020-08-01T14:22:08.003+0800: 12454111.981: [CMS-concurrent-preclean-start]
2020-08-01T14:22:08.011+0800: 12454111.989: [CMS-concurrent-preclean: 0.008/0.008 secs] [Times: user=0.01 sys=0.00, real=0.01 secs] 
2020-08-01T14:22:08.011+0800: 12454111.989: [CMS-concurrent-abortable-preclean-start]
 CMS: abort preclean due to time 2020-08-01T14:22:13.036+0800: 12454117.013: [CMS-concurrent-abortable-preclean: 3.522/5.025 secs] [Times: user=3.99 sys=0.34, real=5.02 secs] 
2020-08-01T14:22:13.037+0800: 12454117.015: [GC (CMS Final Remark) [YG occupancy: 499382 K (737280 K)]2020-08-01T14:22:13.037+0800: 12454117.015: [Rescan (parallel) , 0.0336954 secs]2020-08-01T14:22:13.071+0800: 12454117.049: [weak refs processing, 0.0000380 secs]2020-08-01T14:22:13.071+0800: 12454117.049: [class unloading, 0.0175764 secs]2020-08-01T14:22:13.089+0800: 12454117.067: [scrub symbol table, 0.0062696 secs]2020-08-01T14:22:13.095+0800: 12454117.073: [scrub string table, 0.0008915 secs][1 CMS-remark: 4540437K(5472256K)] 5039820K(6209536K), 0.0586714 secs] [Times: user=0.22 sys=0.00, real=0.06 secs] 
2020-08-01T14:22:13.096+0800: 12454117.074: [CMS-concurrent-sweep-start]
2020-08-01T14:22:14.755+0800: 12454118.733: [CMS-concurrent-sweep: 1.659/1.659 secs] [Times: user=1.87 sys=0.09, real=1.66 secs] 
2020-08-01T14:22:14.755+0800: 12454118.733: [CMS-concurrent-reset-start]
2020-08-01T14:22:14.775+0800: 12454118.752: [CMS-concurrent-reset: 0.019/0.019 secs] [Times: user=0.02 sys=0.01, real=0.02 secs] 
2020-08-01T14:22:16.775+0800: 12454120.753: [GC (CMS Initial Mark) [1 CMS-initial-mark: 4540415K(5472256K)] 5107769K(6209536K), 0.0308780 secs] [Times: user=0.19 sys=0.01, real=0.03 secs] 
2020-08-01T14:22:16.806+0800: 12454120.784: [CMS-concurrent-mark-start]
2020-08-01T14:22:19.636+0800: 12454123.614: [CMS-concurrent-mark: 2.830/2.830 secs] [Times: user=6.02 sys=0.09, real=2.83 secs] 
2020-08-01T14:22:19.636+0800: 12454123.614: [CMS-concurrent-preclean-start]
2020-08-01T14:22:19.644+0800: 12454123.622: [CMS-concurrent-preclean: 0.008/0.008 secs] [Times: user=0.01 sys=0.00, real=0.01 secs] 
2020-08-01T14:22:19.644+0800: 12454123.622: [CMS-concurrent-abortable-preclean-start]
 CMS: abort preclean due to time 2020-08-01T14:22:24.701+0800: 12454128.679: [CMS-concurrent-abortable-preclean: 3.823/5.057 secs] [Times: user=4.41 sys=0.48, real=5.06 secs] 
2020-08-01T14:22:24.703+0800: 12454128.681: [GC (CMS Final Remark) [YG occupancy: 687205 K (737280 K)]2020-08-01T14:22:24.703+0800: 12454128.681: [Rescan (parallel) , 0.0404053 secs]2020-08-01T14:22:24.743+0800: 12454128.721: [weak refs processing, 0.0000379 secs]2020-08-01T14:22:24.743+0800: 12454128.721: [class unloading, 0.0179853 secs]2020-08-01T14:22:24.761+0800: 12454128.739: [scrub symbol table, 0.0063698 secs]2020-08-01T14:22:24.768+0800: 12454128.746: [scrub string table, 0.0010794 secs][1 CMS-remark: 4540415K(5472256K)] 5227621K(6209536K), 0.0660769 secs] [Times: user=0.32 sys=0.00, real=0.07 secs] 
2020-08-01T14:22:24.769+0800: 12454128.747: [CMS-concurrent-sweep-start]
2020-08-01T14:22:26.477+0800: 12454130.454: [CMS-concurrent-sweep: 1.707/1.707 secs] [Times: user=1.92 sys=0.20, real=1.70 secs] 
2020-08-01T14:22:26.477+0800: 12454130.454: [CMS-concurrent-reset-start]
2020-08-01T14:22:26.496+0800: 12454130.474: [CMS-concurrent-reset: 0.019/0.019 secs] [Times: user=0.02 sys=0.01, real=0.02 secs] 
2020-08-01T14:22:27.880+0800: 12454131.858: [GC (Allocation Failure) 2020-08-01T14:22:27.880+0800: 12454131.858: [ParNew: 733632K->70162K(737280K), 0.0941364 secs] 5274047K->4638688K(6209536K), 0.0943539 secs] [Times: user=0.61 sys=0.00, real=0.09 secs] 
2020-08-01T14:22:27.976+0800: 12454131.954: [GC (CMS Initial Mark) [1 CMS-initial-mark: 4568525K(5472256K)] 4646434K(6209536K), 0.0066787 secs] [Times: user=0.04 sys=0.00, real=0.01 secs] 
2020-08-01T14:22:27.983+0800: 12454131.961: [CMS-concurrent-mark-start]
2020-08-01T14:22:32.302+0800: 12454136.280: [CMS-concurrent-mark: 4.315/4.319 secs] [Times: user=9.15 sys=0.27, real=4.32 secs] 
2020-08-01T14:22:32.302+0800: 12454136.280: [CMS-concurrent-preclean-start]
2020-08-01T14:22:32.310+0800: 12454136.288: [CMS-concurrent-preclean: 0.008/0.008 secs] [Times: user=0.01 sys=0.00, real=0.01 secs] 
2020-08-01T14:22:32.310+0800: 12454136.288: [CMS-concurrent-abortable-preclean-start]
 CMS: abort preclean due to time 2020-08-01T14:22:37.514+0800: 12454141.492: [CMS-concurrent-abortable-preclean: 3.702/5.203 secs] [Times: user=4.12 sys=0.21, real=5.20 secs] 
2020-08-01T14:22:37.515+0800: 12454141.493: [GC (CMS Final Remark) [YG occupancy: 190849 K (737280 K)]2020-08-01T14:22:37.515+0800: 12454141.493: [Rescan (parallel) , 0.0264083 secs]2020-08-01T14:22:37.542+0800: 12454141.520: [weak refs processing, 0.0000951 secs]2020-08-01T14:22:37.542+0800: 12454141.520: [class unloading, 0.0176519 secs]2020-08-01T14:22:37.560+0800: 12454141.537: [scrub symbol table, 0.0061959 secs]2020-08-01T14:22:37.566+0800: 12454141.544: [scrub string table, 0.0010015 secs][1 CMS-remark: 4568525K(5472256K)] 4759375K(6209536K), 0.0515291 secs] [Times: user=0.20 sys=0.00, real=0.06 secs] 
2020-08-01T14:22:37.567+0800: 12454141.545: [CMS-concurrent-sweep-start]
2020-08-01T14:22:39.248+0800: 12454143.226: [CMS-concurrent-sweep: 1.681/1.681 secs] [Times: user=1.89 sys=0.11, real=1.68 secs] 
2020-08-01T14:22:39.248+0800: 12454143.226: [CMS-concurrent-reset-start]
2020-08-01T14:22:39.267+0800: 12454143.245: [CMS-concurrent-reset: 0.019/0.019 secs] [Times: user=0.02 sys=0.00, real=0.02 secs] 
2020-08-01T14:22:41.268+0800: 12454145.246: [GC (CMS Initial Mark) [1 CMS-initial-mark: 4567952K(5472256K)] 4813541K(6209536K), 0.0156755 secs] [Times: user=0.11 sys=0.00, real=0.01 secs] 
2020-08-01T14:22:41.284+0800: 12454145.262: [CMS-concurrent-mark-start]
2020-08-01T14:22:45.667+0800: 12454149.644: [CMS-concurrent-mark: 4.383/4.383 secs] [Times: user=9.09 sys=0.43, real=4.39 secs] 
2020-08-01T14:22:45.667+0800: 12454149.644: [CMS-concurrent-preclean-start]
2020-08-01T14:22:45.675+0800: 12454149.652: [CMS-concurrent-preclean: 0.008/0.008 secs] [Times: user=0.01 sys=0.01, real=0.00 secs] 
2020-08-01T14:22:45.675+0800: 12454149.652: [CMS-concurrent-abortable-preclean-start]
 CMS: abort preclean due to time 2020-08-01T14:22:50.785+0800: 12454154.763: [CMS-concurrent-abortable-preclean: 3.609/5.110 secs] [Times: user=4.15 sys=0.54, real=5.11 secs] 
2020-08-01T14:22:50.787+0800: 12454154.765: [GC (CMS Final Remark) [YG occupancy: 358211 K (737280 K)]2020-08-01T14:22:50.787+0800: 12454154.765: [Rescan (parallel) , 0.0446691 secs]2020-08-01T14:22:50.832+0800: 12454154.809: [weak refs processing, 0.0000458 secs]2020-08-01T14:22:50.832+0800: 12454154.809: [class unloading, 0.0194408 secs]2020-08-01T14:22:50.851+0800: 12454154.829: [scrub symbol table, 0.0064759 secs]2020-08-01T14:22:50.858+0800: 12454154.835: [scrub string table, 0.0011139 secs][1 CMS-remark: 4567952K(5472256K)] 4926164K(6209536K), 0.0719313 secs] [Times: user=0.35 sys=0.00, real=0.07 secs] 
2020-08-01T14:22:50.859+0800: 12454154.837: [CMS-concurrent-sweep-start]
2020-08-01T14:22:52.619+0800: 12454156.597: [CMS-concurrent-sweep: 1.760/1.760 secs] [Times: user=1.97 sys=0.25, real=1.76 secs] 
2020-08-01T14:22:52.619+0800: 12454156.597: [CMS-concurrent-reset-start]
2020-08-01T14:22:52.638+0800: 12454156.616: [CMS-concurrent-reset: 0.019/0.019 secs] [Times: user=0.01 sys=0.00, real=0.01 secs] 
2020-08-01T14:22:54.639+0800: 12454158.617: [GC (CMS Initial Mark) [1 CMS-initial-mark: 4567812K(5472256K)] 4977645K(6209536K), 0.0266672 secs] [Times: user=0.19 sys=0.00, real=0.02 secs] 
2020-08-01T14:22:54.666+0800: 12454158.644: [CMS-concurrent-mark-start]
2020-08-01T14:22:58.231+0800: 12454162.209: [CMS-concurrent-mark: 3.565/3.565 secs] [Times: user=7.62 sys=0.34, real=3.57 secs] 
2020-08-01T14:22:58.231+0800: 12454162.209: [CMS-concurrent-preclean-start]
2020-08-01T14:22:58.239+0800: 12454162.216: [CMS-concurrent-preclean: 0.008/0.008 secs] [Times: user=0.01 sys=0.00, real=0.01 secs] 
2020-08-01T14:22:58.239+0800: 12454162.216: [CMS-concurrent-abortable-preclean-start]
 CMS: abort preclean due to time 2020-08-01T14:23:03.375+0800: 12454167.352: [CMS-concurrent-abortable-preclean: 3.735/5.136 secs] [Times: user=4.16 sys=0.61, real=5.13 secs] 
2020-08-01T14:23:03.377+0800: 12454167.354: [GC (CMS Final Remark) [YG occupancy: 504324 K (737280 K)]2020-08-01T14:23:03.377+0800: 12454167.354: [Rescan (parallel) , 0.0432515 secs]2020-08-01T14:23:03.420+0800: 12454167.398: [weak refs processing, 0.0000467 secs]2020-08-01T14:23:03.420+0800: 12454167.398: [class unloading, 0.0175938 secs]2020-08-01T14:23:03.438+0800: 12454167.415: [scrub symbol table, 0.0063174 secs]2020-08-01T14:23:03.444+0800: 12454167.422: [scrub string table, 0.0008886 secs][1 CMS-remark: 4567812K(5472256K)] 5072137K(6209536K), 0.0682954 secs] [Times: user=0.28 sys=0.00, real=0.07 secs] 
2020-08-01T14:23:03.445+0800: 12454167.423: [CMS-concurrent-sweep-start]
2020-08-01T14:23:05.122+0800: 12454169.100: [CMS-concurrent-sweep: 1.677/1.677 secs] [Times: user=1.84 sys=0.28, real=1.68 secs] 
2020-08-01T14:23:05.122+0800: 12454169.100: [CMS-concurrent-reset-start]
2020-08-01T14:23:05.141+0800: 12454169.119: [CMS-concurrent-reset: 0.019/0.019 secs] [Times: user=0.02 sys=0.00, real=0.02 secs] 
2020-08-01T14:23:07.142+0800: 12454171.119: [GC (CMS Initial Mark) [1 CMS-initial-mark: 4567812K(5472256K)] 5108678K(6209536K), 0.0424939 secs] [Times: user=0.24 sys=0.00, real=0.04 secs] 
2020-08-01T14:23:07.184+0800: 12454171.162: [CMS-concurrent-mark-start]
2020-08-01T14:23:10.161+0800: 12454174.139: [CMS-concurrent-mark: 2.977/2.977 secs] [Times: user=6.27 sys=0.32, real=2.98 secs] 
2020-08-01T14:23:10.161+0800: 12454174.139: [CMS-concurrent-preclean-start]
2020-08-01T14:23:10.169+0800: 12454174.147: [CMS-concurrent-preclean: 0.008/0.008 secs] [Times: user=0.01 sys=0.00, real=0.01 secs] 
2020-08-01T14:23:10.170+0800: 12454174.147: [CMS-concurrent-abortable-preclean-start]
 CMS: abort preclean due to time 2020-08-01T14:23:15.439+0800: 12454179.416: [CMS-concurrent-abortable-preclean: 3.824/5.269 secs] [Times: user=4.34 sys=0.40, real=5.27 secs] 
2020-08-01T14:23:15.440+0800: 12454179.418: [GC (CMS Final Remark) [YG occupancy: 616419 K (737280 K)]2020-08-01T14:23:15.440+0800: 12454179.418: [Rescan (parallel) , 0.0444101 secs]2020-08-01T14:23:15.485+0800: 12454179.463: [weak refs processing, 0.0000375 secs]2020-08-01T14:23:15.485+0800: 12454179.463: [class unloading, 0.0177505 secs]2020-08-01T14:23:15.503+0800: 12454179.480: [scrub symbol table, 0.0061762 secs]2020-08-01T14:23:15.509+0800: 12454179.487: [scrub string table, 0.0009050 secs][1 CMS-remark: 4567812K(5472256K)] 5184232K(6209536K), 0.0694796 secs] [Times: user=0.35 sys=0.00, real=0.07 secs] 
2020-08-01T14:23:15.510+0800: 12454179.488: [CMS-concurrent-sweep-start]
2020-08-01T14:23:17.165+0800: 12454181.143: [CMS-concurrent-sweep: 1.655/1.655 secs] [Times: user=1.82 sys=0.13, real=1.65 secs] 
2020-08-01T14:23:17.165+0800: 12454181.143: [CMS-concurrent-reset-start]
2020-08-01T14:23:17.184+0800: 12454181.162: [CMS-concurrent-reset: 0.019/0.019 secs] [Times: user=0.02 sys=0.00, real=0.02 secs] 
2020-08-01T14:23:19.185+0800: 12454183.163: [GC (CMS Initial Mark) [1 CMS-initial-mark: 4567810K(5472256K)] 5226548K(6209536K), 0.0531690 secs] [Times: user=0.31 sys=0.00, real=0.05 secs] 
2020-08-01T14:23:19.238+0800: 12454183.216: [CMS-concurrent-mark-start]
2020-08-01T14:23:21.991+0800: 12454185.969: [CMS-concurrent-mark: 2.753/2.753 secs] [Times: user=5.88 sys=0.16, real=2.76 secs] 
2020-08-01T14:23:21.991+0800: 12454185.969: [CMS-concurrent-preclean-start]
2020-08-01T14:23:21.999+0800: 12454185.977: [CMS-concurrent-preclean: 0.008/0.008 secs] [Times: user=0.00 sys=0.00, real=0.01 secs] 
2020-08-01T14:23:21.999+0800: 12454185.977: [CMS-concurrent-abortable-preclean-start]
2020-08-01T14:23:25.260+0800: 12454189.238: [GC (Allocation Failure) 2020-08-01T14:23:25.260+0800: 12454189.238: [ParNew: 725522K->81920K(737280K), 0.0959207 secs] 5293333K->4674283K(6209536K), 0.0960919 secs] [Times: user=0.51 sys=0.00, real=0.09 secs] 
 CMS: abort preclean due to time 2020-08-01T14:23:27.065+0800: 12454191.043: [CMS-concurrent-abortable-preclean: 3.564/5.066 secs] [Times: user=4.52 sys=0.48, real=5.06 secs] 
2020-08-01T14:23:27.066+0800: 12454191.044: [GC (CMS Final Remark) [YG occupancy: 104969 K (737280 K)]2020-08-01T14:23:27.067+0800: 12454191.044: [Rescan (parallel) , 0.0169573 secs]2020-08-01T14:23:27.084+0800: 12454191.061: [weak refs processing, 0.0000436 secs]2020-08-01T14:23:27.084+0800: 12454191.061: [class unloading, 0.0172148 secs]2020-08-01T14:23:27.101+0800: 12454191.079: [scrub symbol table, 0.0062850 secs]2020-08-01T14:23:27.107+0800: 12454191.085: [scrub string table, 0.0008777 secs][1 CMS-remark: 4592363K(5472256K)] 4697332K(6209536K), 0.0415243 secs] [Times: user=0.14 sys=0.00, real=0.04 secs] 
2020-08-01T14:23:27.108+0800: 12454191.086: [CMS-concurrent-sweep-start]
2020-08-01T14:23:28.802+0800: 12454192.779: [CMS-concurrent-sweep: 1.685/1.693 secs] [Times: user=1.84 sys=0.18, real=1.69 secs] 
2020-08-01T14:23:28.802+0800: 12454192.780: [CMS-concurrent-reset-start]
2020-08-01T14:23:28.823+0800: 12454192.800: [CMS-concurrent-reset: 0.021/0.021 secs] [Times: user=0.03 sys=0.02, real=0.02 secs] 
2020-08-01T14:23:30.823+0800: 12454194.801: [GC (CMS Initial Mark) [1 CMS-initial-mark: 4592361K(5472256K)] 4751783K(6209536K), 0.0096331 secs] [Times: user=0.06 sys=0.00, real=0.01 secs] 
2020-08-01T14:23:30.833+0800: 12454194.811: [CMS-concurrent-mark-start]
2020-08-01T14:23:33.528+0800: 12454197.506: [CMS-concurrent-mark: 2.695/2.695 secs] [Times: user=5.69 sys=0.18, real=2.70 secs] 
2020-08-01T14:23:33.528+0800: 12454197.506: [CMS-concurrent-preclean-start]
2020-08-01T14:23:33.537+0800: 12454197.515: [CMS-concurrent-preclean: 0.009/0.009 secs] [Times: user=0.01 sys=0.00, real=0.00 secs] 
2020-08-01T14:23:33.537+0800: 12454197.515: [CMS-concurrent-abortable-preclean-start]
 CMS: abort preclean due to time 2020-08-01T14:23:38.722+0800: 12454202.700: [CMS-concurrent-abortable-preclean: 4.104/5.185 secs] [Times: user=4.53 sys=0.56, real=5.19 secs] 
2020-08-01T14:23:38.723+0800: 12454202.701: [GC (CMS Final Remark) [YG occupancy: 227783 K (737280 K)]2020-08-01T14:23:38.724+0800: 12454202.702: [Rescan (parallel) , 0.0169544 secs]2020-08-01T14:23:38.741+0800: 12454202.719: [weak refs processing, 0.0000565 secs]2020-08-01T14:23:38.741+0800: 12454202.719: [class unloading, 0.0186650 secs]2020-08-01T14:23:38.760+0800: 12454202.738: [scrub symbol table, 0.0078707 secs]2020-08-01T14:23:38.768+0800: 12454202.746: [scrub string table, 0.0010019 secs][1 CMS-remark: 4592361K(5472256K)] 4820144K(6209536K), 0.0452777 secs] [Times: user=0.15 sys=0.00, real=0.05 secs] 
2020-08-01T14:23:38.769+0800: 12454202.747: [CMS-concurrent-sweep-start]
2020-08-01T14:23:40.482+0800: 12454204.460: [CMS-concurrent-sweep: 1.713/1.713 secs] [Times: user=1.86 sys=0.16, real=1.71 secs] 
2020-08-01T14:23:40.482+0800: 12454204.460: [CMS-concurrent-reset-start]
2020-08-01T14:23:40.501+0800: 12454204.479: [CMS-concurrent-reset: 0.019/0.019 secs] [Times: user=0.02 sys=0.00, real=0.02 secs] 
2020-08-01T14:23:42.502+0800: 12454206.480: [GC (CMS Initial Mark) [1 CMS-initial-mark: 4589001K(5472256K)] 4846176K(6209536K), 0.0145734 secs] [Times: user=0.11 sys=0.00, real=0.01 secs] 
2020-08-01T14:23:42.517+0800: 12454206.495: [CMS-concurrent-mark-start]
2020-08-01T14:23:45.302+0800: 12454209.279: [CMS-concurrent-mark: 2.785/2.785 secs] [Times: user=5.89 sys=0.28, real=2.79 secs] 
2020-08-01T14:23:45.302+0800: 12454209.280: [CMS-concurrent-preclean-start]
2020-08-01T14:23:45.309+0800: 12454209.287: [CMS-concurrent-preclean: 0.008/0.008 secs] [Times: user=0.01 sys=0.00, real=0.01 secs] 
2020-08-01T14:23:45.309+0800: 12454209.287: [CMS-concurrent-abortable-preclean-start]
 CMS: abort preclean due to time 2020-08-01T14:23:50.428+0800: 12454214.406: [CMS-concurrent-abortable-preclean: 3.918/5.119 secs] [Times: user=4.24 sys=0.42, real=5.12 secs] 
2020-08-01T14:23:50.430+0800: 12454214.408: [GC (CMS Final Remark) [YG occupancy: 315493 K (737280 K)]2020-08-01T14:23:50.430+0800: 12454214.408: [Rescan (parallel) , 0.0228291 secs]2020-08-01T14:23:50.453+0800: 12454214.431: [weak refs processing, 0.0000377 secs]2020-08-01T14:23:50.453+0800: 12454214.431: [class unloading, 0.0193333 secs]2020-08-01T14:23:50.472+0800: 12454214.450: [scrub symbol table, 0.0079981 secs]2020-08-01T14:23:50.480+0800: 12454214.458: [scrub string table, 0.0009709 secs][1 CMS-remark: 4589001K(5472256K)] 4904494K(6209536K), 0.0513843 secs] [Times: user=0.18 sys=0.00, real=0.05 secs] 
2020-08-01T14:23:50.482+0800: 12454214.460: [CMS-concurrent-sweep-start]
2020-08-01T14:23:52.181+0800: 12454216.159: [CMS-concurrent-sweep: 1.700/1.700 secs] [Times: user=1.85 sys=0.11, real=1.70 secs] 
2020-08-01T14:23:52.181+0800: 12454216.159: [CMS-concurrent-reset-start]
2020-08-01T14:23:52.200+0800: 12454216.178: [CMS-concurrent-reset: 0.019/0.019 secs] [Times: user=0.02 sys=0.00, real=0.02 secs] 
2020-08-01T14:23:54.201+0800: 12454218.179: [GC (CMS Initial Mark) [1 CMS-initial-mark: 4588801K(5472256K)] 4924810K(6209536K), 0.0199796 secs] [Times: user=0.15 sys=0.00, real=0.02 secs] 
2020-08-01T14:23:54.221+0800: 12454218.199: [CMS-concurrent-mark-start]
2020-08-01T14:23:57.269+0800: 12454221.247: [CMS-concurrent-mark: 3.048/3.048 secs] [Times: user=6.45 sys=0.20, real=3.05 secs] 
2020-08-01T14:23:57.269+0800: 12454221.247: [CMS-concurrent-preclean-start]
2020-08-01T14:23:57.277+0800: 12454221.255: [CMS-concurrent-preclean: 0.008/0.008 secs] [Times: user=0.00 sys=0.00, real=0.00 secs] 
2020-08-01T14:23:57.277+0800: 12454221.255: [CMS-concurrent-abortable-preclean-start]
 CMS: abort preclean due to time 2020-08-01T14:24:04.804+0800: 12454228.782: [CMS-concurrent-abortable-preclean: 6.226/7.527 secs] [Times: user=4.10 sys=0.54, real=7.53 secs] 
2020-08-01T14:24:04.805+0800: 12454228.783: [GC (CMS Final Remark) [YG occupancy: 406837 K (737280 K)]2020-08-01T14:24:04.805+0800: 12454228.783: [Rescan (parallel) , 0.0276486 secs]2020-08-01T14:24:04.833+0800: 12454228.811: [weak refs processing, 0.0000369 secs]2020-08-01T14:24:04.833+0800: 12454228.811: [class unloading, 0.0189906 secs]2020-08-01T14:24:04.852+0800: 12454228.830: [scrub symbol table, 0.0072279 secs]2020-08-01T14:24:04.859+0800: 12454228.837: [scrub string table, 0.0009624 secs][1 CMS-remark: 4588801K(5472256K)] 4995638K(6209536K), 0.0550979 secs] [Times: user=0.24 sys=0.00, real=0.06 secs] 
2020-08-01T14:24:04.861+0800: 12454228.839: [CMS-concurrent-sweep-start]
2020-08-01T14:24:06.583+0800: 12454230.560: [CMS-concurrent-sweep: 1.722/1.722 secs] [Times: user=1.98 sys=0.32, real=1.72 secs] 
2020-08-01T14:24:06.583+0800: 12454230.561: [CMS-concurrent-reset-start]
2020-08-01T14:24:06.604+0800: 12454230.582: [CMS-concurrent-reset: 0.022/0.022 secs] [Times: user=0.02 sys=0.01, real=0.02 secs] 
2020-08-01T14:24:08.605+0800: 12454232.583: [GC (CMS Initial Mark) [1 CMS-initial-mark: 4588799K(5472256K)] 5039354K(6209536K), 0.0281285 secs] [Times: user=0.20 sys=0.00, real=0.03 secs] 
2020-08-01T14:24:08.633+0800: 12454232.611: [CMS-concurrent-mark-start]
2020-08-01T14:24:11.678+0800: 12454235.656: [CMS-concurrent-mark: 3.043/3.045 secs] [Times: user=6.46 sys=0.36, real=3.04 secs] 
2020-08-01T14:24:11.678+0800: 12454235.656: [CMS-concurrent-preclean-start]
2020-08-01T14:24:11.686+0800: 12454235.664: [CMS-concurrent-preclean: 0.008/0.008 secs] [Times: user=0.01 sys=0.00, real=0.01 secs] 
2020-08-01T14:24:11.686+0800: 12454235.664: [CMS-concurrent-abortable-preclean-start]
 CMS: abort preclean due to time 2020-08-01T14:24:17.029+0800: 12454241.007: [CMS-concurrent-abortable-preclean: 3.942/5.343 secs] [Times: user=4.34 sys=0.69, real=5.35 secs] 
2020-08-01T14:24:17.031+0800: 12454241.008: [GC (CMS Final Remark) [YG occupancy: 545509 K (737280 K)]2020-08-01T14:24:17.031+0800: 12454241.008: [Rescan (parallel) , 0.0394355 secs]2020-08-01T14:24:17.070+0800: 12454241.048: [weak refs processing, 0.0000366 secs]2020-08-01T14:24:17.070+0800: 12454241.048: [class unloading, 0.0174651 secs]2020-08-01T14:24:17.088+0800: 12454241.065: [scrub symbol table, 0.0070708 secs]2020-08-01T14:24:17.095+0800: 12454241.073: [scrub string table, 0.0009041 secs][1 CMS-remark: 4588799K(5472256K)] 5134309K(6209536K), 0.0651078 secs] [Times: user=0.29 sys=0.01, real=0.06 secs] 
2020-08-01T14:24:17.096+0800: 12454241.074: [CMS-concurrent-sweep-start]
2020-08-01T14:24:18.887+0800: 12454242.865: [CMS-concurrent-sweep: 1.791/1.791 secs] [Times: user=1.86 sys=0.32, real=1.80 secs] 
2020-08-01T14:24:18.887+0800: 12454242.865: [CMS-concurrent-reset-start]
2020-08-01T14:24:18.908+0800: 12454242.886: [CMS-concurrent-reset: 0.020/0.020 secs] [Times: user=0.02 sys=0.01, real=0.02 secs] 
2020-08-01T14:24:20.909+0800: 12454244.886: [GC (CMS Initial Mark) [1 CMS-initial-mark: 4588798K(5472256K)] 5191782K(6209536K), 0.0366630 secs] [Times: user=0.27 sys=0.00, real=0.03 secs] 
2020-08-01T14:24:20.946+0800: 12454244.923: [CMS-concurrent-mark-start]
2020-08-01T14:24:23.732+0800: 12454247.710: [CMS-concurrent-mark: 2.787/2.787 secs] [Times: user=5.94 sys=0.17, real=2.79 secs] 
2020-08-01T14:24:23.732+0800: 12454247.710: [CMS-concurrent-preclean-start]
2020-08-01T14:24:23.743+0800: 12454247.721: [CMS-concurrent-preclean: 0.010/0.010 secs] [Times: user=0.01 sys=0.01, real=0.01 secs] 
2020-08-01T14:24:23.743+0800: 12454247.721: [CMS-concurrent-abortable-preclean-start]
 CMS: abort preclean due to time 2020-08-01T14:24:28.883+0800: 12454252.861: [CMS-concurrent-abortable-preclean: 3.825/5.140 secs] [Times: user=4.30 sys=0.41, real=5.14 secs] 
2020-08-01T14:24:28.885+0800: 12454252.863: [GC (CMS Final Remark) [YG occupancy: 709621 K (737280 K)]2020-08-01T14:24:28.885+0800: 12454252.863: [Rescan (parallel) , 0.0497291 secs]2020-08-01T14:24:28.935+0800: 12454252.912: [weak refs processing, 0.0000405 secs]2020-08-01T14:24:28.935+0800: 12454252.912: [class unloading, 0.0186928 secs]2020-08-01T14:24:28.953+0800: 12454252.931: [scrub symbol table, 0.0074321 secs]2020-08-01T14:24:28.961+0800: 12454252.939: [scrub string table, 0.0009499 secs][1 CMS-remark: 4588798K(5472256K)] 5298419K(6209536K), 0.0770678 secs] [Times: user=0.39 sys=0.00, real=0.08 secs] 
2020-08-01T14:24:28.962+0800: 12454252.940: [CMS-concurrent-sweep-start]
2020-08-01T14:24:30.673+0800: 12454254.651: [CMS-concurrent-sweep: 1.711/1.711 secs] [Times: user=1.87 sys=0.12, real=1.71 secs] 
2020-08-01T14:24:30.673+0800: 12454254.651: [CMS-concurrent-reset-start]
2020-08-01T14:24:30.693+0800: 12454254.671: [CMS-concurrent-reset: 0.020/0.020 secs] [Times: user=0.02 sys=0.00, real=0.02 secs] 
2020-08-01T14:24:31.340+0800: 12454255.318: [GC (Allocation Failure) 2020-08-01T14:24:31.340+0800: 12454255.318: [ParNew: 737280K->81920K(737280K), 0.1144694 secs] 5326076K->4700317K(6209536K), 0.1147170 secs] [Times: user=0.51 sys=0.00, real=0.11 secs] 
2020-08-01T14:24:31.456+0800: 12454255.434: [GC (CMS Initial Mark) [1 CMS-initial-mark: 4618397K(5472256K)] 4700523K(6209536K), 0.0100377 secs] [Times: user=0.03 sys=0.00, real=0.01 secs] 
2020-08-01T14:24:31.466+0800: 12454255.444: [CMS-concurrent-mark-start]
2020-08-01T14:24:34.454+0800: 12454258.432: [CMS-concurrent-mark: 2.985/2.987 secs] [Times: user=6.34 sys=0.11, real=2.99 secs] 
2020-08-01T14:24:34.454+0800: 12454258.432: [CMS-concurrent-preclean-start]
2020-08-01T14:24:34.462+0800: 12454258.439: [CMS-concurrent-preclean: 0.008/0.008 secs] [Times: user=0.01 sys=0.00, real=0.01 secs] 
2020-08-01T14:24:34.462+0800: 12454258.440: [CMS-concurrent-abortable-preclean-start]
 CMS: abort preclean due to time 2020-08-01T14:24:39.503+0800: 12454263.481: [CMS-concurrent-abortable-preclean: 4.240/5.041 secs] [Times: user=4.81 sys=0.27, real=5.04 secs] 
2020-08-01T14:24:39.505+0800: 12454263.482: [GC (CMS Final Remark) [YG occupancy: 219678 K (737280 K)]2020-08-01T14:24:39.505+0800: 12454263.482: [Rescan (parallel) , 0.0135465 secs]2020-08-01T14:24:39.518+0800: 12454263.496: [weak refs processing, 0.0000729 secs]2020-08-01T14:24:39.518+0800: 12454263.496: [class unloading, 0.0176881 secs]2020-08-01T14:24:39.536+0800: 12454263.514: [scrub symbol table, 0.0076923 secs]2020-08-01T14:24:39.544+0800: 12454263.522: [scrub string table, 0.0009311 secs][1 CMS-remark: 4618397K(5472256K)] 4838075K(6209536K), 0.0401434 secs] [Times: user=0.12 sys=0.00, real=0.04 secs] 
2020-08-01T14:24:39.545+0800: 12454263.523: [CMS-concurrent-sweep-start]
2020-08-01T14:24:41.249+0800: 12454265.227: [CMS-concurrent-sweep: 1.704/1.704 secs] [Times: user=1.85 sys=0.08, real=1.71 secs] 
2020-08-01T14:24:41.249+0800: 12454265.227: [CMS-concurrent-reset-start]
2020-08-01T14:24:41.269+0800: 12454265.246: [CMS-concurrent-reset: 0.020/0.020 secs] [Times: user=0.03 sys=0.00, real=0.02 secs] 
2020-08-01T14:24:43.269+0800: 12454267.247: [GC (CMS Initial Mark) [1 CMS-initial-mark: 4618172K(5472256K)] 4879475K(6209536K), 0.0150941 secs] [Times: user=0.10 sys=0.00, real=0.01 secs] 
2020-08-01T14:24:43.285+0800: 12454267.262: [CMS-concurrent-mark-start]
2020-08-01T14:24:46.098+0800: 12454270.075: [CMS-concurrent-mark: 2.813/2.813 secs] [Times: user=5.97 sys=0.04, real=2.81 secs] 
2020-08-01T14:24:46.098+0800: 12454270.076: [CMS-concurrent-preclean-start]
2020-08-01T14:24:46.106+0800: 12454270.084: [CMS-concurrent-preclean: 0.008/0.008 secs] [Times: user=0.02 sys=0.00, real=0.01 secs] 
2020-08-01T14:24:46.106+0800: 12454270.084: [CMS-concurrent-abortable-preclean-start]
 CMS: abort preclean due to time 2020-08-01T14:24:51.210+0800: 12454275.188: [CMS-concurrent-abortable-preclean: 4.003/5.104 secs] [Times: user=4.54 sys=0.35, real=5.11 secs] 
2020-08-01T14:24:51.211+0800: 12454275.189: [GC (CMS Final Remark) [YG occupancy: 378047 K (737280 K)]2020-08-01T14:24:51.212+0800: 12454275.189: [Rescan (parallel) , 0.0234459 secs]2020-08-01T14:24:51.235+0800: 12454275.213: [weak refs processing, 0.0000410 secs]2020-08-01T14:24:51.235+0800: 12454275.213: [class unloading, 0.0183453 secs]2020-08-01T14:24:51.253+0800: 12454275.231: [scrub symbol table, 0.0073845 secs]2020-08-01T14:24:51.261+0800: 12454275.239: [scrub string table, 0.0009105 secs][1 CMS-remark: 4618172K(5472256K)] 4996219K(6209536K), 0.0503513 secs] [Times: user=0.20 sys=0.00, real=0.05 secs] 
2020-08-01T14:24:51.262+0800: 12454275.240: [CMS-concurrent-sweep-start]
2020-08-01T14:24:52.929+0800: 12454276.907: [CMS-concurrent-sweep: 1.667/1.667 secs] [Times: user=1.83 sys=0.04, real=1.67 secs] 
2020-08-01T14:24:52.929+0800: 12454276.907: [CMS-concurrent-reset-start]
2020-08-01T14:24:52.949+0800: 12454276.926: [CMS-concurrent-reset: 0.019/0.019 secs] [Times: user=0.02 sys=0.01, real=0.02 secs] 
2020-08-01T14:24:54.950+0800: 12454278.927: [GC (CMS Initial Mark) [1 CMS-initial-mark: 4614535K(5472256K)] 5043756K(6209536K), 0.0220450 secs] [Times: user=0.16 sys=0.00, real=0.02 secs] 
2020-08-01T14:24:54.972+0800: 12454278.950: [CMS-concurrent-mark-start]
2020-08-01T14:24:57.868+0800: 12454281.846: [CMS-concurrent-mark: 2.896/2.896 secs] [Times: user=6.06 sys=0.04, real=2.90 secs] 
2020-08-01T14:24:57.868+0800: 12454281.846: [CMS-concurrent-preclean-start]
2020-08-01T14:24:57.876+0800: 12454281.854: [CMS-concurrent-preclean: 0.008/0.008 secs] [Times: user=0.01 sys=0.00, real=0.00 secs] 
2020-08-01T14:24:57.876+0800: 12454281.854: [CMS-concurrent-abortable-preclean-start]
 CMS: abort preclean due to time 2020-08-01T14:25:03.093+0800: 12454287.071: [CMS-concurrent-abortable-preclean: 4.015/5.217 secs] [Times: user=4.42 sys=0.27, real=5.22 secs] 
2020-08-01T14:25:03.095+0800: 12454287.072: [GC (CMS Final Remark) [YG occupancy: 509429 K (737280 K)]2020-08-01T14:25:03.095+0800: 12454287.072: [Rescan (parallel) , 0.0293747 secs]2020-08-01T14:25:03.124+0800: 12454287.102: [weak refs processing, 0.0000399 secs]2020-08-01T14:25:03.124+0800: 12454287.102: [class unloading, 0.0179840 secs]2020-08-01T14:25:03.142+0800: 12454287.120: [scrub symbol table, 0.0062843 secs]2020-08-01T14:25:03.148+0800: 12454287.126: [scrub string table, 0.0008807 secs][1 CMS-remark: 4614535K(5472256K)] 5123965K(6209536K), 0.0547530 secs] [Times: user=0.24 sys=0.01, real=0.06 secs] 
2020-08-01T14:25:03.150+0800: 12454287.127: [CMS-concurrent-sweep-start]
2020-08-01T14:25:04.911+0800: 12454288.889: [CMS-concurrent-sweep: 1.760/1.761 secs] [Times: user=1.93 sys=0.12, real=1.76 secs] 
2020-08-01T14:25:04.911+0800: 12454288.889: [CMS-concurrent-reset-start]
2020-08-01T14:25:04.931+0800: 12454288.909: [CMS-concurrent-reset: 0.020/0.020 secs] [Times: user=0.02 sys=0.00, real=0.02 secs] 
2020-08-01T14:25:06.932+0800: 12454290.909: [GC (CMS Initial Mark) [1 CMS-initial-mark: 4614533K(5472256K)] 5193375K(6209536K), 0.0314561 secs] [Times: user=0.22 sys=0.00, real=0.03 secs] 
2020-08-01T14:25:06.963+0800: 12454290.941: [CMS-concurrent-mark-start]
2020-08-01T14:25:09.910+0800: 12454293.888: [CMS-concurrent-mark: 2.947/2.947 secs] [Times: user=6.33 sys=0.06, real=2.95 secs] 
2020-08-01T14:25:09.910+0800: 12454293.888: [CMS-concurrent-preclean-start]
2020-08-01T14:25:09.918+0800: 12454293.896: [CMS-concurrent-preclean: 0.008/0.008 secs] [Times: user=0.00 sys=0.00, real=0.00 secs] 
2020-08-01T14:25:09.918+0800: 12454293.896: [CMS-concurrent-abortable-preclean-start]
 CMS: abort preclean due to time 2020-08-01T14:25:14.950+0800: 12454298.928: [CMS-concurrent-abortable-preclean: 3.731/5.032 secs] [Times: user=4.20 sys=0.26, real=5.04 secs] 
2020-08-01T14:25:14.952+0800: 12454298.930: [GC (CMS Final Remark) [YG occupancy: 682027 K (737280 K)]2020-08-01T14:25:14.952+0800: 12454298.930: [Rescan (parallel) , 0.0445899 secs]2020-08-01T14:25:14.997+0800: 12454298.974: [weak refs processing, 0.0000387 secs]2020-08-01T14:25:14.997+0800: 12454298.974: [class unloading, 0.0182622 secs]2020-08-01T14:25:15.015+0800: 12454298.993: [scrub symbol table, 0.0068290 secs]2020-08-01T14:25:15.022+0800: 12454299.000: [scrub string table, 0.0010672 secs][1 CMS-remark: 4614533K(5472256K)] 5296561K(6209536K), 0.0710598 secs] [Times: user=0.31 sys=0.00, real=0.07 secs] 
2020-08-01T14:25:15.023+0800: 12454299.001: [CMS-concurrent-sweep-start]
2020-08-01T14:25:16.759+0800: 12454300.737: [CMS-concurrent-sweep: 1.736/1.736 secs] [Times: user=1.90 sys=0.07, real=1.74 secs] 
2020-08-01T14:25:16.759+0800: 12454300.737: [CMS-concurrent-reset-start]
2020-08-01T14:25:16.778+0800: 12454300.756: [CMS-concurrent-reset: 0.019/0.019 secs] [Times: user=0.02 sys=0.00, real=0.01 secs] 
2020-08-01T14:25:18.546+0800: 12454302.524: [GC (Allocation Failure) 2020-08-01T14:25:18.546+0800: 12454302.524: [ParNew: 737280K->80199K(737280K), 0.0865592 secs] 5351802K->4728674K(6209536K), 0.0867339 secs] [Times: user=0.52 sys=0.00, real=0.09 secs] 
2020-08-01T14:25:18.634+0800: 12454302.612: [GC (CMS Initial Mark) [1 CMS-initial-mark: 4648474K(5472256K)] 4736846K(6209536K), 0.0084022 secs] [Times: user=0.03 sys=0.00, real=0.01 secs] 
2020-08-01T14:25:18.643+0800: 12454302.621: [CMS-concurrent-mark-start]
2020-08-01T14:25:21.393+0800: 12454305.371: [CMS-concurrent-mark: 2.750/2.750 secs] [Times: user=5.95 sys=0.09, real=2.75 secs] 
2020-08-01T14:25:21.393+0800: 12454305.371: [CMS-concurrent-preclean-start]
2020-08-01T14:25:21.403+0800: 12454305.380: [CMS-concurrent-preclean: 0.009/0.010 secs] [Times: user=0.01 sys=0.00, real=0.01 secs] 
2020-08-01T14:25:21.403+0800: 12454305.381: [CMS-concurrent-abortable-preclean-start]
 CMS: abort preclean due to time 2020-08-01T14:25:26.459+0800: 12454310.437: [CMS-concurrent-abortable-preclean: 4.355/5.056 secs] [Times: user=4.92 sys=0.44, real=5.06 secs] 
2020-08-01T14:25:26.460+0800: 12454310.438: [GC (CMS Final Remark) [YG occupancy: 242589 K (737280 K)]2020-08-01T14:25:26.460+0800: 12454310.438: [Rescan (parallel) , 0.0358444 secs]2020-08-01T14:25:26.496+0800: 12454310.474: [weak refs processing, 0.0000566 secs]2020-08-01T14:25:26.496+0800: 12454310.474: [class unloading, 0.0194784 secs]2020-08-01T14:25:26.516+0800: 12454310.494: [scrub symbol table, 0.0063157 secs]2020-08-01T14:25:26.522+0800: 12454310.500: [scrub string table, 0.0008968 secs][1 CMS-remark: 4648474K(5472256K)] 4891063K(6209536K), 0.0627771 secs] [Times: user=0.26 sys=0.00, real=0.06 secs] 
2020-08-01T14:25:26.523+0800: 12454310.501: [CMS-concurrent-sweep-start]
2020-08-01T14:25:28.269+0800: 12454312.247: [CMS-concurrent-sweep: 1.745/1.745 secs] [Times: user=1.93 sys=0.09, real=1.75 secs] 
2020-08-01T14:25:28.269+0800: 12454312.247: [CMS-concurrent-reset-start]
2020-08-01T14:25:28.288+0800: 12454312.266: [CMS-concurrent-reset: 0.019/0.019 secs] [Times: user=0.02 sys=0.00, real=0.02 secs] 
2020-08-01T14:25:30.289+0800: 12454314.267: [GC (CMS Initial Mark) [1 CMS-initial-mark: 4648332K(5472256K)] 4951682K(6209536K), 0.0173259 secs] [Times: user=0.13 sys=0.00, real=0.02 secs] 
2020-08-01T14:25:30.307+0800: 12454314.285: [CMS-concurrent-mark-start]
2020-08-01T14:25:33.193+0800: 12454317.171: [CMS-concurrent-mark: 2.885/2.887 secs] [Times: user=6.19 sys=0.07, real=2.88 secs] 
2020-08-01T14:25:33.193+0800: 12454317.171: [CMS-concurrent-preclean-start]
2020-08-01T14:25:33.202+0800: 12454317.179: [CMS-concurrent-preclean: 0.008/0.008 secs] [Times: user=0.01 sys=0.00, real=0.01 secs] 
2020-08-01T14:25:33.202+0800: 12454317.180: [CMS-concurrent-abortable-preclean-start]
 CMS: abort preclean due to time 2020-08-01T14:25:38.210+0800: 12454322.188: [CMS-concurrent-abortable-preclean: 3.999/5.008 secs] [Times: user=4.48 sys=0.18, real=5.01 secs] 
2020-08-01T14:25:38.212+0800: 12454322.190: [GC (CMS Final Remark) [YG occupancy: 425181 K (737280 K)]2020-08-01T14:25:38.212+0800: 12454322.190: [Rescan (parallel) , 0.0407959 secs]2020-08-01T14:25:38.253+0800: 12454322.231: [weak refs processing, 0.0000382 secs]2020-08-01T14:25:38.253+0800: 12454322.231: [class unloading, 0.0190490 secs]2020-08-01T14:25:38.272+0800: 12454322.250: [scrub symbol table, 0.0064936 secs]2020-08-01T14:25:38.278+0800: 12454322.256: [scrub string table, 0.0011774 secs][1 CMS-remark: 4648332K(5472256K)] 5073514K(6209536K), 0.0677333 secs] [Times: user=0.28 sys=0.00, real=0.07 secs] 
2020-08-01T14:25:38.280+0800: 12454322.258: [CMS-concurrent-sweep-start]
2020-08-01T14:25:40.013+0800: 12454323.991: [CMS-concurrent-sweep: 1.734/1.734 secs] [Times: user=1.97 sys=0.07, real=1.73 secs] 
2020-08-01T14:25:40.013+0800: 12454323.991: [CMS-concurrent-reset-start]
2020-08-01T14:25:40.032+0800: 12454324.010: [CMS-concurrent-reset: 0.019/0.019 secs] [Times: user=0.02 sys=0.00, real=0.02 secs] 
2020-08-01T14:25:42.033+0800: 12454326.011: [GC (CMS Initial Mark) [1 CMS-initial-mark: 4648325K(5472256K)] 5146191K(6209536K), 0.0303745 secs] [Times: user=0.19 sys=0.00, real=0.03 secs] 
2020-08-01T14:25:42.064+0800: 12454326.041: [CMS-concurrent-mark-start]
2020-08-01T14:25:46.385+0800: 12454330.363: [CMS-concurrent-mark: 4.321/4.321 secs] [Times: user=9.23 sys=0.10, real=4.32 secs] 
2020-08-01T14:25:46.385+0800: 12454330.363: [CMS-concurrent-preclean-start]
2020-08-01T14:25:46.393+0800: 12454330.371: [CMS-concurrent-preclean: 0.008/0.008 secs] [Times: user=0.01 sys=0.00, real=0.01 secs] 
2020-08-01T14:25:46.393+0800: 12454330.371: [CMS-concurrent-abortable-preclean-start]
 CMS: abort preclean due to time 2020-08-01T14:25:51.418+0800: 12454335.396: [CMS-concurrent-abortable-preclean: 3.823/5.024 secs] [Times: user=4.23 sys=0.24, real=5.02 secs] 
2020-08-01T14:25:51.420+0800: 12454335.398: [GC (CMS Final Remark) [YG occupancy: 670198 K (737280 K)]2020-08-01T14:25:51.420+0800: 12454335.398: [Rescan (parallel) , 0.0426121 secs]2020-08-01T14:25:51.462+0800: 12454335.440: [weak refs processing, 0.0000385 secs]2020-08-01T14:25:51.462+0800: 12454335.440: [class unloading, 0.0175302 secs]2020-08-01T14:25:51.480+0800: 12454335.458: [scrub symbol table, 0.0062698 secs]2020-08-01T14:25:51.486+0800: 12454335.464: [scrub string table, 0.0009126 secs][1 CMS-remark: 4648325K(5472256K)] 5318523K(6209536K), 0.0675702 secs] [Times: user=0.32 sys=0.00, real=0.07 secs] 
2020-08-01T14:25:51.487+0800: 12454335.465: [CMS-concurrent-sweep-start]
2020-08-01T14:25:53.146+0800: 12454337.124: [CMS-concurrent-sweep: 1.658/1.658 secs] [Times: user=1.88 sys=0.10, real=1.65 secs] 
2020-08-01T14:25:53.146+0800: 12454337.124: [CMS-concurrent-reset-start]
2020-08-01T14:25:53.164+0800: 12454337.142: [CMS-concurrent-reset: 0.019/0.019 secs] [Times: user=0.02 sys=0.00, real=0.02 secs] 
2020-08-01T14:25:53.851+0800: 12454337.829: [GC (Allocation Failure) 2020-08-01T14:25:53.851+0800: 12454337.829: [ParNew: 735559K->81920K(737280K), 0.0967672 secs] 5383730K->4757523K(6209536K), 0.0969509 secs] [Times: user=0.45 sys=0.00, real=0.10 secs] 
2020-08-01T14:25:53.949+0800: 12454337.927: [GC (CMS Initial Mark) [1 CMS-initial-mark: 4675603K(5472256K)] 4766265K(6209536K), 0.0070366 secs] [Times: user=0.03 sys=0.00, real=0.00 secs] 
2020-08-01T14:25:53.957+0800: 12454337.935: [CMS-concurrent-mark-start]
2020-08-01T14:25:58.273+0800: 12454342.251: [CMS-concurrent-mark: 4.313/4.316 secs] [Times: user=9.23 sys=0.14, real=4.32 secs] 
2020-08-01T14:25:58.273+0800: 12454342.251: [CMS-concurrent-preclean-start]
2020-08-01T14:25:58.285+0800: 12454342.263: [CMS-concurrent-preclean: 0.012/0.013 secs] [Times: user=0.02 sys=0.01, real=0.01 secs] 
2020-08-01T14:25:58.286+0800: 12454342.263: [CMS-concurrent-abortable-preclean-start]
 CMS: abort preclean due to time 2020-08-01T14:26:03.372+0800: 12454347.350: [CMS-concurrent-abortable-preclean: 3.885/5.086 secs] [Times: user=4.41 sys=0.20, real=5.09 secs] 
2020-08-01T14:26:03.374+0800: 12454347.352: [GC (CMS Final Remark) [YG occupancy: 295184 K (737280 K)]2020-08-01T14:26:03.374+0800: 12454347.352: [Rescan (parallel) , 0.0164607 secs]2020-08-01T14:26:03.390+0800: 12454347.368: [weak refs processing, 0.0000889 secs]2020-08-01T14:26:03.390+0800: 12454347.368: [class unloading, 0.0188289 secs]2020-08-01T14:26:03.409+0800: 12454347.387: [scrub symbol table, 0.0067033 secs]2020-08-01T14:26:03.416+0800: 12454347.394: [scrub string table, 0.0011927 secs][1 CMS-remark: 4675603K(5472256K)] 4970787K(6209536K), 0.0434761 secs] [Times: user=0.15 sys=0.00, real=0.04 secs] 
2020-08-01T14:26:03.417+0800: 12454347.395: [CMS-concurrent-sweep-start]
2020-08-01T14:26:05.133+0800: 12454349.111: [CMS-concurrent-sweep: 1.715/1.715 secs] [Times: user=1.91 sys=0.09, real=1.72 secs] 
2020-08-01T14:26:05.133+0800: 12454349.111: [CMS-concurrent-reset-start]
2020-08-01T14:26:05.152+0800: 12454349.130: [CMS-concurrent-reset: 0.019/0.019 secs] [Times: user=0.02 sys=0.00, real=0.02 secs] 
2020-08-01T14:26:07.153+0800: 12454351.131: [GC (CMS Initial Mark) [1 CMS-initial-mark: 4674947K(5472256K)] 5069158K(6209536K), 0.0224999 secs] [Times: user=0.15 sys=0.00, real=0.02 secs] 
2020-08-01T14:26:07.175+0800: 12454351.153: [CMS-concurrent-mark-start]
2020-08-01T14:26:10.216+0800: 12454354.194: [CMS-concurrent-mark: 3.038/3.041 secs] [Times: user=6.49 sys=0.18, real=3.04 secs] 
2020-08-01T14:26:10.216+0800: 12454354.194: [CMS-concurrent-preclean-start]
2020-08-01T14:26:10.224+0800: 12454354.202: [CMS-concurrent-preclean: 0.008/0.008 secs] [Times: user=0.01 sys=0.00, real=0.01 secs] 
2020-08-01T14:26:10.224+0800: 12454354.202: [CMS-concurrent-abortable-preclean-start]
 CMS: abort preclean due to time 2020-08-01T14:26:15.230+0800: 12454359.208: [CMS-concurrent-abortable-preclean: 4.403/5.005 secs] [Times: user=4.89 sys=0.33, real=5.01 secs] 
2020-08-01T14:26:15.231+0800: 12454359.209: [GC (CMS Final Remark) [YG occupancy: 531444 K (737280 K)]2020-08-01T14:26:15.232+0800: 12454359.209: [Rescan (parallel) , 0.0300340 secs]2020-08-01T14:26:15.262+0800: 12454359.239: [weak refs processing, 0.0000378 secs]2020-08-01T14:26:15.262+0800: 12454359.240: [class unloading, 0.0175582 secs]2020-08-01T14:26:15.279+0800: 12454359.257: [scrub symbol table, 0.0062903 secs]2020-08-01T14:26:15.286+0800: 12454359.263: [scrub string table, 0.0009205 secs][1 CMS-remark: 4674947K(5472256K)] 5206391K(6209536K), 0.0550289 secs] [Times: user=0.24 sys=0.01, real=0.06 secs] 
2020-08-01T14:26:15.287+0800: 12454359.265: [CMS-concurrent-sweep-start]
2020-08-01T14:26:16.993+0800: 12454360.971: [CMS-concurrent-sweep: 1.706/1.706 secs] [Times: user=1.90 sys=0.07, real=1.70 secs] 
2020-08-01T14:26:16.993+0800: 12454360.971: [CMS-concurrent-reset-start]
2020-08-01T14:26:17.013+0800: 12454360.991: [CMS-concurrent-reset: 0.020/0.020 secs] [Times: user=0.02 sys=0.01, real=0.02 secs] 
2020-08-01T14:26:19.014+0800: 12454362.991: [GC (CMS Initial Mark) [1 CMS-initial-mark: 4672532K(5472256K)] 5270795K(6209536K), 0.0431741 secs] [Times: user=0.23 sys=0.00, real=0.04 secs] 
2020-08-01T14:26:19.057+0800: 12454363.035: [CMS-concurrent-mark-start]
2020-08-01T14:26:21.785+0800: 12454365.762: [CMS-concurrent-mark: 2.728/2.728 secs] [Times: user=5.81 sys=0.05, real=2.73 secs] 
2020-08-01T14:26:21.785+0800: 12454365.762: [CMS-concurrent-preclean-start]
2020-08-01T14:26:21.792+0800: 12454365.770: [CMS-concurrent-preclean: 0.008/0.008 secs] [Times: user=0.00 sys=0.00, real=0.01 secs] 
2020-08-01T14:26:21.792+0800: 12454365.770: [CMS-concurrent-abortable-preclean-start]
2020-08-01T14:26:25.970+0800: 12454369.948: [GC (Allocation Failure) 2020-08-01T14:26:25.970+0800: 12454369.948: [ParNew: 737280K->81920K(737280K), 0.0896848 secs] 5409812K->4783891K(6209536K), 0.0898542 secs] [Times: user=0.52 sys=0.00, real=0.09 secs] 
 CMS: abort preclean due to time 2020-08-01T14:26:27.067+0800: 12454371.045: [CMS-concurrent-abortable-preclean: 3.978/5.275 secs] [Times: user=5.15 sys=0.38, real=5.28 secs] 
2020-08-01T14:26:27.069+0800: 12454371.046: [GC (CMS Final Remark) [YG occupancy: 112023 K (737280 K)]2020-08-01T14:26:27.069+0800: 12454371.046: [Rescan (parallel) , 0.0116384 secs]2020-08-01T14:26:27.080+0800: 12454371.058: [weak refs processing, 0.0000370 secs]2020-08-01T14:26:27.080+0800: 12454371.058: [class unloading, 0.0171462 secs]2020-08-01T14:26:27.098+0800: 12454371.075: [scrub symbol table, 0.0066085 secs]2020-08-01T14:26:27.104+0800: 12454371.082: [scrub string table, 0.0012483 secs][1 CMS-remark: 4701971K(5472256K)] 4813994K(6209536K), 0.0368458 secs] [Times: user=0.11 sys=0.00, real=0.03 secs] 
2020-08-01T14:26:27.106+0800: 12454371.084: [CMS-concurrent-sweep-start]
2020-08-01T14:26:28.855+0800: 12454372.833: [CMS-concurrent-sweep: 1.746/1.749 secs] [Times: user=2.24 sys=0.10, real=1.75 secs] 
2020-08-01T14:26:28.855+0800: 12454372.833: [CMS-concurrent-reset-start]
2020-08-01T14:26:28.873+0800: 12454372.851: [CMS-concurrent-reset: 0.019/0.019 secs] [Times: user=0.02 sys=0.00, real=0.02 secs] 
2020-08-01T14:26:30.874+0800: 12454374.852: [GC (CMS Initial Mark) [1 CMS-initial-mark: 4701967K(5472256K)] 4953461K(6209536K), 0.0155283 secs] [Times: user=0.11 sys=0.00, real=0.02 secs] 
2020-08-01T14:26:30.890+0800: 12454374.868: [CMS-concurrent-mark-start]
2020-08-01T14:26:33.758+0800: 12454377.736: [CMS-concurrent-mark: 2.866/2.868 secs] [Times: user=6.16 sys=0.13, real=2.86 secs] 
2020-08-01T14:26:33.758+0800: 12454377.736: [CMS-concurrent-preclean-start]
2020-08-01T14:26:33.767+0800: 12454377.745: [CMS-concurrent-preclean: 0.009/0.009 secs] [Times: user=0.01 sys=0.00, real=0.02 secs] 
2020-08-01T14:26:33.767+0800: 12454377.745: [CMS-concurrent-abortable-preclean-start]
 CMS: abort preclean due to time 2020-08-01T14:26:38.897+0800: 12454382.874: [CMS-concurrent-abortable-preclean: 3.828/5.130 secs] [Times: user=4.20 sys=0.32, real=5.12 secs] 
2020-08-01T14:26:38.898+0800: 12454382.876: [GC (CMS Final Remark) [YG occupancy: 381169 K (737280 K)]2020-08-01T14:26:38.898+0800: 12454382.876: [Rescan (parallel) , 0.0250658 secs]2020-08-01T14:26:38.923+0800: 12454382.901: [weak refs processing, 0.0000579 secs]2020-08-01T14:26:38.923+0800: 12454382.901: [class unloading, 0.0170960 secs]2020-08-01T14:26:38.940+0800: 12454382.918: [scrub symbol table, 0.0062510 secs]2020-08-01T14:26:38.947+0800: 12454382.924: [scrub string table, 0.0008768 secs][1 CMS-remark: 4701967K(5472256K)] 5083136K(6209536K), 0.0495275 secs] [Times: user=0.21 sys=0.00, real=0.06 secs] 
2020-08-01T14:26:38.948+0800: 12454382.926: [CMS-concurrent-sweep-start]
2020-08-01T14:26:40.698+0800: 12454384.676: [CMS-concurrent-sweep: 1.750/1.750 secs] [Times: user=1.91 sys=0.08, real=1.74 secs] 
2020-08-01T14:26:40.698+0800: 12454384.676: [CMS-concurrent-reset-start]
2020-08-01T14:26:40.717+0800: 12454384.694: [CMS-concurrent-reset: 0.018/0.018 secs] [Times: user=0.02 sys=0.00, real=0.02 secs] 
2020-08-01T14:26:42.717+0800: 12454386.695: [GC (CMS Initial Mark) [1 CMS-initial-mark: 4700403K(5472256K)] 5125158K(6209536K), 0.0280937 secs] [Times: user=0.17 sys=0.00, real=0.03 secs] 
2020-08-01T14:26:42.745+0800: 12454386.723: [CMS-concurrent-mark-start]
2020-08-01T14:26:45.737+0800: 12454389.715: [CMS-concurrent-mark: 2.992/2.992 secs] [Times: user=6.40 sys=0.09, real=2.99 secs] 
2020-08-01T14:26:45.737+0800: 12454389.715: [CMS-concurrent-preclean-start]
2020-08-01T14:26:45.749+0800: 12454389.727: [CMS-concurrent-preclean: 0.011/0.011 secs] [Times: user=0.01 sys=0.00, real=0.02 secs] 
2020-08-01T14:26:45.749+0800: 12454389.727: [CMS-concurrent-abortable-preclean-start]
 CMS: abort preclean due to time 2020-08-01T14:26:51.002+0800: 12454394.980: [CMS-concurrent-abortable-preclean: 4.150/5.253 secs] [Times: user=4.60 sys=0.22, real=5.25 secs] 
2020-08-01T14:26:51.003+0800: 12454394.981: [GC (CMS Final Remark) [YG occupancy: 578595 K (737280 K)]2020-08-01T14:26:51.003+0800: 12454394.981: [Rescan (parallel) , 0.0416184 secs]2020-08-01T14:26:51.045+0800: 12454395.023: [weak refs processing, 0.0000485 secs]2020-08-01T14:26:51.045+0800: 12454395.023: [class unloading, 0.0211345 secs]2020-08-01T14:26:51.066+0800: 12454395.044: [scrub symbol table, 0.0060259 secs]2020-08-01T14:26:51.072+0800: 12454395.050: [scrub string table, 0.0008440 secs][1 CMS-remark: 4700403K(5472256K)] 5278998K(6209536K), 0.0698475 secs] [Times: user=0.30 sys=0.00, real=0.07 secs] 
2020-08-01T14:26:51.073+0800: 12454395.051: [CMS-concurrent-sweep-start]
2020-08-01T14:26:52.776+0800: 12454396.754: [CMS-concurrent-sweep: 1.702/1.702 secs] [Times: user=1.84 sys=0.04, real=1.70 secs] 
2020-08-01T14:26:52.776+0800: 12454396.754: [CMS-concurrent-reset-start]
2020-08-01T14:26:52.795+0800: 12454396.773: [CMS-concurrent-reset: 0.019/0.019 secs] [Times: user=0.02 sys=0.00, real=0.02 secs] 
2020-08-01T14:26:54.796+0800: 12454398.774: [GC (CMS Initial Mark) [1 CMS-initial-mark: 4700394K(5472256K)] 5314105K(6209536K), 0.0342072 secs] [Times: user=0.25 sys=0.00, real=0.04 secs] 
2020-08-01T14:26:54.830+0800: 12454398.808: [CMS-concurrent-mark-start]
2020-08-01T14:26:59.258+0800: 12454403.236: [CMS-concurrent-mark: 4.428/4.428 secs] [Times: user=9.33 sys=0.28, real=4.42 secs] 
2020-08-01T14:26:59.258+0800: 12454403.236: [CMS-concurrent-preclean-start]
2020-08-01T14:26:59.267+0800: 12454403.245: [CMS-concurrent-preclean: 0.008/0.008 secs] [Times: user=0.01 sys=0.00, real=0.02 secs] 
2020-08-01T14:26:59.267+0800: 12454403.245: [CMS-concurrent-abortable-preclean-start]
 CMS: abort preclean due to time 2020-08-01T14:27:04.933+0800: 12454408.911: [CMS-concurrent-abortable-preclean: 4.966/5.667 secs] [Times: user=2.65 sys=0.34, real=5.66 secs] 
2020-08-01T14:27:04.935+0800: 12454408.913: [GC (CMS Final Remark) [YG occupancy: 725159 K (737280 K)]2020-08-01T14:27:04.935+0800: 12454408.913: [Rescan (parallel) , 0.0425932 secs]2020-08-01T14:27:04.978+0800: 12454408.956: [weak refs processing, 0.0000355 secs]2020-08-01T14:27:04.978+0800: 12454408.956: [class unloading, 0.0177637 secs]2020-08-01T14:27:04.996+0800: 12454408.973: [scrub symbol table, 0.0064654 secs]2020-08-01T14:27:05.002+0800: 12454408.980: [scrub string table, 0.0009062 secs][1 CMS-remark: 4700394K(5472256K)] 5425553K(6209536K), 0.0679503 secs] [Times: user=0.36 sys=0.00, real=0.07 secs] 
2020-08-01T14:27:05.003+0800: 12454408.981: [CMS-concurrent-sweep-start]
2020-08-01T14:27:06.452+0800: 12454410.430: [GC (Allocation Failure) 2020-08-01T14:27:06.452+0800: 12454410.430: [ParNew: 737280K->81920K(737280K), 0.1000568 secs] 5437672K->4813633K(6209536K), 0.1002207 secs] [Times: user=0.62 sys=0.00, real=0.10 secs] 
2020-08-01T14:27:06.836+0800: 12454410.814: [CMS-concurrent-sweep: 1.728/1.833 secs] [Times: user=2.52 sys=0.11, real=1.83 secs] 
2020-08-01T14:27:06.836+0800: 12454410.814: [CMS-concurrent-reset-start]
2020-08-01T14:27:06.855+0800: 12454410.833: [CMS-concurrent-reset: 0.019/0.019 secs] [Times: user=0.02 sys=0.00, real=0.02 secs] 
2020-08-01T14:27:08.856+0800: 12454412.834: [GC (CMS Initial Mark) [1 CMS-initial-mark: 4731713K(5472256K)] 4862201K(6209536K), 0.0097105 secs] [Times: user=0.06 sys=0.00, real=0.01 secs] 
2020-08-01T14:27:08.866+0800: 12454412.843: [CMS-concurrent-mark-start]
2020-08-01T14:27:13.237+0800: 12454417.215: [CMS-concurrent-mark: 4.371/4.371 secs] [Times: user=9.24 sys=0.08, real=4.37 secs] 
2020-08-01T14:27:13.237+0800: 12454417.215: [CMS-concurrent-preclean-start]
2020-08-01T14:27:13.245+0800: 12454417.223: [CMS-concurrent-preclean: 0.008/0.008 secs] [Times: user=0.01 sys=0.00, real=0.01 secs] 
2020-08-01T14:27:13.245+0800: 12454417.223: [CMS-concurrent-abortable-preclean-start]
 CMS: abort preclean due to time 2020-08-01T14:27:18.341+0800: 12454422.319: [CMS-concurrent-abortable-preclean: 4.391/5.097 secs] [Times: user=4.94 sys=0.28, real=5.10 secs] 
2020-08-01T14:27:18.343+0800: 12454422.321: [GC (CMS Final Remark) [YG occupancy: 252304 K (737280 K)]2020-08-01T14:27:18.343+0800: 12454422.321: [Rescan (parallel) , 0.0350791 secs]2020-08-01T14:27:18.378+0800: 12454422.356: [weak refs processing, 0.0000622 secs]2020-08-01T14:27:18.378+0800: 12454422.356: [class unloading, 0.0176923 secs]2020-08-01T14:27:18.396+0800: 12454422.374: [scrub symbol table, 0.0065654 secs]2020-08-01T14:27:18.403+0800: 12454422.380: [scrub string table, 0.0008633 secs][1 CMS-remark: 4731713K(5472256K)] 4984017K(6209536K), 0.0604322 secs] [Times: user=0.22 sys=0.00, real=0.06 secs] 
2020-08-01T14:27:18.404+0800: 12454422.382: [CMS-concurrent-sweep-start]
2020-08-01T14:27:20.247+0800: 12454424.225: [CMS-concurrent-sweep: 1.843/1.843 secs] [Times: user=2.17 sys=0.15, real=1.85 secs] 
2020-08-01T14:27:20.247+0800: 12454424.225: [CMS-concurrent-reset-start]
2020-08-01T14:27:20.266+0800: 12454424.244: [CMS-concurrent-reset: 0.019/0.019 secs] [Times: user=0.02 sys=0.01, real=0.01 secs] 
2020-08-01T14:27:22.267+0800: 12454426.244: [GC (CMS Initial Mark) [1 CMS-initial-mark: 4728728K(5472256K)] 5057855K(6209536K), 0.0296694 secs] [Times: user=0.14 sys=0.00, real=0.02 secs] 
2020-08-01T14:27:22.297+0800: 12454426.274: [CMS-concurrent-mark-start]
2020-08-01T14:27:25.234+0800: 12454429.211: [CMS-concurrent-mark: 2.937/2.937 secs] [Times: user=6.19 sys=0.13, real=2.94 secs] 
2020-08-01T14:27:25.234+0800: 12454429.211: [CMS-concurrent-preclean-start]
2020-08-01T14:27:25.242+0800: 12454429.220: [CMS-concurrent-preclean: 0.008/0.008 secs] [Times: user=0.01 sys=0.00, real=0.01 secs] 
2020-08-01T14:27:25.242+0800: 12454429.220: [CMS-concurrent-abortable-preclean-start]
 CMS: abort preclean due to time 2020-08-01T14:27:30.333+0800: 12454434.311: [CMS-concurrent-abortable-preclean: 4.381/5.091 secs] [Times: user=5.21 sys=0.35, real=5.09 secs] 
2020-08-01T14:27:30.335+0800: 12454434.313: [GC (CMS Final Remark) [YG occupancy: 550736 K (737280 K)]2020-08-01T14:27:30.335+0800: 12454434.313: [Rescan (parallel) , 0.0345889 secs]2020-08-01T14:27:30.369+0800: 12454434.347: [weak refs processing, 0.0000357 secs]2020-08-01T14:27:30.369+0800: 12454434.347: [class unloading, 0.0178631 secs]2020-08-01T14:27:30.387+0800: 12454434.365: [scrub symbol table, 0.0061608 secs]2020-08-01T14:27:30.393+0800: 12454434.371: [scrub string table, 0.0008633 secs][1 CMS-remark: 4728728K(5472256K)] 5279464K(6209536K), 0.0596789 secs] [Times: user=0.29 sys=0.00, real=0.06 secs] 
2020-08-01T14:27:30.395+0800: 12454434.372: [CMS-concurrent-sweep-start]
2020-08-01T14:27:32.099+0800: 12454436.077: [CMS-concurrent-sweep: 1.704/1.704 secs] [Times: user=1.88 sys=0.10, real=1.71 secs] 
2020-08-01T14:27:32.099+0800: 12454436.077: [CMS-concurrent-reset-start]
2020-08-01T14:27:32.118+0800: 12454436.096: [CMS-concurrent-reset: 0.019/0.019 secs] [Times: user=0.02 sys=0.01, real=0.01 secs] 
2020-08-01T14:27:34.119+0800: 12454438.097: [GC (CMS Initial Mark) [1 CMS-initial-mark: 4728726K(5472256K)] 5368108K(6209536K), 0.0345051 secs] [Times: user=0.26 sys=0.00, real=0.03 secs] 
2020-08-01T14:27:34.154+0800: 12454438.131: [CMS-concurrent-mark-start]
2020-08-01T14:27:37.087+0800: 12454441.065: [CMS-concurrent-mark: 2.932/2.933 secs] [Times: user=6.32 sys=0.05, real=2.94 secs] 
2020-08-01T14:27:37.087+0800: 12454441.065: [CMS-concurrent-preclean-start]
2020-08-01T14:27:37.095+0800: 12454441.073: [CMS-concurrent-preclean: 0.008/0.008 secs] [Times: user=0.01 sys=0.00, real=0.00 secs] 
2020-08-01T14:27:37.095+0800: 12454441.073: [CMS-concurrent-abortable-preclean-start]
2020-08-01T14:27:40.067+0800: 12454444.045: [GC (Allocation Failure) 2020-08-01T14:27:40.067+0800: 12454444.045: [ParNew: 737280K->81919K(737280K), 0.0979320 secs] 5466006K->4843147K(6209536K), 0.0981458 secs] [Times: user=0.62 sys=0.00, real=0.09 secs] 
 CMS: abort preclean due to time 2020-08-01T14:27:42.176+0800: 12454446.154: [CMS-concurrent-abortable-preclean: 4.076/5.081 secs] [Times: user=5.16 sys=0.36, real=5.08 secs] 
2020-08-01T14:27:42.177+0800: 12454446.155: [GC (CMS Final Remark) [YG occupancy: 119124 K (737280 K)]2020-08-01T14:27:42.177+0800: 12454446.155: [Rescan (parallel) , 0.0135915 secs]2020-08-01T14:27:42.191+0800: 12454446.169: [weak refs processing, 0.0000406 secs]2020-08-01T14:27:42.191+0800: 12454446.169: [class unloading, 0.0175361 secs]2020-08-01T14:27:42.209+0800: 12454446.187: [scrub symbol table, 0.0064556 secs]2020-08-01T14:27:42.215+0800: 12454446.193: [scrub string table, 0.0008763 secs][1 CMS-remark: 4761227K(5472256K)] 4880352K(6209536K), 0.0386634 secs] [Times: user=0.13 sys=0.00, real=0.04 secs] 
2020-08-01T14:27:42.217+0800: 12454446.195: [CMS-concurrent-sweep-start]
2020-08-01T14:27:43.905+0800: 12454447.883: [CMS-concurrent-sweep: 1.689/1.689 secs] [Times: user=1.82 sys=0.06, real=1.69 secs] 
2020-08-01T14:27:43.905+0800: 12454447.883: [CMS-concurrent-reset-start]
2020-08-01T14:27:43.924+0800: 12454447.902: [CMS-concurrent-reset: 0.019/0.019 secs] [Times: user=0.02 sys=0.00, real=0.02 secs] 
2020-08-01T14:27:45.925+0800: 12454449.902: [GC (CMS Initial Mark) [1 CMS-initial-mark: 4761204K(5472256K)] 4930759K(6209536K), 0.0117035 secs] [Times: user=0.07 sys=0.00, real=0.01 secs] 
2020-08-01T14:27:45.937+0800: 12454449.914: [CMS-concurrent-mark-start]
2020-08-01T14:27:48.765+0800: 12454452.743: [CMS-concurrent-mark: 2.829/2.829 secs] [Times: user=5.95 sys=0.11, real=2.83 secs] 
2020-08-01T14:27:48.766+0800: 12454452.743: [CMS-concurrent-preclean-start]
2020-08-01T14:27:48.774+0800: 12454452.752: [CMS-concurrent-preclean: 0.008/0.008 secs] [Times: user=0.01 sys=0.00, real=0.01 secs] 
2020-08-01T14:27:48.774+0800: 12454452.752: [CMS-concurrent-abortable-preclean-start]
 CMS: abort preclean due to time 2020-08-01T14:27:53.949+0800: 12454457.926: [CMS-concurrent-abortable-preclean: 4.174/5.175 secs] [Times: user=4.56 sys=0.22, real=5.18 secs] 
2020-08-01T14:27:53.950+0800: 12454457.928: [GC (CMS Final Remark) [YG occupancy: 255033 K (737280 K)]2020-08-01T14:27:53.950+0800: 12454457.928: [Rescan (parallel) , 0.0181964 secs]2020-08-01T14:27:53.968+0800: 12454457.946: [weak refs processing, 0.0000546 secs]2020-08-01T14:27:53.968+0800: 12454457.946: [class unloading, 0.0177335 secs]2020-08-01T14:27:53.986+0800: 12454457.964: [scrub symbol table, 0.0062466 secs]2020-08-01T14:27:53.992+0800: 12454457.970: [scrub string table, 0.0008643 secs][1 CMS-remark: 4761204K(5472256K)] 5016237K(6209536K), 0.0432463 secs] [Times: user=0.15 sys=0.00, real=0.04 secs] 
2020-08-01T14:27:53.994+0800: 12454457.971: [CMS-concurrent-sweep-start]
2020-08-01T14:27:55.731+0800: 12454459.709: [CMS-concurrent-sweep: 1.737/1.737 secs] [Times: user=1.94 sys=0.05, real=1.74 secs] 
2020-08-01T14:27:55.731+0800: 12454459.709: [CMS-concurrent-reset-start]
2020-08-01T14:27:55.750+0800: 12454459.728: [CMS-concurrent-reset: 0.019/0.019 secs] [Times: user=0.02 sys=0.00, real=0.02 secs] 
2020-08-01T14:27:57.750+0800: 12454461.728: [GC (CMS Initial Mark) [1 CMS-initial-mark: 4759473K(5472256K)] 5075682K(6209536K), 0.0177886 secs] [Times: user=0.12 sys=0.01, real=0.02 secs] 
2020-08-01T14:27:57.768+0800: 12454461.746: [CMS-concurrent-mark-start]
2020-08-01T14:28:00.614+0800: 12454464.592: [CMS-concurrent-mark: 2.846/2.846 secs] [Times: user=6.05 sys=0.08, real=2.84 secs] 
2020-08-01T14:28:00.614+0800: 12454464.592: [CMS-concurrent-preclean-start]
2020-08-01T14:28:00.622+0800: 12454464.600: [CMS-concurrent-preclean: 0.008/0.008 secs] [Times: user=0.01 sys=0.01, real=0.01 secs] 
2020-08-01T14:28:00.622+0800: 12454464.600: [CMS-concurrent-abortable-preclean-start]
 CMS: abort preclean due to time 2020-08-01T14:28:05.770+0800: 12454469.747: [CMS-concurrent-abortable-preclean: 4.746/5.147 secs] [Times: user=5.30 sys=0.23, real=5.15 secs] 
2020-08-01T14:28:05.771+0800: 12454469.749: [GC (CMS Final Remark) [YG occupancy: 447201 K (737280 K)]2020-08-01T14:28:05.771+0800: 12454469.749: [Rescan (parallel) , 0.0319008 secs]2020-08-01T14:28:05.803+0800: 12454469.781: [weak refs processing, 0.0000380 secs]2020-08-01T14:28:05.803+0800: 12454469.781: [class unloading, 0.0188237 secs]2020-08-01T14:28:05.822+0800: 12454469.800: [scrub symbol table, 0.0066453 secs]2020-08-01T14:28:05.829+0800: 12454469.807: [scrub string table, 0.0009174 secs][1 CMS-remark: 4759473K(5472256K)] 5206675K(6209536K), 0.0585359 secs] [Times: user=0.23 sys=0.00, real=0.06 secs] 
2020-08-01T14:28:05.830+0800: 12454469.808: [CMS-concurrent-sweep-start]
2020-08-01T14:28:07.604+0800: 12454471.582: [CMS-concurrent-sweep: 1.774/1.774 secs] [Times: user=1.98 sys=0.63, real=1.77 secs] 
2020-08-01T14:28:07.604+0800: 12454471.582: [CMS-concurrent-reset-start]
2020-08-01T14:28:07.624+0800: 12454471.602: [CMS-concurrent-reset: 0.019/0.019 secs] [Times: user=0.02 sys=0.00, real=0.02 secs] 
2020-08-01T14:28:09.624+0800: 12454473.602: [GC (CMS Initial Mark) [1 CMS-initial-mark: 4759469K(5472256K)] 5272672K(6209536K), 0.0315281 secs] [Times: user=0.19 sys=0.00, real=0.03 secs] 
2020-08-01T14:28:09.656+0800: 12454473.634: [CMS-concurrent-mark-start]
2020-08-01T14:28:12.525+0800: 12454476.503: [CMS-concurrent-mark: 2.869/2.869 secs] [Times: user=6.11 sys=0.03, real=2.87 secs] 
2020-08-01T14:28:12.525+0800: 12454476.503: [CMS-concurrent-preclean-start]
2020-08-01T14:28:12.535+0800: 12454476.513: [CMS-concurrent-preclean: 0.010/0.010 secs] [Times: user=0.01 sys=0.00, real=0.01 secs] 
2020-08-01T14:28:12.535+0800: 12454476.513: [CMS-concurrent-abortable-preclean-start]
 CMS: abort preclean due to time 2020-08-01T14:28:17.858+0800: 12454481.836: [CMS-concurrent-abortable-preclean: 4.222/5.323 secs] [Times: user=4.67 sys=0.30, real=5.32 secs] 
2020-08-01T14:28:17.860+0800: 12454481.838: [GC (CMS Final Remark) [YG occupancy: 632986 K (737280 K)]2020-08-01T14:28:17.860+0800: 12454481.838: [Rescan (parallel) , 0.0444628 secs]2020-08-01T14:28:17.904+0800: 12454481.882: [weak refs processing, 0.0000460 secs]2020-08-01T14:28:17.904+0800: 12454481.882: [class unloading, 0.0180574 secs]2020-08-01T14:28:17.922+0800: 12454481.900: [scrub symbol table, 0.0066511 secs]2020-08-01T14:28:17.929+0800: 12454481.907: [scrub string table, 0.0008901 secs][1 CMS-remark: 4759469K(5472256K)] 5392455K(6209536K), 0.0702886 secs] [Times: user=0.33 sys=0.00, real=0.07 secs] 
2020-08-01T14:28:17.930+0800: 12454481.908: [CMS-concurrent-sweep-start]
2020-08-01T14:28:19.685+0800: 12454483.663: [CMS-concurrent-sweep: 1.753/1.755 secs] [Times: user=1.94 sys=0.09, real=1.75 secs] 
2020-08-01T14:28:19.685+0800: 12454483.663: [CMS-concurrent-reset-start]
2020-08-01T14:28:19.704+0800: 12454483.682: [CMS-concurrent-reset: 0.019/0.019 secs] [Times: user=0.02 sys=0.00, real=0.02 secs] 
2020-08-01T14:28:21.705+0800: 12454485.683: [GC (CMS Initial Mark) [1 CMS-initial-mark: 4759462K(5472256K)] 5431219K(6209536K), 0.0376202 secs] [Times: user=0.25 sys=0.00, real=0.04 secs] 
2020-08-01T14:28:21.743+0800: 12454485.721: [CMS-concurrent-mark-start]
2020-08-01T14:28:24.549+0800: 12454488.527: [CMS-concurrent-mark: 2.804/2.806 secs] [Times: user=6.03 sys=0.06, real=2.81 secs] 
2020-08-01T14:28:24.549+0800: 12454488.527: [CMS-concurrent-preclean-start]
2020-08-01T14:28:24.557+0800: 12454488.535: [CMS-concurrent-preclean: 0.008/0.008 secs] [Times: user=0.00 sys=0.00, real=0.00 secs] 
2020-08-01T14:28:24.557+0800: 12454488.535: [CMS-concurrent-abortable-preclean-start]
2020-08-01T14:28:27.053+0800: 12454491.031: [GC (Allocation Failure) 2020-08-01T14:28:27.053+0800: 12454491.031: [ParNew: 737279K->81920K(737280K), 0.1211693 secs] 5496742K->4878806K(6209536K), 0.1213643 secs] [Times: user=0.64 sys=0.00, real=0.12 secs] 
 CMS: abort preclean due to time 2020-08-01T14:28:29.786+0800: 12454493.764: [CMS-concurrent-abortable-preclean: 3.896/5.229 secs] [Times: user=5.07 sys=0.25, real=5.23 secs] 
2020-08-01T14:28:29.787+0800: 12454493.765: [GC (CMS Final Remark) [YG occupancy: 133598 K (737280 K)]2020-08-01T14:28:29.787+0800: 12454493.765: [Rescan (parallel) , 0.0112094 secs]2020-08-01T14:28:29.799+0800: 12454493.777: [weak refs processing, 0.0000700 secs]2020-08-01T14:28:29.799+0800: 12454493.777: [class unloading, 0.0193171 secs]2020-08-01T14:28:29.818+0800: 12454493.796: [scrub symbol table, 0.0067874 secs]2020-08-01T14:28:29.825+0800: 12454493.803: [scrub string table, 0.0009192 secs][1 CMS-remark: 4796886K(5472256K)] 4930485K(6209536K), 0.0384801 secs] [Times: user=0.10 sys=0.00, real=0.03 secs] 
2020-08-01T14:28:29.826+0800: 12454493.804: [CMS-concurrent-sweep-start]
2020-08-01T14:28:31.594+0800: 12454495.572: [CMS-concurrent-sweep: 1.768/1.768 secs] [Times: user=1.95 sys=0.08, real=1.77 secs] 
2020-08-01T14:28:31.594+0800: 12454495.572: [CMS-concurrent-reset-start]
2020-08-01T14:28:31.613+0800: 12454495.591: [CMS-concurrent-reset: 0.019/0.019 secs] [Times: user=0.02 sys=0.01, real=0.02 secs] 
2020-08-01T14:28:33.614+0800: 12454497.592: [GC (CMS Initial Mark) [1 CMS-initial-mark: 4796874K(5472256K)] 4985479K(6209536K), 0.0117338 secs] [Times: user=0.08 sys=0.00, real=0.01 secs] 
2020-08-01T14:28:33.626+0800: 12454497.604: [CMS-concurrent-mark-start]
2020-08-01T14:28:36.569+0800: 12454500.547: [CMS-concurrent-mark: 2.944/2.944 secs] [Times: user=6.42 sys=0.11, real=2.95 secs] 
2020-08-01T14:28:36.569+0800: 12454500.547: [CMS-concurrent-preclean-start]
2020-08-01T14:28:36.578+0800: 12454500.556: [CMS-concurrent-preclean: 0.009/0.009 secs] [Times: user=0.00 sys=0.00, real=0.00 secs] 
2020-08-01T14:28:36.578+0800: 12454500.556: [CMS-concurrent-abortable-preclean-start]
 CMS: abort preclean due to time 2020-08-01T14:28:41.774+0800: 12454505.752: [CMS-concurrent-abortable-preclean: 3.795/5.196 secs] [Times: user=4.22 sys=0.28, real=5.20 secs] 
2020-08-01T14:28:41.776+0800: 12454505.754: [GC (CMS Final Remark) [YG occupancy: 341358 K (737280 K)]2020-08-01T14:28:41.776+0800: 12454505.754: [Rescan (parallel) , 0.0327279 secs]2020-08-01T14:28:41.809+0800: 12454505.787: [weak refs processing, 0.0000631 secs]2020-08-01T14:28:41.809+0800: 12454505.787: [class unloading, 0.0201642 secs]2020-08-01T14:28:41.829+0800: 12454505.807: [scrub symbol table, 0.0081461 secs]2020-08-01T14:28:41.837+0800: 12454505.815: [scrub string table, 0.0028406 secs][1 CMS-remark: 4796874K(5472256K)] 5138233K(6209536K), 0.0641880 secs] [Times: user=0.21 sys=0.00, real=0.07 secs] 
2020-08-01T14:28:41.842+0800: 12454505.820: [CMS-concurrent-sweep-start]
2020-08-01T14:28:43.651+0800: 12454507.629: [CMS-concurrent-sweep: 1.810/1.810 secs] [Times: user=1.97 sys=0.12, real=1.81 secs] 
2020-08-01T14:28:43.652+0800: 12454507.629: [CMS-concurrent-reset-start]
2020-08-01T14:28:43.672+0800: 12454507.650: [CMS-concurrent-reset: 0.021/0.021 secs] [Times: user=0.02 sys=0.00, real=0.02 secs] 
2020-08-01T14:28:45.673+0800: 12454509.650: [GC (CMS Initial Mark) [1 CMS-initial-mark: 4792868K(5472256K)] 5193025K(6209536K), 0.0232256 secs] [Times: user=0.18 sys=0.00, real=0.02 secs] 
2020-08-01T14:28:45.696+0800: 12454509.674: [CMS-concurrent-mark-start]
2020-08-01T14:28:48.642+0800: 12454512.620: [CMS-concurrent-mark: 2.946/2.946 secs] [Times: user=6.28 sys=0.05, real=2.95 secs] 
2020-08-01T14:28:48.642+0800: 12454512.620: [CMS-concurrent-preclean-start]
2020-08-01T14:28:48.651+0800: 12454512.629: [CMS-concurrent-preclean: 0.008/0.008 secs] [Times: user=0.01 sys=0.00, real=0.01 secs] 
2020-08-01T14:28:48.651+0800: 12454512.629: [CMS-concurrent-abortable-preclean-start]
 CMS: abort preclean due to time 2020-08-01T14:28:53.970+0800: 12454517.948: [CMS-concurrent-abortable-preclean: 3.818/5.319 secs] [Times: user=4.57 sys=0.27, real=5.32 secs] 
2020-08-01T14:28:53.972+0800: 12454517.949: [GC (CMS Final Remark) [YG occupancy: 548120 K (737280 K)]2020-08-01T14:28:53.972+0800: 12454517.950: [Rescan (parallel) , 0.0419230 secs]2020-08-01T14:28:54.014+0800: 12454517.991: [weak refs processing, 0.0000452 secs]2020-08-01T14:28:54.014+0800: 12454517.992: [class unloading, 0.0187813 secs]2020-08-01T14:28:54.033+0800: 12454518.010: [scrub symbol table, 0.0060621 secs]2020-08-01T14:28:54.039+0800: 12454518.016: [scrub string table, 0.0008752 secs][1 CMS-remark: 4792868K(5472256K)] 5340988K(6209536K), 0.0678676 secs] [Times: user=0.30 sys=0.00, real=0.07 secs] 
2020-08-01T14:28:54.040+0800: 12454518.018: [CMS-concurrent-sweep-start]
2020-08-01T14:28:55.785+0800: 12454519.763: [CMS-concurrent-sweep: 1.745/1.745 secs] [Times: user=1.86 sys=0.10, real=1.74 secs] 
2020-08-01T14:28:55.785+0800: 12454519.763: [CMS-concurrent-reset-start]
2020-08-01T14:28:55.804+0800: 12454519.782: [CMS-concurrent-reset: 0.019/0.019 secs] [Times: user=0.02 sys=0.00, real=0.02 secs] 
2020-08-01T14:28:57.805+0800: 12454521.782: [GC (CMS Initial Mark) [1 CMS-initial-mark: 4792863K(5472256K)] 5395590K(6209536K), 0.0354267 secs] [Times: user=0.27 sys=0.00, real=0.04 secs] 
2020-08-01T14:28:57.840+0800: 12454521.818: [CMS-concurrent-mark-start]
2020-08-01T14:29:00.787+0800: 12454524.765: [CMS-concurrent-mark: 2.947/2.947 secs] [Times: user=6.30 sys=0.06, real=2.95 secs] 
2020-08-01T14:29:00.787+0800: 12454524.765: [CMS-concurrent-preclean-start]
2020-08-01T14:29:00.795+0800: 12454524.773: [CMS-concurrent-preclean: 0.008/0.008 secs] [Times: user=0.00 sys=0.00, real=0.00 secs] 
2020-08-01T14:29:00.795+0800: 12454524.773: [CMS-concurrent-abortable-preclean-start]
2020-08-01T14:29:05.986+0800: 12454529.963: [GC (Allocation Failure) 2020-08-01T14:29:05.986+0800: 12454529.964: [ParNew: 737280K->81920K(737280K), 0.0962450 secs] 5530143K->4906819K(6209536K), 0.0964208 secs] [Times: user=0.60 sys=0.00, real=0.10 secs] 
 CMS: abort preclean due to time 2020-08-01T14:29:06.127+0800: 12454530.105: [CMS-concurrent-abortable-preclean: 3.828/5.333 secs] [Times: user=5.15 sys=0.52, real=5.34 secs] 
2020-08-01T14:29:06.129+0800: 12454530.107: [GC (CMS Final Remark) [YG occupancy: 100181 K (737280 K)]2020-08-01T14:29:06.129+0800: 12454530.107: [Rescan (parallel) , 0.0135944 secs]2020-08-01T14:29:06.143+0800: 12454530.121: [weak refs processing, 0.0000384 secs]2020-08-01T14:29:06.143+0800: 12454530.121: [class unloading, 0.0174036 secs]2020-08-01T14:29:06.160+0800: 12454530.138: [scrub symbol table, 0.0062163 secs]2020-08-01T14:29:06.166+0800: 12454530.144: [scrub string table, 0.0008920 secs][1 CMS-remark: 4824899K(5472256K)] 4925081K(6209536K), 0.0383111 secs] [Times: user=0.11 sys=0.00, real=0.04 secs] 
2020-08-01T14:29:06.168+0800: 12454530.145: [CMS-concurrent-sweep-start]
2020-08-01T14:29:07.940+0800: 12454531.917: [CMS-concurrent-sweep: 1.772/1.772 secs] [Times: user=2.07 sys=0.18, real=1.77 secs] 
2020-08-01T14:29:07.940+0800: 12454531.917: [CMS-concurrent-reset-start]
2020-08-01T14:29:07.961+0800: 12454531.938: [CMS-concurrent-reset: 0.021/0.021 secs] [Times: user=0.02 sys=0.00, real=0.02 secs] 
2020-08-01T14:29:09.961+0800: 12454533.939: [GC (CMS Initial Mark) [1 CMS-initial-mark: 4824899K(5472256K)] 4991496K(6209536K), 0.0114040 secs] [Times: user=0.07 sys=0.00, real=0.01 secs] 
2020-08-01T14:29:09.973+0800: 12454533.951: [CMS-concurrent-mark-start]
2020-08-01T14:29:12.884+0800: 12454536.862: [CMS-concurrent-mark: 2.911/2.911 secs] [Times: user=6.08 sys=0.07, real=2.91 secs] 
2020-08-01T14:29:12.884+0800: 12454536.862: [CMS-concurrent-preclean-start]
2020-08-01T14:29:12.896+0800: 12454536.874: [CMS-concurrent-preclean: 0.012/0.012 secs] [Times: user=0.02 sys=0.00, real=0.01 secs] 
2020-08-01T14:29:12.896+0800: 12454536.874: [CMS-concurrent-abortable-preclean-start]
 CMS: abort preclean due to time 2020-08-01T14:29:18.206+0800: 12454542.184: [CMS-concurrent-abortable-preclean: 4.507/5.310 secs] [Times: user=5.02 sys=0.38, real=5.32 secs] 
2020-08-01T14:29:18.208+0800: 12454542.186: [GC (CMS Final Remark) [YG occupancy: 275213 K (737280 K)]2020-08-01T14:29:18.208+0800: 12454542.186: [Rescan (parallel) , 0.0238006 secs]2020-08-01T14:29:18.232+0800: 12454542.210: [weak refs processing, 0.0000516 secs]2020-08-01T14:29:18.232+0800: 12454542.210: [class unloading, 0.0186495 secs]2020-08-01T14:29:18.251+0800: 12454542.229: [scrub symbol table, 0.0064629 secs]2020-08-01T14:29:18.257+0800: 12454542.235: [scrub string table, 0.0009064 secs][1 CMS-remark: 4824899K(5472256K)] 5100112K(6209536K), 0.0500648 secs] [Times: user=0.20 sys=0.00, real=0.05 secs] 
2020-08-01T14:29:18.259+0800: 12454542.237: [CMS-concurrent-sweep-start]
2020-08-01T14:29:20.054+0800: 12454544.032: [CMS-concurrent-sweep: 1.795/1.795 secs] [Times: user=1.97 sys=0.07, real=1.79 secs] 
2020-08-01T14:29:20.054+0800: 12454544.032: [CMS-concurrent-reset-start]
2020-08-01T14:29:20.073+0800: 12454544.051: [CMS-concurrent-reset: 0.019/0.019 secs] [Times: user=0.02 sys=0.00, real=0.02 secs] 
2020-08-01T14:29:22.074+0800: 12454546.052: [GC (CMS Initial Mark) [1 CMS-initial-mark: 4822432K(5472256K)] 5143689K(6209536K), 0.0210497 secs] [Times: user=0.14 sys=0.00, real=0.02 secs] 
2020-08-01T14:29:22.095+0800: 12454546.073: [CMS-concurrent-mark-start]
2020-08-01T14:29:25.637+0800: 12454549.614: [CMS-concurrent-mark: 3.538/3.541 secs] [Times: user=7.58 sys=0.18, real=3.54 secs] 
2020-08-01T14:29:25.637+0800: 12454549.614: [CMS-concurrent-preclean-start]
2020-08-01T14:29:25.644+0800: 12454549.622: [CMS-concurrent-preclean: 0.008/0.008 secs] [Times: user=0.01 sys=0.00, real=0.01 secs] 
2020-08-01T14:29:25.644+0800: 12454549.622: [CMS-concurrent-abortable-preclean-start]
 CMS: abort preclean due to time 2020-08-01T14:29:30.839+0800: 12454554.817: [CMS-concurrent-abortable-preclean: 3.985/5.194 secs] [Times: user=4.60 sys=0.92, real=5.20 secs] 
2020-08-01T14:29:30.840+0800: 12454554.818: [GC (CMS Final Remark) [YG occupancy: 480019 K (737280 K)]2020-08-01T14:29:30.840+0800: 12454554.818: [Rescan (parallel) , 0.0331430 secs]2020-08-01T14:29:30.874+0800: 12454554.851: [weak refs processing, 0.0000376 secs]2020-08-01T14:29:30.874+0800: 12454554.851: [class unloading, 0.0176098 secs]2020-08-01T14:29:30.891+0800: 12454554.869: [scrub symbol table, 0.0061476 secs]2020-08-01T14:29:30.897+0800: 12454554.875: [scrub string table, 0.0008935 secs][1 CMS-remark: 4822432K(5472256K)] 5302452K(6209536K), 0.0580109 secs] [Times: user=0.26 sys=0.00, real=0.05 secs] 
2020-08-01T14:29:30.899+0800: 12454554.876: [CMS-concurrent-sweep-start]
2020-08-01T14:29:32.709+0800: 12454556.687: [CMS-concurrent-sweep: 1.811/1.811 secs] [Times: user=2.01 sys=0.06, real=1.81 secs] 
2020-08-01T14:29:32.709+0800: 12454556.687: [CMS-concurrent-reset-start]
2020-08-01T14:29:32.730+0800: 12454556.708: [CMS-concurrent-reset: 0.021/0.021 secs] [Times: user=0.03 sys=0.00, real=0.02 secs] 
2020-08-01T14:29:34.731+0800: 12454558.709: [GC (CMS Initial Mark) [1 CMS-initial-mark: 4822427K(5472256K)] 5357750K(6209536K), 0.0303497 secs] [Times: user=0.22 sys=0.00, real=0.03 secs] 
2020-08-01T14:29:34.761+0800: 12454558.739: [CMS-concurrent-mark-start]
2020-08-01T14:29:37.693+0800: 12454561.671: [CMS-concurrent-mark: 2.932/2.932 secs] [Times: user=6.22 sys=0.05, real=2.93 secs] 
2020-08-01T14:29:37.694+0800: 12454561.671: [CMS-concurrent-preclean-start]
2020-08-01T14:29:37.702+0800: 12454561.680: [CMS-concurrent-preclean: 0.008/0.008 secs] [Times: user=0.00 sys=0.00, real=0.01 secs] 
2020-08-01T14:29:37.702+0800: 12454561.680: [CMS-concurrent-abortable-preclean-start]
 CMS: abort preclean due to time 2020-08-01T14:29:43.054+0800: 12454567.032: [CMS-concurrent-abortable-preclean: 4.049/5.352 secs] [Times: user=4.68 sys=0.86, real=5.35 secs] 
2020-08-01T14:29:43.056+0800: 12454567.033: [GC (CMS Final Remark) [YG occupancy: 673715 K (737280 K)]2020-08-01T14:29:43.056+0800: 12454567.034: [Rescan (parallel) , 0.0611558 secs]2020-08-01T14:29:43.117+0800: 12454567.095: [weak refs processing, 0.0000386 secs]2020-08-01T14:29:43.117+0800: 12454567.095: [class unloading, 0.0183312 secs]2020-08-01T14:29:43.135+0800: 12454567.113: [scrub symbol table, 0.0068426 secs]2020-08-01T14:29:43.142+0800: 12454567.120: [scrub string table, 0.0010242 secs][1 CMS-remark: 4822427K(5472256K)] 5496142K(6209536K), 0.0875893 secs] [Times: user=0.38 sys=0.00, real=0.09 secs] 
2020-08-01T14:29:43.143+0800: 12454567.121: [CMS-concurrent-sweep-start]
2020-08-01T14:29:44.981+0800: 12454568.959: [CMS-concurrent-sweep: 1.836/1.838 secs] [Times: user=2.00 sys=0.04, real=1.84 secs] 
2020-08-01T14:29:44.981+0800: 12454568.959: [CMS-concurrent-reset-start]
2020-08-01T14:29:45.000+0800: 12454568.978: [CMS-concurrent-reset: 0.019/0.019 secs] [Times: user=0.02 sys=0.00, real=0.02 secs] 
2020-08-01T14:29:47.001+0800: 12454570.979: [GC (CMS Initial Mark) [1 CMS-initial-mark: 4822419K(5472256K)] 5533183K(6209536K), 0.0478435 secs] [Times: user=0.30 sys=0.00, real=0.05 secs] 
2020-08-01T14:29:47.049+0800: 12454571.027: [CMS-concurrent-mark-start]
2020-08-01T14:29:49.334+0800: 12454573.312: [GC (Allocation Failure) 2020-08-01T14:29:49.334+0800: 12454573.312: [ParNew: 737280K->81920K(737280K), 0.1108611 secs] 5559699K->4934746K(6209536K), 0.1110720 secs] [Times: user=0.57 sys=0.00, real=0.11 secs] 
2020-08-01T14:29:50.166+0800: 12454574.144: [CMS-concurrent-mark: 3.003/3.117 secs] [Times: user=6.89 sys=0.08, real=3.12 secs] 
2020-08-01T14:29:50.167+0800: 12454574.144: [CMS-concurrent-preclean-start]
2020-08-01T14:29:50.211+0800: 12454574.189: [CMS-concurrent-preclean: 0.043/0.045 secs] [Times: user=0.05 sys=0.01, real=0.04 secs] 
2020-08-01T14:29:50.211+0800: 12454574.189: [CMS-concurrent-abortable-preclean-start]
 CMS: abort preclean due to time 2020-08-01T14:29:55.470+0800: 12454579.448: [CMS-concurrent-abortable-preclean: 4.357/5.258 secs] [Times: user=4.89 sys=0.49, real=5.26 secs] 
2020-08-01T14:29:55.471+0800: 12454579.449: [GC (CMS Final Remark) [YG occupancy: 184790 K (737280 K)]2020-08-01T14:29:55.471+0800: 12454579.449: [Rescan (parallel) , 0.0164656 secs]2020-08-01T14:29:55.488+0800: 12454579.466: [weak refs processing, 0.0000513 secs]2020-08-01T14:29:55.488+0800: 12454579.466: [class unloading, 0.0188093 secs]2020-08-01T14:29:55.507+0800: 12454579.485: [scrub symbol table, 0.0061900 secs]2020-08-01T14:29:55.513+0800: 12454579.491: [scrub string table, 0.0009142 secs][1 CMS-remark: 4852826K(5472256K)] 5037617K(6209536K), 0.0426061 secs] [Times: user=0.13 sys=0.00, real=0.04 secs] 
2020-08-01T14:29:55.514+0800: 12454579.492: [CMS-concurrent-sweep-start]
2020-08-01T14:29:57.281+0800: 12454581.259: [CMS-concurrent-sweep: 1.767/1.767 secs] [Times: user=2.00 sys=0.16, real=1.77 secs] 
2020-08-01T14:29:57.281+0800: 12454581.259: [CMS-concurrent-reset-start]
2020-08-01T14:29:57.301+0800: 12454581.278: [CMS-concurrent-reset: 0.019/0.019 secs] [Times: user=0.02 sys=0.00, real=0.02 secs] 
2020-08-01T14:29:59.307+0800: 12454583.285: [GC (CMS Initial Mark) [1 CMS-initial-mark: 4852825K(5472256K)] 5091262K(6209536K), 0.0155971 secs] [Times: user=0.10 sys=0.00, real=0.01 secs] 
2020-08-01T14:29:59.323+0800: 12454583.301: [CMS-concurrent-mark-start]
2020-08-01T14:30:04.851+0800: 12454588.829: [CMS-concurrent-mark: 5.528/5.528 secs] [Times: user=6.31 sys=0.00, real=5.53 secs] 
2020-08-01T14:30:04.851+0800: 12454588.829: [CMS-concurrent-preclean-start]
2020-08-01T14:30:04.860+0800: 12454588.838: [CMS-concurrent-preclean: 0.009/0.009 secs] [Times: user=0.01 sys=0.00, real=0.01 secs] 
2020-08-01T14:30:04.860+0800: 12454588.838: [CMS-concurrent-abortable-preclean-start]
 CMS: abort preclean due to time 2020-08-01T14:30:10.121+0800: 12454594.099: [CMS-concurrent-abortable-preclean: 4.260/5.261 secs] [Times: user=4.69 sys=0.23, real=5.26 secs] 
2020-08-01T14:30:10.123+0800: 12454594.100: [GC (CMS Final Remark) [YG occupancy: 332809 K (737280 K)]2020-08-01T14:30:10.123+0800: 12454594.100: [Rescan (parallel) , 0.0232205 secs]2020-08-01T14:30:10.146+0800: 12454594.124: [weak refs processing, 0.0000663 secs]2020-08-01T14:30:10.146+0800: 12454594.124: [class unloading, 0.0184863 secs]2020-08-01T14:30:10.164+0800: 12454594.142: [scrub symbol table, 0.0071091 secs]2020-08-01T14:30:10.172+0800: 12454594.149: [scrub string table, 0.0009393 secs][1 CMS-remark: 4852825K(5472256K)] 5185634K(6209536K), 0.0500342 secs] [Times: user=0.21 sys=0.00, real=0.05 secs] 
2020-08-01T14:30:10.173+0800: 12454594.151: [CMS-concurrent-sweep-start]
2020-08-01T14:30:12.205+0800: 12454596.183: [CMS-concurrent-sweep: 2.032/2.032 secs] [Times: user=2.90 sys=0.12, real=2.03 secs] 
2020-08-01T14:30:12.205+0800: 12454596.183: [CMS-concurrent-reset-start]
2020-08-01T14:30:12.227+0800: 12454596.205: [CMS-concurrent-reset: 0.022/0.022 secs] [Times: user=0.04 sys=0.00, real=0.03 secs] 
2020-08-01T14:30:14.228+0800: 12454598.206: [GC (CMS Initial Mark) [1 CMS-initial-mark: 4849507K(5472256K)] 5577252K(6209536K), 0.3196534 secs] [Times: user=1.13 sys=0.00, real=0.32 secs] 
2020-08-01T14:30:14.548+0800: 12454598.526: [CMS-concurrent-mark-start]
2020-08-01T14:30:15.274+0800: 12454599.251: [GC (Allocation Failure) 2020-08-01T14:30:15.274+0800: 12454599.252: [ParNew: 735823K->81920K(737280K), 1.2454479 secs] 5585330K->5231832K(6209536K), 1.2456241 secs] [Times: user=8.61 sys=0.00, real=1.25 secs] 
2020-08-01T14:30:18.252+0800: 12454602.230: [GC (Allocation Failure) 2020-08-01T14:30:18.252+0800: 12454602.230: [ParNew: 737280K->737280K(737280K), 0.0000224 secs]2020-08-01T14:30:18.252+0800: 12454602.230: [CMS2020-08-01T14:30:19.338+0800: 12454603.316: [CMS-concurrent-mark: 3.540/4.790 secs] [Times: user=18.21 sys=0.00, real=4.78 secs] 
 (concurrent mode failure): 5149912K->4700945K(5472256K), 13.0377188 secs] 5887192K->4700945K(6209536K), [Metaspace: 46721K->46721K(1091584K)], 13.0379277 secs] [Times: user=14.14 sys=0.00, real=13.04 secs] 
2020-08-01T14:30:31.777+0800: 12454615.755: [GC (Allocation Failure) 2020-08-01T14:30:31.777+0800: 12454615.755: [ParNew: 655360K->78289K(737280K), 0.0072704 secs] 5356305K->4779235K(6209536K), 0.0074314 secs] [Times: user=0.05 sys=0.00, real=0.01 secs] 
2020-08-01T14:30:31.786+0800: 12454615.764: [GC (CMS Initial Mark) [1 CMS-initial-mark: 4700945K(5472256K)] 4788351K(6209536K), 0.0011041 secs] [Times: user=0.01 sys=0.00, real=0.01 secs] 
2020-08-01T14:30:31.787+0800: 12454615.765: [CMS-concurrent-mark-start]
2020-08-01T14:30:32.266+0800: 12454616.244: [GC (Allocation Failure) 2020-08-01T14:30:32.266+0800: 12454616.244: [ParNew: 733649K->19640K(737280K), 0.0077353 secs] 5434595K->4720586K(6209536K), 0.0078881 secs] [Times: user=0.05 sys=0.00, real=0.01 secs] 
2020-08-01T14:30:32.940+0800: 12454616.918: [GC (Allocation Failure) 2020-08-01T14:30:32.940+0800: 12454616.918: [ParNew: 675000K->4979K(737280K), 0.0074467 secs] 5375946K->4705925K(6209536K), 0.0075846 secs] [Times: user=0.05 sys=0.00, real=0.01 secs] 
2020-08-01T14:30:33.610+0800: 12454617.588: [GC (Allocation Failure) 2020-08-01T14:30:33.610+0800: 12454617.588: [ParNew: 660339K->1377K(737280K), 0.0098630 secs] 5361285K->4702323K(6209536K), 0.0100117 secs] [Times: user=0.07 sys=0.00, real=0.01 secs] 
2020-08-01T14:30:34.151+0800: 12454618.129: [GC (Allocation Failure) 2020-08-01T14:30:34.151+0800: 12454618.129: [ParNew: 656737K->646K(737280K), 0.0075421 secs] 5357683K->4701592K(6209536K), 0.0076773 secs] [Times: user=0.05 sys=0.00, real=0.01 secs] 
2020-08-01T14:30:34.638+0800: 12454618.616: [GC (Allocation Failure) 2020-08-01T14:30:34.638+0800: 12454618.616: [ParNew: 656006K->469K(737280K), 0.0153267 secs] 5356952K->4701415K(6209536K), 0.0155068 secs] [Times: user=0.10 sys=0.00, real=0.02 secs] 
2020-08-01T14:30:35.120+0800: 12454619.098: [GC (Allocation Failure) 2020-08-01T14:30:35.120+0800: 12454619.098: [ParNew: 655829K->150K(737280K), 0.0075815 secs] 5356775K->4701484K(6209536K), 0.0077024 secs] [Times: user=0.05 sys=0.00, real=0.01 secs] 
2020-08-01T14:30:35.597+0800: 12454619.574: [GC (Allocation Failure) 2020-08-01T14:30:35.597+0800: 12454619.575: [ParNew: 655510K->38K(737280K), 0.0095197 secs] 5356844K->4701372K(6209536K), 0.0096517 secs] [Times: user=0.06 sys=0.00, real=0.01 secs] 
2020-08-01T14:30:36.075+0800: 12454620.053: [GC (Allocation Failure) 2020-08-01T14:30:36.075+0800: 12454620.053: [ParNew: 655398K->16K(737280K), 0.0071877 secs] 5356732K->4701350K(6209536K), 0.0073180 secs] [Times: user=0.05 sys=0.00, real=0.01 secs] 
2020-08-01T14:30:36.720+0800: 12454620.698: [GC (Allocation Failure) 2020-08-01T14:30:36.720+0800: 12454620.698: [ParNew: 655376K->16K(737280K), 0.0100941 secs] 5356710K->4701350K(6209536K), 0.0102691 secs] [Times: user=0.07 sys=0.00, real=0.01 secs] 
2020-08-01T14:30:37.204+0800: 12454621.182: [GC (Allocation Failure) 2020-08-01T14:30:37.204+0800: 12454621.182: [ParNew: 655376K->16K(737280K), 0.0081037 secs] 5356710K->4701350K(6209536K), 0.0082299 secs] [Times: user=0.06 sys=0.00, real=0.01 secs] 
2020-08-01T14:30:37.213+0800: 12454621.191: [CMS-concurrent-mark: 5.316/5.426 secs] [Times: user=16.63 sys=0.00, real=5.42 secs] 
2020-08-01T14:30:37.213+0800: 12454621.191: [CMS-concurrent-preclean-start]
2020-08-01T14:30:37.221+0800: 12454621.199: [CMS-concurrent-preclean: 0.008/0.008 secs] [Times: user=0.01 sys=0.00, real=0.01 secs] 
2020-08-01T14:30:37.221+0800: 12454621.199: [CMS-concurrent-abortable-preclean-start]
2020-08-01T14:30:37.550+0800: 12454621.528: [CMS-concurrent-abortable-preclean: 0.029/0.329 secs] [Times: user=0.37 sys=0.00, real=0.33 secs] 
2020-08-01T14:30:37.552+0800: 12454621.529: [GC (CMS Final Remark) [YG occupancy: 496049 K (737280 K)]2020-08-01T14:30:37.552+0800: 12454621.529: [Rescan (parallel) , 0.0346839 secs]2020-08-01T14:30:37.586+0800: 12454621.564: [weak refs processing, 0.0000391 secs]2020-08-01T14:30:37.586+0800: 12454621.564: [class unloading, 0.0176118 secs]2020-08-01T14:30:37.604+0800: 12454621.582: [scrub symbol table, 0.0061163 secs]2020-08-01T14:30:37.610+0800: 12454621.588: [scrub string table, 0.0009003 secs][1 CMS-remark: 4701334K(5472256K)] 5197384K(6209536K), 0.0595030 secs] [Times: user=0.29 sys=0.00, real=0.06 secs] 
2020-08-01T14:30:37.611+0800: 12454621.589: [CMS-concurrent-sweep-start]
2020-08-01T14:30:37.791+0800: 12454621.769: [GC (Allocation Failure) 2020-08-01T14:30:37.791+0800: 12454621.769: [ParNew: 655376K->16K(737280K), 0.0074001 secs] 5356710K->4701350K(6209536K), 0.0075632 secs] [Times: user=0.05 sys=0.00, real=0.00 secs] 
2020-08-01T14:30:38.466+0800: 12454622.444: [GC (Allocation Failure) 2020-08-01T14:30:38.466+0800: 12454622.444: [ParNew: 655376K->16K(737280K), 0.0071248 secs] 5356639K->4701280K(6209536K), 0.0072667 secs] [Times: user=0.06 sys=0.00, real=0.01 secs] 
2020-08-01T14:30:38.968+0800: 12454622.946: [GC (Allocation Failure) 2020-08-01T14:30:38.968+0800: 12454622.946: [ParNew: 655376K->16K(737280K), 0.0098497 secs] 5356574K->4701215K(6209536K), 0.0099993 secs] [Times: user=0.06 sys=0.00, real=0.00 secs] 
2020-08-01T14:30:39.493+0800: 12454623.470: [GC (Allocation Failure) 2020-08-01T14:30:39.493+0800: 12454623.471: [ParNew: 655376K->16K(737280K), 0.0103996 secs] 5356186K->4700826K(6209536K), 0.0105577 secs] [Times: user=0.07 sys=0.00, real=0.01 secs] 
2020-08-01T14:30:39.560+0800: 12454623.538: [CMS-concurrent-sweep: 1.906/1.948 secs] [Times: user=4.07 sys=0.00, real=1.95 secs] 
2020-08-01T14:30:39.560+0800: 12454623.538: [CMS-concurrent-reset-start]
2020-08-01T14:30:39.579+0800: 12454623.557: [CMS-concurrent-reset: 0.019/0.019 secs] [Times: user=0.04 sys=0.00, real=0.02 secs] 
2020-08-01T14:30:39.998+0800: 12454623.976: [GC (Allocation Failure) 2020-08-01T14:30:39.998+0800: 12454623.976: [ParNew: 655376K->16K(737280K), 0.0098120 secs] 5355779K->4700421K(6209536K), 0.0099503 secs] [Times: user=0.06 sys=0.00, real=0.02 secs] 
2020-08-01T14:30:40.009+0800: 12454623.987: [GC (CMS Initial Mark) [1 CMS-initial-mark: 4700405K(5472256K)] 4713521K(6209536K), 0.0009416 secs] [Times: user=0.00 sys=0.00, real=0.00 secs] 
2020-08-01T14:30:40.010+0800: 12454623.988: [CMS-concurrent-mark-start]
2020-08-01T14:30:40.669+0800: 12454624.647: [GC (Allocation Failure) 2020-08-01T14:30:40.669+0800: 12454624.647: [ParNew: 655376K->16K(737280K), 0.0097431 secs] 5355781K->4700421K(6209536K), 0.0099053 secs] [Times: user=0.06 sys=0.00, real=0.01 secs] 
2020-08-01T14:30:41.259+0800: 12454625.236: [GC (Allocation Failure) 2020-08-01T14:30:41.259+0800: 12454625.236: [ParNew: 655376K->16K(737280K), 0.0069473 secs] 5355781K->4700421K(6209536K), 0.0070935 secs] [Times: user=0.06 sys=0.00, real=0.00 secs] 
2020-08-01T14:30:41.735+0800: 12454625.713: [GC (Allocation Failure) 2020-08-01T14:30:41.735+0800: 12454625.713: [ParNew: 655376K->16K(737280K), 0.0117530 secs] 5355781K->4700422K(6209536K), 0.0119427 secs] [Times: user=0.07 sys=0.00, real=0.02 secs] 
2020-08-01T14:30:42.215+0800: 12454626.193: [GC (Allocation Failure) 2020-08-01T14:30:42.215+0800: 12454626.193: [ParNew: 655376K->16K(737280K), 0.0095819 secs] 5355782K->4700422K(6209536K), 0.0097214 secs] [Times: user=0.05 sys=0.00, real=0.01 secs] 
2020-08-01T14:30:42.706+0800: 12454626.684: [GC (Allocation Failure) 2020-08-01T14:30:42.706+0800: 12454626.684: [ParNew: 655376K->16K(737280K), 0.0068407 secs] 5355782K->4700422K(6209536K), 0.0069605 secs] [Times: user=0.05 sys=0.00, real=0.01 secs] 
2020-08-01T14:30:43.345+0800: 12454627.323: [GC (Allocation Failure) 2020-08-01T14:30:43.345+0800: 12454627.323: [ParNew: 655376K->16K(737280K), 0.0099878 secs] 5355782K->4700423K(6209536K), 0.0101451 secs] [Times: user=0.07 sys=0.00, real=0.01 secs] 
2020-08-01T14:30:43.811+0800: 12454627.789: [GC (Allocation Failure) 2020-08-01T14:30:43.811+0800: 12454627.789: [ParNew: 655376K->16K(737280K), 0.0074608 secs] 5355783K->4700424K(6209536K), 0.0076196 secs] [Times: user=0.05 sys=0.00, real=0.01 secs] 
2020-08-01T14:30:44.456+0800: 12454628.434: [GC (Allocation Failure) 2020-08-01T14:30:44.456+0800: 12454628.434: [ParNew: 655376K->16K(737280K), 0.0069825 secs] 5355784K->4700424K(6209536K), 0.0071243 secs] [Times: user=0.05 sys=0.00, real=0.01 secs] 
2020-08-01T14:30:45.096+0800: 12454629.074: [GC (Allocation Failure) 2020-08-01T14:30:45.096+0800: 12454629.074: [ParNew: 655376K->16K(737280K), 0.0098780 secs] 5355784K->4700424K(6209536K), 0.0100379 secs] [Times: user=0.06 sys=0.00, real=0.01 secs] 
2020-08-01T14:30:45.496+0800: 12454629.474: [CMS-concurrent-mark: 5.390/5.485 secs] [Times: user=16.70 sys=0.00, real=5.48 secs] 
2020-08-01T14:30:45.496+0800: 12454629.474: [CMS-concurrent-preclean-start]
2020-08-01T14:30:45.504+0800: 12454629.481: [CMS-concurrent-preclean: 0.008/0.008 secs] [Times: user=0.02 sys=0.00, real=0.01 secs] 
2020-08-01T14:30:45.504+0800: 12454629.482: [CMS-concurrent-abortable-preclean-start]
2020-08-01T14:30:45.660+0800: 12454629.638: [GC (Allocation Failure) 2020-08-01T14:30:45.660+0800: 12454629.638: [ParNew: 655376K->16K(737280K), 0.0093518 secs] 5355784K->4700424K(6209536K), 0.0094837 secs] [Times: user=0.06 sys=0.00, real=0.01 secs] 
2020-08-01T14:30:46.097+0800: 12454630.075: [CMS-concurrent-abortable-preclean: 0.041/0.593 secs] [Times: user=0.68 sys=0.00, real=0.59 secs] 
2020-08-01T14:30:46.099+0800: 12454630.076: [GC (CMS Final Remark) [YG occupancy: 642243 K (737280 K)]2020-08-01T14:30:46.099+0800: 12454630.076: [Rescan (parallel) , 0.0465315 secs]2020-08-01T14:30:46.145+0800: 12454630.123: [weak refs processing, 0.0000579 secs]2020-08-01T14:30:46.145+0800: 12454630.123: [class unloading, 0.0172017 secs]2020-08-01T14:30:46.162+0800: 12454630.140: [scrub symbol table, 0.0060793 secs]2020-08-01T14:30:46.168+0800: 12454630.146: [scrub string table, 0.0008492 secs][1 CMS-remark: 4700408K(5472256K)] 5342652K(6209536K), 0.0708733 secs] [Times: user=0.37 sys=0.00, real=0.07 secs] 
2020-08-01T14:30:46.170+0800: 12454630.147: [CMS-concurrent-sweep-start]
2020-08-01T14:30:46.185+0800: 12454630.163: [GC (Allocation Failure) 2020-08-01T14:30:46.185+0800: 12454630.163: [ParNew: 655376K->16K(737280K), 0.0069543 secs] 5355784K->4700424K(6209536K), 0.0070684 secs] [Times: user=0.05 sys=0.00, real=0.01 secs] 
2020-08-01T14:30:46.623+0800: 12454630.601: [GC (Allocation Failure) 2020-08-01T14:30:46.623+0800: 12454630.601: [ParNew: 655376K->16K(737280K), 0.0068605 secs] 5355784K->4700424K(6209536K), 0.0069855 secs] [Times: user=0.05 sys=0.00, real=0.01 secs] 
2020-08-01T14:30:47.270+0800: 12454631.247: [GC (Allocation Failure) 2020-08-01T14:30:47.270+0800: 12454631.247: [ParNew: 655376K->16K(737280K), 0.0072222 secs] 5355784K->4700424K(6209536K), 0.0073670 secs] [Times: user=0.05 sys=0.00, real=0.00 secs] 
2020-08-01T14:30:47.922+0800: 12454631.899: [GC (Allocation Failure) 2020-08-01T14:30:47.922+0800: 12454631.899: [ParNew: 655376K->18K(737280K), 0.0110231 secs] 5355783K->4700426K(6209536K), 0.0111835 secs] [Times: user=0.06 sys=0.00, real=0.01 secs] 
2020-08-01T14:30:48.127+0800: 12454632.105: [CMS-concurrent-sweep: 1.916/1.957 secs] [Times: user=4.07 sys=0.00, real=1.96 secs] 
2020-08-01T14:30:48.127+0800: 12454632.105: [CMS-concurrent-reset-start]
2020-08-01T14:30:48.147+0800: 12454632.125: [CMS-concurrent-reset: 0.020/0.020 secs] [Times: user=0.04 sys=0.00, real=0.02 secs] 
2020-08-01T14:30:48.387+0800: 12454632.365: [GC (Allocation Failure) 2020-08-01T14:30:48.387+0800: 12454632.365: [ParNew: 655378K->16K(737280K), 0.0071761 secs] 5355452K->4700091K(6209536K), 0.0073161 secs] [Times: user=0.05 sys=0.00, real=0.00 secs] 
2020-08-01T14:30:48.396+0800: 12454632.374: [GC (CMS Initial Mark) [1 CMS-initial-mark: 4700075K(5472256K)] 4713197K(6209536K), 0.0010023 secs] [Times: user=0.00 sys=0.00, real=0.00 secs] 
2020-08-01T14:30:48.397+0800: 12454632.375: [CMS-concurrent-mark-start]
2020-08-01T14:30:48.861+0800: 12454632.839: [GC (Allocation Failure) 2020-08-01T14:30:48.862+0800: 12454632.839: [ParNew: 655376K->16K(737280K), 0.0069142 secs] 5355451K->4700092K(6209536K), 0.0070467 secs] [Times: user=0.05 sys=0.00, real=0.01 secs] 
2020-08-01T14:30:49.357+0800: 12454633.335: [GC (Allocation Failure) 2020-08-01T14:30:49.357+0800: 12454633.335: [ParNew: 655376K->16K(737280K), 0.0067848 secs] 5355452K->4700092K(6209536K), 0.0069075 secs] [Times: user=0.05 sys=0.00, real=0.01 secs] 
2020-08-01T14:30:49.834+0800: 12454633.812: [GC (Allocation Failure) 2020-08-01T14:30:49.834+0800: 12454633.812: [ParNew: 655376K->16K(737280K), 0.0097960 secs] 5355452K->4700094K(6209536K), 0.0099487 secs] [Times: user=0.06 sys=0.00, real=0.01 secs] 
2020-08-01T14:30:50.335+0800: 12454634.312: [GC (Allocation Failure) 2020-08-01T14:30:50.335+0800: 12454634.312: [ParNew: 655376K->16K(737280K), 0.0104813 secs] 5355454K->4700095K(6209536K), 0.0106292 secs] [Times: user=0.06 sys=0.00, real=0.01 secs] 
2020-08-01T14:30:50.906+0800: 12454634.883: [GC (Allocation Failure) 2020-08-01T14:30:50.906+0800: 12454634.884: [ParNew: 655376K->16K(737280K), 0.0105026 secs] 5355455K->4700096K(6209536K), 0.0106550 secs] [Times: user=0.06 sys=0.00, real=0.01 secs] 
2020-08-01T14:30:51.414+0800: 12454635.392: [GC (Allocation Failure) 2020-08-01T14:30:51.414+0800: 12454635.392: [ParNew: 655376K->16K(737280K), 0.0070162 secs] 5355456K->4700096K(6209536K), 0.0071651 secs] [Times: user=0.05 sys=0.00, real=0.01 secs] 
2020-08-01T14:30:51.901+0800: 12454635.879: [GC (Allocation Failure) 2020-08-01T14:30:51.901+0800: 12454635.879: [ParNew: 655376K->12K(737280K), 0.0129431 secs] 5355456K->4700093K(6209536K), 0.0130881 secs] [Times: user=0.04 sys=0.00, real=0.01 secs] 
2020-08-01T14:30:52.437+0800: 12454636.414: [GC (Allocation Failure) 2020-08-01T14:30:52.437+0800: 12454636.415: [ParNew: 655372K->16K(737280K), 0.0090902 secs] 5355453K->4700098K(6209536K), 0.0092580 secs] [Times: user=0.06 sys=0.00, real=0.01 secs] 
2020-08-01T14:30:52.975+0800: 12454636.953: [GC (Allocation Failure) 2020-08-01T14:30:52.975+0800: 12454636.953: [ParNew: 655376K->16K(737280K), 0.0074392 secs] 5355458K->4700098K(6209536K), 0.0076154 secs] [Times: user=0.06 sys=0.00, real=0.01 secs] 
2020-08-01T14:30:53.638+0800: 12454637.616: [CMS-concurrent-mark: 5.144/5.241 secs] [Times: user=15.79 sys=0.00, real=5.24 secs] 
2020-08-01T14:30:53.638+0800: 12454637.616: [CMS-concurrent-preclean-start]
2020-08-01T14:30:53.646+0800: 12454637.623: [CMS-concurrent-preclean: 0.008/0.008 secs] [Times: user=0.01 sys=0.00, real=0.01 secs] 
2020-08-01T14:30:53.646+0800: 12454637.624: [CMS-concurrent-abortable-preclean-start]
2020-08-01T14:30:57.834+0800: 12454641.811: [GC (Allocation Failure) 2020-08-01T14:30:57.834+0800: 12454641.812: [ParNew: 655376K->1692K(737280K), 0.0231399 secs] 5355458K->4701774K(6209536K), 0.0233660 secs] [Times: user=0.10 sys=0.00, real=0.02 secs] 
 CMS: abort preclean due to time 2020-08-01T14:30:58.676+0800: 12454642.654: [CMS-concurrent-abortable-preclean: 0.452/5.031 secs] [Times: user=0.96 sys=0.00, real=5.03 secs] 
2020-08-01T14:30:58.678+0800: 12454642.656: [GC (CMS Final Remark) [YG occupancy: 20045 K (737280 K)]2020-08-01T14:30:58.678+0800: 12454642.656: [Rescan (parallel) , 0.0029280 secs]2020-08-01T14:30:58.681+0800: 12454642.659: [weak refs processing, 0.0000387 secs]2020-08-01T14:30:58.681+0800: 12454642.659: [class unloading, 0.0178015 secs]2020-08-01T14:30:58.699+0800: 12454642.677: [scrub symbol table, 0.0070403 secs]2020-08-01T14:30:58.706+0800: 12454642.684: [scrub string table, 0.0009326 secs][1 CMS-remark: 4700081K(5472256K)] 4720127K(6209536K), 0.0289193 secs] [Times: user=0.05 sys=0.00, real=0.04 secs] 
2020-08-01T14:30:58.707+0800: 12454642.685: [CMS-concurrent-sweep-start]
2020-08-01T14:31:00.357+0800: 12454644.335: [CMS-concurrent-sweep: 1.650/1.650 secs] [Times: user=1.87 sys=0.00, real=1.64 secs] 
2020-08-01T14:31:00.357+0800: 12454644.335: [CMS-concurrent-reset-start]
2020-08-01T14:31:00.377+0800: 12454644.355: [CMS-concurrent-reset: 0.020/0.020 secs] [Times: user=0.02 sys=0.00, real=0.02 secs] 
2020-08-01T14:31:02.378+0800: 12454646.356: [GC (CMS Initial Mark) [1 CMS-initial-mark: 4699984K(5472256K)] 4776031K(6209536K), 0.0036336 secs] [Times: user=0.02 sys=0.00, real=0.01 secs] 
2020-08-01T14:31:02.382+0800: 12454646.360: [CMS-concurrent-mark-start]
2020-08-01T14:31:03.536+0800: 12454647.514: [CMS-concurrent-mark: 1.154/1.154 secs] [Times: user=2.41 sys=0.00, real=1.15 secs] 
2020-08-01T14:31:03.536+0800: 12454647.514: [CMS-concurrent-preclean-start]
2020-08-01T14:31:03.545+0800: 12454647.522: [CMS-concurrent-preclean: 0.008/0.008 secs] [Times: user=0.01 sys=0.00, real=0.01 secs] 
2020-08-01T14:31:03.545+0800: 12454647.523: [CMS-concurrent-abortable-preclean-start]
 CMS: abort preclean due to time 2020-08-01T14:31:08.586+0800: 12454652.564: [CMS-concurrent-abortable-preclean: 0.537/5.041 secs] [Times: user=0.84 sys=0.00, real=5.04 secs] 
2020-08-01T14:31:08.588+0800: 12454652.566: [GC (CMS Final Remark) [YG occupancy: 151705 K (737280 K)]2020-08-01T14:31:08.588+0800: 12454652.566: [Rescan (parallel) , 0.0065859 secs]2020-08-01T14:31:08.595+0800: 12454652.572: [weak refs processing, 0.0000400 secs]2020-08-01T14:31:08.595+0800: 12454652.572: [class unloading, 0.0189379 secs]2020-08-01T14:31:08.614+0800: 12454652.591: [scrub symbol table, 0.0069011 secs]2020-08-01T14:31:08.620+0800: 12454652.598: [scrub string table, 0.0009117 secs][1 CMS-remark: 4699984K(5472256K)] 4851689K(6209536K), 0.0335728 secs] [Times: user=0.08 sys=0.00, real=0.03 secs] 
2020-08-01T14:31:08.622+0800: 12454652.599: [CMS-concurrent-sweep-start]
2020-08-01T14:31:16.130+0800: 12454660.108: [CMS-concurrent-sweep: 7.508/7.508 secs] [Times: user=8.65 sys=0.00, real=7.51 secs] 
2020-08-01T14:31:16.130+0800: 12454660.108: [CMS-concurrent-reset-start]
2020-08-01T14:31:16.149+0800: 12454660.127: [CMS-concurrent-reset: 0.019/0.019 secs] [Times: user=0.02 sys=0.00, real=0.02 secs] 
2020-08-01T14:32:23.194+0800: 12454727.172: [GC (Allocation Failure) 2020-08-01T14:32:23.194+0800: 12454727.172: [ParNew: 657052K->8884K(737280K), 0.0224776 secs] 1359571K->711402K(6209536K), 0.0226607 secs] [Times: user=0.08 sys=0.00, real=0.02 secs] 
2020-08-01T14:34:39.283+0800: 12454863.261: [GC (Allocation Failure) 2020-08-01T14:34:39.283+0800: 12454863.261: [ParNew: 664244K->11892K(737280K), 0.0235508 secs] 1366762K->714411K(6209536K), 0.0237342 secs] [Times: user=0.08 sys=0.01, real=0.03 secs] 
2020-08-01T14:36:36.769+0800: 12454980.747: [GC (Allocation Failure) 2020-08-01T14:36:36.769+0800: 12454980.747: [ParNew: 667252K->14334K(737280K), 0.0285165 secs] 1369771K->716852K(6209536K), 0.0287357 secs] [Times: user=0.09 sys=0.00, real=0.02 secs] 
2020-08-01T14:38:16.524+0800: 12455080.502: [GC (Allocation Failure) 2020-08-01T14:38:16.524+0800: 12455080.502: [ParNew: 669694K->15867K(737280K), 0.0214582 secs] 1372212K->718386K(6209536K), 0.0216441 secs] [Times: user=0.08 sys=0.00, real=0.02 secs] 
2020-08-01T14:40:23.689+0800: 12455207.667: [GC (Allocation Failure) 2020-08-01T14:40:23.689+0800: 12455207.667: [ParNew: 671227K->17002K(737280K), 0.0259464 secs] 1373746K->719521K(6209536K), 0.0261425 secs] [Times: user=0.10 sys=0.00, real=0.02 secs] 
2020-08-01T14:42:38.351+0800: 12455342.329: [GC (Allocation Failure) 2020-08-01T14:42:38.351+0800: 12455342.329: [ParNew: 672362K->15959K(737280K), 0.0341687 secs] 1374881K->719153K(6209536K), 0.0343561 secs] [Times: user=0.10 sys=0.00, real=0.03 secs] 
2020-08-01T14:44:41.812+0800: 12455465.790: [GC (Allocation Failure) 2020-08-01T14:44:41.813+0800: 12455465.790: [ParNew: 671319K->18647K(737280K), 0.0403833 secs] 1374513K->722018K(6209536K), 0.0405683 secs] [Times: user=0.14 sys=0.00, real=0.04 secs] 
2020-08-01T14:46:12.026+0800: 12455556.004: [GC (Allocation Failure) 2020-08-01T14:46:12.026+0800: 12455556.004: [ParNew: 674007K->15462K(737280K), 0.0271944 secs] 1377378K->719035K(6209536K), 0.0274025 secs] [Times: user=0.07 sys=0.01, real=0.03 secs] 
2020-08-01T14:47:46.768+0800: 12455650.746: [GC (Allocation Failure) 2020-08-01T14:47:46.768+0800: 12455650.746: [ParNew: 670822K->16299K(737280K), 0.0230197 secs] 1374395K->720043K(6209536K), 0.0232273 secs] [Times: user=0.09 sys=0.00, real=0.02 secs] 
2020-08-01T14:49:08.098+0800: 12455732.076: [GC (Allocation Failure) 2020-08-01T14:49:08.098+0800: 12455732.076: [ParNew: 671659K->16420K(737280K), 0.0244219 secs] 1375403K->720166K(6209536K), 0.0246641 secs] [Times: user=0.09 sys=0.00, real=0.03 secs] 
2020-08-01T14:50:36.866+0800: 12455820.844: [GC (Allocation Failure) 2020-08-01T14:50:36.866+0800: 12455820.844: [ParNew: 671780K->19304K(737280K), 0.0344411 secs] 1375526K->723253K(6209536K), 0.0346376 secs] [Times: user=0.11 sys=0.00, real=0.04 secs] 
2020-08-01T14:53:10.136+0800: 12455974.114: [GC (Allocation Failure) 2020-08-01T14:53:10.136+0800: 12455974.114: [ParNew: 674664K->21364K(737280K), 0.0238139 secs] 1378613K->725634K(6209536K), 0.0249621 secs] [Times: user=0.08 sys=0.00, real=0.03 secs] 
2020-08-01T14:56:26.843+0800: 12456170.820: [GC (Allocation Failure) 2020-08-01T14:56:26.843+0800: 12456170.820: [ParNew: 676639K->22700K(737280K), 0.0284011 secs] 1380909K->727390K(6209536K), 0.0286010 secs] [Times: user=0.09 sys=0.01, real=0.03 secs] 
2020-08-01T14:59:09.924+0800: 12456333.902: [GC (Allocation Failure) 2020-08-01T14:59:09.924+0800: 12456333.902: [ParNew: 678060K->20192K(737280K), 0.0270327 secs] 1382750K->725000K(6209536K), 0.0272326 secs] [Times: user=0.09 sys=0.01, real=0.03 secs] 
2020-08-01T15:02:21.217+0800: 12456525.195: [GC (Allocation Failure) 2020-08-01T15:02:21.217+0800: 12456525.195: [ParNew: 675552K->24696K(737280K), 0.0462517 secs] 1380360K->729755K(6209536K), 0.0464771 secs] [Times: user=0.14 sys=0.00, real=0.05 secs] 
2020-08-01T15:04:32.061+0800: 12456656.039: [GC (Allocation Failure) 2020-08-01T15:04:32.061+0800: 12456656.039: [ParNew: 680056K->19505K(737280K), 0.0267294 secs] 1385115K->724712K(6209536K), 0.0269260 secs] [Times: user=0.08 sys=0.00, real=0.03 secs] 
2020-08-01T15:06:21.309+0800: 12456765.287: [GC (Allocation Failure) 2020-08-01T15:06:21.309+0800: 12456765.287: [ParNew: 674865K->19383K(737280K), 0.0503214 secs] 1380072K->724837K(6209536K), 0.0505246 secs] [Times: user=0.16 sys=0.00, real=0.05 secs] 
2020-08-01T15:07:59.018+0800: 12456862.996: [GC (Allocation Failure) 2020-08-01T15:07:59.018+0800: 12456862.996: [ParNew: 674743K->21203K(737280K), 0.0349445 secs] 1380197K->726803K(6209536K), 0.0351312 secs] [Times: user=0.11 sys=0.00, real=0.04 secs] 
2020-08-01T15:10:01.743+0800: 12456985.721: [GC (Allocation Failure) 2020-08-01T15:10:01.743+0800: 12456985.721: [ParNew: 676563K->17358K(737280K), 0.0265592 secs] 1382163K->723164K(6209536K), 0.0267981 secs] [Times: user=0.07 sys=0.01, real=0.03 secs] 
2020-08-01T15:12:23.290+0800: 12457127.268: [GC (Allocation Failure) 2020-08-01T15:12:23.290+0800: 12457127.268: [ParNew: 672718K->17690K(737280K), 0.0269681 secs] 1378524K->723638K(6209536K), 0.0271697 secs] [Times: user=0.08 sys=0.00, real=0.02 secs] 
2020-08-01T15:14:53.959+0800: 12457277.936: [GC (Allocation Failure) 2020-08-01T15:14:53.959+0800: 12457277.937: [ParNew: 673050K->18348K(737280K), 0.0256923 secs] 1378998K->724642K(6209536K), 0.0259035 secs] [Times: user=0.08 sys=0.00, real=0.02 secs] 
2020-08-01T15:15:56.162+0800: 12457340.140: [GC (Allocation Failure) 2020-08-01T15:15:56.162+0800: 12457340.140: [ParNew: 673708K->14599K(737280K), 0.0193048 secs] 1380002K->721099K(6209536K), 0.0194720 secs] [Times: user=0.07 sys=0.00, real=0.02 secs] 
2020-08-01T15:17:06.833+0800: 12457410.811: [GC (Allocation Failure) 2020-08-01T15:17:06.833+0800: 12457410.811: [ParNew: 669891K->15674K(737280K), 0.0330444 secs] 1376391K->722656K(6209536K), 0.0332369 secs] [Times: user=0.07 sys=0.00, real=0.03 secs] 
2020-08-01T15:19:16.492+0800: 12457540.470: [GC (Allocation Failure) 2020-08-01T15:19:16.492+0800: 12457540.470: [ParNew: 671034K->19297K(737280K), 0.0279988 secs] 1378016K->726497K(6209536K), 0.0282523 secs] [Times: user=0.10 sys=0.00, real=0.03 secs] 
2020-08-01T15:21:04.828+0800: 12457648.806: [GC (Allocation Failure) 2020-08-01T15:21:04.829+0800: 12457648.806: [ParNew: 674657K->16095K(737280K), 0.0327190 secs] 1381857K->723428K(6209536K), 0.0329353 secs] [Times: user=0.09 sys=0.00, real=0.03 secs] 
2020-08-01T15:22:33.691+0800: 12457737.669: [GC (Allocation Failure) 2020-08-01T15:22:33.691+0800: 12457737.669: [ParNew: 671455K->16161K(737280K), 0.0206476 secs] 1378788K->723632K(6209536K), 0.0208362 secs] [Times: user=0.08 sys=0.00, real=0.02 secs] 
2020-08-01T15:24:19.705+0800: 12457843.683: [GC (Allocation Failure) 2020-08-01T15:24:19.705+0800: 12457843.683: [ParNew: 671521K->17326K(737280K), 0.0234126 secs] 1378992K->724815K(6209536K), 0.0235977 secs] [Times: user=0.08 sys=0.00, real=0.03 secs] 
2020-08-01T15:27:17.482+0800: 12458021.460: [GC (Allocation Failure) 2020-08-01T15:27:17.482+0800: 12458021.460: [ParNew: 672686K->20657K(737280K), 0.0324828 secs] 1380175K->728594K(6209536K), 0.0337013 secs] [Times: user=0.10 sys=0.00, real=0.03 secs] 
2020-08-01T15:29:58.996+0800: 12458182.974: [GC (Allocation Failure) 2020-08-01T15:29:58.996+0800: 12458182.974: [ParNew: 676017K->21512K(737280K), 0.0334995 secs] 1383954K->729858K(6209536K), 0.0336887 secs] [Times: user=0.09 sys=0.01, real=0.04 secs] 
2020-08-01T15:33:26.035+0800: 12458390.013: [GC (Allocation Failure) 2020-08-01T15:33:26.035+0800: 12458390.013: [ParNew: 676872K->19516K(737280K), 0.0301643 secs] 1385218K->728066K(6209536K), 0.0303703 secs] [Times: user=0.08 sys=0.01, real=0.03 secs] 
2020-08-01T15:35:27.338+0800: 12458511.316: [GC (Allocation Failure) 2020-08-01T15:35:27.338+0800: 12458511.316: [ParNew: 674876K->17200K(737280K), 0.0287923 secs] 1383426K->726151K(6209536K), 0.0289655 secs] [Times: user=0.07 sys=0.00, real=0.04 secs] 
2020-08-01T15:37:29.637+0800: 12458633.615: [GC (Allocation Failure) 2020-08-01T15:37:29.638+0800: 12458633.615: [ParNew: 672560K->16547K(737280K), 0.0241265 secs] 1381511K->725583K(6209536K), 0.0243106 secs] [Times: user=0.09 sys=0.00, real=0.03 secs] 
2020-08-01T15:39:00.611+0800: 12458724.589: [GC (Allocation Failure) 2020-08-01T15:39:00.612+0800: 12458724.589: [ParNew: 671907K->16949K(737280K), 0.0211078 secs] 1380943K->726206K(6209536K), 0.0213083 secs] [Times: user=0.08 sys=0.01, real=0.02 secs] 
2020-08-01T15:40:25.719+0800: 12458809.697: [GC (Allocation Failure) 2020-08-01T15:40:25.719+0800: 12458809.697: [ParNew: 672309K->17097K(737280K), 0.0257695 secs] 1381566K->726695K(6209536K), 0.0259719 secs] [Times: user=0.06 sys=0.02, real=0.02 secs] 
2020-08-01T15:41:50.005+0800: 12458893.983: [GC (Allocation Failure) 2020-08-01T15:41:50.005+0800: 12458893.983: [ParNew: 672457K->15400K(737280K), 0.0225901 secs] 1382055K->725076K(6209536K), 0.0227715 secs] [Times: user=0.09 sys=0.00, real=0.03 secs] 
2020-08-01T15:43:19.554+0800: 12458983.532: [GC (Allocation Failure) 2020-08-01T15:43:19.554+0800: 12458983.532: [ParNew: 670760K->17287K(737280K), 0.0216268 secs] 1380436K->727449K(6209536K), 0.0218305 secs] [Times: user=0.08 sys=0.00, real=0.02 secs] 
2020-08-01T15:44:27.262+0800: 12459051.240: [GC (Allocation Failure) 2020-08-01T15:44:27.262+0800: 12459051.240: [ParNew: 672647K->16951K(737280K), 0.0234587 secs] 1382809K->727497K(6209536K), 0.0236700 secs] [Times: user=0.08 sys=0.00, real=0.02 secs] 
2020-08-01T15:45:57.727+0800: 12459141.704: [GC (Allocation Failure) 2020-08-01T15:45:57.727+0800: 12459141.705: [ParNew: 672311K->18158K(737280K), 0.0242497 secs] 1382857K->728957K(6209536K), 0.0244387 secs] [Times: user=0.06 sys=0.00, real=0.02 secs] 
2020-08-01T15:47:02.992+0800: 12459206.970: [GC (Allocation Failure) 2020-08-01T15:47:02.992+0800: 12459206.970: [ParNew: 673471K->18898K(737280K), 0.0215183 secs] 1384270K->730044K(6209536K), 0.0217215 secs] [Times: user=0.08 sys=0.01, real=0.02 secs] 
2020-08-01T15:48:14.015+0800: 12459277.993: [GC (Allocation Failure) 2020-08-01T15:48:14.015+0800: 12459277.993: [ParNew: 674258K->17649K(737280K), 0.0248080 secs] 1385404K->729140K(6209536K), 0.0250074 secs] [Times: user=0.08 sys=0.01, real=0.03 secs] 
2020-08-01T15:49:23.300+0800: 12459347.278: [GC (Allocation Failure) 2020-08-01T15:49:23.301+0800: 12459347.278: [ParNew: 673009K->17777K(737280K), 0.0225042 secs] 1384500K->729473K(6209536K), 0.0227049 secs] [Times: user=0.09 sys=0.00, real=0.02 secs] 
2020-08-01T15:51:06.609+0800: 12459450.586: [GC (Allocation Failure) 2020-08-01T15:51:06.609+0800: 12459450.587: [ParNew: 673137K->17987K(737280K), 0.0221454 secs] 1384833K->729881K(6209536K), 0.0223421 secs] [Times: user=0.08 sys=0.01, real=0.02 secs] 
2020-08-01T15:52:56.637+0800: 12459560.614: [GC (Allocation Failure) 2020-08-01T15:52:56.637+0800: 12459560.614: [ParNew: 673347K->18480K(737280K), 0.0225612 secs] 1385241K->730513K(6209536K), 0.0227661 secs] [Times: user=0.07 sys=0.00, real=0.03 secs] 
2020-08-01T15:54:53.604+0800: 12459677.581: [GC (Allocation Failure) 2020-08-01T15:54:53.604+0800: 12459677.582: [ParNew: 673840K->17079K(737280K), 0.0223370 secs] 1385873K->729255K(6209536K), 0.0225472 secs] [Times: user=0.07 sys=0.00, real=0.03 secs] 
2020-08-01T15:56:30.593+0800: 12459774.570: [GC (Allocation Failure) 2020-08-01T15:56:30.593+0800: 12459774.571: [ParNew: 672439K->17513K(737280K), 0.0199963 secs] 1384615K->729904K(6209536K), 0.0201958 secs] [Times: user=0.07 sys=0.00, real=0.02 secs] 
2020-08-01T15:58:06.857+0800: 12459870.835: [GC (Allocation Failure) 2020-08-01T15:58:06.857+0800: 12459870.835: [ParNew: 672873K->17755K(737280K), 0.0386251 secs] 1385264K->730481K(6209536K), 0.0388311 secs] [Times: user=0.15 sys=0.00, real=0.04 secs] 
2020-08-01T15:59:53.918+0800: 12459977.896: [GC (Allocation Failure) 2020-08-01T15:59:53.918+0800: 12459977.896: [ParNew: 673115K->17713K(737280K), 0.0214476 secs] 1385841K->730618K(6209536K), 0.0216521 secs] [Times: user=0.08 sys=0.00, real=0.03 secs] 
2020-08-01T16:01:45.712+0800: 12460089.690: [GC (Allocation Failure) 2020-08-01T16:01:45.713+0800: 12460089.690: [ParNew: 673073K->16667K(737280K), 0.0280803 secs] 1385978K->730000K(6209536K), 0.0283731 secs] [Times: user=0.09 sys=0.00, real=0.03 secs] 
2020-08-01T16:03:56.202+0800: 12460220.180: [GC (Allocation Failure) 2020-08-01T16:03:56.202+0800: 12460220.180: [ParNew: 672027K->18791K(737280K), 0.0218909 secs] 1385360K->732331K(6209536K), 0.0220911 secs] [Times: user=0.07 sys=0.00, real=0.02 secs] 
2020-08-01T16:05:37.227+0800: 12460321.205: [GC (Allocation Failure) 2020-08-01T16:05:37.227+0800: 12460321.205: [ParNew: 674122K->19259K(737280K), 0.0175855 secs] 1387662K->732946K(6209536K), 0.0177657 secs] [Times: user=0.07 sys=0.00, real=0.01 secs] 
2020-08-01T16:07:24.634+0800: 12460428.612: [GC (Allocation Failure) 2020-08-01T16:07:24.634+0800: 12460428.612: [ParNew: 674619K->20094K(737280K), 0.0226254 secs] 1388306K->733786K(6209536K), 0.0228551 secs] [Times: user=0.09 sys=0.00, real=0.02 secs] 
2020-08-01T16:08:49.003+0800: 12460512.981: [GC (Allocation Failure) 2020-08-01T16:08:49.003+0800: 12460512.981: [ParNew: 675405K->24364K(737280K), 0.0272871 secs] 1389097K->738264K(6209536K), 0.0274751 secs] [Times: user=0.08 sys=0.00, real=0.03 secs] 
2020-08-01T16:09:48.533+0800: 12460572.510: [GC (Allocation Failure) 2020-08-01T16:09:48.533+0800: 12460572.510: [ParNew: 679724K->15720K(737280K), 0.0254583 secs] 1393624K->729756K(6209536K), 0.0256511 secs] [Times: user=0.07 sys=0.00, real=0.02 secs] 
2020-08-01T16:11:05.530+0800: 12460649.507: [GC (Allocation Failure) 2020-08-01T16:11:05.530+0800: 12460649.508: [ParNew: 671080K->18166K(737280K), 0.0233576 secs] 1385116K->732621K(6209536K), 0.0235642 secs] [Times: user=0.10 sys=0.00, real=0.02 secs] 
2020-08-01T16:12:45.846+0800: 12460749.824: [GC (Allocation Failure) 2020-08-01T16:12:45.846+0800: 12460749.824: [ParNew: 673526K->16343K(737280K), 0.0221184 secs] 1387981K->731070K(6209536K), 0.0222994 secs] [Times: user=0.08 sys=0.00, real=0.03 secs] 
2020-08-01T16:14:24.424+0800: 12460848.402: [GC (Allocation Failure) 2020-08-01T16:14:24.424+0800: 12460848.402: [ParNew: 671645K->16141K(737280K), 0.0226415 secs] 1386372K->731257K(6209536K), 0.0228669 secs] [Times: user=0.09 sys=0.00, real=0.03 secs] 
2020-08-01T16:15:55.178+0800: 12460939.156: [GC (Allocation Failure) 2020-08-01T16:15:55.178+0800: 12460939.156: [ParNew: 671501K->16593K(737280K), 0.0302665 secs] 1386617K->731973K(6209536K), 0.0304725 secs] [Times: user=0.10 sys=0.01, real=0.04 secs] 
2020-08-01T16:17:36.183+0800: 12461040.161: [GC (Allocation Failure) 2020-08-01T16:17:36.183+0800: 12461040.161: [ParNew: 671953K->81919K(737280K), 0.0479640 secs] 1387333K->870763K(6209536K), 0.0481965 secs] [Times: user=0.15 sys=0.01, real=0.05 secs] 
2020-08-01T16:17:49.966+0800: 12461053.944: [GC (Allocation Failure) 2020-08-01T16:17:49.966+0800: 12461053.944: [ParNew: 737225K->9549K(737280K), 0.0171473 secs] 1526069K->804626K(6209536K), 0.0173567 secs] [Times: user=0.10 sys=0.00, real=0.02 secs] 
2020-08-01T16:19:29.807+0800: 12461153.785: [GC (Allocation Failure) 2020-08-01T16:19:29.807+0800: 12461153.785: [ParNew: 664909K->11950K(737280K), 0.0233797 secs] 1459986K->807027K(6209536K), 0.0236011 secs] [Times: user=0.06 sys=0.01, real=0.02 secs] 
2020-08-01T16:21:14.543+0800: 12461258.521: [GC (Allocation Failure) 2020-08-01T16:21:14.543+0800: 12461258.521: [ParNew: 667310K->13223K(737280K), 0.0202751 secs] 1462387K->808300K(6209536K), 0.0204660 secs] [Times: user=0.07 sys=0.00, real=0.02 secs] 
2020-08-01T16:23:11.183+0800: 12461375.160: [GC (Allocation Failure) 2020-08-01T16:23:11.183+0800: 12461375.161: [ParNew: 668583K->13376K(737280K), 0.0233869 secs] 1463660K->808453K(6209536K), 0.0236074 secs] [Times: user=0.07 sys=0.01, real=0.02 secs] 
2020-08-01T16:25:28.311+0800: 12461512.289: [GC (Allocation Failure) 2020-08-01T16:25:28.313+0800: 12461512.291: [ParNew: 668736K->14734K(737280K), 0.0224257 secs] 1463813K->809812K(6209536K), 0.0242937 secs] [Times: user=0.08 sys=0.00, real=0.02 secs] 
2020-08-01T16:27:30.221+0800: 12461634.199: [GC (Allocation Failure) 2020-08-01T16:27:30.222+0800: 12461634.199: [ParNew: 670094K->13914K(737280K), 0.0240675 secs] 1465172K->808991K(6209536K), 0.0242594 secs] [Times: user=0.10 sys=0.00, real=0.02 secs] 
2020-08-01T16:30:24.929+0800: 12461808.907: [GC (Allocation Failure) 2020-08-01T16:30:24.930+0800: 12461808.908: [ParNew: 669274K->15947K(737280K), 0.0220392 secs] 1464351K->811478K(6209536K), 0.0234335 secs] [Times: user=0.07 sys=0.00, real=0.02 secs] 
2020-08-01T16:33:43.957+0800: 12462007.935: [GC (Allocation Failure) 2020-08-01T16:33:43.962+0800: 12462007.940: [ParNew: 671307K->17633K(737280K), 0.0288058 secs] 1466838K->813390K(6209536K), 0.0336377 secs] [Times: user=0.10 sys=0.00, real=0.04 secs] 
2020-08-01T16:36:17.828+0800: 12462161.805: [GC (Allocation Failure) 2020-08-01T16:36:17.828+0800: 12462161.805: [ParNew: 672993K->19050K(737280K), 0.0260293 secs] 1468750K->814810K(6209536K), 0.0262276 secs] [Times: user=0.09 sys=0.00, real=0.02 secs] 
2020-08-01T16:38:41.851+0800: 12462305.828: [GC (Allocation Failure) 2020-08-01T16:38:41.851+0800: 12462305.828: [ParNew: 674410K->18773K(737280K), 0.0462089 secs] 1470170K->814613K(6209536K), 0.0464063 secs] [Times: user=0.15 sys=0.00, real=0.04 secs] 
2020-08-01T16:41:39.132+0800: 12462483.110: [GC (Allocation Failure) 2020-08-01T16:41:39.132+0800: 12462483.110: [ParNew: 674133K->18739K(737280K), 0.0266570 secs] 1469973K->814781K(6209536K), 0.0268420 secs] [Times: user=0.09 sys=0.00, real=0.03 secs] 
2020-08-01T16:44:12.773+0800: 12462636.751: [GC (Allocation Failure) 2020-08-01T16:44:12.773+0800: 12462636.751: [ParNew: 674099K->19198K(737280K), 0.0302246 secs] 1470141K->815309K(6209536K), 0.0304086 secs] [Times: user=0.08 sys=0.00, real=0.03 secs] 
2020-08-01T16:46:50.615+0800: 12462794.593: [GC (Allocation Failure) 2020-08-01T16:46:50.624+0800: 12462794.602: [ParNew: 674558K->20013K(737280K), 0.0339679 secs] 1470669K->816213K(6209536K), 0.0429067 secs] [Times: user=0.11 sys=0.00, real=0.04 secs] 
2020-08-01T16:50:01.775+0800: 12462985.753: [GC (Allocation Failure) 2020-08-01T16:50:01.787+0800: 12462985.765: [ParNew: 675373K->23472K(737280K), 0.0482596 secs] 1471573K->819872K(6209536K), 0.0606166 secs] [Times: user=0.16 sys=0.00, real=0.06 secs] 
2020-08-01T16:52:34.034+0800: 12463138.012: [GC (Allocation Failure) 2020-08-01T16:52:34.034+0800: 12463138.012: [ParNew: 678832K->21263K(737280K), 0.0333452 secs] 1475232K->817859K(6209536K), 0.0335871 secs] [Times: user=0.10 sys=0.01, real=0.04 secs] 
2020-08-01T16:55:08.637+0800: 12463292.615: [GC (Allocation Failure) 2020-08-01T16:55:08.637+0800: 12463292.615: [ParNew: 676623K->22057K(737280K), 0.0285646 secs] 1473219K->818797K(6209536K), 0.0287608 secs] [Times: user=0.09 sys=0.00, real=0.03 secs] 
2020-08-01T16:58:18.320+0800: 12463482.298: [GC (Allocation Failure) 2020-08-01T16:58:18.320+0800: 12463482.298: [ParNew: 677417K->21329K(737280K), 0.0279323 secs] 1474157K->818270K(6209536K), 0.0281336 secs] [Times: user=0.09 sys=0.01, real=0.03 secs] 
2020-08-01T17:00:33.261+0800: 12463617.239: [GC (Allocation Failure) 2020-08-01T17:00:33.261+0800: 12463617.239: [ParNew: 676689K->19383K(737280K), 0.0223577 secs] 1473630K->816535K(6209536K), 0.0225496 secs] [Times: user=0.08 sys=0.00, real=0.02 secs] 
2020-08-01T17:02:30.907+0800: 12463734.885: [GC (Allocation Failure) 2020-08-01T17:02:30.908+0800: 12463734.886: [ParNew: 674743K->16572K(737280K), 0.0202068 secs] 1471895K->813825K(6209536K), 0.0214240 secs] [Times: user=0.09 sys=0.00, real=0.02 secs] 
2020-08-01T17:04:17.964+0800: 12463841.941: [GC (Allocation Failure) 2020-08-01T17:04:17.964+0800: 12463841.942: [ParNew: 671932K->21248K(737280K), 0.0253150 secs] 1469185K->818720K(6209536K), 0.0255097 secs] [Times: user=0.07 sys=0.00, real=0.03 secs] 
2020-08-01T17:05:46.930+0800: 12463930.908: [GC (Allocation Failure) 2020-08-01T17:05:46.931+0800: 12463930.908: [ParNew: 676608K->19457K(737280K), 0.0198535 secs] 1474080K->817200K(6209536K), 0.0200996 secs] [Times: user=0.07 sys=0.02, real=0.02 secs] 
2020-08-01T17:07:15.578+0800: 12464019.556: [GC (Allocation Failure) 2020-08-01T17:07:15.578+0800: 12464019.556: [ParNew: 674817K->18058K(737280K), 0.0216179 secs] 1472560K->815873K(6209536K), 0.0218090 secs] [Times: user=0.08 sys=0.01, real=0.03 secs] 
2020-08-01T17:08:53.987+0800: 12464117.965: [GC (Allocation Failure) 2020-08-01T17:08:53.988+0800: 12464117.965: [ParNew: 673418K->21904K(737280K), 0.0255948 secs] 1471233K->820287K(6209536K), 0.0257848 secs] [Times: user=0.11 sys=0.00, real=0.02 secs] 
2020-08-01T17:10:28.819+0800: 12464212.796: [GC (Allocation Failure) 2020-08-01T17:10:28.819+0800: 12464212.797: [ParNew: 677264K->18391K(737280K), 0.0238772 secs] 1475647K->816979K(6209536K), 0.0240877 secs] [Times: user=0.09 sys=0.00, real=0.02 secs] 
2020-08-01T17:11:50.343+0800: 12464294.321: [GC (Allocation Failure) 2020-08-01T17:11:50.343+0800: 12464294.321: [ParNew: 673751K->19134K(737280K), 0.0289064 secs] 1472339K->818358K(6209536K), 0.0290907 secs] [Times: user=0.09 sys=0.00, real=0.03 secs] 
2020-08-01T17:13:19.947+0800: 12464383.924: [GC (Allocation Failure) 2020-08-01T17:13:19.947+0800: 12464383.925: [ParNew: 674447K->15750K(737280K), 0.0213102 secs] 1473672K->815854K(6209536K), 0.0215169 secs] [Times: user=0.08 sys=0.00, real=0.02 secs] 
2020-08-01T17:14:54.251+0800: 12464478.229: [GC (Allocation Failure) 2020-08-01T17:14:54.251+0800: 12464478.229: [ParNew: 671110K->16882K(737280K), 0.0368358 secs] 1471214K->817410K(6209536K), 0.0370296 secs] [Times: user=0.15 sys=0.00, real=0.04 secs] 
2020-08-01T17:15:56.599+0800: 12464540.577: [GC (Allocation Failure) 2020-08-01T17:15:56.600+0800: 12464540.577: [ParNew: 672242K->15236K(737280K), 0.0193590 secs] 1472770K->816086K(6209536K), 0.0195937 secs] [Times: user=0.08 sys=0.00, real=0.02 secs] 
2020-08-01T17:17:39.642+0800: 12464643.620: [GC (Allocation Failure) 2020-08-01T17:17:39.642+0800: 12464643.620: [ParNew: 670596K->16397K(737280K), 0.0211306 secs] 1471446K->817670K(6209536K), 0.0213396 secs] [Times: user=0.07 sys=0.00, real=0.02 secs] 
2020-08-01T17:20:23.192+0800: 12464807.170: [GC (Allocation Failure) 2020-08-01T17:20:23.192+0800: 12464807.170: [ParNew: 671702K->17569K(737280K), 0.0325724 secs] 1472976K->819099K(6209536K), 0.0327846 secs] [Times: user=0.10 sys=0.01, real=0.03 secs] 
2020-08-01T17:22:13.027+0800: 12464917.005: [GC (Allocation Failure) 2020-08-01T17:22:13.027+0800: 12464917.005: [ParNew: 672929K->14384K(737280K), 0.0417532 secs] 1474459K->816212K(6209536K), 0.0419801 secs] [Times: user=0.12 sys=0.01, real=0.04 secs] 
2020-08-01T17:23:59.132+0800: 12465023.110: [GC (Allocation Failure) 2020-08-01T17:23:59.133+0800: 12465023.110: [ParNew: 669744K->13196K(737280K), 0.0199844 secs] 1471572K->815224K(6209536K), 0.0201884 secs] [Times: user=0.08 sys=0.00, real=0.02 secs] 
2020-08-01T17:25:46.100+0800: 12465130.078: [GC (Allocation Failure) 2020-08-01T17:25:46.100+0800: 12465130.078: [ParNew: 668556K->13999K(737280K), 0.0276780 secs] 1470584K->816230K(6209536K), 0.0278695 secs] [Times: user=0.14 sys=0.00, real=0.03 secs] 
2020-08-01T17:27:17.316+0800: 12465221.294: [GC (Allocation Failure) 2020-08-01T17:27:17.316+0800: 12465221.294: [ParNew: 669359K->12685K(737280K), 0.0150183 secs] 1471590K->815279K(6209536K), 0.0152055 secs] [Times: user=0.07 sys=0.00, real=0.02 secs] 
2020-08-01T17:29:47.757+0800: 12465371.734: [GC (Allocation Failure) 2020-08-01T17:29:47.758+0800: 12465371.735: [ParNew: 668045K->15596K(737280K), 0.0167638 secs] 1470639K->818311K(6209536K), 0.0179508 secs] [Times: user=0.08 sys=0.00, real=0.02 secs] 
2020-08-01T17:31:27.059+0800: 12465471.037: [GC (Allocation Failure) 2020-08-01T17:31:27.059+0800: 12465471.037: [ParNew: 670956K->16073K(737280K), 0.0202890 secs] 1473671K->819110K(6209536K), 0.0204904 secs] [Times: user=0.07 sys=0.01, real=0.02 secs] 
2020-08-01T17:33:08.128+0800: 12465572.106: [GC (Allocation Failure) 2020-08-01T17:33:08.128+0800: 12465572.106: [ParNew: 671433K->16724K(737280K), 0.0218078 secs] 1474470K->819887K(6209536K), 0.0220042 secs] [Times: user=0.09 sys=0.00, real=0.02 secs] 
2020-08-01T17:36:16.757+0800: 12465760.735: [GC (Allocation Failure) 2020-08-01T17:36:16.757+0800: 12465760.735: [ParNew: 672084K->15381K(737280K), 0.0242553 secs] 1475247K->818809K(6209536K), 0.0244535 secs] [Times: user=0.09 sys=0.01, real=0.03 secs] 
2020-08-01T17:40:42.260+0800: 12466026.237: [GC (Allocation Failure) 2020-08-01T17:40:42.265+0800: 12466026.243: [ParNew: 670741K->19251K(737280K), 0.0415332 secs] 1474169K->822876K(6209536K), 0.0470069 secs] [Times: user=0.13 sys=0.00, real=0.05 secs] 
2020-08-01T17:45:10.266+0800: 12466294.243: [GC (Allocation Failure) 2020-08-01T17:45:10.272+0800: 12466294.250: [ParNew: 674604K->18374K(737280K), 0.0209073 secs] 1478230K->822133K(6209536K), 0.0276857 secs] [Times: user=0.07 sys=0.00, real=0.03 secs] 
2020-08-01T17:48:21.281+0800: 12466485.259: [GC (Allocation Failure) 2020-08-01T17:48:21.281+0800: 12466485.259: [ParNew: 673734K->16262K(737280K), 0.0177589 secs] 1477493K->820482K(6209536K), 0.0179833 secs] [Times: user=0.07 sys=0.00, real=0.02 secs] 
2020-08-01T17:51:35.260+0800: 12466679.238: [GC (Allocation Failure) 2020-08-01T17:51:35.260+0800: 12466679.238: [ParNew: 671622K->15719K(737280K), 0.0247901 secs] 1475842K->820005K(6209536K), 0.0249796 secs] [Times: user=0.12 sys=0.00, real=0.03 secs] 
2020-08-01T17:56:43.793+0800: 12466987.771: [GC (Allocation Failure) 2020-08-01T17:56:43.793+0800: 12466987.771: [ParNew: 671079K->16944K(737280K), 0.0196252 secs] 1475365K->821299K(6209536K), 0.0198440 secs] [Times: user=0.09 sys=0.01, real=0.02 secs] 
2020-08-01T17:58:48.813+0800: 12467112.791: [GC (Allocation Failure) 2020-08-01T17:58:48.814+0800: 12467112.791: [ParNew: 672304K->18048K(737280K), 0.0204224 secs] 1476659K->822404K(6209536K), 0.0206167 secs] [Times: user=0.08 sys=0.00, real=0.02 secs] 
2020-08-01T18:00:44.926+0800: 12467228.904: [GC (Allocation Failure) 2020-08-01T18:00:44.927+0800: 12467228.904: [ParNew: 673408K->19005K(737280K), 0.0449578 secs] 1477764K->825315K(6209536K), 0.0451926 secs] [Times: user=0.14 sys=0.01, real=0.05 secs] 
2020-08-01T18:02:17.501+0800: 12467321.479: [GC (Allocation Failure) 2020-08-01T18:02:17.501+0800: 12467321.479: [ParNew: 674365K->18331K(737280K), 0.0207447 secs] 1480675K->825435K(6209536K), 0.0209659 secs] [Times: user=0.08 sys=0.00, real=0.02 secs] 
2020-08-01T18:03:59.232+0800: 12467423.210: [GC (Allocation Failure) 2020-08-01T18:03:59.232+0800: 12467423.210: [ParNew: 673648K->19786K(737280K), 0.0204579 secs] 1480753K->827421K(6209536K), 0.0206876 secs] [Times: user=0.08 sys=0.01, real=0.02 secs] 
2020-08-01T18:05:15.442+0800: 12467499.420: [GC (Allocation Failure) 2020-08-01T18:05:15.442+0800: 12467499.420: [ParNew: 675146K->16437K(737280K), 0.0220689 secs] 1482781K->824375K(6209536K), 0.0222779 secs] [Times: user=0.09 sys=0.00, real=0.02 secs] 
2020-08-01T18:06:37.500+0800: 12467581.478: [GC (Allocation Failure) 2020-08-01T18:06:37.500+0800: 12467581.478: [ParNew: 671797K->17945K(737280K), 0.0243067 secs] 1479735K->826494K(6209536K), 0.0244988 secs] [Times: user=0.07 sys=0.00, real=0.02 secs] 
2020-08-01T18:07:48.878+0800: 12467652.855: [GC (Allocation Failure) 2020-08-01T18:07:48.884+0800: 12467652.861: [ParNew: 673305K->17903K(737280K), 0.0181897 secs] 1481854K->826846K(6209536K), 0.0242123 secs] [Times: user=0.08 sys=0.01, real=0.03 secs] 
2020-08-01T18:09:15.351+0800: 12467739.329: [GC (Allocation Failure) 2020-08-01T18:09:15.352+0800: 12467739.329: [ParNew: 673263K->20781K(737280K), 0.0203907 secs] 1482206K->830414K(6209536K), 0.0206249 secs] [Times: user=0.07 sys=0.00, real=0.02 secs] 
2020-08-01T18:10:58.287+0800: 12467842.265: [GC (Allocation Failure) 2020-08-01T18:10:58.287+0800: 12467842.265: [ParNew: 676141K->17527K(737280K), 0.0197199 secs] 1485774K->827567K(6209536K), 0.0199629 secs] [Times: user=0.08 sys=0.00, real=0.02 secs] 
2020-08-01T18:12:19.370+0800: 12467923.348: [GC (Allocation Failure) 2020-08-01T18:12:19.370+0800: 12467923.348: [ParNew: 672887K->14928K(737280K), 0.0202568 secs] 1482927K->825470K(6209536K), 0.0204843 secs] [Times: user=0.08 sys=0.00, real=0.02 secs] 
2020-08-01T18:13:45.371+0800: 12468009.349: [GC (Allocation Failure) 2020-08-01T18:13:45.371+0800: 12468009.349: [ParNew: 670288K->13246K(737280K), 0.0185427 secs] 1480830K->824133K(6209536K), 0.0187357 secs] [Times: user=0.06 sys=0.01, real=0.02 secs] 
2020-08-01T18:15:19.715+0800: 12468103.692: [GC (Allocation Failure) 2020-08-01T18:15:19.715+0800: 12468103.693: [ParNew: 668606K->13504K(737280K), 0.0184759 secs] 1479493K->825115K(6209536K), 0.0186721 secs] [Times: user=0.06 sys=0.00, real=0.02 secs] 
2020-08-01T18:16:19.797+0800: 12468163.774: [GC (Allocation Failure) 2020-08-01T18:16:19.797+0800: 12468163.774: [ParNew: 668864K->11276K(737280K), 0.0180743 secs] 1480475K->823543K(6209536K), 0.0182658 secs] [Times: user=0.07 sys=0.00, real=0.02 secs] 
2020-08-01T18:17:51.523+0800: 12468255.500: [GC (Allocation Failure) 2020-08-01T18:17:51.523+0800: 12468255.500: [ParNew: 666577K->12693K(737280K), 0.0174645 secs] 1478845K->825116K(6209536K), 0.0176672 secs] [Times: user=0.07 sys=0.00, real=0.02 secs] 
2020-08-01T18:19:20.531+0800: 12468344.509: [GC (Allocation Failure) 2020-08-01T18:19:20.531+0800: 12468344.509: [ParNew: 668053K->10585K(737280K), 0.0189425 secs] 1480476K->823405K(6209536K), 0.0191656 secs] [Times: user=0.07 sys=0.01, real=0.02 secs] 
2020-08-01T18:20:20.489+0800: 12468404.467: [GC (Allocation Failure) 2020-08-01T18:20:20.489+0800: 12468404.467: [ParNew: 665945K->10557K(737280K), 0.0338878 secs] 1478765K->823513K(6209536K), 0.0340923 secs] [Times: user=0.19 sys=0.00, real=0.03 secs] 
2020-08-01T18:23:13.136+0800: 12468577.113: [GC (Allocation Failure) 2020-08-01T18:23:13.136+0800: 12468577.114: [ParNew: 665830K->11003K(737280K), 0.0196937 secs] 1478786K->824176K(6209536K), 0.0198921 secs] [Times: user=0.08 sys=0.00, real=0.02 secs] 
2020-08-01T18:25:31.515+0800: 12468715.493: [GC (Allocation Failure) 2020-08-01T18:25:31.515+0800: 12468715.493: [ParNew: 666363K->11807K(737280K), 0.0139060 secs] 1479536K->825594K(6209536K), 0.0140850 secs] [Times: user=0.07 sys=0.00, real=0.02 secs] 
2020-08-01T18:27:40.520+0800: 12468844.498: [GC (Allocation Failure) 2020-08-01T18:27:40.520+0800: 12468844.498: [ParNew: 667167K->10837K(737280K), 0.0170069 secs] 1480954K->824894K(6209536K), 0.0172287 secs] [Times: user=0.07 sys=0.00, real=0.01 secs] 
2020-08-01T18:29:18.765+0800: 12468942.743: [GC (Allocation Failure) 2020-08-01T18:29:18.766+0800: 12468942.743: [ParNew: 666197K->12273K(737280K), 0.0164331 secs] 1480254K->826429K(6209536K), 0.0166286 secs] [Times: user=0.08 sys=0.00, real=0.02 secs] 
2020-08-01T18:32:22.090+0800: 12469126.068: [GC (Allocation Failure) 2020-08-01T18:32:22.090+0800: 12469126.068: [ParNew: 667633K->13326K(737280K), 0.0150346 secs] 1481789K->827549K(6209536K), 0.0152559 secs] [Times: user=0.06 sys=0.00, real=0.01 secs] 
2020-08-01T18:35:53.122+0800: 12469337.100: [GC (Allocation Failure) 2020-08-01T18:35:53.128+0800: 12469337.106: [ParNew: 668686K->14731K(737280K), 0.0162459 secs] 1482909K->829117K(6209536K), 0.0220175 secs] [Times: user=0.07 sys=0.00, real=0.02 secs] 
2020-08-01T18:40:25.032+0800: 12469609.010: [GC (Allocation Failure) 2020-08-01T18:40:25.038+0800: 12469609.016: [ParNew: 670091K->15307K(737280K), 0.0240737 secs] 1484477K->829892K(6209536K), 0.0303196 secs] [Times: user=0.07 sys=0.00, real=0.03 secs] 
2020-08-01T18:43:34.864+0800: 12469798.842: [GC (Allocation Failure) 2020-08-01T18:43:34.864+0800: 12469798.842: [ParNew: 670667K->13211K(737280K), 0.0146738 secs] 1485252K->828035K(6209536K), 0.0148415 secs] [Times: user=0.07 sys=0.00, real=0.02 secs] 
2020-08-01T18:46:01.325+0800: 12469945.303: [GC (Allocation Failure) 2020-08-01T18:46:01.327+0800: 12469945.305: [ParNew: 668571K->15753K(737280K), 0.0217192 secs] 1483395K->830660K(6209536K), 0.0244471 secs] [Times: user=0.09 sys=0.00, real=0.03 secs] 
2020-08-01T18:50:24.476+0800: 12470208.454: [GC (Allocation Failure) 2020-08-01T18:50:24.482+0800: 12470208.460: [ParNew: 671113K->18241K(737280K), 0.0180046 secs] 1486020K->835241K(6209536K), 0.0237563 secs] [Times: user=0.08 sys=0.00, real=0.03 secs] 
2020-08-01T18:52:08.782+0800: 12470312.760: [GC (Allocation Failure) 2020-08-01T18:52:08.782+0800: 12470312.760: [ParNew: 673601K->20178K(737280K), 0.0234664 secs] 1490601K->837261K(6209536K), 0.0236449 secs] [Times: user=0.08 sys=0.00, real=0.02 secs] 
2020-08-01T18:53:20.168+0800: 12470384.146: [GC (Allocation Failure) 2020-08-01T18:53:20.168+0800: 12470384.146: [ParNew: 675450K->15774K(737280K), 0.0194288 secs] 1492532K->833379K(6209536K), 0.0196014 secs] [Times: user=0.08 sys=0.01, real=0.02 secs] 
2020-08-01T18:54:45.168+0800: 12470469.146: [GC (Allocation Failure) 2020-08-01T18:54:45.169+0800: 12470469.146: [ParNew: 671134K->13179K(737280K), 0.0184263 secs] 1488739K->831618K(6209536K), 0.0186177 secs] [Times: user=0.08 sys=0.00, real=0.02 secs] 
2020-08-01T18:56:18.518+0800: 12470562.496: [GC (Allocation Failure) 2020-08-01T18:56:18.518+0800: 12470562.496: [ParNew: 668539K->11574K(737280K), 0.0187487 secs] 1486978K->830184K(6209536K), 0.0189191 secs] [Times: user=0.08 sys=0.00, real=0.02 secs] 
2020-08-01T18:58:14.928+0800: 12470678.906: [GC (Allocation Failure) 2020-08-01T18:58:14.928+0800: 12470678.906: [ParNew: 666932K->12525K(737280K), 0.0188218 secs] 1485543K->831938K(6209536K), 0.0190211 secs] [Times: user=0.08 sys=0.00, real=0.02 secs] 
2020-08-01T18:59:44.138+0800: 12470768.116: [GC (Allocation Failure) 2020-08-01T18:59:44.138+0800: 12470768.116: [ParNew: 667885K->11710K(737280K), 0.0260892 secs] 1487298K->833178K(6209536K), 0.0263287 secs] [Times: user=0.08 sys=0.01, real=0.03 secs] 
2020-08-01T19:02:13.570+0800: 12470917.548: [GC (Allocation Failure) 2020-08-01T19:02:13.575+0800: 12470917.553: [ParNew: 667070K->12843K(737280K), 0.0206964 secs] 1488538K->834515K(6209536K), 0.0258485 secs] [Times: user=0.08 sys=0.01, real=0.02 secs] 
2020-08-01T19:04:22.233+0800: 12471046.211: [GC (Allocation Failure) 2020-08-01T19:04:22.234+0800: 12471046.211: [ParNew: 668203K->14008K(737280K), 0.0240697 secs] 1489875K->835684K(6209536K), 0.0242392 secs] [Times: user=0.09 sys=0.00, real=0.02 secs] 
2020-08-01T19:05:40.117+0800: 12471124.095: [GC (Allocation Failure) 2020-08-01T19:05:40.117+0800: 12471124.095: [ParNew: 669368K->15095K(737280K), 0.0226593 secs] 1491044K->836840K(6209536K), 0.0228518 secs] [Times: user=0.08 sys=0.00, real=0.03 secs] 
2020-08-01T19:07:07.656+0800: 12471211.634: [GC (Allocation Failure) 2020-08-01T19:07:07.656+0800: 12471211.634: [ParNew: 670455K->13358K(737280K), 0.0197080 secs] 1492200K->835308K(6209536K), 0.0199189 secs] [Times: user=0.08 sys=0.00, real=0.02 secs] 
2020-08-01T19:08:44.175+0800: 12471308.153: [GC (Allocation Failure) 2020-08-01T19:08:44.175+0800: 12471308.153: [ParNew: 668718K->18007K(737280K), 0.0223491 secs] 1490668K->840173K(6209536K), 0.0225380 secs] [Times: user=0.08 sys=0.00, real=0.02 secs] 
2020-08-01T19:10:44.154+0800: 12471428.131: [GC (Allocation Failure) 2020-08-01T19:10:44.154+0800: 12471428.132: [ParNew: 673367K->21384K(737280K), 0.0220120 secs] 1495533K->843701K(6209536K), 0.0222040 secs] [Times: user=0.09 sys=0.00, real=0.02 secs] 
2020-08-01T19:14:17.884+0800: 12471641.861: [GC (Allocation Failure) 2020-08-01T19:14:17.884+0800: 12471641.862: [ParNew: 676744K->13586K(737280K), 0.0173441 secs] 1499061K->836159K(6209536K), 0.0175212 secs] [Times: user=0.07 sys=0.00, real=0.02 secs] 
2020-08-01T19:17:12.864+0800: 12471816.842: [GC (Allocation Failure) 2020-08-01T19:17:12.864+0800: 12471816.842: [ParNew: 668946K->9414K(737280K), 0.0155335 secs] 1491519K->832549K(6209536K), 0.0167176 secs] [Times: user=0.07 sys=0.00, real=0.02 secs] 
2020-08-01T19:21:20.586+0800: 12472064.564: [GC (Allocation Failure) 2020-08-01T19:21:20.586+0800: 12472064.564: [ParNew: 664774K->11052K(737280K), 0.0200383 secs] 1487909K->834279K(6209536K), 0.0202112 secs] [Times: user=0.08 sys=0.01, real=0.02 secs] 
2020-08-01T19:24:54.884+0800: 12472278.862: [GC (Allocation Failure) 2020-08-01T19:24:54.884+0800: 12472278.862: [ParNew: 666412K->15589K(737280K), 0.0204552 secs] 1489639K->839148K(6209536K), 0.0206276 secs] [Times: user=0.08 sys=0.01, real=0.02 secs] 
2020-08-01T19:27:43.292+0800: 12472447.270: [GC (Allocation Failure) 2020-08-01T19:27:43.292+0800: 12472447.270: [ParNew: 670949K->25738K(737280K), 0.0201567 secs] 1494508K->849373K(6209536K), 0.0203357 secs] [Times: user=0.07 sys=0.00, real=0.02 secs] 
2020-08-01T19:29:42.880+0800: 12472566.858: [GC (Allocation Failure) 2020-08-01T19:29:42.880+0800: 12472566.858: [ParNew: 681098K->29896K(737280K), 0.0357535 secs] 1504733K->853693K(6209536K), 0.0359556 secs] [Times: user=0.17 sys=0.00, real=0.03 secs] 
2020-08-01T19:30:09.303+0800: 12472593.281: [GC (Allocation Failure) 2020-08-01T19:30:09.304+0800: 12472593.281: [ParNew: 685256K->71386K(737280K), 0.0561413 secs] 1509053K->895264K(6209536K), 0.0563273 secs] [Times: user=0.36 sys=0.00, real=0.06 secs] 
2020-08-01T19:30:36.100+0800: 12472620.078: [GC (Allocation Failure) 2020-08-01T19:30:36.100+0800: 12472620.078: [ParNew: 726746K->68207K(737280K), 0.3205920 secs] 1550624K->957535K(6209536K), 0.3208319 secs] [Times: user=0.81 sys=0.13, real=0.32 secs] 
2020-08-01T19:31:05.808+0800: 12472649.786: [GC (Allocation Failure) 2020-08-01T19:31:05.808+0800: 12472649.786: [ParNew: 723567K->81920K(737280K), 0.0767989 secs] 1612895K->974563K(6209536K), 0.0770004 secs] [Times: user=0.47 sys=0.00, real=0.07 secs] 
2020-08-01T19:31:25.689+0800: 12472669.667: [GC (Allocation Failure) 2020-08-01T19:31:25.689+0800: 12472669.667: [ParNew: 737280K->81920K(737280K), 0.1310465 secs] 1629923K->1021732K(6209536K), 0.1312109 secs] [Times: user=0.73 sys=0.00, real=0.13 secs] 
2020-08-01T19:31:56.933+0800: 12472700.911: [GC (Allocation Failure) 2020-08-01T19:31:56.933+0800: 12472700.911: [ParNew: 737280K->73086K(737280K), 0.1394258 secs] 1677092K->1090211K(6209536K), 0.1396069 secs] [Times: user=0.80 sys=0.01, real=0.14 secs] 
2020-08-01T19:32:28.305+0800: 12472732.283: [GC (Allocation Failure) 2020-08-01T19:32:28.305+0800: 12472732.283: [ParNew: 728446K->51480K(737280K), 0.1148368 secs] 1745571K->1109839K(6209536K), 0.1150352 secs] [Times: user=0.51 sys=0.00, real=0.12 secs] 
2020-08-01T19:33:10.825+0800: 12472774.803: [GC (Allocation Failure) 2020-08-01T19:33:10.825+0800: 12472774.803: [ParNew: 706840K->81920K(737280K), 0.0678716 secs] 1765199K->1141349K(6209536K), 0.0680243 secs] [Times: user=0.43 sys=0.00, real=0.07 secs] 
2020-08-01T19:33:46.445+0800: 12472810.422: [GC (Allocation Failure) 2020-08-01T19:33:46.445+0800: 12472810.423: [ParNew: 737280K->63642K(737280K), 0.1326384 secs] 1796709K->1198200K(6209536K), 0.1328119 secs] [Times: user=0.72 sys=0.00, real=0.13 secs] 
2020-08-01T19:34:34.009+0800: 12472857.987: [GC (Allocation Failure) 2020-08-01T19:34:34.009+0800: 12472857.987: [ParNew: 719002K->81920K(737280K), 0.0754531 secs] 1853560K->1218437K(6209536K), 0.0756324 secs] [Times: user=0.46 sys=0.00, real=0.07 secs] 
2020-08-01T19:35:06.207+0800: 12472890.184: [GC (Allocation Failure) 2020-08-01T19:35:06.207+0800: 12472890.184: [ParNew: 737280K->81920K(737280K), 0.0994061 secs] 1873797K->1257899K(6209536K), 0.0995764 secs] [Times: user=0.61 sys=0.00, real=0.09 secs] 
2020-08-01T19:35:43.119+0800: 12472927.097: [GC (Allocation Failure) 2020-08-01T19:35:43.119+0800: 12472927.097: [ParNew: 737280K->81920K(737280K), 0.1000354 secs] 1913259K->1296017K(6209536K), 0.1002129 secs] [Times: user=0.67 sys=0.00, real=0.10 secs] 
2020-08-01T19:36:22.820+0800: 12472966.798: [GC (Allocation Failure) 2020-08-01T19:36:22.820+0800: 12472966.798: [ParNew: 737280K->71505K(737280K), 0.1229441 secs] 1951377K->1357996K(6209536K), 0.1240570 secs] [Times: user=0.77 sys=0.00, real=0.12 secs] 
2020-08-01T19:36:54.882+0800: 12472998.860: [GC (Allocation Failure) 2020-08-01T19:36:54.882+0800: 12472998.860: [ParNew: 726865K->63421K(737280K), 0.0858251 secs] 2013356K->1391948K(6209536K), 0.0860079 secs] [Times: user=0.58 sys=0.00, real=0.09 secs] 
2020-08-01T19:37:28.219+0800: 12473032.196: [GC (Allocation Failure) 2020-08-01T19:37:28.219+0800: 12473032.197: [ParNew: 718781K->68782K(737280K), 0.0913549 secs] 2047308K->1438546K(6209536K), 0.0915721 secs] [Times: user=0.55 sys=0.00, real=0.09 secs] 
2020-08-01T19:38:05.288+0800: 12473069.265: [GC (Allocation Failure) 2020-08-01T19:38:05.288+0800: 12473069.266: [ParNew: 724142K->57572K(737280K), 0.0888624 secs] 2093906K->1468648K(6209536K), 0.0890707 secs] [Times: user=0.48 sys=0.00, real=0.08 secs] 
2020-08-01T19:38:25.516+0800: 12473089.493: [GC (Allocation Failure) 2020-08-01T19:38:25.516+0800: 12473089.493: [ParNew: 712932K->81920K(737280K), 0.0703902 secs] 2124008K->1495297K(6209536K), 0.0705726 secs] [Times: user=0.46 sys=0.00, real=0.07 secs] 
2020-08-01T19:38:59.690+0800: 12473123.668: [GC (Allocation Failure) 2020-08-01T19:38:59.691+0800: 12473123.668: [ParNew: 737280K->62238K(737280K), 0.1397405 secs] 2150657K->1550451K(6209536K), 0.1398953 secs] [Times: user=0.69 sys=0.00, real=0.14 secs] 
2020-08-01T19:39:18.200+0800: 12473142.178: [GC (Allocation Failure) 2020-08-01T19:39:18.200+0800: 12473142.178: [ParNew: 717598K->69810K(737280K), 0.0979362 secs] 2205811K->1598977K(6209536K), 0.0981004 secs] [Times: user=0.59 sys=0.00, real=0.09 secs] 
2020-08-01T19:39:32.894+0800: 12473156.872: [GC (Allocation Failure) 2020-08-01T19:39:32.894+0800: 12473156.872: [ParNew: 725170K->56553K(737280K), 0.0949150 secs] 2254337K->1629786K(6209536K), 0.0950857 secs] [Times: user=0.60 sys=0.00, real=0.10 secs] 
2020-08-01T19:39:47.909+0800: 12473171.887: [GC (Allocation Failure) 2020-08-01T19:39:47.910+0800: 12473171.887: [ParNew: 711913K->72278K(737280K), 0.0967679 secs] 2285146K->1689207K(6209536K), 0.0969386 secs] [Times: user=0.58 sys=0.00, real=0.10 secs] 
2020-08-01T19:40:03.524+0800: 12473187.502: [GC (Allocation Failure) 2020-08-01T19:40:03.524+0800: 12473187.502: [ParNew: 727638K->71725K(737280K), 0.0864330 secs] 2344567K->1732569K(6209536K), 0.0866072 secs] [Times: user=0.60 sys=0.00, real=0.09 secs] 
2020-08-01T19:40:19.777+0800: 12473203.755: [GC (Allocation Failure) 2020-08-01T19:40:19.777+0800: 12473203.755: [ParNew: 727085K->71391K(737280K), 0.0986314 secs] 2387929K->1775960K(6209536K), 0.0988165 secs] [Times: user=0.67 sys=0.00, real=0.10 secs] 
2020-08-01T19:40:37.426+0800: 12473221.404: [GC (Allocation Failure) 2020-08-01T19:40:37.426+0800: 12473221.404: [ParNew: 726751K->49450K(737280K), 0.0890626 secs] 2431320K->1798689K(6209536K), 0.0892410 secs] [Times: user=0.61 sys=0.00, real=0.09 secs] 
2020-08-01T19:40:55.749+0800: 12473239.727: [GC (Allocation Failure) 2020-08-01T19:40:55.749+0800: 12473239.727: [ParNew: 704810K->54535K(737280K), 0.0853892 secs] 2454049K->1847083K(6209536K), 0.0855516 secs] [Times: user=0.58 sys=0.00, real=0.08 secs] 
2020-08-01T19:41:15.932+0800: 12473259.910: [GC (Allocation Failure) 2020-08-01T19:41:15.932+0800: 12473259.910: [ParNew: 709895K->66626K(737280K), 0.0998075 secs] 2502443K->1903432K(6209536K), 0.1000096 secs] [Times: user=0.56 sys=0.01, real=0.10 secs] 
2020-08-01T19:41:42.441+0800: 12473286.419: [GC (Allocation Failure) 2020-08-01T19:41:42.441+0800: 12473286.419: [ParNew: 721986K->66812K(737280K), 0.0790969 secs] 2558792K->1947718K(6209536K), 0.0792682 secs] [Times: user=0.54 sys=0.00, real=0.08 secs] 
2020-08-01T19:42:07.641+0800: 12473311.619: [GC (Allocation Failure) 2020-08-01T19:42:07.642+0800: 12473311.619: [ParNew: 722172K->54076K(737280K), 0.0757721 secs] 2603078K->1976894K(6209536K), 0.0759656 secs] [Times: user=0.48 sys=0.00, real=0.07 secs] 
2020-08-01T19:42:31.986+0800: 12473335.964: [GC (Allocation Failure) 2020-08-01T19:42:31.986+0800: 12473335.964: [ParNew: 709436K->81920K(737280K), 0.0716684 secs] 2632254K->2007737K(6209536K), 0.0718422 secs] [Times: user=0.44 sys=0.00, real=0.08 secs] 
2020-08-01T19:42:54.237+0800: 12473358.215: [GC (Allocation Failure) 2020-08-01T19:42:54.238+0800: 12473358.215: [ParNew: 737280K->81920K(737280K), 0.1076638 secs] 2663097K->2050636K(6209536K), 0.1078430 secs] [Times: user=0.78 sys=0.00, real=0.11 secs] 
2020-08-01T19:43:16.128+0800: 12473380.105: [GC (Allocation Failure) 2020-08-01T19:43:16.128+0800: 12473380.105: [ParNew: 737280K->74679K(737280K), 0.1329880 secs] 2705996K->2120929K(6209536K), 0.1331554 secs] [Times: user=0.83 sys=0.00, real=0.13 secs] 
2020-08-01T19:43:49.928+0800: 12473413.906: [GC (Allocation Failure) 2020-08-01T19:43:49.928+0800: 12473413.906: [ParNew: 730039K->61951K(737280K), 0.0880241 secs] 2776289K->2152916K(6209536K), 0.0881873 secs] [Times: user=0.57 sys=0.00, real=0.08 secs] 
2020-08-01T19:44:18.727+0800: 12473442.704: [GC (Allocation Failure) 2020-08-01T19:44:18.727+0800: 12473442.705: [ParNew: 717311K->81920K(737280K), 0.0771197 secs] 2808276K->2174405K(6209536K), 0.0773034 secs] [Times: user=0.45 sys=0.01, real=0.07 secs] 
2020-08-01T19:44:39.388+0800: 12473463.366: [GC (Allocation Failure) 2020-08-01T19:44:39.388+0800: 12473463.366: [ParNew: 737280K->81920K(737280K), 0.0978888 secs] 2829765K->2214786K(6209536K), 0.0980429 secs] [Times: user=0.66 sys=0.00, real=0.09 secs] 
2020-08-01T19:45:06.649+0800: 12473490.627: [GC (Allocation Failure) 2020-08-01T19:45:06.649+0800: 12473490.627: [ParNew: 737280K->81920K(737280K), 0.0991259 secs] 2870146K->2251644K(6209536K), 0.0992875 secs] [Times: user=0.65 sys=0.00, real=0.10 secs] 
2020-08-01T19:45:31.463+0800: 12473515.441: [GC (Allocation Failure) 2020-08-01T19:45:31.463+0800: 12473515.441: [ParNew: 737280K->81920K(737280K), 0.0929118 secs] 2907004K->2292172K(6209536K), 0.0930742 secs] [Times: user=0.62 sys=0.00, real=0.09 secs] 
2020-08-01T19:45:54.315+0800: 12473538.293: [GC (Allocation Failure) 2020-08-01T19:45:54.315+0800: 12473538.293: [ParNew: 737280K->81920K(737280K), 0.0909350 secs] 2947532K->2325800K(6209536K), 0.0911530 secs] [Times: user=0.58 sys=0.00, real=0.09 secs] 
2020-08-01T19:46:18.333+0800: 12473562.311: [GC (Allocation Failure) 2020-08-01T19:46:18.333+0800: 12473562.311: [ParNew: 737280K->77096K(737280K), 0.0740072 secs] 2981160K->2352032K(6209536K), 0.0741667 secs] [Times: user=0.51 sys=0.00, real=0.08 secs] 
2020-08-01T19:46:41.839+0800: 12473585.817: [GC (Allocation Failure) 2020-08-01T19:46:41.839+0800: 12473585.817: [ParNew: 732456K->81920K(737280K), 0.0820607 secs] 3007392K->2385098K(6209536K), 0.0822194 secs] [Times: user=0.56 sys=0.00, real=0.08 secs] 
2020-08-01T19:47:08.135+0800: 12473612.112: [GC (Allocation Failure) 2020-08-01T19:47:08.135+0800: 12473612.113: [ParNew: 737280K->81920K(737280K), 0.0912409 secs] 3040458K->2418232K(6209536K), 0.0914078 secs] [Times: user=0.64 sys=0.00, real=0.09 secs] 
2020-08-01T19:47:33.259+0800: 12473637.237: [GC (Allocation Failure) 2020-08-01T19:47:33.259+0800: 12473637.237: [ParNew: 737280K->81920K(737280K), 0.1060670 secs] 3073592K->2455083K(6209536K), 0.1062369 secs] [Times: user=0.60 sys=0.00, real=0.10 secs] 
2020-08-01T19:47:45.750+0800: 12473649.728: [GC (Allocation Failure) 2020-08-01T19:47:45.750+0800: 12473649.728: [ParNew: 737280K->81920K(737280K), 0.0979538 secs] 3110443K->2490816K(6209536K), 0.0981257 secs] [Times: user=0.66 sys=0.00, real=0.10 secs] 
2020-08-01T19:48:00.256+0800: 12473664.234: [GC (Allocation Failure) 2020-08-01T19:48:00.256+0800: 12473664.234: [ParNew: 737280K->73652K(737280K), 0.1192118 secs] 3146176K->2557023K(6209536K), 0.1193782 secs] [Times: user=0.78 sys=0.00, real=0.12 secs] 
2020-08-01T19:48:18.509+0800: 12473682.487: [GC (Allocation Failure) 2020-08-01T19:48:18.509+0800: 12473682.487: [ParNew: 729012K->67863K(737280K), 0.0892367 secs] 3212383K->2591319K(6209536K), 0.0894082 secs] [Times: user=0.57 sys=0.00, real=0.08 secs] 
2020-08-01T19:48:33.866+0800: 12473697.844: [GC (Allocation Failure) 2020-08-01T19:48:33.866+0800: 12473697.844: [ParNew: 723223K->81920K(737280K), 0.0922847 secs] 3246679K->2607070K(6209536K), 0.0924816 secs] [Times: user=0.46 sys=0.00, real=0.09 secs] 
2020-08-01T19:48:58.431+0800: 12473722.409: [GC (Allocation Failure) 2020-08-01T19:48:58.431+0800: 12473722.409: [ParNew: 737256K->81920K(737280K), 0.1066504 secs] 3262406K->2647021K(6209536K), 0.1068192 secs] [Times: user=0.67 sys=0.00, real=0.10 secs] 
2020-08-01T19:49:19.698+0800: 12473743.676: [GC (Allocation Failure) 2020-08-01T19:49:19.698+0800: 12473743.676: [ParNew: 737280K->81920K(737280K), 0.1047520 secs] 3302381K->2686129K(6209536K), 0.1049130 secs] [Times: user=0.74 sys=0.00, real=0.11 secs] 
2020-08-01T19:49:41.728+0800: 12473765.706: [GC (Allocation Failure) 2020-08-01T19:49:41.728+0800: 12473765.706: [ParNew: 737280K->74808K(737280K), 0.1258793 secs] 3341489K->2754443K(6209536K), 0.1260472 secs] [Times: user=0.81 sys=0.00, real=0.12 secs] 
2020-08-01T19:50:03.406+0800: 12473787.384: [GC (Allocation Failure) 2020-08-01T19:50:03.406+0800: 12473787.384: [ParNew: 730168K->81920K(737280K), 0.0656284 secs] 3409803K->2764944K(6209536K), 0.0657829 secs] [Times: user=0.47 sys=0.00, real=0.07 secs] 
2020-08-01T19:50:32.331+0800: 12473816.308: [GC (Allocation Failure) 2020-08-01T19:50:32.331+0800: 12473816.309: [ParNew: 737280K->81920K(737280K), 0.1081426 secs] 3420304K->2804611K(6209536K), 0.1083438 secs] [Times: user=0.69 sys=0.00, real=0.11 secs] 
2020-08-01T19:50:47.919+0800: 12473831.897: [GC (Allocation Failure) 2020-08-01T19:50:47.919+0800: 12473831.897: [ParNew: 737280K->81920K(737280K), 0.1129377 secs] 3459971K->2843957K(6209536K), 0.1131004 secs] [Times: user=0.69 sys=0.00, real=0.11 secs] 
2020-08-01T19:50:56.839+0800: 12473840.817: [GC (Allocation Failure) 2020-08-01T19:50:56.840+0800: 12473840.817: [ParNew: 737280K->81920K(737280K), 0.1046837 secs] 3499317K->2881550K(6209536K), 0.1048516 secs] [Times: user=0.67 sys=0.00, real=0.10 secs] 
2020-08-01T19:51:15.332+0800: 12473859.310: [GC (Allocation Failure) 2020-08-01T19:51:15.332+0800: 12473859.310: [ParNew: 737193K->72857K(737280K), 0.1286889 secs] 3536824K->2946817K(6209536K), 0.1288622 secs] [Times: user=0.78 sys=0.00, real=0.13 secs] 
2020-08-01T19:51:40.402+0800: 12473884.380: [GC (Allocation Failure) 2020-08-01T19:51:40.402+0800: 12473884.380: [ParNew: 728217K->51686K(737280K), 0.0999171 secs] 3602177K->2966853K(6209536K), 0.1001836 secs] [Times: user=0.50 sys=0.00, real=0.10 secs] 
2020-08-01T19:51:57.275+0800: 12473901.253: [GC (Allocation Failure) 2020-08-01T19:51:57.275+0800: 12473901.253: [ParNew: 706940K->80168K(737280K), 0.0779656 secs] 3622106K->2995335K(6209536K), 0.0781681 secs] [Times: user=0.48 sys=0.01, real=0.08 secs] 
2020-08-01T19:52:27.437+0800: 12473931.415: [GC (Allocation Failure) 2020-08-01T19:52:27.437+0800: 12473931.415: [ParNew: 735528K->81920K(737280K), 0.0961604 secs] 3650695K->3031611K(6209536K), 0.0963413 secs] [Times: user=0.58 sys=0.00, real=0.10 secs] 
2020-08-01T19:52:56.515+0800: 12473960.493: [GC (Allocation Failure) 2020-08-01T19:52:56.515+0800: 12473960.493: [ParNew: 737280K->81920K(737280K), 0.0835655 secs] 3686971K->3065090K(6209536K), 0.0837548 secs] [Times: user=0.56 sys=0.00, real=0.09 secs] 
2020-08-01T19:53:28.543+0800: 12473992.521: [GC (Allocation Failure) 2020-08-01T19:53:28.543+0800: 12473992.521: [ParNew: 737280K->81920K(737280K), 0.0993927 secs] 3720450K->3096209K(6209536K), 0.0995603 secs] [Times: user=0.60 sys=0.00, real=0.10 secs] 
2020-08-01T19:54:05.411+0800: 12474029.389: [GC (Allocation Failure) 2020-08-01T19:54:05.411+0800: 12474029.389: [ParNew: 737280K->81920K(737280K), 0.1185349 secs] 3751569K->3130255K(6209536K), 0.1187049 secs] [Times: user=0.61 sys=0.00, real=0.12 secs] 
2020-08-01T19:54:39.807+0800: 12474063.785: [GC (Allocation Failure) 2020-08-01T19:54:39.807+0800: 12474063.785: [ParNew: 737280K->81920K(737280K), 0.1019395 secs] 3785615K->3162591K(6209536K), 0.1021112 secs] [Times: user=0.60 sys=0.00, real=0.10 secs] 
2020-08-01T19:55:08.752+0800: 12474092.730: [GC (Allocation Failure) 2020-08-01T19:55:08.752+0800: 12474092.730: [ParNew: 737280K->81920K(737280K), 0.1005171 secs] 3817951K->3200979K(6209536K), 0.1006787 secs] [Times: user=0.51 sys=0.00, real=0.10 secs] 
2020-08-01T19:55:35.647+0800: 12474119.625: [GC (Allocation Failure) 2020-08-01T19:55:35.647+0800: 12474119.625: [ParNew: 737280K->81920K(737280K), 0.0943828 secs] 3856339K->3231234K(6209536K), 0.0945782 secs] [Times: user=0.56 sys=0.00, real=0.09 secs] 
2020-08-01T19:56:05.442+0800: 12474149.420: [GC (Allocation Failure) 2020-08-01T19:56:05.442+0800: 12474149.420: [ParNew: 737280K->81920K(737280K), 0.0965802 secs] 3886594K->3267998K(6209536K), 0.0967430 secs] [Times: user=0.60 sys=0.00, real=0.10 secs] 
2020-08-01T19:56:28.236+0800: 12474172.214: [GC (Allocation Failure) 2020-08-01T19:56:28.236+0800: 12474172.214: [ParNew: 737280K->81920K(737280K), 0.0952281 secs] 3923358K->3303815K(6209536K), 0.0953887 secs] [Times: user=0.55 sys=0.00, real=0.10 secs] 
2020-08-01T19:56:57.289+0800: 12474201.267: [GC (Allocation Failure) 2020-08-01T19:56:57.289+0800: 12474201.267: [ParNew: 737280K->81920K(737280K), 0.0921063 secs] 3959175K->3337719K(6209536K), 0.0922912 secs] [Times: user=0.56 sys=0.00, real=0.09 secs] 
2020-08-01T19:57:35.349+0800: 12474239.327: [GC (Allocation Failure) 2020-08-01T19:57:35.349+0800: 12474239.327: [ParNew: 737280K->81919K(737280K), 0.0939670 secs] 3993079K->3371823K(6209536K), 0.0941523 secs] [Times: user=0.51 sys=0.00, real=0.09 secs] 
2020-08-01T19:58:06.132+0800: 12474270.110: [GC (Allocation Failure) 2020-08-01T19:58:06.132+0800: 12474270.110: [ParNew: 737263K->77656K(737280K), 0.0852058 secs] 4027166K->3398017K(6209536K), 0.0853744 secs] [Times: user=0.56 sys=0.00, real=0.08 secs] 
2020-08-01T19:58:38.157+0800: 12474302.135: [GC (Allocation Failure) 2020-08-01T19:58:38.157+0800: 12474302.135: [ParNew: 732963K->76632K(737280K), 0.0880631 secs] 4053323K->3425634K(6209536K), 0.0882220 secs] [Times: user=0.55 sys=0.00, real=0.09 secs] 
2020-08-01T19:59:10.272+0800: 12474334.249: [GC (Allocation Failure) 2020-08-01T19:59:10.272+0800: 12474334.249: [ParNew: 731992K->75256K(737280K), 0.0921607 secs] 4080994K->3454510K(6209536K), 0.0923338 secs] [Times: user=0.60 sys=0.00, real=0.09 secs] 
2020-08-01T19:59:47.039+0800: 12474371.017: [GC (Allocation Failure) 2020-08-01T19:59:47.040+0800: 12474371.017: [ParNew: 730616K->81920K(737280K), 0.0852656 secs] 4109870K->3490467K(6209536K), 0.0854534 secs] [Times: user=0.57 sys=0.00, real=0.08 secs] 
2020-08-01T20:00:21.415+0800: 12474405.393: [GC (Allocation Failure) 2020-08-01T20:00:21.416+0800: 12474405.393: [ParNew: 737280K->81920K(737280K), 0.0929942 secs] 4145827K->3522577K(6209536K), 0.0932043 secs] [Times: user=0.53 sys=0.00, real=0.10 secs] 
2020-08-01T20:00:56.626+0800: 12474440.604: [GC (Allocation Failure) 2020-08-01T20:00:56.626+0800: 12474440.604: [ParNew: 737280K->81920K(737280K), 0.0878426 secs] 4177937K->3555169K(6209536K), 0.0880260 secs] [Times: user=0.56 sys=0.00, real=0.09 secs] 
2020-08-01T20:01:39.083+0800: 12474483.061: [GC (Allocation Failure) 2020-08-01T20:01:39.083+0800: 12474483.061: [ParNew: 737280K->81920K(737280K), 0.0873485 secs] 4210529K->3588419K(6209536K), 0.0875318 secs] [Times: user=0.60 sys=0.00, real=0.09 secs] 
2020-08-01T20:02:16.966+0800: 12474520.943: [GC (Allocation Failure) 2020-08-01T20:02:16.966+0800: 12474520.943: [ParNew: 737280K->81920K(737280K), 0.1295860 secs] 4243779K->3626246K(6209536K), 0.1298009 secs] [Times: user=0.69 sys=0.00, real=0.13 secs] 
2020-08-01T20:03:05.767+0800: 12474569.745: [GC (Allocation Failure) 2020-08-01T20:03:05.767+0800: 12474569.745: [ParNew: 737280K->81920K(737280K), 0.0992962 secs] 4281606K->3662176K(6209536K), 0.0995675 secs] [Times: user=0.62 sys=0.00, real=0.10 secs] 
2020-08-01T20:03:41.515+0800: 12474605.492: [GC (Allocation Failure) 2020-08-01T20:03:41.515+0800: 12474605.493: [ParNew: 737280K->81920K(737280K), 0.0982828 secs] 4317536K->3701316K(6209536K), 0.0984891 secs] [Times: user=0.57 sys=0.00, real=0.10 secs] 
2020-08-01T20:04:14.239+0800: 12474638.217: [GC (Allocation Failure) 2020-08-01T20:04:14.239+0800: 12474638.217: [ParNew: 737280K->81920K(737280K), 0.1035488 secs] 4356676K->3735791K(6209536K), 0.1037348 secs] [Times: user=0.60 sys=0.00, real=0.10 secs] 
2020-08-01T20:04:44.050+0800: 12474668.028: [GC (Allocation Failure) 2020-08-01T20:04:44.050+0800: 12474668.028: [ParNew: 737280K->81920K(737280K), 0.1055426 secs] 4391151K->3772200K(6209536K), 0.1057673 secs] [Times: user=0.64 sys=0.00, real=0.10 secs] 
2020-08-01T20:05:14.804+0800: 12474698.782: [GC (Allocation Failure) 2020-08-01T20:05:14.804+0800: 12474698.782: [ParNew: 737280K->81920K(737280K), 0.0954633 secs] 4427560K->3814835K(6209536K), 0.0956497 secs] [Times: user=0.58 sys=0.00, real=0.10 secs] 
2020-08-01T20:05:41.570+0800: 12474725.548: [GC (Allocation Failure) 2020-08-01T20:05:41.570+0800: 12474725.548: [ParNew: 737280K->81920K(737280K), 0.0884090 secs] 4470195K->3846369K(6209536K), 0.0885746 secs] [Times: user=0.57 sys=0.00, real=0.09 secs] 
2020-08-01T20:06:15.452+0800: 12474759.430: [GC (Allocation Failure) 2020-08-01T20:06:15.452+0800: 12474759.430: [ParNew: 737280K->81920K(737280K), 0.1008829 secs] 4501729K->3884079K(6209536K), 0.1010613 secs] [Times: user=0.55 sys=0.00, real=0.10 secs] 
2020-08-01T20:06:36.800+0800: 12474780.778: [GC (Allocation Failure) 2020-08-01T20:06:36.800+0800: 12474780.778: [ParNew: 737280K->81920K(737280K), 0.1073230 secs] 4539439K->3914803K(6209536K), 0.1075121 secs] [Times: user=0.60 sys=0.00, real=0.11 secs] 
2020-08-01T20:06:36.913+0800: 12474780.890: [GC (CMS Initial Mark) [1 CMS-initial-mark: 3832883K(5472256K)] 3924821K(6209536K), 0.0098511 secs] [Times: user=0.04 sys=0.01, real=0.01 secs] 
2020-08-01T20:06:36.923+0800: 12474780.901: [CMS-concurrent-mark-start]
2020-08-01T20:06:39.203+0800: 12474783.181: [CMS-concurrent-mark: 2.281/2.281 secs] [Times: user=5.04 sys=0.10, real=2.28 secs] 
2020-08-01T20:06:39.204+0800: 12474783.181: [CMS-concurrent-preclean-start]
2020-08-01T20:06:39.211+0800: 12474783.189: [CMS-concurrent-preclean: 0.007/0.008 secs] [Times: user=0.01 sys=0.00, real=0.01 secs] 
2020-08-01T20:06:39.211+0800: 12474783.189: [CMS-concurrent-abortable-preclean-start]
 CMS: abort preclean due to time 2020-08-01T20:06:44.370+0800: 12474788.347: [CMS-concurrent-abortable-preclean: 4.654/5.158 secs] [Times: user=5.65 sys=0.54, real=5.16 secs] 
2020-08-01T20:06:44.371+0800: 12474788.349: [GC (CMS Final Remark) [YG occupancy: 350774 K (737280 K)]2020-08-01T20:06:44.371+0800: 12474788.349: [Rescan (parallel) , 0.0233627 secs]2020-08-01T20:06:44.395+0800: 12474788.372: [weak refs processing, 0.0012591 secs]2020-08-01T20:06:44.396+0800: 12474788.374: [class unloading, 0.0176682 secs]2020-08-01T20:06:44.414+0800: 12474788.391: [scrub symbol table, 0.0065484 secs]2020-08-01T20:06:44.420+0800: 12474788.398: [scrub string table, 0.0011250 secs][1 CMS-remark: 3832883K(5472256K)] 4183658K(6209536K), 0.0503573 secs] [Times: user=0.20 sys=0.01, real=0.05 secs] 
2020-08-01T20:06:44.422+0800: 12474788.400: [CMS-concurrent-sweep-start]
2020-08-01T20:06:45.778+0800: 12474789.756: [CMS-concurrent-sweep: 1.356/1.356 secs] [Times: user=1.59 sys=0.16, real=1.35 secs] 
2020-08-01T20:06:45.778+0800: 12474789.756: [CMS-concurrent-reset-start]
2020-08-01T20:06:45.798+0800: 12474789.776: [CMS-concurrent-reset: 0.020/0.020 secs] [Times: user=0.02 sys=0.01, real=0.02 secs] 
2020-08-01T20:06:54.817+0800: 12474798.794: [GC (Allocation Failure) 2020-08-01T20:06:54.817+0800: 12474798.795: [ParNew: 737280K->81920K(737280K), 0.1167746 secs] 4370607K->3750330K(6209536K), 0.1169716 secs] [Times: user=0.66 sys=0.00, real=0.12 secs] 
2020-08-01T20:07:16.071+0800: 12474820.049: [GC (Allocation Failure) 2020-08-01T20:07:16.071+0800: 12474820.049: [ParNew: 737280K->81920K(737280K), 0.1678695 secs] 4405690K->3800365K(6209536K), 0.1680677 secs] [Times: user=0.72 sys=0.00, real=0.17 secs] 
2020-08-01T20:07:49.342+0800: 12474853.320: [GC (Allocation Failure) 2020-08-01T20:07:49.342+0800: 12474853.320: [ParNew: 737280K->81919K(737280K), 0.0996093 secs] 4455725K->3832305K(6209536K), 0.0997896 secs] [Times: user=0.55 sys=0.00, real=0.10 secs] 
2020-08-01T20:08:19.160+0800: 12474883.138: [GC (Allocation Failure) 2020-08-01T20:08:19.160+0800: 12474883.138: [ParNew: 737279K->81920K(737280K), 0.1053280 secs] 4487665K->3871812K(6209536K), 0.1054990 secs] [Times: user=0.55 sys=0.00, real=0.10 secs] 
2020-08-01T20:08:43.538+0800: 12474907.516: [GC (Allocation Failure) 2020-08-01T20:08:43.538+0800: 12474907.516: [ParNew: 737280K->81920K(737280K), 0.0879290 secs] 4527172K->3902777K(6209536K), 0.0881024 secs] [Times: user=0.57 sys=0.00, real=0.09 secs] 
2020-08-01T20:09:07.193+0800: 12474931.171: [GC (Allocation Failure) 2020-08-01T20:09:07.193+0800: 12474931.171: [ParNew: 737280K->81920K(737280K), 0.0855385 secs] 4558137K->3942158K(6209536K), 0.0857120 secs] [Times: user=0.54 sys=0.00, real=0.08 secs] 
2020-08-01T20:09:07.281+0800: 12474931.258: [GC (CMS Initial Mark) [1 CMS-initial-mark: 3860238K(5472256K)] 3952532K(6209536K), 0.0079053 secs] [Times: user=0.04 sys=0.00, real=0.01 secs] 
2020-08-01T20:09:07.289+0800: 12474931.266: [CMS-concurrent-mark-start]
2020-08-01T20:09:09.795+0800: 12474933.772: [CMS-concurrent-mark: 2.506/2.506 secs] [Times: user=5.69 sys=0.17, real=2.50 secs] 
2020-08-01T20:09:09.795+0800: 12474933.773: [CMS-concurrent-preclean-start]
2020-08-01T20:09:09.804+0800: 12474933.782: [CMS-concurrent-preclean: 0.009/0.009 secs] [Times: user=0.01 sys=0.00, real=0.01 secs] 
2020-08-01T20:09:09.804+0800: 12474933.782: [CMS-concurrent-abortable-preclean-start]
 CMS: abort preclean due to time 2020-08-01T20:09:15.010+0800: 12474938.988: [CMS-concurrent-abortable-preclean: 4.403/5.207 secs] [Times: user=5.60 sys=0.98, real=5.21 secs] 
2020-08-01T20:09:15.012+0800: 12474938.990: [GC (CMS Final Remark) [YG occupancy: 423868 K (737280 K)]2020-08-01T20:09:15.012+0800: 12474938.990: [Rescan (parallel) , 0.0289661 secs]2020-08-01T20:09:15.041+0800: 12474939.019: [weak refs processing, 0.0001302 secs]2020-08-01T20:09:15.041+0800: 12474939.019: [class unloading, 0.0176622 secs]2020-08-01T20:09:15.059+0800: 12474939.037: [scrub symbol table, 0.0061806 secs]2020-08-01T20:09:15.065+0800: 12474939.043: [scrub string table, 0.0008690 secs][1 CMS-remark: 3860238K(5472256K)] 4284107K(6209536K), 0.0539929 secs] [Times: user=0.24 sys=0.00, real=0.05 secs] 
2020-08-01T20:09:15.066+0800: 12474939.044: [CMS-concurrent-sweep-start]
2020-08-01T20:09:16.539+0800: 12474940.517: [CMS-concurrent-sweep: 1.473/1.473 secs] [Times: user=1.72 sys=0.28, real=1.48 secs] 
2020-08-01T20:09:16.540+0800: 12474940.517: [CMS-concurrent-reset-start]
2020-08-01T20:09:16.558+0800: 12474940.536: [CMS-concurrent-reset: 0.019/0.019 secs] [Times: user=0.02 sys=0.00, real=0.01 secs] 
2020-08-01T20:09:21.278+0800: 12474945.255: [GC (Allocation Failure) 2020-08-01T20:09:21.278+0800: 12474945.255: [ParNew: 737280K->81920K(737280K), 0.1120691 secs] 4554533K->3950204K(6209536K), 0.1122628 secs] [Times: user=0.55 sys=0.00, real=0.12 secs] 
2020-08-01T20:09:21.391+0800: 12474945.369: [GC (CMS Initial Mark) [1 CMS-initial-mark: 3868284K(5472256K)] 3960194K(6209536K), 0.0091226 secs] [Times: user=0.04 sys=0.00, real=0.01 secs] 
2020-08-01T20:09:21.401+0800: 12474945.379: [CMS-concurrent-mark-start]
2020-08-01T20:09:25.148+0800: 12474949.126: [CMS-concurrent-mark: 3.747/3.747 secs] [Times: user=8.45 sys=0.63, real=3.75 secs] 
2020-08-01T20:09:25.148+0800: 12474949.126: [CMS-concurrent-preclean-start]
2020-08-01T20:09:25.156+0800: 12474949.133: [CMS-concurrent-preclean: 0.008/0.008 secs] [Times: user=0.01 sys=0.00, real=0.00 secs] 
2020-08-01T20:09:25.156+0800: 12474949.133: [CMS-concurrent-abortable-preclean-start]
 CMS: abort preclean due to time 2020-08-01T20:09:30.484+0800: 12474954.462: [CMS-concurrent-abortable-preclean: 4.120/5.328 secs] [Times: user=5.11 sys=0.83, real=5.33 secs] 
2020-08-01T20:09:30.485+0800: 12474954.463: [GC (CMS Final Remark) [YG occupancy: 441892 K (737280 K)]2020-08-01T20:09:30.486+0800: 12474954.463: [Rescan (parallel) , 0.0313741 secs]2020-08-01T20:09:30.517+0800: 12474954.495: [weak refs processing, 0.0000563 secs]2020-08-01T20:09:30.517+0800: 12474954.495: [class unloading, 0.0172836 secs]2020-08-01T20:09:30.534+0800: 12474954.512: [scrub symbol table, 0.0061612 secs]2020-08-01T20:09:30.541+0800: 12474954.518: [scrub string table, 0.0008872 secs][1 CMS-remark: 3868284K(5472256K)] 4310176K(6209536K), 0.0559426 secs] [Times: user=0.24 sys=0.00, real=0.06 secs] 
2020-08-01T20:09:30.542+0800: 12474954.520: [CMS-concurrent-sweep-start]
2020-08-01T20:09:31.952+0800: 12474955.930: [CMS-concurrent-sweep: 1.411/1.411 secs] [Times: user=1.51 sys=0.09, real=1.41 secs] 
2020-08-01T20:09:31.952+0800: 12474955.930: [CMS-concurrent-reset-start]
2020-08-01T20:09:31.972+0800: 12474955.950: [CMS-concurrent-reset: 0.020/0.020 secs] [Times: user=0.02 sys=0.00, real=0.02 secs] 
2020-08-01T20:09:33.973+0800: 12474957.951: [GC (CMS Initial Mark) [1 CMS-initial-mark: 3862711K(5472256K)] 4322896K(6209536K), 0.0319976 secs] [Times: user=0.20 sys=0.00, real=0.03 secs] 
2020-08-01T20:09:34.005+0800: 12474957.983: [CMS-concurrent-mark-start]
2020-08-01T20:09:36.588+0800: 12474960.566: [CMS-concurrent-mark: 2.583/2.583 secs] [Times: user=5.50 sys=0.26, real=2.59 secs] 
2020-08-01T20:09:36.588+0800: 12474960.566: [CMS-concurrent-preclean-start]
2020-08-01T20:09:36.596+0800: 12474960.573: [CMS-concurrent-preclean: 0.008/0.008 secs] [Times: user=0.01 sys=0.00, real=0.00 secs] 
2020-08-01T20:09:36.596+0800: 12474960.574: [CMS-concurrent-abortable-preclean-start]
 CMS: abort preclean due to time 2020-08-01T20:09:41.935+0800: 12474965.913: [CMS-concurrent-abortable-preclean: 4.138/5.339 secs] [Times: user=4.85 sys=0.72, real=5.34 secs] 
2020-08-01T20:09:41.937+0800: 12474965.914: [GC (CMS Final Remark) [YG occupancy: 614813 K (737280 K)]2020-08-01T20:09:41.937+0800: 12474965.914: [Rescan (parallel) , 0.0420623 secs]2020-08-01T20:09:41.979+0800: 12474965.957: [weak refs processing, 0.0000356 secs]2020-08-01T20:09:41.979+0800: 12474965.957: [class unloading, 0.0184618 secs]2020-08-01T20:09:41.997+0800: 12474965.975: [scrub symbol table, 0.0062522 secs]2020-08-01T20:09:42.004+0800: 12474965.981: [scrub string table, 0.0008773 secs][1 CMS-remark: 3862711K(5472256K)] 4477524K(6209536K), 0.0678837 secs] [Times: user=0.32 sys=0.00, real=0.07 secs] 
2020-08-01T20:09:42.005+0800: 12474965.982: [CMS-concurrent-sweep-start]
2020-08-01T20:09:43.451+0800: 12474967.429: [CMS-concurrent-sweep: 1.447/1.447 secs] [Times: user=1.63 sys=0.16, real=1.45 secs] 
2020-08-01T20:09:43.452+0800: 12474967.429: [CMS-concurrent-reset-start]
2020-08-01T20:09:43.473+0800: 12474967.451: [CMS-concurrent-reset: 0.021/0.021 secs] [Times: user=0.03 sys=0.00, real=0.02 secs] 
2020-08-01T20:09:45.474+0800: 12474969.451: [GC (CMS Initial Mark) [1 CMS-initial-mark: 3858202K(5472256K)] 4582655K(6209536K), 0.0422002 secs] [Times: user=0.31 sys=0.00, real=0.04 secs] 
2020-08-01T20:09:45.516+0800: 12474969.494: [CMS-concurrent-mark-start]
2020-08-01T20:09:46.063+0800: 12474970.041: [GC (Allocation Failure) 2020-08-01T20:09:46.063+0800: 12474970.041: [ParNew: 737280K->81920K(737280K), 0.0999450 secs] 4595482K->3975068K(6209536K), 0.1001127 secs] [Times: user=0.69 sys=0.00, real=0.10 secs] 
2020-08-01T20:09:48.203+0800: 12474972.181: [CMS-concurrent-mark: 2.584/2.687 secs] [Times: user=6.77 sys=0.48, real=2.69 secs] 
2020-08-01T20:09:48.203+0800: 12474972.181: [CMS-concurrent-preclean-start]
2020-08-01T20:09:48.243+0800: 12474972.221: [CMS-concurrent-preclean: 0.038/0.040 secs] [Times: user=0.04 sys=0.01, real=0.04 secs] 
2020-08-01T20:09:48.243+0800: 12474972.221: [CMS-concurrent-abortable-preclean-start]
 CMS: abort preclean due to time 2020-08-01T20:09:53.449+0800: 12474977.426: [CMS-concurrent-abortable-preclean: 4.305/5.206 secs] [Times: user=5.20 sys=0.65, real=5.21 secs] 
2020-08-01T20:09:53.450+0800: 12474977.428: [GC (CMS Final Remark) [YG occupancy: 430837 K (737280 K)]2020-08-01T20:09:53.450+0800: 12474977.428: [Rescan (parallel) , 0.0289426 secs]2020-08-01T20:09:53.479+0800: 12474977.457: [weak refs processing, 0.0000453 secs]2020-08-01T20:09:53.479+0800: 12474977.457: [class unloading, 0.0172736 secs]2020-08-01T20:09:53.497+0800: 12474977.474: [scrub symbol table, 0.0065835 secs]2020-08-01T20:09:53.503+0800: 12474977.481: [scrub string table, 0.0010159 secs][1 CMS-remark: 3893148K(5472256K)] 4323986K(6209536K), 0.0540447 secs] [Times: user=0.24 sys=0.00, real=0.05 secs] 
2020-08-01T20:09:53.505+0800: 12474977.482: [CMS-concurrent-sweep-start]
2020-08-01T20:09:54.982+0800: 12474978.960: [CMS-concurrent-sweep: 1.478/1.478 secs] [Times: user=1.76 sys=0.12, real=1.48 secs] 
2020-08-01T20:09:54.982+0800: 12474978.960: [CMS-concurrent-reset-start]
2020-08-01T20:09:55.003+0800: 12474978.981: [CMS-concurrent-reset: 0.021/0.021 secs] [Times: user=0.02 sys=0.01, real=0.02 secs] 
2020-08-01T20:09:57.004+0800: 12474980.981: [GC (CMS Initial Mark) [1 CMS-initial-mark: 3893145K(5472256K)] 4435541K(6209536K), 0.0366723 secs] [Times: user=0.22 sys=0.00, real=0.04 secs] 
2020-08-01T20:09:57.040+0800: 12474981.018: [CMS-concurrent-mark-start]
2020-08-01T20:09:59.533+0800: 12474983.510: [CMS-concurrent-mark: 2.492/2.492 secs] [Times: user=5.64 sys=0.45, real=2.49 secs] 
2020-08-01T20:09:59.533+0800: 12474983.510: [CMS-concurrent-preclean-start]
2020-08-01T20:09:59.540+0800: 12474983.518: [CMS-concurrent-preclean: 0.008/0.008 secs] [Times: user=0.01 sys=0.00, real=0.01 secs] 
2020-08-01T20:09:59.540+0800: 12474983.518: [CMS-concurrent-abortable-preclean-start]
2020-08-01T20:10:00.924+0800: 12474984.902: [GC (Allocation Failure) 2020-08-01T20:10:00.924+0800: 12474984.902: [ParNew: 737280K->70048K(737280K), 0.1254336 secs] 4630425K->4032128K(6209536K), 0.1256005 secs] [Times: user=0.77 sys=0.00, real=0.13 secs] 
 CMS: abort preclean due to time 2020-08-01T20:10:04.691+0800: 12474988.669: [CMS-concurrent-abortable-preclean: 3.532/5.150 secs] [Times: user=5.19 sys=0.71, real=5.15 secs] 
2020-08-01T20:10:04.692+0800: 12474988.670: [GC (CMS Final Remark) [YG occupancy: 191520 K (737280 K)]2020-08-01T20:10:04.692+0800: 12474988.670: [Rescan (parallel) , 0.0252463 secs]2020-08-01T20:10:04.718+0800: 12474988.696: [weak refs processing, 0.0000469 secs]2020-08-01T20:10:04.718+0800: 12474988.696: [class unloading, 0.0195852 secs]2020-08-01T20:10:04.737+0800: 12474988.715: [scrub symbol table, 0.0062034 secs]2020-08-01T20:10:04.744+0800: 12474988.721: [scrub string table, 0.0008695 secs][1 CMS-remark: 3962079K(5472256K)] 4153600K(6209536K), 0.0521152 secs] [Times: user=0.17 sys=0.00, real=0.05 secs] 
2020-08-01T20:10:04.745+0800: 12474988.723: [CMS-concurrent-sweep-start]
2020-08-01T20:10:06.232+0800: 12474990.210: [CMS-concurrent-sweep: 1.487/1.487 secs] [Times: user=1.74 sys=0.27, real=1.49 secs] 
2020-08-01T20:10:06.232+0800: 12474990.210: [CMS-concurrent-reset-start]
2020-08-01T20:10:06.251+0800: 12474990.228: [CMS-concurrent-reset: 0.019/0.019 secs] [Times: user=0.02 sys=0.00, real=0.02 secs] 
2020-08-01T20:10:08.251+0800: 12474992.229: [GC (CMS Initial Mark) [1 CMS-initial-mark: 3959355K(5472256K)] 4262573K(6209536K), 0.0165146 secs] [Times: user=0.11 sys=0.00, real=0.02 secs] 
2020-08-01T20:10:08.268+0800: 12474992.246: [CMS-concurrent-mark-start]
2020-08-01T20:10:10.799+0800: 12474994.777: [CMS-concurrent-mark: 2.529/2.531 secs] [Times: user=5.59 sys=0.28, real=2.53 secs] 
2020-08-01T20:10:10.799+0800: 12474994.777: [CMS-concurrent-preclean-start]
2020-08-01T20:10:10.807+0800: 12474994.785: [CMS-concurrent-preclean: 0.008/0.008 secs] [Times: user=0.01 sys=0.00, real=0.01 secs] 
2020-08-01T20:10:10.807+0800: 12474994.785: [CMS-concurrent-abortable-preclean-start]
 CMS: abort preclean due to time 2020-08-01T20:10:15.893+0800: 12474999.871: [CMS-concurrent-abortable-preclean: 3.284/5.086 secs] [Times: user=4.11 sys=0.71, real=5.08 secs] 
2020-08-01T20:10:15.895+0800: 12474999.873: [GC (CMS Final Remark) [YG occupancy: 549353 K (737280 K)]2020-08-01T20:10:15.895+0800: 12474999.873: [Rescan (parallel) , 0.0555228 secs]2020-08-01T20:10:15.950+0800: 12474999.928: [weak refs processing, 0.0000756 secs]2020-08-01T20:10:15.951+0800: 12474999.928: [class unloading, 0.0174952 secs]2020-08-01T20:10:15.968+0800: 12474999.946: [scrub symbol table, 0.0062729 secs]2020-08-01T20:10:15.974+0800: 12474999.952: [scrub string table, 0.0009177 secs][1 CMS-remark: 3959355K(5472256K)] 4508709K(6209536K), 0.0804719 secs] [Times: user=0.27 sys=0.00, real=0.08 secs] 
2020-08-01T20:10:15.976+0800: 12474999.953: [CMS-concurrent-sweep-start]
2020-08-01T20:10:17.448+0800: 12475001.425: [CMS-concurrent-sweep: 1.472/1.472 secs] [Times: user=1.64 sys=0.10, real=1.48 secs] 
2020-08-01T20:10:17.448+0800: 12475001.426: [CMS-concurrent-reset-start]
2020-08-01T20:10:17.467+0800: 12475001.444: [CMS-concurrent-reset: 0.019/0.019 secs] [Times: user=0.02 sys=0.00, real=0.02 secs] 
2020-08-01T20:10:19.467+0800: 12475003.445: [GC (CMS Initial Mark) [1 CMS-initial-mark: 3959173K(5472256K)] 4593538K(6209536K), 0.0325332 secs] [Times: user=0.24 sys=0.00, real=0.03 secs] 
2020-08-01T20:10:19.500+0800: 12475003.478: [CMS-concurrent-mark-start]
2020-08-01T20:10:22.023+0800: 12475006.001: [CMS-concurrent-mark: 2.521/2.523 secs] [Times: user=5.41 sys=0.23, real=2.52 secs] 
2020-08-01T20:10:22.023+0800: 12475006.001: [CMS-concurrent-preclean-start]
2020-08-01T20:10:22.033+0800: 12475006.011: [CMS-concurrent-preclean: 0.010/0.010 secs] [Times: user=0.01 sys=0.00, real=0.01 secs] 
2020-08-01T20:10:22.033+0800: 12475006.011: [CMS-concurrent-abortable-preclean-start]
2020-08-01T20:10:23.498+0800: 12475007.476: [GC (Allocation Failure) 2020-08-01T20:10:23.498+0800: 12475007.476: [ParNew: 725374K->62064K(737280K), 0.0840387 secs] 4684548K->4059783K(6209536K), 0.0842495 secs] [Times: user=0.55 sys=0.01, real=0.09 secs] 
 CMS: abort preclean due to time 2020-08-01T20:10:27.137+0800: 12475011.115: [CMS-concurrent-abortable-preclean: 3.316/5.104 secs] [Times: user=4.61 sys=0.81, real=5.10 secs] 
2020-08-01T20:10:27.139+0800: 12475011.117: [GC (CMS Final Remark) [YG occupancy: 150182 K (737280 K)]2020-08-01T20:10:27.139+0800: 12475011.117: [Rescan (parallel) , 0.0107971 secs]2020-08-01T20:10:27.150+0800: 12475011.128: [weak refs processing, 0.0000370 secs]2020-08-01T20:10:27.150+0800: 12475011.128: [class unloading, 0.0173543 secs]2020-08-01T20:10:27.167+0800: 12475011.145: [scrub symbol table, 0.0061107 secs]2020-08-01T20:10:27.173+0800: 12475011.151: [scrub string table, 0.0008601 secs][1 CMS-remark: 3997718K(5472256K)] 4147901K(6209536K), 0.0353091 secs] [Times: user=0.10 sys=0.01, real=0.03 secs] 
2020-08-01T20:10:27.175+0800: 12475011.152: [CMS-concurrent-sweep-start]
2020-08-01T20:10:28.702+0800: 12475012.680: [CMS-concurrent-sweep: 1.524/1.528 secs] [Times: user=1.74 sys=0.25, real=1.53 secs] 
2020-08-01T20:10:28.702+0800: 12475012.680: [CMS-concurrent-reset-start]
2020-08-01T20:10:28.722+0800: 12475012.700: [CMS-concurrent-reset: 0.019/0.019 secs] [Times: user=0.02 sys=0.01, real=0.02 secs] 
2020-08-01T20:10:30.723+0800: 12475014.700: [GC (CMS Initial Mark) [1 CMS-initial-mark: 3997708K(5472256K)] 4222265K(6209536K), 0.0112523 secs] [Times: user=0.08 sys=0.01, real=0.01 secs] 
2020-08-01T20:10:30.734+0800: 12475014.712: [CMS-concurrent-mark-start]
2020-08-01T20:10:33.286+0800: 12475017.264: [CMS-concurrent-mark: 2.552/2.552 secs] [Times: user=5.50 sys=0.32, real=2.55 secs] 
2020-08-01T20:10:33.286+0800: 12475017.264: [CMS-concurrent-preclean-start]
2020-08-01T20:10:33.298+0800: 12475017.276: [CMS-concurrent-preclean: 0.012/0.012 secs] [Times: user=0.00 sys=0.01, real=0.01 secs] 
2020-08-01T20:10:33.298+0800: 12475017.276: [CMS-concurrent-abortable-preclean-start]
 CMS: abort preclean due to time 2020-08-01T20:10:38.437+0800: 12475022.415: [CMS-concurrent-abortable-preclean: 3.837/5.138 secs] [Times: user=4.85 sys=1.02, real=5.14 secs] 
2020-08-01T20:10:38.439+0800: 12475022.416: [GC (CMS Final Remark) [YG occupancy: 526803 K (737280 K)]2020-08-01T20:10:38.439+0800: 12475022.416: [Rescan (parallel) , 0.0291363 secs]2020-08-01T20:10:38.468+0800: 12475022.446: [weak refs processing, 0.0000804 secs]2020-08-01T20:10:38.468+0800: 12475022.446: [class unloading, 0.0176647 secs]2020-08-01T20:10:38.486+0800: 12475022.463: [scrub symbol table, 0.0063530 secs]2020-08-01T20:10:38.492+0800: 12475022.470: [scrub string table, 0.0009048 secs][1 CMS-remark: 3997708K(5472256K)] 4524511K(6209536K), 0.0543252 secs] [Times: user=0.26 sys=0.00, real=0.05 secs] 
2020-08-01T20:10:38.493+0800: 12475022.471: [CMS-concurrent-sweep-start]
2020-08-01T20:10:40.007+0800: 12475023.985: [CMS-concurrent-sweep: 1.512/1.514 secs] [Times: user=1.75 sys=0.17, real=1.52 secs] 
2020-08-01T20:10:40.008+0800: 12475023.985: [CMS-concurrent-reset-start]
2020-08-01T20:10:40.027+0800: 12475024.005: [CMS-concurrent-reset: 0.019/0.019 secs] [Times: user=0.02 sys=0.00, real=0.02 secs] 
2020-08-01T20:10:42.028+0800: 12475026.005: [GC (CMS Initial Mark) [1 CMS-initial-mark: 3997151K(5472256K)] 4604516K(6209536K), 0.0324635 secs] [Times: user=0.22 sys=0.00, real=0.03 secs] 
2020-08-01T20:10:42.060+0800: 12475026.038: [CMS-concurrent-mark-start]
2020-08-01T20:10:43.995+0800: 12475027.973: [GC (Allocation Failure) 2020-08-01T20:10:43.995+0800: 12475027.973: [ParNew: 717424K->81920K(737280K), 0.0608022 secs] 4714576K->4081148K(6209536K), 0.0609889 secs] [Times: user=0.43 sys=0.00, real=0.06 secs] 
2020-08-01T20:10:44.671+0800: 12475028.649: [CMS-concurrent-mark: 2.545/2.611 secs] [Times: user=6.22 sys=0.38, real=2.61 secs] 
2020-08-01T20:10:44.671+0800: 12475028.649: [CMS-concurrent-preclean-start]
2020-08-01T20:10:44.691+0800: 12475028.669: [CMS-concurrent-preclean: 0.019/0.020 secs] [Times: user=0.03 sys=0.00, real=0.02 secs] 
2020-08-01T20:10:44.692+0800: 12475028.669: [CMS-concurrent-abortable-preclean-start]
 CMS: abort preclean due to time 2020-08-01T20:10:49.854+0800: 12475033.832: [CMS-concurrent-abortable-preclean: 4.261/5.162 secs] [Times: user=5.06 sys=0.70, real=5.16 secs] 
2020-08-01T20:10:49.855+0800: 12475033.833: [GC (CMS Final Remark) [YG occupancy: 283460 K (737280 K)]2020-08-01T20:10:49.855+0800: 12475033.833: [Rescan (parallel) , 0.0178123 secs]2020-08-01T20:10:49.873+0800: 12475033.851: [weak refs processing, 0.0000367 secs]2020-08-01T20:10:49.873+0800: 12475033.851: [class unloading, 0.0187563 secs]2020-08-01T20:10:49.892+0800: 12475033.870: [scrub symbol table, 0.0061662 secs]2020-08-01T20:10:49.898+0800: 12475033.876: [scrub string table, 0.0010214 secs][1 CMS-remark: 3999228K(5472256K)] 4282688K(6209536K), 0.0439634 secs] [Times: user=0.16 sys=0.00, real=0.05 secs] 
2020-08-01T20:10:49.899+0800: 12475033.877: [CMS-concurrent-sweep-start]
2020-08-01T20:10:51.383+0800: 12475035.361: [CMS-concurrent-sweep: 1.483/1.483 secs] [Times: user=1.70 sys=0.15, real=1.48 secs] 
2020-08-01T20:10:51.383+0800: 12475035.361: [CMS-concurrent-reset-start]
2020-08-01T20:10:51.402+0800: 12475035.379: [CMS-concurrent-reset: 0.019/0.019 secs] [Times: user=0.02 sys=0.00, real=0.02 secs] 
2020-08-01T20:10:53.402+0800: 12475037.380: [GC (CMS Initial Mark) [1 CMS-initial-mark: 3999216K(5472256K)] 4384415K(6209536K), 0.0206170 secs] [Times: user=0.14 sys=0.00, real=0.02 secs] 
2020-08-01T20:10:53.423+0800: 12475037.401: [CMS-concurrent-mark-start]
2020-08-01T20:10:56.072+0800: 12475040.049: [CMS-concurrent-mark: 2.649/2.649 secs] [Times: user=5.78 sys=0.43, real=2.65 secs] 
2020-08-01T20:10:56.072+0800: 12475040.049: [CMS-concurrent-preclean-start]
2020-08-01T20:10:56.080+0800: 12475040.058: [CMS-concurrent-preclean: 0.008/0.008 secs] [Times: user=0.00 sys=0.00, real=0.01 secs] 
2020-08-01T20:10:56.080+0800: 12475040.058: [CMS-concurrent-abortable-preclean-start]
 CMS: abort preclean due to time 2020-08-01T20:11:01.247+0800: 12475045.224: [CMS-concurrent-abortable-preclean: 4.264/5.167 secs] [Times: user=4.89 sys=0.68, real=5.17 secs] 
2020-08-01T20:11:01.248+0800: 12475045.226: [GC (CMS Final Remark) [YG occupancy: 576073 K (737280 K)]2020-08-01T20:11:01.248+0800: 12475045.226: [Rescan (parallel) , 0.0494625 secs]2020-08-01T20:11:01.298+0800: 12475045.275: [weak refs processing, 0.0000511 secs]2020-08-01T20:11:01.298+0800: 12475045.276: [class unloading, 0.0208589 secs]2020-08-01T20:11:01.319+0800: 12475045.296: [scrub symbol table, 0.0076399 secs]2020-08-01T20:11:01.326+0800: 12475045.304: [scrub string table, 0.0009388 secs][1 CMS-remark: 3999216K(5472256K)] 4575290K(6209536K), 0.0791345 secs] [Times: user=0.30 sys=0.00, real=0.08 secs] 
2020-08-01T20:11:01.327+0800: 12475045.305: [CMS-concurrent-sweep-start]
2020-08-01T20:11:02.882+0800: 12475046.860: [CMS-concurrent-sweep: 1.555/1.555 secs] [Times: user=1.86 sys=0.22, real=1.55 secs] 
2020-08-01T20:11:02.882+0800: 12475046.860: [CMS-concurrent-reset-start]
2020-08-01T20:11:02.903+0800: 12475046.881: [CMS-concurrent-reset: 0.021/0.021 secs] [Times: user=0.03 sys=0.02, real=0.02 secs] 
2020-08-01T20:11:04.904+0800: 12475048.882: [GC (CMS Initial Mark) [1 CMS-initial-mark: 3996733K(5472256K)] 4688728K(6209536K), 0.0383082 secs] [Times: user=0.26 sys=0.00, real=0.04 secs] 
2020-08-01T20:11:04.942+0800: 12475048.920: [CMS-concurrent-mark-start]
2020-08-01T20:11:06.495+0800: 12475050.473: [GC (Allocation Failure) 2020-08-01T20:11:06.495+0800: 12475050.473: [ParNew: 737280K->81920K(737280K), 0.0970139 secs] 4734013K->4115193K(6209536K), 0.0971796 secs] [Times: user=0.65 sys=0.01, real=0.10 secs] 
2020-08-01T20:11:07.724+0800: 12475051.702: [CMS-concurrent-mark: 2.683/2.782 secs] [Times: user=6.66 sys=0.40, real=2.78 secs] 
2020-08-01T20:11:07.724+0800: 12475051.702: [CMS-concurrent-preclean-start]
2020-08-01T20:11:07.766+0800: 12475051.743: [CMS-concurrent-preclean: 0.040/0.041 secs] [Times: user=0.04 sys=0.00, real=0.04 secs] 
2020-08-01T20:11:07.766+0800: 12475051.743: [CMS-concurrent-abortable-preclean-start]
 CMS: abort preclean due to time 2020-08-01T20:11:13.127+0800: 12475057.105: [CMS-concurrent-abortable-preclean: 4.260/5.361 secs] [Times: user=5.21 sys=0.92, real=5.37 secs] 
2020-08-01T20:11:13.128+0800: 12475057.106: [GC (CMS Final Remark) [YG occupancy: 340892 K (737280 K)]2020-08-01T20:11:13.128+0800: 12475057.106: [Rescan (parallel) , 0.0285343 secs]2020-08-01T20:11:13.157+0800: 12475057.135: [weak refs processing, 0.0000456 secs]2020-08-01T20:11:13.157+0800: 12475057.135: [class unloading, 0.0171539 secs]2020-08-01T20:11:13.174+0800: 12475057.152: [scrub symbol table, 0.0062020 secs]2020-08-01T20:11:13.180+0800: 12475057.158: [scrub string table, 0.0008814 secs][1 CMS-remark: 4033273K(5472256K)] 4374165K(6209536K), 0.0529760 secs] [Times: user=0.22 sys=0.00, real=0.05 secs] 
2020-08-01T20:11:13.182+0800: 12475057.159: [CMS-concurrent-sweep-start]
2020-08-01T20:11:14.608+0800: 12475058.585: [CMS-concurrent-sweep: 1.426/1.426 secs] [Times: user=1.71 sys=0.22, real=1.43 secs] 
2020-08-01T20:11:14.608+0800: 12475058.586: [CMS-concurrent-reset-start]
2020-08-01T20:11:14.626+0800: 12475058.604: [CMS-concurrent-reset: 0.018/0.018 secs] [Times: user=0.01 sys=0.01, real=0.01 secs] 
2020-08-01T20:11:16.627+0800: 12475060.605: [GC (CMS Initial Mark) [1 CMS-initial-mark: 4033236K(5472256K)] 4510149K(6209536K), 0.0272503 secs] [Times: user=0.21 sys=0.01, real=0.02 secs] 
2020-08-01T20:11:16.654+0800: 12475060.632: [CMS-concurrent-mark-start]
2020-08-01T20:11:19.369+0800: 12475063.347: [CMS-concurrent-mark: 2.715/2.715 secs] [Times: user=6.06 sys=0.39, real=2.72 secs] 
2020-08-01T20:11:19.369+0800: 12475063.347: [CMS-concurrent-preclean-start]
2020-08-01T20:11:19.379+0800: 12475063.357: [CMS-concurrent-preclean: 0.010/0.010 secs] [Times: user=0.02 sys=0.00, real=0.01 secs] 
2020-08-01T20:11:19.379+0800: 12475063.357: [CMS-concurrent-abortable-preclean-start]
 CMS: abort preclean due to time 2020-08-01T20:11:24.650+0800: 12475068.628: [CMS-concurrent-abortable-preclean: 3.970/5.271 secs] [Times: user=4.85 sys=0.86, real=5.27 secs] 
2020-08-01T20:11:24.651+0800: 12475068.629: [GC (CMS Final Remark) [YG occupancy: 708827 K (737280 K)]2020-08-01T20:11:24.651+0800: 12475068.629: [Rescan (parallel) , 0.0441024 secs]2020-08-01T20:11:24.696+0800: 12475068.673: [weak refs processing, 0.0000543 secs]2020-08-01T20:11:24.696+0800: 12475068.673: [class unloading, 0.0172618 secs]2020-08-01T20:11:24.713+0800: 12475068.691: [scrub symbol table, 0.0061184 secs]2020-08-01T20:11:24.719+0800: 12475068.697: [scrub string table, 0.0008372 secs][1 CMS-remark: 4033236K(5472256K)] 4742064K(6209536K), 0.0685418 secs] [Times: user=0.36 sys=0.00, real=0.07 secs] 
2020-08-01T20:11:24.720+0800: 12475068.698: [CMS-concurrent-sweep-start]
2020-08-01T20:11:25.472+0800: 12475069.450: [GC (Allocation Failure) 2020-08-01T20:11:25.472+0800: 12475069.450: [ParNew: 737280K->81920K(737280K), 0.1234503 secs] 4769608K->4153423K(6209536K), 0.1236305 secs] [Times: user=0.66 sys=0.00, real=0.12 secs] 
2020-08-01T20:11:26.349+0800: 12475070.326: [CMS-concurrent-sweep: 1.503/1.628 secs] [Times: user=2.43 sys=0.30, real=1.63 secs] 
2020-08-01T20:11:26.349+0800: 12475070.326: [CMS-concurrent-reset-start]
2020-08-01T20:11:26.368+0800: 12475070.346: [CMS-concurrent-reset: 0.019/0.019 secs] [Times: user=0.01 sys=0.01, real=0.02 secs] 
2020-08-01T20:11:28.369+0800: 12475072.347: [GC (CMS Initial Mark) [1 CMS-initial-mark: 4069728K(5472256K)] 4223079K(6209536K), 0.0141463 secs] [Times: user=0.06 sys=0.00, real=0.01 secs] 
2020-08-01T20:11:28.383+0800: 12475072.361: [CMS-concurrent-mark-start]
2020-08-01T20:11:30.952+0800: 12475074.930: [CMS-concurrent-mark: 2.560/2.569 secs] [Times: user=5.70 sys=0.38, real=2.57 secs] 
2020-08-01T20:11:30.952+0800: 12475074.930: [CMS-concurrent-preclean-start]
2020-08-01T20:11:30.960+0800: 12475074.938: [CMS-concurrent-preclean: 0.008/0.008 secs] [Times: user=0.01 sys=0.00, real=0.01 secs] 
2020-08-01T20:11:30.960+0800: 12475074.938: [CMS-concurrent-abortable-preclean-start]
 CMS: abort preclean due to time 2020-08-01T20:11:36.222+0800: 12475080.200: [CMS-concurrent-abortable-preclean: 4.158/5.262 secs] [Times: user=4.97 sys=0.81, real=5.26 secs] 
2020-08-01T20:11:36.224+0800: 12475080.202: [GC (CMS Final Remark) [YG occupancy: 422484 K (737280 K)]2020-08-01T20:11:36.224+0800: 12475080.202: [Rescan (parallel) , 0.0294163 secs]2020-08-01T20:11:36.253+0800: 12475080.231: [weak refs processing, 0.0000374 secs]2020-08-01T20:11:36.253+0800: 12475080.231: [class unloading, 0.0172305 secs]2020-08-01T20:11:36.271+0800: 12475080.248: [scrub symbol table, 0.0061479 secs]2020-08-01T20:11:36.277+0800: 12475080.255: [scrub string table, 0.0008889 secs][1 CMS-remark: 4069728K(5472256K)] 4492212K(6209536K), 0.0538941 secs] [Times: user=0.23 sys=0.00, real=0.05 secs] 
2020-08-01T20:11:36.278+0800: 12475080.256: [CMS-concurrent-sweep-start]
2020-08-01T20:11:37.737+0800: 12475081.715: [CMS-concurrent-sweep: 1.459/1.459 secs] [Times: user=1.71 sys=0.21, real=1.46 secs] 
2020-08-01T20:11:37.737+0800: 12475081.715: [CMS-concurrent-reset-start]
2020-08-01T20:11:37.756+0800: 12475081.734: [CMS-concurrent-reset: 0.019/0.019 secs] [Times: user=0.02 sys=0.00, real=0.02 secs] 
2020-08-01T20:11:39.756+0800: 12475083.734: [GC (CMS Initial Mark) [1 CMS-initial-mark: 4068797K(5472256K)] 4610461K(6209536K), 0.0315265 secs] [Times: user=0.24 sys=0.00, real=0.04 secs] 
2020-08-01T20:11:39.788+0800: 12475083.766: [CMS-concurrent-mark-start]
2020-08-01T20:11:42.511+0800: 12475086.488: [CMS-concurrent-mark: 2.721/2.723 secs] [Times: user=6.29 sys=0.47, real=2.72 secs] 
2020-08-01T20:11:42.511+0800: 12475086.489: [CMS-concurrent-preclean-start]
2020-08-01T20:11:42.518+0800: 12475086.496: [CMS-concurrent-preclean: 0.008/0.008 secs] [Times: user=0.01 sys=0.00, real=0.00 secs] 
2020-08-01T20:11:42.518+0800: 12475086.496: [CMS-concurrent-abortable-preclean-start]
2020-08-01T20:11:44.968+0800: 12475088.946: [GC (Allocation Failure) 2020-08-01T20:11:44.968+0800: 12475088.946: [ParNew: 737280K->70099K(737280K), 0.1412162 secs] 4806077K->4209827K(6209536K), 0.1413937 secs] [Times: user=0.84 sys=0.00, real=0.14 secs] 
 CMS: abort preclean due to time 2020-08-01T20:11:47.623+0800: 12475091.601: [CMS-concurrent-abortable-preclean: 4.057/5.104 secs] [Times: user=5.72 sys=0.68, real=5.11 secs] 
2020-08-01T20:11:47.624+0800: 12475091.602: [GC (CMS Final Remark) [YG occupancy: 165072 K (737280 K)]2020-08-01T20:11:47.624+0800: 12475091.602: [Rescan (parallel) , 0.0123501 secs]2020-08-01T20:11:47.637+0800: 12475091.615: [weak refs processing, 0.0000387 secs]2020-08-01T20:11:47.637+0800: 12475091.615: [class unloading, 0.0174625 secs]2020-08-01T20:11:47.654+0800: 12475091.632: [scrub symbol table, 0.0060597 secs]2020-08-01T20:11:47.660+0800: 12475091.638: [scrub string table, 0.0008567 secs][1 CMS-remark: 4139727K(5472256K)] 4304799K(6209536K), 0.0369176 secs] [Times: user=0.10 sys=0.00, real=0.04 secs] 
2020-08-01T20:11:47.661+0800: 12475091.639: [CMS-concurrent-sweep-start]
2020-08-01T20:11:49.143+0800: 12475093.121: [CMS-concurrent-sweep: 1.481/1.481 secs] [Times: user=1.70 sys=0.19, real=1.48 secs] 
2020-08-01T20:11:49.143+0800: 12475093.121: [CMS-concurrent-reset-start]
2020-08-01T20:11:49.162+0800: 12475093.139: [CMS-concurrent-reset: 0.019/0.019 secs] [Times: user=0.02 sys=0.01, real=0.02 secs] 
2020-08-01T20:11:51.162+0800: 12475095.140: [GC (CMS Initial Mark) [1 CMS-initial-mark: 4139689K(5472256K)] 4392306K(6209536K), 0.0144405 secs] [Times: user=0.10 sys=0.00, real=0.01 secs] 
2020-08-01T20:11:51.177+0800: 12475095.155: [CMS-concurrent-mark-start]
2020-08-01T20:11:53.795+0800: 12475097.773: [CMS-concurrent-mark: 2.618/2.618 secs] [Times: user=5.64 sys=0.27, real=2.62 secs] 
2020-08-01T20:11:53.795+0800: 12475097.773: [CMS-concurrent-preclean-start]
2020-08-01T20:11:53.803+0800: 12475097.781: [CMS-concurrent-preclean: 0.009/0.009 secs] [Times: user=0.01 sys=0.00, real=0.01 secs] 
2020-08-01T20:11:53.803+0800: 12475097.781: [CMS-concurrent-abortable-preclean-start]
 CMS: abort preclean due to time 2020-08-01T20:11:58.913+0800: 12475102.890: [CMS-concurrent-abortable-preclean: 3.308/5.109 secs] [Times: user=3.96 sys=0.62, real=5.11 secs] 
2020-08-01T20:11:58.914+0800: 12475102.892: [GC (CMS Final Remark) [YG occupancy: 436329 K (737280 K)]2020-08-01T20:11:58.914+0800: 12475102.892: [Rescan (parallel) , 0.0259532 secs]2020-08-01T20:11:58.940+0800: 12475102.918: [weak refs processing, 0.0001026 secs]2020-08-01T20:11:58.940+0800: 12475102.918: [class unloading, 0.0172598 secs]2020-08-01T20:11:58.958+0800: 12475102.935: [scrub symbol table, 0.0061741 secs]2020-08-01T20:11:58.964+0800: 12475102.942: [scrub string table, 0.0010776 secs][1 CMS-remark: 4139689K(5472256K)] 4576018K(6209536K), 0.0507528 secs] [Times: user=0.22 sys=0.00, real=0.05 secs] 
2020-08-01T20:11:58.965+0800: 12475102.943: [CMS-concurrent-sweep-start]
2020-08-01T20:12:00.452+0800: 12475104.430: [CMS-concurrent-sweep: 1.487/1.487 secs] [Times: user=1.74 sys=0.15, real=1.49 secs] 
2020-08-01T20:12:00.452+0800: 12475104.430: [CMS-concurrent-reset-start]
2020-08-01T20:12:00.471+0800: 12475104.449: [CMS-concurrent-reset: 0.019/0.019 secs] [Times: user=0.02 sys=0.00, real=0.02 secs] 
2020-08-01T20:12:04.047+0800: 12475108.025: [GC (CMS Initial Mark) [1 CMS-initial-mark: 4139186K(5472256K)] 4628460K(6209536K), 0.0289974 secs] [Times: user=0.20 sys=0.00, real=0.02 secs] 
2020-08-01T20:12:04.076+0800: 12475108.054: [CMS-concurrent-mark-start]
2020-08-01T20:12:06.660+0800: 12475110.638: [CMS-concurrent-mark: 2.584/2.584 secs] [Times: user=5.60 sys=0.31, real=2.59 secs] 
2020-08-01T20:12:06.660+0800: 12475110.638: [CMS-concurrent-preclean-start]
2020-08-01T20:12:06.669+0800: 12475110.646: [CMS-concurrent-preclean: 0.008/0.008 secs] [Times: user=0.01 sys=0.00, real=0.01 secs] 
2020-08-01T20:12:06.669+0800: 12475110.646: [CMS-concurrent-abortable-preclean-start]
 CMS: abort preclean due to time 2020-08-01T20:12:11.724+0800: 12475115.702: [CMS-concurrent-abortable-preclean: 3.453/5.055 secs] [Times: user=3.88 sys=0.46, real=5.05 secs] 
2020-08-01T20:12:11.725+0800: 12475115.703: [GC (CMS Final Remark) [YG occupancy: 610989 K (737280 K)]2020-08-01T20:12:11.725+0800: 12475115.703: [Rescan (parallel) , 0.0395035 secs]2020-08-01T20:12:11.765+0800: 12475115.743: [weak refs processing, 0.0000372 secs]2020-08-01T20:12:11.765+0800: 12475115.743: [class unloading, 0.0177964 secs]2020-08-01T20:12:11.783+0800: 12475115.761: [scrub symbol table, 0.0063004 secs]2020-08-01T20:12:11.789+0800: 12475115.767: [scrub string table, 0.0008923 secs][1 CMS-remark: 4139186K(5472256K)] 4750176K(6209536K), 0.0647068 secs] [Times: user=0.30 sys=0.00, real=0.07 secs] 
2020-08-01T20:12:11.790+0800: 12475115.768: [CMS-concurrent-sweep-start]
2020-08-01T20:12:13.323+0800: 12475117.301: [CMS-concurrent-sweep: 1.533/1.533 secs] [Times: user=1.87 sys=0.24, real=1.53 secs] 
2020-08-01T20:12:13.323+0800: 12475117.301: [CMS-concurrent-reset-start]
2020-08-01T20:12:13.342+0800: 12475117.320: [CMS-concurrent-reset: 0.019/0.019 secs] [Times: user=0.02 sys=0.00, real=0.02 secs] 
2020-08-01T20:12:14.684+0800: 12475118.662: [GC (Allocation Failure) 2020-08-01T20:12:14.684+0800: 12475118.662: [ParNew: 725459K->62326K(737280K), 0.0788214 secs] 4864631K->4241808K(6209536K), 0.0789911 secs] [Times: user=0.55 sys=0.00, real=0.08 secs] 
2020-08-01T20:12:14.764+0800: 12475118.742: [GC (CMS Initial Mark) [1 CMS-initial-mark: 4179481K(5472256K)] 4252449K(6209536K), 0.0050402 secs] [Times: user=0.02 sys=0.00, real=0.01 secs] 
2020-08-01T20:12:14.769+0800: 12475118.747: [CMS-concurrent-mark-start]
2020-08-01T20:12:17.328+0800: 12475121.306: [CMS-concurrent-mark: 2.559/2.559 secs] [Times: user=5.72 sys=0.31, real=2.56 secs] 
2020-08-01T20:12:17.328+0800: 12475121.306: [CMS-concurrent-preclean-start]
2020-08-01T20:12:17.336+0800: 12475121.314: [CMS-concurrent-preclean: 0.008/0.008 secs] [Times: user=0.01 sys=0.00, real=0.00 secs] 
2020-08-01T20:12:17.336+0800: 12475121.314: [CMS-concurrent-abortable-preclean-start]
 CMS: abort preclean due to time 2020-08-01T20:12:22.407+0800: 12475126.385: [CMS-concurrent-abortable-preclean: 3.569/5.071 secs] [Times: user=4.56 sys=0.92, real=5.08 secs] 
2020-08-01T20:12:22.408+0800: 12475126.386: [GC (CMS Final Remark) [YG occupancy: 361223 K (737280 K)]2020-08-01T20:12:22.408+0800: 12475126.386: [Rescan (parallel) , 0.0283328 secs]2020-08-01T20:12:22.437+0800: 12475126.415: [weak refs processing, 0.0000770 secs]2020-08-01T20:12:22.437+0800: 12475126.415: [class unloading, 0.0177832 secs]2020-08-01T20:12:22.455+0800: 12475126.433: [scrub symbol table, 0.0060969 secs]2020-08-01T20:12:22.461+0800: 12475126.439: [scrub string table, 0.0009026 secs][1 CMS-remark: 4179481K(5472256K)] 4540704K(6209536K), 0.0533812 secs] [Times: user=0.22 sys=0.00, real=0.05 secs] 
2020-08-01T20:12:22.462+0800: 12475126.440: [CMS-concurrent-sweep-start]
2020-08-01T20:12:23.990+0800: 12475127.968: [CMS-concurrent-sweep: 1.528/1.528 secs] [Times: user=1.83 sys=0.36, real=1.53 secs] 
2020-08-01T20:12:23.991+0800: 12475127.968: [CMS-concurrent-reset-start]
2020-08-01T20:12:24.009+0800: 12475127.987: [CMS-concurrent-reset: 0.019/0.019 secs] [Times: user=0.02 sys=0.01, real=0.02 secs] 
2020-08-01T20:12:26.010+0800: 12475129.988: [GC (CMS Initial Mark) [1 CMS-initial-mark: 4178982K(5472256K)] 4663491K(6209536K), 0.0349473 secs] [Times: user=0.20 sys=0.00, real=0.03 secs] 
2020-08-01T20:12:26.045+0800: 12475130.023: [CMS-concurrent-mark-start]
2020-08-01T20:12:29.445+0800: 12475133.423: [CMS-concurrent-mark: 3.396/3.400 secs] [Times: user=7.67 sys=0.63, real=3.40 secs] 
2020-08-01T20:12:29.445+0800: 12475133.423: [CMS-concurrent-preclean-start]
2020-08-01T20:12:29.454+0800: 12475133.432: [CMS-concurrent-preclean: 0.009/0.009 secs] [Times: user=0.01 sys=0.00, real=0.01 secs] 
2020-08-01T20:12:29.454+0800: 12475133.432: [CMS-concurrent-abortable-preclean-start]
2020-08-01T20:12:30.778+0800: 12475134.756: [GC (Allocation Failure) 2020-08-01T20:12:30.778+0800: 12475134.756: [ParNew: 717686K->81920K(737280K), 0.0688447 secs] 4896668K->4264361K(6209536K), 0.0690103 secs] [Times: user=0.46 sys=0.00, real=0.08 secs] 
 CMS: abort preclean due to time 2020-08-01T20:12:34.605+0800: 12475138.582: [CMS-concurrent-abortable-preclean: 4.171/5.150 secs] [Times: user=5.79 sys=0.95, real=5.15 secs] 
2020-08-01T20:12:34.606+0800: 12475138.584: [GC (CMS Final Remark) [YG occupancy: 240430 K (737280 K)]2020-08-01T20:12:34.606+0800: 12475138.584: [Rescan (parallel) , 0.0175265 secs]2020-08-01T20:12:34.624+0800: 12475138.601: [weak refs processing, 0.0000454 secs]2020-08-01T20:12:34.624+0800: 12475138.601: [class unloading, 0.0174805 secs]2020-08-01T20:12:34.641+0800: 12475138.619: [scrub symbol table, 0.0060666 secs]2020-08-01T20:12:34.647+0800: 12475138.625: [scrub string table, 0.0008483 secs][1 CMS-remark: 4182441K(5472256K)] 4422872K(6209536K), 0.0421160 secs] [Times: user=0.17 sys=0.00, real=0.05 secs] 
2020-08-01T20:12:34.648+0800: 12475138.626: [CMS-concurrent-sweep-start]
2020-08-01T20:12:36.188+0800: 12475140.166: [CMS-concurrent-sweep: 1.539/1.539 secs] [Times: user=1.85 sys=0.19, real=1.54 secs] 
2020-08-01T20:12:36.188+0800: 12475140.166: [CMS-concurrent-reset-start]
2020-08-01T20:12:36.207+0800: 12475140.185: [CMS-concurrent-reset: 0.019/0.019 secs] [Times: user=0.02 sys=0.00, real=0.02 secs] 
2020-08-01T20:12:38.208+0800: 12475142.186: [GC (CMS Initial Mark) [1 CMS-initial-mark: 4182429K(5472256K)] 4545887K(6209536K), 0.0223887 secs] [Times: user=0.16 sys=0.00, real=0.02 secs] 
2020-08-01T20:12:38.230+0800: 12475142.208: [CMS-concurrent-mark-start]
2020-08-01T20:12:42.029+0800: 12475146.007: [CMS-concurrent-mark: 3.798/3.798 secs] [Times: user=8.53 sys=0.44, real=3.80 secs] 
2020-08-01T20:12:42.029+0800: 12475146.007: [CMS-concurrent-preclean-start]
2020-08-01T20:12:42.042+0800: 12475146.019: [CMS-concurrent-preclean: 0.013/0.013 secs] [Times: user=0.01 sys=0.00, real=0.01 secs] 
2020-08-01T20:12:42.042+0800: 12475146.020: [CMS-concurrent-abortable-preclean-start]
 CMS: abort preclean due to time 2020-08-01T20:12:47.225+0800: 12475151.203: [CMS-concurrent-abortable-preclean: 4.082/5.183 secs] [Times: user=5.11 sys=0.90, real=5.18 secs] 
2020-08-01T20:12:47.227+0800: 12475151.204: [GC (CMS Final Remark) [YG occupancy: 720808 K (737280 K)]2020-08-01T20:12:47.227+0800: 12475151.204: [Rescan (parallel) , 0.0542573 secs]2020-08-01T20:12:47.281+0800: 12475151.259: [weak refs processing, 0.0000394 secs]2020-08-01T20:12:47.281+0800: 12475151.259: [class unloading, 0.0248928 secs]2020-08-01T20:12:47.306+0800: 12475151.284: [scrub symbol table, 0.0090093 secs]2020-08-01T20:12:47.315+0800: 12475151.293: [scrub string table, 0.0013655 secs][1 CMS-remark: 4182429K(5472256K)] 4903237K(6209536K), 0.0897831 secs] [Times: user=0.39 sys=0.00, real=0.08 secs] 
2020-08-01T20:12:47.317+0800: 12475151.294: [CMS-concurrent-sweep-start]
2020-08-01T20:12:48.003+0800: 12475151.981: [GC (Allocation Failure) 2020-08-01T20:12:48.003+0800: 12475151.981: [ParNew: 737280K->81920K(737280K), 0.1138464 secs] 4919522K->4304479K(6209536K), 0.1140221 secs] [Times: user=0.72 sys=0.00, real=0.11 secs] 
2020-08-01T20:12:48.965+0800: 12475152.942: [CMS-concurrent-sweep: 1.532/1.648 secs] [Times: user=2.52 sys=0.19, real=1.65 secs] 
2020-08-01T20:12:48.965+0800: 12475152.942: [CMS-concurrent-reset-start]
2020-08-01T20:12:48.985+0800: 12475152.962: [CMS-concurrent-reset: 0.020/0.020 secs] [Times: user=0.03 sys=0.00, real=0.02 secs] 
2020-08-01T20:12:50.985+0800: 12475154.963: [GC (CMS Initial Mark) [1 CMS-initial-mark: 4221697K(5472256K)] 4427730K(6209536K), 0.0137917 secs] [Times: user=0.09 sys=0.00, real=0.02 secs] 
2020-08-01T20:12:50.999+0800: 12475154.977: [CMS-concurrent-mark-start]
2020-08-01T20:12:53.746+0800: 12475157.724: [CMS-concurrent-mark: 2.747/2.747 secs] [Times: user=6.27 sys=0.52, real=2.74 secs] 
2020-08-01T20:12:53.746+0800: 12475157.724: [CMS-concurrent-preclean-start]
2020-08-01T20:12:53.754+0800: 12475157.732: [CMS-concurrent-preclean: 0.008/0.008 secs] [Times: user=0.01 sys=0.00, real=0.01 secs] 
2020-08-01T20:12:53.754+0800: 12475157.732: [CMS-concurrent-abortable-preclean-start]
 CMS: abort preclean due to time 2020-08-01T20:12:59.020+0800: 12475162.998: [CMS-concurrent-abortable-preclean: 4.365/5.266 secs] [Times: user=5.65 sys=1.03, real=5.27 secs] 
2020-08-01T20:12:59.022+0800: 12475162.999: [GC (CMS Final Remark) [YG occupancy: 595368 K (737280 K)]2020-08-01T20:12:59.022+0800: 12475163.000: [Rescan (parallel) , 0.0471231 secs]2020-08-01T20:12:59.069+0800: 12475163.047: [weak refs processing, 0.0000500 secs]2020-08-01T20:12:59.069+0800: 12475163.047: [class unloading, 0.0177572 secs]2020-08-01T20:12:59.087+0800: 12475163.065: [scrub symbol table, 0.0077408 secs]2020-08-01T20:12:59.094+0800: 12475163.072: [scrub string table, 0.0012666 secs][1 CMS-remark: 4221697K(5472256K)] 4817065K(6209536K), 0.0741602 secs] [Times: user=0.32 sys=0.00, real=0.07 secs] 
2020-08-01T20:12:59.096+0800: 12475163.074: [CMS-concurrent-sweep-start]
2020-08-01T20:13:00.722+0800: 12475164.700: [CMS-concurrent-sweep: 1.626/1.626 secs] [Times: user=1.96 sys=0.38, real=1.63 secs] 
2020-08-01T20:13:00.722+0800: 12475164.700: [CMS-concurrent-reset-start]
2020-08-01T20:13:00.741+0800: 12475164.719: [CMS-concurrent-reset: 0.019/0.019 secs] [Times: user=0.02 sys=0.00, real=0.02 secs] 
2020-08-01T20:13:02.673+0800: 12475166.651: [GC (Allocation Failure) 2020-08-01T20:13:02.673+0800: 12475166.651: [ParNew: 737280K->74784K(737280K), 0.1240566 secs] 4957417K->4371629K(6209536K), 0.1242398 secs] [Times: user=0.77 sys=0.00, real=0.12 secs] 
2020-08-01T20:13:02.799+0800: 12475166.777: [GC (CMS Initial Mark) [1 CMS-initial-mark: 4296844K(5472256K)] 4382809K(6209536K), 0.0069729 secs] [Times: user=0.02 sys=0.01, real=0.00 secs] 
2020-08-01T20:13:02.806+0800: 12475166.784: [CMS-concurrent-mark-start]
2020-08-01T20:13:06.664+0800: 12475170.641: [CMS-concurrent-mark: 3.857/3.857 secs] [Times: user=8.32 sys=0.48, real=3.86 secs] 
2020-08-01T20:13:06.664+0800: 12475170.642: [CMS-concurrent-preclean-start]
2020-08-01T20:13:06.671+0800: 12475170.649: [CMS-concurrent-preclean: 0.008/0.008 secs] [Times: user=0.00 sys=0.00, real=0.01 secs] 
2020-08-01T20:13:06.671+0800: 12475170.649: [CMS-concurrent-abortable-preclean-start]
 CMS: abort preclean due to time 2020-08-01T20:13:11.740+0800: 12475175.718: [CMS-concurrent-abortable-preclean: 3.267/5.069 secs] [Times: user=4.00 sys=0.77, real=5.07 secs] 
2020-08-01T20:13:11.742+0800: 12475175.720: [GC (CMS Final Remark) [YG occupancy: 334431 K (737280 K)]2020-08-01T20:13:11.742+0800: 12475175.720: [Rescan (parallel) , 0.0246038 secs]2020-08-01T20:13:11.767+0800: 12475175.744: [weak refs processing, 0.0000961 secs]2020-08-01T20:13:11.767+0800: 12475175.745: [class unloading, 0.0175906 secs]2020-08-01T20:13:11.784+0800: 12475175.762: [scrub symbol table, 0.0065742 secs]2020-08-01T20:13:11.791+0800: 12475175.769: [scrub string table, 0.0010503 secs][1 CMS-remark: 4296844K(5472256K)] 4631276K(6209536K), 0.0501026 secs] [Times: user=0.18 sys=0.00, real=0.05 secs] 
2020-08-01T20:13:11.792+0800: 12475175.770: [CMS-concurrent-sweep-start]
2020-08-01T20:13:13.367+0800: 12475177.345: [CMS-concurrent-sweep: 1.575/1.575 secs] [Times: user=1.90 sys=0.24, real=1.58 secs] 
2020-08-01T20:13:13.367+0800: 12475177.345: [CMS-concurrent-reset-start]
2020-08-01T20:13:13.386+0800: 12475177.364: [CMS-concurrent-reset: 0.019/0.019 secs] [Times: user=0.02 sys=0.00, real=0.01 secs] 
2020-08-01T20:13:15.387+0800: 12475179.365: [GC (CMS Initial Mark) [1 CMS-initial-mark: 4296539K(5472256K)] 4718724K(6209536K), 0.0266049 secs] [Times: user=0.17 sys=0.00, real=0.02 secs] 
2020-08-01T20:13:15.414+0800: 12475179.391: [CMS-concurrent-mark-start]
2020-08-01T20:13:18.088+0800: 12475182.066: [CMS-concurrent-mark: 2.675/2.675 secs] [Times: user=5.81 sys=0.31, real=2.68 secs] 
2020-08-01T20:13:18.088+0800: 12475182.066: [CMS-concurrent-preclean-start]
2020-08-01T20:13:18.096+0800: 12475182.074: [CMS-concurrent-preclean: 0.008/0.008 secs] [Times: user=0.01 sys=0.00, real=0.00 secs] 
2020-08-01T20:13:18.096+0800: 12475182.074: [CMS-concurrent-abortable-preclean-start]
 CMS: abort preclean due to time 2020-08-01T20:13:23.313+0800: 12475187.291: [CMS-concurrent-abortable-preclean: 3.715/5.217 secs] [Times: user=4.56 sys=0.81, real=5.22 secs] 
2020-08-01T20:13:23.314+0800: 12475187.292: [GC (CMS Final Remark) [YG occupancy: 692401 K (737280 K)]2020-08-01T20:13:23.315+0800: 12475187.292: [Rescan (parallel) , 0.0423062 secs]2020-08-01T20:13:23.357+0800: 12475187.335: [weak refs processing, 0.0000379 secs]2020-08-01T20:13:23.357+0800: 12475187.335: [class unloading, 0.0178180 secs]2020-08-01T20:13:23.375+0800: 12475187.353: [scrub symbol table, 0.0061209 secs]2020-08-01T20:13:23.381+0800: 12475187.359: [scrub string table, 0.0008948 secs][1 CMS-remark: 4296539K(5472256K)] 4988941K(6209536K), 0.0673555 secs] [Times: user=0.35 sys=0.00, real=0.07 secs] 
2020-08-01T20:13:23.382+0800: 12475187.360: [CMS-concurrent-sweep-start]
2020-08-01T20:13:24.203+0800: 12475188.180: [GC (Allocation Failure) 2020-08-01T20:13:24.203+0800: 12475188.180: [ParNew: 730144K->59840K(737280K), 0.1254774 secs] 5026674K->4396245K(6209536K), 0.1256448 secs] [Times: user=0.73 sys=0.00, real=0.13 secs] 
2020-08-01T20:13:25.111+0800: 12475189.089: [CMS-concurrent-sweep: 1.602/1.729 secs] [Times: user=2.74 sys=0.31, real=1.73 secs] 
2020-08-01T20:13:25.112+0800: 12475189.089: [CMS-concurrent-reset-start]
2020-08-01T20:13:25.131+0800: 12475189.109: [CMS-concurrent-reset: 0.020/0.020 secs] [Times: user=0.03 sys=0.00, real=0.02 secs] 
2020-08-01T20:13:27.132+0800: 12475191.110: [GC (CMS Initial Mark) [1 CMS-initial-mark: 4336389K(5472256K)] 4515062K(6209536K), 0.0124299 secs] [Times: user=0.07 sys=0.00, real=0.01 secs] 
2020-08-01T20:13:27.145+0800: 12475191.122: [CMS-concurrent-mark-start]
2020-08-01T20:13:29.896+0800: 12475193.874: [CMS-concurrent-mark: 2.743/2.752 secs] [Times: user=6.30 sys=0.62, real=2.75 secs] 
2020-08-01T20:13:29.896+0800: 12475193.874: [CMS-concurrent-preclean-start]
2020-08-01T20:13:29.904+0800: 12475193.882: [CMS-concurrent-preclean: 0.007/0.008 secs] [Times: user=0.01 sys=0.01, real=0.01 secs] 
2020-08-01T20:13:29.904+0800: 12475193.882: [CMS-concurrent-abortable-preclean-start]
 CMS: abort preclean due to time 2020-08-01T20:13:35.027+0800: 12475199.005: [CMS-concurrent-abortable-preclean: 3.421/5.123 secs] [Times: user=4.31 sys=0.87, real=5.13 secs] 
2020-08-01T20:13:35.028+0800: 12475199.006: [GC (CMS Final Remark) [YG occupancy: 492214 K (737280 K)]2020-08-01T20:13:35.028+0800: 12475199.006: [Rescan (parallel) , 0.0360080 secs]2020-08-01T20:13:35.064+0800: 12475199.042: [weak refs processing, 0.0000732 secs]2020-08-01T20:13:35.064+0800: 12475199.042: [class unloading, 0.0171696 secs]2020-08-01T20:13:35.082+0800: 12475199.059: [scrub symbol table, 0.0062262 secs]2020-08-01T20:13:35.088+0800: 12475199.066: [scrub string table, 0.0008711 secs][1 CMS-remark: 4336389K(5472256K)] 4828603K(6209536K), 0.0605247 secs] [Times: user=0.27 sys=0.00, real=0.06 secs] 
2020-08-01T20:13:35.089+0800: 12475199.067: [CMS-concurrent-sweep-start]
2020-08-01T20:13:36.666+0800: 12475200.644: [CMS-concurrent-sweep: 1.577/1.577 secs] [Times: user=1.85 sys=0.25, real=1.57 secs] 
2020-08-01T20:13:36.666+0800: 12475200.644: [CMS-concurrent-reset-start]
2020-08-01T20:13:36.686+0800: 12475200.663: [CMS-concurrent-reset: 0.019/0.019 secs] [Times: user=0.03 sys=0.01, real=0.02 secs] 
2020-08-01T20:13:38.691+0800: 12475202.669: [GC (CMS Initial Mark) [1 CMS-initial-mark: 4336126K(5472256K)] 4967577K(6209536K), 0.0410827 secs] [Times: user=0.26 sys=0.00, real=0.04 secs] 
2020-08-01T20:13:38.732+0800: 12475202.710: [CMS-concurrent-mark-start]
2020-08-01T20:13:40.959+0800: 12475204.937: [GC (Allocation Failure) 2020-08-01T20:13:40.959+0800: 12475204.937: [ParNew: 715200K->81920K(737280K), 0.0730920 secs] 5051327K->4423161K(6209536K), 0.0733102 secs] [Times: user=0.54 sys=0.00, real=0.07 secs] 
2020-08-01T20:13:41.518+0800: 12475205.496: [CMS-concurrent-mark: 2.709/2.786 secs] [Times: user=6.54 sys=0.49, real=2.78 secs] 
2020-08-01T20:13:41.518+0800: 12475205.496: [CMS-concurrent-preclean-start]
2020-08-01T20:13:41.529+0800: 12475205.507: [CMS-concurrent-preclean: 0.011/0.011 secs] [Times: user=0.01 sys=0.00, real=0.02 secs] 
2020-08-01T20:13:41.529+0800: 12475205.507: [CMS-concurrent-abortable-preclean-start]
 CMS: abort preclean due to time 2020-08-01T20:13:46.698+0800: 12475210.676: [CMS-concurrent-abortable-preclean: 4.368/5.169 secs] [Times: user=5.45 sys=0.95, real=5.16 secs] 
2020-08-01T20:13:46.700+0800: 12475210.677: [GC (CMS Final Remark) [YG occupancy: 316196 K (737280 K)]2020-08-01T20:13:46.700+0800: 12475210.677: [Rescan (parallel) , 0.0226971 secs]2020-08-01T20:13:46.722+0800: 12475210.700: [weak refs processing, 0.0000377 secs]2020-08-01T20:13:46.722+0800: 12475210.700: [class unloading, 0.0174969 secs]2020-08-01T20:13:46.740+0800: 12475210.718: [scrub symbol table, 0.0063058 secs]2020-08-01T20:13:46.746+0800: 12475210.724: [scrub string table, 0.0009018 secs][1 CMS-remark: 4341241K(5472256K)] 4657437K(6209536K), 0.0476073 secs] [Times: user=0.19 sys=0.00, real=0.05 secs] 
2020-08-01T20:13:46.747+0800: 12475210.725: [CMS-concurrent-sweep-start]
2020-08-01T20:13:48.332+0800: 12475212.309: [CMS-concurrent-sweep: 1.584/1.584 secs] [Times: user=1.90 sys=0.17, real=1.58 secs] 
2020-08-01T20:13:48.332+0800: 12475212.309: [CMS-concurrent-reset-start]
2020-08-01T20:13:48.350+0800: 12475212.328: [CMS-concurrent-reset: 0.019/0.019 secs] [Times: user=0.02 sys=0.00, real=0.02 secs] 
2020-08-01T20:13:50.351+0800: 12475214.329: [GC (CMS Initial Mark) [1 CMS-initial-mark: 4341158K(5472256K)] 4775496K(6209536K), 0.0267929 secs] [Times: user=0.19 sys=0.00, real=0.02 secs] 
2020-08-01T20:13:50.378+0800: 12475214.356: [CMS-concurrent-mark-start]
2020-08-01T20:13:53.017+0800: 12475216.995: [CMS-concurrent-mark: 2.639/2.639 secs] [Times: user=5.69 sys=0.11, real=2.64 secs] 
2020-08-01T20:13:53.017+0800: 12475216.995: [CMS-concurrent-preclean-start]
2020-08-01T20:13:53.025+0800: 12475217.003: [CMS-concurrent-preclean: 0.008/0.008 secs] [Times: user=0.00 sys=0.00, real=0.01 secs] 
2020-08-01T20:13:53.025+0800: 12475217.003: [CMS-concurrent-abortable-preclean-start]
 CMS: abort preclean due to time 2020-08-01T20:13:58.163+0800: 12475222.141: [CMS-concurrent-abortable-preclean: 4.238/5.138 secs] [Times: user=4.94 sys=0.46, real=5.14 secs] 
2020-08-01T20:13:58.165+0800: 12475222.143: [GC (CMS Final Remark) [YG occupancy: 630820 K (737280 K)]2020-08-01T20:13:58.165+0800: 12475222.143: [Rescan (parallel) , 0.0496396 secs]2020-08-01T20:13:58.214+0800: 12475222.192: [weak refs processing, 0.0000695 secs]2020-08-01T20:13:58.215+0800: 12475222.192: [class unloading, 0.0176793 secs]2020-08-01T20:13:58.232+0800: 12475222.210: [scrub symbol table, 0.0061910 secs]2020-08-01T20:13:58.238+0800: 12475222.216: [scrub string table, 0.0009036 secs][1 CMS-remark: 4341158K(5472256K)] 4971979K(6209536K), 0.0746460 secs] [Times: user=0.34 sys=0.01, real=0.08 secs] 
2020-08-01T20:13:58.240+0800: 12475222.217: [CMS-concurrent-sweep-start]
2020-08-01T20:13:59.821+0800: 12475223.798: [CMS-concurrent-sweep: 1.581/1.581 secs] [Times: user=1.91 sys=0.18, real=1.58 secs] 
2020-08-01T20:13:59.821+0800: 12475223.799: [CMS-concurrent-reset-start]
2020-08-01T20:13:59.842+0800: 12475223.820: [CMS-concurrent-reset: 0.021/0.021 secs] [Times: user=0.03 sys=0.00, real=0.02 secs] 
2020-08-01T20:14:00.967+0800: 12475224.945: [GC (Allocation Failure) 2020-08-01T20:14:00.967+0800: 12475224.945: [ParNew: 737280K->81920K(737280K), 0.1151320 secs] 5077760K->4467460K(6209536K), 0.1152886 secs] [Times: user=0.75 sys=0.00, real=0.11 secs] 
2020-08-01T20:14:01.084+0800: 12475225.062: [GC (CMS Initial Mark) [1 CMS-initial-mark: 4385540K(5472256K)] 4479349K(6209536K), 0.0098374 secs] [Times: user=0.05 sys=0.00, real=0.01 secs] 
2020-08-01T20:14:01.094+0800: 12475225.072: [CMS-concurrent-mark-start]
2020-08-01T20:14:03.806+0800: 12475227.784: [CMS-concurrent-mark: 2.713/2.713 secs] [Times: user=6.16 sys=0.30, real=2.71 secs] 
2020-08-01T20:14:03.806+0800: 12475227.784: [CMS-concurrent-preclean-start]
2020-08-01T20:14:03.814+0800: 12475227.792: [CMS-concurrent-preclean: 0.007/0.007 secs] [Times: user=0.00 sys=0.00, real=0.01 secs] 
2020-08-01T20:14:03.814+0800: 12475227.792: [CMS-concurrent-abortable-preclean-start]
 CMS: abort preclean due to time 2020-08-01T20:14:09.149+0800: 12475233.127: [CMS-concurrent-abortable-preclean: 4.334/5.335 secs] [Times: user=5.59 sys=0.83, real=5.34 secs] 
2020-08-01T20:14:09.151+0800: 12475233.128: [GC (CMS Final Remark) [YG occupancy: 495054 K (737280 K)]2020-08-01T20:14:09.151+0800: 12475233.128: [Rescan (parallel) , 0.0330944 secs]2020-08-01T20:14:09.184+0800: 12475233.162: [weak refs processing, 0.0000574 secs]2020-08-01T20:14:09.184+0800: 12475233.162: [class unloading, 0.0172633 secs]2020-08-01T20:14:09.201+0800: 12475233.179: [scrub symbol table, 0.0061860 secs]2020-08-01T20:14:09.207+0800: 12475233.185: [scrub string table, 0.0008628 secs][1 CMS-remark: 4385540K(5472256K)] 4880595K(6209536K), 0.0576185 secs] [Times: user=0.28 sys=0.00, real=0.06 secs] 
2020-08-01T20:14:09.208+0800: 12475233.186: [CMS-concurrent-sweep-start]
2020-08-01T20:14:10.851+0800: 12475234.829: [CMS-concurrent-sweep: 1.643/1.643 secs] [Times: user=1.99 sys=0.26, real=1.64 secs] 
2020-08-01T20:14:10.851+0800: 12475234.829: [CMS-concurrent-reset-start]
2020-08-01T20:14:10.872+0800: 12475234.849: [CMS-concurrent-reset: 0.020/0.020 secs] [Times: user=0.02 sys=0.00, real=0.02 secs] 
2020-08-01T20:14:12.872+0800: 12475236.850: [GC (CMS Initial Mark) [1 CMS-initial-mark: 4385179K(5472256K)] 4959289K(6209536K), 0.0373346 secs] [Times: user=0.26 sys=0.00, real=0.04 secs] 
2020-08-01T20:14:12.910+0800: 12475236.887: [CMS-concurrent-mark-start]
2020-08-01T20:14:16.957+0800: 12475240.934: [GC (Allocation Failure) 2020-08-01T20:14:16.957+0800: 12475240.935: [ParNew: 737280K->81920K(737280K), 0.1401072 secs] 5122459K->4544747K(6209536K), 0.1402663 secs] [Times: user=0.75 sys=0.00, real=0.14 secs] 
2020-08-01T20:14:17.124+0800: 12475241.102: [CMS-concurrent-mark: 4.070/4.215 secs] [Times: user=9.84 sys=0.46, real=4.21 secs] 
2020-08-01T20:14:17.124+0800: 12475241.102: [CMS-concurrent-preclean-start]
2020-08-01T20:14:17.182+0800: 12475241.160: [CMS-concurrent-preclean: 0.058/0.058 secs] [Times: user=0.08 sys=0.00, real=0.06 secs] 
2020-08-01T20:14:17.182+0800: 12475241.160: [CMS-concurrent-abortable-preclean-start]
 CMS: abort preclean due to time 2020-08-01T20:14:22.282+0800: 12475246.260: [CMS-concurrent-abortable-preclean: 3.396/5.099 secs] [Times: user=4.43 sys=0.96, real=5.10 secs] 
2020-08-01T20:14:22.283+0800: 12475246.261: [GC (CMS Final Remark) [YG occupancy: 316691 K (737280 K)]2020-08-01T20:14:22.283+0800: 12475246.261: [Rescan (parallel) , 0.0197569 secs]2020-08-01T20:14:22.303+0800: 12475246.281: [weak refs processing, 0.0000358 secs]2020-08-01T20:14:22.303+0800: 12475246.281: [class unloading, 0.0170501 secs]2020-08-01T20:14:22.320+0800: 12475246.298: [scrub symbol table, 0.0063035 secs]2020-08-01T20:14:22.326+0800: 12475246.304: [scrub string table, 0.0008711 secs][1 CMS-remark: 4462827K(5472256K)] 4779518K(6209536K), 0.0441822 secs] [Times: user=0.18 sys=0.00, real=0.05 secs] 
2020-08-01T20:14:22.328+0800: 12475246.305: [CMS-concurrent-sweep-start]
2020-08-01T20:14:23.955+0800: 12475247.933: [CMS-concurrent-sweep: 1.628/1.628 secs] [Times: user=1.97 sys=0.25, real=1.62 secs] 
2020-08-01T20:14:23.955+0800: 12475247.933: [CMS-concurrent-reset-start]
2020-08-01T20:14:23.975+0800: 12475247.953: [CMS-concurrent-reset: 0.020/0.020 secs] [Times: user=0.01 sys=0.03, real=0.02 secs] 
2020-08-01T20:14:25.976+0800: 12475249.954: [GC (CMS Initial Mark) [1 CMS-initial-mark: 4461736K(5472256K)] 4904682K(6209536K), 0.0239607 secs] [Times: user=0.17 sys=0.00, real=0.03 secs] 
2020-08-01T20:14:26.000+0800: 12475249.978: [CMS-concurrent-mark-start]
2020-08-01T20:14:28.847+0800: 12475252.825: [CMS-concurrent-mark: 2.839/2.847 secs] [Times: user=6.35 sys=0.42, real=2.85 secs] 
2020-08-01T20:14:28.847+0800: 12475252.825: [CMS-concurrent-preclean-start]
2020-08-01T20:14:28.855+0800: 12475252.833: [CMS-concurrent-preclean: 0.007/0.008 secs] [Times: user=0.01 sys=0.00, real=0.00 secs] 
2020-08-01T20:14:28.855+0800: 12475252.833: [CMS-concurrent-abortable-preclean-start]
2020-08-01T20:14:33.080+0800: 12475257.058: [GC (Allocation Failure) 2020-08-01T20:14:33.080+0800: 12475257.058: [ParNew2020-08-01T20:14:33.097+0800: 12475257.074: [CMS-concurrent-abortable-preclean: 3.132/4.242 secs] [Times: user=4.10 sys=0.73, real=4.24 secs] 
: 737280K->61864K(737280K), 0.1181059 secs] 5199016K->4567037K(6209536K), 0.1182756 secs] [Times: user=0.62 sys=0.00, real=0.12 secs] 
2020-08-01T20:14:33.200+0800: 12475257.178: [GC (CMS Final Remark) [YG occupancy: 73940 K (737280 K)]2020-08-01T20:14:33.200+0800: 12475257.178: [Rescan (parallel) , 0.0274627 secs]2020-08-01T20:14:33.228+0800: 12475257.206: [weak refs processing, 0.0000787 secs]2020-08-01T20:14:33.228+0800: 12475257.206: [class unloading, 0.0187648 secs]2020-08-01T20:14:33.247+0800: 12475257.225: [scrub symbol table, 0.0074041 secs]2020-08-01T20:14:33.254+0800: 12475257.232: [scrub string table, 0.0008937 secs][1 CMS-remark: 4505172K(5472256K)] 4579112K(6209536K), 0.0547567 secs] [Times: user=0.16 sys=0.00, real=0.05 secs] 
2020-08-01T20:14:33.255+0800: 12475257.233: [CMS-concurrent-sweep-start]
2020-08-01T20:14:35.029+0800: 12475259.007: [CMS-concurrent-sweep: 1.771/1.774 secs] [Times: user=2.43 sys=0.34, real=1.78 secs] 
2020-08-01T20:14:35.029+0800: 12475259.007: [CMS-concurrent-reset-start]
2020-08-01T20:14:35.049+0800: 12475259.027: [CMS-concurrent-reset: 0.020/0.020 secs] [Times: user=0.02 sys=0.01, real=0.02 secs] 
2020-08-01T20:14:37.051+0800: 12475261.029: [GC (CMS Initial Mark) [1 CMS-initial-mark: 4504291K(5472256K)] 4779433K(6209536K), 0.0166129 secs] [Times: user=0.12 sys=0.00, real=0.02 secs] 
2020-08-01T20:14:37.067+0800: 12475261.045: [CMS-concurrent-mark-start]
2020-08-01T20:14:39.947+0800: 12475263.925: [CMS-concurrent-mark: 2.880/2.880 secs] [Times: user=6.38 sys=0.26, real=2.88 secs] 
2020-08-01T20:14:39.947+0800: 12475263.925: [CMS-concurrent-preclean-start]
2020-08-01T20:14:39.958+0800: 12475263.936: [CMS-concurrent-preclean: 0.010/0.010 secs] [Times: user=0.01 sys=0.00, real=0.00 secs] 
2020-08-01T20:14:39.958+0800: 12475263.936: [CMS-concurrent-abortable-preclean-start]
 CMS: abort preclean due to time 2020-08-01T20:14:45.179+0800: 12475269.157: [CMS-concurrent-abortable-preclean: 3.717/5.221 secs] [Times: user=4.78 sys=0.75, real=5.23 secs] 
2020-08-01T20:14:45.180+0800: 12475269.158: [GC (CMS Final Remark) [YG occupancy: 602677 K (737280 K)]2020-08-01T20:14:45.180+0800: 12475269.158: [Rescan (parallel) , 0.0470859 secs]2020-08-01T20:14:45.227+0800: 12475269.205: [weak refs processing, 0.0000562 secs]2020-08-01T20:14:45.227+0800: 12475269.205: [class unloading, 0.0178738 secs]2020-08-01T20:14:45.245+0800: 12475269.223: [scrub symbol table, 0.0064249 secs]2020-08-01T20:14:45.252+0800: 12475269.230: [scrub string table, 0.0009205 secs][1 CMS-remark: 4504291K(5472256K)] 5106968K(6209536K), 0.0725167 secs] [Times: user=0.33 sys=0.00, real=0.07 secs] 
2020-08-01T20:14:45.253+0800: 12475269.231: [CMS-concurrent-sweep-start]
2020-08-01T20:14:46.979+0800: 12475270.957: [CMS-concurrent-sweep: 1.726/1.726 secs] [Times: user=2.07 sys=0.20, real=1.73 secs] 
2020-08-01T20:14:46.979+0800: 12475270.957: [CMS-concurrent-reset-start]
2020-08-01T20:14:46.998+0800: 12475270.976: [CMS-concurrent-reset: 0.019/0.019 secs] [Times: user=0.02 sys=0.00, real=0.01 secs] 
2020-08-01T20:14:48.155+0800: 12475272.133: [GC (Allocation Failure) 2020-08-01T20:14:48.155+0800: 12475272.133: [ParNew: 717224K->67181K(737280K), 0.0915127 secs] 5221332K->4613912K(6209536K), 0.0916806 secs] [Times: user=0.60 sys=0.00, real=0.10 secs] 
2020-08-01T20:14:48.248+0800: 12475272.226: [GC (CMS Initial Mark) [1 CMS-initial-mark: 4546730K(5472256K)] 4625965K(6209536K), 0.0056315 secs] [Times: user=0.03 sys=0.00, real=0.00 secs] 
2020-08-01T20:14:48.254+0800: 12475272.232: [CMS-concurrent-mark-start]
2020-08-01T20:14:51.324+0800: 12475275.302: [CMS-concurrent-mark: 3.070/3.070 secs] [Times: user=7.06 sys=0.42, real=3.07 secs] 
2020-08-01T20:14:51.324+0800: 12475275.302: [CMS-concurrent-preclean-start]
2020-08-01T20:14:51.334+0800: 12475275.312: [CMS-concurrent-preclean: 0.010/0.010 secs] [Times: user=0.01 sys=0.00, real=0.01 secs] 
2020-08-01T20:14:51.334+0800: 12475275.312: [CMS-concurrent-abortable-preclean-start]
 CMS: abort preclean due to time 2020-08-01T20:14:56.446+0800: 12475280.424: [CMS-concurrent-abortable-preclean: 3.911/5.112 secs] [Times: user=4.79 sys=0.62, real=5.11 secs] 
2020-08-01T20:14:56.448+0800: 12475280.425: [GC (CMS Final Remark) [YG occupancy: 400872 K (737280 K)]2020-08-01T20:14:56.448+0800: 12475280.426: [Rescan (parallel) , 0.0260636 secs]2020-08-01T20:14:56.474+0800: 12475280.452: [weak refs processing, 0.0000679 secs]2020-08-01T20:14:56.474+0800: 12475280.452: [class unloading, 0.0172044 secs]2020-08-01T20:14:56.491+0800: 12475280.469: [scrub symbol table, 0.0062795 secs]2020-08-01T20:14:56.497+0800: 12475280.475: [scrub string table, 0.0008819 secs][1 CMS-remark: 4546730K(5472256K)] 4947602K(6209536K), 0.0506821 secs] [Times: user=0.23 sys=0.00, real=0.04 secs] 
2020-08-01T20:14:56.499+0800: 12475280.476: [CMS-concurrent-sweep-start]
2020-08-01T20:14:58.142+0800: 12475282.119: [CMS-concurrent-sweep: 1.643/1.643 secs] [Times: user=1.88 sys=0.22, real=1.64 secs] 
2020-08-01T20:14:58.142+0800: 12475282.120: [CMS-concurrent-reset-start]
2020-08-01T20:14:58.161+0800: 12475282.138: [CMS-concurrent-reset: 0.019/0.019 secs] [Times: user=0.02 sys=0.00, real=0.02 secs] 
2020-08-01T20:15:00.161+0800: 12475284.139: [GC (CMS Initial Mark) [1 CMS-initial-mark: 4546356K(5472256K)] 5074217K(6209536K), 0.0323434 secs] [Times: user=0.22 sys=0.00, real=0.03 secs] 
2020-08-01T20:15:00.194+0800: 12475284.172: [CMS-concurrent-mark-start]
2020-08-01T20:15:05.653+0800: 12475289.631: [CMS-concurrent-mark: 5.459/5.459 secs] [Times: user=6.51 sys=0.22, real=5.46 secs] 
2020-08-01T20:15:05.653+0800: 12475289.631: [CMS-concurrent-preclean-start]
2020-08-01T20:15:05.661+0800: 12475289.639: [CMS-concurrent-preclean: 0.008/0.008 secs] [Times: user=0.02 sys=0.00, real=0.01 secs] 
2020-08-01T20:15:05.661+0800: 12475289.639: [CMS-concurrent-abortable-preclean-start]
2020-08-01T20:15:09.182+0800: 12475293.160: [GC (Allocation Failure) 2020-08-01T20:15:09.182+0800: 12475293.160: [ParNew: 722541K->74851K(737280K), 0.0971057 secs] 5268898K->4663849K(6209536K), 0.0972871 secs] [Times: user=0.59 sys=0.00, real=0.10 secs] 
 CMS: abort preclean due to time 2020-08-01T20:15:10.809+0800: 12475294.787: [CMS-concurrent-abortable-preclean: 3.447/5.148 secs] [Times: user=4.79 sys=0.39, real=5.15 secs] 
2020-08-01T20:15:10.811+0800: 12475294.789: [GC (CMS Final Remark) [YG occupancy: 125024 K (737280 K)]2020-08-01T20:15:10.811+0800: 12475294.789: [Rescan (parallel) , 0.0095728 secs]2020-08-01T20:15:10.820+0800: 12475294.798: [weak refs processing, 0.0000466 secs]2020-08-01T20:15:10.820+0800: 12475294.798: [class unloading, 0.0192337 secs]2020-08-01T20:15:10.840+0800: 12475294.817: [scrub symbol table, 0.0066213 secs]2020-08-01T20:15:10.846+0800: 12475294.824: [scrub string table, 0.0009573 secs][1 CMS-remark: 4588997K(5472256K)] 4714022K(6209536K), 0.0366026 secs] [Times: user=0.10 sys=0.00, real=0.04 secs] 
2020-08-01T20:15:10.848+0800: 12475294.825: [CMS-concurrent-sweep-start]
2020-08-01T20:15:12.663+0800: 12475296.641: [CMS-concurrent-sweep: 1.816/1.816 secs] [Times: user=2.24 sys=0.26, real=1.81 secs] 
2020-08-01T20:15:12.663+0800: 12475296.641: [CMS-concurrent-reset-start]
2020-08-01T20:15:12.683+0800: 12475296.661: [CMS-concurrent-reset: 0.020/0.020 secs] [Times: user=0.02 sys=0.01, real=0.02 secs] 
2020-08-01T20:15:14.684+0800: 12475298.662: [GC (CMS Initial Mark) [1 CMS-initial-mark: 4588988K(5472256K)] 4870446K(6209536K), 0.0148328 secs] [Times: user=0.11 sys=0.01, real=0.02 secs] 
2020-08-01T20:15:14.699+0800: 12475298.677: [CMS-concurrent-mark-start]
2020-08-01T20:15:18.987+0800: 12475302.965: [CMS-concurrent-mark: 4.287/4.289 secs] [Times: user=9.54 sys=0.41, real=4.29 secs] 
2020-08-01T20:15:18.988+0800: 12475302.965: [CMS-concurrent-preclean-start]
2020-08-01T20:15:19.001+0800: 12475302.979: [CMS-concurrent-preclean: 0.013/0.013 secs] [Times: user=0.01 sys=0.00, real=0.01 secs] 
2020-08-01T20:15:19.001+0800: 12475302.979: [CMS-concurrent-abortable-preclean-start]
 CMS: abort preclean due to time 2020-08-01T20:15:24.242+0800: 12475308.220: [CMS-concurrent-abortable-preclean: 3.540/5.241 secs] [Times: user=4.40 sys=0.58, real=5.24 secs] 
2020-08-01T20:15:24.244+0800: 12475308.221: [GC (CMS Final Remark) [YG occupancy: 641151 K (737280 K)]2020-08-01T20:15:24.244+0800: 12475308.221: [Rescan (parallel) , 0.0378834 secs]2020-08-01T20:15:24.281+0800: 12475308.259: [weak refs processing, 0.0000529 secs]2020-08-01T20:15:24.282+0800: 12475308.259: [class unloading, 0.0177235 secs]2020-08-01T20:15:24.299+0800: 12475308.277: [scrub symbol table, 0.0062427 secs]2020-08-01T20:15:24.306+0800: 12475308.283: [scrub string table, 0.0008757 secs][1 CMS-remark: 4588988K(5472256K)] 5230140K(6209536K), 0.0629660 secs] [Times: user=0.32 sys=0.00, real=0.07 secs] 
2020-08-01T20:15:24.307+0800: 12475308.285: [CMS-concurrent-sweep-start]
2020-08-01T20:15:26.003+0800: 12475309.981: [CMS-concurrent-sweep: 1.696/1.696 secs] [Times: user=1.96 sys=0.15, real=1.69 secs] 
2020-08-01T20:15:26.003+0800: 12475309.981: [CMS-concurrent-reset-start]
2020-08-01T20:15:26.023+0800: 12475310.001: [CMS-concurrent-reset: 0.020/0.020 secs] [Times: user=0.02 sys=0.01, real=0.02 secs] 
2020-08-01T20:15:27.597+0800: 12475311.575: [GC (Allocation Failure) 2020-08-01T20:15:27.597+0800: 12475311.575: [ParNew: 730211K->56833K(737280K), 0.0838937 secs] 5318934K->4687810K(6209536K), 0.0840576 secs] [Times: user=0.59 sys=0.00, real=0.09 secs] 
2020-08-01T20:15:27.684+0800: 12475311.662: [GC (CMS Initial Mark) [1 CMS-initial-mark: 4630977K(5472256K)] 4700198K(6209536K), 0.0050793 secs] [Times: user=0.03 sys=0.00, real=0.01 secs] 
2020-08-01T20:15:27.689+0800: 12475311.667: [CMS-concurrent-mark-start]
2020-08-01T20:15:30.549+0800: 12475314.527: [CMS-concurrent-mark: 2.852/2.860 secs] [Times: user=6.38 sys=0.29, real=2.86 secs] 
2020-08-01T20:15:30.549+0800: 12475314.527: [CMS-concurrent-preclean-start]
2020-08-01T20:15:30.557+0800: 12475314.535: [CMS-concurrent-preclean: 0.008/0.008 secs] [Times: user=0.01 sys=0.00, real=0.00 secs] 
2020-08-01T20:15:30.557+0800: 12475314.535: [CMS-concurrent-abortable-preclean-start]
 CMS: abort preclean due to time 2020-08-01T20:15:35.669+0800: 12475319.647: [CMS-concurrent-abortable-preclean: 3.510/5.112 secs] [Times: user=4.45 sys=0.73, real=5.12 secs] 
2020-08-01T20:15:35.671+0800: 12475319.649: [GC (CMS Final Remark) [YG occupancy: 345560 K (737280 K)]2020-08-01T20:15:35.671+0800: 12475319.649: [Rescan (parallel) , 0.0283471 secs]2020-08-01T20:15:35.699+0800: 12475319.677: [weak refs processing, 0.0000509 secs]2020-08-01T20:15:35.699+0800: 12475319.677: [class unloading, 0.0194029 secs]2020-08-01T20:15:35.719+0800: 12475319.696: [scrub symbol table, 0.0080122 secs]2020-08-01T20:15:35.727+0800: 12475319.704: [scrub string table, 0.0009127 secs][1 CMS-remark: 4630977K(5472256K)] 4976537K(6209536K), 0.0568926 secs] [Times: user=0.21 sys=0.00, real=0.06 secs] 
2020-08-01T20:15:35.728+0800: 12475319.706: [CMS-concurrent-sweep-start]
2020-08-01T20:15:37.451+0800: 12475321.429: [CMS-concurrent-sweep: 1.723/1.723 secs] [Times: user=1.94 sys=0.28, real=1.72 secs] 
2020-08-01T20:15:37.451+0800: 12475321.429: [CMS-concurrent-reset-start]
2020-08-01T20:15:37.470+0800: 12475321.448: [CMS-concurrent-reset: 0.019/0.019 secs] [Times: user=0.02 sys=0.00, real=0.02 secs] 
2020-08-01T20:15:39.470+0800: 12475323.448: [GC (CMS Initial Mark) [1 CMS-initial-mark: 4630685K(5472256K)] 5119911K(6209536K), 0.0276862 secs] [Times: user=0.19 sys=0.01, real=0.02 secs] 
2020-08-01T20:15:39.498+0800: 12475323.476: [CMS-concurrent-mark-start]
2020-08-01T20:15:43.794+0800: 12475327.772: [CMS-concurrent-mark: 4.296/4.296 secs] [Times: user=9.50 sys=0.32, real=4.30 secs] 
2020-08-01T20:15:43.794+0800: 12475327.772: [CMS-concurrent-preclean-start]
2020-08-01T20:15:43.807+0800: 12475327.785: [CMS-concurrent-preclean: 0.013/0.013 secs] [Times: user=0.01 sys=0.00, real=0.02 secs] 
2020-08-01T20:15:43.808+0800: 12475327.785: [CMS-concurrent-abortable-preclean-start]
2020-08-01T20:15:45.430+0800: 12475329.408: [GC (Allocation Failure) 2020-08-01T20:15:45.431+0800: 12475329.408: [ParNew2020-08-01T20:15:45.472+0800: 12475329.450: [CMS-concurrent-abortable-preclean: 1.064/1.664 secs] [Times: user=1.62 sys=0.16, real=1.66 secs] 
: 712193K->58402K(737280K), 0.0957664 secs] 5342878K->4730769K(6209536K), 0.0959707 secs] [Times: user=0.55 sys=0.00, real=0.09 secs] 
2020-08-01T20:15:45.528+0800: 12475329.506: [GC (CMS Final Remark) [YG occupancy: 70450 K (737280 K)]2020-08-01T20:15:45.528+0800: 12475329.506: [Rescan (parallel) , 0.0273012 secs]2020-08-01T20:15:45.556+0800: 12475329.533: [weak refs processing, 0.0000359 secs]2020-08-01T20:15:45.556+0800: 12475329.533: [class unloading, 0.0210025 secs]2020-08-01T20:15:45.577+0800: 12475329.554: [scrub symbol table, 0.0086912 secs]2020-08-01T20:15:45.585+0800: 12475329.563: [scrub string table, 0.0012680 secs][1 CMS-remark: 4672366K(5472256K)] 4742817K(6209536K), 0.0584685 secs] [Times: user=0.15 sys=0.00, real=0.06 secs] 
2020-08-01T20:15:45.587+0800: 12475329.565: [CMS-concurrent-sweep-start]
2020-08-01T20:15:47.489+0800: 12475331.467: [CMS-concurrent-sweep: 1.898/1.902 secs] [Times: user=2.28 sys=0.23, real=1.90 secs] 
2020-08-01T20:15:47.489+0800: 12475331.467: [CMS-concurrent-reset-start]
2020-08-01T20:15:47.508+0800: 12475331.486: [CMS-concurrent-reset: 0.019/0.019 secs] [Times: user=0.01 sys=0.00, real=0.02 secs] 
2020-08-01T20:15:49.508+0800: 12475333.486: [GC (CMS Initial Mark) [1 CMS-initial-mark: 4672271K(5472256K)] 4896598K(6209536K), 0.0131908 secs] [Times: user=0.08 sys=0.00, real=0.01 secs] 
2020-08-01T20:15:49.522+0800: 12475333.500: [CMS-concurrent-mark-start]
2020-08-01T20:15:53.885+0800: 12475337.863: [CMS-concurrent-mark: 4.360/4.363 secs] [Times: user=9.70 sys=0.50, real=4.36 secs] 
2020-08-01T20:15:53.885+0800: 12475337.863: [CMS-concurrent-preclean-start]
2020-08-01T20:15:53.893+0800: 12475337.871: [CMS-concurrent-preclean: 0.008/0.008 secs] [Times: user=0.01 sys=0.00, real=0.01 secs] 
2020-08-01T20:15:53.893+0800: 12475337.871: [CMS-concurrent-abortable-preclean-start]
 CMS: abort preclean due to time 2020-08-01T20:15:58.944+0800: 12475342.921: [CMS-concurrent-abortable-preclean: 3.749/5.051 secs] [Times: user=4.63 sys=0.65, real=5.05 secs] 
2020-08-01T20:15:58.945+0800: 12475342.923: [GC (CMS Final Remark) [YG occupancy: 625082 K (737280 K)]2020-08-01T20:15:58.945+0800: 12475342.923: [Rescan (parallel) , 0.0355555 secs]2020-08-01T20:15:58.981+0800: 12475342.959: [weak refs processing, 0.0000555 secs]2020-08-01T20:15:58.981+0800: 12475342.959: [class unloading, 0.0187814 secs]2020-08-01T20:15:59.000+0800: 12475342.977: [scrub symbol table, 0.0079734 secs]2020-08-01T20:15:59.008+0800: 12475342.985: [scrub string table, 0.0011953 secs][1 CMS-remark: 4672271K(5472256K)] 5297353K(6209536K), 0.0637459 secs] [Times: user=0.30 sys=0.00, real=0.07 secs] 
2020-08-01T20:15:59.009+0800: 12475342.987: [CMS-concurrent-sweep-start]
2020-08-01T20:16:00.673+0800: 12475344.651: [CMS-concurrent-sweep: 1.664/1.664 secs] [Times: user=1.94 sys=0.17, real=1.66 secs] 
2020-08-01T20:16:00.673+0800: 12475344.651: [CMS-concurrent-reset-start]
2020-08-01T20:16:00.692+0800: 12475344.670: [CMS-concurrent-reset: 0.019/0.019 secs] [Times: user=0.02 sys=0.00, real=0.02 secs] 
2020-08-01T20:16:01.472+0800: 12475345.450: [GC (Allocation Failure) 2020-08-01T20:16:01.472+0800: 12475345.450: [ParNew: 713762K->81920K(737280K), 0.0651555 secs] 5385857K->4755327K(6209536K), 0.0653115 secs] [Times: user=0.47 sys=0.00, real=0.06 secs] 
2020-08-01T20:16:01.540+0800: 12475345.518: [GC (CMS Initial Mark) [1 CMS-initial-mark: 4673407K(5472256K)] 4767096K(6209536K), 0.0072184 secs] [Times: user=0.04 sys=0.00, real=0.01 secs] 
2020-08-01T20:16:01.548+0800: 12475345.526: [CMS-concurrent-mark-start]
2020-08-01T20:16:04.443+0800: 12475348.421: [CMS-concurrent-mark: 2.896/2.896 secs] [Times: user=6.38 sys=0.24, real=2.89 secs] 
2020-08-01T20:16:04.443+0800: 12475348.421: [CMS-concurrent-preclean-start]
2020-08-01T20:16:04.452+0800: 12475348.429: [CMS-concurrent-preclean: 0.008/0.008 secs] [Times: user=0.01 sys=0.00, real=0.01 secs] 
2020-08-01T20:16:04.452+0800: 12475348.429: [CMS-concurrent-abortable-preclean-start]
 CMS: abort preclean due to time 2020-08-01T20:16:09.864+0800: 12475353.842: [CMS-concurrent-abortable-preclean: 4.412/5.413 secs] [Times: user=5.15 sys=0.43, real=5.41 secs] 
2020-08-01T20:16:09.866+0800: 12475353.844: [GC (CMS Final Remark) [YG occupancy: 333557 K (737280 K)]2020-08-01T20:16:09.866+0800: 12475353.844: [Rescan (parallel) , 0.0230926 secs]2020-08-01T20:16:09.889+0800: 12475353.867: [weak refs processing, 0.0000570 secs]2020-08-01T20:16:09.889+0800: 12475353.867: [class unloading, 0.0174691 secs]2020-08-01T20:16:09.907+0800: 12475353.885: [scrub symbol table, 0.0063148 secs]2020-08-01T20:16:09.913+0800: 12475353.891: [scrub string table, 0.0008709 secs][1 CMS-remark: 4673407K(5472256K)] 5006964K(6209536K), 0.0479804 secs] [Times: user=0.21 sys=0.00, real=0.05 secs] 
2020-08-01T20:16:09.914+0800: 12475353.892: [CMS-concurrent-sweep-start]
2020-08-01T20:16:11.765+0800: 12475355.743: [CMS-concurrent-sweep: 1.851/1.851 secs] [Times: user=2.30 sys=0.31, real=1.85 secs] 
2020-08-01T20:16:11.765+0800: 12475355.743: [CMS-concurrent-reset-start]
2020-08-01T20:16:11.784+0800: 12475355.761: [CMS-concurrent-reset: 0.019/0.019 secs] [Times: user=0.02 sys=0.00, real=0.02 secs] 
2020-08-01T20:16:13.784+0800: 12475357.762: [GC (CMS Initial Mark) [1 CMS-initial-mark: 4673230K(5472256K)] 5164156K(6209536K), 0.0352081 secs] [Times: user=0.20 sys=0.00, real=0.04 secs] 
2020-08-01T20:16:13.820+0800: 12475357.798: [CMS-concurrent-mark-start]
2020-08-01T20:16:16.642+0800: 12475360.620: [CMS-concurrent-mark: 2.821/2.823 secs] [Times: user=6.30 sys=0.43, real=2.82 secs] 
2020-08-01T20:16:16.642+0800: 12475360.620: [CMS-concurrent-preclean-start]
2020-08-01T20:16:16.652+0800: 12475360.630: [CMS-concurrent-preclean: 0.009/0.009 secs] [Times: user=0.02 sys=0.00, real=0.01 secs] 
2020-08-01T20:16:16.652+0800: 12475360.630: [CMS-concurrent-abortable-preclean-start]
2020-08-01T20:16:20.547+0800: 12475364.525: [GC (Allocation Failure) 2020-08-01T20:16:20.547+0800: 12475364.525: [ParNew: 737280K->81920K(737280K), 0.1074123 secs] 5410510K->4799017K(6209536K), 0.1075751 secs] [Times: user=0.75 sys=0.00, real=0.10 secs] 
 CMS: abort preclean due to time 2020-08-01T20:16:21.798+0800: 12475365.776: [CMS-concurrent-abortable-preclean: 4.234/5.147 secs] [Times: user=5.96 sys=0.65, real=5.15 secs] 
2020-08-01T20:16:21.800+0800: 12475365.778: [GC (CMS Final Remark) [YG occupancy: 131235 K (737280 K)]2020-08-01T20:16:21.800+0800: 12475365.778: [Rescan (parallel) , 0.0146000 secs]2020-08-01T20:16:21.815+0800: 12475365.793: [weak refs processing, 0.0000456 secs]2020-08-01T20:16:21.815+0800: 12475365.793: [class unloading, 0.0171918 secs]2020-08-01T20:16:21.832+0800: 12475365.810: [scrub symbol table, 0.0061886 secs]2020-08-01T20:16:21.838+0800: 12475365.816: [scrub string table, 0.0008791 secs][1 CMS-remark: 4717097K(5472256K)] 4848333K(6209536K), 0.0390527 secs] [Times: user=0.13 sys=0.00, real=0.04 secs] 
2020-08-01T20:16:21.839+0800: 12475365.817: [CMS-concurrent-sweep-start]
2020-08-01T20:16:23.598+0800: 12475367.576: [CMS-concurrent-sweep: 1.758/1.758 secs] [Times: user=2.03 sys=0.15, real=1.75 secs] 
2020-08-01T20:16:23.598+0800: 12475367.576: [CMS-concurrent-reset-start]
2020-08-01T20:16:23.617+0800: 12475367.595: [CMS-concurrent-reset: 0.020/0.020 secs] [Times: user=0.03 sys=0.01, real=0.02 secs] 
2020-08-01T20:16:25.618+0800: 12475369.596: [GC (CMS Initial Mark) [1 CMS-initial-mark: 4716141K(5472256K)] 4986014K(6209536K), 0.0186839 secs] [Times: user=0.12 sys=0.00, real=0.02 secs] 
2020-08-01T20:16:25.637+0800: 12475369.615: [CMS-concurrent-mark-start]
2020-08-01T20:16:28.521+0800: 12475372.499: [CMS-concurrent-mark: 2.884/2.884 secs] [Times: user=6.46 sys=0.29, real=2.89 secs] 
2020-08-01T20:16:28.521+0800: 12475372.499: [CMS-concurrent-preclean-start]
2020-08-01T20:16:28.529+0800: 12475372.506: [CMS-concurrent-preclean: 0.008/0.008 secs] [Times: user=0.01 sys=0.00, real=0.01 secs] 
2020-08-01T20:16:28.529+0800: 12475372.507: [CMS-concurrent-abortable-preclean-start]
 CMS: abort preclean due to time 2020-08-01T20:16:33.648+0800: 12475377.625: [CMS-concurrent-abortable-preclean: 4.314/5.119 secs] [Times: user=5.06 sys=0.46, real=5.12 secs] 
2020-08-01T20:16:33.649+0800: 12475377.627: [GC (CMS Final Remark) [YG occupancy: 491291 K (737280 K)]2020-08-01T20:16:33.649+0800: 12475377.627: [Rescan (parallel) , 0.0365240 secs]2020-08-01T20:16:33.686+0800: 12475377.664: [weak refs processing, 0.0000379 secs]2020-08-01T20:16:33.686+0800: 12475377.664: [class unloading, 0.0191239 secs]2020-08-01T20:16:33.705+0800: 12475377.683: [scrub symbol table, 0.0068248 secs]2020-08-01T20:16:33.712+0800: 12475377.690: [scrub string table, 0.0009247 secs][1 CMS-remark: 4716141K(5472256K)] 5207433K(6209536K), 0.0636111 secs] [Times: user=0.30 sys=0.00, real=0.06 secs] 
2020-08-01T20:16:33.713+0800: 12475377.691: [CMS-concurrent-sweep-start]
2020-08-01T20:16:35.460+0800: 12475379.438: [CMS-concurrent-sweep: 1.747/1.747 secs] [Times: user=2.01 sys=0.18, real=1.75 secs] 
2020-08-01T20:16:35.460+0800: 12475379.438: [CMS-concurrent-reset-start]
2020-08-01T20:16:35.480+0800: 12475379.458: [CMS-concurrent-reset: 0.020/0.020 secs] [Times: user=0.02 sys=0.00, real=0.02 secs] 
2020-08-01T20:16:37.481+0800: 12475381.458: [GC (CMS Initial Mark) [1 CMS-initial-mark: 4714956K(5472256K)] 5318256K(6209536K), 0.0353311 secs] [Times: user=0.25 sys=0.00, real=0.03 secs] 
2020-08-01T20:16:37.516+0800: 12475381.494: [CMS-concurrent-mark-start]
2020-08-01T20:16:40.404+0800: 12475384.382: [CMS-concurrent-mark: 2.888/2.888 secs] [Times: user=6.35 sys=0.24, real=2.89 secs] 
2020-08-01T20:16:40.405+0800: 12475384.382: [CMS-concurrent-preclean-start]
2020-08-01T20:16:40.414+0800: 12475384.392: [CMS-concurrent-preclean: 0.009/0.009 secs] [Times: user=0.01 sys=0.00, real=0.01 secs] 
2020-08-01T20:16:40.414+0800: 12475384.392: [CMS-concurrent-abortable-preclean-start]
2020-08-01T20:16:42.304+0800: 12475386.281: [GC (Allocation Failure) 2020-08-01T20:16:42.304+0800: 12475386.281: [ParNew: 737280K->81920K(737280K), 0.1250713 secs] 5452236K->4836211K(6209536K), 0.1252315 secs] [Times: user=0.80 sys=0.00, real=0.13 secs] 
 CMS: abort preclean due to time 2020-08-01T20:16:45.418+0800: 12475389.396: [CMS-concurrent-abortable-preclean: 4.073/5.004 secs] [Times: user=5.59 sys=0.32, real=5.00 secs] 
2020-08-01T20:16:45.419+0800: 12475389.397: [GC (CMS Final Remark) [YG occupancy: 169907 K (737280 K)]2020-08-01T20:16:45.419+0800: 12475389.397: [Rescan (parallel) , 0.0137106 secs]2020-08-01T20:16:45.433+0800: 12475389.411: [weak refs processing, 0.0000490 secs]2020-08-01T20:16:45.433+0800: 12475389.411: [class unloading, 0.0174024 secs]2020-08-01T20:16:45.451+0800: 12475389.429: [scrub symbol table, 0.0062472 secs]2020-08-01T20:16:45.457+0800: 12475389.435: [scrub string table, 0.0008756 secs][1 CMS-remark: 4754291K(5472256K)] 4924198K(6209536K), 0.0384445 secs] [Times: user=0.12 sys=0.01, real=0.03 secs] 
2020-08-01T20:16:45.458+0800: 12475389.436: [CMS-concurrent-sweep-start]
2020-08-01T20:16:47.270+0800: 12475391.248: [CMS-concurrent-sweep: 1.812/1.812 secs] [Times: user=2.13 sys=0.25, real=1.82 secs] 
2020-08-01T20:16:47.270+0800: 12475391.248: [CMS-concurrent-reset-start]
2020-08-01T20:16:47.290+0800: 12475391.268: [CMS-concurrent-reset: 0.020/0.020 secs] [Times: user=0.02 sys=0.00, real=0.02 secs] 
2020-08-01T20:16:49.290+0800: 12475393.268: [GC (CMS Initial Mark) [1 CMS-initial-mark: 4754016K(5472256K)] 5046711K(6209536K), 0.0230383 secs] [Times: user=0.12 sys=0.01, real=0.02 secs] 
2020-08-01T20:16:49.314+0800: 12475393.292: [CMS-concurrent-mark-start]
2020-08-01T20:16:52.113+0800: 12475396.091: [CMS-concurrent-mark: 2.800/2.800 secs] [Times: user=6.08 sys=0.12, real=2.80 secs] 
2020-08-01T20:16:52.113+0800: 12475396.091: [CMS-concurrent-preclean-start]
2020-08-01T20:16:52.121+0800: 12475396.099: [CMS-concurrent-preclean: 0.008/0.008 secs] [Times: user=0.01 sys=0.00, real=0.01 secs] 
2020-08-01T20:16:52.121+0800: 12475396.099: [CMS-concurrent-abortable-preclean-start]
 CMS: abort preclean due to time 2020-08-01T20:16:57.490+0800: 12475401.468: [CMS-concurrent-abortable-preclean: 4.668/5.368 secs] [Times: user=5.34 sys=0.49, real=5.37 secs] 
2020-08-01T20:16:57.491+0800: 12475401.469: [GC (CMS Final Remark) [YG occupancy: 508020 K (737280 K)]2020-08-01T20:16:57.491+0800: 12475401.469: [Rescan (parallel) , 0.0343925 secs]2020-08-01T20:16:57.526+0800: 12475401.504: [weak refs processing, 0.0000462 secs]2020-08-01T20:16:57.526+0800: 12475401.504: [class unloading, 0.0168217 secs]2020-08-01T20:16:57.543+0800: 12475401.521: [scrub symbol table, 0.0060077 secs]2020-08-01T20:16:57.549+0800: 12475401.527: [scrub string table, 0.0008562 secs][1 CMS-remark: 4754016K(5472256K)] 5262036K(6209536K), 0.0582807 secs] [Times: user=0.27 sys=0.00, real=0.06 secs] 
2020-08-01T20:16:57.550+0800: 12475401.528: [CMS-concurrent-sweep-start]
2020-08-01T20:16:59.358+0800: 12475403.336: [CMS-concurrent-sweep: 1.807/1.808 secs] [Times: user=2.13 sys=0.21, real=1.80 secs] 
2020-08-01T20:16:59.358+0800: 12475403.336: [CMS-concurrent-reset-start]
2020-08-01T20:16:59.377+0800: 12475403.355: [CMS-concurrent-reset: 0.019/0.019 secs] [Times: user=0.02 sys=0.00, real=0.02 secs] 
2020-08-01T20:17:01.377+0800: 12475405.355: [GC (CMS Initial Mark) [1 CMS-initial-mark: 4752961K(5472256K)] 5392728K(6209536K), 0.0394429 secs] [Times: user=0.29 sys=0.00, real=0.04 secs] 
2020-08-01T20:17:01.417+0800: 12475405.395: [CMS-concurrent-mark-start]
2020-08-01T20:17:04.404+0800: 12475408.382: [CMS-concurrent-mark: 2.987/2.987 secs] [Times: user=6.50 sys=0.21, real=2.99 secs] 
2020-08-01T20:17:04.404+0800: 12475408.382: [CMS-concurrent-preclean-start]
2020-08-01T20:17:04.413+0800: 12475408.391: [CMS-concurrent-preclean: 0.009/0.009 secs] [Times: user=0.02 sys=0.00, real=0.01 secs] 
2020-08-01T20:17:04.413+0800: 12475408.391: [CMS-concurrent-abortable-preclean-start]
2020-08-01T20:17:05.182+0800: 12475409.160: [GC (Allocation Failure) 2020-08-01T20:17:05.183+0800: 12475409.160: [ParNew2020-08-01T20:17:05.220+0800: 12475409.198: [CMS-concurrent-abortable-preclean: 0.606/0.806 secs] [Times: user=0.94 sys=0.06, real=0.81 secs] 
: 737280K->81920K(737280K), 0.1093372 secs] 5490241K->4871560K(6209536K), 0.1095425 secs] [Times: user=0.73 sys=0.00, real=0.11 secs] 
2020-08-01T20:17:05.294+0800: 12475409.272: [GC (CMS Final Remark) [YG occupancy: 93687 K (737280 K)]2020-08-01T20:17:05.294+0800: 12475409.272: [Rescan (parallel) , 0.0175678 secs]2020-08-01T20:17:05.312+0800: 12475409.290: [weak refs processing, 0.0000359 secs]2020-08-01T20:17:05.312+0800: 12475409.290: [class unloading, 0.0171199 secs]2020-08-01T20:17:05.329+0800: 12475409.307: [scrub symbol table, 0.0062384 secs]2020-08-01T20:17:05.335+0800: 12475409.313: [scrub string table, 0.0008596 secs][1 CMS-remark: 4789640K(5472256K)] 4883328K(6209536K), 0.0419684 secs] [Times: user=0.16 sys=0.00, real=0.04 secs] 
2020-08-01T20:17:05.336+0800: 12475409.314: [CMS-concurrent-sweep-start]
2020-08-01T20:17:07.097+0800: 12475411.074: [CMS-concurrent-sweep: 1.760/1.760 secs] [Times: user=2.02 sys=0.09, real=1.76 secs] 
2020-08-01T20:17:07.097+0800: 12475411.075: [CMS-concurrent-reset-start]
2020-08-01T20:17:07.116+0800: 12475411.094: [CMS-concurrent-reset: 0.019/0.019 secs] [Times: user=0.02 sys=0.00, real=0.02 secs] 
2020-08-01T20:17:09.116+0800: 12475413.094: [GC (CMS Initial Mark) [1 CMS-initial-mark: 4789507K(5472256K)] 4966931K(6209536K), 0.0142935 secs] [Times: user=0.09 sys=0.00, real=0.02 secs] 
2020-08-01T20:17:09.131+0800: 12475413.109: [CMS-concurrent-mark-start]
2020-08-01T20:17:12.177+0800: 12475416.155: [CMS-concurrent-mark: 3.046/3.046 secs] [Times: user=6.65 sys=0.24, real=3.04 secs] 
2020-08-01T20:17:12.177+0800: 12475416.155: [CMS-concurrent-preclean-start]
2020-08-01T20:17:12.185+0800: 12475416.163: [CMS-concurrent-preclean: 0.008/0.008 secs] [Times: user=0.01 sys=0.00, real=0.01 secs] 
2020-08-01T20:17:12.185+0800: 12475416.163: [CMS-concurrent-abortable-preclean-start]
 CMS: abort preclean due to time 2020-08-01T20:17:17.603+0800: 12475421.581: [CMS-concurrent-abortable-preclean: 4.477/5.418 secs] [Times: user=5.42 sys=0.57, real=5.42 secs] 
2020-08-01T20:17:17.605+0800: 12475421.583: [GC (CMS Final Remark) [YG occupancy: 426890 K (737280 K)]2020-08-01T20:17:17.605+0800: 12475421.583: [Rescan (parallel) , 0.0282811 secs]2020-08-01T20:17:17.633+0800: 12475421.611: [weak refs processing, 0.0000575 secs]2020-08-01T20:17:17.633+0800: 12475421.611: [class unloading, 0.0180898 secs]2020-08-01T20:17:17.651+0800: 12475421.629: [scrub symbol table, 0.0061145 secs]2020-08-01T20:17:17.657+0800: 12475421.635: [scrub string table, 0.0009008 secs][1 CMS-remark: 4789507K(5472256K)] 5216398K(6209536K), 0.0536138 secs] [Times: user=0.24 sys=0.00, real=0.05 secs] 
2020-08-01T20:17:17.659+0800: 12475421.636: [CMS-concurrent-sweep-start]
2020-08-01T20:17:19.451+0800: 12475423.429: [CMS-concurrent-sweep: 1.793/1.793 secs] [Times: user=2.12 sys=0.22, real=1.79 secs] 
2020-08-01T20:17:19.451+0800: 12475423.429: [CMS-concurrent-reset-start]
2020-08-01T20:17:19.470+0800: 12475423.448: [CMS-concurrent-reset: 0.019/0.019 secs] [Times: user=0.03 sys=0.00, real=0.02 secs] 
2020-08-01T20:17:21.471+0800: 12475425.449: [GC (CMS Initial Mark) [1 CMS-initial-mark: 4788353K(5472256K)] 5352555K(6209536K), 0.0326539 secs] [Times: user=0.24 sys=0.00, real=0.03 secs] 
2020-08-01T20:17:21.504+0800: 12475425.482: [CMS-concurrent-mark-start]
2020-08-01T20:17:25.913+0800: 12475429.891: [CMS-concurrent-mark: 4.408/4.408 secs] [Times: user=9.35 sys=0.43, real=4.41 secs] 
2020-08-01T20:17:25.913+0800: 12475429.891: [CMS-concurrent-preclean-start]
2020-08-01T20:17:25.921+0800: 12475429.899: [CMS-concurrent-preclean: 0.008/0.008 secs] [Times: user=0.01 sys=0.00, real=0.01 secs] 
2020-08-01T20:17:25.921+0800: 12475429.899: [CMS-concurrent-abortable-preclean-start]
2020-08-01T20:17:27.215+0800: 12475431.193: [GC (Allocation Failure) 2020-08-01T20:17:27.215+0800: 12475431.193: [ParNew: 737280K->81920K(737280K), 0.1798258 secs] 5525633K->4952360K(6209536K), 0.1800520 secs] [Times: user=1.05 sys=0.00, real=0.18 secs] 
2020-08-01T20:17:29.817+0800: 12475433.795: [CMS-concurrent-abortable-preclean: 3.400/3.896 secs] [Times: user=7.19 sys=0.16, real=3.89 secs] 
2020-08-01T20:17:29.819+0800: 12475433.797: [GC (CMS Final Remark) [YG occupancy: 418213 K (737280 K)]2020-08-01T20:17:29.819+0800: 12475433.797: [Rescan (parallel) , 0.2654747 secs]2020-08-01T20:17:30.084+0800: 12475434.062: [weak refs processing, 0.0000450 secs]2020-08-01T20:17:30.084+0800: 12475434.062: [class unloading, 0.0182323 secs]2020-08-01T20:17:30.103+0800: 12475434.080: [scrub symbol table, 0.0070191 secs]2020-08-01T20:17:30.110+0800: 12475434.087: [scrub string table, 0.0011605 secs][1 CMS-remark: 4870440K(5472256K)] 5288653K(6209536K), 0.2921044 secs] [Times: user=1.96 sys=0.00, real=0.29 secs] 
2020-08-01T20:17:30.111+0800: 12475434.089: [CMS-concurrent-sweep-start]
2020-08-01T20:17:31.957+0800: 12475435.935: [CMS-concurrent-sweep: 1.846/1.846 secs] [Times: user=3.71 sys=0.00, real=1.84 secs] 
2020-08-01T20:17:31.957+0800: 12475435.935: [CMS-concurrent-reset-start]
2020-08-01T20:17:31.976+0800: 12475435.954: [CMS-concurrent-reset: 0.019/0.019 secs] [Times: user=0.04 sys=0.00, real=0.02 secs] 
2020-08-01T20:17:32.502+0800: 12475436.480: [GC (Allocation Failure) 2020-08-01T20:17:32.502+0800: 12475436.480: [ParNew: 737280K->81920K(737280K), 0.9094951 secs] 5607129K->5209043K(6209536K), 0.9096499 secs] [Times: user=6.23 sys=0.00, real=0.91 secs] 
2020-08-01T20:17:33.413+0800: 12475437.391: [GC (CMS Initial Mark) [1 CMS-initial-mark: 5127123K(5472256K)] 5214414K(6209536K), 0.0328409 secs] [Times: user=0.18 sys=0.00, real=0.03 secs] 
2020-08-01T20:17:33.446+0800: 12475437.424: [CMS-concurrent-mark-start]
2020-08-01T20:17:33.963+0800: 12475437.941: [GC (Allocation Failure) 2020-08-01T20:17:33.963+0800: 12475437.941: [ParNew: 737280K->79017K(737280K), 0.2330044 secs] 5864403K->5288645K(6209536K), 0.2331822 secs] [Times: user=1.35 sys=0.00, real=0.23 secs] 
2020-08-01T20:17:34.716+0800: 12475438.694: [GC (Allocation Failure) 2020-08-01T20:17:34.716+0800: 12475438.694: [ParNew: 734377K->19754K(737280K), 0.0077213 secs] 5944005K->5229383K(6209536K), 0.0078479 secs] [Times: user=0.05 sys=0.00, real=0.01 secs] 
2020-08-01T20:17:35.211+0800: 12475439.188: [GC (Allocation Failure) 2020-08-01T20:17:35.211+0800: 12475439.188: [ParNew: 675114K->4939K(737280K), 0.0069077 secs] 5884743K->5214567K(6209536K), 0.0070505 secs] [Times: user=0.05 sys=0.00, real=0.00 secs] 
2020-08-01T20:17:35.672+0800: 12475439.650: [GC (Allocation Failure) 2020-08-01T20:17:35.672+0800: 12475439.650: [ParNew: 660299K->1237K(737280K), 0.0069035 secs] 5869927K->5210866K(6209536K), 0.0070272 secs] [Times: user=0.05 sys=0.00, real=0.01 secs] 
2020-08-01T20:17:36.153+0800: 12475440.131: [GC (Allocation Failure) 2020-08-01T20:17:36.153+0800: 12475440.131: [ParNew: 656597K->312K(737280K), 0.0073592 secs] 5866226K->5209941K(6209536K), 0.0074751 secs] [Times: user=0.05 sys=0.00, real=0.01 secs] 
2020-08-01T20:17:36.649+0800: 12475440.627: [GC (Allocation Failure) 2020-08-01T20:17:36.649+0800: 12475440.627: [ParNew: 655672K->83K(737280K), 0.0078587 secs] 5865301K->5209712K(6209536K), 0.0079893 secs] [Times: user=0.06 sys=0.00, real=0.00 secs] 
2020-08-01T20:17:37.196+0800: 12475441.174: [GC (Allocation Failure) 2020-08-01T20:17:37.196+0800: 12475441.174: [ParNew: 655443K->48K(737280K), 0.0139602 secs] 5865072K->5209677K(6209536K), 0.0141327 secs] [Times: user=0.08 sys=0.00, real=0.02 secs] 
2020-08-01T20:17:37.560+0800: 12475441.538: [CMS-concurrent-mark: 3.816/4.114 secs] [Times: user=13.21 sys=0.00, real=4.12 secs] 
2020-08-01T20:17:37.560+0800: 12475441.538: [CMS-concurrent-preclean-start]
2020-08-01T20:17:37.721+0800: 12475441.699: [CMS-concurrent-preclean: 0.160/0.161 secs] [Times: user=0.32 sys=0.00, real=0.16 secs] 
2020-08-01T20:17:37.721+0800: 12475441.699: [CMS-concurrent-abortable-preclean-start]
2020-08-01T20:17:37.785+0800: 12475441.763: [GC (Allocation Failure) 2020-08-01T20:17:37.785+0800: 12475441.763: [ParNew: 655408K->59K(737280K), 0.0069614 secs] 5865037K->5209691K(6209536K), 0.0070715 secs] [Times: user=0.05 sys=0.00, real=0.01 secs] 
2020-08-01T20:17:38.118+0800: 12475442.096: [CMS-concurrent-abortable-preclean: 0.032/0.397 secs] [Times: user=0.48 sys=0.00, real=0.40 secs] 
2020-08-01T20:17:38.120+0800: 12475442.098: [GC (CMS Final Remark) [YG occupancy: 488253 K (737280 K)]2020-08-01T20:17:38.120+0800: 12475442.098: [Rescan (parallel) , 0.0498458 secs]2020-08-01T20:17:38.170+0800: 12475442.148: [weak refs processing, 0.0000600 secs]2020-08-01T20:17:38.170+0800: 12475442.148: [class unloading, 0.0172143 secs]2020-08-01T20:17:38.187+0800: 12475442.165: [scrub symbol table, 0.0062249 secs]2020-08-01T20:17:38.193+0800: 12475442.171: [scrub string table, 0.0008664 secs][1 CMS-remark: 5209631K(5472256K)] 5697884K(6209536K), 0.0743580 secs] [Times: user=0.39 sys=0.00, real=0.07 secs] 
2020-08-01T20:17:38.195+0800: 12475442.172: [CMS-concurrent-sweep-start]
2020-08-01T20:17:38.320+0800: 12475442.298: [GC (Allocation Failure) 2020-08-01T20:17:38.321+0800: 12475442.298: [ParNew: 655419K->54K(737280K), 0.0070947 secs] 5865037K->5209684K(6209536K), 0.0072120 secs] [Times: user=0.05 sys=0.00, real=0.01 secs] 
2020-08-01T20:17:38.779+0800: 12475442.757: [GC (Allocation Failure) 2020-08-01T20:17:38.779+0800: 12475442.757: [ParNew: 655414K->49K(737280K), 0.0068937 secs] 5850078K->5194713K(6209536K), 0.0070228 secs] [Times: user=0.05 sys=0.00, real=0.00 secs] 
2020-08-01T20:17:39.242+0800: 12475443.220: [GC (Allocation Failure) 2020-08-01T20:17:39.242+0800: 12475443.220: [ParNew: 655409K->38K(737280K), 0.0068923 secs] 5818256K->5162898K(6209536K), 0.0070300 secs] [Times: user=0.05 sys=0.00, real=0.01 secs] 
2020-08-01T20:17:39.692+0800: 12475443.669: [GC (Allocation Failure) 2020-08-01T20:17:39.692+0800: 12475443.670: [ParNew: 655398K->33K(737280K), 0.0070464 secs] 5803931K->5148567K(6209536K), 0.0071867 secs] [Times: user=0.05 sys=0.00, real=0.01 secs] 
2020-08-01T20:17:40.146+0800: 12475444.124: [CMS-concurrent-sweep: 1.917/1.952 secs] [Times: user=4.06 sys=0.00, real=1.96 secs] 
2020-08-01T20:17:40.147+0800: 12475444.124: [CMS-concurrent-reset-start]
2020-08-01T20:17:40.150+0800: 12475444.128: [GC (Allocation Failure) 2020-08-01T20:17:40.151+0800: 12475444.128: [ParNew: 655393K->37K(737280K), 0.0097690 secs] 5797565K->5142209K(6209536K), 0.0099077 secs] [Times: user=0.05 sys=0.00, real=0.01 secs] 
2020-08-01T20:17:40.177+0800: 12475444.155: [CMS-concurrent-reset: 0.019/0.030 secs] [Times: user=0.10 sys=0.00, real=0.02 secs] 
2020-08-01T20:17:40.623+0800: 12475444.601: [GC (Allocation Failure) 2020-08-01T20:17:40.623+0800: 12475444.601: [ParNew: 655397K->71K(737280K), 0.0092792 secs] 5797569K->5142266K(6209536K), 0.0094110 secs] [Times: user=0.06 sys=0.00, real=0.01 secs] 
2020-08-01T20:17:40.634+0800: 12475444.612: [GC (CMS Initial Mark) [1 CMS-initial-mark: 5142195K(5472256K)] 5155353K(6209536K), 0.0011024 secs] [Times: user=0.01 sys=0.00, real=0.00 secs] 
2020-08-01T20:17:40.635+0800: 12475444.613: [CMS-concurrent-mark-start]
2020-08-01T20:17:41.103+0800: 12475445.081: [GC (Allocation Failure) 2020-08-01T20:17:41.103+0800: 12475445.081: [ParNew: 655431K->67K(737280K), 0.0103542 secs] 5797626K->5142262K(6209536K), 0.0104851 secs] [Times: user=0.07 sys=0.00, real=0.01 secs] 
2020-08-01T20:17:41.568+0800: 12475445.545: [GC (Allocation Failure) 2020-08-01T20:17:41.568+0800: 12475445.546: [ParNew: 655427K->71K(737280K), 0.0073751 secs] 5797622K->5142267K(6209536K), 0.0075033 secs] [Times: user=0.05 sys=0.00, real=0.00 secs] 
2020-08-01T20:17:42.019+0800: 12475445.997: [GC (Allocation Failure) 2020-08-01T20:17:42.019+0800: 12475445.997: [ParNew: 655431K->79K(737280K), 0.0095480 secs] 5797627K->5142275K(6209536K), 0.0096788 secs] [Times: user=0.06 sys=0.00, real=0.01 secs] 
2020-08-01T20:17:42.478+0800: 12475446.456: [GC (Allocation Failure) 2020-08-01T20:17:42.478+0800: 12475446.456: [ParNew: 655439K->78K(737280K), 0.0108583 secs] 5797635K->5142275K(6209536K), 0.0109888 secs] [Times: user=0.06 sys=0.00, real=0.02 secs] 
2020-08-01T20:17:43.011+0800: 12475446.989: [GC (Allocation Failure) 2020-08-01T20:17:43.011+0800: 12475446.989: [ParNew: 655438K->82K(737280K), 0.0145261 secs] 5797635K->5142280K(6209536K), 0.0147057 secs] [Times: user=0.07 sys=0.00, real=0.01 secs] 
2020-08-01T20:17:43.646+0800: 12475447.624: [GC (Allocation Failure) 2020-08-01T20:17:43.646+0800: 12475447.624: [ParNew: 655442K->24K(737280K), 0.0071598 secs] 5797640K->5142280K(6209536K), 0.0073028 secs] [Times: user=0.05 sys=0.00, real=0.01 secs] 
2020-08-01T20:17:44.265+0800: 12475448.243: [GC (Allocation Failure) 2020-08-01T20:17:44.265+0800: 12475448.243: [ParNew: 655384K->31K(737280K), 0.0099779 secs] 5797640K->5142288K(6209536K), 0.0101219 secs] [Times: user=0.07 sys=0.00, real=0.01 secs] 
2020-08-01T20:17:44.763+0800: 12475448.740: [GC (Allocation Failure) 2020-08-01T20:17:44.763+0800: 12475448.740: [ParNew: 655391K->32K(737280K), 0.0083577 secs] 5797648K->5142289K(6209536K), 0.0085014 secs] [Times: user=0.05 sys=0.00, real=0.01 secs] 
2020-08-01T20:17:45.226+0800: 12475449.204: [GC (Allocation Failure) 2020-08-01T20:17:45.226+0800: 12475449.204: [ParNew: 655392K->37K(737280K), 0.0099892 secs] 5797649K->5142305K(6209536K), 0.0101336 secs] [Times: user=0.06 sys=0.00, real=0.01 secs] 
2020-08-01T20:17:45.691+0800: 12475449.669: [GC (Allocation Failure) 2020-08-01T20:17:45.691+0800: 12475449.669: [ParNew: 655397K->37K(737280K), 0.0091769 secs] 5797665K->5142306K(6209536K), 0.0093263 secs] [Times: user=0.06 sys=0.00, real=0.01 secs] 
2020-08-01T20:17:46.037+0800: 12475450.015: [CMS-concurrent-mark: 5.287/5.402 secs] [Times: user=16.51 sys=0.00, real=5.40 secs] 
2020-08-01T20:17:46.037+0800: 12475450.015: [CMS-concurrent-preclean-start]
2020-08-01T20:17:46.050+0800: 12475450.028: [CMS-concurrent-preclean: 0.012/0.013 secs] [Times: user=0.03 sys=0.00, real=0.02 secs] 
2020-08-01T20:17:46.050+0800: 12475450.028: [CMS-concurrent-abortable-preclean-start]
2020-08-01T20:17:46.181+0800: 12475450.159: [GC (Allocation Failure) 2020-08-01T20:17:46.181+0800: 12475450.159: [ParNew: 655397K->37K(737280K), 0.0097773 secs] 5797666K->5142306K(6209536K), 0.0099021 secs] [Times: user=0.07 sys=0.00, real=0.01 secs] 
2020-08-01T20:17:46.625+0800: 12475450.603: [CMS-concurrent-abortable-preclean: 0.056/0.575 secs] [Times: user=0.69 sys=0.00, real=0.57 secs] 
2020-08-01T20:17:46.627+0800: 12475450.605: [GC (CMS Final Remark) [YG occupancy: 640283 K (737280 K)]2020-08-01T20:17:46.627+0800: 12475450.605: [Rescan (parallel) , 0.0505792 secs]2020-08-01T20:17:46.677+0800: 12475450.655: [weak refs processing, 0.0000699 secs]2020-08-01T20:17:46.678+0800: 12475450.655: [class unloading, 0.0179788 secs]2020-08-01T20:17:46.696+0800: 12475450.673: [scrub symbol table, 0.0068396 secs]2020-08-01T20:17:46.702+0800: 12475450.680: [scrub string table, 0.0009570 secs][1 CMS-remark: 5142268K(5472256K)] 5782552K(6209536K), 0.0765899 secs] [Times: user=0.41 sys=0.00, real=0.07 secs] 
2020-08-01T20:17:46.704+0800: 12475450.681: [CMS-concurrent-sweep-start]
2020-08-01T20:17:46.734+0800: 12475450.712: [GC (Allocation Failure) 2020-08-01T20:17:46.734+0800: 12475450.712: [ParNew: 655397K->38K(737280K), 0.0072981 secs] 5797661K->5142302K(6209536K), 0.0074366 secs] [Times: user=0.06 sys=0.00, real=0.01 secs] 
2020-08-01T20:17:47.421+0800: 12475451.399: [GC (Allocation Failure) 2020-08-01T20:17:47.421+0800: 12475451.399: [ParNew: 655398K->30K(737280K), 0.0160653 secs] 5755109K->5099751K(6209536K), 0.0162131 secs] [Times: user=0.09 sys=0.00, real=0.01 secs] 
2020-08-01T20:17:48.102+0800: 12475452.079: [GC (Allocation Failure) 2020-08-01T20:17:48.102+0800: 12475452.079: [ParNew: 655390K->28K(737280K), 0.0131401 secs] 5721199K->5065838K(6209536K), 0.0133117 secs] [Times: user=0.08 sys=0.00, real=0.01 secs] 
2020-08-01T20:17:48.765+0800: 12475452.743: [GC (Allocation Failure) 2020-08-01T20:17:48.765+0800: 12475452.743: [ParNew: 655388K->16K(737280K), 0.0070919 secs] 5682897K->5027539K(6209536K), 0.0072189 secs] [Times: user=0.06 sys=0.00, real=0.01 secs] 
2020-08-01T20:17:49.423+0800: 12475453.400: [GC (Allocation Failure) 2020-08-01T20:17:49.423+0800: 12475453.400: [ParNew: 655376K->16K(737280K), 0.0068381 secs] 5641259K->4985899K(6209536K), 0.0069798 secs] [Times: user=0.05 sys=0.00, real=0.01 secs] 
2020-08-01T20:17:50.099+0800: 12475454.077: [GC (Allocation Failure) 2020-08-01T20:17:50.099+0800: 12475454.077: [ParNew: 655376K->16K(737280K), 0.0094552 secs] 5573145K->4917786K(6209536K), 0.0095791 secs] [Times: user=0.05 sys=0.00, real=0.01 secs] 
2020-08-01T20:17:50.768+0800: 12475454.746: [CMS-concurrent-sweep: 3.991/4.064 secs] [Times: user=8.41 sys=0.00, real=4.07 secs] 
2020-08-01T20:17:50.768+0800: 12475454.746: [CMS-concurrent-reset-start]
2020-08-01T20:17:50.788+0800: 12475454.766: [CMS-concurrent-reset: 0.020/0.020 secs] [Times: user=0.04 sys=0.00, real=0.02 secs] 
2020-08-01T20:17:50.810+0800: 12475454.788: [GC (Allocation Failure) 2020-08-01T20:17:50.810+0800: 12475454.788: [ParNew: 655376K->87K(737280K), 0.0069889 secs] 5400105K->4744818K(6209536K), 0.0071517 secs] [Times: user=0.05 sys=0.00, real=0.00 secs] 
2020-08-01T20:17:50.818+0800: 12475454.796: [GC (CMS Initial Mark) [1 CMS-initial-mark: 4744730K(5472256K)] 4757920K(6209536K), 0.0010038 secs] [Times: user=0.01 sys=0.00, real=0.00 secs] 
2020-08-01T20:17:50.820+0800: 12475454.797: [CMS-concurrent-mark-start]
2020-08-01T20:17:51.323+0800: 12475455.301: [GC (Allocation Failure) 2020-08-01T20:17:51.323+0800: 12475455.301: [ParNew: 655447K->89K(737280K), 0.0160424 secs] 5400178K->4744821K(6209536K), 0.0161924 secs] [Times: user=0.07 sys=0.00, real=0.02 secs] 
2020-08-01T20:17:51.827+0800: 12475455.804: [GC (Allocation Failure) 2020-08-01T20:17:51.827+0800: 12475455.804: [ParNew: 655449K->85K(737280K), 0.0074919 secs] 5400181K->4744818K(6209536K), 0.0076173 secs] [Times: user=0.06 sys=0.00, real=0.00 secs] 
2020-08-01T20:17:52.314+0800: 12475456.292: [GC (Allocation Failure) 2020-08-01T20:17:52.314+0800: 12475456.292: [ParNew: 655445K->87K(737280K), 0.0071075 secs] 5400178K->4744820K(6209536K), 0.0072286 secs] [Times: user=0.05 sys=0.00, real=0.01 secs] 
2020-08-01T20:17:52.958+0800: 12475456.935: [GC (Allocation Failure) 2020-08-01T20:17:52.958+0800: 12475456.936: [ParNew: 655447K->87K(737280K), 0.0069262 secs] 5400180K->4744821K(6209536K), 0.0070530 secs] [Times: user=0.05 sys=0.00, real=0.01 secs] 
2020-08-01T20:17:53.619+0800: 12475457.597: [GC (Allocation Failure) 2020-08-01T20:17:53.619+0800: 12475457.597: [ParNew: 655447K->101K(737280K), 0.0102427 secs] 5400181K->4744834K(6209536K), 0.0103767 secs] [Times: user=0.07 sys=0.00, real=0.01 secs] 
2020-08-01T20:17:54.198+0800: 12475458.176: [GC (Allocation Failure) 2020-08-01T20:17:54.198+0800: 12475458.176: [ParNew: 655461K->29K(737280K), 0.0098725 secs] 5400194K->4744841K(6209536K), 0.0100236 secs] [Times: user=0.06 sys=0.00, real=0.02 secs] 
2020-08-01T20:17:54.711+0800: 12475458.689: [GC (Allocation Failure) 2020-08-01T20:17:54.712+0800: 12475458.689: [ParNew: 655389K->22K(737280K), 0.0072373 secs] 5400201K->4744835K(6209536K), 0.0073781 secs] [Times: user=0.05 sys=0.00, real=0.01 secs] 
2020-08-01T20:17:55.262+0800: 12475459.240: [GC (Allocation Failure) 2020-08-01T20:17:55.262+0800: 12475459.240: [ParNew: 655382K->27K(737280K), 0.0068456 secs] 5400195K->4744839K(6209536K), 0.0069791 secs] [Times: user=0.06 sys=0.00, real=0.01 secs] 
2020-08-01T20:17:55.771+0800: 12475459.749: [GC (Allocation Failure) 2020-08-01T20:17:55.771+0800: 12475459.749: [ParNew: 655387K->26K(737280K), 0.0097990 secs] 5400199K->4744839K(6209536K), 0.0099283 secs] [Times: user=0.06 sys=0.00, real=0.01 secs] 
2020-08-01T20:17:56.125+0800: 12475460.103: [CMS-concurrent-mark: 5.208/5.305 secs] [Times: user=16.15 sys=0.00, real=5.30 secs] 
2020-08-01T20:17:56.125+0800: 12475460.103: [CMS-concurrent-preclean-start]
2020-08-01T20:17:56.133+0800: 12475460.111: [CMS-concurrent-preclean: 0.008/0.008 secs] [Times: user=0.00 sys=0.00, real=0.01 secs] 
2020-08-01T20:17:56.133+0800: 12475460.111: [CMS-concurrent-abortable-preclean-start]
 CMS: abort preclean due to time 2020-08-01T20:18:01.236+0800: 12475465.214: [CMS-concurrent-abortable-preclean: 0.393/5.103 secs] [Times: user=0.88 sys=0.00, real=5.10 secs] 
2020-08-01T20:18:01.238+0800: 12475465.216: [GC (CMS Final Remark) [YG occupancy: 383718 K (737280 K)]2020-08-01T20:18:01.238+0800: 12475465.216: [Rescan (parallel) , 0.0273431 secs]2020-08-01T20:18:01.265+0800: 12475465.243: [weak refs processing, 0.0000603 secs]2020-08-01T20:18:01.265+0800: 12475465.243: [class unloading, 0.0175872 secs]2020-08-01T20:18:01.283+0800: 12475465.261: [scrub symbol table, 0.0061989 secs]2020-08-01T20:18:01.289+0800: 12475465.267: [scrub string table, 0.0008722 secs][1 CMS-remark: 4744812K(5472256K)] 5128531K(6209536K), 0.0522520 secs] [Times: user=0.21 sys=0.00, real=0.06 secs] 
2020-08-01T20:18:01.290+0800: 12475465.268: [CMS-concurrent-sweep-start]
2020-08-01T20:18:05.889+0800: 12475469.866: [CMS-concurrent-sweep: 4.598/4.598 secs] [Times: user=2.37 sys=0.00, real=4.60 secs] 
2020-08-01T20:18:05.889+0800: 12475469.866: [CMS-concurrent-reset-start]
2020-08-01T20:18:05.908+0800: 12475469.885: [CMS-concurrent-reset: 0.019/0.019 secs] [Times: user=0.02 sys=0.00, real=0.02 secs] 
2020-08-01T20:18:07.908+0800: 12475471.886: [GC (CMS Initial Mark) [1 CMS-initial-mark: 4744663K(5472256K)] 5210189K(6209536K), 0.0227767 secs] [Times: user=0.17 sys=0.00, real=0.02 secs] 
2020-08-01T20:18:07.931+0800: 12475471.909: [CMS-concurrent-mark-start]
2020-08-01T20:18:08.895+0800: 12475472.872: [CMS-concurrent-mark: 0.963/0.963 secs] [Times: user=1.99 sys=0.00, real=0.96 secs] 
2020-08-01T20:18:08.895+0800: 12475472.872: [CMS-concurrent-preclean-start]
2020-08-01T20:18:08.902+0800: 12475472.880: [CMS-concurrent-preclean: 0.008/0.008 secs] [Times: user=0.01 sys=0.00, real=0.01 secs] 
2020-08-01T20:18:08.902+0800: 12475472.880: [CMS-concurrent-abortable-preclean-start]
 CMS: abort preclean due to time 2020-08-01T20:18:13.932+0800: 12475477.910: [CMS-concurrent-abortable-preclean: 0.362/5.029 secs] [Times: user=0.73 sys=0.00, real=5.03 secs] 
2020-08-01T20:18:13.933+0800: 12475477.911: [GC (CMS Final Remark) [YG occupancy: 519500 K (737280 K)]2020-08-01T20:18:13.933+0800: 12475477.911: [Rescan (parallel) , 0.0392056 secs]2020-08-01T20:18:13.973+0800: 12475477.951: [weak refs processing, 0.0000514 secs]2020-08-01T20:18:13.973+0800: 12475477.951: [class unloading, 0.0172392 secs]2020-08-01T20:18:13.990+0800: 12475477.968: [scrub symbol table, 0.0064887 secs]2020-08-01T20:18:13.997+0800: 12475477.974: [scrub string table, 0.0008874 secs][1 CMS-remark: 4744663K(5472256K)] 5264163K(6209536K), 0.0640540 secs] [Times: user=0.26 sys=0.00, real=0.06 secs] 
2020-08-01T20:18:13.998+0800: 12475477.975: [CMS-concurrent-sweep-start]
2020-08-01T20:18:22.558+0800: 12475486.536: [CMS-concurrent-sweep: 8.557/8.560 secs] [Times: user=8.83 sys=0.00, real=8.56 secs] 
2020-08-01T20:18:22.558+0800: 12475486.536: [CMS-concurrent-reset-start]
2020-08-01T20:18:22.576+0800: 12475486.554: [CMS-concurrent-reset: 0.019/0.019 secs] [Times: user=0.02 sys=0.00, real=0.02 secs] 
2020-08-01T20:18:28.899+0800: 12475492.877: [GC (Allocation Failure) 2020-08-01T20:18:28.899+0800: 12475492.877: [ParNew: 655386K->4292K(737280K), 0.0095490 secs] 1401715K->750621K(6209536K), 0.0097096 secs] [Times: user=0.06 sys=0.00, real=0.01 secs] 
2020-08-01T20:19:49.116+0800: 12475573.094: [GC (Allocation Failure) 2020-08-01T20:19:49.116+0800: 12475573.094: [ParNew: 659652K->16938K(737280K), 0.0256481 secs] 1405981K->763267K(6209536K), 0.0258386 secs] [Times: user=0.13 sys=0.00, real=0.03 secs] 
2020-08-01T20:23:09.066+0800: 12475773.044: [GC (Allocation Failure) 2020-08-01T20:23:09.070+0800: 12475773.048: [ParNew: 672298K->8483K(737280K), 0.0160991 secs] 1418627K->754812K(6209536K), 0.0204865 secs] [Times: user=0.08 sys=0.00, real=0.02 secs] 
2020-08-01T20:27:55.741+0800: 12476059.719: [GC (Allocation Failure) 2020-08-01T20:27:55.747+0800: 12476059.725: [ParNew: 663843K->10743K(737280K), 0.0284018 secs] 1410172K->757071K(6209536K), 0.0345395 secs] [Times: user=0.10 sys=0.00, real=0.03 secs] 
2020-08-01T20:33:10.521+0800: 12476374.499: [GC (Allocation Failure) 2020-08-01T20:33:10.527+0800: 12476374.505: [ParNew: 666103K->12573K(737280K), 0.0158392 secs] 1412431K->758903K(6209536K), 0.0214084 secs] [Times: user=0.07 sys=0.01, real=0.02 secs] 
2020-08-01T20:36:47.478+0800: 12476591.456: [GC (Allocation Failure) 2020-08-01T20:36:47.478+0800: 12476591.456: [ParNew: 667926K->12472K(737280K), 0.0136893 secs] 1414257K->758802K(6209536K), 0.0138893 secs] [Times: user=0.06 sys=0.00, real=0.02 secs] 
2020-08-01T20:38:48.363+0800: 12476712.341: [GC (Allocation Failure) 2020-08-01T20:38:48.363+0800: 12476712.341: [ParNew: 667832K->10619K(737280K), 0.0182355 secs] 1414162K->757671K(6209536K), 0.0184321 secs] [Times: user=0.07 sys=0.00, real=0.02 secs] 
2020-08-01T20:40:29.168+0800: 12476813.146: [GC (Allocation Failure) 2020-08-01T20:40:29.168+0800: 12476813.146: [ParNew: 665979K->11101K(737280K), 0.0170002 secs] 1413031K->758199K(6209536K), 0.0171599 secs] [Times: user=0.07 sys=0.00, real=0.01 secs] 
2020-08-01T20:42:18.868+0800: 12476922.846: [GC (Allocation Failure) 2020-08-01T20:42:18.868+0800: 12476922.846: [ParNew: 666461K->11808K(737280K), 0.0164624 secs] 1413559K->759226K(6209536K), 0.0166522 secs] [Times: user=0.07 sys=0.00, real=0.01 secs] 
2020-08-01T20:44:10.138+0800: 12477034.116: [GC (Allocation Failure) 2020-08-01T20:44:10.138+0800: 12477034.116: [ParNew: 667168K->12002K(737280K), 0.0215965 secs] 1414586K->759618K(6209536K), 0.0217850 secs] [Times: user=0.10 sys=0.00, real=0.03 secs] 
2020-08-01T20:45:37.086+0800: 12477121.064: [GC (Allocation Failure) 2020-08-01T20:45:37.086+0800: 12477121.064: [ParNew: 667362K->12200K(737280K), 0.0217271 secs] 1414978K->760386K(6209536K), 0.0219255 secs] [Times: user=0.07 sys=0.00, real=0.03 secs] 
2020-08-01T20:46:31.913+0800: 12477175.891: [GC (Allocation Failure) 2020-08-01T20:46:31.913+0800: 12477175.891: [ParNew: 667560K->10723K(737280K), 0.0177852 secs] 1415746K->759284K(6209536K), 0.0179543 secs] [Times: user=0.07 sys=0.00, real=0.02 secs] 
2020-08-01T20:47:57.800+0800: 12477261.778: [GC (Allocation Failure) 2020-08-01T20:47:57.800+0800: 12477261.778: [ParNew: 666083K->12760K(737280K), 0.0290937 secs] 1414644K->761323K(6209536K), 0.0292853 secs] [Times: user=0.08 sys=0.01, real=0.03 secs] 
2020-08-01T20:49:17.804+0800: 12477341.782: [GC (Allocation Failure) 2020-08-01T20:49:17.804+0800: 12477341.782: [ParNew: 668120K->10332K(737280K), 0.0174513 secs] 1416683K->759158K(6209536K), 0.0176133 secs] [Times: user=0.06 sys=0.00, real=0.02 secs] 
2020-08-01T20:50:37.485+0800: 12477421.463: [GC (Allocation Failure) 2020-08-01T20:50:37.486+0800: 12477421.463: [ParNew: 665692K->10732K(737280K), 0.0207130 secs] 1414518K->760194K(6209536K), 0.0208860 secs] [Times: user=0.07 sys=0.00, real=0.02 secs] 
2020-08-01T20:52:10.632+0800: 12477514.610: [GC (Allocation Failure) 2020-08-01T20:52:10.632+0800: 12477514.610: [ParNew: 666092K->10552K(737280K), 0.0188881 secs] 1415554K->760147K(6209536K), 0.0190764 secs] [Times: user=0.06 sys=0.00, real=0.02 secs] 
2020-08-01T20:54:00.583+0800: 12477624.561: [GC (Allocation Failure) 2020-08-01T20:54:00.583+0800: 12477624.561: [ParNew: 665912K->10314K(737280K), 0.0158197 secs] 1415507K->760440K(6209536K), 0.0159920 secs] [Times: user=0.07 sys=0.00, real=0.02 secs] 
2020-08-01T20:57:09.763+0800: 12477813.741: [GC (Allocation Failure) 2020-08-01T20:57:09.764+0800: 12477813.742: [ParNew: 665674K->10051K(737280K), 0.0135175 secs] 1415800K->760331K(6209536K), 0.0147625 secs] [Times: user=0.06 sys=0.00, real=0.01 secs] 
2020-08-01T21:01:12.352+0800: 12478056.330: [GC (Allocation Failure) 2020-08-01T21:01:12.353+0800: 12478056.331: [ParNew: 665411K->13641K(737280K), 0.0149887 secs] 1415691K->764060K(6209536K), 0.0161983 secs] [Times: user=0.06 sys=0.00, real=0.02 secs] 
2020-08-01T21:04:47.545+0800: 12478271.523: [GC (Allocation Failure) 2020-08-01T21:04:47.546+0800: 12478271.523: [ParNew: 669001K->13792K(737280K), 0.0244186 secs] 1419420K->764289K(6209536K), 0.0246306 secs] [Times: user=0.09 sys=0.00, real=0.03 secs] 
2020-08-01T21:06:29.844+0800: 12478373.822: [GC (Allocation Failure) 2020-08-01T21:06:29.844+0800: 12478373.822: [ParNew: 669077K->15655K(737280K), 0.0186815 secs] 1419574K->766231K(6209536K), 0.0188768 secs] [Times: user=0.08 sys=0.00, real=0.02 secs] 
2020-08-01T21:08:13.372+0800: 12478477.349: [GC (Allocation Failure) 2020-08-01T21:08:13.372+0800: 12478477.350: [ParNew: 671015K->25334K(737280K), 0.0216893 secs] 1421591K->776085K(6209536K), 0.0218802 secs] [Times: user=0.08 sys=0.00, real=0.02 secs] 
2020-08-01T21:10:55.422+0800: 12478639.400: [GC (Allocation Failure) 2020-08-01T21:10:55.428+0800: 12478639.406: [ParNew: 680694K->16095K(737280K), 0.0145262 secs] 1431445K->766979K(6209536K), 0.0205456 secs] [Times: user=0.07 sys=0.00, real=0.02 secs] 
2020-08-01T21:13:18.902+0800: 12478782.880: [GC (Allocation Failure) 2020-08-01T21:13:18.902+0800: 12478782.880: [ParNew: 671455K->13822K(737280K), 0.0149340 secs] 1422339K->764711K(6209536K), 0.0151077 secs] [Times: user=0.07 sys=0.00, real=0.01 secs] 
2020-08-01T21:16:37.878+0800: 12478981.855: [GC (Allocation Failure) 2020-08-01T21:16:37.878+0800: 12478981.855: [ParNew: 669182K->13884K(737280K), 0.0171599 secs] 1420071K->764964K(6209536K), 0.0173321 secs] [Times: user=0.07 sys=0.00, real=0.02 secs] 
2020-08-01T21:19:38.471+0800: 12479162.449: [GC (Allocation Failure) 2020-08-01T21:19:38.471+0800: 12479162.449: [ParNew: 669244K->14853K(737280K), 0.0223209 secs] 1420324K->766097K(6209536K), 0.0225123 secs] [Times: user=0.07 sys=0.01, real=0.02 secs] 
2020-08-01T21:22:40.304+0800: 12479344.282: [GC (Allocation Failure) 2020-08-01T21:22:40.311+0800: 12479344.289: [ParNew: 670173K->11432K(737280K), 0.0152670 secs] 1421417K->762986K(6209536K), 0.0228721 secs] [Times: user=0.07 sys=0.00, real=0.03 secs] 
2020-08-01T21:26:31.587+0800: 12479575.565: [GC (Allocation Failure) 2020-08-01T21:26:31.588+0800: 12479575.566: [ParNew: 666730K->10676K(737280K), 0.0376695 secs] 1418284K->762289K(6209536K), 0.0387224 secs] [Times: user=0.14 sys=0.00, real=0.03 secs] 
2020-08-01T21:30:09.795+0800: 12479793.772: [GC (Allocation Failure) 2020-08-01T21:30:09.799+0800: 12479793.776: [ParNew: 666036K->12228K(737280K), 0.0157327 secs] 1417649K->764227K(6209536K), 0.0199146 secs] [Times: user=0.07 sys=0.00, real=0.02 secs] 
2020-08-01T21:32:59.054+0800: 12479963.031: [GC (Allocation Failure) 2020-08-01T21:32:59.054+0800: 12479963.032: [ParNew: 667588K->10830K(737280K), 0.0175811 secs] 1419587K->763162K(6209536K), 0.0177761 secs] [Times: user=0.07 sys=0.00, real=0.02 secs] 
2020-08-01T21:35:54.552+0800: 12480138.530: [GC (Allocation Failure) 2020-08-01T21:35:54.552+0800: 12480138.530: [ParNew: 666190K->11279K(737280K), 0.0166963 secs] 1418522K->763711K(6209536K), 0.0168466 secs] [Times: user=0.07 sys=0.00, real=0.02 secs] 
2020-08-01T21:38:18.554+0800: 12480282.532: [GC (Allocation Failure) 2020-08-01T21:38:18.554+0800: 12480282.532: [ParNew: 666639K->11712K(737280K), 0.0188799 secs] 1419071K->764521K(6209536K), 0.0190576 secs] [Times: user=0.06 sys=0.01, real=0.02 secs] 
2020-08-01T21:40:32.156+0800: 12480416.134: [GC (Allocation Failure) 2020-08-01T21:40:32.156+0800: 12480416.134: [ParNew: 667072K->13523K(737280K), 0.0233523 secs] 1419881K->766473K(6209536K), 0.0235121 secs] [Times: user=0.08 sys=0.00, real=0.03 secs] 
2020-08-01T21:43:09.759+0800: 12480573.737: [GC (Allocation Failure) 2020-08-01T21:43:09.759+0800: 12480573.737: [ParNew: 668883K->11227K(737280K), 0.0181945 secs] 1421833K->764978K(6209536K), 0.0183595 secs] [Times: user=0.08 sys=0.01, real=0.01 secs] 
2020-08-01T21:44:57.523+0800: 12480681.501: [GC (Allocation Failure) 2020-08-01T21:44:57.523+0800: 12480681.501: [ParNew: 666587K->11918K(737280K), 0.0161940 secs] 1420338K->765737K(6209536K), 0.0163642 secs] [Times: user=0.07 sys=0.00, real=0.02 secs] 
2020-08-01T21:46:34.517+0800: 12480778.495: [GC (Allocation Failure) 2020-08-01T21:46:34.517+0800: 12480778.495: [ParNew: 667278K->12239K(737280K), 0.0154169 secs] 1421097K->766195K(6209536K), 0.0155824 secs] [Times: user=0.07 sys=0.00, real=0.02 secs] 
2020-08-01T21:48:32.487+0800: 12480896.465: [GC (Allocation Failure) 2020-08-01T21:48:32.487+0800: 12480896.465: [ParNew: 667599K->13561K(737280K), 0.0179413 secs] 1421555K->767781K(6209536K), 0.0181206 secs] [Times: user=0.07 sys=0.01, real=0.01 secs] 
2020-08-01T21:51:10.622+0800: 12481054.600: [GC (Allocation Failure) 2020-08-01T21:51:10.623+0800: 12481054.600: [ParNew: 668921K->13351K(737280K), 0.0163879 secs] 1423141K->767733K(6209536K), 0.0165989 secs] [Times: user=0.07 sys=0.00, real=0.02 secs] 
2020-08-01T21:53:46.904+0800: 12481210.882: [GC (Allocation Failure) 2020-08-01T21:53:46.904+0800: 12481210.882: [ParNew: 668711K->12515K(737280K), 0.0128307 secs] 1423093K->767008K(6209536K), 0.0130051 secs] [Times: user=0.07 sys=0.00, real=0.01 secs] 
2020-08-01T21:57:53.576+0800: 12481457.554: [GC (Allocation Failure) 2020-08-01T21:57:53.577+0800: 12481457.554: [ParNew: 667875K->13018K(737280K), 0.0149853 secs] 1422368K->767714K(6209536K), 0.0151525 secs] [Times: user=0.07 sys=0.00, real=0.02 secs] 
2020-08-01T22:02:47.328+0800: 12481751.306: [GC (Allocation Failure) 2020-08-01T22:02:47.328+0800: 12481751.306: [ParNew: 668378K->16602K(737280K), 0.0214408 secs] 1423074K->771373K(6209536K), 0.0216263 secs] [Times: user=0.08 sys=0.00, real=0.02 secs] 
2020-08-01T22:05:16.825+0800: 12481900.803: [GC (Allocation Failure) 2020-08-01T22:05:16.825+0800: 12481900.803: [ParNew: 671962K->20558K(737280K), 0.0319292 secs] 1426733K->775357K(6209536K), 0.0321676 secs] [Times: user=0.07 sys=0.02, real=0.03 secs] 
2020-08-01T22:07:20.658+0800: 12482024.636: [GC (Allocation Failure) 2020-08-01T22:07:20.664+0800: 12482024.642: [ParNew: 675841K->27745K(737280K), 0.0260320 secs] 1430640K->782681K(6209536K), 0.0323479 secs] [Times: user=0.10 sys=0.00, real=0.04 secs] 
2020-08-01T22:10:23.650+0800: 12482207.628: [GC (Allocation Failure) 2020-08-01T22:10:23.650+0800: 12482207.628: [ParNew: 683014K->21082K(737280K), 0.0192341 secs] 1437950K->776202K(6209536K), 0.0194199 secs] [Times: user=0.07 sys=0.00, real=0.02 secs] 
2020-08-01T22:14:56.821+0800: 12482480.799: [GC (Allocation Failure) 2020-08-01T22:14:56.827+0800: 12482480.805: [ParNew: 676442K->19287K(737280K), 0.0354224 secs] 1431562K->774420K(6209536K), 0.0416384 secs] [Times: user=0.14 sys=0.01, real=0.04 secs] 
2020-08-01T22:17:23.157+0800: 12482627.135: [GC (Allocation Failure) 2020-08-01T22:17:23.157+0800: 12482627.135: [ParNew: 674647K->17325K(737280K), 0.0141555 secs] 1429780K->772528K(6209536K), 0.0143242 secs] [Times: user=0.06 sys=0.00, real=0.02 secs] 
2020-08-01T22:17:41.419+0800: 12482645.397: [GC (Allocation Failure) 2020-08-01T22:17:41.419+0800: 12482645.397: [ParNew: 672315K->81920K(737280K), 0.0295910 secs] 1427518K->953115K(6209536K), 0.0297695 secs] [Times: user=0.12 sys=0.00, real=0.03 secs] 
2020-08-01T22:21:20.579+0800: 12482864.557: [GC (Allocation Failure) 2020-08-01T22:21:20.580+0800: 12482864.557: [ParNew: 737280K->12795K(737280K), 0.0146971 secs] 1608475K->892164K(6209536K), 0.0148782 secs] [Times: user=0.07 sys=0.01, real=0.01 secs] 
2020-08-01T22:25:14.357+0800: 12483098.335: [GC (Allocation Failure) 2020-08-01T22:25:14.357+0800: 12483098.335: [ParNew: 668155K->9360K(737280K), 0.0373385 secs] 1547524K->888729K(6209536K), 0.0375523 secs] [Times: user=0.13 sys=0.01, real=0.04 secs] 
2020-08-01T22:27:28.414+0800: 12483232.391: [GC (Allocation Failure) 2020-08-01T22:27:28.414+0800: 12483232.392: [ParNew: 664720K->8973K(737280K), 0.0222258 secs] 1544089K->888342K(6209536K), 0.0235133 secs] [Times: user=0.09 sys=0.00, real=0.02 secs] 
2020-08-01T22:29:51.903+0800: 12483375.880: [GC (Allocation Failure) 2020-08-01T22:29:51.904+0800: 12483375.882: [ParNew: 664332K->9424K(737280K), 0.0171295 secs] 1543701K->888793K(6209536K), 0.0182978 secs] [Times: user=0.08 sys=0.00, real=0.02 secs] 
2020-08-01T22:32:04.296+0800: 12483508.274: [GC (Allocation Failure) 2020-08-01T22:32:04.300+0800: 12483508.278: [ParNew: 664784K->10495K(737280K), 0.0175986 secs] 1544153K->889864K(6209536K), 0.0222431 secs] [Times: user=0.08 sys=0.00, real=0.02 secs] 
2020-08-01T22:34:17.521+0800: 12483641.499: [GC (Allocation Failure) 2020-08-01T22:34:17.521+0800: 12483641.499: [ParNew: 665855K->10825K(737280K), 0.0205744 secs] 1545224K->890194K(6209536K), 0.0207603 secs] [Times: user=0.06 sys=0.01, real=0.02 secs] 
2020-08-01T22:36:37.631+0800: 12483781.609: [GC (Allocation Failure) 2020-08-01T22:36:37.632+0800: 12483781.609: [ParNew: 666185K->12695K(737280K), 0.0195365 secs] 1545554K->892209K(6209536K), 0.0197079 secs] [Times: user=0.08 sys=0.00, real=0.02 secs] 
2020-08-01T22:38:52.981+0800: 12483916.959: [GC (Allocation Failure) 2020-08-01T22:38:52.986+0800: 12483916.964: [ParNew: 668055K->11531K(737280K), 0.0181637 secs] 1547569K->891197K(6209536K), 0.0234844 secs] [Times: user=0.06 sys=0.00, real=0.02 secs] 
2020-08-01T22:41:04.325+0800: 12484048.303: [GC (Allocation Failure) 2020-08-01T22:41:04.325+0800: 12484048.303: [ParNew: 666891K->11337K(737280K), 0.0170179 secs] 1546557K->892149K(6209536K), 0.0171922 secs] [Times: user=0.07 sys=0.00, real=0.02 secs] 
2020-08-01T22:42:51.771+0800: 12484155.749: [GC (Allocation Failure) 2020-08-01T22:42:51.771+0800: 12484155.749: [ParNew: 666697K->10488K(737280K), 0.0162735 secs] 1547509K->891571K(6209536K), 0.0164476 secs] [Times: user=0.08 sys=0.00, real=0.02 secs] 
2020-08-01T22:46:33.059+0800: 12484377.037: [GC (Allocation Failure) 2020-08-01T22:46:33.059+0800: 12484377.037: [ParNew: 665848K->12188K(737280K), 0.0142270 secs] 1546931K->893280K(6209536K), 0.0144358 secs] [Times: user=0.05 sys=0.01, real=0.01 secs] 
2020-08-01T22:50:49.540+0800: 12484633.518: [GC (Allocation Failure) 2020-08-01T22:50:49.547+0800: 12484633.525: [ParNew: 667548K->11433K(737280K), 0.0151095 secs] 1548640K->892614K(6209536K), 0.0219707 secs] [Times: user=0.06 sys=0.00, real=0.02 secs] 
2020-08-01T22:58:22.970+0800: 12485086.947: [GC (Allocation Failure) 2020-08-01T22:58:22.975+0800: 12485086.953: [ParNew: 666793K->12422K(737280K), 0.0148107 secs] 1547974K->893800K(6209536K), 0.0202411 secs] [Times: user=0.04 sys=0.02, real=0.02 secs] 
2020-08-01T23:03:00.016+0800: 12485363.994: [GC (Allocation Failure) 2020-08-01T23:03:00.022+0800: 12485364.000: [ParNew: 667782K->14055K(737280K), 0.0170285 secs] 1549160K->895435K(6209536K), 0.0231521 secs] [Times: user=0.07 sys=0.00, real=0.03 secs] 
2020-08-01T23:05:09.029+0800: 12485493.006: [GC (Allocation Failure) 2020-08-01T23:05:09.029+0800: 12485493.007: [ParNew: 669316K->11964K(737280K), 0.0190577 secs] 1550696K->893464K(6209536K), 0.0192869 secs] [Times: user=0.08 sys=0.00, real=0.02 secs] 
2020-08-01T23:06:52.554+0800: 12485596.532: [GC (Allocation Failure) 2020-08-01T23:06:52.554+0800: 12485596.532: [ParNew: 667324K->23042K(737280K), 0.0258599 secs] 1548824K->904543K(6209536K), 0.0260640 secs] [Times: user=0.07 sys=0.00, real=0.03 secs] 
2020-08-01T23:08:28.911+0800: 12485692.889: [GC (Allocation Failure) 2020-08-01T23:08:28.912+0800: 12485692.889: [ParNew: 678402K->18762K(737280K), 0.0204616 secs] 1559903K->900397K(6209536K), 0.0206468 secs] [Times: user=0.06 sys=0.00, real=0.02 secs] 
2020-08-01T23:12:20.931+0800: 12485924.909: [GC (Allocation Failure) 2020-08-01T23:12:20.931+0800: 12485924.909: [ParNew: 674116K->15549K(737280K), 0.0269789 secs] 1555752K->897583K(6209536K), 0.0271848 secs] [Times: user=0.08 sys=0.01, real=0.03 secs] 
2020-08-01T23:16:10.639+0800: 12486154.617: [GC (Allocation Failure) 2020-08-01T23:16:10.639+0800: 12486154.617: [ParNew: 670909K->11035K(737280K), 0.0188078 secs] 1552943K->893218K(6209536K), 0.0189658 secs] [Times: user=0.10 sys=0.00, real=0.02 secs] 
2020-08-01T23:18:26.913+0800: 12486290.891: [GC (Allocation Failure) 2020-08-01T23:18:26.913+0800: 12486290.891: [ParNew: 666395K->10975K(737280K), 0.0167820 secs] 1548578K->893289K(6209536K), 0.0169582 secs] [Times: user=0.08 sys=0.00, real=0.02 secs] 
2020-08-01T23:20:20.883+0800: 12486404.861: [GC (Allocation Failure) 2020-08-01T23:20:20.883+0800: 12486404.861: [ParNew: 666335K->10129K(737280K), 0.0164049 secs] 1548649K->892581K(6209536K), 0.0165933 secs] [Times: user=0.07 sys=0.00, real=0.02 secs] 
2020-08-01T23:22:20.838+0800: 12486524.816: [GC (Allocation Failure) 2020-08-01T23:22:20.838+0800: 12486524.816: [ParNew: 665489K->9497K(737280K), 0.0163609 secs] 1547941K->892174K(6209536K), 0.0165236 secs] [Times: user=0.08 sys=0.00, real=0.02 secs] 
2020-08-01T23:24:42.651+0800: 12486666.629: [GC (Allocation Failure) 2020-08-01T23:24:42.651+0800: 12486666.629: [ParNew: 664857K->11360K(737280K), 0.0180241 secs] 1547534K->894136K(6209536K), 0.0182180 secs] [Times: user=0.06 sys=0.00, real=0.02 secs] 
2020-08-01T23:26:00.633+0800: 12486744.611: [GC (Allocation Failure) 2020-08-01T23:26:00.633+0800: 12486744.611: [ParNew: 666720K->10245K(737280K), 0.0161850 secs] 1549496K->893164K(6209536K), 0.0163467 secs] [Times: user=0.08 sys=0.00, real=0.02 secs] 
2020-08-01T23:27:41.321+0800: 12486845.299: [GC (Allocation Failure) 2020-08-01T23:27:41.321+0800: 12486845.299: [ParNew: 665605K->9945K(737280K), 0.0155957 secs] 1548524K->893008K(6209536K), 0.0157734 secs] [Times: user=0.08 sys=0.00, real=0.01 secs] 
2020-08-01T23:29:37.036+0800: 12486961.014: [GC (Allocation Failure) 2020-08-01T23:29:37.036+0800: 12486961.014: [ParNew: 665256K->10336K(737280K), 0.0192669 secs] 1548319K->893604K(6209536K), 0.0194605 secs] [Times: user=0.09 sys=0.00, real=0.02 secs] 
2020-08-01T23:30:39.621+0800: 12487023.599: [GC (Allocation Failure) 2020-08-01T23:30:39.621+0800: 12487023.599: [ParNew: 665696K->9675K(737280K), 0.0162711 secs] 1548964K->893077K(6209536K), 0.0164362 secs] [Times: user=0.07 sys=0.00, real=0.01 secs] 
2020-08-01T23:31:54.191+0800: 12487098.169: [GC (Allocation Failure) 2020-08-01T23:31:54.191+0800: 12487098.169: [ParNew: 665035K->10171K(737280K), 0.0210688 secs] 1548437K->893905K(6209536K), 0.0212390 secs] [Times: user=0.06 sys=0.00, real=0.02 secs] 
2020-08-01T23:33:06.125+0800: 12487170.103: [GC (Allocation Failure) 2020-08-01T23:33:06.125+0800: 12487170.103: [ParNew: 665530K->10078K(737280K), 0.0174831 secs] 1549264K->894526K(6209536K), 0.0176514 secs] [Times: user=0.08 sys=0.00, real=0.02 secs] 
2020-08-01T23:34:22.640+0800: 12487246.618: [GC (Allocation Failure) 2020-08-01T23:34:22.640+0800: 12487246.618: [ParNew: 665438K->9189K(737280K), 0.0169934 secs] 1549886K->893705K(6209536K), 0.0171749 secs] [Times: user=0.07 sys=0.00, real=0.01 secs] 
2020-08-01T23:35:38.932+0800: 12487322.910: [GC (Allocation Failure) 2020-08-01T23:35:38.932+0800: 12487322.910: [ParNew: 664549K->11395K(737280K), 0.0365202 secs] 1549065K->895979K(6209536K), 0.0367187 secs] [Times: user=0.15 sys=0.00, real=0.04 secs] 
2020-08-01T23:37:03.113+0800: 12487407.091: [GC (Allocation Failure) 2020-08-01T23:37:03.113+0800: 12487407.091: [ParNew: 666755K->10476K(737280K), 0.0149901 secs] 1551339K->895203K(6209536K), 0.0151557 secs] [Times: user=0.07 sys=0.00, real=0.02 secs] 
2020-08-01T23:39:07.422+0800: 12487531.400: [GC (Allocation Failure) 2020-08-01T23:39:07.422+0800: 12487531.400: [ParNew: 665836K->9709K(737280K), 0.0133585 secs] 1550563K->894668K(6209536K), 0.0135214 secs] [Times: user=0.06 sys=0.00, real=0.01 secs] 
2020-08-01T23:41:37.243+0800: 12487681.221: [GC (Allocation Failure) 2020-08-01T23:41:37.244+0800: 12487681.221: [ParNew: 665069K->10825K(737280K), 0.0132269 secs] 1550028K->895909K(6209536K), 0.0134138 secs] [Times: user=0.06 sys=0.00, real=0.01 secs] 
2020-08-01T23:43:05.962+0800: 12487769.940: [GC (Allocation Failure) 2020-08-01T23:43:05.962+0800: 12487769.940: [ParNew: 666180K->10963K(737280K), 0.0141850 secs] 1551264K->896217K(6209536K), 0.0143553 secs] [Times: user=0.06 sys=0.01, real=0.01 secs] 
2020-08-01T23:45:20.015+0800: 12487903.993: [GC (Allocation Failure) 2020-08-01T23:45:20.015+0800: 12487903.993: [ParNew: 666323K->9599K(737280K), 0.0132720 secs] 1551577K->895111K(6209536K), 0.0134402 secs] [Times: user=0.07 sys=0.00, real=0.02 secs] 
2020-08-01T23:47:59.566+0800: 12488063.544: [GC (Allocation Failure) 2020-08-01T23:47:59.566+0800: 12488063.544: [ParNew: 664959K->10242K(737280K), 0.0204306 secs] 1550471K->896602K(6209536K), 0.0206062 secs] [Times: user=0.07 sys=0.01, real=0.03 secs] 
2020-08-01T23:49:50.292+0800: 12488174.270: [GC (Allocation Failure) 2020-08-01T23:49:50.292+0800: 12488174.270: [ParNew: 665602K->9404K(737280K), 0.0162761 secs] 1551962K->895964K(6209536K), 0.0164518 secs] [Times: user=0.08 sys=0.00, real=0.02 secs] 
2020-08-01T23:51:20.940+0800: 12488264.918: [GC (Allocation Failure) 2020-08-01T23:51:20.940+0800: 12488264.918: [ParNew: 664764K->9063K(737280K), 0.0152653 secs] 1551324K->895643K(6209536K), 0.0154307 secs] [Times: user=0.08 sys=0.00, real=0.01 secs] 
2020-08-01T23:55:00.452+0800: 12488484.430: [GC (Allocation Failure) 2020-08-01T23:55:00.452+0800: 12488484.430: [ParNew: 664423K->8989K(737280K), 0.0152023 secs] 1551003K->895940K(6209536K), 0.0153901 secs] [Times: user=0.07 sys=0.00, real=0.02 secs] 
2020-08-01T23:57:14.226+0800: 12488618.204: [GC (Allocation Failure) 2020-08-01T23:57:14.226+0800: 12488618.204: [ParNew: 664349K->10372K(737280K), 0.0159811 secs] 1551300K->897525K(6209536K), 0.0161535 secs] [Times: user=0.06 sys=0.01, real=0.02 secs] 
2020-08-01T23:59:22.041+0800: 12488746.018: [GC (Allocation Failure) 2020-08-01T23:59:22.041+0800: 12488746.018: [ParNew: 665732K->10443K(737280K), 0.0186740 secs] 1552885K->897634K(6209536K), 0.0188512 secs] [Times: user=0.08 sys=0.00, real=0.02 secs] 
2020-08-02T00:02:19.392+0800: 12488923.370: [GC (Allocation Failure) 2020-08-02T00:02:19.398+0800: 12488923.376: [ParNew: 665686K->14811K(737280K), 0.0163464 secs] 1552877K->902092K(6209536K), 0.0224194 secs] [Times: user=0.08 sys=0.00, real=0.02 secs] 
2020-08-02T00:05:37.394+0800: 12489121.372: [GC (Allocation Failure) 2020-08-02T00:05:37.394+0800: 12489121.372: [ParNew: 670171K->20383K(737280K), 0.0242694 secs] 1557452K->907964K(6209536K), 0.0245037 secs] [Times: user=0.07 sys=0.00, real=0.03 secs] 
2020-08-02T00:07:16.266+0800: 12489220.244: [GC (Allocation Failure) 2020-08-02T00:07:16.266+0800: 12489220.244: [ParNew: 675743K->23980K(737280K), 0.0216719 secs] 1563324K->911633K(6209536K), 0.0218789 secs] [Times: user=0.08 sys=0.00, real=0.03 secs] 
2020-08-02T00:09:12.326+0800: 12489336.304: [GC (Allocation Failure) 2020-08-02T00:09:12.326+0800: 12489336.304: [ParNew: 679290K->22425K(737280K), 0.0203060 secs] 1566943K->910101K(6209536K), 0.0205239 secs] [Times: user=0.08 sys=0.00, real=0.02 secs] 
2020-08-02T00:11:00.441+0800: 12489444.419: [GC (Allocation Failure) 2020-08-02T00:11:00.442+0800: 12489444.419: [ParNew: 677785K->23118K(737280K), 0.0219100 secs] 1565461K->910944K(6209536K), 0.0221181 secs] [Times: user=0.08 sys=0.00, real=0.02 secs] 
2020-08-02T00:12:14.591+0800: 12489518.569: [GC (Allocation Failure) 2020-08-02T00:12:14.591+0800: 12489518.569: [ParNew: 678478K->23766K(737280K), 0.0268041 secs] 1566304K->912196K(6209536K), 0.0269983 secs] [Times: user=0.12 sys=0.00, real=0.02 secs] 
2020-08-02T00:13:48.640+0800: 12489612.618: [GC (Allocation Failure) 2020-08-02T00:13:48.640+0800: 12489612.618: [ParNew: 679126K->27715K(737280K), 0.0208721 secs] 1567556K->917053K(6209536K), 0.0210422 secs] [Times: user=0.08 sys=0.00, real=0.02 secs] 
2020-08-02T00:15:46.770+0800: 12489730.748: [GC (Allocation Failure) 2020-08-02T00:15:46.770+0800: 12489730.748: [ParNew: 683075K->20889K(737280K), 0.0221839 secs] 1572413K->910509K(6209536K), 0.0223736 secs] [Times: user=0.07 sys=0.00, real=0.02 secs] 
2020-08-02T00:17:10.940+0800: 12489814.918: [GC (Allocation Failure) 2020-08-02T00:17:10.940+0800: 12489814.918: [ParNew: 676249K->34010K(737280K), 0.0246693 secs] 1565869K->923887K(6209536K), 0.0248478 secs] [Times: user=0.08 sys=0.00, real=0.02 secs] 
2020-08-02T00:18:33.736+0800: 12489897.714: [GC (Allocation Failure) 2020-08-02T00:18:33.737+0800: 12489897.715: [ParNew: 689370K->20536K(737280K), 0.0220910 secs] 1579247K->910987K(6209536K), 0.0232325 secs] [Times: user=0.08 sys=0.00, real=0.03 secs] 
2020-08-02T00:19:32.461+0800: 12489956.439: [GC (Allocation Failure) 2020-08-02T00:19:32.461+0800: 12489956.439: [ParNew: 675896K->13560K(737280K), 0.0297636 secs] 1566347K->904161K(6209536K), 0.0299358 secs] [Times: user=0.13 sys=0.00, real=0.03 secs] 
2020-08-02T00:20:37.822+0800: 12490021.800: [GC (Allocation Failure) 2020-08-02T00:20:37.822+0800: 12490021.800: [ParNew: 668920K->17748K(737280K), 0.0243056 secs] 1559521K->908778K(6209536K), 0.0245435 secs] [Times: user=0.08 sys=0.00, real=0.03 secs] 
2020-08-02T00:22:19.916+0800: 12490123.894: [GC (Allocation Failure) 2020-08-02T00:22:19.916+0800: 12490123.894: [ParNew: 673023K->15195K(737280K), 0.0203798 secs] 1564053K->906678K(6209536K), 0.0205726 secs] [Times: user=0.08 sys=0.01, real=0.02 secs] 
2020-08-02T00:23:39.012+0800: 12490202.990: [GC (Allocation Failure) 2020-08-02T00:23:39.012+0800: 12490202.990: [ParNew: 670555K->12337K(737280K), 0.0199245 secs] 1562038K->904524K(6209536K), 0.0200930 secs] [Times: user=0.08 sys=0.00, real=0.02 secs] 
2020-08-02T00:25:22.678+0800: 12490306.656: [GC (Allocation Failure) 2020-08-02T00:25:22.679+0800: 12490306.656: [ParNew: 667697K->15395K(737280K), 0.0202476 secs] 1559884K->907688K(6209536K), 0.0204556 secs] [Times: user=0.07 sys=0.00, real=0.03 secs] 
2020-08-02T00:26:28.666+0800: 12490372.644: [GC (Allocation Failure) 2020-08-02T00:26:28.666+0800: 12490372.644: [ParNew: 670755K->22027K(737280K), 0.0181909 secs] 1563048K->914406K(6209536K), 0.0183919 secs] [Times: user=0.07 sys=0.00, real=0.02 secs] 
2020-08-02T00:27:21.517+0800: 12490425.495: [GC (Allocation Failure) 2020-08-02T00:27:21.517+0800: 12490425.495: [ParNew: 677387K->15053K(737280K), 0.0200861 secs] 1569766K->907632K(6209536K), 0.0202905 secs] [Times: user=0.08 sys=0.00, real=0.02 secs] 
2020-08-02T00:28:16.552+0800: 12490480.530: [GC (Allocation Failure) 2020-08-02T00:28:16.552+0800: 12490480.530: [ParNew: 670304K->11129K(737280K), 0.0126391 secs] 1562882K->903904K(6209536K), 0.0128117 secs] [Times: user=0.06 sys=0.00, real=0.01 secs] 
2020-08-02T00:29:32.830+0800: 12490556.808: [GC (Allocation Failure) 2020-08-02T00:29:32.830+0800: 12490556.808: [ParNew: 666489K->12519K(737280K), 0.0146571 secs] 1559264K->905367K(6209536K), 0.0148225 secs] [Times: user=0.06 sys=0.00, real=0.01 secs] 
2020-08-02T00:31:20.192+0800: 12490664.170: [GC (Allocation Failure) 2020-08-02T00:31:20.192+0800: 12490664.170: [ParNew: 667879K->12005K(737280K), 0.0182950 secs] 1560727K->905374K(6209536K), 0.0184588 secs] [Times: user=0.07 sys=0.01, real=0.02 secs] 
2020-08-02T00:32:25.682+0800: 12490729.660: [GC (Allocation Failure) 2020-08-02T00:32:25.682+0800: 12490729.660: [ParNew: 667365K->12840K(737280K), 0.0187336 secs] 1560734K->906833K(6209536K), 0.0189090 secs] [Times: user=0.10 sys=0.00, real=0.02 secs] 
2020-08-02T00:33:50.588+0800: 12490814.566: [GC (Allocation Failure) 2020-08-02T00:33:50.588+0800: 12490814.566: [ParNew: 668200K->12789K(737280K), 0.0166472 secs] 1562193K->907068K(6209536K), 0.0168083 secs] [Times: user=0.06 sys=0.00, real=0.01 secs] 
2020-08-02T00:35:36.420+0800: 12490920.398: [GC (Allocation Failure) 2020-08-02T00:35:36.420+0800: 12490920.398: [ParNew: 668149K->15390K(737280K), 0.0160647 secs] 1562428K->909786K(6209536K), 0.0162456 secs] [Times: user=0.07 sys=0.00, real=0.01 secs] 
2020-08-02T00:37:00.346+0800: 12491004.324: [GC (Allocation Failure) 2020-08-02T00:37:00.346+0800: 12491004.324: [ParNew: 670750K->19660K(737280K), 0.0152652 secs] 1565146K->914198K(6209536K), 0.0154550 secs] [Times: user=0.05 sys=0.00, real=0.02 secs] 
2020-08-02T00:38:05.523+0800: 12491069.501: [GC (Allocation Failure) 2020-08-02T00:38:05.523+0800: 12491069.501: [ParNew: 675020K->10842K(737280K), 0.0105863 secs] 1569558K->905454K(6209536K), 0.0107563 secs] [Times: user=0.04 sys=0.01, real=0.01 secs] 
2020-08-02T00:39:01.776+0800: 12491125.753: [GC (Allocation Failure) 2020-08-02T00:39:01.776+0800: 12491125.754: [ParNew: 666202K->11591K(737280K), 0.0164413 secs] 1560814K->906537K(6209536K), 0.0174419 secs] [Times: user=0.09 sys=0.00, real=0.02 secs] 
2020-08-02T00:39:52.474+0800: 12491176.451: [GC (Allocation Failure) 2020-08-02T00:39:52.474+0800: 12491176.452: [ParNew: 666950K->10812K(737280K), 0.0169806 secs] 1561896K->906047K(6209536K), 0.0171546 secs] [Times: user=0.06 sys=0.01, real=0.02 secs] 
2020-08-02T00:40:43.103+0800: 12491227.081: [GC (Allocation Failure) 2020-08-02T00:40:43.103+0800: 12491227.081: [ParNew: 666172K->10112K(737280K), 0.0134482 secs] 1561407K->905352K(6209536K), 0.0136267 secs] [Times: user=0.06 sys=0.01, real=0.01 secs] 
2020-08-02T00:42:21.167+0800: 12491325.144: [GC (Allocation Failure) 2020-08-02T00:42:21.167+0800: 12491325.145: [ParNew: 665472K->10863K(737280K), 0.0185175 secs] 1560712K->906446K(6209536K), 0.0187129 secs] [Times: user=0.07 sys=0.00, real=0.01 secs] 
2020-08-02T00:43:29.254+0800: 12491393.232: [GC (Allocation Failure) 2020-08-02T00:43:29.254+0800: 12491393.232: [ParNew: 666223K->8916K(737280K), 0.0113753 secs] 1561806K->904529K(6209536K), 0.0115287 secs] [Times: user=0.05 sys=0.00, real=0.01 secs] 
2020-08-02T00:44:50.649+0800: 12491474.627: [GC (Allocation Failure) 2020-08-02T00:44:50.649+0800: 12491474.627: [ParNew: 664276K->9481K(737280K), 0.0109468 secs] 1559889K->905388K(6209536K), 0.0111268 secs] [Times: user=0.06 sys=0.00, real=0.01 secs] 
2020-08-02T00:46:27.072+0800: 12491571.050: [GC (Allocation Failure) 2020-08-02T00:46:27.073+0800: 12491571.050: [ParNew: 664841K->9029K(737280K), 0.0118815 secs] 1560748K->905269K(6209536K), 0.0120503 secs] [Times: user=0.07 sys=0.00, real=0.01 secs] 
2020-08-02T00:47:52.635+0800: 12491656.613: [GC (Allocation Failure) 2020-08-02T00:47:52.635+0800: 12491656.613: [ParNew: 664389K->9279K(737280K), 0.0110825 secs] 1560629K->905661K(6209536K), 0.0112593 secs] [Times: user=0.06 sys=0.00, real=0.02 secs] 
2020-08-02T00:49:39.916+0800: 12491763.894: [GC (Allocation Failure) 2020-08-02T00:49:39.916+0800: 12491763.894: [ParNew: 664639K->12356K(737280K), 0.0144551 secs] 1561021K->908872K(6209536K), 0.0146199 secs] [Times: user=0.05 sys=0.00, real=0.02 secs] 
2020-08-02T00:51:36.931+0800: 12491880.909: [GC (Allocation Failure) 2020-08-02T00:51:36.931+0800: 12491880.909: [ParNew: 667667K->21186K(737280K), 0.0219124 secs] 1564184K->917937K(6209536K), 0.0220839 secs] [Times: user=0.06 sys=0.01, real=0.02 secs] 
2020-08-02T00:52:53.512+0800: 12491957.489: [GC (Allocation Failure) 2020-08-02T00:52:53.512+0800: 12491957.490: [ParNew: 676546K->9641K(737280K), 0.0104221 secs] 1573297K->906463K(6209536K), 0.0105945 secs] [Times: user=0.06 sys=0.00, real=0.01 secs] 
2020-08-02T00:54:16.352+0800: 12492040.330: [GC (Allocation Failure) 2020-08-02T00:54:16.353+0800: 12492040.330: [ParNew: 665001K->9308K(737280K), 0.0095567 secs] 1561823K->906268K(6209536K), 0.0097375 secs] [Times: user=0.05 sys=0.00, real=0.01 secs] 
2020-08-02T00:55:47.397+0800: 12492131.375: [GC (Allocation Failure) 2020-08-02T00:55:47.398+0800: 12492131.375: [ParNew: 664668K->9009K(737280K), 0.0110593 secs] 1561628K->906288K(6209536K), 0.0112495 secs] [Times: user=0.06 sys=0.00, real=0.02 secs] 
2020-08-02T00:57:09.096+0800: 12492213.074: [GC (Allocation Failure) 2020-08-02T00:57:09.096+0800: 12492213.074: [ParNew: 664369K->10084K(737280K), 0.0136626 secs] 1561648K->907711K(6209536K), 0.0138705 secs] [Times: user=0.06 sys=0.01, real=0.02 secs] 
2020-08-02T00:58:43.236+0800: 12492307.214: [GC (Allocation Failure) 2020-08-02T00:58:43.236+0800: 12492307.214: [ParNew: 665444K->9117K(737280K), 0.0142851 secs] 1563071K->907022K(6209536K), 0.0144391 secs] [Times: user=0.06 sys=0.00, real=0.02 secs] 
2020-08-02T00:59:59.514+0800: 12492383.491: [GC (Allocation Failure) 2020-08-02T00:59:59.514+0800: 12492383.492: [ParNew: 664477K->8385K(737280K), 0.0116889 secs] 1562382K->906607K(6209536K), 0.0118711 secs] [Times: user=0.06 sys=0.00, real=0.01 secs] 
2020-08-02T01:01:55.181+0800: 12492499.159: [GC (Allocation Failure) 2020-08-02T01:01:55.182+0800: 12492499.160: [ParNew: 663745K->27948K(737280K), 0.0232343 secs] 1561967K->926239K(6209536K), 0.0247972 secs] [Times: user=0.08 sys=0.00, real=0.02 secs] 
2020-08-02T01:03:41.579+0800: 12492605.556: [GC (Allocation Failure) 2020-08-02T01:03:41.579+0800: 12492605.557: [ParNew: 683308K->18873K(737280K), 0.0240960 secs] 1581599K->917239K(6209536K), 0.0242755 secs] [Times: user=0.11 sys=0.00, real=0.02 secs] 
2020-08-02T01:04:55.876+0800: 12492679.854: [GC (Allocation Failure) 2020-08-02T01:04:55.876+0800: 12492679.854: [ParNew: 674233K->9993K(737280K), 0.0113662 secs] 1572599K->908888K(6209536K), 0.0115370 secs] [Times: user=0.06 sys=0.00, real=0.02 secs] 
2020-08-02T01:06:01.634+0800: 12492745.611: [GC (Allocation Failure) 2020-08-02T01:06:01.634+0800: 12492745.612: [ParNew: 665353K->10011K(737280K), 0.0141730 secs] 1564248K->909043K(6209536K), 0.0143529 secs] [Times: user=0.08 sys=0.00, real=0.02 secs] 
2020-08-02T01:07:01.715+0800: 12492805.693: [GC (Allocation Failure) 2020-08-02T01:07:01.715+0800: 12492805.693: [ParNew: 665325K->10271K(737280K), 0.0126490 secs] 1564357K->909502K(6209536K), 0.0128370 secs] [Times: user=0.05 sys=0.01, real=0.02 secs] 
2020-08-02T01:08:09.918+0800: 12492873.896: [GC (Allocation Failure) 2020-08-02T01:08:09.918+0800: 12492873.896: [ParNew: 665631K->10715K(737280K), 0.0163832 secs] 1564862K->910165K(6209536K), 0.0166075 secs] [Times: user=0.06 sys=0.00, real=0.02 secs] 
2020-08-02T01:09:23.159+0800: 12492947.137: [GC (Allocation Failure) 2020-08-02T01:09:23.163+0800: 12492947.141: [ParNew: 666075K->12818K(737280K), 0.0145370 secs] 1565525K->912544K(6209536K), 0.0185721 secs] [Times: user=0.08 sys=0.00, real=0.01 secs] 
2020-08-02T01:10:35.236+0800: 12493019.214: [GC (Allocation Failure) 2020-08-02T01:10:35.236+0800: 12493019.214: [ParNew: 668178K->11529K(737280K), 0.0168705 secs] 1567904K->911615K(6209536K), 0.0170441 secs] [Times: user=0.06 sys=0.00, real=0.02 secs] 
2020-08-02T01:12:05.649+0800: 12493109.626: [GC (Allocation Failure) 2020-08-02T01:12:05.649+0800: 12493109.627: [ParNew: 666771K->13649K(737280K), 0.0182344 secs] 1566857K->913936K(6209536K), 0.0184554 secs] [Times: user=0.07 sys=0.00, real=0.02 secs] 
2020-08-02T01:14:29.877+0800: 12493253.855: [GC (Allocation Failure) 2020-08-02T01:14:29.877+0800: 12493253.855: [ParNew: 669009K->20744K(737280K), 0.0226473 secs] 1569296K->921308K(6209536K), 0.0228391 secs] [Times: user=0.08 sys=0.00, real=0.03 secs] 
2020-08-02T01:16:19.916+0800: 12493363.894: [GC (Allocation Failure) 2020-08-02T01:16:19.920+0800: 12493363.898: [ParNew: 676052K->21157K(737280K), 0.0239575 secs] 1576615K->921999K(6209536K), 0.0283332 secs] [Times: user=0.09 sys=0.00, real=0.03 secs] 
2020-08-02T01:17:16.270+0800: 12493420.248: [GC (Allocation Failure) 2020-08-02T01:17:16.270+0800: 12493420.248: [ParNew: 676517K->12382K(737280K), 0.0118463 secs] 1577359K->913755K(6209536K), 0.0120105 secs] [Times: user=0.06 sys=0.01, real=0.01 secs] 
2020-08-02T01:18:28.919+0800: 12493492.897: [GC (Allocation Failure) 2020-08-02T01:18:28.920+0800: 12493492.897: [ParNew: 667742K->13158K(737280K), 0.0195178 secs] 1569115K->914874K(6209536K), 0.0197822 secs] [Times: user=0.08 sys=0.01, real=0.02 secs] 
2020-08-02T01:19:46.153+0800: 12493570.130: [GC (Allocation Failure) 2020-08-02T01:19:46.153+0800: 12493570.130: [ParNew: 668397K->11432K(737280K), 0.0270427 secs] 1570113K->913217K(6209536K), 0.0272386 secs] [Times: user=0.09 sys=0.01, real=0.03 secs] 
2020-08-02T01:21:24.516+0800: 12493668.493: [GC (GCLocker Initiated GC) 2020-08-02T01:21:24.516+0800: 12493668.494: [ParNew: 666792K->11356K(737280K), 0.0243665 secs] 1568577K->913562K(6209536K), 0.0245633 secs] [Times: user=0.09 sys=0.00, real=0.03 secs] 
2020-08-02T01:22:57.007+0800: 12493760.985: [GC (Allocation Failure) 2020-08-02T01:22:57.007+0800: 12493760.985: [ParNew: 666627K->9309K(737280K), 0.0123165 secs] 1568833K->911802K(6209536K), 0.0125401 secs] [Times: user=0.07 sys=0.00, real=0.01 secs] 
2020-08-02T01:24:27.492+0800: 12493851.470: [GC (Allocation Failure) 2020-08-02T01:24:27.492+0800: 12493851.470: [ParNew: 664669K->9427K(737280K), 0.0131334 secs] 1567162K->912361K(6209536K), 0.0133131 secs] [Times: user=0.06 sys=0.01, real=0.01 secs] 
2020-08-02T01:26:40.008+0800: 12493983.986: [GC (Allocation Failure) 2020-08-02T01:26:40.008+0800: 12493983.986: [ParNew: 664787K->8959K(737280K), 0.0169665 secs] 1567721K->912044K(6209536K), 0.0171933 secs] [Times: user=0.07 sys=0.01, real=0.01 secs] 
2020-08-02T01:28:16.710+0800: 12494080.687: [GC (Allocation Failure) 2020-08-02T01:28:16.710+0800: 12494080.687: [ParNew: 664319K->16491K(737280K), 0.0235848 secs] 1567404K->919649K(6209536K), 0.0237656 secs] [Times: user=0.11 sys=0.00, real=0.02 secs] 
2020-08-02T01:29:26.375+0800: 12494150.352: [GC (Allocation Failure) 2020-08-02T01:29:26.375+0800: 12494150.352: [ParNew: 671851K->16097K(737280K), 0.0220607 secs] 1575009K->919618K(6209536K), 0.0222607 secs] [Times: user=0.11 sys=0.00, real=0.02 secs] 
2020-08-02T01:29:40.995+0800: 12494164.973: [GC (Allocation Failure) 2020-08-02T01:29:40.995+0800: 12494164.973: [ParNew: 671457K->53863K(737280K), 0.0487733 secs] 1574978K->957718K(6209536K), 0.0489597 secs] [Times: user=0.34 sys=0.00, real=0.05 secs] 
2020-08-02T01:29:56.838+0800: 12494180.815: [GC (Allocation Failure) 2020-08-02T01:29:56.838+0800: 12494180.816: [ParNew: 709223K->81920K(737280K), 0.0796839 secs] 1613078K->997294K(6209536K), 0.0798620 secs] [Times: user=0.53 sys=0.01, real=0.08 secs] 
2020-08-02T01:30:06.972+0800: 12494190.949: [GC (Allocation Failure) 2020-08-02T01:30:06.972+0800: 12494190.949: [ParNew: 737280K->81920K(737280K), 0.1243657 secs] 1652654K->1041394K(6209536K), 0.1245270 secs] [Times: user=0.66 sys=0.00, real=0.12 secs] 
2020-08-02T01:30:21.929+0800: 12494205.906: [GC (Allocation Failure) 2020-08-02T01:30:21.929+0800: 12494205.906: [ParNew: 737280K->81920K(737280K), 0.1004739 secs] 1696754K->1076206K(6209536K), 0.1006529 secs] [Times: user=0.65 sys=0.00, real=0.10 secs] 
2020-08-02T01:30:38.567+0800: 12494222.545: [GC (Allocation Failure) 2020-08-02T01:30:38.567+0800: 12494222.545: [ParNew: 737280K->81920K(737280K), 0.0971977 secs] 1731566K->1117198K(6209536K), 0.0973872 secs] [Times: user=0.67 sys=0.00, real=0.09 secs] 
2020-08-02T01:30:54.347+0800: 12494238.325: [GC (Allocation Failure) 2020-08-02T01:30:54.347+0800: 12494238.325: [ParNew: 737280K->81920K(737280K), 0.0968590 secs] 1772558K->1155067K(6209536K), 0.0970429 secs] [Times: user=0.68 sys=0.01, real=0.09 secs] 
2020-08-02T01:31:14.691+0800: 12494258.669: [GC (Allocation Failure) 2020-08-02T01:31:14.691+0800: 12494258.669: [ParNew: 737280K->81920K(737280K), 0.0989239 secs] 1810427K->1194200K(6209536K), 0.0991139 secs] [Times: user=0.64 sys=0.00, real=0.10 secs] 
2020-08-02T01:31:28.506+0800: 12494272.484: [GC (Allocation Failure) 2020-08-02T01:31:28.506+0800: 12494272.484: [ParNew: 737280K->81920K(737280K), 0.1054282 secs] 1849560K->1241897K(6209536K), 0.1055951 secs] [Times: user=0.58 sys=0.00, real=0.11 secs] 
2020-08-02T01:31:43.355+0800: 12494287.333: [GC (Allocation Failure) 2020-08-02T01:31:43.355+0800: 12494287.333: [ParNew: 737280K->81920K(737280K), 0.0952020 secs] 1897257K->1272540K(6209536K), 0.0953758 secs] [Times: user=0.67 sys=0.00, real=0.10 secs] 
2020-08-02T01:32:03.344+0800: 12494307.322: [GC (Allocation Failure) 2020-08-02T01:32:03.344+0800: 12494307.322: [ParNew: 737280K->81920K(737280K), 0.1042164 secs] 1927900K->1313114K(6209536K), 0.1044063 secs] [Times: user=0.65 sys=0.00, real=0.11 secs] 
2020-08-02T01:32:24.714+0800: 12494328.692: [GC (Allocation Failure) 2020-08-02T01:32:24.714+0800: 12494328.692: [ParNew: 737280K->81920K(737280K), 0.0935333 secs] 1968474K->1350106K(6209536K), 0.0936963 secs] [Times: user=0.60 sys=0.00, real=0.10 secs] 
2020-08-02T01:32:46.040+0800: 12494350.018: [GC (Allocation Failure) 2020-08-02T01:32:46.041+0800: 12494350.018: [ParNew: 737280K->81920K(737280K), 0.1005264 secs] 2005466K->1385828K(6209536K), 0.1007021 secs] [Times: user=0.63 sys=0.00, real=0.10 secs] 
2020-08-02T01:33:10.107+0800: 12494374.085: [GC (Allocation Failure) 2020-08-02T01:33:10.107+0800: 12494374.085: [ParNew: 737280K->81920K(737280K), 0.0947623 secs] 2041188K->1421322K(6209536K), 0.0949418 secs] [Times: user=0.66 sys=0.00, real=0.09 secs] 
2020-08-02T01:33:31.544+0800: 12494395.522: [GC (Allocation Failure) 2020-08-02T01:33:31.544+0800: 12494395.522: [ParNew: 737280K->81920K(737280K), 0.1181518 secs] 2076682K->1464108K(6209536K), 0.1183164 secs] [Times: user=0.64 sys=0.00, real=0.12 secs] 
2020-08-02T01:33:51.971+0800: 12494415.949: [GC (Allocation Failure) 2020-08-02T01:33:51.971+0800: 12494415.949: [ParNew: 737280K->81920K(737280K), 0.1128940 secs] 2119468K->1497138K(6209536K), 0.1130582 secs] [Times: user=0.77 sys=0.00, real=0.11 secs] 
2020-08-02T01:34:11.143+0800: 12494435.120: [GC (Allocation Failure) 2020-08-02T01:34:11.143+0800: 12494435.120: [ParNew: 737280K->81920K(737280K), 0.1007004 secs] 2152498K->1536302K(6209536K), 0.1008602 secs] [Times: user=0.67 sys=0.00, real=0.10 secs] 
2020-08-02T01:34:30.933+0800: 12494454.911: [GC (Allocation Failure) 2020-08-02T01:34:30.933+0800: 12494454.911: [ParNew: 737280K->81920K(737280K), 0.0962982 secs] 2191662K->1578898K(6209536K), 0.0964612 secs] [Times: user=0.63 sys=0.00, real=0.10 secs] 
2020-08-02T01:34:48.099+0800: 12494472.077: [GC (Allocation Failure) 2020-08-02T01:34:48.100+0800: 12494472.077: [ParNew: 737280K->81920K(737280K), 0.0949990 secs] 2234258K->1611340K(6209536K), 0.0951946 secs] [Times: user=0.69 sys=0.00, real=0.09 secs] 
2020-08-02T01:35:05.679+0800: 12494489.656: [GC (Allocation Failure) 2020-08-02T01:35:05.679+0800: 12494489.657: [ParNew: 737280K->81920K(737280K), 0.1098278 secs] 2266700K->1656706K(6209536K), 0.1100280 secs] [Times: user=0.63 sys=0.00, real=0.11 secs] 
2020-08-02T01:35:20.643+0800: 12494504.621: [GC (Allocation Failure) 2020-08-02T01:35:20.643+0800: 12494504.621: [ParNew: 737280K->81920K(737280K), 0.0943099 secs] 2312066K->1690972K(6209536K), 0.0944902 secs] [Times: user=0.69 sys=0.00, real=0.09 secs] 
2020-08-02T01:35:43.195+0800: 12494527.173: [GC (Allocation Failure) 2020-08-02T01:35:43.195+0800: 12494527.173: [ParNew: 737280K->81920K(737280K), 0.1013949 secs] 2346332K->1728572K(6209536K), 0.1015520 secs] [Times: user=0.72 sys=0.00, real=0.10 secs] 
2020-08-02T01:36:01.891+0800: 12494545.869: [GC (Allocation Failure) 2020-08-02T01:36:01.891+0800: 12494545.869: [ParNew: 737280K->81920K(737280K), 0.1141418 secs] 2383932K->1775023K(6209536K), 0.1143456 secs] [Times: user=0.70 sys=0.00, real=0.11 secs] 
2020-08-02T01:36:23.858+0800: 12494567.836: [GC (Allocation Failure) 2020-08-02T01:36:23.858+0800: 12494567.836: [ParNew: 737280K->75630K(737280K), 0.1290143 secs] 2430383K->1843241K(6209536K), 0.1291920 secs] [Times: user=0.79 sys=0.00, real=0.14 secs] 
2020-08-02T01:36:43.416+0800: 12494587.394: [GC (Allocation Failure) 2020-08-02T01:36:43.416+0800: 12494587.394: [ParNew: 730990K->66219K(737280K), 0.1120098 secs] 2498601K->1877230K(6209536K), 0.1122119 secs] [Times: user=0.66 sys=0.00, real=0.12 secs] 
2020-08-02T01:36:58.291+0800: 12494602.269: [GC (Allocation Failure) 2020-08-02T01:36:58.291+0800: 12494602.269: [ParNew: 721579K->56473K(737280K), 0.0948447 secs] 2532590K->1910606K(6209536K), 0.0950258 secs] [Times: user=0.57 sys=0.00, real=0.09 secs] 
2020-08-02T01:37:15.676+0800: 12494619.654: [GC (Allocation Failure) 2020-08-02T01:37:15.676+0800: 12494619.654: [ParNew: 711833K->56791K(737280K), 0.0815677 secs] 2565966K->1949523K(6209536K), 0.0817292 secs] [Times: user=0.50 sys=0.00, real=0.08 secs] 
2020-08-02T01:37:40.307+0800: 12494644.285: [GC (Allocation Failure) 2020-08-02T01:37:40.307+0800: 12494644.285: [ParNew: 712151K->81920K(737280K), 0.0656814 secs] 2604883K->1978792K(6209536K), 0.0658432 secs] [Times: user=0.40 sys=0.01, real=0.06 secs] 
2020-08-02T01:38:12.372+0800: 12494676.350: [GC (Allocation Failure) 2020-08-02T01:38:12.372+0800: 12494676.350: [ParNew: 737280K->78816K(737280K), 0.0862795 secs] 2634152K->2011604K(6209536K), 0.0864476 secs] [Times: user=0.58 sys=0.00, real=0.09 secs] 
2020-08-02T01:38:59.124+0800: 12494723.102: [GC (Allocation Failure) 2020-08-02T01:38:59.124+0800: 12494723.102: [ParNew: 734176K->81920K(737280K), 0.0685337 secs] 2666964K->2049811K(6209536K), 0.0696640 secs] [Times: user=0.44 sys=0.00, real=0.07 secs] 
2020-08-02T01:39:38.399+0800: 12494762.377: [GC (Allocation Failure) 2020-08-02T01:39:38.400+0800: 12494762.377: [ParNew: 737280K->81920K(737280K), 0.0846115 secs] 2705171K->2077373K(6209536K), 0.0847866 secs] [Times: user=0.50 sys=0.00, real=0.08 secs] 
2020-08-02T01:40:21.475+0800: 12494805.452: [GC (Allocation Failure) 2020-08-02T01:40:21.475+0800: 12494805.453: [ParNew: 737280K->80280K(737280K), 0.0746043 secs] 2732733K->2104066K(6209536K), 0.0747944 secs] [Times: user=0.47 sys=0.01, real=0.08 secs] 
2020-08-02T01:41:08.208+0800: 12494852.186: [GC (Allocation Failure) 2020-08-02T01:41:08.208+0800: 12494852.186: [ParNew: 735640K->75408K(737280K), 0.0708756 secs] 2759426K->2126164K(6209536K), 0.0711367 secs] [Times: user=0.45 sys=0.00, real=0.07 secs] 
2020-08-02T01:42:00.317+0800: 12494904.294: [GC (Allocation Failure) 2020-08-02T01:42:00.317+0800: 12494904.294: [ParNew: 730768K->81920K(737280K), 0.0905175 secs] 2781524K->2159385K(6209536K), 0.0906935 secs] [Times: user=0.55 sys=0.00, real=0.10 secs] 
2020-08-02T01:42:42.853+0800: 12494946.831: [GC (Allocation Failure) 2020-08-02T01:42:42.853+0800: 12494946.831: [ParNew: 737280K->81920K(737280K), 0.0891371 secs] 2814745K->2188842K(6209536K), 0.0893135 secs] [Times: user=0.58 sys=0.00, real=0.09 secs] 
2020-08-02T01:43:31.719+0800: 12494995.697: [GC (Allocation Failure) 2020-08-02T01:43:31.719+0800: 12494995.697: [ParNew: 737280K->81920K(737280K), 0.1063983 secs] 2844202K->2227615K(6209536K), 0.1065808 secs] [Times: user=0.69 sys=0.00, real=0.10 secs] 
2020-08-02T01:44:08.243+0800: 12495032.221: [GC (Allocation Failure) 2020-08-02T01:44:08.244+0800: 12495032.221: [ParNew: 737155K->81920K(737280K), 0.1415941 secs] 2882851K->2280436K(6209536K), 0.1417996 secs] [Times: user=0.68 sys=0.00, real=0.14 secs] 
2020-08-02T01:44:35.046+0800: 12495059.024: [GC (Allocation Failure) 2020-08-02T01:44:35.047+0800: 12495059.024: [ParNew: 737280K->81920K(737280K), 0.0908021 secs] 2935796K->2314024K(6209536K), 0.0909659 secs] [Times: user=0.58 sys=0.00, real=0.08 secs] 
2020-08-02T01:45:12.675+0800: 12495096.653: [GC (Allocation Failure) 2020-08-02T01:45:12.675+0800: 12495096.653: [ParNew: 737280K->79120K(737280K), 0.0855416 secs] 2969384K->2346413K(6209536K), 0.0857126 secs] [Times: user=0.54 sys=0.00, real=0.09 secs] 
2020-08-02T01:45:53.169+0800: 12495137.147: [GC (Allocation Failure) 2020-08-02T01:45:53.169+0800: 12495137.147: [ParNew: 734480K->73572K(737280K), 0.0907719 secs] 3001773K->2371429K(6209536K), 0.0909805 secs] [Times: user=0.45 sys=0.01, real=0.09 secs] 
2020-08-02T01:46:27.833+0800: 12495171.811: [GC (Allocation Failure) 2020-08-02T01:46:27.834+0800: 12495171.811: [ParNew: 728932K->62633K(737280K), 0.0556238 secs] 3026789K->2381143K(6209536K), 0.0557988 secs] [Times: user=0.39 sys=0.00, real=0.06 secs] 
2020-08-02T01:47:03.566+0800: 12495207.544: [GC (Allocation Failure) 2020-08-02T01:47:03.566+0800: 12495207.544: [ParNew: 717993K->57856K(737280K), 0.0603940 secs] 3036503K->2399622K(6209536K), 0.0605740 secs] [Times: user=0.41 sys=0.00, real=0.07 secs] 
2020-08-02T01:47:40.623+0800: 12495244.601: [GC (Allocation Failure) 2020-08-02T01:47:40.623+0800: 12495244.601: [ParNew: 713216K->67334K(737280K), 0.0689835 secs] 3054982K->2427404K(6209536K), 0.0691607 secs] [Times: user=0.40 sys=0.00, real=0.07 secs] 
2020-08-02T01:48:19.099+0800: 12495283.077: [GC (Allocation Failure) 2020-08-02T01:48:19.099+0800: 12495283.077: [ParNew: 722694K->79832K(737280K), 0.0678951 secs] 3082764K->2462715K(6209536K), 0.0680786 secs] [Times: user=0.47 sys=0.00, real=0.07 secs] 
2020-08-02T01:48:50.776+0800: 12495314.754: [GC (Allocation Failure) 2020-08-02T01:48:50.776+0800: 12495314.754: [ParNew: 735192K->71899K(737280K), 0.0801519 secs] 3118075K->2480191K(6209536K), 0.0803592 secs] [Times: user=0.45 sys=0.00, real=0.08 secs] 
2020-08-02T01:49:29.054+0800: 12495353.032: [GC (Allocation Failure) 2020-08-02T01:49:29.054+0800: 12495353.032: [ParNew: 727257K->81920K(737280K), 0.0759592 secs] 3135548K->2517747K(6209536K), 0.0770729 secs] [Times: user=0.46 sys=0.00, real=0.08 secs] 
2020-08-02T01:50:05.237+0800: 12495389.215: [GC (Allocation Failure) 2020-08-02T01:50:05.237+0800: 12495389.215: [ParNew: 737280K->81119K(737280K), 0.0879621 secs] 3173107K->2543461K(6209536K), 0.0881468 secs] [Times: user=0.51 sys=0.00, real=0.09 secs] 
2020-08-02T01:50:42.562+0800: 12495426.540: [GC (Allocation Failure) 2020-08-02T01:50:42.562+0800: 12495426.540: [ParNew: 736380K->75134K(737280K), 0.0710681 secs] 3198723K->2563569K(6209536K), 0.0712399 secs] [Times: user=0.45 sys=0.00, real=0.07 secs] 
2020-08-02T01:51:24.654+0800: 12495468.632: [GC (Allocation Failure) 2020-08-02T01:51:24.654+0800: 12495468.632: [ParNew: 730494K->68076K(737280K), 0.0726438 secs] 3218929K->2582564K(6209536K), 0.0728191 secs] [Times: user=0.47 sys=0.00, real=0.08 secs] 
2020-08-02T01:51:56.406+0800: 12495500.384: [GC (Allocation Failure) 2020-08-02T01:51:56.406+0800: 12495500.384: [ParNew: 723436K->81198K(737280K), 0.0801258 secs] 3237924K->2621367K(6209536K), 0.0803168 secs] [Times: user=0.47 sys=0.00, real=0.08 secs] 
2020-08-02T01:52:31.637+0800: 12495535.615: [GC (Allocation Failure) 2020-08-02T01:52:31.637+0800: 12495535.615: [ParNew: 736558K->76472K(737280K), 0.0740336 secs] 3276727K->2642153K(6209536K), 0.0741990 secs] [Times: user=0.53 sys=0.00, real=0.08 secs] 
2020-08-02T01:52:58.540+0800: 12495562.518: [GC (Allocation Failure) 2020-08-02T01:52:58.540+0800: 12495562.518: [ParNew: 731832K->81920K(737280K), 0.0908952 secs] 3297513K->2678422K(6209536K), 0.0910676 secs] [Times: user=0.58 sys=0.00, real=0.09 secs] 
2020-08-02T01:53:22.004+0800: 12495585.982: [GC (Allocation Failure) 2020-08-02T01:53:22.004+0800: 12495585.982: [ParNew: 737280K->81920K(737280K), 0.1166907 secs] 3333782K->2721395K(6209536K), 0.1168993 secs] [Times: user=0.55 sys=0.00, real=0.12 secs] 
2020-08-02T01:53:54.966+0800: 12495618.944: [GC (Allocation Failure) 2020-08-02T01:53:54.966+0800: 12495618.944: [ParNew: 737280K->81920K(737280K), 0.1094684 secs] 3376755K->2748507K(6209536K), 0.1096437 secs] [Times: user=0.58 sys=0.00, real=0.11 secs] 
2020-08-02T01:54:38.601+0800: 12495662.579: [GC (Allocation Failure) 2020-08-02T01:54:38.602+0800: 12495662.579: [ParNew: 737198K->81920K(737280K), 0.0940819 secs] 3403785K->2785606K(6209536K), 0.0942411 secs] [Times: user=0.62 sys=0.00, real=0.09 secs] 
2020-08-02T01:54:59.820+0800: 12495683.798: [GC (Allocation Failure) 2020-08-02T01:54:59.820+0800: 12495683.798: [ParNew: 737280K->81920K(737280K), 0.1233029 secs] 3440966K->2819945K(6209536K), 0.1234741 secs] [Times: user=0.76 sys=0.00, real=0.12 secs] 
2020-08-02T01:55:25.901+0800: 12495709.879: [GC (Allocation Failure) 2020-08-02T01:55:25.901+0800: 12495709.879: [ParNew: 737280K->81920K(737280K), 0.1035349 secs] 3475305K->2857793K(6209536K), 0.1036941 secs] [Times: user=0.66 sys=0.00, real=0.10 secs] 
2020-08-02T01:55:51.439+0800: 12495735.417: [GC (Allocation Failure) 2020-08-02T01:55:51.439+0800: 12495735.417: [ParNew: 737280K->71714K(737280K), 0.1128049 secs] 3513153K->2918494K(6209536K), 0.1129962 secs] [Times: user=0.72 sys=0.00, real=0.11 secs] 
2020-08-02T01:56:05.164+0800: 12495749.142: [GC (Allocation Failure) 2020-08-02T01:56:05.164+0800: 12495749.142: [ParNew: 727074K->81920K(737280K), 0.0649722 secs] 3573854K->2931275K(6209536K), 0.0651440 secs] [Times: user=0.48 sys=0.00, real=0.07 secs] 
2020-08-02T01:56:18.081+0800: 12495762.059: [GC (Allocation Failure) 2020-08-02T01:56:18.081+0800: 12495762.059: [ParNew: 737280K->81920K(737280K), 0.1334715 secs] 3586635K->2976456K(6209536K), 0.1336258 secs] [Times: user=0.65 sys=0.00, real=0.13 secs] 
2020-08-02T01:56:30.271+0800: 12495774.249: [GC (Allocation Failure) 2020-08-02T01:56:30.271+0800: 12495774.249: [ParNew: 737280K->81920K(737280K), 0.1169703 secs] 3631816K->3019009K(6209536K), 0.1171479 secs] [Times: user=0.71 sys=0.00, real=0.12 secs] 
2020-08-02T01:56:51.245+0800: 12495795.223: [GC (Allocation Failure) 2020-08-02T01:56:51.245+0800: 12495795.223: [ParNew: 737276K->81920K(737280K), 0.1219170 secs] 3674365K->3061651K(6209536K), 0.1220799 secs] [Times: user=0.63 sys=0.00, real=0.13 secs] 
2020-08-02T01:57:11.781+0800: 12495815.758: [GC (Allocation Failure) 2020-08-02T01:57:11.781+0800: 12495815.758: [ParNew: 737280K->81920K(737280K), 0.0947843 secs] 3717011K->3094416K(6209536K), 0.0949571 secs] [Times: user=0.60 sys=0.00, real=0.09 secs] 
2020-08-02T01:57:37.965+0800: 12495841.943: [GC (Allocation Failure) 2020-08-02T01:57:37.965+0800: 12495841.943: [ParNew: 737280K->81920K(737280K), 0.0808600 secs] 3749776K->3133486K(6209536K), 0.0810522 secs] [Times: user=0.49 sys=0.00, real=0.08 secs] 
2020-08-02T01:57:53.271+0800: 12495857.248: [GC (Allocation Failure) 2020-08-02T01:57:53.271+0800: 12495857.248: [ParNew: 737280K->81920K(737280K), 0.0693031 secs] 3788846K->3166977K(6209536K), 0.0694605 secs] [Times: user=0.47 sys=0.00, real=0.07 secs] 
2020-08-02T01:58:07.068+0800: 12495871.046: [GC (Allocation Failure) 2020-08-02T01:58:07.068+0800: 12495871.046: [ParNew: 737280K->81920K(737280K), 0.0885741 secs] 3822337K->3193784K(6209536K), 0.0887499 secs] [Times: user=0.51 sys=0.00, real=0.08 secs] 
2020-08-02T01:58:28.866+0800: 12495892.844: [GC (Allocation Failure) 2020-08-02T01:58:28.867+0800: 12495892.844: [ParNew: 737280K->81920K(737280K), 0.0879656 secs] 3849144K->3223986K(6209536K), 0.0881583 secs] [Times: user=0.57 sys=0.00, real=0.09 secs] 
2020-08-02T01:58:44.592+0800: 12495908.569: [GC (Allocation Failure) 2020-08-02T01:58:44.592+0800: 12495908.569: [ParNew: 737280K->81907K(737280K), 0.0845030 secs] 3879346K->3257877K(6209536K), 0.0846687 secs] [Times: user=0.54 sys=0.00, real=0.08 secs] 
2020-08-02T01:59:01.962+0800: 12495925.940: [GC (Allocation Failure) 2020-08-02T01:59:01.962+0800: 12495925.940: [ParNew: 737267K->78493K(737280K), 0.0742580 secs] 3913237K->3285307K(6209536K), 0.0744199 secs] [Times: user=0.50 sys=0.00, real=0.07 secs] 
2020-08-02T01:59:17.609+0800: 12495941.587: [GC (Allocation Failure) 2020-08-02T01:59:17.609+0800: 12495941.587: [ParNew: 733853K->81920K(737280K), 0.0931414 secs] 3940667K->3318616K(6209536K), 0.0933458 secs] [Times: user=0.54 sys=0.00, real=0.09 secs] 
2020-08-02T01:59:37.311+0800: 12495961.289: [GC (Allocation Failure) 2020-08-02T01:59:37.311+0800: 12495961.289: [ParNew: 737280K->76671K(737280K), 0.0847763 secs] 3973976K->3339829K(6209536K), 0.0849393 secs] [Times: user=0.59 sys=0.00, real=0.08 secs] 
2020-08-02T01:59:55.725+0800: 12495979.703: [GC (Allocation Failure) 2020-08-02T01:59:55.725+0800: 12495979.703: [ParNew: 732031K->81920K(737280K), 0.0852012 secs] 3995189K->3378849K(6209536K), 0.0853651 secs] [Times: user=0.57 sys=0.00, real=0.09 secs] 
2020-08-02T02:00:14.641+0800: 12495998.619: [GC (Allocation Failure) 2020-08-02T02:00:14.641+0800: 12495998.619: [ParNew: 737280K->81920K(737280K), 0.0850774 secs] 4034209K->3413180K(6209536K), 0.0852547 secs] [Times: user=0.56 sys=0.00, real=0.08 secs] 
2020-08-02T02:00:36.515+0800: 12496020.493: [GC (Allocation Failure) 2020-08-02T02:00:36.515+0800: 12496020.493: [ParNew: 737280K->81911K(737280K), 0.0859262 secs] 4068540K->3447265K(6209536K), 0.0861937 secs] [Times: user=0.55 sys=0.00, real=0.09 secs] 
2020-08-02T02:00:59.309+0800: 12496043.287: [GC (Allocation Failure) 2020-08-02T02:00:59.309+0800: 12496043.287: [ParNew: 737271K->74204K(737280K), 0.0762198 secs] 4102625K->3468479K(6209536K), 0.0764272 secs] [Times: user=0.54 sys=0.00, real=0.07 secs] 
2020-08-02T02:01:23.625+0800: 12496067.603: [GC (Allocation Failure) 2020-08-02T02:01:23.625+0800: 12496067.603: [ParNew: 729564K->75272K(737280K), 0.0744057 secs] 4123839K->3496416K(6209536K), 0.0745809 secs] [Times: user=0.50 sys=0.00, real=0.08 secs] 
2020-08-02T02:01:49.332+0800: 12496093.310: [GC (Allocation Failure) 2020-08-02T02:01:49.332+0800: 12496093.310: [ParNew: 730632K->81920K(737280K), 0.0804558 secs] 4151776K->3535936K(6209536K), 0.0806309 secs] [Times: user=0.48 sys=0.00, real=0.08 secs] 
2020-08-02T02:02:24.926+0800: 12496128.904: [GC (Allocation Failure) 2020-08-02T02:02:24.926+0800: 12496128.904: [ParNew: 737280K->70576K(737280K), 0.0637830 secs] 4191296K->3551891K(6209536K), 0.0639579 secs] [Times: user=0.40 sys=0.00, real=0.07 secs] 
2020-08-02T02:02:58.998+0800: 12496162.976: [GC (Allocation Failure) 2020-08-02T02:02:58.999+0800: 12496162.976: [ParNew: 725936K->66271K(737280K), 0.0813026 secs] 4207251K->3572782K(6209536K), 0.0815104 secs] [Times: user=0.42 sys=0.00, real=0.09 secs] 
2020-08-02T02:03:39.003+0800: 12496202.980: [GC (Allocation Failure) 2020-08-02T02:03:39.003+0800: 12496202.981: [ParNew: 721631K->77103K(737280K), 0.0561603 secs] 4228142K->3583614K(6209536K), 0.0563446 secs] [Times: user=0.39 sys=0.00, real=0.06 secs] 
2020-08-02T02:04:22.526+0800: 12496246.504: [GC (Allocation Failure) 2020-08-02T02:04:22.526+0800: 12496246.504: [ParNew: 732463K->77729K(737280K), 0.0864297 secs] 4238974K->3621647K(6209536K), 0.0866242 secs] [Times: user=0.52 sys=0.00, real=0.09 secs] 
2020-08-02T02:04:59.075+0800: 12496283.053: [GC (Allocation Failure) 2020-08-02T02:04:59.076+0800: 12496283.053: [ParNew: 733089K->81919K(737280K), 0.0972532 secs] 4277007K->3651594K(6209536K), 0.0974948 secs] [Times: user=0.44 sys=0.00, real=0.10 secs] 
2020-08-02T02:05:35.551+0800: 12496319.529: [GC (Allocation Failure) 2020-08-02T02:05:35.551+0800: 12496319.529: [ParNew: 737279K->81920K(737280K), 0.0756524 secs] 4306954K->3676538K(6209536K), 0.0758371 secs] [Times: user=0.51 sys=0.01, real=0.08 secs] 
2020-08-02T02:06:14.072+0800: 12496358.050: [GC (Allocation Failure) 2020-08-02T02:06:14.073+0800: 12496358.050: [ParNew: 737280K->81920K(737280K), 0.0805159 secs] 4331898K->3704460K(6209536K), 0.0807165 secs] [Times: user=0.46 sys=0.00, real=0.08 secs] 
2020-08-02T02:06:37.891+0800: 12496381.869: [GC (Allocation Failure) 2020-08-02T02:06:37.891+0800: 12496381.869: [ParNew: 737280K->73728K(737280K), 0.0966694 secs] 4359820K->3729673K(6209536K), 0.0968982 secs] [Times: user=0.58 sys=0.00, real=0.10 secs] 
2020-08-02T02:06:56.437+0800: 12496400.415: [GC (Allocation Failure) 2020-08-02T02:06:56.437+0800: 12496400.415: [ParNew: 729088K->81920K(737280K), 0.0931385 secs] 4385033K->3761885K(6209536K), 0.0933288 secs] [Times: user=0.50 sys=0.00, real=0.10 secs] 
2020-08-02T02:07:21.508+0800: 12496425.486: [GC (Allocation Failure) 2020-08-02T02:07:21.508+0800: 12496425.486: [ParNew: 737280K->81920K(737280K), 0.0800872 secs] 4417245K->3790387K(6209536K), 0.0802577 secs] [Times: user=0.55 sys=0.00, real=0.08 secs] 
2020-08-02T02:07:43.303+0800: 12496447.281: [GC (Allocation Failure) 2020-08-02T02:07:43.304+0800: 12496447.281: [ParNew: 737280K->81920K(737280K), 0.0916763 secs] 4445747K->3829023K(6209536K), 0.0918829 secs] [Times: user=0.58 sys=0.00, real=0.09 secs] 
2020-08-02T02:08:04.644+0800: 12496468.621: [GC (Allocation Failure) 2020-08-02T02:08:04.644+0800: 12496468.621: [ParNew: 737280K->78484K(737280K), 0.0787026 secs] 4484383K->3851434K(6209536K), 0.0788908 secs] [Times: user=0.54 sys=0.00, real=0.08 secs] 
2020-08-02T02:08:25.291+0800: 12496489.268: [GC (Allocation Failure) 2020-08-02T02:08:25.291+0800: 12496489.269: [ParNew: 733844K->81920K(737280K), 0.1430744 secs] 4506794K->3893055K(6209536K), 0.1432790 secs] [Times: user=0.72 sys=0.00, real=0.14 secs] 
2020-08-02T02:08:48.904+0800: 12496512.882: [GC (Allocation Failure) 2020-08-02T02:08:48.905+0800: 12496512.882: [ParNew: 737280K->81920K(737280K), 0.1301937 secs] 4548415K->3927249K(6209536K), 0.1303861 secs] [Times: user=0.57 sys=0.00, real=0.13 secs] 
2020-08-02T02:08:49.038+0800: 12496513.016: [GC (CMS Initial Mark) [1 CMS-initial-mark: 3845329K(5472256K)] 3936700K(6209536K), 0.0167949 secs] [Times: user=0.04 sys=0.00, real=0.02 secs] 
2020-08-02T02:08:49.055+0800: 12496513.033: [CMS-concurrent-mark-start]
2020-08-02T02:08:52.429+0800: 12496516.407: [CMS-concurrent-mark: 3.373/3.374 secs] [Times: user=7.68 sys=0.48, real=3.38 secs] 
2020-08-02T02:08:52.430+0800: 12496516.407: [CMS-concurrent-preclean-start]
2020-08-02T02:08:52.440+0800: 12496516.418: [CMS-concurrent-preclean: 0.011/0.011 secs] [Times: user=0.01 sys=0.00, real=0.01 secs] 
2020-08-02T02:08:52.440+0800: 12496516.418: [CMS-concurrent-abortable-preclean-start]
 CMS: abort preclean due to time 2020-08-02T02:08:57.528+0800: 12496521.506: [CMS-concurrent-abortable-preclean: 3.981/5.088 secs] [Times: user=4.84 sys=0.48, real=5.09 secs] 
2020-08-02T02:08:57.530+0800: 12496521.507: [GC (CMS Final Remark) [YG occupancy: 409235 K (737280 K)]2020-08-02T02:08:57.530+0800: 12496521.507: [Rescan (parallel) , 0.0290210 secs]2020-08-02T02:08:57.559+0800: 12496521.536: [weak refs processing, 0.0010843 secs]2020-08-02T02:08:57.560+0800: 12496521.538: [class unloading, 0.0172917 secs]2020-08-02T02:08:57.577+0800: 12496521.555: [scrub symbol table, 0.0062361 secs]2020-08-02T02:08:57.583+0800: 12496521.561: [scrub string table, 0.0008703 secs][1 CMS-remark: 3845329K(5472256K)] 4254564K(6209536K), 0.0548338 secs] [Times: user=0.25 sys=0.00, real=0.05 secs] 
2020-08-02T02:08:57.585+0800: 12496521.562: [CMS-concurrent-sweep-start]
2020-08-02T02:08:59.002+0800: 12496522.980: [CMS-concurrent-sweep: 1.417/1.417 secs] [Times: user=1.63 sys=0.12, real=1.42 secs] 
2020-08-02T02:08:59.002+0800: 12496522.980: [CMS-concurrent-reset-start]
2020-08-02T02:08:59.021+0800: 12496522.999: [CMS-concurrent-reset: 0.019/0.019 secs] [Times: user=0.02 sys=0.00, real=0.02 secs] 
2020-08-02T02:09:05.344+0800: 12496529.322: [GC (Allocation Failure) 2020-08-02T02:09:05.344+0800: 12496529.322: [ParNew: 737280K->81920K(737280K), 0.1232108 secs] 4302645K->3689371K(6209536K), 0.1234093 secs] [Times: user=0.64 sys=0.00, real=0.13 secs] 
2020-08-02T02:09:18.006+0800: 12496541.983: [GC (Allocation Failure) 2020-08-02T02:09:18.006+0800: 12496541.984: [ParNew: 737280K->70818K(737280K), 0.1226147 secs] 4344731K->3748802K(6209536K), 0.1227897 secs] [Times: user=0.73 sys=0.00, real=0.13 secs] 
2020-08-02T02:09:25.721+0800: 12496549.699: [GC (Allocation Failure) 2020-08-02T02:09:25.721+0800: 12496549.699: [ParNew: 726178K->55994K(737280K), 0.0907664 secs] 4404162K->3776151K(6209536K), 0.0909284 secs] [Times: user=0.58 sys=0.00, real=0.09 secs] 
2020-08-02T02:09:31.166+0800: 12496555.144: [GC (Allocation Failure) 2020-08-02T02:09:31.166+0800: 12496555.144: [ParNew: 711354K->73485K(737280K), 0.0994587 secs] 4431511K->3836825K(6209536K), 0.0996359 secs] [Times: user=0.59 sys=0.00, real=0.10 secs] 
2020-08-02T02:09:40.955+0800: 12496564.933: [GC (Allocation Failure) 2020-08-02T02:09:40.955+0800: 12496564.933: [ParNew: 728845K->52618K(737280K), 0.0952979 secs] 4492185K->3859292K(6209536K), 0.0955162 secs] [Times: user=0.53 sys=0.00, real=0.10 secs] 
2020-08-02T02:09:56.335+0800: 12496580.313: [GC (Allocation Failure) 2020-08-02T02:09:56.335+0800: 12496580.313: [ParNew: 707978K->67049K(737280K), 0.1057793 secs] 4514652K->3914244K(6209536K), 0.1059407 secs] [Times: user=0.63 sys=0.00, real=0.11 secs] 
2020-08-02T02:09:56.442+0800: 12496580.420: [GC (CMS Initial Mark) [1 CMS-initial-mark: 3847194K(5472256K)] 3925650K(6209536K), 0.0042456 secs] [Times: user=0.03 sys=0.01, real=0.01 secs] 
2020-08-02T02:09:56.447+0800: 12496580.425: [CMS-concurrent-mark-start]
2020-08-02T02:09:58.876+0800: 12496582.854: [CMS-concurrent-mark: 2.430/2.430 secs] [Times: user=5.32 sys=0.12, real=2.42 secs] 
2020-08-02T02:09:58.877+0800: 12496582.854: [CMS-concurrent-preclean-start]
2020-08-02T02:09:58.884+0800: 12496582.862: [CMS-concurrent-preclean: 0.008/0.008 secs] [Times: user=0.01 sys=0.00, real=0.01 secs] 
2020-08-02T02:09:58.884+0800: 12496582.862: [CMS-concurrent-abortable-preclean-start]
 CMS: abort preclean due to time 2020-08-02T02:10:03.927+0800: 12496587.905: [CMS-concurrent-abortable-preclean: 3.642/5.043 secs] [Times: user=5.61 sys=1.02, real=5.05 secs] 
2020-08-02T02:10:03.929+0800: 12496587.907: [GC (CMS Final Remark) [YG occupancy: 565042 K (737280 K)]2020-08-02T02:10:03.929+0800: 12496587.907: [Rescan (parallel) , 0.0581524 secs]2020-08-02T02:10:03.987+0800: 12496587.965: [weak refs processing, 0.0001771 secs]2020-08-02T02:10:03.988+0800: 12496587.965: [class unloading, 0.0190835 secs]2020-08-02T02:10:04.007+0800: 12496587.985: [scrub symbol table, 0.0067885 secs]2020-08-02T02:10:04.013+0800: 12496587.991: [scrub string table, 0.0008922 secs][1 CMS-remark: 3847194K(5472256K)] 4412236K(6209536K), 0.0853193 secs] [Times: user=0.38 sys=0.00, real=0.08 secs] 
2020-08-02T02:10:04.016+0800: 12496587.994: [CMS-concurrent-sweep-start]
2020-08-02T02:10:05.556+0800: 12496589.534: [CMS-concurrent-sweep: 1.540/1.540 secs] [Times: user=2.02 sys=0.31, real=1.54 secs] 
2020-08-02T02:10:05.556+0800: 12496589.534: [CMS-concurrent-reset-start]
2020-08-02T02:10:05.575+0800: 12496589.553: [CMS-concurrent-reset: 0.019/0.019 secs] [Times: user=0.03 sys=0.01, real=0.02 secs] 
2020-08-02T02:10:06.747+0800: 12496590.725: [GC (Allocation Failure) 2020-08-02T02:10:06.747+0800: 12496590.725: [ParNew: 722409K->81920K(737280K), 0.0700179 secs] 4552638K->3914916K(6209536K), 0.0702082 secs] [Times: user=0.41 sys=0.01, real=0.06 secs] 
2020-08-02T02:10:06.818+0800: 12496590.796: [GC (CMS Initial Mark) [1 CMS-initial-mark: 3832996K(5472256K)] 3926791K(6209536K), 0.0074139 secs] [Times: user=0.04 sys=0.01, real=0.01 secs] 
2020-08-02T02:10:06.826+0800: 12496590.804: [CMS-concurrent-mark-start]
2020-08-02T02:10:09.230+0800: 12496593.208: [CMS-concurrent-mark: 2.403/2.404 secs] [Times: user=5.24 sys=0.24, real=2.41 secs] 
2020-08-02T02:10:09.230+0800: 12496593.208: [CMS-concurrent-preclean-start]
2020-08-02T02:10:09.238+0800: 12496593.216: [CMS-concurrent-preclean: 0.007/0.007 secs] [Times: user=0.01 sys=0.00, real=0.00 secs] 
2020-08-02T02:10:09.238+0800: 12496593.216: [CMS-concurrent-abortable-preclean-start]
 CMS: abort preclean due to time 2020-08-02T02:10:14.250+0800: 12496598.228: [CMS-concurrent-abortable-preclean: 4.408/5.012 secs] [Times: user=5.56 sys=0.70, real=5.02 secs] 
2020-08-02T02:10:14.252+0800: 12496598.229: [GC (CMS Final Remark) [YG occupancy: 409262 K (737280 K)]2020-08-02T02:10:14.252+0800: 12496598.229: [Rescan (parallel) , 0.0709660 secs]2020-08-02T02:10:14.323+0800: 12496598.300: [weak refs processing, 0.0000427 secs]2020-08-02T02:10:14.323+0800: 12496598.300: [class unloading, 0.0171864 secs]2020-08-02T02:10:14.340+0800: 12496598.318: [scrub symbol table, 0.0065478 secs]2020-08-02T02:10:14.346+0800: 12496598.324: [scrub string table, 0.0009037 secs][1 CMS-remark: 3832996K(5472256K)] 4242259K(6209536K), 0.0958150 secs] [Times: user=0.51 sys=0.00, real=0.10 secs] 
2020-08-02T02:10:14.348+0800: 12496598.325: [CMS-concurrent-sweep-start]
2020-08-02T02:10:15.759+0800: 12496599.736: [CMS-concurrent-sweep: 1.411/1.411 secs] [Times: user=1.91 sys=0.17, real=1.41 secs] 
2020-08-02T02:10:15.759+0800: 12496599.737: [CMS-concurrent-reset-start]
2020-08-02T02:10:15.778+0800: 12496599.755: [CMS-concurrent-reset: 0.019/0.019 secs] [Times: user=0.03 sys=0.00, real=0.01 secs] 
2020-08-02T02:10:17.778+0800: 12496601.756: [GC (CMS Initial Mark) [1 CMS-initial-mark: 3832475K(5472256K)] 4503938K(6209536K), 0.0387868 secs] [Times: user=0.29 sys=0.00, real=0.04 secs] 
2020-08-02T02:10:17.817+0800: 12496601.795: [CMS-concurrent-mark-start]
2020-08-02T02:10:19.960+0800: 12496603.938: [GC (Allocation Failure) 2020-08-02T02:10:19.960+0800: 12496603.938: [ParNew: 737280K->73589K(737280K), 0.1323614 secs] 4569755K->3984440K(6209536K), 0.1325328 secs] [Times: user=0.75 sys=0.00, real=0.13 secs] 
2020-08-02T02:10:20.952+0800: 12496604.930: [CMS-concurrent-mark: 3.000/3.135 secs] [Times: user=7.49 sys=0.29, real=3.14 secs] 
2020-08-02T02:10:20.952+0800: 12496604.930: [CMS-concurrent-preclean-start]
2020-08-02T02:10:21.015+0800: 12496604.993: [CMS-concurrent-preclean: 0.062/0.063 secs] [Times: user=0.06 sys=0.01, real=0.06 secs] 
2020-08-02T02:10:21.015+0800: 12496604.993: [CMS-concurrent-abortable-preclean-start]
2020-08-02T02:10:25.381+0800: 12496609.359: [CMS-concurrent-abortable-preclean: 2.911/4.366 secs] [Times: user=4.12 sys=0.79, real=4.37 secs] 
2020-08-02T02:10:25.382+0800: 12496609.360: [GC (CMS Final Remark) [YG occupancy: 425964 K (737280 K)]2020-08-02T02:10:25.383+0800: 12496609.360: [Rescan (parallel) , 0.0294743 secs]2020-08-02T02:10:25.412+0800: 12496609.390: [weak refs processing, 0.0000492 secs]2020-08-02T02:10:25.412+0800: 12496609.390: [class unloading, 0.0204571 secs]2020-08-02T02:10:25.433+0800: 12496609.410: [scrub symbol table, 0.0074913 secs]2020-08-02T02:10:25.440+0800: 12496609.418: [scrub string table, 0.0009028 secs][1 CMS-remark: 3910851K(5472256K)] 4336815K(6209536K), 0.0585678 secs] [Times: user=0.24 sys=0.00, real=0.06 secs] 
2020-08-02T02:10:25.441+0800: 12496609.419: [CMS-concurrent-sweep-start]
2020-08-02T02:10:26.972+0800: 12496610.950: [CMS-concurrent-sweep: 1.531/1.531 secs] [Times: user=1.92 sys=0.24, real=1.53 secs] 
2020-08-02T02:10:26.973+0800: 12496610.950: [CMS-concurrent-reset-start]
2020-08-02T02:10:26.995+0800: 12496610.972: [CMS-concurrent-reset: 0.022/0.022 secs] [Times: user=0.02 sys=0.00, real=0.02 secs] 
2020-08-02T02:10:28.996+0800: 12496612.974: [GC (CMS Initial Mark) [1 CMS-initial-mark: 3910118K(5472256K)] 4555282K(6209536K), 0.0461579 secs] [Times: user=0.25 sys=0.00, real=0.05 secs] 
2020-08-02T02:10:29.042+0800: 12496613.020: [CMS-concurrent-mark-start]
2020-08-02T02:10:31.167+0800: 12496615.145: [GC (Allocation Failure) 2020-08-02T02:10:31.167+0800: 12496615.145: [ParNew: 728949K->69070K(737280K), 0.0909618 secs] 4639068K->4021565K(6209536K), 0.0911441 secs] [Times: user=0.58 sys=0.00, real=0.08 secs] 
2020-08-02T02:10:31.695+0800: 12496615.672: [CMS-concurrent-mark: 2.557/2.652 secs] [Times: user=6.60 sys=0.31, real=2.65 secs] 
2020-08-02T02:10:31.695+0800: 12496615.672: [CMS-concurrent-preclean-start]
2020-08-02T02:10:31.746+0800: 12496615.724: [CMS-concurrent-preclean: 0.051/0.052 secs] [Times: user=0.08 sys=0.02, real=0.05 secs] 
2020-08-02T02:10:31.746+0800: 12496615.724: [CMS-concurrent-abortable-preclean-start]
2020-08-02T02:10:35.493+0800: 12496619.471: [CMS-concurrent-abortable-preclean: 2.946/3.747 secs] [Times: user=4.38 sys=0.77, real=3.75 secs] 
2020-08-02T02:10:35.494+0800: 12496619.472: [GC (CMS Final Remark) [YG occupancy: 411864 K (737280 K)]2020-08-02T02:10:35.495+0800: 12496619.472: [Rescan (parallel) , 0.0329807 secs]2020-08-02T02:10:35.528+0800: 12496619.505: [weak refs processing, 0.0000527 secs]2020-08-02T02:10:35.528+0800: 12496619.505: [class unloading, 0.0183412 secs]2020-08-02T02:10:35.546+0800: 12496619.524: [scrub symbol table, 0.0061998 secs]2020-08-02T02:10:35.552+0800: 12496619.530: [scrub string table, 0.0008752 secs][1 CMS-remark: 3952494K(5472256K)] 4364359K(6209536K), 0.0586625 secs] [Times: user=0.25 sys=0.00, real=0.06 secs] 
2020-08-02T02:10:35.553+0800: 12496619.531: [CMS-concurrent-sweep-start]
2020-08-02T02:10:37.028+0800: 12496621.006: [CMS-concurrent-sweep: 1.475/1.475 secs] [Times: user=1.94 sys=0.27, real=1.48 secs] 
2020-08-02T02:10:37.028+0800: 12496621.006: [CMS-concurrent-reset-start]
2020-08-02T02:10:37.047+0800: 12496621.025: [CMS-concurrent-reset: 0.019/0.019 secs] [Times: user=0.02 sys=0.00, real=0.02 secs] 
2020-08-02T02:10:39.048+0800: 12496623.026: [GC (CMS Initial Mark) [1 CMS-initial-mark: 3951804K(5472256K)] 4548315K(6209536K), 0.0338143 secs] [Times: user=0.25 sys=0.00, real=0.03 secs] 
2020-08-02T02:10:39.082+0800: 12496623.060: [CMS-concurrent-mark-start]
2020-08-02T02:10:41.520+0800: 12496625.497: [CMS-concurrent-mark: 2.438/2.438 secs] [Times: user=5.29 sys=0.18, real=2.44 secs] 
2020-08-02T02:10:41.520+0800: 12496625.497: [CMS-concurrent-preclean-start]
2020-08-02T02:10:41.527+0800: 12496625.505: [CMS-concurrent-preclean: 0.008/0.008 secs] [Times: user=0.01 sys=0.00, real=0.01 secs] 
2020-08-02T02:10:41.527+0800: 12496625.505: [CMS-concurrent-abortable-preclean-start]
2020-08-02T02:10:43.047+0800: 12496627.025: [GC (Allocation Failure) 2020-08-02T02:10:43.047+0800: 12496627.025: [ParNew: 724430K->51871K(737280K), 0.0948329 secs] 4676234K->4047389K(6209536K), 0.0950004 secs] [Times: user=0.62 sys=0.00, real=0.09 secs] 
 CMS: abort preclean due to time 2020-08-02T02:10:46.647+0800: 12496630.625: [CMS-concurrent-abortable-preclean: 3.721/5.120 secs] [Times: user=5.52 sys=0.89, real=5.12 secs] 
2020-08-02T02:10:46.649+0800: 12496630.627: [GC (CMS Final Remark) [YG occupancy: 294212 K (737280 K)]2020-08-02T02:10:46.649+0800: 12496630.627: [Rescan (parallel) , 0.0241671 secs]2020-08-02T02:10:46.673+0800: 12496630.651: [weak refs processing, 0.0000767 secs]2020-08-02T02:10:46.673+0800: 12496630.651: [class unloading, 0.0176893 secs]2020-08-02T02:10:46.691+0800: 12496630.669: [scrub symbol table, 0.0080456 secs]2020-08-02T02:10:46.699+0800: 12496630.677: [scrub string table, 0.0008957 secs][1 CMS-remark: 3995518K(5472256K)] 4289730K(6209536K), 0.0510801 secs] [Times: user=0.19 sys=0.00, real=0.05 secs] 
2020-08-02T02:10:46.700+0800: 12496630.678: [CMS-concurrent-sweep-start]
2020-08-02T02:10:48.552+0800: 12496632.530: [CMS-concurrent-sweep: 1.851/1.851 secs] [Times: user=2.38 sys=0.51, real=1.85 secs] 
2020-08-02T02:10:48.552+0800: 12496632.530: [CMS-concurrent-reset-start]
2020-08-02T02:10:48.571+0800: 12496632.549: [CMS-concurrent-reset: 0.019/0.019 secs] [Times: user=0.02 sys=0.00, real=0.02 secs] 
2020-08-02T02:10:50.571+0800: 12496634.549: [GC (CMS Initial Mark) [1 CMS-initial-mark: 3995362K(5472256K)] 4487972K(6209536K), 0.0368529 secs] [Times: user=0.19 sys=0.00, real=0.04 secs] 
2020-08-02T02:10:50.608+0800: 12496634.586: [CMS-concurrent-mark-start]
2020-08-02T02:10:53.301+0800: 12496637.279: [CMS-concurrent-mark: 2.691/2.692 secs] [Times: user=5.91 sys=0.40, real=2.69 secs] 
2020-08-02T02:10:53.301+0800: 12496637.279: [CMS-concurrent-preclean-start]
2020-08-02T02:10:53.309+0800: 12496637.287: [CMS-concurrent-preclean: 0.008/0.008 secs] [Times: user=0.01 sys=0.01, real=0.01 secs] 
2020-08-02T02:10:53.309+0800: 12496637.287: [CMS-concurrent-abortable-preclean-start]
2020-08-02T02:10:54.792+0800: 12496638.769: [GC (Allocation Failure) 2020-08-02T02:10:54.792+0800: 12496638.769: [ParNew: 707231K->58807K(737280K), 0.0891907 secs] 4702594K->4096470K(6209536K), 0.0893661 secs] [Times: user=0.60 sys=0.00, real=0.09 secs] 
 CMS: abort preclean due to time 2020-08-02T02:10:58.461+0800: 12496642.439: [CMS-concurrent-abortable-preclean: 4.060/5.152 secs] [Times: user=6.69 sys=1.05, real=5.15 secs] 
2020-08-02T02:10:58.463+0800: 12496642.441: [GC (CMS Final Remark) [YG occupancy: 298207 K (737280 K)]2020-08-02T02:10:58.463+0800: 12496642.441: [Rescan (parallel) , 0.0220607 secs]2020-08-02T02:10:58.485+0800: 12496642.463: [weak refs processing, 0.0000518 secs]2020-08-02T02:10:58.485+0800: 12496642.463: [class unloading, 0.0187063 secs]2020-08-02T02:10:58.504+0800: 12496642.482: [scrub symbol table, 0.0061631 secs]2020-08-02T02:10:58.510+0800: 12496642.488: [scrub string table, 0.0009047 secs][1 CMS-remark: 4037663K(5472256K)] 4335870K(6209536K), 0.0480673 secs] [Times: user=0.18 sys=0.00, real=0.05 secs] 
2020-08-02T02:10:58.511+0800: 12496642.489: [CMS-concurrent-sweep-start]
2020-08-02T02:11:00.053+0800: 12496644.031: [CMS-concurrent-sweep: 1.539/1.542 secs] [Times: user=1.81 sys=0.32, real=1.54 secs] 
2020-08-02T02:11:00.053+0800: 12496644.031: [CMS-concurrent-reset-start]
2020-08-02T02:11:00.074+0800: 12496644.052: [CMS-concurrent-reset: 0.020/0.020 secs] [Times: user=0.04 sys=0.00, real=0.02 secs] 
2020-08-02T02:11:02.074+0800: 12496646.052: [GC (CMS Initial Mark) [1 CMS-initial-mark: 4037536K(5472256K)] 4470754K(6209536K), 0.0323912 secs] [Times: user=0.17 sys=0.00, real=0.04 secs] 
2020-08-02T02:11:02.107+0800: 12496646.085: [CMS-concurrent-mark-start]
2020-08-02T02:11:05.221+0800: 12496649.199: [CMS-concurrent-mark: 3.114/3.114 secs] [Times: user=7.06 sys=0.66, real=3.11 secs] 
2020-08-02T02:11:05.221+0800: 12496649.199: [CMS-concurrent-preclean-start]
2020-08-02T02:11:05.231+0800: 12496649.209: [CMS-concurrent-preclean: 0.010/0.010 secs] [Times: user=0.01 sys=0.00, real=0.01 secs] 
2020-08-02T02:11:05.231+0800: 12496649.209: [CMS-concurrent-abortable-preclean-start]
2020-08-02T02:11:07.849+0800: 12496651.827: [GC (Allocation Failure) 2020-08-02T02:11:07.849+0800: 12496651.827: [ParNew: 714167K->61719K(737280K), 0.0877934 secs] 4751704K->4139591K(6209536K), 0.0879761 secs] [Times: user=0.55 sys=0.00, real=0.08 secs] 
 CMS: abort preclean due to time 2020-08-02T02:11:10.373+0800: 12496654.351: [CMS-concurrent-abortable-preclean: 3.751/5.142 secs] [Times: user=6.01 sys=2.46, real=5.14 secs] 
2020-08-02T02:11:10.374+0800: 12496654.352: [GC (CMS Final Remark) [YG occupancy: 275930 K (737280 K)]2020-08-02T02:11:10.374+0800: 12496654.352: [Rescan (parallel) , 0.0181039 secs]2020-08-02T02:11:10.393+0800: 12496654.370: [weak refs processing, 0.0000544 secs]2020-08-02T02:11:10.393+0800: 12496654.370: [class unloading, 0.0182494 secs]2020-08-02T02:11:10.411+0800: 12496654.389: [scrub symbol table, 0.0060495 secs]2020-08-02T02:11:10.417+0800: 12496654.395: [scrub string table, 0.0008683 secs][1 CMS-remark: 4077872K(5472256K)] 4353802K(6209536K), 0.0434941 secs] [Times: user=0.16 sys=0.00, real=0.04 secs] 
2020-08-02T02:11:10.418+0800: 12496654.396: [CMS-concurrent-sweep-start]
2020-08-02T02:11:12.004+0800: 12496655.982: [CMS-concurrent-sweep: 1.586/1.586 secs] [Times: user=2.20 sys=0.75, real=1.59 secs] 
2020-08-02T02:11:12.004+0800: 12496655.982: [CMS-concurrent-reset-start]
2020-08-02T02:11:12.023+0800: 12496656.001: [CMS-concurrent-reset: 0.019/0.019 secs] [Times: user=0.02 sys=0.00, real=0.02 secs] 
2020-08-02T02:11:14.024+0800: 12496658.002: [GC (CMS Initial Mark) [1 CMS-initial-mark: 4077659K(5472256K)] 4622565K(6209536K), 0.0306748 secs] [Times: user=0.23 sys=0.00, real=0.03 secs] 
2020-08-02T02:11:14.055+0800: 12496658.033: [CMS-concurrent-mark-start]
2020-08-02T02:11:16.698+0800: 12496660.676: [CMS-concurrent-mark: 2.642/2.643 secs] [Times: user=6.23 sys=0.98, real=2.65 secs] 
2020-08-02T02:11:16.699+0800: 12496660.676: [CMS-concurrent-preclean-start]
2020-08-02T02:11:16.707+0800: 12496660.685: [CMS-concurrent-preclean: 0.008/0.008 secs] [Times: user=0.01 sys=0.00, real=0.01 secs] 
2020-08-02T02:11:16.707+0800: 12496660.685: [CMS-concurrent-abortable-preclean-start]
2020-08-02T02:11:18.852+0800: 12496662.830: [GC (Allocation Failure) 2020-08-02T02:11:18.852+0800: 12496662.830: [ParNew: 717079K->65375K(737280K), 0.0793579 secs] 4794739K->4178343K(6209536K), 0.0795161 secs] [Times: user=0.52 sys=0.00, real=0.08 secs] 
 CMS: abort preclean due to time 2020-08-02T02:11:21.900+0800: 12496665.878: [CMS-concurrent-abortable-preclean: 3.657/5.193 secs] [Times: user=5.63 sys=2.13, real=5.19 secs] 
2020-08-02T02:11:21.901+0800: 12496665.879: [GC (CMS Final Remark) [YG occupancy: 267324 K (737280 K)]2020-08-02T02:11:21.901+0800: 12496665.879: [Rescan (parallel) , 0.0186872 secs]2020-08-02T02:11:21.920+0800: 12496665.898: [weak refs processing, 0.0000527 secs]2020-08-02T02:11:21.920+0800: 12496665.898: [class unloading, 0.0172571 secs]2020-08-02T02:11:21.937+0800: 12496665.915: [scrub symbol table, 0.0061208 secs]2020-08-02T02:11:21.943+0800: 12496665.921: [scrub string table, 0.0008455 secs][1 CMS-remark: 4112967K(5472256K)] 4380291K(6209536K), 0.0431049 secs] [Times: user=0.16 sys=0.00, real=0.04 secs] 
2020-08-02T02:11:21.945+0800: 12496665.922: [CMS-concurrent-sweep-start]
2020-08-02T02:11:23.502+0800: 12496667.480: [CMS-concurrent-sweep: 1.556/1.557 secs] [Times: user=2.04 sys=0.16, real=1.56 secs] 
2020-08-02T02:11:23.502+0800: 12496667.480: [CMS-concurrent-reset-start]
2020-08-02T02:11:23.521+0800: 12496667.499: [CMS-concurrent-reset: 0.018/0.018 secs] [Times: user=0.03 sys=0.00, real=0.02 secs] 
2020-08-02T02:11:25.521+0800: 12496669.499: [GC (CMS Initial Mark) [1 CMS-initial-mark: 4112216K(5472256K)] 4615631K(6209536K), 0.0323901 secs] [Times: user=0.21 sys=0.00, real=0.03 secs] 
2020-08-02T02:11:25.554+0800: 12496669.532: [CMS-concurrent-mark-start]
2020-08-02T02:11:28.301+0800: 12496672.278: [CMS-concurrent-mark: 2.747/2.747 secs] [Times: user=6.27 sys=0.93, real=2.75 secs] 
2020-08-02T02:11:28.301+0800: 12496672.279: [CMS-concurrent-preclean-start]
2020-08-02T02:11:28.310+0800: 12496672.288: [CMS-concurrent-preclean: 0.009/0.009 secs] [Times: user=0.01 sys=0.00, real=0.01 secs] 
2020-08-02T02:11:28.310+0800: 12496672.288: [CMS-concurrent-abortable-preclean-start]
2020-08-02T02:11:31.483+0800: 12496675.461: [GC (Allocation Failure) 2020-08-02T02:11:31.483+0800: 12496675.461: [ParNew: 720735K->81920K(737280K), 0.0612883 secs] 4832952K->4195623K(6209536K), 0.0614813 secs] [Times: user=0.47 sys=0.00, real=0.06 secs] 
 CMS: abort preclean due to time 2020-08-02T02:11:33.567+0800: 12496677.545: [CMS-concurrent-abortable-preclean: 4.177/5.257 secs] [Times: user=5.68 sys=1.90, real=5.26 secs] 
2020-08-02T02:11:33.569+0800: 12496677.547: [GC (CMS Final Remark) [YG occupancy: 151642 K (737280 K)]2020-08-02T02:11:33.569+0800: 12496677.547: [Rescan (parallel) , 0.0123140 secs]2020-08-02T02:11:33.581+0800: 12496677.559: [weak refs processing, 0.0000574 secs]2020-08-02T02:11:33.581+0800: 12496677.559: [class unloading, 0.0169394 secs]2020-08-02T02:11:33.598+0800: 12496677.576: [scrub symbol table, 0.0061407 secs]2020-08-02T02:11:33.604+0800: 12496677.582: [scrub string table, 0.0008622 secs][1 CMS-remark: 4113703K(5472256K)] 4265346K(6209536K), 0.0364808 secs] [Times: user=0.12 sys=0.00, real=0.03 secs] 
2020-08-02T02:11:33.605+0800: 12496677.583: [CMS-concurrent-sweep-start]
2020-08-02T02:11:35.231+0800: 12496679.209: [CMS-concurrent-sweep: 1.626/1.626 secs] [Times: user=2.28 sys=1.36, real=1.63 secs] 
2020-08-02T02:11:35.231+0800: 12496679.209: [CMS-concurrent-reset-start]
2020-08-02T02:11:35.251+0800: 12496679.229: [CMS-concurrent-reset: 0.020/0.020 secs] [Times: user=0.03 sys=0.02, real=0.02 secs] 
2020-08-02T02:11:37.252+0800: 12496681.229: [GC (CMS Initial Mark) [1 CMS-initial-mark: 4113401K(5472256K)] 4434382K(6209536K), 0.0216193 secs] [Times: user=0.15 sys=0.00, real=0.02 secs] 
2020-08-02T02:11:37.273+0800: 12496681.251: [CMS-concurrent-mark-start]
2020-08-02T02:11:39.931+0800: 12496683.909: [CMS-concurrent-mark: 2.658/2.658 secs] [Times: user=5.90 sys=0.83, real=2.66 secs] 
2020-08-02T02:11:39.931+0800: 12496683.909: [CMS-concurrent-preclean-start]
2020-08-02T02:11:39.941+0800: 12496683.918: [CMS-concurrent-preclean: 0.009/0.009 secs] [Times: user=0.01 sys=0.00, real=0.01 secs] 
2020-08-02T02:11:39.941+0800: 12496683.918: [CMS-concurrent-abortable-preclean-start]
 CMS: abort preclean due to time 2020-08-02T02:11:45.290+0800: 12496689.268: [CMS-concurrent-abortable-preclean: 4.549/5.349 secs] [Times: user=5.14 sys=1.59, real=5.35 secs] 
2020-08-02T02:11:45.292+0800: 12496689.270: [GC (CMS Final Remark) [YG occupancy: 502497 K (737280 K)]2020-08-02T02:11:45.292+0800: 12496689.270: [Rescan (parallel) , 0.0460557 secs]2020-08-02T02:11:45.338+0800: 12496689.316: [weak refs processing, 0.0000560 secs]2020-08-02T02:11:45.338+0800: 12496689.316: [class unloading, 0.0208483 secs]2020-08-02T02:11:45.359+0800: 12496689.337: [scrub symbol table, 0.0065868 secs]2020-08-02T02:11:45.366+0800: 12496689.343: [scrub string table, 0.0008956 secs][1 CMS-remark: 4113401K(5472256K)] 4615898K(6209536K), 0.0746262 secs] [Times: user=0.32 sys=0.00, real=0.08 secs] 
2020-08-02T02:11:45.367+0800: 12496689.345: [CMS-concurrent-sweep-start]
2020-08-02T02:11:46.977+0800: 12496690.955: [CMS-concurrent-sweep: 1.610/1.610 secs] [Times: user=2.02 sys=1.01, real=1.60 secs] 
2020-08-02T02:11:46.977+0800: 12496690.955: [CMS-concurrent-reset-start]
2020-08-02T02:11:46.996+0800: 12496690.973: [CMS-concurrent-reset: 0.019/0.019 secs] [Times: user=0.02 sys=0.00, real=0.02 secs] 
2020-08-02T02:11:48.996+0800: 12496692.974: [GC (CMS Initial Mark) [1 CMS-initial-mark: 4111515K(5472256K)] 4731208K(6209536K), 0.0456567 secs] [Times: user=0.29 sys=0.00, real=0.05 secs] 
2020-08-02T02:11:49.042+0800: 12496693.020: [CMS-concurrent-mark-start]
2020-08-02T02:11:52.905+0800: 12496696.883: [CMS-concurrent-mark: 3.863/3.863 secs] [Times: user=8.47 sys=0.97, real=3.86 secs] 
2020-08-02T02:11:52.905+0800: 12496696.883: [CMS-concurrent-preclean-start]
2020-08-02T02:11:52.914+0800: 12496696.891: [CMS-concurrent-preclean: 0.008/0.008 secs] [Times: user=0.01 sys=0.02, real=0.01 secs] 
2020-08-02T02:11:52.914+0800: 12496696.891: [CMS-concurrent-abortable-preclean-start]
2020-08-02T02:11:53.151+0800: 12496697.129: [GC (Allocation Failure) 2020-08-02T02:11:53.151+0800: 12496697.129: [ParNew: 737280K->81920K(737280K), 0.1022361 secs] 4848795K->4234699K(6209536K), 0.1024119 secs] [Times: user=0.69 sys=0.00, real=0.10 secs] 
 CMS: abort preclean due to time 2020-08-02T02:11:58.038+0800: 12496702.016: [CMS-concurrent-abortable-preclean: 4.317/5.125 secs] [Times: user=6.01 sys=2.05, real=5.12 secs] 
2020-08-02T02:11:58.040+0800: 12496702.018: [GC (CMS Final Remark) [YG occupancy: 203679 K (737280 K)]2020-08-02T02:11:58.040+0800: 12496702.018: [Rescan (parallel) , 0.0167594 secs]2020-08-02T02:11:58.057+0800: 12496702.034: [weak refs processing, 0.0000382 secs]2020-08-02T02:11:58.057+0800: 12496702.034: [class unloading, 0.0170192 secs]2020-08-02T02:11:58.074+0800: 12496702.052: [scrub symbol table, 0.0061351 secs]2020-08-02T02:11:58.080+0800: 12496702.058: [scrub string table, 0.0009073 secs][1 CMS-remark: 4152779K(5472256K)] 4356459K(6209536K), 0.0410399 secs] [Times: user=0.14 sys=0.00, real=0.04 secs] 
2020-08-02T02:11:58.081+0800: 12496702.059: [CMS-concurrent-sweep-start]
2020-08-02T02:11:59.617+0800: 12496703.595: [CMS-concurrent-sweep: 1.536/1.536 secs] [Times: user=1.76 sys=0.38, real=1.53 secs] 
2020-08-02T02:11:59.617+0800: 12496703.595: [CMS-concurrent-reset-start]
2020-08-02T02:11:59.636+0800: 12496703.613: [CMS-concurrent-reset: 0.019/0.019 secs] [Times: user=0.02 sys=0.00, real=0.02 secs] 
2020-08-02T02:12:01.636+0800: 12496705.614: [GC (CMS Initial Mark) [1 CMS-initial-mark: 4152773K(5472256K)] 4409836K(6209536K), 0.0167195 secs] [Times: user=0.11 sys=0.00, real=0.02 secs] 
2020-08-02T02:12:01.653+0800: 12496705.631: [CMS-concurrent-mark-start]
2020-08-02T02:12:06.868+0800: 12496710.846: [CMS-concurrent-mark: 5.215/5.215 secs] [Times: user=6.29 sys=1.80, real=5.22 secs] 
2020-08-02T02:12:06.868+0800: 12496710.846: [CMS-concurrent-preclean-start]
2020-08-02T02:12:06.877+0800: 12496710.854: [CMS-concurrent-preclean: 0.009/0.009 secs] [Times: user=0.01 sys=0.00, real=0.00 secs] 
2020-08-02T02:12:06.877+0800: 12496710.854: [CMS-concurrent-abortable-preclean-start]
 CMS: abort preclean due to time 2020-08-02T02:12:12.207+0800: 12496716.184: [CMS-concurrent-abortable-preclean: 4.729/5.330 secs] [Times: user=5.33 sys=1.79, real=5.34 secs] 
2020-08-02T02:12:12.208+0800: 12496716.186: [GC (CMS Final Remark) [YG occupancy: 426423 K (737280 K)]2020-08-02T02:12:12.208+0800: 12496716.186: [Rescan (parallel) , 0.0292268 secs]2020-08-02T02:12:12.238+0800: 12496716.215: [weak refs processing, 0.0000423 secs]2020-08-02T02:12:12.238+0800: 12496716.215: [class unloading, 0.0170605 secs]2020-08-02T02:12:12.255+0800: 12496716.232: [scrub symbol table, 0.0060991 secs]2020-08-02T02:12:12.261+0800: 12496716.239: [scrub string table, 0.0008466 secs][1 CMS-remark: 4152773K(5472256K)] 4579197K(6209536K), 0.0534427 secs] [Times: user=0.22 sys=0.01, real=0.05 secs] 
2020-08-02T02:12:12.262+0800: 12496716.240: [CMS-concurrent-sweep-start]
2020-08-02T02:12:13.935+0800: 12496717.913: [CMS-concurrent-sweep: 1.673/1.673 secs] [Times: user=2.02 sys=0.96, real=1.67 secs] 
2020-08-02T02:12:13.935+0800: 12496717.913: [CMS-concurrent-reset-start]
2020-08-02T02:12:13.956+0800: 12496717.934: [CMS-concurrent-reset: 0.021/0.021 secs] [Times: user=0.04 sys=0.01, real=0.02 secs] 
2020-08-02T02:12:15.957+0800: 12496719.934: [GC (CMS Initial Mark) [1 CMS-initial-mark: 4150680K(5472256K)] 4649316K(6209536K), 0.0292278 secs] [Times: user=0.22 sys=0.00, real=0.03 secs] 
2020-08-02T02:12:15.986+0800: 12496719.964: [CMS-concurrent-mark-start]
2020-08-02T02:12:20.192+0800: 12496724.170: [CMS-concurrent-mark: 4.206/4.206 secs] [Times: user=8.60 sys=1.75, real=4.21 secs] 
2020-08-02T02:12:20.192+0800: 12496724.170: [CMS-concurrent-preclean-start]
2020-08-02T02:12:20.201+0800: 12496724.178: [CMS-concurrent-preclean: 0.009/0.009 secs] [Times: user=0.01 sys=0.01, real=0.01 secs] 
2020-08-02T02:12:20.201+0800: 12496724.178: [CMS-concurrent-abortable-preclean-start]
2020-08-02T02:12:25.231+0800: 12496729.209: [GC (Allocation Failure) 2020-08-02T02:12:25.231+0800: 12496729.209: [ParNew: 737280K->81920K(737280K), 0.0900729 secs] 4887960K->4271356K(6209536K), 0.0902387 secs] [Times: user=0.51 sys=0.00, real=0.09 secs] 
 CMS: abort preclean due to time 2020-08-02T02:12:25.417+0800: 12496729.395: [CMS-concurrent-abortable-preclean: 4.300/5.216 secs] [Times: user=5.89 sys=2.19, real=5.21 secs] 
2020-08-02T02:12:25.419+0800: 12496729.397: [GC (CMS Final Remark) [YG occupancy: 94746 K (737280 K)]2020-08-02T02:12:25.419+0800: 12496729.397: [Rescan (parallel) , 0.0144888 secs]2020-08-02T02:12:25.433+0800: 12496729.411: [weak refs processing, 0.0000365 secs]2020-08-02T02:12:25.433+0800: 12496729.411: [class unloading, 0.0178637 secs]2020-08-02T02:12:25.451+0800: 12496729.429: [scrub symbol table, 0.0077424 secs]2020-08-02T02:12:25.459+0800: 12496729.437: [scrub string table, 0.0008831 secs][1 CMS-remark: 4189436K(5472256K)] 4284182K(6209536K), 0.0412038 secs] [Times: user=0.13 sys=0.01, real=0.04 secs] 
2020-08-02T02:12:25.460+0800: 12496729.438: [CMS-concurrent-sweep-start]
2020-08-02T02:12:27.451+0800: 12496731.429: [CMS-concurrent-sweep: 1.986/1.991 secs] [Times: user=1.90 sys=1.15, real=1.99 secs] 
2020-08-02T02:12:27.451+0800: 12496731.429: [CMS-concurrent-reset-start]
2020-08-02T02:12:27.494+0800: 12496731.472: [CMS-concurrent-reset: 0.043/0.043 secs] [Times: user=0.02 sys=0.06, real=0.04 secs] 
2020-08-02T02:12:29.496+0800: 12496733.473: [GC (CMS Initial Mark) [1 CMS-initial-mark: 4189362K(5472256K)] 4400491K(6209536K), 0.0152372 secs] [Times: user=0.08 sys=0.00, real=0.02 secs] 
2020-08-02T02:12:29.511+0800: 12496733.489: [CMS-concurrent-mark-start]
2020-08-02T02:12:32.251+0800: 12496736.228: [CMS-concurrent-mark: 2.740/2.740 secs] [Times: user=6.21 sys=1.41, real=2.74 secs] 
2020-08-02T02:12:32.251+0800: 12496736.229: [CMS-concurrent-preclean-start]
2020-08-02T02:12:32.259+0800: 12496736.237: [CMS-concurrent-preclean: 0.008/0.008 secs] [Times: user=0.01 sys=0.00, real=0.01 secs] 
2020-08-02T02:12:32.259+0800: 12496736.237: [CMS-concurrent-abortable-preclean-start]
 CMS: abort preclean due to time 2020-08-02T02:12:37.388+0800: 12496741.366: [CMS-concurrent-abortable-preclean: 3.728/5.129 secs] [Times: user=4.51 sys=1.11, real=5.13 secs] 
2020-08-02T02:12:37.389+0800: 12496741.367: [GC (CMS Final Remark) [YG occupancy: 415342 K (737280 K)]2020-08-02T02:12:37.389+0800: 12496741.367: [Rescan (parallel) , 0.0274087 secs]2020-08-02T02:12:37.417+0800: 12496741.395: [weak refs processing, 0.0000535 secs]2020-08-02T02:12:37.417+0800: 12496741.395: [class unloading, 0.0176944 secs]2020-08-02T02:12:37.434+0800: 12496741.412: [scrub symbol table, 0.0065213 secs]2020-08-02T02:12:37.441+0800: 12496741.419: [scrub string table, 0.0008624 secs][1 CMS-remark: 4189362K(5472256K)] 4604704K(6209536K), 0.0527331 secs] [Times: user=0.22 sys=0.00, real=0.05 secs] 
2020-08-02T02:12:37.442+0800: 12496741.420: [CMS-concurrent-sweep-start]
2020-08-02T02:12:39.074+0800: 12496743.052: [CMS-concurrent-sweep: 1.632/1.632 secs] [Times: user=1.87 sys=0.36, real=1.63 secs] 
2020-08-02T02:12:39.075+0800: 12496743.052: [CMS-concurrent-reset-start]
2020-08-02T02:12:39.093+0800: 12496743.071: [CMS-concurrent-reset: 0.019/0.019 secs] [Times: user=0.02 sys=0.00, real=0.02 secs] 
2020-08-02T02:12:41.094+0800: 12496745.072: [GC (CMS Initial Mark) [1 CMS-initial-mark: 4185101K(5472256K)] 4729595K(6209536K), 0.0330637 secs] [Times: user=0.23 sys=0.00, real=0.04 secs] 
2020-08-02T02:12:41.127+0800: 12496745.105: [CMS-concurrent-mark-start]
2020-08-02T02:12:43.788+0800: 12496747.766: [CMS-concurrent-mark: 2.659/2.661 secs] [Times: user=5.91 sys=0.89, real=2.66 secs] 
2020-08-02T02:12:43.788+0800: 12496747.766: [CMS-concurrent-preclean-start]
2020-08-02T02:12:43.796+0800: 12496747.774: [CMS-concurrent-preclean: 0.008/0.008 secs] [Times: user=0.01 sys=0.00, real=0.00 secs] 
2020-08-02T02:12:43.796+0800: 12496747.774: [CMS-concurrent-abortable-preclean-start]
2020-08-02T02:12:46.413+0800: 12496750.391: [GC (Allocation Failure) 2020-08-02T02:12:46.413+0800: 12496750.391: [ParNew: 737280K->73010K(737280K), 0.0760478 secs] 4922381K->4289478K(6209536K), 0.0762011 secs] [Times: user=0.50 sys=0.00, real=0.08 secs] 
 CMS: abort preclean due to time 2020-08-02T02:12:49.011+0800: 12496752.989: [CMS-concurrent-abortable-preclean: 4.133/5.215 secs] [Times: user=5.35 sys=2.08, real=5.22 secs] 
2020-08-02T02:12:49.012+0800: 12496752.990: [GC (CMS Final Remark) [YG occupancy: 162290 K (737280 K)]2020-08-02T02:12:49.013+0800: 12496752.990: [Rescan (parallel) , 0.0166292 secs]2020-08-02T02:12:49.029+0800: 12496753.007: [weak refs processing, 0.0000381 secs]2020-08-02T02:12:49.029+0800: 12496753.007: [class unloading, 0.0196153 secs]2020-08-02T02:12:49.049+0800: 12496753.027: [scrub symbol table, 0.0064357 secs]2020-08-02T02:12:49.055+0800: 12496753.033: [scrub string table, 0.0008862 secs][1 CMS-remark: 4216467K(5472256K)] 4378758K(6209536K), 0.0437724 secs] [Times: user=0.13 sys=0.00, real=0.04 secs] 
2020-08-02T02:12:49.056+0800: 12496753.034: [CMS-concurrent-sweep-start]
2020-08-02T02:12:50.637+0800: 12496754.614: [CMS-concurrent-sweep: 1.580/1.580 secs] [Times: user=1.84 sys=0.71, real=1.58 secs] 
2020-08-02T02:12:50.637+0800: 12496754.615: [CMS-concurrent-reset-start]
2020-08-02T02:12:50.656+0800: 12496754.634: [CMS-concurrent-reset: 0.019/0.019 secs] [Times: user=0.02 sys=0.01, real=0.02 secs] 
2020-08-02T02:12:52.657+0800: 12496756.635: [GC (CMS Initial Mark) [1 CMS-initial-mark: 4216446K(5472256K)] 4578253K(6209536K), 0.0227975 secs] [Times: user=0.13 sys=0.00, real=0.03 secs] 
2020-08-02T02:12:52.680+0800: 12496756.658: [CMS-concurrent-mark-start]
2020-08-02T02:12:55.468+0800: 12496759.446: [CMS-concurrent-mark: 2.788/2.788 secs] [Times: user=6.00 sys=1.07, real=2.79 secs] 
2020-08-02T02:12:55.468+0800: 12496759.446: [CMS-concurrent-preclean-start]
2020-08-02T02:12:55.479+0800: 12496759.457: [CMS-concurrent-preclean: 0.011/0.011 secs] [Times: user=0.01 sys=0.01, real=0.01 secs] 
2020-08-02T02:12:55.479+0800: 12496759.457: [CMS-concurrent-abortable-preclean-start]
 CMS: abort preclean due to time 2020-08-02T02:13:00.612+0800: 12496764.590: [CMS-concurrent-abortable-preclean: 3.930/5.133 secs] [Times: user=4.68 sys=1.56, real=5.13 secs] 
2020-08-02T02:13:00.614+0800: 12496764.592: [GC (CMS Final Remark) [YG occupancy: 652913 K (737280 K)]2020-08-02T02:13:00.614+0800: 12496764.592: [Rescan (parallel) , 0.0519145 secs]2020-08-02T02:13:00.666+0800: 12496764.644: [weak refs processing, 0.0000633 secs]2020-08-02T02:13:00.666+0800: 12496764.644: [class unloading, 0.0217395 secs]2020-08-02T02:13:00.688+0800: 12496764.665: [scrub symbol table, 0.0064748 secs]2020-08-02T02:13:00.694+0800: 12496764.672: [scrub string table, 0.0009089 secs][1 CMS-remark: 4216446K(5472256K)] 4869359K(6209536K), 0.0812841 secs] [Times: user=0.34 sys=0.00, real=0.08 secs] 
2020-08-02T02:13:00.695+0800: 12496764.673: [CMS-concurrent-sweep-start]
2020-08-02T02:13:02.299+0800: 12496766.276: [CMS-concurrent-sweep: 1.603/1.603 secs] [Times: user=2.13 sys=0.62, real=1.61 secs] 
2020-08-02T02:13:02.299+0800: 12496766.276: [CMS-concurrent-reset-start]
2020-08-02T02:13:02.317+0800: 12496766.295: [CMS-concurrent-reset: 0.019/0.019 secs] [Times: user=0.02 sys=0.00, real=0.01 secs] 
2020-08-02T02:13:02.767+0800: 12496766.745: [GC (Allocation Failure) 2020-08-02T02:13:02.767+0800: 12496766.745: [ParNew: 728370K->81920K(737280K), 0.0792804 secs] 4944022K->4320709K(6209536K), 0.0794772 secs] [Times: user=0.47 sys=0.00, real=0.08 secs] 
2020-08-02T02:13:02.848+0800: 12496766.826: [GC (CMS Initial Mark) [1 CMS-initial-mark: 4238789K(5472256K)] 4330308K(6209536K), 0.0076668 secs] [Times: user=0.04 sys=0.00, real=0.00 secs] 
2020-08-02T02:13:02.856+0800: 12496766.834: [CMS-concurrent-mark-start]
2020-08-02T02:13:05.682+0800: 12496769.660: [CMS-concurrent-mark: 2.825/2.825 secs] [Times: user=6.50 sys=1.72, real=2.83 secs] 
2020-08-02T02:13:05.682+0800: 12496769.660: [CMS-concurrent-preclean-start]
2020-08-02T02:13:05.690+0800: 12496769.668: [CMS-concurrent-preclean: 0.008/0.008 secs] [Times: user=0.02 sys=0.00, real=0.01 secs] 
2020-08-02T02:13:05.690+0800: 12496769.668: [CMS-concurrent-abortable-preclean-start]
 CMS: abort preclean due to time 2020-08-02T02:13:10.826+0800: 12496774.803: [CMS-concurrent-abortable-preclean: 4.134/5.135 secs] [Times: user=5.15 sys=1.43, real=5.13 secs] 
2020-08-02T02:13:10.827+0800: 12496774.805: [GC (CMS Final Remark) [YG occupancy: 343663 K (737280 K)]2020-08-02T02:13:10.827+0800: 12496774.805: [Rescan (parallel) , 0.0222959 secs]2020-08-02T02:13:10.850+0800: 12496774.828: [weak refs processing, 0.0000489 secs]2020-08-02T02:13:10.850+0800: 12496774.828: [class unloading, 0.0173338 secs]2020-08-02T02:13:10.867+0800: 12496774.845: [scrub symbol table, 0.0061737 secs]2020-08-02T02:13:10.873+0800: 12496774.851: [scrub string table, 0.0008610 secs][1 CMS-remark: 4238789K(5472256K)] 4582452K(6209536K), 0.0468781 secs] [Times: user=0.19 sys=0.00, real=0.04 secs] 
2020-08-02T02:13:10.875+0800: 12496774.852: [CMS-concurrent-sweep-start]
2020-08-02T02:13:12.483+0800: 12496776.461: [CMS-concurrent-sweep: 1.609/1.609 secs] [Times: user=2.02 sys=1.05, real=1.61 secs] 
2020-08-02T02:13:12.483+0800: 12496776.461: [CMS-concurrent-reset-start]
2020-08-02T02:13:12.503+0800: 12496776.481: [CMS-concurrent-reset: 0.020/0.020 secs] [Times: user=0.02 sys=0.02, real=0.02 secs] 
2020-08-02T02:13:14.504+0800: 12496778.482: [GC (CMS Initial Mark) [1 CMS-initial-mark: 4238481K(5472256K)] 4730875K(6209536K), 0.0275817 secs] [Times: user=0.21 sys=0.00, real=0.03 secs] 
2020-08-02T02:13:14.532+0800: 12496778.509: [CMS-concurrent-mark-start]
2020-08-02T02:13:17.421+0800: 12496781.399: [CMS-concurrent-mark: 2.889/2.889 secs] [Times: user=6.59 sys=1.35, real=2.89 secs] 
2020-08-02T02:13:17.421+0800: 12496781.399: [CMS-concurrent-preclean-start]
2020-08-02T02:13:17.430+0800: 12496781.408: [CMS-concurrent-preclean: 0.008/0.009 secs] [Times: user=0.01 sys=0.00, real=0.01 secs] 
2020-08-02T02:13:17.430+0800: 12496781.408: [CMS-concurrent-abortable-preclean-start]
2020-08-02T02:13:21.503+0800: 12496785.481: [GC (Allocation Failure) 2020-08-02T02:13:21.503+0800: 12496785.481: [ParNew: 737280K->81920K(737280K), 0.0823426 secs] 4975761K->4349508K(6209536K), 0.0825316 secs] [Times: user=0.54 sys=0.00, real=0.08 secs] 
 CMS: abort preclean due to time 2020-08-02T02:13:22.711+0800: 12496786.689: [CMS-concurrent-abortable-preclean: 4.395/5.281 secs] [Times: user=5.61 sys=1.90, real=5.28 secs] 
2020-08-02T02:13:22.712+0800: 12496786.690: [GC (CMS Final Remark) [YG occupancy: 106984 K (737280 K)]2020-08-02T02:13:22.712+0800: 12496786.690: [Rescan (parallel) , 0.0127317 secs]2020-08-02T02:13:22.725+0800: 12496786.703: [weak refs processing, 0.0000365 secs]2020-08-02T02:13:22.725+0800: 12496786.703: [class unloading, 0.0173675 secs]2020-08-02T02:13:22.743+0800: 12496786.720: [scrub symbol table, 0.0060362 secs]2020-08-02T02:13:22.749+0800: 12496786.727: [scrub string table, 0.0008626 secs][1 CMS-remark: 4267588K(5472256K)] 4374572K(6209536K), 0.0371829 secs] [Times: user=0.12 sys=0.01, real=0.04 secs] 
2020-08-02T02:13:22.750+0800: 12496786.728: [CMS-concurrent-sweep-start]
2020-08-02T02:13:24.640+0800: 12496788.618: [CMS-concurrent-sweep: 1.890/1.890 secs] [Times: user=2.03 sys=0.98, real=1.89 secs] 
2020-08-02T02:13:24.642+0800: 12496788.620: [CMS-concurrent-reset-start]
2020-08-02T02:13:24.710+0800: 12496788.688: [CMS-concurrent-reset: 0.068/0.068 secs] [Times: user=0.09 sys=0.14, real=0.07 secs] 
2020-08-02T02:13:26.710+0800: 12496790.688: [GC (CMS Initial Mark) [1 CMS-initial-mark: 4265115K(5472256K)] 4536229K(6209536K), 0.0193254 secs] [Times: user=0.12 sys=0.00, real=0.02 secs] 
2020-08-02T02:13:26.730+0800: 12496790.708: [CMS-concurrent-mark-start]
2020-08-02T02:13:29.564+0800: 12496793.542: [CMS-concurrent-mark: 2.825/2.834 secs] [Times: user=6.13 sys=0.63, real=2.83 secs] 
2020-08-02T02:13:29.564+0800: 12496793.542: [CMS-concurrent-preclean-start]
2020-08-02T02:13:29.572+0800: 12496793.550: [CMS-concurrent-preclean: 0.008/0.008 secs] [Times: user=0.01 sys=0.00, real=0.01 secs] 
2020-08-02T02:13:29.572+0800: 12496793.550: [CMS-concurrent-abortable-preclean-start]
 CMS: abort preclean due to time 2020-08-02T02:13:34.790+0800: 12496798.768: [CMS-concurrent-abortable-preclean: 4.116/5.218 secs] [Times: user=5.81 sys=2.86, real=5.22 secs] 
2020-08-02T02:13:34.792+0800: 12496798.769: [GC (CMS Final Remark) [YG occupancy: 625189 K (737280 K)]2020-08-02T02:13:34.792+0800: 12496798.769: [Rescan (parallel) , 0.0456376 secs]2020-08-02T02:13:34.837+0800: 12496798.815: [weak refs processing, 0.0000495 secs]2020-08-02T02:13:34.837+0800: 12496798.815: [class unloading, 0.0183418 secs]2020-08-02T02:13:34.856+0800: 12496798.834: [scrub symbol table, 0.0062171 secs]2020-08-02T02:13:34.862+0800: 12496798.840: [scrub string table, 0.0008802 secs][1 CMS-remark: 4265115K(5472256K)] 4890305K(6209536K), 0.0712979 secs] [Times: user=0.32 sys=0.01, real=0.07 secs] 
2020-08-02T02:13:34.863+0800: 12496798.841: [CMS-concurrent-sweep-start]
2020-08-02T02:13:36.402+0800: 12496800.380: [CMS-concurrent-sweep: 1.539/1.539 secs] [Times: user=1.70 sys=0.19, real=1.54 secs] 
2020-08-02T02:13:36.402+0800: 12496800.380: [CMS-concurrent-reset-start]
2020-08-02T02:13:36.421+0800: 12496800.399: [CMS-concurrent-reset: 0.019/0.019 secs] [Times: user=0.02 sys=0.00, real=0.02 secs] 
2020-08-02T02:13:38.422+0800: 12496802.400: [GC (CMS Initial Mark) [1 CMS-initial-mark: 4263413K(5472256K)] 4947115K(6209536K), 0.0430465 secs] [Times: user=0.29 sys=0.00, real=0.04 secs] 
2020-08-02T02:13:38.465+0800: 12496802.443: [CMS-concurrent-mark-start]
2020-08-02T02:13:40.138+0800: 12496804.116: [GC (Allocation Failure) 2020-08-02T02:13:40.138+0800: 12496804.116: [ParNew: 737280K->81920K(737280K), 0.0925773 secs] 5000693K->4381859K(6209536K), 0.0927460 secs] [Times: user=0.62 sys=0.00, real=0.10 secs] 
2020-08-02T02:13:41.170+0800: 12496805.148: [CMS-concurrent-mark: 2.610/2.705 secs] [Times: user=6.39 sys=0.61, real=2.71 secs] 
2020-08-02T02:13:41.171+0800: 12496805.148: [CMS-concurrent-preclean-start]
2020-08-02T02:13:41.200+0800: 12496805.178: [CMS-concurrent-preclean: 0.029/0.030 secs] [Times: user=0.03 sys=0.01, real=0.03 secs] 
2020-08-02T02:13:41.200+0800: 12496805.178: [CMS-concurrent-abortable-preclean-start]
 CMS: abort preclean due to time 2020-08-02T02:13:46.503+0800: 12496810.481: [CMS-concurrent-abortable-preclean: 4.100/5.303 secs] [Times: user=5.04 sys=1.63, real=5.30 secs] 
2020-08-02T02:13:46.505+0800: 12496810.482: [GC (CMS Final Remark) [YG occupancy: 290865 K (737280 K)]2020-08-02T02:13:46.505+0800: 12496810.482: [Rescan (parallel) , 0.0196041 secs]2020-08-02T02:13:46.524+0800: 12496810.502: [weak refs processing, 0.0000370 secs]2020-08-02T02:13:46.524+0800: 12496810.502: [class unloading, 0.0170276 secs]2020-08-02T02:13:46.541+0800: 12496810.519: [scrub symbol table, 0.0062132 secs]2020-08-02T02:13:46.548+0800: 12496810.525: [scrub string table, 0.0008823 secs][1 CMS-remark: 4299939K(5472256K)] 4590805K(6209536K), 0.0439249 secs] [Times: user=0.18 sys=0.00, real=0.05 secs] 
2020-08-02T02:13:46.549+0800: 12496810.527: [CMS-concurrent-sweep-start]
2020-08-02T02:13:48.110+0800: 12496812.088: [CMS-concurrent-sweep: 1.562/1.562 secs] [Times: user=1.81 sys=0.24, real=1.56 secs] 
2020-08-02T02:13:48.111+0800: 12496812.088: [CMS-concurrent-reset-start]
2020-08-02T02:13:48.129+0800: 12496812.107: [CMS-concurrent-reset: 0.019/0.019 secs] [Times: user=0.01 sys=0.01, real=0.02 secs] 
2020-08-02T02:13:50.130+0800: 12496814.108: [GC (CMS Initial Mark) [1 CMS-initial-mark: 4299862K(5472256K)] 4647216K(6209536K), 0.0264125 secs] [Times: user=0.15 sys=0.00, real=0.02 secs] 
2020-08-02T02:13:50.157+0800: 12496814.135: [CMS-concurrent-mark-start]
2020-08-02T02:13:53.001+0800: 12496816.979: [CMS-concurrent-mark: 2.839/2.844 secs] [Times: user=6.57 sys=1.55, real=2.85 secs] 
2020-08-02T02:13:53.001+0800: 12496816.979: [CMS-concurrent-preclean-start]
2020-08-02T02:13:53.009+0800: 12496816.987: [CMS-concurrent-preclean: 0.008/0.008 secs] [Times: user=0.01 sys=0.00, real=0.01 secs] 
2020-08-02T02:13:53.009+0800: 12496816.987: [CMS-concurrent-abortable-preclean-start]
 CMS: abort preclean due to time 2020-08-02T02:13:58.256+0800: 12496822.234: [CMS-concurrent-abortable-preclean: 4.046/5.247 secs] [Times: user=4.57 sys=0.39, real=5.24 secs] 
2020-08-02T02:13:58.257+0800: 12496822.235: [GC (CMS Final Remark) [YG occupancy: 527947 K (737280 K)]2020-08-02T02:13:58.257+0800: 12496822.235: [Rescan (parallel) , 0.0365826 secs]2020-08-02T02:13:58.294+0800: 12496822.272: [weak refs processing, 0.0000399 secs]2020-08-02T02:13:58.294+0800: 12496822.272: [class unloading, 0.0171941 secs]2020-08-02T02:13:58.311+0800: 12496822.289: [scrub symbol table, 0.0061637 secs]2020-08-02T02:13:58.317+0800: 12496822.295: [scrub string table, 0.0008871 secs][1 CMS-remark: 4299862K(5472256K)] 4827809K(6209536K), 0.0610306 secs] [Times: user=0.29 sys=0.00, real=0.06 secs] 
2020-08-02T02:13:58.319+0800: 12496822.296: [CMS-concurrent-sweep-start]
2020-08-02T02:14:00.091+0800: 12496824.068: [CMS-concurrent-sweep: 1.772/1.772 secs] [Times: user=1.82 sys=0.38, real=1.77 secs] 
2020-08-02T02:14:00.091+0800: 12496824.069: [CMS-concurrent-reset-start]
2020-08-02T02:14:00.109+0800: 12496824.087: [CMS-concurrent-reset: 0.018/0.018 secs] [Times: user=0.02 sys=0.00, real=0.02 secs] 
2020-08-02T02:14:02.110+0800: 12496826.088: [GC (CMS Initial Mark) [1 CMS-initial-mark: 4294269K(5472256K)] 4886472K(6209536K), 0.0361819 secs] [Times: user=0.25 sys=0.01, real=0.04 secs] 
2020-08-02T02:14:02.147+0800: 12496826.125: [CMS-concurrent-mark-start]
2020-08-02T02:14:04.689+0800: 12496828.667: [CMS-concurrent-mark: 2.543/2.543 secs] [Times: user=5.54 sys=0.14, real=2.54 secs] 
2020-08-02T02:14:04.690+0800: 12496828.667: [CMS-concurrent-preclean-start]
2020-08-02T02:14:04.697+0800: 12496828.675: [CMS-concurrent-preclean: 0.007/0.008 secs] [Times: user=0.01 sys=0.00, real=0.00 secs] 
2020-08-02T02:14:04.697+0800: 12496828.675: [CMS-concurrent-abortable-preclean-start]
2020-08-02T02:14:07.421+0800: 12496831.399: [GC (Allocation Failure) 2020-08-02T02:14:07.421+0800: 12496831.399: [ParNew: 737280K->81920K(737280K), 0.0932790 secs] 5031549K->4411011K(6209536K), 0.0934460 secs] [Times: user=0.64 sys=0.00, real=0.09 secs] 
 CMS: abort preclean due to time 2020-08-02T02:14:09.947+0800: 12496833.925: [CMS-concurrent-abortable-preclean: 4.149/5.250 secs] [Times: user=5.85 sys=1.97, real=5.26 secs] 
2020-08-02T02:14:09.949+0800: 12496833.926: [GC (CMS Final Remark) [YG occupancy: 184140 K (737280 K)]2020-08-02T02:14:09.949+0800: 12496833.926: [Rescan (parallel) , 0.0138666 secs]2020-08-02T02:14:09.963+0800: 12496833.940: [weak refs processing, 0.0000368 secs]2020-08-02T02:14:09.963+0800: 12496833.940: [class unloading, 0.0168679 secs]2020-08-02T02:14:09.979+0800: 12496833.957: [scrub symbol table, 0.0065323 secs]2020-08-02T02:14:09.986+0800: 12496833.964: [scrub string table, 0.0008732 secs][1 CMS-remark: 4329091K(5472256K)] 4513232K(6209536K), 0.0383326 secs] [Times: user=0.14 sys=0.00, real=0.04 secs] 
2020-08-02T02:14:09.987+0800: 12496833.965: [CMS-concurrent-sweep-start]
2020-08-02T02:14:11.674+0800: 12496835.652: [CMS-concurrent-sweep: 1.687/1.687 secs] [Times: user=2.05 sys=0.68, real=1.68 secs] 
2020-08-02T02:14:11.674+0800: 12496835.652: [CMS-concurrent-reset-start]
2020-08-02T02:14:11.695+0800: 12496835.672: [CMS-concurrent-reset: 0.020/0.020 secs] [Times: user=0.03 sys=0.00, real=0.02 secs] 
2020-08-02T02:14:13.695+0800: 12496837.673: [GC (CMS Initial Mark) [1 CMS-initial-mark: 4329087K(5472256K)] 4724680K(6209536K), 0.0281125 secs] [Times: user=0.18 sys=0.00, real=0.03 secs] 
2020-08-02T02:14:13.723+0800: 12496837.701: [CMS-concurrent-mark-start]
2020-08-02T02:14:16.416+0800: 12496840.394: [CMS-concurrent-mark: 2.693/2.693 secs] [Times: user=5.77 sys=0.46, real=2.69 secs] 
2020-08-02T02:14:16.416+0800: 12496840.394: [CMS-concurrent-preclean-start]
2020-08-02T02:14:16.424+0800: 12496840.402: [CMS-concurrent-preclean: 0.008/0.008 secs] [Times: user=0.01 sys=0.00, real=0.01 secs] 
2020-08-02T02:14:16.424+0800: 12496840.402: [CMS-concurrent-abortable-preclean-start]
 CMS: abort preclean due to time 2020-08-02T02:14:21.739+0800: 12496845.717: [CMS-concurrent-abortable-preclean: 4.212/5.315 secs] [Times: user=4.93 sys=1.06, real=5.32 secs] 
2020-08-02T02:14:21.740+0800: 12496845.718: [GC (CMS Final Remark) [YG occupancy: 547363 K (737280 K)]2020-08-02T02:14:21.741+0800: 12496845.718: [Rescan (parallel) , 0.0450397 secs]2020-08-02T02:14:21.786+0800: 12496845.763: [weak refs processing, 0.0000521 secs]2020-08-02T02:14:21.786+0800: 12496845.764: [class unloading, 0.0211095 secs]2020-08-02T02:14:21.807+0800: 12496845.785: [scrub symbol table, 0.0062852 secs]2020-08-02T02:14:21.813+0800: 12496845.791: [scrub string table, 0.0008865 secs][1 CMS-remark: 4329087K(5472256K)] 4876450K(6209536K), 0.0735742 secs] [Times: user=0.32 sys=0.00, real=0.07 secs] 
2020-08-02T02:14:21.814+0800: 12496845.792: [CMS-concurrent-sweep-start]
2020-08-02T02:14:23.485+0800: 12496847.463: [CMS-concurrent-sweep: 1.664/1.671 secs] [Times: user=2.03 sys=0.56, real=1.67 secs] 
2020-08-02T02:14:23.485+0800: 12496847.463: [CMS-concurrent-reset-start]
2020-08-02T02:14:23.506+0800: 12496847.484: [CMS-concurrent-reset: 0.021/0.021 secs] [Times: user=0.03 sys=0.01, real=0.02 secs] 
2020-08-02T02:14:25.507+0800: 12496849.485: [GC (CMS Initial Mark) [1 CMS-initial-mark: 4324614K(5472256K)] 4991605K(6209536K), 0.0508748 secs] [Times: user=0.29 sys=0.00, real=0.04 secs] 
2020-08-02T02:14:25.558+0800: 12496849.536: [CMS-concurrent-mark-start]
2020-08-02T02:14:27.455+0800: 12496851.433: [GC (Allocation Failure) 2020-08-02T02:14:27.455+0800: 12496851.433: [ParNew: 737280K->81920K(737280K), 0.1153863 secs] 5061894K->4448736K(6209536K), 0.1155946 secs] [Times: user=0.61 sys=0.00, real=0.12 secs] 
2020-08-02T02:14:28.697+0800: 12496852.675: [CMS-concurrent-mark: 3.014/3.140 secs] [Times: user=7.46 sys=1.34, real=3.14 secs] 
2020-08-02T02:14:28.698+0800: 12496852.675: [CMS-concurrent-preclean-start]
2020-08-02T02:14:28.749+0800: 12496852.726: [CMS-concurrent-preclean: 0.051/0.051 secs] [Times: user=0.07 sys=0.04, real=0.06 secs] 
2020-08-02T02:14:28.749+0800: 12496852.726: [CMS-concurrent-abortable-preclean-start]
 CMS: abort preclean due to time 2020-08-02T02:14:33.822+0800: 12496857.800: [CMS-concurrent-abortable-preclean: 3.872/5.073 secs] [Times: user=4.87 sys=1.33, real=5.07 secs] 
2020-08-02T02:14:33.823+0800: 12496857.801: [GC (CMS Final Remark) [YG occupancy: 303500 K (737280 K)]2020-08-02T02:14:33.823+0800: 12496857.801: [Rescan (parallel) , 0.0204368 secs]2020-08-02T02:14:33.844+0800: 12496857.822: [weak refs processing, 0.0000457 secs]2020-08-02T02:14:33.844+0800: 12496857.822: [class unloading, 0.0170672 secs]2020-08-02T02:14:33.861+0800: 12496857.839: [scrub symbol table, 0.0062670 secs]2020-08-02T02:14:33.867+0800: 12496857.845: [scrub string table, 0.0008559 secs][1 CMS-remark: 4366816K(5472256K)] 4670316K(6209536K), 0.0448428 secs] [Times: user=0.18 sys=0.00, real=0.05 secs] 
2020-08-02T02:14:33.868+0800: 12496857.846: [CMS-concurrent-sweep-start]
2020-08-02T02:14:35.524+0800: 12496859.502: [CMS-concurrent-sweep: 1.656/1.656 secs] [Times: user=2.16 sys=0.85, real=1.65 secs] 
2020-08-02T02:14:35.525+0800: 12496859.502: [CMS-concurrent-reset-start]
2020-08-02T02:14:35.543+0800: 12496859.521: [CMS-concurrent-reset: 0.019/0.019 secs] [Times: user=0.03 sys=0.00, real=0.02 secs] 
2020-08-02T02:14:37.544+0800: 12496861.522: [GC (CMS Initial Mark) [1 CMS-initial-mark: 4366816K(5472256K)] 4760888K(6209536K), 0.0283651 secs] [Times: user=0.16 sys=0.00, real=0.03 secs] 
2020-08-02T02:14:37.573+0800: 12496861.551: [CMS-concurrent-mark-start]
2020-08-02T02:14:40.310+0800: 12496864.288: [CMS-concurrent-mark: 2.737/2.737 secs] [Times: user=6.07 sys=0.50, real=2.74 secs] 
2020-08-02T02:14:40.310+0800: 12496864.288: [CMS-concurrent-preclean-start]
2020-08-02T02:14:40.318+0800: 12496864.295: [CMS-concurrent-preclean: 0.008/0.008 secs] [Times: user=0.01 sys=0.00, real=0.00 secs] 
2020-08-02T02:14:40.318+0800: 12496864.296: [CMS-concurrent-abortable-preclean-start]
 CMS: abort preclean due to time 2020-08-02T02:14:45.648+0800: 12496869.626: [CMS-concurrent-abortable-preclean: 4.227/5.331 secs] [Times: user=5.25 sys=1.20, real=5.34 secs] 
2020-08-02T02:14:45.650+0800: 12496869.628: [GC (CMS Final Remark) [YG occupancy: 637204 K (737280 K)]2020-08-02T02:14:45.650+0800: 12496869.628: [Rescan (parallel) , 0.0404782 secs]2020-08-02T02:14:45.690+0800: 12496869.668: [weak refs processing, 0.0000670 secs]2020-08-02T02:14:45.691+0800: 12496869.668: [class unloading, 0.0171912 secs]2020-08-02T02:14:45.708+0800: 12496869.686: [scrub symbol table, 0.0062124 secs]2020-08-02T02:14:45.714+0800: 12496869.692: [scrub string table, 0.0008855 secs][1 CMS-remark: 4366816K(5472256K)] 5004021K(6209536K), 0.0650052 secs] [Times: user=0.34 sys=0.00, real=0.06 secs] 
2020-08-02T02:14:45.715+0800: 12496869.693: [CMS-concurrent-sweep-start]
2020-08-02T02:14:47.423+0800: 12496871.401: [CMS-concurrent-sweep: 1.708/1.708 secs] [Times: user=2.14 sys=0.86, real=1.71 secs] 
2020-08-02T02:14:47.424+0800: 12496871.401: [CMS-concurrent-reset-start]
2020-08-02T02:14:47.443+0800: 12496871.421: [CMS-concurrent-reset: 0.019/0.019 secs] [Times: user=0.02 sys=0.00, real=0.02 secs] 
2020-08-02T02:14:49.416+0800: 12496873.394: [GC (Allocation Failure) 2020-08-02T02:14:49.416+0800: 12496873.394: [ParNew: 737280K->81920K(737280K), 0.0853222 secs] 5101844K->4479541K(6209536K), 0.0854935 secs] [Times: user=0.56 sys=0.00, real=0.09 secs] 
2020-08-02T02:14:49.503+0800: 12496873.481: [GC (CMS Initial Mark) [1 CMS-initial-mark: 4397621K(5472256K)] 4479883K(6209536K), 0.0104259 secs] [Times: user=0.04 sys=0.00, real=0.01 secs] 
2020-08-02T02:14:49.514+0800: 12496873.492: [CMS-concurrent-mark-start]
2020-08-02T02:14:53.560+0800: 12496877.538: [CMS-concurrent-mark: 4.040/4.046 secs] [Times: user=8.80 sys=0.99, real=4.05 secs] 
2020-08-02T02:14:53.560+0800: 12496877.538: [CMS-concurrent-preclean-start]
2020-08-02T02:14:53.568+0800: 12496877.546: [CMS-concurrent-preclean: 0.009/0.009 secs] [Times: user=0.01 sys=0.01, real=0.01 secs] 
2020-08-02T02:14:53.568+0800: 12496877.546: [CMS-concurrent-abortable-preclean-start]
 CMS: abort preclean due to time 2020-08-02T02:14:58.734+0800: 12496882.712: [CMS-concurrent-abortable-preclean: 4.165/5.166 secs] [Times: user=5.40 sys=2.68, real=5.16 secs] 
2020-08-02T02:14:58.736+0800: 12496882.714: [GC (CMS Final Remark) [YG occupancy: 401508 K (737280 K)]2020-08-02T02:14:58.736+0800: 12496882.714: [Rescan (parallel) , 0.0254177 secs]2020-08-02T02:14:58.761+0800: 12496882.739: [weak refs processing, 0.0000573 secs]2020-08-02T02:14:58.761+0800: 12496882.739: [class unloading, 0.0170276 secs]2020-08-02T02:14:58.779+0800: 12496882.756: [scrub symbol table, 0.0063303 secs]2020-08-02T02:14:58.785+0800: 12496882.763: [scrub string table, 0.0008768 secs][1 CMS-remark: 4397621K(5472256K)] 4799129K(6209536K), 0.0498843 secs] [Times: user=0.22 sys=0.00, real=0.05 secs] 
2020-08-02T02:14:58.786+0800: 12496882.764: [CMS-concurrent-sweep-start]
2020-08-02T02:15:00.455+0800: 12496884.433: [CMS-concurrent-sweep: 1.669/1.669 secs] [Times: user=2.01 sys=0.54, real=1.67 secs] 
2020-08-02T02:15:00.456+0800: 12496884.433: [CMS-concurrent-reset-start]
2020-08-02T02:15:00.476+0800: 12496884.454: [CMS-concurrent-reset: 0.021/0.021 secs] [Times: user=0.03 sys=0.02, real=0.02 secs] 
2020-08-02T02:15:04.301+0800: 12496888.279: [GC (CMS Initial Mark) [1 CMS-initial-mark: 4397258K(5472256K)] 4948239K(6209536K), 0.0327609 secs] [Times: user=0.21 sys=0.00, real=0.03 secs] 
2020-08-02T02:15:04.334+0800: 12496888.312: [CMS-concurrent-mark-start]
2020-08-02T02:15:07.939+0800: 12496891.916: [GC (Allocation Failure) 2020-08-02T02:15:07.939+0800: 12496891.916: [ParNew: 737280K->81920K(737280K), 0.0943546 secs] 5134538K->4517127K(6209536K), 0.0945210 secs] [Times: user=0.63 sys=0.00, real=0.09 secs] 
2020-08-02T02:15:08.759+0800: 12496892.737: [CMS-concurrent-mark: 4.328/4.425 secs] [Times: user=9.93 sys=1.81, real=4.43 secs] 
2020-08-02T02:15:08.759+0800: 12496892.737: [CMS-concurrent-preclean-start]
2020-08-02T02:15:08.796+0800: 12496892.774: [CMS-concurrent-preclean: 0.035/0.037 secs] [Times: user=0.03 sys=0.00, real=0.03 secs] 
2020-08-02T02:15:08.796+0800: 12496892.774: [CMS-concurrent-abortable-preclean-start]
 CMS: abort preclean due to time 2020-08-02T02:15:14.123+0800: 12496898.100: [CMS-concurrent-abortable-preclean: 4.224/5.327 secs] [Times: user=5.20 sys=1.26, real=5.33 secs] 
2020-08-02T02:15:14.124+0800: 12496898.102: [GC (CMS Final Remark) [YG occupancy: 261269 K (737280 K)]2020-08-02T02:15:14.124+0800: 12496898.102: [Rescan (parallel) , 0.0176665 secs]2020-08-02T02:15:14.142+0800: 12496898.120: [weak refs processing, 0.0000491 secs]2020-08-02T02:15:14.142+0800: 12496898.120: [class unloading, 0.0185794 secs]2020-08-02T02:15:14.161+0800: 12496898.138: [scrub symbol table, 0.0061790 secs]2020-08-02T02:15:14.167+0800: 12496898.145: [scrub string table, 0.0008767 secs][1 CMS-remark: 4435207K(5472256K)] 4696476K(6209536K), 0.0435253 secs] [Times: user=0.17 sys=0.00, real=0.05 secs] 
2020-08-02T02:15:14.168+0800: 12496898.146: [CMS-concurrent-sweep-start]
2020-08-02T02:15:16.036+0800: 12496900.014: [CMS-concurrent-sweep: 1.868/1.868 secs] [Times: user=2.57 sys=1.72, real=1.86 secs] 
2020-08-02T02:15:16.036+0800: 12496900.014: [CMS-concurrent-reset-start]
2020-08-02T02:15:16.056+0800: 12496900.034: [CMS-concurrent-reset: 0.020/0.020 secs] [Times: user=0.02 sys=0.04, real=0.02 secs] 
2020-08-02T02:15:18.057+0800: 12496902.034: [GC (CMS Initial Mark) [1 CMS-initial-mark: 4432639K(5472256K)] 4872828K(6209536K), 0.0242263 secs] [Times: user=0.18 sys=0.00, real=0.03 secs] 
2020-08-02T02:15:18.081+0800: 12496902.059: [CMS-concurrent-mark-start]
2020-08-02T02:15:22.430+0800: 12496906.407: [CMS-concurrent-mark: 4.349/4.349 secs] [Times: user=9.21 sys=1.52, real=4.35 secs] 
2020-08-02T02:15:22.430+0800: 12496906.408: [CMS-concurrent-preclean-start]
2020-08-02T02:15:22.438+0800: 12496906.415: [CMS-concurrent-preclean: 0.008/0.008 secs] [Times: user=0.01 sys=0.00, real=0.00 secs] 
2020-08-02T02:15:22.438+0800: 12496906.416: [CMS-concurrent-abortable-preclean-start]
2020-08-02T02:15:26.258+0800: 12496910.236: [GC (Allocation Failure) 2020-08-02T02:15:26.258+0800: 12496910.236: [ParNew: 737280K->81920K(737280K), 0.0937285 secs] 5169919K->4549383K(6209536K), 0.0939289 secs] [Times: user=0.64 sys=0.00, real=0.10 secs] 
 CMS: abort preclean due to time 2020-08-02T02:15:27.691+0800: 12496911.669: [CMS-concurrent-abortable-preclean: 4.244/5.253 secs] [Times: user=5.70 sys=1.60, real=5.26 secs] 
2020-08-02T02:15:27.692+0800: 12496911.670: [GC (CMS Final Remark) [YG occupancy: 109244 K (737280 K)]2020-08-02T02:15:27.693+0800: 12496911.670: [Rescan (parallel) , 0.0139714 secs]2020-08-02T02:15:27.707+0800: 12496911.684: [weak refs processing, 0.0000438 secs]2020-08-02T02:15:27.707+0800: 12496911.684: [class unloading, 0.0173077 secs]2020-08-02T02:15:27.724+0800: 12496911.702: [scrub symbol table, 0.0062529 secs]2020-08-02T02:15:27.730+0800: 12496911.708: [scrub string table, 0.0008712 secs][1 CMS-remark: 4467463K(5472256K)] 4576708K(6209536K), 0.0386201 secs] [Times: user=0.13 sys=0.00, real=0.04 secs] 
2020-08-02T02:15:27.731+0800: 12496911.709: [CMS-concurrent-sweep-start]
2020-08-02T02:15:29.534+0800: 12496913.512: [CMS-concurrent-sweep: 1.787/1.802 secs] [Times: user=2.05 sys=0.45, real=1.80 secs] 
2020-08-02T02:15:29.534+0800: 12496913.512: [CMS-concurrent-reset-start]
2020-08-02T02:15:29.555+0800: 12496913.533: [CMS-concurrent-reset: 0.021/0.021 secs] [Times: user=0.02 sys=0.01, real=0.02 secs] 
2020-08-02T02:15:31.556+0800: 12496915.534: [GC (CMS Initial Mark) [1 CMS-initial-mark: 4464818K(5472256K)] 4626958K(6209536K), 0.0108789 secs] [Times: user=0.06 sys=0.01, real=0.02 secs] 
2020-08-02T02:15:31.567+0800: 12496915.545: [CMS-concurrent-mark-start]
2020-08-02T02:15:34.875+0800: 12496918.853: [CMS-concurrent-mark: 3.308/3.308 secs] [Times: user=7.62 sys=2.50, real=3.30 secs] 
2020-08-02T02:15:34.875+0800: 12496918.853: [CMS-concurrent-preclean-start]
2020-08-02T02:15:34.884+0800: 12496918.862: [CMS-concurrent-preclean: 0.009/0.009 secs] [Times: user=0.01 sys=0.01, real=0.01 secs] 
2020-08-02T02:15:34.884+0800: 12496918.862: [CMS-concurrent-abortable-preclean-start]
 CMS: abort preclean due to time 2020-08-02T02:15:40.019+0800: 12496923.997: [CMS-concurrent-abortable-preclean: 4.132/5.134 secs] [Times: user=5.06 sys=1.55, real=5.14 secs] 
2020-08-02T02:15:40.021+0800: 12496923.999: [GC (CMS Final Remark) [YG occupancy: 445818 K (737280 K)]2020-08-02T02:15:40.021+0800: 12496923.999: [Rescan (parallel) , 0.0345497 secs]2020-08-02T02:15:40.055+0800: 12496924.033: [weak refs processing, 0.0000491 secs]2020-08-02T02:15:40.055+0800: 12496924.033: [class unloading, 0.0182356 secs]2020-08-02T02:15:40.074+0800: 12496924.052: [scrub symbol table, 0.0060991 secs]2020-08-02T02:15:40.080+0800: 12496924.058: [scrub string table, 0.0008817 secs][1 CMS-remark: 4464818K(5472256K)] 4910637K(6209536K), 0.0600249 secs] [Times: user=0.23 sys=0.00, real=0.06 secs] 
2020-08-02T02:15:40.081+0800: 12496924.059: [CMS-concurrent-sweep-start]
2020-08-02T02:15:41.888+0800: 12496925.866: [CMS-concurrent-sweep: 1.807/1.807 secs] [Times: user=2.36 sys=0.65, real=1.81 secs] 
2020-08-02T02:15:41.888+0800: 12496925.866: [CMS-concurrent-reset-start]
2020-08-02T02:15:41.908+0800: 12496925.885: [CMS-concurrent-reset: 0.019/0.019 secs] [Times: user=0.02 sys=0.00, real=0.02 secs] 
2020-08-02T02:15:43.909+0800: 12496927.886: [GC (CMS Initial Mark) [1 CMS-initial-mark: 4463222K(5472256K)] 5117482K(6209536K), 0.0399346 secs] [Times: user=0.26 sys=0.00, real=0.04 secs] 
2020-08-02T02:15:43.949+0800: 12496927.927: [CMS-concurrent-mark-start]
2020-08-02T02:15:45.744+0800: 12496929.722: [GC (Allocation Failure) 2020-08-02T02:15:45.744+0800: 12496929.722: [ParNew: 737280K->81920K(737280K), 0.1044354 secs] 5200502K->4579198K(6209536K), 0.1046016 secs] [Times: user=0.51 sys=0.00, real=0.11 secs] 
2020-08-02T02:15:47.366+0800: 12496931.344: [CMS-concurrent-mark: 3.304/3.418 secs] [Times: user=8.05 sys=1.01, real=3.41 secs] 
2020-08-02T02:15:47.366+0800: 12496931.344: [CMS-concurrent-preclean-start]
2020-08-02T02:15:47.405+0800: 12496931.383: [CMS-concurrent-preclean: 0.037/0.039 secs] [Times: user=0.04 sys=0.00, real=0.04 secs] 
2020-08-02T02:15:47.405+0800: 12496931.383: [CMS-concurrent-abortable-preclean-start]
 CMS: abort preclean due to time 2020-08-02T02:15:52.518+0800: 12496936.495: [CMS-concurrent-abortable-preclean: 4.011/5.113 secs] [Times: user=5.30 sys=1.61, real=5.11 secs] 
2020-08-02T02:15:52.519+0800: 12496936.497: [GC (CMS Final Remark) [YG occupancy: 404982 K (737280 K)]2020-08-02T02:15:52.519+0800: 12496936.497: [Rescan (parallel) , 0.0257537 secs]2020-08-02T02:15:52.545+0800: 12496936.523: [weak refs processing, 0.0000372 secs]2020-08-02T02:15:52.545+0800: 12496936.523: [class unloading, 0.0173998 secs]2020-08-02T02:15:52.562+0800: 12496936.540: [scrub symbol table, 0.0061474 secs]2020-08-02T02:15:52.569+0800: 12496936.546: [scrub string table, 0.0008662 secs][1 CMS-remark: 4497278K(5472256K)] 4902261K(6209536K), 0.0503960 secs] [Times: user=0.22 sys=0.00, real=0.05 secs] 
2020-08-02T02:15:52.570+0800: 12496936.548: [CMS-concurrent-sweep-start]
2020-08-02T02:15:54.215+0800: 12496938.193: [CMS-concurrent-sweep: 1.646/1.646 secs] [Times: user=1.83 sys=0.37, real=1.64 secs] 
2020-08-02T02:15:54.215+0800: 12496938.193: [CMS-concurrent-reset-start]
2020-08-02T02:15:54.234+0800: 12496938.211: [CMS-concurrent-reset: 0.018/0.018 secs] [Times: user=0.02 sys=0.00, real=0.02 secs] 
2020-08-02T02:15:56.235+0800: 12496940.213: [GC (CMS Initial Mark) [1 CMS-initial-mark: 4497272K(5472256K)] 4965198K(6209536K), 0.0263659 secs] [Times: user=0.19 sys=0.00, real=0.03 secs] 
2020-08-02T02:15:56.261+0800: 12496940.239: [CMS-concurrent-mark-start]
2020-08-02T02:15:59.272+0800: 12496943.250: [CMS-concurrent-mark: 3.011/3.011 secs] [Times: user=6.93 sys=1.27, real=3.01 secs] 
2020-08-02T02:15:59.272+0800: 12496943.250: [CMS-concurrent-preclean-start]
2020-08-02T02:15:59.281+0800: 12496943.258: [CMS-concurrent-preclean: 0.008/0.008 secs] [Times: user=0.01 sys=0.00, real=0.01 secs] 
2020-08-02T02:15:59.281+0800: 12496943.258: [CMS-concurrent-abortable-preclean-start]
2020-08-02T02:16:02.573+0800: 12496946.551: [GC (Allocation Failure) 2020-08-02T02:16:02.573+0800: 12496946.551: [ParNew: 737280K->81920K(737280K), 0.1235877 secs] 5234552K->4611242K(6209536K), 0.1237508 secs] [Times: user=0.58 sys=0.00, real=0.12 secs] 
 CMS: abort preclean due to time 2020-08-02T02:16:04.541+0800: 12496948.519: [CMS-concurrent-abortable-preclean: 3.928/5.260 secs] [Times: user=5.86 sys=2.01, real=5.26 secs] 
2020-08-02T02:16:04.542+0800: 12496948.520: [GC (CMS Final Remark) [YG occupancy: 173195 K (737280 K)]2020-08-02T02:16:04.542+0800: 12496948.520: [Rescan (parallel) , 0.0289725 secs]2020-08-02T02:16:04.571+0800: 12496948.549: [weak refs processing, 0.0000373 secs]2020-08-02T02:16:04.571+0800: 12496948.549: [class unloading, 0.0171156 secs]2020-08-02T02:16:04.588+0800: 12496948.566: [scrub symbol table, 0.0060895 secs]2020-08-02T02:16:04.594+0800: 12496948.572: [scrub string table, 0.0008593 secs][1 CMS-remark: 4529322K(5472256K)] 4702518K(6209536K), 0.0532287 secs] [Times: user=0.21 sys=0.00, real=0.05 secs] 
2020-08-02T02:16:04.596+0800: 12496948.573: [CMS-concurrent-sweep-start]
2020-08-02T02:16:06.207+0800: 12496950.184: [CMS-concurrent-sweep: 1.611/1.611 secs] [Times: user=1.80 sys=0.01, real=1.62 secs] 
2020-08-02T02:16:06.207+0800: 12496950.184: [CMS-concurrent-reset-start]
2020-08-02T02:16:06.226+0800: 12496950.203: [CMS-concurrent-reset: 0.019/0.019 secs] [Times: user=0.03 sys=0.00, real=0.01 secs] 
2020-08-02T02:16:08.227+0800: 12496952.205: [GC (CMS Initial Mark) [1 CMS-initial-mark: 4526344K(5472256K)] 4831304K(6209536K), 0.0250947 secs] [Times: user=0.14 sys=0.00, real=0.02 secs] 
2020-08-02T02:16:08.254+0800: 12496952.232: [CMS-concurrent-mark-start]
2020-08-02T02:16:11.062+0800: 12496955.040: [CMS-concurrent-mark: 2.807/2.809 secs] [Times: user=6.48 sys=0.74, real=2.81 secs] 
2020-08-02T02:16:11.063+0800: 12496955.040: [CMS-concurrent-preclean-start]
2020-08-02T02:16:11.071+0800: 12496955.049: [CMS-concurrent-preclean: 0.009/0.009 secs] [Times: user=0.01 sys=0.00, real=0.01 secs] 
2020-08-02T02:16:11.071+0800: 12496955.049: [CMS-concurrent-abortable-preclean-start]
 CMS: abort preclean due to time 2020-08-02T02:16:16.319+0800: 12496960.297: [CMS-concurrent-abortable-preclean: 4.043/5.247 secs] [Times: user=4.89 sys=1.29, real=5.25 secs] 
2020-08-02T02:16:16.320+0800: 12496960.298: [GC (CMS Final Remark) [YG occupancy: 608144 K (737280 K)]2020-08-02T02:16:16.320+0800: 12496960.298: [Rescan (parallel) , 0.0410027 secs]2020-08-02T02:16:16.361+0800: 12496960.339: [weak refs processing, 0.0000370 secs]2020-08-02T02:16:16.361+0800: 12496960.339: [class unloading, 0.0171305 secs]2020-08-02T02:16:16.379+0800: 12496960.356: [scrub symbol table, 0.0061498 secs]2020-08-02T02:16:16.385+0800: 12496960.363: [scrub string table, 0.0008721 secs][1 CMS-remark: 4526344K(5472256K)] 5134489K(6209536K), 0.0653598 secs] [Times: user=0.32 sys=0.00, real=0.06 secs] 
2020-08-02T02:16:16.386+0800: 12496960.364: [CMS-concurrent-sweep-start]
2020-08-02T02:16:18.223+0800: 12496962.200: [CMS-concurrent-sweep: 1.837/1.837 secs] [Times: user=2.13 sys=0.51, real=1.84 secs] 
2020-08-02T02:16:18.223+0800: 12496962.200: [CMS-concurrent-reset-start]
2020-08-02T02:16:18.242+0800: 12496962.220: [CMS-concurrent-reset: 0.019/0.019 secs] [Times: user=0.03 sys=0.01, real=0.02 secs] 
2020-08-02T02:16:19.785+0800: 12496963.763: [GC (Allocation Failure) 2020-08-02T02:16:19.785+0800: 12496963.763: [ParNew: 737280K->81920K(737280K), 0.0866565 secs] 5261730K->4636641K(6209536K), 0.0868238 secs] [Times: user=0.54 sys=0.00, real=0.09 secs] 
2020-08-02T02:16:19.873+0800: 12496963.851: [GC (CMS Initial Mark) [1 CMS-initial-mark: 4554721K(5472256K)] 4646374K(6209536K), 0.0082080 secs] [Times: user=0.04 sys=0.00, real=0.01 secs] 
2020-08-02T02:16:19.882+0800: 12496963.860: [CMS-concurrent-mark-start]
2020-08-02T02:16:22.546+0800: 12496966.524: [CMS-concurrent-mark: 2.664/2.664 secs] [Times: user=5.76 sys=0.34, real=2.66 secs] 
2020-08-02T02:16:22.546+0800: 12496966.524: [CMS-concurrent-preclean-start]
2020-08-02T02:16:22.553+0800: 12496966.531: [CMS-concurrent-preclean: 0.007/0.007 secs] [Times: user=0.01 sys=0.00, real=0.01 secs] 
2020-08-02T02:16:22.553+0800: 12496966.531: [CMS-concurrent-abortable-preclean-start]
 CMS: abort preclean due to time 2020-08-02T02:16:27.788+0800: 12496971.766: [CMS-concurrent-abortable-preclean: 4.229/5.235 secs] [Times: user=5.70 sys=2.47, real=5.24 secs] 
2020-08-02T02:16:27.790+0800: 12496971.768: [GC (CMS Final Remark) [YG occupancy: 410655 K (737280 K)]2020-08-02T02:16:27.790+0800: 12496971.768: [Rescan (parallel) , 0.0270238 secs]2020-08-02T02:16:27.817+0800: 12496971.795: [weak refs processing, 0.0000633 secs]2020-08-02T02:16:27.817+0800: 12496971.795: [class unloading, 0.0170858 secs]2020-08-02T02:16:27.834+0800: 12496971.812: [scrub symbol table, 0.0061764 secs]2020-08-02T02:16:27.840+0800: 12496971.818: [scrub string table, 0.0009475 secs][1 CMS-remark: 4554721K(5472256K)] 4965376K(6209536K), 0.0514584 secs] [Times: user=0.23 sys=0.00, real=0.05 secs] 
2020-08-02T02:16:27.842+0800: 12496971.819: [CMS-concurrent-sweep-start]
2020-08-02T02:16:29.490+0800: 12496973.468: [CMS-concurrent-sweep: 1.645/1.648 secs] [Times: user=1.96 sys=0.18, real=1.65 secs] 
2020-08-02T02:16:29.490+0800: 12496973.468: [CMS-concurrent-reset-start]
2020-08-02T02:16:29.508+0800: 12496973.486: [CMS-concurrent-reset: 0.018/0.018 secs] [Times: user=0.02 sys=0.00, real=0.02 secs] 
2020-08-02T02:16:31.510+0800: 12496975.487: [GC (CMS Initial Mark) [1 CMS-initial-mark: 4554668K(5472256K)] 5107077K(6209536K), 0.0321145 secs] [Times: user=0.22 sys=0.00, real=0.03 secs] 
2020-08-02T02:16:31.542+0800: 12496975.520: [CMS-concurrent-mark-start]
2020-08-02T02:16:34.923+0800: 12496978.901: [CMS-concurrent-mark: 3.381/3.381 secs] [Times: user=7.56 sys=1.01, real=3.38 secs] 
2020-08-02T02:16:34.923+0800: 12496978.901: [CMS-concurrent-preclean-start]
2020-08-02T02:16:34.931+0800: 12496978.909: [CMS-concurrent-preclean: 0.008/0.008 secs] [Times: user=0.01 sys=0.00, real=0.01 secs] 
2020-08-02T02:16:34.931+0800: 12496978.909: [CMS-concurrent-abortable-preclean-start]
2020-08-02T02:16:37.420+0800: 12496981.398: [GC (Allocation Failure) 2020-08-02T02:16:37.420+0800: 12496981.398: [ParNew: 737280K->81920K(737280K), 0.0970087 secs] 5291948K->4670101K(6209536K), 0.0971839 secs] [Times: user=0.63 sys=0.00, real=0.09 secs] 
 CMS: abort preclean due to time 2020-08-02T02:16:40.195+0800: 12496984.173: [CMS-concurrent-abortable-preclean: 4.052/5.264 secs] [Times: user=5.49 sys=1.91, real=5.26 secs] 
2020-08-02T02:16:40.197+0800: 12496984.175: [GC (CMS Final Remark) [YG occupancy: 151866 K (737280 K)]2020-08-02T02:16:40.197+0800: 12496984.175: [Rescan (parallel) , 0.0123261 secs]2020-08-02T02:16:40.209+0800: 12496984.187: [weak refs processing, 0.0000346 secs]2020-08-02T02:16:40.209+0800: 12496984.187: [class unloading, 0.0172139 secs]2020-08-02T02:16:40.226+0800: 12496984.204: [scrub symbol table, 0.0062963 secs]2020-08-02T02:16:40.233+0800: 12496984.211: [scrub string table, 0.0008826 secs][1 CMS-remark: 4588181K(5472256K)] 4740047K(6209536K), 0.0369097 secs] [Times: user=0.12 sys=0.00, real=0.04 secs] 
2020-08-02T02:16:40.234+0800: 12496984.212: [CMS-concurrent-sweep-start]
2020-08-02T02:16:41.999+0800: 12496985.977: [CMS-concurrent-sweep: 1.765/1.765 secs] [Times: user=2.13 sys=0.20, real=1.77 secs] 
2020-08-02T02:16:41.999+0800: 12496985.977: [CMS-concurrent-reset-start]
2020-08-02T02:16:42.018+0800: 12496985.996: [CMS-concurrent-reset: 0.019/0.019 secs] [Times: user=0.02 sys=0.00, real=0.01 secs] 
2020-08-02T02:16:44.018+0800: 12496987.996: [GC (CMS Initial Mark) [1 CMS-initial-mark: 4585506K(5472256K)] 4902742K(6209536K), 0.0210161 secs] [Times: user=0.13 sys=0.00, real=0.03 secs] 
2020-08-02T02:16:44.040+0800: 12496988.018: [CMS-concurrent-mark-start]
2020-08-02T02:16:46.806+0800: 12496990.784: [CMS-concurrent-mark: 2.764/2.766 secs] [Times: user=6.28 sys=0.93, real=2.76 secs] 
2020-08-02T02:16:46.806+0800: 12496990.784: [CMS-concurrent-preclean-start]
2020-08-02T02:16:46.814+0800: 12496990.791: [CMS-concurrent-preclean: 0.008/0.008 secs] [Times: user=0.01 sys=0.00, real=0.01 secs] 
2020-08-02T02:16:46.814+0800: 12496990.791: [CMS-concurrent-abortable-preclean-start]
 CMS: abort preclean due to time 2020-08-02T02:16:51.884+0800: 12496995.861: [CMS-concurrent-abortable-preclean: 4.269/5.070 secs] [Times: user=5.50 sys=2.16, real=5.07 secs] 
2020-08-02T02:16:51.885+0800: 12496995.863: [GC (CMS Final Remark) [YG occupancy: 663495 K (737280 K)]2020-08-02T02:16:51.885+0800: 12496995.863: [Rescan (parallel) , 0.0515991 secs]2020-08-02T02:16:51.937+0800: 12496995.915: [weak refs processing, 0.0000508 secs]2020-08-02T02:16:51.937+0800: 12496995.915: [class unloading, 0.0191098 secs]2020-08-02T02:16:51.956+0800: 12496995.934: [scrub symbol table, 0.0060539 secs]2020-08-02T02:16:51.962+0800: 12496995.940: [scrub string table, 0.0008835 secs][1 CMS-remark: 4585506K(5472256K)] 5249001K(6209536K), 0.0778473 secs] [Times: user=0.37 sys=0.00, real=0.08 secs] 
2020-08-02T02:16:51.965+0800: 12496995.943: [CMS-concurrent-sweep-start]
2020-08-02T02:16:53.731+0800: 12496997.709: [CMS-concurrent-sweep: 1.762/1.766 secs] [Times: user=2.15 sys=0.98, real=1.77 secs] 
2020-08-02T02:16:53.731+0800: 12496997.709: [CMS-concurrent-reset-start]
2020-08-02T02:16:53.752+0800: 12496997.730: [CMS-concurrent-reset: 0.020/0.020 secs] [Times: user=0.02 sys=0.02, real=0.02 secs] 
2020-08-02T02:16:54.201+0800: 12496998.179: [GC (Allocation Failure) 2020-08-02T02:16:54.201+0800: 12496998.179: [ParNew: 737161K->81920K(737280K), 0.0903965 secs] 5321058K->4702776K(6209536K), 0.0905685 secs] [Times: user=0.61 sys=0.00, real=0.09 secs] 
2020-08-02T02:16:54.293+0800: 12496998.271: [GC (CMS Initial Mark) [1 CMS-initial-mark: 4620856K(5472256K)] 4712672K(6209536K), 0.0076629 secs] [Times: user=0.04 sys=0.00, real=0.01 secs] 
2020-08-02T02:16:54.301+0800: 12496998.278: [CMS-concurrent-mark-start]
2020-08-02T02:16:57.060+0800: 12497001.038: [CMS-concurrent-mark: 2.758/2.759 secs] [Times: user=6.04 sys=0.80, real=2.76 secs] 
2020-08-02T02:16:57.060+0800: 12497001.038: [CMS-concurrent-preclean-start]
2020-08-02T02:16:57.067+0800: 12497001.045: [CMS-concurrent-preclean: 0.007/0.007 secs] [Times: user=0.01 sys=0.00, real=0.01 secs] 
2020-08-02T02:16:57.067+0800: 12497001.045: [CMS-concurrent-abortable-preclean-start]
 CMS: abort preclean due to time 2020-08-02T02:17:02.367+0800: 12497006.345: [CMS-concurrent-abortable-preclean: 4.298/5.299 secs] [Times: user=5.57 sys=2.39, real=5.30 secs] 
2020-08-02T02:17:02.368+0800: 12497006.346: [GC (CMS Final Remark) [YG occupancy: 390174 K (737280 K)]2020-08-02T02:17:02.368+0800: 12497006.346: [Rescan (parallel) , 0.0290968 secs]2020-08-02T02:17:02.397+0800: 12497006.375: [weak refs processing, 0.0000711 secs]2020-08-02T02:17:02.397+0800: 12497006.375: [class unloading, 0.0173762 secs]2020-08-02T02:17:02.415+0800: 12497006.393: [scrub symbol table, 0.0062872 secs]2020-08-02T02:17:02.421+0800: 12497006.399: [scrub string table, 0.0008612 secs][1 CMS-remark: 4620856K(5472256K)] 5011030K(6209536K), 0.0538927 secs] [Times: user=0.22 sys=0.00, real=0.05 secs] 
2020-08-02T02:17:02.422+0800: 12497006.400: [CMS-concurrent-sweep-start]
2020-08-02T02:17:04.113+0800: 12497008.091: [CMS-concurrent-sweep: 1.690/1.690 secs] [Times: user=1.87 sys=0.12, real=1.69 secs] 
2020-08-02T02:17:04.113+0800: 12497008.091: [CMS-concurrent-reset-start]
2020-08-02T02:17:04.132+0800: 12497008.110: [CMS-concurrent-reset: 0.019/0.019 secs] [Times: user=0.02 sys=0.00, real=0.02 secs] 
2020-08-02T02:17:06.133+0800: 12497010.110: [GC (CMS Initial Mark) [1 CMS-initial-mark: 4620485K(5472256K)] 5125116K(6209536K), 0.0332619 secs] [Times: user=0.20 sys=0.00, real=0.03 secs] 
2020-08-02T02:17:06.166+0800: 12497010.144: [CMS-concurrent-mark-start]
2020-08-02T02:17:09.073+0800: 12497013.051: [CMS-concurrent-mark: 2.906/2.907 secs] [Times: user=6.27 sys=1.59, real=2.91 secs] 
2020-08-02T02:17:09.073+0800: 12497013.051: [CMS-concurrent-preclean-start]
2020-08-02T02:17:09.081+0800: 12497013.059: [CMS-concurrent-preclean: 0.008/0.008 secs] [Times: user=0.01 sys=0.00, real=0.01 secs] 
2020-08-02T02:17:09.081+0800: 12497013.059: [CMS-concurrent-abortable-preclean-start]
 CMS: abort preclean due to time 2020-08-02T02:17:14.398+0800: 12497018.376: [CMS-concurrent-abortable-preclean: 4.215/5.317 secs] [Times: user=5.10 sys=1.31, real=5.31 secs] 
2020-08-02T02:17:14.400+0800: 12497018.378: [GC (CMS Final Remark) [YG occupancy: 733908 K (737280 K)]2020-08-02T02:17:14.400+0800: 12497018.378: [Rescan (parallel) , 0.0429903 secs]2020-08-02T02:17:14.443+0800: 12497018.421: [weak refs processing, 0.0000433 secs]2020-08-02T02:17:14.443+0800: 12497018.421: [class unloading, 0.0177546 secs]2020-08-02T02:17:14.461+0800: 12497018.438: [scrub symbol table, 0.0063767 secs]2020-08-02T02:17:14.467+0800: 12497018.445: [scrub string table, 0.0008772 secs][1 CMS-remark: 4620485K(5472256K)] 5354393K(6209536K), 0.0682069 secs] [Times: user=0.35 sys=0.00, real=0.07 secs] 
2020-08-02T02:17:14.468+0800: 12497018.446: [CMS-concurrent-sweep-start]
2020-08-02T02:17:14.591+0800: 12497018.569: [GC (Allocation Failure) 2020-08-02T02:17:14.591+0800: 12497018.569: [ParNew: 737280K->81920K(737280K), 0.0892229 secs] 5357752K->4737679K(6209536K), 0.0893932 secs] [Times: user=0.52 sys=0.00, real=0.09 secs] 
2020-08-02T02:17:16.331+0800: 12497020.309: [CMS-concurrent-sweep: 1.772/1.863 secs] [Times: user=2.68 sys=0.17, real=1.86 secs] 
2020-08-02T02:17:16.332+0800: 12497020.309: [CMS-concurrent-reset-start]
2020-08-02T02:17:16.353+0800: 12497020.331: [CMS-concurrent-reset: 0.021/0.021 secs] [Times: user=0.03 sys=0.01, real=0.02 secs] 
2020-08-02T02:17:18.353+0800: 12497022.331: [GC (CMS Initial Mark) [1 CMS-initial-mark: 4653139K(5472256K)] 4890790K(6209536K), 0.0149991 secs] [Times: user=0.09 sys=0.00, real=0.02 secs] 
2020-08-02T02:17:18.368+0800: 12497022.346: [CMS-concurrent-mark-start]
2020-08-02T02:17:21.221+0800: 12497025.199: [CMS-concurrent-mark: 2.853/2.853 secs] [Times: user=6.22 sys=0.31, real=2.85 secs] 
2020-08-02T02:17:21.221+0800: 12497025.199: [CMS-concurrent-preclean-start]
2020-08-02T02:17:21.229+0800: 12497025.207: [CMS-concurrent-preclean: 0.008/0.008 secs] [Times: user=0.01 sys=0.00, real=0.01 secs] 
2020-08-02T02:17:21.229+0800: 12497025.207: [CMS-concurrent-abortable-preclean-start]
 CMS: abort preclean due to time 2020-08-02T02:17:26.579+0800: 12497030.557: [CMS-concurrent-abortable-preclean: 4.148/5.349 secs] [Times: user=5.18 sys=2.12, real=5.35 secs] 
2020-08-02T02:17:26.580+0800: 12497030.558: [GC (CMS Final Remark) [YG occupancy: 503993 K (737280 K)]2020-08-02T02:17:26.580+0800: 12497030.558: [Rescan (parallel) , 0.0295959 secs]2020-08-02T02:17:26.610+0800: 12497030.588: [weak refs processing, 0.0000682 secs]2020-08-02T02:17:26.610+0800: 12497030.588: [class unloading, 0.0175420 secs]2020-08-02T02:17:26.628+0800: 12497030.606: [scrub symbol table, 0.0062051 secs]2020-08-02T02:17:26.634+0800: 12497030.612: [scrub string table, 0.0009252 secs][1 CMS-remark: 4653139K(5472256K)] 5157132K(6209536K), 0.0545305 secs] [Times: user=0.26 sys=0.00, real=0.05 secs] 
2020-08-02T02:17:26.635+0800: 12497030.613: [CMS-concurrent-sweep-start]
2020-08-02T02:17:28.435+0800: 12497032.413: [CMS-concurrent-sweep: 1.800/1.800 secs] [Times: user=2.17 sys=0.28, real=1.80 secs] 
2020-08-02T02:17:28.435+0800: 12497032.413: [CMS-concurrent-reset-start]
2020-08-02T02:17:28.455+0800: 12497032.433: [CMS-concurrent-reset: 0.020/0.020 secs] [Times: user=0.04 sys=0.02, real=0.02 secs] 
2020-08-02T02:17:30.456+0800: 12497034.434: [GC (CMS Initial Mark) [1 CMS-initial-mark: 4650433K(5472256K)] 5300545K(6209536K), 0.0348318 secs] [Times: user=0.26 sys=0.00, real=0.04 secs] 
2020-08-02T02:17:30.491+0800: 12497034.469: [CMS-concurrent-mark-start]
2020-08-02T02:17:33.419+0800: 12497037.396: [CMS-concurrent-mark: 2.928/2.928 secs] [Times: user=6.18 sys=0.17, real=2.93 secs] 
2020-08-02T02:17:33.419+0800: 12497037.396: [CMS-concurrent-preclean-start]
2020-08-02T02:17:33.427+0800: 12497037.405: [CMS-concurrent-preclean: 0.008/0.008 secs] [Times: user=0.01 sys=0.00, real=0.01 secs] 
2020-08-02T02:17:33.427+0800: 12497037.405: [CMS-concurrent-abortable-preclean-start]
2020-08-02T02:17:35.235+0800: 12497039.213: [GC (Allocation Failure) 2020-08-02T02:17:35.235+0800: 12497039.213: [ParNew2020-08-02T02:17:35.245+0800: 12497039.223: [CMS-concurrent-abortable-preclean: 1.317/1.818 secs] [Times: user=1.75 sys=1.33, real=1.81 secs] 
: 737280K->81920K(737280K), 0.0896580 secs] 5387713K->4769425K(6209536K), 0.0898295 secs] [Times: user=0.55 sys=0.00, real=0.09 secs] 
2020-08-02T02:17:35.326+0800: 12497039.304: [GC (CMS Final Remark) [YG occupancy: 90731 K (737280 K)]2020-08-02T02:17:35.326+0800: 12497039.304: [Rescan (parallel) , 0.0147840 secs]2020-08-02T02:17:35.341+0800: 12497039.319: [weak refs processing, 0.0000493 secs]2020-08-02T02:17:35.341+0800: 12497039.319: [class unloading, 0.0173366 secs]2020-08-02T02:17:35.359+0800: 12497039.336: [scrub symbol table, 0.0068732 secs]2020-08-02T02:17:35.366+0800: 12497039.343: [scrub string table, 0.0008865 secs][1 CMS-remark: 4687505K(5472256K)] 4778236K(6209536K), 0.0401127 secs] [Times: user=0.13 sys=0.00, real=0.05 secs] 
2020-08-02T02:17:35.367+0800: 12497039.345: [CMS-concurrent-sweep-start]
2020-08-02T02:17:37.105+0800: 12497041.083: [CMS-concurrent-sweep: 1.737/1.738 secs] [Times: user=2.00 sys=0.45, real=1.73 secs] 
2020-08-02T02:17:37.105+0800: 12497041.083: [CMS-concurrent-reset-start]
2020-08-02T02:17:37.124+0800: 12497041.102: [CMS-concurrent-reset: 0.019/0.019 secs] [Times: user=0.02 sys=0.00, real=0.02 secs] 
2020-08-02T02:17:39.124+0800: 12497043.102: [GC (CMS Initial Mark) [1 CMS-initial-mark: 4687349K(5472256K)] 4845417K(6209536K), 0.0112517 secs] [Times: user=0.06 sys=0.00, real=0.01 secs] 
2020-08-02T02:17:39.136+0800: 12497043.114: [CMS-concurrent-mark-start]
2020-08-02T02:17:41.952+0800: 12497045.930: [CMS-concurrent-mark: 2.816/2.816 secs] [Times: user=6.09 sys=1.06, real=2.82 secs] 
2020-08-02T02:17:41.952+0800: 12497045.930: [CMS-concurrent-preclean-start]
2020-08-02T02:17:41.960+0800: 12497045.937: [CMS-concurrent-preclean: 0.008/0.008 secs] [Times: user=0.01 sys=0.00, real=0.01 secs] 
2020-08-02T02:17:41.960+0800: 12497045.938: [CMS-concurrent-abortable-preclean-start]
 CMS: abort preclean due to time 2020-08-02T02:17:47.150+0800: 12497051.128: [CMS-concurrent-abortable-preclean: 3.889/5.190 secs] [Times: user=4.55 sys=0.70, real=5.19 secs] 
2020-08-02T02:17:47.151+0800: 12497051.129: [GC (CMS Final Remark) [YG occupancy: 282093 K (737280 K)]2020-08-02T02:17:47.151+0800: 12497051.129: [Rescan (parallel) , 0.0270499 secs]2020-08-02T02:17:47.178+0800: 12497051.156: [weak refs processing, 0.0001199 secs]2020-08-02T02:17:47.179+0800: 12497051.156: [class unloading, 0.0188430 secs]2020-08-02T02:17:47.197+0800: 12497051.175: [scrub symbol table, 0.0063639 secs]2020-08-02T02:17:47.204+0800: 12497051.182: [scrub string table, 0.0008966 secs][1 CMS-remark: 4687349K(5472256K)] 4969443K(6209536K), 0.0534724 secs] [Times: user=0.20 sys=0.00, real=0.05 secs] 
2020-08-02T02:17:47.205+0800: 12497051.183: [CMS-concurrent-sweep-start]
2020-08-02T02:17:48.980+0800: 12497052.958: [CMS-concurrent-sweep: 1.775/1.775 secs] [Times: user=2.04 sys=0.27, real=1.78 secs] 
2020-08-02T02:17:48.980+0800: 12497052.958: [CMS-concurrent-reset-start]
2020-08-02T02:17:48.999+0800: 12497052.977: [CMS-concurrent-reset: 0.019/0.019 secs] [Times: user=0.02 sys=0.01, real=0.02 secs] 
2020-08-02T02:17:50.999+0800: 12497054.977: [GC (CMS Initial Mark) [1 CMS-initial-mark: 4682236K(5472256K)] 5069069K(6209536K), 0.0205905 secs] [Times: user=0.16 sys=0.00, real=0.02 secs] 
2020-08-02T02:17:51.020+0800: 12497054.998: [CMS-concurrent-mark-start]
2020-08-02T02:17:53.618+0800: 12497057.596: [CMS-concurrent-mark: 2.598/2.598 secs] [Times: user=5.37 sys=0.00, real=2.59 secs] 
2020-08-02T02:17:53.618+0800: 12497057.596: [CMS-concurrent-preclean-start]
2020-08-02T02:17:53.626+0800: 12497057.604: [CMS-concurrent-preclean: 0.008/0.008 secs] [Times: user=0.01 sys=0.00, real=0.01 secs] 
2020-08-02T02:17:53.626+0800: 12497057.604: [CMS-concurrent-abortable-preclean-start]
 CMS: abort preclean due to time 2020-08-02T02:17:58.927+0800: 12497062.904: [CMS-concurrent-abortable-preclean: 3.899/5.300 secs] [Times: user=4.55 sys=0.25, real=5.31 secs] 
2020-08-02T02:17:58.928+0800: 12497062.906: [GC (CMS Final Remark) [YG occupancy: 543103 K (737280 K)]2020-08-02T02:17:58.928+0800: 12497062.906: [Rescan (parallel) , 0.0292776 secs]2020-08-02T02:17:58.957+0800: 12497062.935: [weak refs processing, 0.0000480 secs]2020-08-02T02:17:58.957+0800: 12497062.935: [class unloading, 0.0178876 secs]2020-08-02T02:17:58.975+0800: 12497062.953: [scrub symbol table, 0.0064561 secs]2020-08-02T02:17:58.982+0800: 12497062.960: [scrub string table, 0.0009021 secs][1 CMS-remark: 4682236K(5472256K)] 5225339K(6209536K), 0.0547711 secs] [Times: user=0.26 sys=0.00, real=0.05 secs] 
2020-08-02T02:17:58.983+0800: 12497062.961: [CMS-concurrent-sweep-start]
2020-08-02T02:18:00.777+0800: 12497064.755: [CMS-concurrent-sweep: 1.794/1.794 secs] [Times: user=2.01 sys=0.10, real=1.79 secs] 
2020-08-02T02:18:00.777+0800: 12497064.755: [CMS-concurrent-reset-start]
2020-08-02T02:18:00.796+0800: 12497064.773: [CMS-concurrent-reset: 0.019/0.019 secs] [Times: user=0.02 sys=0.00, real=0.02 secs] 
2020-08-02T02:18:04.338+0800: 12497068.316: [GC (CMS Initial Mark) [1 CMS-initial-mark: 4682228K(5472256K)] 5286410K(6209536K), 0.0386670 secs] [Times: user=0.21 sys=0.00, real=0.04 secs] 
2020-08-02T02:18:04.377+0800: 12497068.355: [CMS-concurrent-mark-start]
2020-08-02T02:18:07.179+0800: 12497071.157: [CMS-concurrent-mark: 2.803/2.803 secs] [Times: user=5.91 sys=0.15, real=2.81 secs] 
2020-08-02T02:18:07.179+0800: 12497071.157: [CMS-concurrent-preclean-start]
2020-08-02T02:18:07.187+0800: 12497071.165: [CMS-concurrent-preclean: 0.008/0.008 secs] [Times: user=0.01 sys=0.00, real=0.01 secs] 
2020-08-02T02:18:07.187+0800: 12497071.165: [CMS-concurrent-abortable-preclean-start]
 CMS: abort preclean due to time 2020-08-02T02:18:12.283+0800: 12497076.261: [CMS-concurrent-abortable-preclean: 3.792/5.096 secs] [Times: user=4.21 sys=0.51, real=5.09 secs] 
2020-08-02T02:18:12.285+0800: 12497076.263: [GC (CMS Final Remark) [YG occupancy: 703052 K (737280 K)]2020-08-02T02:18:12.285+0800: 12497076.263: [Rescan (parallel) , 0.0390930 secs]2020-08-02T02:18:12.324+0800: 12497076.302: [weak refs processing, 0.0000372 secs]2020-08-02T02:18:12.324+0800: 12497076.302: [class unloading, 0.0169809 secs]2020-08-02T02:18:12.341+0800: 12497076.319: [scrub symbol table, 0.0062475 secs]2020-08-02T02:18:12.347+0800: 12497076.325: [scrub string table, 0.0008479 secs][1 CMS-remark: 4682228K(5472256K)] 5385281K(6209536K), 0.0633772 secs] [Times: user=0.32 sys=0.00, real=0.07 secs] 
2020-08-02T02:18:12.348+0800: 12497076.326: [CMS-concurrent-sweep-start]
2020-08-02T02:18:14.133+0800: 12497078.111: [CMS-concurrent-sweep: 1.785/1.785 secs] [Times: user=1.99 sys=0.15, real=1.78 secs] 
2020-08-02T02:18:14.134+0800: 12497078.111: [CMS-concurrent-reset-start]
2020-08-02T02:18:14.152+0800: 12497078.130: [CMS-concurrent-reset: 0.019/0.019 secs] [Times: user=0.02 sys=0.00, real=0.02 secs] 
2020-08-02T02:18:16.103+0800: 12497080.081: [GC (Allocation Failure) 2020-08-02T02:18:16.103+0800: 12497080.081: [ParNew: 737280K->81920K(737280K), 0.1039830 secs] 5419508K->4798039K(6209536K), 0.1041936 secs] [Times: user=0.53 sys=0.00, real=0.11 secs] 
2020-08-02T02:18:16.209+0800: 12497080.186: [GC (CMS Initial Mark) [1 CMS-initial-mark: 4716119K(5472256K)] 4806623K(6209536K), 0.0076039 secs] [Times: user=0.04 sys=0.00, real=0.00 secs] 
2020-08-02T02:18:16.216+0800: 12497080.194: [CMS-concurrent-mark-start]
2020-08-02T02:18:19.081+0800: 12497083.059: [CMS-concurrent-mark: 2.859/2.864 secs] [Times: user=6.16 sys=0.20, real=2.87 secs] 
2020-08-02T02:18:19.081+0800: 12497083.059: [CMS-concurrent-preclean-start]
2020-08-02T02:18:19.089+0800: 12497083.067: [CMS-concurrent-preclean: 0.008/0.008 secs] [Times: user=0.01 sys=0.00, real=0.01 secs] 
2020-08-02T02:18:19.089+0800: 12497083.067: [CMS-concurrent-abortable-preclean-start]
 CMS: abort preclean due to time 2020-08-02T02:18:24.339+0800: 12497088.316: [CMS-concurrent-abortable-preclean: 4.046/5.250 secs] [Times: user=4.72 sys=0.61, real=5.25 secs] 
2020-08-02T02:18:24.340+0800: 12497088.318: [GC (CMS Final Remark) [YG occupancy: 303447 K (737280 K)]2020-08-02T02:18:24.340+0800: 12497088.318: [Rescan (parallel) , 0.0174616 secs]2020-08-02T02:18:24.358+0800: 12497088.336: [weak refs processing, 0.0000505 secs]2020-08-02T02:18:24.358+0800: 12497088.336: [class unloading, 0.0232842 secs]2020-08-02T02:18:24.381+0800: 12497088.359: [scrub symbol table, 0.0061471 secs]2020-08-02T02:18:24.387+0800: 12497088.365: [scrub string table, 0.0008590 secs][1 CMS-remark: 4716119K(5472256K)] 5019566K(6209536K), 0.0479808 secs] [Times: user=0.16 sys=0.01, real=0.05 secs] 
2020-08-02T02:18:24.388+0800: 12497088.366: [CMS-concurrent-sweep-start]
2020-08-02T02:18:26.370+0800: 12497090.347: [CMS-concurrent-sweep: 1.978/1.981 secs] [Times: user=2.12 sys=0.12, real=1.98 secs] 
2020-08-02T02:18:26.370+0800: 12497090.348: [CMS-concurrent-reset-start]
2020-08-02T02:18:26.392+0800: 12497090.369: [CMS-concurrent-reset: 0.022/0.022 secs] [Times: user=0.02 sys=0.01, real=0.02 secs] 
2020-08-02T02:18:28.393+0800: 12497092.371: [GC (CMS Initial Mark) [1 CMS-initial-mark: 4715650K(5472256K)] 5053133K(6209536K), 0.0204987 secs] [Times: user=0.13 sys=0.00, real=0.02 secs] 
2020-08-02T02:18:28.414+0800: 12497092.392: [CMS-concurrent-mark-start]
2020-08-02T02:18:31.444+0800: 12497095.422: [CMS-concurrent-mark: 3.022/3.030 secs] [Times: user=6.40 sys=0.27, real=3.03 secs] 
2020-08-02T02:18:31.444+0800: 12497095.422: [CMS-concurrent-preclean-start]
2020-08-02T02:18:31.453+0800: 12497095.430: [CMS-concurrent-preclean: 0.009/0.009 secs] [Times: user=0.01 sys=0.00, real=0.01 secs] 
2020-08-02T02:18:31.453+0800: 12497095.430: [CMS-concurrent-abortable-preclean-start]
 CMS: abort preclean due to time 2020-08-02T02:18:36.649+0800: 12497100.626: [CMS-concurrent-abortable-preclean: 4.095/5.196 secs] [Times: user=4.66 sys=0.42, real=5.20 secs] 
2020-08-02T02:18:36.650+0800: 12497100.628: [GC (CMS Final Remark) [YG occupancy: 446880 K (737280 K)]2020-08-02T02:18:36.650+0800: 12497100.628: [Rescan (parallel) , 0.0272608 secs]2020-08-02T02:18:36.678+0800: 12497100.655: [weak refs processing, 0.0000391 secs]2020-08-02T02:18:36.678+0800: 12497100.656: [class unloading, 0.0173058 secs]2020-08-02T02:18:36.695+0800: 12497100.673: [scrub symbol table, 0.0062372 secs]2020-08-02T02:18:36.701+0800: 12497100.679: [scrub string table, 0.0008748 secs][1 CMS-remark: 4715650K(5472256K)] 5162530K(6209536K), 0.0519051 secs] [Times: user=0.23 sys=0.01, real=0.05 secs] 
2020-08-02T02:18:36.702+0800: 12497100.680: [CMS-concurrent-sweep-start]
2020-08-02T02:18:38.946+0800: 12497102.924: [CMS-concurrent-sweep: 2.244/2.244 secs] [Times: user=2.41 sys=0.29, real=2.25 secs] 
2020-08-02T02:18:38.947+0800: 12497102.924: [CMS-concurrent-reset-start]
2020-08-02T02:18:38.967+0800: 12497102.945: [CMS-concurrent-reset: 0.020/0.020 secs] [Times: user=0.02 sys=0.00, real=0.02 secs] 
2020-08-02T02:18:40.968+0800: 12497104.946: [GC (CMS Initial Mark) [1 CMS-initial-mark: 4708776K(5472256K)] 5192865K(6209536K), 0.0281451 secs] [Times: user=0.19 sys=0.01, real=0.02 secs] 
2020-08-02T02:18:40.996+0800: 12497104.974: [CMS-concurrent-mark-start]
2020-08-02T02:18:44.072+0800: 12497108.049: [CMS-concurrent-mark: 3.072/3.076 secs] [Times: user=6.80 sys=0.28, real=3.08 secs] 
2020-08-02T02:18:44.072+0800: 12497108.050: [CMS-concurrent-preclean-start]
2020-08-02T02:18:44.079+0800: 12497108.057: [CMS-concurrent-preclean: 0.008/0.008 secs] [Times: user=0.01 sys=0.00, real=0.01 secs] 
2020-08-02T02:18:44.079+0800: 12497108.057: [CMS-concurrent-abortable-preclean-start]
 CMS: abort preclean due to time 2020-08-02T02:18:49.353+0800: 12497113.331: [CMS-concurrent-abortable-preclean: 3.969/5.274 secs] [Times: user=4.56 sys=0.29, real=5.27 secs] 
2020-08-02T02:18:49.355+0800: 12497113.332: [GC (CMS Final Remark) [YG occupancy: 704032 K (737280 K)]2020-08-02T02:18:49.355+0800: 12497113.332: [Rescan (parallel) , 0.0437124 secs]2020-08-02T02:18:49.398+0800: 12497113.376: [weak refs processing, 0.0000355 secs]2020-08-02T02:18:49.398+0800: 12497113.376: [class unloading, 0.0173610 secs]2020-08-02T02:18:49.416+0800: 12497113.394: [scrub symbol table, 0.0064823 secs]2020-08-02T02:18:49.422+0800: 12497113.400: [scrub string table, 0.0009276 secs][1 CMS-remark: 4708776K(5472256K)] 5412809K(6209536K), 0.0686949 secs] [Times: user=0.35 sys=0.01, real=0.07 secs] 
2020-08-02T02:18:49.424+0800: 12497113.402: [CMS-concurrent-sweep-start]
2020-08-02T02:18:51.212+0800: 12497115.189: [CMS-concurrent-sweep: 1.787/1.787 secs] [Times: user=2.04 sys=0.13, real=1.79 secs] 
2020-08-02T02:18:51.212+0800: 12497115.190: [CMS-concurrent-reset-start]
2020-08-02T02:18:51.231+0800: 12497115.208: [CMS-concurrent-reset: 0.019/0.019 secs] [Times: user=0.02 sys=0.00, real=0.02 secs] 
2020-08-02T02:18:51.517+0800: 12497115.494: [GC (Allocation Failure) 2020-08-02T02:18:51.517+0800: 12497115.494: [ParNew: 737280K->81920K(737280K), 0.0903280 secs] 5446054K->4823459K(6209536K), 0.0905069 secs] [Times: user=0.56 sys=0.00, real=0.10 secs] 
2020-08-02T02:18:51.609+0800: 12497115.586: [GC (CMS Initial Mark) [1 CMS-initial-mark: 4741539K(5472256K)] 4832506K(6209536K), 0.0073604 secs] [Times: user=0.04 sys=0.00, real=0.00 secs] 
2020-08-02T02:18:51.616+0800: 12497115.594: [CMS-concurrent-mark-start]
2020-08-02T02:18:55.420+0800: 12497119.397: [CMS-concurrent-mark: 3.799/3.803 secs] [Times: user=8.19 sys=0.11, real=3.81 secs] 
2020-08-02T02:18:55.420+0800: 12497119.397: [CMS-concurrent-preclean-start]
2020-08-02T02:18:55.428+0800: 12497119.406: [CMS-concurrent-preclean: 0.008/0.008 secs] [Times: user=0.01 sys=0.00, real=0.01 secs] 
2020-08-02T02:18:55.428+0800: 12497119.406: [CMS-concurrent-abortable-preclean-start]
 CMS: abort preclean due to time 2020-08-02T02:19:00.711+0800: 12497124.689: [CMS-concurrent-abortable-preclean: 3.982/5.283 secs] [Times: user=4.51 sys=0.30, real=5.28 secs] 
2020-08-02T02:19:00.713+0800: 12497124.690: [GC (CMS Final Remark) [YG occupancy: 269892 K (737280 K)]2020-08-02T02:19:00.713+0800: 12497124.691: [Rescan (parallel) , 0.0332348 secs]2020-08-02T02:19:00.746+0800: 12497124.724: [weak refs processing, 0.0000573 secs]2020-08-02T02:19:00.746+0800: 12497124.724: [class unloading, 0.0192790 secs]2020-08-02T02:19:00.765+0800: 12497124.743: [scrub symbol table, 0.0064204 secs]2020-08-02T02:19:00.772+0800: 12497124.750: [scrub string table, 0.0009431 secs][1 CMS-remark: 4741539K(5472256K)] 5011431K(6209536K), 0.0601252 secs] [Times: user=0.22 sys=0.00, real=0.06 secs] 
2020-08-02T02:19:00.773+0800: 12497124.751: [CMS-concurrent-sweep-start]
2020-08-02T02:19:02.542+0800: 12497126.520: [CMS-concurrent-sweep: 1.769/1.769 secs] [Times: user=1.97 sys=0.10, real=1.77 secs] 
2020-08-02T02:19:02.542+0800: 12497126.520: [CMS-concurrent-reset-start]
2020-08-02T02:19:02.560+0800: 12497126.538: [CMS-concurrent-reset: 0.019/0.019 secs] [Times: user=0.02 sys=0.00, real=0.02 secs] 
2020-08-02T02:19:04.561+0800: 12497128.539: [GC (CMS Initial Mark) [1 CMS-initial-mark: 4741261K(5472256K)] 5073455K(6209536K), 0.0242159 secs] [Times: user=0.13 sys=0.00, real=0.02 secs] 
2020-08-02T02:19:04.585+0800: 12497128.563: [CMS-concurrent-mark-start]
2020-08-02T02:19:07.562+0800: 12497131.539: [CMS-concurrent-mark: 2.976/2.976 secs] [Times: user=6.28 sys=0.43, real=2.98 secs] 
2020-08-02T02:19:07.562+0800: 12497131.539: [CMS-concurrent-preclean-start]
2020-08-02T02:19:07.569+0800: 12497131.547: [CMS-concurrent-preclean: 0.008/0.008 secs] [Times: user=0.01 sys=0.00, real=0.01 secs] 
2020-08-02T02:19:07.569+0800: 12497131.547: [CMS-concurrent-abortable-preclean-start]
 CMS: abort preclean due to time 2020-08-02T02:19:12.726+0800: 12497136.704: [CMS-concurrent-abortable-preclean: 4.054/5.157 secs] [Times: user=4.66 sys=0.41, real=5.16 secs] 
2020-08-02T02:19:12.730+0800: 12497136.708: [GC (CMS Final Remark) [YG occupancy: 481078 K (737280 K)]2020-08-02T02:19:12.730+0800: 12497136.708: [Rescan (parallel) , 0.0348918 secs]2020-08-02T02:19:12.765+0800: 12497136.743: [weak refs processing, 0.0000443 secs]2020-08-02T02:19:12.765+0800: 12497136.743: [class unloading, 0.0172851 secs]2020-08-02T02:19:12.783+0800: 12497136.760: [scrub symbol table, 0.0060858 secs]2020-08-02T02:19:12.789+0800: 12497136.766: [scrub string table, 0.0008482 secs][1 CMS-remark: 4741261K(5472256K)] 5222340K(6209536K), 0.0593370 secs] [Times: user=0.25 sys=0.00, real=0.06 secs] 
2020-08-02T02:19:12.790+0800: 12497136.768: [CMS-concurrent-sweep-start]
2020-08-02T02:19:14.512+0800: 12497138.490: [CMS-concurrent-sweep: 1.722/1.722 secs] [Times: user=1.93 sys=0.16, real=1.72 secs] 
2020-08-02T02:19:14.512+0800: 12497138.490: [CMS-concurrent-reset-start]
2020-08-02T02:19:14.531+0800: 12497138.509: [CMS-concurrent-reset: 0.020/0.020 secs] [Times: user=0.03 sys=0.00, real=0.02 secs] 
2020-08-02T02:19:16.532+0800: 12497140.510: [GC (CMS Initial Mark) [1 CMS-initial-mark: 4738734K(5472256K)] 5292208K(6209536K), 0.0319700 secs] [Times: user=0.24 sys=0.00, real=0.03 secs] 
2020-08-02T02:19:16.564+0800: 12497140.542: [CMS-concurrent-mark-start]
2020-08-02T02:19:19.438+0800: 12497143.415: [CMS-concurrent-mark: 2.873/2.873 secs] [Times: user=6.13 sys=0.18, real=2.87 secs] 
2020-08-02T02:19:19.438+0800: 12497143.415: [CMS-concurrent-preclean-start]
2020-08-02T02:19:19.445+0800: 12497143.423: [CMS-concurrent-preclean: 0.008/0.008 secs] [Times: user=0.00 sys=0.00, real=0.01 secs] 
2020-08-02T02:19:19.445+0800: 12497143.423: [CMS-concurrent-abortable-preclean-start]
 CMS: abort preclean due to time 2020-08-02T02:19:24.733+0800: 12497148.710: [CMS-concurrent-abortable-preclean: 3.986/5.287 secs] [Times: user=4.48 sys=0.27, real=5.29 secs] 
2020-08-02T02:19:24.734+0800: 12497148.712: [GC (CMS Final Remark) [YG occupancy: 680867 K (737280 K)]2020-08-02T02:19:24.734+0800: 12497148.712: [Rescan (parallel) , 0.0424998 secs]2020-08-02T02:19:24.777+0800: 12497148.754: [weak refs processing, 0.0000489 secs]2020-08-02T02:19:24.777+0800: 12497148.754: [class unloading, 0.0174251 secs]2020-08-02T02:19:24.794+0800: 12497148.772: [scrub symbol table, 0.0065246 secs]2020-08-02T02:19:24.801+0800: 12497148.778: [scrub string table, 0.0008983 secs][1 CMS-remark: 4738734K(5472256K)] 5419602K(6209536K), 0.0675731 secs] [Times: user=0.35 sys=0.00, real=0.07 secs] 
2020-08-02T02:19:24.802+0800: 12497148.780: [CMS-concurrent-sweep-start]
2020-08-02T02:19:26.544+0800: 12497150.522: [CMS-concurrent-sweep: 1.742/1.742 secs] [Times: user=1.91 sys=0.09, real=1.74 secs] 
2020-08-02T02:19:26.544+0800: 12497150.522: [CMS-concurrent-reset-start]
2020-08-02T02:19:26.564+0800: 12497150.542: [CMS-concurrent-reset: 0.020/0.020 secs] [Times: user=0.02 sys=0.00, real=0.02 secs] 
2020-08-02T02:19:28.368+0800: 12497152.345: [GC (Allocation Failure) 2020-08-02T02:19:28.368+0800: 12497152.345: [ParNew: 737280K->81920K(737280K), 0.1000918 secs] 5476002K->4857146K(6209536K), 0.1002507 secs] [Times: user=0.64 sys=0.00, real=0.10 secs] 
2020-08-02T02:19:28.470+0800: 12497152.448: [GC (CMS Initial Mark) [1 CMS-initial-mark: 4775226K(5472256K)] 4867949K(6209536K), 0.0122807 secs] [Times: user=0.05 sys=0.00, real=0.01 secs] 
2020-08-02T02:19:28.483+0800: 12497152.460: [CMS-concurrent-mark-start]
2020-08-02T02:19:31.357+0800: 12497155.335: [CMS-concurrent-mark: 2.861/2.875 secs] [Times: user=6.15 sys=0.18, real=2.87 secs] 
2020-08-02T02:19:31.358+0800: 12497155.335: [CMS-concurrent-preclean-start]
2020-08-02T02:19:31.365+0800: 12497155.343: [CMS-concurrent-preclean: 0.008/0.008 secs] [Times: user=0.01 sys=0.00, real=0.01 secs] 
2020-08-02T02:19:31.365+0800: 12497155.343: [CMS-concurrent-abortable-preclean-start]
 CMS: abort preclean due to time 2020-08-02T02:19:36.566+0800: 12497160.544: [CMS-concurrent-abortable-preclean: 4.300/5.201 secs] [Times: user=4.81 sys=0.42, real=5.21 secs] 
2020-08-02T02:19:36.568+0800: 12497160.546: [GC (CMS Final Remark) [YG occupancy: 218830 K (737280 K)]2020-08-02T02:19:36.568+0800: 12497160.546: [Rescan (parallel) , 0.0275637 secs]2020-08-02T02:19:36.596+0800: 12497160.574: [weak refs processing, 0.0000558 secs]2020-08-02T02:19:36.596+0800: 12497160.574: [class unloading, 0.0181274 secs]2020-08-02T02:19:36.614+0800: 12497160.592: [scrub symbol table, 0.0062575 secs]2020-08-02T02:19:36.620+0800: 12497160.598: [scrub string table, 0.0008699 secs][1 CMS-remark: 4775226K(5472256K)] 4994057K(6209536K), 0.0530351 secs] [Times: user=0.17 sys=0.00, real=0.05 secs] 
2020-08-02T02:19:36.621+0800: 12497160.599: [CMS-concurrent-sweep-start]
2020-08-02T02:19:38.344+0800: 12497162.322: [CMS-concurrent-sweep: 1.722/1.722 secs] [Times: user=1.94 sys=0.25, real=1.72 secs] 
2020-08-02T02:19:38.344+0800: 12497162.322: [CMS-concurrent-reset-start]
2020-08-02T02:19:38.363+0800: 12497162.341: [CMS-concurrent-reset: 0.019/0.019 secs] [Times: user=0.02 sys=0.01, real=0.02 secs] 
2020-08-02T02:19:40.364+0800: 12497164.341: [GC (CMS Initial Mark) [1 CMS-initial-mark: 4774872K(5472256K)] 5075178K(6209536K), 0.0213917 secs] [Times: user=0.13 sys=0.00, real=0.02 secs] 
2020-08-02T02:19:40.385+0800: 12497164.363: [CMS-concurrent-mark-start]
2020-08-02T02:19:43.229+0800: 12497167.207: [CMS-concurrent-mark: 2.844/2.844 secs] [Times: user=6.00 sys=0.22, real=2.85 secs] 
2020-08-02T02:19:43.229+0800: 12497167.207: [CMS-concurrent-preclean-start]
2020-08-02T02:19:43.238+0800: 12497167.216: [CMS-concurrent-preclean: 0.008/0.009 secs] [Times: user=0.01 sys=0.00, real=0.00 secs] 
2020-08-02T02:19:43.238+0800: 12497167.216: [CMS-concurrent-abortable-preclean-start]
 CMS: abort preclean due to time 2020-08-02T02:19:48.334+0800: 12497172.312: [CMS-concurrent-abortable-preclean: 3.995/5.096 secs] [Times: user=4.55 sys=0.60, real=5.10 secs] 
2020-08-02T02:19:48.336+0800: 12497172.314: [GC (CMS Final Remark) [YG occupancy: 424607 K (737280 K)]2020-08-02T02:19:48.336+0800: 12497172.314: [Rescan (parallel) , 0.0302339 secs]2020-08-02T02:19:48.366+0800: 12497172.344: [weak refs processing, 0.0000348 secs]2020-08-02T02:19:48.366+0800: 12497172.344: [class unloading, 0.0173440 secs]2020-08-02T02:19:48.383+0800: 12497172.361: [scrub symbol table, 0.0062980 secs]2020-08-02T02:19:48.390+0800: 12497172.368: [scrub string table, 0.0008870 secs][1 CMS-remark: 4774872K(5472256K)] 5199480K(6209536K), 0.0549508 secs] [Times: user=0.23 sys=0.00, real=0.06 secs] 
2020-08-02T02:19:48.391+0800: 12497172.369: [CMS-concurrent-sweep-start]
2020-08-02T02:19:50.326+0800: 12497174.304: [CMS-concurrent-sweep: 1.935/1.935 secs] [Times: user=2.12 sys=0.25, real=1.93 secs] 
2020-08-02T02:19:50.326+0800: 12497174.304: [CMS-concurrent-reset-start]
2020-08-02T02:19:50.345+0800: 12497174.323: [CMS-concurrent-reset: 0.019/0.019 secs] [Times: user=0.03 sys=0.00, real=0.02 secs] 
2020-08-02T02:19:52.346+0800: 12497176.324: [GC (CMS Initial Mark) [1 CMS-initial-mark: 4769067K(5472256K)] 5233899K(6209536K), 0.0344329 secs] [Times: user=0.20 sys=0.00, real=0.04 secs] 
2020-08-02T02:19:52.381+0800: 12497176.359: [CMS-concurrent-mark-start]
2020-08-02T02:19:55.916+0800: 12497179.894: [CMS-concurrent-mark: 3.534/3.535 secs] [Times: user=7.68 sys=0.56, real=3.53 secs] 
2020-08-02T02:19:55.916+0800: 12497179.894: [CMS-concurrent-preclean-start]
2020-08-02T02:19:55.929+0800: 12497179.907: [CMS-concurrent-preclean: 0.013/0.013 secs] [Times: user=0.02 sys=0.00, real=0.02 secs] 
2020-08-02T02:19:55.929+0800: 12497179.907: [CMS-concurrent-abortable-preclean-start]
 CMS: abort preclean due to time 2020-08-02T02:20:01.257+0800: 12497185.235: [CMS-concurrent-abortable-preclean: 5.003/5.328 secs] [Times: user=5.57 sys=0.91, real=5.32 secs] 
2020-08-02T02:20:01.259+0800: 12497185.237: [GC (CMS Final Remark) [YG occupancy: 592671 K (737280 K)]2020-08-02T02:20:01.259+0800: 12497185.237: [Rescan (parallel) , 0.0496344 secs]2020-08-02T02:20:01.309+0800: 12497185.286: [weak refs processing, 0.0000352 secs]2020-08-02T02:20:01.309+0800: 12497185.287: [class unloading, 0.0170599 secs]2020-08-02T02:20:01.326+0800: 12497185.304: [scrub symbol table, 0.0062474 secs]2020-08-02T02:20:01.332+0800: 12497185.310: [scrub string table, 0.0009104 secs][1 CMS-remark: 4769067K(5472256K)] 5361738K(6209536K), 0.0740545 secs] [Times: user=0.32 sys=0.00, real=0.07 secs] 
2020-08-02T02:20:01.333+0800: 12497185.311: [CMS-concurrent-sweep-start]
2020-08-02T02:20:03.285+0800: 12497187.263: [CMS-concurrent-sweep: 1.952/1.952 secs] [Times: user=2.18 sys=0.36, real=1.95 secs] 
2020-08-02T02:20:03.285+0800: 12497187.263: [CMS-concurrent-reset-start]
2020-08-02T02:20:03.304+0800: 12497187.282: [CMS-concurrent-reset: 0.019/0.019 secs] [Times: user=0.02 sys=0.01, real=0.02 secs] 
2020-08-02T02:20:05.305+0800: 12497189.283: [GC (CMS Initial Mark) [1 CMS-initial-mark: 4769066K(5472256K)] 5402555K(6209536K), 0.0384967 secs] [Times: user=0.28 sys=0.01, real=0.04 secs] 
2020-08-02T02:20:05.343+0800: 12497189.321: [CMS-concurrent-mark-start]
2020-08-02T02:20:08.337+0800: 12497192.315: [CMS-concurrent-mark: 2.994/2.994 secs] [Times: user=6.62 sys=0.39, real=2.99 secs] 
2020-08-02T02:20:08.337+0800: 12497192.315: [CMS-concurrent-preclean-start]
2020-08-02T02:20:08.345+0800: 12497192.323: [CMS-concurrent-preclean: 0.008/0.008 secs] [Times: user=0.01 sys=0.00, real=0.01 secs] 
2020-08-02T02:20:08.345+0800: 12497192.323: [CMS-concurrent-abortable-preclean-start]
2020-08-02T02:20:09.380+0800: 12497193.358: [GC (Allocation Failure) 2020-08-02T02:20:09.381+0800: 12497193.358: [ParNew: 737280K->81920K(737280K), 0.1142413 secs] 5506346K->4901781K(6209536K), 0.1144085 secs] [Times: user=0.63 sys=0.00, real=0.11 secs] 
 CMS: abort preclean due to time 2020-08-02T02:20:13.462+0800: 12497197.440: [CMS-concurrent-abortable-preclean: 4.297/5.117 secs] [Times: user=5.44 sys=0.22, real=5.12 secs] 
2020-08-02T02:20:13.464+0800: 12497197.442: [GC (CMS Final Remark) [YG occupancy: 154744 K (737280 K)]2020-08-02T02:20:13.464+0800: 12497197.442: [Rescan (parallel) , 0.0154741 secs]2020-08-02T02:20:13.480+0800: 12497197.457: [weak refs processing, 0.0000355 secs]2020-08-02T02:20:13.480+0800: 12497197.457: [class unloading, 0.0171463 secs]2020-08-02T02:20:13.497+0800: 12497197.475: [scrub symbol table, 0.0063985 secs]2020-08-02T02:20:13.503+0800: 12497197.481: [scrub string table, 0.0009404 secs][1 CMS-remark: 4819861K(5472256K)] 4974605K(6209536K), 0.0401593 secs] [Times: user=0.13 sys=0.00, real=0.04 secs] 
2020-08-02T02:20:13.504+0800: 12497197.482: [CMS-concurrent-sweep-start]
2020-08-02T02:20:15.261+0800: 12497199.239: [CMS-concurrent-sweep: 1.757/1.757 secs] [Times: user=1.97 sys=0.05, real=1.76 secs] 
2020-08-02T02:20:15.262+0800: 12497199.239: [CMS-concurrent-reset-start]
2020-08-02T02:20:15.281+0800: 12497199.258: [CMS-concurrent-reset: 0.019/0.019 secs] [Times: user=0.02 sys=0.00, real=0.02 secs] 
2020-08-02T02:20:17.281+0800: 12497201.259: [GC (CMS Initial Mark) [1 CMS-initial-mark: 4819850K(5472256K)] 5037641K(6209536K), 0.0138560 secs] [Times: user=0.09 sys=0.00, real=0.01 secs] 
2020-08-02T02:20:17.295+0800: 12497201.273: [CMS-concurrent-mark-start]
2020-08-02T02:20:20.149+0800: 12497204.127: [CMS-concurrent-mark: 2.854/2.854 secs] [Times: user=6.08 sys=0.06, real=2.86 secs] 
2020-08-02T02:20:20.149+0800: 12497204.127: [CMS-concurrent-preclean-start]
2020-08-02T02:20:20.159+0800: 12497204.137: [CMS-concurrent-preclean: 0.010/0.010 secs] [Times: user=0.01 sys=0.00, real=0.01 secs] 
2020-08-02T02:20:20.159+0800: 12497204.137: [CMS-concurrent-abortable-preclean-start]
 CMS: abort preclean due to time 2020-08-02T02:20:25.370+0800: 12497209.348: [CMS-concurrent-abortable-preclean: 4.108/5.210 secs] [Times: user=4.64 sys=0.27, real=5.21 secs] 
2020-08-02T02:20:25.371+0800: 12497209.349: [GC (CMS Final Remark) [YG occupancy: 343099 K (737280 K)]2020-08-02T02:20:25.371+0800: 12497209.349: [Rescan (parallel) , 0.0322526 secs]2020-08-02T02:20:25.404+0800: 12497209.381: [weak refs processing, 0.0000565 secs]2020-08-02T02:20:25.404+0800: 12497209.381: [class unloading, 0.0174232 secs]2020-08-02T02:20:25.421+0800: 12497209.399: [scrub symbol table, 0.0062187 secs]2020-08-02T02:20:25.427+0800: 12497209.405: [scrub string table, 0.0008639 secs][1 CMS-remark: 4819850K(5472256K)] 5162950K(6209536K), 0.0569902 secs] [Times: user=0.26 sys=0.00, real=0.06 secs] 
2020-08-02T02:20:25.428+0800: 12497209.406: [CMS-concurrent-sweep-start]
2020-08-02T02:20:27.199+0800: 12497211.177: [CMS-concurrent-sweep: 1.771/1.771 secs] [Times: user=1.91 sys=0.02, real=1.77 secs] 
2020-08-02T02:20:27.199+0800: 12497211.177: [CMS-concurrent-reset-start]
2020-08-02T02:20:27.218+0800: 12497211.196: [CMS-concurrent-reset: 0.019/0.019 secs] [Times: user=0.02 sys=0.00, real=0.01 secs] 
2020-08-02T02:20:29.219+0800: 12497213.197: [GC (CMS Initial Mark) [1 CMS-initial-mark: 4803760K(5472256K)] 5201311K(6209536K), 0.0232457 secs] [Times: user=0.17 sys=0.01, real=0.02 secs] 
2020-08-02T02:20:29.243+0800: 12497213.221: [CMS-concurrent-mark-start]
2020-08-02T02:20:32.044+0800: 12497216.021: [CMS-concurrent-mark: 2.801/2.801 secs] [Times: user=6.43 sys=0.25, real=2.80 secs] 
2020-08-02T02:20:32.044+0800: 12497216.022: [CMS-concurrent-preclean-start]
2020-08-02T02:20:32.052+0800: 12497216.029: [CMS-concurrent-preclean: 0.008/0.008 secs] [Times: user=0.00 sys=0.00, real=0.01 secs] 
2020-08-02T02:20:32.052+0800: 12497216.029: [CMS-concurrent-abortable-preclean-start]
 CMS: abort preclean due to time 2020-08-02T02:20:37.172+0800: 12497221.149: [CMS-concurrent-abortable-preclean: 4.119/5.120 secs] [Times: user=4.68 sys=0.40, real=5.12 secs] 
2020-08-02T02:20:37.173+0800: 12497221.151: [GC (CMS Final Remark) [YG occupancy: 666650 K (737280 K)]2020-08-02T02:20:37.173+0800: 12497221.151: [Rescan (parallel) , 0.0473371 secs]2020-08-02T02:20:37.221+0800: 12497221.198: [weak refs processing, 0.0000365 secs]2020-08-02T02:20:37.221+0800: 12497221.198: [class unloading, 0.0176321 secs]2020-08-02T02:20:37.238+0800: 12497221.216: [scrub symbol table, 0.0067773 secs]2020-08-02T02:20:37.245+0800: 12497221.223: [scrub string table, 0.0010378 secs][1 CMS-remark: 4803760K(5472256K)] 5470411K(6209536K), 0.0730133 secs] [Times: user=0.34 sys=0.00, real=0.07 secs] 
2020-08-02T02:20:37.246+0800: 12497221.224: [CMS-concurrent-sweep-start]
2020-08-02T02:20:37.880+0800: 12497221.858: [GC (Allocation Failure) 2020-08-02T02:20:37.880+0800: 12497221.858: [ParNew: 737280K->81920K(737280K), 0.1126633 secs] 5541031K->4929209K(6209536K), 0.1152573 secs] [Times: user=0.71 sys=0.00, real=0.11 secs] 
2020-08-02T02:20:39.210+0800: 12497223.187: [CMS-concurrent-sweep: 1.845/1.963 secs] [Times: user=3.12 sys=0.20, real=1.97 secs] 
2020-08-02T02:20:39.210+0800: 12497223.187: [CMS-concurrent-reset-start]
2020-08-02T02:20:39.228+0800: 12497223.206: [CMS-concurrent-reset: 0.019/0.019 secs] [Times: user=0.02 sys=0.00, real=0.02 secs] 
2020-08-02T02:20:41.229+0800: 12497225.207: [GC (CMS Initial Mark) [1 CMS-initial-mark: 4847287K(5472256K)] 5015249K(6209536K), 0.0194203 secs] [Times: user=0.08 sys=0.00, real=0.02 secs] 
2020-08-02T02:20:41.249+0800: 12497225.226: [CMS-concurrent-mark-start]
2020-08-02T02:20:44.303+0800: 12497228.281: [CMS-concurrent-mark: 3.052/3.054 secs] [Times: user=7.95 sys=0.27, real=3.05 secs] 
2020-08-02T02:20:44.303+0800: 12497228.281: [CMS-concurrent-preclean-start]
2020-08-02T02:20:44.311+0800: 12497228.289: [CMS-concurrent-preclean: 0.008/0.008 secs] [Times: user=0.01 sys=0.00, real=0.01 secs] 
2020-08-02T02:20:44.311+0800: 12497228.289: [CMS-concurrent-abortable-preclean-start]
2020-08-02T02:20:47.504+0800: 12497231.482: [GC (Allocation Failure) 2020-08-02T02:20:47.504+0800: 12497231.482: [ParNew2020-08-02T02:20:47.598+0800: 12497231.576: [CMS-concurrent-abortable-preclean: 2.487/3.287 secs] [Times: user=6.53 sys=0.03, real=3.28 secs] 
: 737280K->81920K(737280K), 1.1268857 secs] 5584567K->5238650K(6209536K), 1.1270951 secs] [Times: user=7.80 sys=0.00, real=1.13 secs] 
2020-08-02T02:20:48.632+0800: 12497232.610: [GC (CMS Final Remark) [YG occupancy: 86513 K (737280 K)]2020-08-02T02:20:48.632+0800: 12497232.610: [Rescan (parallel) , 0.1419779 secs]2020-08-02T02:20:48.774+0800: 12497232.752: [weak refs processing, 0.0000587 secs]2020-08-02T02:20:48.774+0800: 12497232.752: [class unloading, 0.0185109 secs]2020-08-02T02:20:48.793+0800: 12497232.771: [scrub symbol table, 0.0067164 secs]2020-08-02T02:20:48.800+0800: 12497232.778: [scrub string table, 0.0008720 secs][1 CMS-remark: 5156730K(5472256K)] 5243243K(6209536K), 0.1682887 secs] [Times: user=1.02 sys=0.00, real=0.17 secs] 
2020-08-02T02:20:48.801+0800: 12497232.779: [CMS-concurrent-sweep-start]
2020-08-02T02:20:49.337+0800: 12497233.314: [GC (Allocation Failure) 2020-08-02T02:20:49.337+0800: 12497233.315: [ParNew: 737280K->737280K(737280K), 0.0000233 secs]2020-08-02T02:20:49.337+0800: 12497233.315: [CMS2020-08-02T02:20:50.723+0800: 12497234.701: [CMS-concurrent-sweep: 1.920/1.922 secs] [Times: user=2.58 sys=0.00, real=1.92 secs] 
 (concurrent mode failure): 5156611K->4704541K(5472256K), 13.8091109 secs] 5893891K->4704541K(6209536K), [Metaspace: 46722K->46722K(1091584K)], 13.8096630 secs] [Times: user=13.48 sys=0.00, real=13.81 secs] 
2020-08-02T02:21:03.740+0800: 12497247.718: [GC (Allocation Failure) 2020-08-02T02:21:03.740+0800: 12497247.718: [ParNew: 655360K->79446K(737280K), 0.0083912 secs] 5359901K->4783987K(6209536K), 0.0085669 secs] [Times: user=0.05 sys=0.00, real=0.01 secs] 
2020-08-02T02:21:03.750+0800: 12497247.728: [GC (CMS Initial Mark) [1 CMS-initial-mark: 4704541K(5472256K)] 4793410K(6209536K), 0.0012274 secs] [Times: user=0.00 sys=0.00, real=0.00 secs] 
2020-08-02T02:21:03.752+0800: 12497247.729: [CMS-concurrent-mark-start]
2020-08-02T02:21:04.237+0800: 12497248.215: [GC (Allocation Failure) 2020-08-02T02:21:04.237+0800: 12497248.215: [ParNew: 734806K->19890K(737280K), 0.0071720 secs] 5439347K->4724431K(6209536K), 0.0072955 secs] [Times: user=0.05 sys=0.00, real=0.01 secs] 
2020-08-02T02:21:04.714+0800: 12497248.691: [GC (Allocation Failure) 2020-08-02T02:21:04.714+0800: 12497248.692: [ParNew: 675250K->5003K(737280K), 0.0076794 secs] 5379791K->4709544K(6209536K), 0.0078106 secs] [Times: user=0.05 sys=0.00, real=0.01 secs] 
2020-08-02T02:21:05.236+0800: 12497249.214: [GC (Allocation Failure) 2020-08-02T02:21:05.236+0800: 12497249.214: [ParNew: 660363K->1280K(737280K), 0.0098505 secs] 5364904K->4705821K(6209536K), 0.0099992 secs] [Times: user=0.06 sys=0.00, real=0.01 secs] 
2020-08-02T02:21:05.698+0800: 12497249.676: [GC (Allocation Failure) 2020-08-02T02:21:05.698+0800: 12497249.676: [ParNew: 656640K->481K(737280K), 0.0225235 secs] 5361181K->4705022K(6209536K), 0.0226828 secs] [Times: user=0.08 sys=0.00, real=0.03 secs] 
2020-08-02T02:21:06.174+0800: 12497250.152: [GC (Allocation Failure) 2020-08-02T02:21:06.174+0800: 12497250.152: [ParNew: 655841K->268K(737280K), 0.0070082 secs] 5360382K->4704809K(6209536K), 0.0071521 secs] [Times: user=0.05 sys=0.00, real=0.01 secs] 
2020-08-02T02:21:06.674+0800: 12497250.652: [GC (Allocation Failure) 2020-08-02T02:21:06.674+0800: 12497250.652: [ParNew: 655628K->183K(737280K), 0.0077285 secs] 5360169K->4704885K(6209536K), 0.0078619 secs] [Times: user=0.05 sys=0.00, real=0.01 secs] 
2020-08-02T02:21:07.141+0800: 12497251.119: [GC (Allocation Failure) 2020-08-02T02:21:07.141+0800: 12497251.119: [ParNew: 655543K->72K(737280K), 0.0180341 secs] 5360245K->4704786K(6209536K), 0.0181905 secs] [Times: user=0.07 sys=0.00, real=0.02 secs] 
2020-08-02T02:21:07.621+0800: 12497251.599: [GC (Allocation Failure) 2020-08-02T02:21:07.621+0800: 12497251.599: [ParNew: 655432K->43K(737280K), 0.0069633 secs] 5360146K->4704761K(6209536K), 0.0071063 secs] [Times: user=0.05 sys=0.00, real=0.01 secs] 
2020-08-02T02:21:08.089+0800: 12497252.066: [GC (Allocation Failure) 2020-08-02T02:21:08.089+0800: 12497252.067: [ParNew: 655403K->51K(737280K), 0.0133925 secs] 5360121K->4704769K(6209536K), 0.0135682 secs] [Times: user=0.07 sys=0.00, real=0.01 secs] 
2020-08-02T02:21:08.583+0800: 12497252.561: [GC (Allocation Failure) 2020-08-02T02:21:08.583+0800: 12497252.561: [ParNew: 655411K->42K(737280K), 0.0093880 secs] 5360129K->4704772K(6209536K), 0.0095378 secs] [Times: user=0.06 sys=0.00, real=0.01 secs] 
2020-08-02T02:21:09.083+0800: 12497253.061: [GC (Allocation Failure) 2020-08-02T02:21:09.083+0800: 12497253.061: [ParNew: 655402K->27K(737280K), 0.0099052 secs] 5360132K->4704770K(6209536K), 0.0100946 secs] [Times: user=0.07 sys=0.00, real=0.01 secs] 
2020-08-02T02:21:09.362+0800: 12497253.340: [CMS-concurrent-mark: 5.471/5.610 secs] [Times: user=17.49 sys=0.00, real=5.61 secs] 
2020-08-02T02:21:09.362+0800: 12497253.340: [CMS-concurrent-preclean-start]
2020-08-02T02:21:09.371+0800: 12497253.348: [CMS-concurrent-preclean: 0.008/0.009 secs] [Times: user=0.02 sys=0.00, real=0.01 secs] 
2020-08-02T02:21:09.371+0800: 12497253.348: [CMS-concurrent-abortable-preclean-start]
2020-08-02T02:21:09.594+0800: 12497253.572: [GC (Allocation Failure) 2020-08-02T02:21:09.594+0800: 12497253.572: [ParNew: 655387K->21K(737280K), 0.0068366 secs] 5360130K->4704764K(6209536K), 0.0069688 secs] [Times: user=0.05 sys=0.00, real=0.01 secs] 
2020-08-02T02:21:10.044+0800: 12497254.022: [CMS-concurrent-abortable-preclean: 0.065/0.674 secs] [Times: user=0.90 sys=0.00, real=0.67 secs] 
2020-08-02T02:21:10.046+0800: 12497254.024: [GC (CMS Final Remark) [YG occupancy: 590189 K (737280 K)]2020-08-02T02:21:10.046+0800: 12497254.024: [Rescan (parallel) , 0.0480796 secs]2020-08-02T02:21:10.094+0800: 12497254.072: [weak refs processing, 0.0000439 secs]2020-08-02T02:21:10.094+0800: 12497254.072: [class unloading, 0.0175809 secs]2020-08-02T02:21:10.112+0800: 12497254.090: [scrub symbol table, 0.0060344 secs]2020-08-02T02:21:10.118+0800: 12497254.096: [scrub string table, 0.0008888 secs][1 CMS-remark: 4704743K(5472256K)] 5294932K(6209536K), 0.0727684 secs] [Times: user=0.36 sys=0.00, real=0.08 secs] 
2020-08-02T02:21:10.119+0800: 12497254.097: [CMS-concurrent-sweep-start]
2020-08-02T02:21:10.162+0800: 12497254.140: [GC (Allocation Failure) 2020-08-02T02:21:10.162+0800: 12497254.140: [ParNew: 655381K->25K(737280K), 0.0084653 secs] 5360124K->4704770K(6209536K), 0.0086265 secs] [Times: user=0.06 sys=0.00, real=0.01 secs] 
2020-08-02T02:21:10.665+0800: 12497254.643: [GC (Allocation Failure) 2020-08-02T02:21:10.665+0800: 12497254.643: [ParNew: 655385K->24K(737280K), 0.0106492 secs] 5360127K->4704767K(6209536K), 0.0108048 secs] [Times: user=0.07 sys=0.00, real=0.01 secs] 
2020-08-02T02:21:11.132+0800: 12497255.110: [GC (Allocation Failure) 2020-08-02T02:21:11.132+0800: 12497255.110: [ParNew: 655384K->25K(737280K), 0.0130380 secs] 5360123K->4704774K(6209536K), 0.0131825 secs] [Times: user=0.08 sys=0.00, real=0.01 secs] 
2020-08-02T02:21:11.629+0800: 12497255.606: [GC (Allocation Failure) 2020-08-02T02:21:11.629+0800: 12497255.607: [ParNew: 655385K->28K(737280K), 0.0101460 secs] 5360066K->4704710K(6209536K), 0.0102980 secs] [Times: user=0.06 sys=0.00, real=0.01 secs] 
2020-08-02T02:21:11.780+0800: 12497255.758: [CMS-concurrent-sweep: 1.611/1.661 secs] [Times: user=3.58 sys=0.00, real=1.66 secs] 
2020-08-02T02:21:11.780+0800: 12497255.758: [CMS-concurrent-reset-start]
2020-08-02T02:21:11.799+0800: 12497255.777: [CMS-concurrent-reset: 0.019/0.019 secs] [Times: user=0.04 sys=0.00, real=0.02 secs] 
2020-08-02T02:21:12.082+0800: 12497256.059: [GC (Allocation Failure) 2020-08-02T02:21:12.082+0800: 12497256.059: [ParNew: 655388K->38K(737280K), 0.0119591 secs] 5359347K->4703998K(6209536K), 0.0121288 secs] [Times: user=0.06 sys=0.00, real=0.01 secs] 
2020-08-02T02:21:12.095+0800: 12497256.073: [GC (CMS Initial Mark) [1 CMS-initial-mark: 4703960K(5472256K)] 4717066K(6209536K), 0.0010516 secs] [Times: user=0.00 sys=0.00, real=0.00 secs] 
2020-08-02T02:21:12.096+0800: 12497256.074: [CMS-concurrent-mark-start]
2020-08-02T02:21:12.746+0800: 12497256.724: [GC (Allocation Failure) 2020-08-02T02:21:12.746+0800: 12497256.724: [ParNew: 655398K->36K(737280K), 0.0069898 secs] 5359358K->4703996K(6209536K), 0.0071573 secs] [Times: user=0.06 sys=0.00, real=0.01 secs] 
2020-08-02T02:21:13.407+0800: 12497257.385: [GC (Allocation Failure) 2020-08-02T02:21:13.407+0800: 12497257.385: [ParNew: 655396K->36K(737280K), 0.0076398 secs] 5359356K->4703997K(6209536K), 0.0077855 secs] [Times: user=0.06 sys=0.00, real=0.00 secs] 
2020-08-02T02:21:14.080+0800: 12497258.057: [GC (Allocation Failure) 2020-08-02T02:21:14.080+0800: 12497258.058: [ParNew: 655396K->41K(737280K), 0.0095517 secs] 5359357K->4704003K(6209536K), 0.0096988 secs] [Times: user=0.06 sys=0.00, real=0.01 secs] 
2020-08-02T02:21:14.705+0800: 12497258.683: [GC (Allocation Failure) 2020-08-02T02:21:14.705+0800: 12497258.683: [ParNew: 655401K->27K(737280K), 0.0098121 secs] 5359363K->4704000K(6209536K), 0.0099757 secs] [Times: user=0.06 sys=0.00, real=0.01 secs] 
2020-08-02T02:21:15.230+0800: 12497259.208: [GC (Allocation Failure) 2020-08-02T02:21:15.230+0800: 12497259.208: [ParNew: 655387K->25K(737280K), 0.0126483 secs] 5359360K->4704003K(6209536K), 0.0128099 secs] [Times: user=0.05 sys=0.00, real=0.01 secs] 
2020-08-02T02:21:15.694+0800: 12497259.672: [GC (Allocation Failure) 2020-08-02T02:21:15.694+0800: 12497259.672: [ParNew: 655385K->16K(737280K), 0.0068908 secs] 5359363K->4704004K(6209536K), 0.0070262 secs] [Times: user=0.04 sys=0.00, real=0.01 secs] 
2020-08-02T02:21:16.309+0800: 12497260.287: [GC (Allocation Failure) 2020-08-02T02:21:16.309+0800: 12497260.287: [ParNew: 655376K->16K(737280K), 0.0117770 secs] 5359364K->4704004K(6209536K), 0.0119276 secs] [Times: user=0.08 sys=0.00, real=0.01 secs] 
2020-08-02T02:21:16.933+0800: 12497260.911: [GC (Allocation Failure) 2020-08-02T02:21:16.934+0800: 12497260.911: [ParNew: 655376K->16K(737280K), 0.0069153 secs] 5359364K->4704004K(6209536K), 0.0070473 secs] [Times: user=0.05 sys=0.00, real=0.01 secs] 
2020-08-02T02:21:17.545+0800: 12497261.523: [GC (Allocation Failure) 2020-08-02T02:21:17.545+0800: 12497261.523: [ParNew: 655376K->26K(737280K), 0.0069986 secs] 5359364K->4704015K(6209536K), 0.0071408 secs] [Times: user=0.04 sys=0.00, real=0.01 secs] 
2020-08-02T02:21:17.662+0800: 12497261.640: [CMS-concurrent-mark: 5.469/5.566 secs] [Times: user=16.97 sys=0.00, real=5.57 secs] 
2020-08-02T02:21:17.663+0800: 12497261.640: [CMS-concurrent-preclean-start]
2020-08-02T02:21:17.670+0800: 12497261.648: [CMS-concurrent-preclean: 0.007/0.007 secs] [Times: user=0.01 sys=0.00, real=0.01 secs] 
2020-08-02T02:21:17.670+0800: 12497261.648: [CMS-concurrent-abortable-preclean-start]
2020-08-02T02:21:18.004+0800: 12497261.982: [GC (Allocation Failure) 2020-08-02T02:21:18.004+0800: 12497261.982: [ParNew: 655386K->24K(737280K), 0.0066884 secs] 5359375K->4704015K(6209536K), 0.0068067 secs] [Times: user=0.05 sys=0.00, real=0.01 secs] 
2020-08-02T02:21:18.338+0800: 12497262.316: [CMS-concurrent-abortable-preclean: 0.054/0.668 secs] [Times: user=0.77 sys=0.00, real=0.66 secs] 
2020-08-02T02:21:18.340+0800: 12497262.318: [GC (CMS Final Remark) [YG occupancy: 497813 K (737280 K)]2020-08-02T02:21:18.340+0800: 12497262.318: [Rescan (parallel) , 0.0494286 secs]2020-08-02T02:21:18.389+0800: 12497262.367: [weak refs processing, 0.0000383 secs]2020-08-02T02:21:18.389+0800: 12497262.367: [class unloading, 0.0183776 secs]2020-08-02T02:21:18.408+0800: 12497262.385: [scrub symbol table, 0.0062055 secs]2020-08-02T02:21:18.414+0800: 12497262.392: [scrub string table, 0.0008941 secs][1 CMS-remark: 4703990K(5472256K)] 5201804K(6209536K), 0.0750970 secs] [Times: user=0.34 sys=0.00, real=0.07 secs] 
2020-08-02T02:21:18.415+0800: 12497262.393: [CMS-concurrent-sweep-start]
2020-08-02T02:21:18.532+0800: 12497262.509: [GC (Allocation Failure) 2020-08-02T02:21:18.532+0800: 12497262.510: [ParNew: 655384K->24K(737280K), 0.0096945 secs] 5359375K->4704015K(6209536K), 0.0098397 secs] [Times: user=0.06 sys=0.00, real=0.01 secs] 
2020-08-02T02:21:18.988+0800: 12497262.965: [GC (Allocation Failure) 2020-08-02T02:21:18.988+0800: 12497262.966: [ParNew: 655384K->25K(737280K), 0.0119950 secs] 5359375K->4704015K(6209536K), 0.0121620 secs] [Times: user=0.06 sys=0.00, real=0.01 secs] 
2020-08-02T02:21:19.483+0800: 12497263.461: [GC (Allocation Failure) 2020-08-02T02:21:19.483+0800: 12497263.461: [ParNew: 655385K->27K(737280K), 0.0089295 secs] 5359374K->4704017K(6209536K), 0.0090810 secs] [Times: user=0.06 sys=0.00, real=0.01 secs] 
2020-08-02T02:21:19.961+0800: 12497263.939: [GC (Allocation Failure) 2020-08-02T02:21:19.961+0800: 12497263.939: [ParNew: 655387K->28K(737280K), 0.0254658 secs] 5359376K->4704018K(6209536K), 0.0256094 secs] [Times: user=0.11 sys=0.00, real=0.03 secs] 
2020-08-02T02:21:20.135+0800: 12497264.113: [CMS-concurrent-sweep: 1.657/1.720 secs] [Times: user=3.62 sys=0.00, real=1.72 secs] 
2020-08-02T02:21:20.135+0800: 12497264.113: [CMS-concurrent-reset-start]
2020-08-02T02:21:20.156+0800: 12497264.134: [CMS-concurrent-reset: 0.021/0.021 secs] [Times: user=0.05 sys=0.00, real=0.02 secs] 
2020-08-02T02:21:20.466+0800: 12497264.444: [GC (Allocation Failure) 2020-08-02T02:21:20.466+0800: 12497264.444: [ParNew: 655388K->12K(737280K), 0.0126013 secs] 5359337K->4703972K(6209536K), 0.0127770 secs] [Times: user=0.05 sys=0.00, real=0.02 secs] 
2020-08-02T02:21:20.480+0800: 12497264.458: [GC (CMS Initial Mark) [1 CMS-initial-mark: 4703960K(5472256K)] 4717078K(6209536K), 0.0010927 secs] [Times: user=0.01 sys=0.00, real=0.00 secs] 
2020-08-02T02:21:20.482+0800: 12497264.459: [CMS-concurrent-mark-start]
2020-08-02T02:21:21.145+0800: 12497265.122: [GC (Allocation Failure) 2020-08-02T02:21:21.145+0800: 12497265.123: [ParNew: 655372K->16K(737280K), 0.0161309 secs] 5359332K->4703978K(6209536K), 0.0162814 secs] [Times: user=0.10 sys=0.00, real=0.02 secs] 
2020-08-02T02:21:21.642+0800: 12497265.620: [GC (Allocation Failure) 2020-08-02T02:21:21.642+0800: 12497265.620: [ParNew: 655376K->16K(737280K), 0.0094001 secs] 5359338K->4703979K(6209536K), 0.0095486 secs] [Times: user=0.06 sys=0.00, real=0.01 secs] 
2020-08-02T02:21:22.142+0800: 12497266.119: [GC (Allocation Failure) 2020-08-02T02:21:22.142+0800: 12497266.119: [ParNew: 655376K->14K(737280K), 0.0210456 secs] 5359339K->4703978K(6209536K), 0.0211862 secs] [Times: user=0.07 sys=0.00, real=0.02 secs] 
2020-08-02T02:21:22.677+0800: 12497266.655: [GC (Allocation Failure) 2020-08-02T02:21:22.677+0800: 12497266.655: [ParNew: 655374K->16K(737280K), 0.0079056 secs] 5359338K->4703980K(6209536K), 0.0080460 secs] [Times: user=0.05 sys=0.00, real=0.01 secs] 
2020-08-02T02:21:23.190+0800: 12497267.168: [GC (Allocation Failure) 2020-08-02T02:21:23.190+0800: 12497267.168: [ParNew: 655376K->16K(737280K), 0.0095630 secs] 5359340K->4703981K(6209536K), 0.0097229 secs] [Times: user=0.06 sys=0.00, real=0.01 secs] 
2020-08-02T02:21:23.718+0800: 12497267.696: [GC (Allocation Failure) 2020-08-02T02:21:23.718+0800: 12497267.696: [ParNew: 655376K->18K(737280K), 0.0302654 secs] 5359341K->4703984K(6209536K), 0.0304181 secs] [Times: user=0.13 sys=0.00, real=0.04 secs] 
2020-08-02T02:21:24.420+0800: 12497268.398: [GC (Allocation Failure) 2020-08-02T02:21:24.420+0800: 12497268.398: [ParNew: 655378K->16K(737280K), 0.0113420 secs] 5359344K->4703983K(6209536K), 0.0114920 secs] [Times: user=0.06 sys=0.00, real=0.01 secs] 
2020-08-02T02:21:25.921+0800: 12497269.899: [CMS-concurrent-mark: 5.320/5.439 secs] [Times: user=15.61 sys=0.00, real=5.44 secs] 
2020-08-02T02:21:25.921+0800: 12497269.899: [CMS-concurrent-preclean-start]
2020-08-02T02:21:25.930+0800: 12497269.908: [CMS-concurrent-preclean: 0.009/0.009 secs] [Times: user=0.01 sys=0.00, real=0.01 secs] 
2020-08-02T02:21:25.930+0800: 12497269.908: [CMS-concurrent-abortable-preclean-start]
 CMS: abort preclean due to time 2020-08-02T02:21:30.966+0800: 12497274.943: [CMS-concurrent-abortable-preclean: 0.423/5.035 secs] [Times: user=0.81 sys=0.00, real=5.03 secs] 
2020-08-02T02:21:30.967+0800: 12497274.945: [GC (CMS Final Remark) [YG occupancy: 619445 K (737280 K)]2020-08-02T02:21:30.967+0800: 12497274.945: [Rescan (parallel) , 0.0520300 secs]2020-08-02T02:21:31.019+0800: 12497274.997: [weak refs processing, 0.0000627 secs]2020-08-02T02:21:31.019+0800: 12497274.997: [class unloading, 0.0180406 secs]2020-08-02T02:21:31.037+0800: 12497275.015: [scrub symbol table, 0.0064275 secs]2020-08-02T02:21:31.044+0800: 12497275.022: [scrub string table, 0.0008521 secs][1 CMS-remark: 4703967K(5472256K)] 5323412K(6209536K), 0.0775913 secs] [Times: user=0.37 sys=0.00, real=0.07 secs] 
2020-08-02T02:21:31.045+0800: 12497275.023: [CMS-concurrent-sweep-start]
2020-08-02T02:21:32.943+0800: 12497276.921: [CMS-concurrent-sweep: 1.898/1.898 secs] [Times: user=2.11 sys=0.00, real=1.90 secs] 
2020-08-02T02:21:32.943+0800: 12497276.921: [CMS-concurrent-reset-start]
2020-08-02T02:21:32.965+0800: 12497276.943: [CMS-concurrent-reset: 0.022/0.022 secs] [Times: user=0.02 sys=0.00, real=0.02 secs] 
2020-08-02T02:21:33.034+0800: 12497277.012: [GC (Allocation Failure) 2020-08-02T02:21:33.034+0800: 12497277.012: [ParNew: 655376K->4788K(737280K), 0.0166339 secs] 5358751K->4708163K(6209536K), 0.0168086 secs] [Times: user=0.09 sys=0.00, real=0.02 secs] 
2020-08-02T02:21:33.053+0800: 12497277.031: [GC (CMS Initial Mark) [1 CMS-initial-mark: 4703375K(5472256K)] 4720632K(6209536K), 0.0013227 secs] [Times: user=0.00 sys=0.00, real=0.00 secs] 
2020-08-02T02:21:33.054+0800: 12497277.032: [CMS-concurrent-mark-start]
2020-08-02T02:21:34.067+0800: 12497278.045: [CMS-concurrent-mark: 1.006/1.013 secs] [Times: user=2.14 sys=0.00, real=1.02 secs] 
2020-08-02T02:21:34.067+0800: 12497278.045: [CMS-concurrent-preclean-start]
2020-08-02T02:21:34.074+0800: 12497278.052: [CMS-concurrent-preclean: 0.007/0.007 secs] [Times: user=0.00 sys=0.00, real=0.00 secs] 
2020-08-02T02:21:34.074+0800: 12497278.052: [CMS-concurrent-abortable-preclean-start]
 CMS: abort preclean due to time 2020-08-02T02:21:39.079+0800: 12497283.056: [CMS-concurrent-abortable-preclean: 0.693/5.004 secs] [Times: user=1.63 sys=0.00, real=5.01 secs] 
2020-08-02T02:21:39.080+0800: 12497283.058: [GC (CMS Final Remark) [YG occupancy: 71986 K (737280 K)]2020-08-02T02:21:39.080+0800: 12497283.058: [Rescan (parallel) , 0.0091716 secs]2020-08-02T02:21:39.090+0800: 12497283.067: [weak refs processing, 0.0000483 secs]2020-08-02T02:21:39.090+0800: 12497283.067: [class unloading, 0.0168567 secs]2020-08-02T02:21:39.106+0800: 12497283.084: [scrub symbol table, 0.0065315 secs]2020-08-02T02:21:39.113+0800: 12497283.091: [scrub string table, 0.0008316 secs][1 CMS-remark: 4703375K(5472256K)] 4775361K(6209536K), 0.0335974 secs] [Times: user=0.06 sys=0.00, real=0.03 secs] 
2020-08-02T02:21:39.114+0800: 12497283.092: [CMS-concurrent-sweep-start]
2020-08-02T02:21:46.301+0800: 12497290.279: [CMS-concurrent-sweep: 7.183/7.187 secs] [Times: user=7.88 sys=0.96, real=7.19 secs] 
2020-08-02T02:21:46.302+0800: 12497290.279: [CMS-concurrent-reset-start]
2020-08-02T02:21:46.320+0800: 12497290.298: [CMS-concurrent-reset: 0.019/0.019 secs] [Times: user=0.02 sys=0.00, real=0.02 secs] 
2020-08-02T02:22:26.509+0800: 12497330.487: [GC (Allocation Failure) 2020-08-02T02:22:26.509+0800: 12497330.487: [ParNew: 660148K->32310K(737280K), 0.0220066 secs] 1363345K->735508K(6209536K), 0.0222046 secs] [Times: user=0.08 sys=0.00, real=0.02 secs] 
2020-08-02T02:23:28.274+0800: 12497392.251: [GC (Allocation Failure) 2020-08-02T02:23:28.274+0800: 12497392.251: [ParNew: 687670K->22936K(737280K), 0.0485686 secs] 1390868K->726134K(6209536K), 0.0487804 secs] [Times: user=0.08 sys=0.00, real=0.05 secs] 
2020-08-02T02:24:13.264+0800: 12497437.242: [GC (Allocation Failure) 2020-08-02T02:24:13.264+0800: 12497437.242: [ParNew: 678296K->11356K(737280K), 0.0169055 secs] 1381494K->714554K(6209536K), 0.0170918 secs] [Times: user=0.07 sys=0.00, real=0.02 secs] 
2020-08-02T02:25:12.971+0800: 12497496.949: [GC (Allocation Failure) 2020-08-02T02:25:12.971+0800: 12497496.949: [ParNew: 666716K->13042K(737280K), 0.0133641 secs] 1369914K->716245K(6209536K), 0.0135362 secs] [Times: user=0.07 sys=0.00, real=0.01 secs] 
2020-08-02T02:26:04.315+0800: 12497548.293: [GC (Allocation Failure) 2020-08-02T02:26:04.315+0800: 12497548.293: [ParNew: 668402K->15982K(737280K), 0.0163137 secs] 1371605K->719185K(6209536K), 0.0164969 secs] [Times: user=0.07 sys=0.01, real=0.02 secs] 
2020-08-02T02:26:36.603+0800: 12497580.581: [GC (Allocation Failure) 2020-08-02T02:26:36.603+0800: 12497580.581: [ParNew: 671339K->13712K(737280K), 0.0195207 secs] 1374542K->718533K(6209536K), 0.0197002 secs] [Times: user=0.08 sys=0.00, real=0.02 secs] 
2020-08-02T02:27:21.468+0800: 12497625.446: [GC (Allocation Failure) 2020-08-02T02:27:21.468+0800: 12497625.446: [ParNew: 669072K->20923K(737280K), 0.0434528 secs] 1373893K->726228K(6209536K), 0.0437255 secs] [Times: user=0.13 sys=0.01, real=0.04 secs] 
2020-08-02T02:28:11.578+0800: 12497675.556: [GC (Allocation Failure) 2020-08-02T02:28:11.578+0800: 12497675.556: [ParNew: 676283K->11353K(737280K), 0.0148019 secs] 1381588K->717135K(6209536K), 0.0149929 secs] [Times: user=0.05 sys=0.01, real=0.02 secs] 
2020-08-02T02:28:51.147+0800: 12497715.125: [GC (Allocation Failure) 2020-08-02T02:28:51.148+0800: 12497715.125: [ParNew: 666713K->12179K(737280K), 0.0200758 secs] 1372495K->717973K(6209536K), 0.0202581 secs] [Times: user=0.08 sys=0.01, real=0.02 secs] 
2020-08-02T02:29:32.230+0800: 12497756.208: [GC (Allocation Failure) 2020-08-02T02:29:32.230+0800: 12497756.208: [ParNew: 667512K->13318K(737280K), 0.0182052 secs] 1373306K->719703K(6209536K), 0.0184463 secs] [Times: user=0.07 sys=0.00, real=0.02 secs] 
2020-08-02T02:30:12.389+0800: 12497796.367: [GC (Allocation Failure) 2020-08-02T02:30:12.389+0800: 12497796.367: [ParNew: 668557K->12996K(737280K), 0.0305672 secs] 1374943K->719872K(6209536K), 0.0307851 secs] [Times: user=0.10 sys=0.00, real=0.03 secs] 
2020-08-02T02:30:56.581+0800: 12497840.559: [GC (Allocation Failure) 2020-08-02T02:30:56.581+0800: 12497840.559: [ParNew: 668321K->12223K(737280K), 0.0230712 secs] 1375197K->719233K(6209536K), 0.0232477 secs] [Times: user=0.08 sys=0.00, real=0.02 secs] 
2020-08-02T02:31:46.669+0800: 12497890.647: [GC (Allocation Failure) 2020-08-02T02:31:46.669+0800: 12497890.647: [ParNew: 667583K->10794K(737280K), 0.0162421 secs] 1374593K->718022K(6209536K), 0.0164249 secs] [Times: user=0.07 sys=0.00, real=0.01 secs] 
2020-08-02T02:32:39.801+0800: 12497943.779: [GC (Allocation Failure) 2020-08-02T02:32:39.801+0800: 12497943.779: [ParNew: 666154K->20612K(737280K), 0.0225866 secs] 1373382K->728586K(6209536K), 0.0227733 secs] [Times: user=0.09 sys=0.00, real=0.02 secs] 
2020-08-02T02:34:06.823+0800: 12498030.800: [GC (Allocation Failure) 2020-08-02T02:34:06.823+0800: 12498030.800: [ParNew: 675972K->10601K(737280K), 0.0157741 secs] 1383946K->718644K(6209536K), 0.0159718 secs] [Times: user=0.06 sys=0.00, real=0.02 secs] 
2020-08-02T02:35:50.850+0800: 12498134.828: [GC (Allocation Failure) 2020-08-02T02:35:50.850+0800: 12498134.828: [ParNew: 665934K->13839K(737280K), 0.0334202 secs] 1373977K->722141K(6209536K), 0.0336211 secs] [Times: user=0.13 sys=0.00, real=0.03 secs] 
2020-08-02T02:37:29.567+0800: 12498233.545: [GC (Allocation Failure) 2020-08-02T02:37:29.568+0800: 12498233.545: [ParNew: 669199K->15226K(737280K), 0.0203535 secs] 1377501K->723661K(6209536K), 0.0205571 secs] [Times: user=0.08 sys=0.00, real=0.02 secs] 
2020-08-02T02:38:12.155+0800: 12498276.133: [GC (Allocation Failure) 2020-08-02T02:38:12.156+0800: 12498276.133: [ParNew: 670508K->21890K(737280K), 0.0225392 secs] 1378943K->730779K(6209536K), 0.0227486 secs] [Times: user=0.09 sys=0.00, real=0.02 secs] 
2020-08-02T02:38:50.380+0800: 12498314.358: [GC (Allocation Failure) 2020-08-02T02:38:50.380+0800: 12498314.358: [ParNew: 677220K->14426K(737280K), 0.0169507 secs] 1386109K->723579K(6209536K), 0.0171665 secs] [Times: user=0.07 sys=0.01, real=0.01 secs] 
2020-08-02T02:39:46.164+0800: 12498370.142: [GC (Allocation Failure) 2020-08-02T02:39:46.165+0800: 12498370.142: [ParNew: 669725K->22756K(737280K), 0.0255403 secs] 1378878K->732394K(6209536K), 0.0257473 secs] [Times: user=0.13 sys=0.00, real=0.03 secs] 
2020-08-02T02:40:33.887+0800: 12498417.865: [GC (Allocation Failure) 2020-08-02T02:40:33.887+0800: 12498417.865: [ParNew: 678116K->16039K(737280K), 0.0160943 secs] 1387754K->726203K(6209536K), 0.0162882 secs] [Times: user=0.07 sys=0.00, real=0.01 secs] 
2020-08-02T02:41:26.843+0800: 12498470.821: [GC (Allocation Failure) 2020-08-02T02:41:26.843+0800: 12498470.821: [ParNew: 671399K->15314K(737280K), 0.0147214 secs] 1381563K->725879K(6209536K), 0.0149273 secs] [Times: user=0.07 sys=0.00, real=0.01 secs] 
2020-08-02T02:42:22.876+0800: 12498526.854: [GC (Allocation Failure) 2020-08-02T02:42:22.876+0800: 12498526.854: [ParNew: 670674K->14870K(737280K), 0.0338839 secs] 1381239K->726872K(6209536K), 0.0341517 secs] [Times: user=0.10 sys=0.02, real=0.04 secs] 
2020-08-02T02:43:06.529+0800: 12498570.506: [GC (Allocation Failure) 2020-08-02T02:43:06.529+0800: 12498570.507: [ParNew: 670230K->11127K(737280K), 0.0164902 secs] 1382232K->723401K(6209536K), 0.0166822 secs] [Times: user=0.08 sys=0.00, real=0.01 secs] 
2020-08-02T02:44:03.819+0800: 12498627.797: [GC (Allocation Failure) 2020-08-02T02:44:03.819+0800: 12498627.797: [ParNew: 666487K->12166K(737280K), 0.0345864 secs] 1378761K->724716K(6209536K), 0.0347805 secs] [Times: user=0.12 sys=0.00, real=0.03 secs] 
2020-08-02T02:45:08.206+0800: 12498692.184: [GC (Allocation Failure) 2020-08-02T02:45:08.206+0800: 12498692.184: [ParNew: 667526K->10278K(737280K), 0.0157775 secs] 1380076K->722870K(6209536K), 0.0159792 secs] [Times: user=0.07 sys=0.00, real=0.02 secs] 
2020-08-02T02:46:22.975+0800: 12498766.952: [GC (Allocation Failure) 2020-08-02T02:46:22.975+0800: 12498766.953: [ParNew: 665638K->11648K(737280K), 0.0163070 secs] 1378230K->724784K(6209536K), 0.0164899 secs] [Times: user=0.07 sys=0.00, real=0.02 secs] 
2020-08-02T02:47:21.192+0800: 12498825.170: [GC (Allocation Failure) 2020-08-02T02:47:21.193+0800: 12498825.171: [ParNew: 666933K->14024K(737280K), 0.0169244 secs] 1380069K->727465K(6209536K), 0.0181121 secs] [Times: user=0.08 sys=0.00, real=0.02 secs] 
2020-08-02T02:48:17.574+0800: 12498881.552: [GC (Allocation Failure) 2020-08-02T02:48:17.574+0800: 12498881.552: [ParNew: 669384K->13801K(737280K), 0.0185860 secs] 1382825K->727654K(6209536K), 0.0187878 secs] [Times: user=0.06 sys=0.00, real=0.02 secs] 
2020-08-02T02:49:22.024+0800: 12498946.002: [GC (Allocation Failure) 2020-08-02T02:49:22.025+0800: 12498946.002: [ParNew: 669161K->17240K(737280K), 0.0197175 secs] 1383014K->731168K(6209536K), 0.0199303 secs] [Times: user=0.09 sys=0.01, real=0.02 secs] 
2020-08-02T02:50:49.107+0800: 12499033.084: [GC (Allocation Failure) 2020-08-02T02:50:49.107+0800: 12499033.084: [ParNew: 672600K->16192K(737280K), 0.0203463 secs] 1386528K->730408K(6209536K), 0.0205536 secs] [Times: user=0.08 sys=0.01, real=0.02 secs] 
2020-08-02T02:51:58.438+0800: 12499102.416: [GC (Allocation Failure) 2020-08-02T02:51:58.438+0800: 12499102.416: [ParNew: 671552K->15563K(737280K), 0.0216643 secs] 1385768K->729988K(6209536K), 0.0218548 secs] [Times: user=0.09 sys=0.00, real=0.03 secs] 
2020-08-02T02:52:46.707+0800: 12499150.685: [GC (Allocation Failure) 2020-08-02T02:52:46.707+0800: 12499150.685: [ParNew: 670816K->29691K(737280K), 0.0264367 secs] 1385241K->744582K(6209536K), 0.0266413 secs] [Times: user=0.07 sys=0.00, real=0.02 secs] 
2020-08-02T02:53:45.732+0800: 12499209.710: [GC (Allocation Failure) 2020-08-02T02:53:45.732+0800: 12499209.710: [ParNew: 685051K->16470K(737280K), 0.0216486 secs] 1399942K->731896K(6209536K), 0.0218583 secs] [Times: user=0.07 sys=0.00, real=0.02 secs] 
2020-08-02T02:54:44.376+0800: 12499268.354: [GC (Allocation Failure) 2020-08-02T02:54:44.376+0800: 12499268.354: [ParNew: 671830K->13681K(737280K), 0.0148360 secs] 1387256K->729648K(6209536K), 0.0150444 secs] [Times: user=0.06 sys=0.00, real=0.02 secs] 
2020-08-02T02:55:36.120+0800: 12499320.097: [GC (Allocation Failure) 2020-08-02T02:55:36.120+0800: 12499320.098: [ParNew: 669041K->11781K(737280K), 0.0132583 secs] 1385008K->728181K(6209536K), 0.0134580 secs] [Times: user=0.06 sys=0.00, real=0.01 secs] 
2020-08-02T02:56:35.514+0800: 12499379.492: [GC (Allocation Failure) 2020-08-02T02:56:35.514+0800: 12499379.492: [ParNew: 667141K->12352K(737280K), 0.0146272 secs] 1383541K->729318K(6209536K), 0.0148607 secs] [Times: user=0.07 sys=0.00, real=0.02 secs] 
2020-08-02T02:57:48.389+0800: 12499452.367: [GC (Allocation Failure) 2020-08-02T02:57:48.389+0800: 12499452.367: [ParNew: 667712K->11537K(737280K), 0.0156332 secs] 1384678K->729014K(6209536K), 0.0158302 secs] [Times: user=0.07 sys=0.00, real=0.01 secs] 
2020-08-02T02:58:53.623+0800: 12499517.600: [GC (Allocation Failure) 2020-08-02T02:58:53.623+0800: 12499517.600: [ParNew: 666897K->9115K(737280K), 0.0282143 secs] 1384374K->726769K(6209536K), 0.0283801 secs] [Times: user=0.14 sys=0.00, real=0.03 secs] 
2020-08-02T02:59:49.143+0800: 12499573.121: [GC (Allocation Failure) 2020-08-02T02:59:49.143+0800: 12499573.121: [ParNew: 664370K->13513K(737280K), 0.0175175 secs] 1382024K->731175K(6209536K), 0.0177503 secs] [Times: user=0.08 sys=0.00, real=0.02 secs] 
2020-08-02T03:00:27.140+0800: 12499611.118: [GC (Allocation Failure) 2020-08-02T03:00:27.140+0800: 12499611.118: [ParNew: 668873K->14288K(737280K), 0.0212491 secs] 1386535K->732022K(6209536K), 0.0214465 secs] [Times: user=0.07 sys=0.00, real=0.02 secs] 
2020-08-02T03:01:01.799+0800: 12499645.776: [GC (Allocation Failure) 2020-08-02T03:01:01.799+0800: 12499645.777: [ParNew: 669648K->14633K(737280K), 0.0196946 secs] 1387382K->732839K(6209536K), 0.0198996 secs] [Times: user=0.08 sys=0.00, real=0.02 secs] 
2020-08-02T03:02:06.823+0800: 12499710.801: [GC (Allocation Failure) 2020-08-02T03:02:06.823+0800: 12499710.801: [ParNew: 669993K->13226K(737280K), 0.0150356 secs] 1388199K->731591K(6209536K), 0.0152218 secs] [Times: user=0.06 sys=0.01, real=0.01 secs] 
2020-08-02T03:03:48.410+0800: 12499812.388: [GC (Allocation Failure) 2020-08-02T03:03:48.411+0800: 12499812.389: [ParNew: 668586K->15526K(737280K), 0.0219913 secs] 1386951K->734076K(6209536K), 0.0230983 secs] [Times: user=0.07 sys=0.01, real=0.02 secs] 
2020-08-02T03:04:44.652+0800: 12499868.630: [GC (Allocation Failure) 2020-08-02T03:04:44.652+0800: 12499868.630: [ParNew: 670764K->16883K(737280K), 0.0227504 secs] 1389313K->735704K(6209536K), 0.0229705 secs] [Times: user=0.08 sys=0.00, real=0.02 secs] 
2020-08-02T03:05:38.777+0800: 12499922.755: [GC (Allocation Failure) 2020-08-02T03:05:38.778+0800: 12499922.755: [ParNew: 672243K->18917K(737280K), 0.0228044 secs] 1391064K->738484K(6209536K), 0.0229834 secs] [Times: user=0.09 sys=0.00, real=0.03 secs] 
2020-08-02T03:06:35.296+0800: 12499979.274: [GC (Allocation Failure) 2020-08-02T03:06:35.296+0800: 12499979.274: [ParNew: 674277K->11671K(737280K), 0.0314464 secs] 1393844K->731263K(6209536K), 0.0316258 secs] [Times: user=0.08 sys=0.01, real=0.04 secs] 
2020-08-02T03:07:30.823+0800: 12500034.801: [GC (Allocation Failure) 2020-08-02T03:07:30.823+0800: 12500034.801: [ParNew: 667031K->13517K(737280K), 0.0145633 secs] 1386623K->733250K(6209536K), 0.0147610 secs] [Times: user=0.07 sys=0.00, real=0.01 secs] 
2020-08-02T03:08:19.854+0800: 12500083.832: [GC (Allocation Failure) 2020-08-02T03:08:19.854+0800: 12500083.832: [ParNew: 668877K->12767K(737280K), 0.0162530 secs] 1388610K->732686K(6209536K), 0.0164705 secs] [Times: user=0.07 sys=0.00, real=0.02 secs] 
2020-08-02T03:09:30.100+0800: 12500154.078: [GC (Allocation Failure) 2020-08-02T03:09:30.100+0800: 12500154.078: [ParNew: 668061K->21002K(737280K), 0.0150271 secs] 1387979K->741309K(6209536K), 0.0152291 secs] [Times: user=0.06 sys=0.00, real=0.01 secs] 
2020-08-02T03:10:42.583+0800: 12500226.561: [GC (Allocation Failure) 2020-08-02T03:10:42.584+0800: 12500226.561: [ParNew: 676362K->14536K(737280K), 0.0142408 secs] 1396669K->735081K(6209536K), 0.0144171 secs] [Times: user=0.06 sys=0.00, real=0.01 secs] 
2020-08-02T03:12:00.725+0800: 12500304.703: [GC (Allocation Failure) 2020-08-02T03:12:00.725+0800: 12500304.703: [ParNew: 669847K->16156K(737280K), 0.0146028 secs] 1390392K->736789K(6209536K), 0.0148148 secs] [Times: user=0.07 sys=0.00, real=0.02 secs] 
2020-08-02T03:13:06.261+0800: 12500370.239: [GC (Allocation Failure) 2020-08-02T03:13:06.261+0800: 12500370.239: [ParNew: 671516K->13352K(737280K), 0.0153701 secs] 1392149K->734707K(6209536K), 0.0155602 secs] [Times: user=0.07 sys=0.00, real=0.01 secs] 
2020-08-02T03:13:56.576+0800: 12500420.554: [GC (Allocation Failure) 2020-08-02T03:13:56.576+0800: 12500420.554: [ParNew: 668712K->16670K(737280K), 0.0196219 secs] 1390067K->738258K(6209536K), 0.0198339 secs] [Times: user=0.08 sys=0.00, real=0.02 secs] 
2020-08-02T03:15:19.846+0800: 12500503.824: [GC (Allocation Failure) 2020-08-02T03:15:19.846+0800: 12500503.824: [ParNew: 671946K->17005K(737280K), 0.0172164 secs] 1393534K->738834K(6209536K), 0.0174094 secs] [Times: user=0.07 sys=0.00, real=0.02 secs] 
2020-08-02T03:16:59.713+0800: 12500603.691: [GC (Allocation Failure) 2020-08-02T03:16:59.713+0800: 12500603.691: [ParNew: 672365K->13649K(737280K), 0.0156836 secs] 1394194K->735877K(6209536K), 0.0158660 secs] [Times: user=0.07 sys=0.00, real=0.02 secs] 
2020-08-02T03:18:48.367+0800: 12500712.344: [GC (Allocation Failure) 2020-08-02T03:18:48.371+0800: 12500712.349: [ParNew: 668948K->16719K(737280K), 0.0200766 secs] 1391176K->739396K(6209536K), 0.0245226 secs] [Times: user=0.07 sys=0.00, real=0.02 secs] 
2020-08-02T03:20:03.759+0800: 12500787.737: [GC (Allocation Failure) 2020-08-02T03:20:03.759+0800: 12500787.737: [ParNew: 672079K->24425K(737280K), 0.0221699 secs] 1394756K->747324K(6209536K), 0.0223431 secs] [Times: user=0.06 sys=0.01, real=0.02 secs] 
2020-08-02T03:21:07.520+0800: 12500851.498: [GC (Allocation Failure) 2020-08-02T03:21:07.521+0800: 12500851.498: [ParNew: 679785K->12066K(737280K), 0.0144948 secs] 1402684K->734970K(6209536K), 0.0146750 secs] [Times: user=0.08 sys=0.00, real=0.01 secs] 
2020-08-02T03:22:14.754+0800: 12500918.732: [GC (Allocation Failure) 2020-08-02T03:22:14.755+0800: 12500918.732: [ParNew: 667396K->12280K(737280K), 0.0149421 secs] 1390301K->735516K(6209536K), 0.0151683 secs] [Times: user=0.06 sys=0.00, real=0.02 secs] 
2020-08-02T03:23:20.116+0800: 12500984.094: [GC (Allocation Failure) 2020-08-02T03:23:20.118+0800: 12500984.095: [ParNew: 667640K->10290K(737280K), 0.0144036 secs] 1390876K->733802K(6209536K), 0.0156023 secs] [Times: user=0.06 sys=0.00, real=0.02 secs] 
2020-08-02T03:24:25.551+0800: 12501049.529: [GC (Allocation Failure) 2020-08-02T03:24:25.551+0800: 12501049.529: [ParNew: 665650K->10965K(737280K), 0.0184424 secs] 1389162K->734848K(6209536K), 0.0186219 secs] [Times: user=0.07 sys=0.00, real=0.02 secs] 
2020-08-02T03:25:28.627+0800: 12501112.605: [GC (Allocation Failure) 2020-08-02T03:25:28.627+0800: 12501112.605: [ParNew: 666325K->11106K(737280K), 0.0234280 secs] 1390208K->735405K(6209536K), 0.0236264 secs] [Times: user=0.10 sys=0.00, real=0.02 secs] 
2020-08-02T03:26:32.255+0800: 12501176.233: [GC (Allocation Failure) 2020-08-02T03:26:32.255+0800: 12501176.233: [ParNew: 666466K->9717K(737280K), 0.0144961 secs] 1390765K->734167K(6209536K), 0.0146952 secs] [Times: user=0.07 sys=0.00, real=0.02 secs] 
2020-08-02T03:28:53.920+0800: 12501317.898: [GC (Allocation Failure) 2020-08-02T03:28:53.920+0800: 12501317.898: [ParNew: 665077K->10531K(737280K), 0.0211480 secs] 1389527K->735735K(6209536K), 0.0213566 secs] [Times: user=0.07 sys=0.00, real=0.02 secs] 
2020-08-02T03:30:15.583+0800: 12501399.561: [GC (Allocation Failure) 2020-08-02T03:30:15.583+0800: 12501399.561: [ParNew: 665891K->17910K(737280K), 0.0298902 secs] 1391095K->743249K(6209536K), 0.0300684 secs] [Times: user=0.15 sys=0.00, real=0.03 secs] 
2020-08-02T03:31:23.567+0800: 12501467.545: [GC (Allocation Failure) 2020-08-02T03:31:23.567+0800: 12501467.545: [ParNew: 673269K->10959K(737280K), 0.0266697 secs] 1398608K->736631K(6209536K), 0.0268506 secs] [Times: user=0.15 sys=0.00, real=0.02 secs] 
2020-08-02T03:32:21.727+0800: 12501525.705: [GC (Allocation Failure) 2020-08-02T03:32:21.727+0800: 12501525.705: [ParNew: 666319K->15860K(737280K), 0.0271277 secs] 1391991K->741600K(6209536K), 0.0273078 secs] [Times: user=0.13 sys=0.00, real=0.02 secs] 
2020-08-02T03:33:28.491+0800: 12501592.469: [GC (Allocation Failure) 2020-08-02T03:33:28.491+0800: 12501592.469: [ParNew: 671220K->13538K(737280K), 0.0190414 secs] 1396960K->739483K(6209536K), 0.0192167 secs] [Times: user=0.06 sys=0.00, real=0.02 secs] 
2020-08-02T03:34:51.909+0800: 12501675.887: [GC (Allocation Failure) 2020-08-02T03:34:51.909+0800: 12501675.887: [ParNew: 668898K->10511K(737280K), 0.0156085 secs] 1394843K->736722K(6209536K), 0.0157945 secs] [Times: user=0.07 sys=0.00, real=0.01 secs] 
2020-08-02T03:36:11.692+0800: 12501755.670: [GC (Allocation Failure) 2020-08-02T03:36:11.693+0800: 12501755.670: [ParNew: 665871K->9470K(737280K), 0.0148838 secs] 1392082K->736388K(6209536K), 0.0150612 secs] [Times: user=0.07 sys=0.00, real=0.02 secs] 
2020-08-02T03:37:34.926+0800: 12501838.904: [GC (Allocation Failure) 2020-08-02T03:37:34.926+0800: 12501838.904: [ParNew: 664830K->15525K(737280K), 0.0196638 secs] 1391748K->742520K(6209536K), 0.0198388 secs] [Times: user=0.07 sys=0.00, real=0.02 secs] 
2020-08-02T03:38:47.414+0800: 12501911.392: [GC (Allocation Failure) 2020-08-02T03:38:47.414+0800: 12501911.392: [ParNew: 670885K->18911K(737280K), 0.0202620 secs] 1397880K->746253K(6209536K), 0.0204385 secs] [Times: user=0.08 sys=0.00, real=0.02 secs] 
2020-08-02T03:39:42.174+0800: 12501966.151: [GC (Allocation Failure) 2020-08-02T03:39:42.174+0800: 12501966.152: [ParNew: 674271K->16036K(737280K), 0.0155616 secs] 1401613K->743680K(6209536K), 0.0157339 secs] [Times: user=0.07 sys=0.00, real=0.02 secs] 
2020-08-02T03:40:43.671+0800: 12502027.649: [GC (Allocation Failure) 2020-08-02T03:40:43.671+0800: 12502027.649: [ParNew: 671396K->21371K(737280K), 0.0164182 secs] 1399040K->749089K(6209536K), 0.0165906 secs] [Times: user=0.06 sys=0.01, real=0.02 secs] 
2020-08-02T03:42:00.954+0800: 12502104.932: [GC (Allocation Failure) 2020-08-02T03:42:00.954+0800: 12502104.932: [ParNew: 676731K->22117K(737280K), 0.0241857 secs] 1404449K->750066K(6209536K), 0.0243715 secs] [Times: user=0.06 sys=0.00, real=0.03 secs] 
2020-08-02T03:43:13.497+0800: 12502177.475: [GC (Allocation Failure) 2020-08-02T03:43:13.499+0800: 12502177.476: [ParNew: 677477K->24822K(737280K), 0.0191353 secs] 1405426K->752846K(6209536K), 0.0204631 secs] [Times: user=0.07 sys=0.00, real=0.02 secs] 
2020-08-02T03:44:09.481+0800: 12502233.459: [GC (Allocation Failure) 2020-08-02T03:44:09.481+0800: 12502233.459: [ParNew: 680182K->14151K(737280K), 0.0149550 secs] 1408206K->742467K(6209536K), 0.0151298 secs] [Times: user=0.07 sys=0.00, real=0.01 secs] 
2020-08-02T03:45:30.578+0800: 12502314.556: [GC (Allocation Failure) 2020-08-02T03:45:30.578+0800: 12502314.556: [ParNew: 669511K->11079K(737280K), 0.0140491 secs] 1397827K->739737K(6209536K), 0.0142273 secs] [Times: user=0.07 sys=0.00, real=0.02 secs] 
2020-08-02T03:46:40.305+0800: 12502384.283: [GC (Allocation Failure) 2020-08-02T03:46:40.306+0800: 12502384.283: [ParNew: 666347K->16293K(737280K), 0.0418292 secs] 1395004K->745091K(6209536K), 0.0420519 secs] [Times: user=0.11 sys=0.00, real=0.05 secs] 
2020-08-02T03:47:27.168+0800: 12502431.146: [GC (Allocation Failure) 2020-08-02T03:47:27.168+0800: 12502431.146: [ParNew: 671653K->17115K(737280K), 0.0207679 secs] 1400451K->746071K(6209536K), 0.0209542 secs] [Times: user=0.08 sys=0.00, real=0.02 secs] 
2020-08-02T03:48:23.765+0800: 12502487.743: [GC (Allocation Failure) 2020-08-02T03:48:23.765+0800: 12502487.743: [ParNew: 672475K->12178K(737280K), 0.0215888 secs] 1401431K->741381K(6209536K), 0.0218147 secs] [Times: user=0.08 sys=0.00, real=0.03 secs] 
2020-08-02T03:49:24.144+0800: 12502548.122: [GC (Allocation Failure) 2020-08-02T03:49:24.144+0800: 12502548.122: [ParNew: 667538K->12055K(737280K), 0.0265103 secs] 1396741K->741732K(6209536K), 0.0266844 secs] [Times: user=0.09 sys=0.00, real=0.03 secs] 
2020-08-02T03:50:13.884+0800: 12502597.861: [GC (Allocation Failure) 2020-08-02T03:50:13.884+0800: 12502597.862: [ParNew: 667344K->22140K(737280K), 0.0393946 secs] 1397022K->751956K(6209536K), 0.0395872 secs] [Times: user=0.13 sys=0.01, real=0.04 secs] 
2020-08-02T03:51:01.079+0800: 12502645.057: [GC (Allocation Failure) 2020-08-02T03:51:01.079+0800: 12502645.057: [ParNew: 677500K->20100K(737280K), 0.0194729 secs] 1407316K->750422K(6209536K), 0.0196919 secs] [Times: user=0.07 sys=0.00, real=0.01 secs] 
2020-08-02T03:51:50.209+0800: 12502694.187: [GC (Allocation Failure) 2020-08-02T03:51:50.209+0800: 12502694.187: [ParNew: 675460K->13992K(737280K), 0.0236616 secs] 1405782K->744520K(6209536K), 0.0238600 secs] [Times: user=0.10 sys=0.00, real=0.02 secs] 
2020-08-02T03:52:40.942+0800: 12502744.920: [GC (Allocation Failure) 2020-08-02T03:52:40.942+0800: 12502744.920: [ParNew: 669352K->12687K(737280K), 0.0150074 secs] 1399880K->743497K(6209536K), 0.0151712 secs] [Times: user=0.05 sys=0.01, real=0.01 secs] 
2020-08-02T03:53:39.901+0800: 12502803.879: [GC (Allocation Failure) 2020-08-02T03:53:39.901+0800: 12502803.879: [ParNew: 668047K->9654K(737280K), 0.0312614 secs] 1398857K->740816K(6209536K), 0.0314763 secs] [Times: user=0.10 sys=0.00, real=0.03 secs] 
2020-08-02T03:54:33.725+0800: 12502857.702: [GC (Allocation Failure) 2020-08-02T03:54:33.725+0800: 12502857.702: [ParNew: 665014K->10365K(737280K), 0.0134696 secs] 1396176K->741714K(6209536K), 0.0136601 secs] [Times: user=0.07 sys=0.00, real=0.01 secs] 
2020-08-02T03:55:41.586+0800: 12502925.563: [GC (Allocation Failure) 2020-08-02T03:55:41.586+0800: 12502925.563: [ParNew: 665725K->10698K(737280K), 0.0142594 secs] 1397074K->742127K(6209536K), 0.0144444 secs] [Times: user=0.07 sys=0.00, real=0.02 secs] 
2020-08-02T03:56:41.684+0800: 12502985.661: [GC (Allocation Failure) 2020-08-02T03:56:41.684+0800: 12502985.662: [ParNew: 666058K->10305K(737280K), 0.0145422 secs] 1397487K->742085K(6209536K), 0.0147520 secs] [Times: user=0.07 sys=0.00, real=0.01 secs] 
2020-08-02T03:58:02.081+0800: 12503066.059: [GC (Allocation Failure) 2020-08-02T03:58:02.082+0800: 12503066.059: [ParNew: 665665K->10939K(737280K), 0.0270457 secs] 1397445K->742988K(6209536K), 0.0324003 secs] [Times: user=0.12 sys=0.00, real=0.03 secs] 
2020-08-02T03:59:08.599+0800: 12503132.577: [GC (Allocation Failure) 2020-08-02T03:59:08.599+0800: 12503132.577: [ParNew: 666299K->9802K(737280K), 0.0640734 secs] 1398348K->741988K(6209536K), 0.0642533 secs] [Times: user=0.30 sys=0.00, real=0.06 secs] 
2020-08-02T04:00:01.255+0800: 12503185.233: [GC (Allocation Failure) 2020-08-02T04:00:01.256+0800: 12503185.233: [ParNew: 665162K->18639K(737280K), 0.0210805 secs] 1397348K->751207K(6209536K), 0.0212926 secs] [Times: user=0.08 sys=0.01, real=0.02 secs] 
2020-08-02T04:00:47.092+0800: 12503231.070: [GC (Allocation Failure) 2020-08-02T04:00:47.092+0800: 12503231.070: [ParNew: 673999K->11793K(737280K), 0.0400413 secs] 1406567K->744566K(6209536K), 0.0402298 secs] [Times: user=0.09 sys=0.01, real=0.04 secs] 
2020-08-02T04:01:44.146+0800: 12503288.124: [GC (Allocation Failure) 2020-08-02T04:01:44.146+0800: 12503288.124: [ParNew: 667153K->12159K(737280K), 0.0136220 secs] 1399926K->745078K(6209536K), 0.0138024 secs] [Times: user=0.06 sys=0.01, real=0.02 secs] 
2020-08-02T04:02:30.282+0800: 12503334.260: [GC (Allocation Failure) 2020-08-02T04:02:30.282+0800: 12503334.260: [ParNew: 667445K->10452K(737280K), 0.0131095 secs] 1400364K->743508K(6209536K), 0.0132908 secs] [Times: user=0.06 sys=0.00, real=0.01 secs] 
2020-08-02T04:03:35.426+0800: 12503399.404: [GC (Allocation Failure) 2020-08-02T04:03:35.426+0800: 12503399.404: [ParNew: 665812K->12388K(737280K), 0.0131194 secs] 1398868K->745782K(6209536K), 0.0133108 secs] [Times: user=0.06 sys=0.00, real=0.02 secs] 
2020-08-02T04:04:34.767+0800: 12503458.745: [GC (Allocation Failure) 2020-08-02T04:04:34.767+0800: 12503458.745: [ParNew: 667748K->12569K(737280K), 0.0171314 secs] 1401142K->746336K(6209536K), 0.0173228 secs] [Times: user=0.07 sys=0.00, real=0.01 secs] 
2020-08-02T04:05:35.250+0800: 12503519.228: [GC (Allocation Failure) 2020-08-02T04:05:35.251+0800: 12503519.228: [ParNew: 667922K->13015K(737280K), 0.0308645 secs] 1401689K->747458K(6209536K), 0.0310976 secs] [Times: user=0.15 sys=0.00, real=0.03 secs] 
2020-08-02T04:06:32.636+0800: 12503576.614: [GC (Allocation Failure) 2020-08-02T04:06:32.636+0800: 12503576.614: [ParNew: 668375K->20242K(737280K), 0.0235774 secs] 1402818K->755043K(6209536K), 0.0238041 secs] [Times: user=0.10 sys=0.01, real=0.03 secs] 
2020-08-02T04:07:33.179+0800: 12503637.157: [GC (Allocation Failure) 2020-08-02T04:07:33.179+0800: 12503637.157: [ParNew: 675602K->12193K(737280K), 0.0145530 secs] 1410403K->747307K(6209536K), 0.0147471 secs] [Times: user=0.07 sys=0.00, real=0.01 secs] 
2020-08-02T04:08:37.388+0800: 12503701.366: [GC (Allocation Failure) 2020-08-02T04:08:37.388+0800: 12503701.366: [ParNew: 667553K->14783K(737280K), 0.0184817 secs] 1402667K->749912K(6209536K), 0.0186773 secs] [Times: user=0.08 sys=0.00, real=0.02 secs] 
2020-08-02T04:10:07.034+0800: 12503791.012: [GC (Allocation Failure) 2020-08-02T04:10:07.035+0800: 12503791.012: [ParNew: 670143K->15649K(737280K), 0.0661488 secs] 1405272K->750936K(6209536K), 0.0664102 secs] [Times: user=0.20 sys=0.00, real=0.07 secs] 
2020-08-02T04:11:02.521+0800: 12503846.499: [GC (Allocation Failure) 2020-08-02T04:11:02.521+0800: 12503846.499: [ParNew: 671009K->17102K(737280K), 0.0152674 secs] 1406296K->752524K(6209536K), 0.0154564 secs] [Times: user=0.07 sys=0.00, real=0.01 secs] 
2020-08-02T04:12:11.239+0800: 12503915.217: [GC (Allocation Failure) 2020-08-02T04:12:11.239+0800: 12503915.217: [ParNew: 672462K->16106K(737280K), 0.0148730 secs] 1407884K->752065K(6209536K), 0.0150681 secs] [Times: user=0.08 sys=0.00, real=0.01 secs] 
2020-08-02T04:13:06.913+0800: 12503970.891: [GC (Allocation Failure) 2020-08-02T04:13:06.913+0800: 12503970.891: [ParNew: 671351K->11659K(737280K), 0.0142240 secs] 1407311K->747927K(6209536K), 0.0144250 secs] [Times: user=0.07 sys=0.00, real=0.02 secs] 
2020-08-02T04:14:03.774+0800: 12504027.752: [GC (Allocation Failure) 2020-08-02T04:14:03.774+0800: 12504027.752: [ParNew: 666925K->10935K(737280K), 0.0195902 secs] 1403194K->747773K(6209536K), 0.0198061 secs] [Times: user=0.07 sys=0.00, real=0.02 secs] 
2020-08-02T04:15:31.653+0800: 12504115.630: [GC (Allocation Failure) 2020-08-02T04:15:31.653+0800: 12504115.631: [ParNew: 666295K->11231K(737280K), 0.0205655 secs] 1403133K->748959K(6209536K), 0.0207563 secs] [Times: user=0.09 sys=0.00, real=0.02 secs] 
2020-08-02T04:17:18.484+0800: 12504222.461: [GC (Allocation Failure) 2020-08-02T04:17:18.484+0800: 12504222.461: [ParNew: 666591K->11596K(737280K), 0.0218398 secs] 1404319K->749873K(6209536K), 0.0220222 secs] [Times: user=0.09 sys=0.01, real=0.02 secs] 
2020-08-02T04:17:37.985+0800: 12504241.963: [GC (Allocation Failure) 2020-08-02T04:17:37.985+0800: 12504241.963: [ParNew: 666956K->81920K(737280K), 0.0293504 secs] 1405233K->899257K(6209536K), 0.0295372 secs] [Times: user=0.13 sys=0.00, real=0.03 secs] 
2020-08-02T04:18:16.085+0800: 12504280.062: [GC (Allocation Failure) 2020-08-02T04:18:16.085+0800: 12504280.063: [ParNew: 737280K->5665K(737280K), 0.0128225 secs] 1554617K->825588K(6209536K), 0.0130267 secs] [Times: user=0.07 sys=0.00, real=0.01 secs] 
2020-08-02T04:19:15.486+0800: 12504339.464: [GC (Allocation Failure) 2020-08-02T04:19:15.486+0800: 12504339.464: [ParNew: 661025K->7748K(737280K), 0.0196068 secs] 1480948K->827671K(6209536K), 0.0198312 secs] [Times: user=0.06 sys=0.00, real=0.02 secs] 
2020-08-02T04:20:12.110+0800: 12504396.088: [GC (Allocation Failure) 2020-08-02T04:20:12.110+0800: 12504396.088: [ParNew: 663108K->7775K(737280K), 0.0186160 secs] 1483031K->827697K(6209536K), 0.0188592 secs] [Times: user=0.07 sys=0.00, real=0.02 secs] 
2020-08-02T04:22:11.510+0800: 12504515.488: [GC (Allocation Failure) 2020-08-02T04:22:11.510+0800: 12504515.488: [ParNew: 663030K->10199K(737280K), 0.0283971 secs] 1482953K->830121K(6209536K), 0.0286078 secs] [Times: user=0.09 sys=0.00, real=0.03 secs] 
2020-08-02T04:23:28.948+0800: 12504592.926: [GC (Allocation Failure) 2020-08-02T04:23:28.948+0800: 12504592.926: [ParNew: 665559K->9481K(737280K), 0.0139580 secs] 1485481K->829403K(6209536K), 0.0141338 secs] [Times: user=0.07 sys=0.00, real=0.01 secs] 
2020-08-02T04:24:32.075+0800: 12504656.053: [GC (Allocation Failure) 2020-08-02T04:24:32.075+0800: 12504656.053: [ParNew: 664841K->9916K(737280K), 0.0221853 secs] 1484763K->829839K(6209536K), 0.0223611 secs] [Times: user=0.09 sys=0.01, real=0.02 secs] 
2020-08-02T04:25:35.354+0800: 12504719.332: [GC (Allocation Failure) 2020-08-02T04:25:35.355+0800: 12504719.332: [ParNew: 665276K->26820K(737280K), 0.0254274 secs] 1485199K->846958K(6209536K), 0.0256253 secs] [Times: user=0.09 sys=0.00, real=0.03 secs] 
2020-08-02T04:26:49.573+0800: 12504793.551: [GC (Allocation Failure) 2020-08-02T04:26:49.573+0800: 12504793.551: [ParNew: 682180K->16582K(737280K), 0.0259963 secs] 1502318K->836734K(6209536K), 0.0261897 secs] [Times: user=0.09 sys=0.00, real=0.03 secs] 
2020-08-02T04:28:01.403+0800: 12504865.381: [GC (Allocation Failure) 2020-08-02T04:28:01.403+0800: 12504865.381: [ParNew: 671942K->13005K(737280K), 0.0159603 secs] 1492094K->833226K(6209536K), 0.0161603 secs] [Times: user=0.07 sys=0.00, real=0.02 secs] 
2020-08-02T04:29:05.665+0800: 12504929.643: [GC (Allocation Failure) 2020-08-02T04:29:05.665+0800: 12504929.643: [ParNew: 668360K->10826K(737280K), 0.0144520 secs] 1488582K->831427K(6209536K), 0.0146281 secs] [Times: user=0.06 sys=0.00, real=0.02 secs] 
2020-08-02T04:30:34.171+0800: 12505018.149: [GC (Allocation Failure) 2020-08-02T04:30:34.171+0800: 12505018.149: [ParNew: 666186K->10307K(737280K), 0.0190268 secs] 1486787K->831192K(6209536K), 0.0191979 secs] [Times: user=0.07 sys=0.00, real=0.02 secs] 
2020-08-02T04:31:52.030+0800: 12505096.007: [GC (Allocation Failure) 2020-08-02T04:31:52.030+0800: 12505096.007: [ParNew: 665666K->19224K(737280K), 0.0188276 secs] 1486550K->840308K(6209536K), 0.0190075 secs] [Times: user=0.08 sys=0.01, real=0.02 secs] 
2020-08-02T04:33:04.979+0800: 12505168.956: [GC (Allocation Failure) 2020-08-02T04:33:04.979+0800: 12505168.957: [ParNew: 674584K->10540K(737280K), 0.0150566 secs] 1495668K->831771K(6209536K), 0.0152760 secs] [Times: user=0.06 sys=0.00, real=0.01 secs] 
2020-08-02T04:34:09.531+0800: 12505233.509: [GC (Allocation Failure) 2020-08-02T04:34:09.532+0800: 12505233.510: [ParNew: 665900K->10141K(737280K), 0.0160523 secs] 1487131K->831644K(6209536K), 0.0172024 secs] [Times: user=0.06 sys=0.00, real=0.02 secs] 
2020-08-02T04:35:34.741+0800: 12505318.719: [GC (Allocation Failure) 2020-08-02T04:35:34.741+0800: 12505318.719: [ParNew: 665501K->11152K(737280K), 0.0131687 secs] 1487004K->833097K(6209536K), 0.0133473 secs] [Times: user=0.06 sys=0.00, real=0.01 secs] 
2020-08-02T04:36:48.676+0800: 12505392.654: [GC (Allocation Failure) 2020-08-02T04:36:48.676+0800: 12505392.654: [ParNew: 666512K->11488K(737280K), 0.0151173 secs] 1488457K->833437K(6209536K), 0.0152973 secs] [Times: user=0.07 sys=0.00, real=0.02 secs] 
2020-08-02T04:38:07.903+0800: 12505471.881: [GC (Allocation Failure) 2020-08-02T04:38:07.903+0800: 12505471.881: [ParNew: 666835K->10883K(737280K), 0.0155834 secs] 1488784K->833041K(6209536K), 0.0158142 secs] [Times: user=0.07 sys=0.00, real=0.02 secs] 
2020-08-02T04:40:03.337+0800: 12505587.315: [GC (Allocation Failure) 2020-08-02T04:40:03.339+0800: 12505587.316: [ParNew: 666243K->11087K(737280K), 0.0254429 secs] 1488401K->833386K(6209536K), 0.0274290 secs] [Times: user=0.08 sys=0.02, real=0.03 secs] 
2020-08-02T04:41:59.549+0800: 12505703.526: [GC (Allocation Failure) 2020-08-02T04:41:59.549+0800: 12505703.526: [ParNew: 666447K->25066K(737280K), 0.0276074 secs] 1488746K->847764K(6209536K), 0.0278213 secs] [Times: user=0.09 sys=0.00, real=0.02 secs] 
2020-08-02T04:43:08.272+0800: 12505772.250: [GC (Allocation Failure) 2020-08-02T04:43:08.272+0800: 12505772.250: [ParNew: 680426K->9466K(737280K), 0.0109872 secs] 1503124K->832234K(6209536K), 0.0111979 secs] [Times: user=0.06 sys=0.00, real=0.01 secs] 
2020-08-02T04:44:22.636+0800: 12505846.613: [GC (Allocation Failure) 2020-08-02T04:44:22.636+0800: 12505846.613: [ParNew: 664826K->11413K(737280K), 0.0237512 secs] 1487594K->834398K(6209536K), 0.0239359 secs] [Times: user=0.09 sys=0.00, real=0.03 secs] 
2020-08-02T04:45:52.588+0800: 12505936.565: [GC (Allocation Failure) 2020-08-02T04:45:52.588+0800: 12505936.566: [ParNew: 666773K->12191K(737280K), 0.0130175 secs] 1489758K->835550K(6209536K), 0.0132072 secs] [Times: user=0.07 sys=0.00, real=0.01 secs] 
2020-08-02T04:47:30.690+0800: 12506034.668: [GC (Allocation Failure) 2020-08-02T04:47:30.690+0800: 12506034.668: [ParNew: 667499K->11341K(737280K), 0.0138917 secs] 1490858K->834966K(6209536K), 0.0140542 secs] [Times: user=0.07 sys=0.00, real=0.01 secs] 
2020-08-02T04:49:11.750+0800: 12506135.727: [GC (Allocation Failure) 2020-08-02T04:49:11.750+0800: 12506135.728: [ParNew: 666701K->12083K(737280K), 0.0163444 secs] 1490326K->835851K(6209536K), 0.0165130 secs] [Times: user=0.06 sys=0.00, real=0.01 secs] 
2020-08-02T04:50:46.222+0800: 12506230.200: [GC (Allocation Failure) 2020-08-02T04:50:46.226+0800: 12506230.204: [ParNew: 667443K->11127K(737280K), 0.0285385 secs] 1491211K->834948K(6209536K), 0.0327421 secs] [Times: user=0.15 sys=0.00, real=0.03 secs] 
2020-08-02T04:52:39.095+0800: 12506343.073: [GC (Allocation Failure) 2020-08-02T04:52:39.095+0800: 12506343.073: [ParNew: 666487K->11246K(737280K), 0.0157871 secs] 1490308K->835202K(6209536K), 0.0159483 secs] [Times: user=0.07 sys=0.00, real=0.02 secs] 
2020-08-02T04:54:12.445+0800: 12506436.423: [GC (Allocation Failure) 2020-08-02T04:54:12.445+0800: 12506436.423: [ParNew: 666606K->18230K(737280K), 0.0236975 secs] 1490562K->842260K(6209536K), 0.0238710 secs] [Times: user=0.10 sys=0.00, real=0.03 secs] 
2020-08-02T04:55:19.261+0800: 12506503.239: [GC (Allocation Failure) 2020-08-02T04:55:19.261+0800: 12506503.239: [ParNew: 673590K->10350K(737280K), 0.0117547 secs] 1497620K->834584K(6209536K), 0.0119349 secs] [Times: user=0.07 sys=0.00, real=0.01 secs] 
2020-08-02T04:56:24.264+0800: 12506568.242: [GC (Allocation Failure) 2020-08-02T04:56:24.264+0800: 12506568.242: [ParNew: 665710K->11347K(737280K), 0.0123605 secs] 1489944K->836045K(6209536K), 0.0125211 secs] [Times: user=0.07 sys=0.00, real=0.01 secs] 
2020-08-02T04:57:38.795+0800: 12506642.773: [GC (Allocation Failure) 2020-08-02T04:57:38.796+0800: 12506642.774: [ParNew: 666707K->9396K(737280K), 0.0107501 secs] 1491405K->834674K(6209536K), 0.0118018 secs] [Times: user=0.06 sys=0.00, real=0.02 secs] 
2020-08-02T04:59:05.014+0800: 12506728.992: [GC (Allocation Failure) 2020-08-02T04:59:05.018+0800: 12506728.996: [ParNew: 664756K->9301K(737280K), 0.0141953 secs] 1490034K->834851K(6209536K), 0.0182743 secs] [Times: user=0.07 sys=0.00, real=0.02 secs] 
2020-08-02T05:00:25.163+0800: 12506809.141: [GC (Allocation Failure) 2020-08-02T05:00:25.164+0800: 12506809.141: [ParNew: 664661K->9637K(737280K), 0.0159685 secs] 1490211K->835513K(6209536K), 0.0161418 secs] [Times: user=0.09 sys=0.00, real=0.02 secs] 
2020-08-02T05:02:00.100+0800: 12506904.078: [GC (Allocation Failure) 2020-08-02T05:02:00.100+0800: 12506904.078: [ParNew: 664997K->11625K(737280K), 0.0138921 secs] 1490873K->837662K(6209536K), 0.0140990 secs] [Times: user=0.06 sys=0.00, real=0.01 secs] 
2020-08-02T05:03:46.937+0800: 12507010.915: [GC (Allocation Failure) 2020-08-02T05:03:46.939+0800: 12507010.917: [ParNew: 666985K->12569K(737280K), 0.0243025 secs] 1493022K->838682K(6209536K), 0.0261896 secs] [Times: user=0.07 sys=0.00, real=0.03 secs] 
2020-08-02T05:05:17.870+0800: 12507101.848: [GC (Allocation Failure) 2020-08-02T05:05:17.870+0800: 12507101.848: [ParNew: 667929K->29411K(737280K), 0.0230413 secs] 1494042K->855550K(6209536K), 0.0232348 secs] [Times: user=0.06 sys=0.01, real=0.02 secs] 
2020-08-02T05:06:30.433+0800: 12507174.411: [GC (Allocation Failure) 2020-08-02T05:06:30.433+0800: 12507174.411: [ParNew: 684771K->13792K(737280K), 0.0210057 secs] 1510910K->840143K(6209536K), 0.0211711 secs] [Times: user=0.06 sys=0.01, real=0.02 secs] 
2020-08-02T05:07:40.486+0800: 12507244.464: [GC (Allocation Failure) 2020-08-02T05:07:40.486+0800: 12507244.464: [ParNew: 669152K->12345K(737280K), 0.0242533 secs] 1495503K->838898K(6209536K), 0.0244716 secs] [Times: user=0.08 sys=0.00, real=0.03 secs] 
2020-08-02T05:08:50.208+0800: 12507314.186: [GC (Allocation Failure) 2020-08-02T05:08:50.208+0800: 12507314.186: [ParNew: 667705K->11608K(737280K), 0.0132859 secs] 1494258K->838267K(6209536K), 0.0134740 secs] [Times: user=0.07 sys=0.00, real=0.01 secs] 
2020-08-02T05:10:03.894+0800: 12507387.872: [GC (Allocation Failure) 2020-08-02T05:10:03.894+0800: 12507387.872: [ParNew: 666968K->10759K(737280K), 0.0120571 secs] 1493627K->837848K(6209536K), 0.0122396 secs] [Times: user=0.05 sys=0.01, real=0.01 secs] 
2020-08-02T05:11:10.512+0800: 12507454.490: [GC (Allocation Failure) 2020-08-02T05:11:10.512+0800: 12507454.490: [ParNew: 666119K->10210K(737280K), 0.0162801 secs] 1493208K->837573K(6209536K), 0.0164746 secs] [Times: user=0.06 sys=0.00, real=0.02 secs] 
2020-08-02T05:14:24.696+0800: 12507648.674: [GC (Allocation Failure) 2020-08-02T05:14:24.701+0800: 12507648.679: [ParNew: 665570K->14407K(737280K), 0.0185368 secs] 1492933K->841955K(6209536K), 0.0242212 secs] [Times: user=0.07 sys=0.00, real=0.03 secs] 
2020-08-02T05:15:44.409+0800: 12507728.386: [GC (Allocation Failure) 2020-08-02T05:15:44.409+0800: 12507728.386: [ParNew: 669767K->19777K(737280K), 0.0131394 secs] 1497315K->847527K(6209536K), 0.0133055 secs] [Times: user=0.06 sys=0.00, real=0.01 secs] 
2020-08-02T05:17:00.968+0800: 12507804.946: [GC (Allocation Failure) 2020-08-02T05:17:00.968+0800: 12507804.946: [ParNew: 675137K->12432K(737280K), 0.0193778 secs] 1502887K->840521K(6209536K), 0.0195352 secs] [Times: user=0.09 sys=0.00, real=0.02 secs] 
2020-08-02T05:18:30.021+0800: 12507893.999: [GC (Allocation Failure) 2020-08-02T05:18:30.021+0800: 12507893.999: [ParNew: 667792K->11352K(737280K), 0.0112219 secs] 1495881K->839585K(6209536K), 0.0113997 secs] [Times: user=0.06 sys=0.00, real=0.01 secs] 
2020-08-02T05:20:01.208+0800: 12507985.186: [GC (Allocation Failure) 2020-08-02T05:20:01.208+0800: 12507985.186: [ParNew: 666712K->10840K(737280K), 0.0104731 secs] 1494945K->839273K(6209536K), 0.0106431 secs] [Times: user=0.06 sys=0.00, real=0.01 secs] 
2020-08-02T05:23:28.944+0800: 12508192.922: [GC (Allocation Failure) 2020-08-02T05:23:28.946+0800: 12508192.924: [ParNew: 666200K->11572K(737280K), 0.0123293 secs] 1494633K->840348K(6209536K), 0.0142440 secs] [Times: user=0.06 sys=0.00, real=0.02 secs] 
2020-08-02T05:26:49.086+0800: 12508393.064: [GC (Allocation Failure) 2020-08-02T05:26:49.087+0800: 12508393.064: [ParNew: 666891K->11374K(737280K), 0.0179738 secs] 1495667K->840357K(6209536K), 0.0182774 secs] [Times: user=0.07 sys=0.00, real=0.02 secs] 
2020-08-02T05:28:48.787+0800: 12508512.765: [GC (Allocation Failure) 2020-08-02T05:28:48.787+0800: 12508512.765: [ParNew: 666734K->11069K(737280K), 0.0226734 secs] 1495717K->840391K(6209536K), 0.0228613 secs] [Times: user=0.07 sys=0.00, real=0.02 secs] 
2020-08-02T05:30:22.236+0800: 12508606.213: [GC (Allocation Failure) 2020-08-02T05:30:22.236+0800: 12508606.213: [ParNew: 666429K->11201K(737280K), 0.0176809 secs] 1495751K->840602K(6209536K), 0.0178488 secs] [Times: user=0.06 sys=0.01, real=0.02 secs] 
2020-08-02T05:31:38.432+0800: 12508682.409: [GC (Allocation Failure) 2020-08-02T05:31:38.432+0800: 12508682.410: [ParNew: 666561K->11626K(737280K), 0.0271825 secs] 1495962K->841392K(6209536K), 0.0273635 secs] [Times: user=0.13 sys=0.00, real=0.03 secs] 
2020-08-02T05:32:45.376+0800: 12508749.353: [GC (Allocation Failure) 2020-08-02T05:32:45.376+0800: 12508749.353: [ParNew: 666986K->10272K(737280K), 0.0188571 secs] 1496752K->840164K(6209536K), 0.0190285 secs] [Times: user=0.08 sys=0.00, real=0.02 secs] 
2020-08-02T05:33:53.906+0800: 12508817.884: [GC (Allocation Failure) 2020-08-02T05:33:53.906+0800: 12508817.884: [ParNew: 665632K->10314K(737280K), 0.0185536 secs] 1495524K->840779K(6209536K), 0.0187278 secs] [Times: user=0.06 sys=0.00, real=0.02 secs] 
2020-08-02T05:35:10.632+0800: 12508894.610: [GC (Allocation Failure) 2020-08-02T05:35:10.633+0800: 12508894.610: [ParNew: 665674K->10720K(737280K), 0.0347468 secs] 1496139K->841542K(6209536K), 0.0349139 secs] [Times: user=0.12 sys=0.00, real=0.04 secs] 
2020-08-02T05:37:27.620+0800: 12509031.598: [GC (Allocation Failure) 2020-08-02T05:37:27.621+0800: 12509031.598: [ParNew: 666080K->11385K(737280K), 0.0195159 secs] 1496902K->842347K(6209536K), 0.0197059 secs] [Times: user=0.08 sys=0.00, real=0.02 secs] 
2020-08-02T05:41:46.936+0800: 12509290.914: [GC (Allocation Failure) 2020-08-02T05:41:46.943+0800: 12509290.921: [ParNew: 666745K->11137K(737280K), 0.0185308 secs] 1497707K->842172K(6209536K), 0.0255901 secs] [Times: user=0.08 sys=0.00, real=0.03 secs] 
2020-08-02T05:44:00.125+0800: 12509424.103: [GC (Allocation Failure) 2020-08-02T05:44:00.125+0800: 12509424.103: [ParNew: 666421K->25433K(737280K), 0.0373748 secs] 1497455K->856671K(6209536K), 0.0375710 secs] [Times: user=0.13 sys=0.00, real=0.04 secs] 
2020-08-02T05:46:37.457+0800: 12509581.435: [GC (Allocation Failure) 2020-08-02T05:46:37.457+0800: 12509581.435: [ParNew: 680793K->23429K(737280K), 0.0197298 secs] 1512031K->854743K(6209536K), 0.0199175 secs] [Times: user=0.08 sys=0.00, real=0.02 secs] 
2020-08-02T05:48:19.329+0800: 12509683.307: [GC (Allocation Failure) 2020-08-02T05:48:19.329+0800: 12509683.307: [ParNew: 678789K->14344K(737280K), 0.0196741 secs] 1510103K->845800K(6209536K), 0.0198490 secs] [Times: user=0.08 sys=0.00, real=0.02 secs] 
2020-08-02T05:49:48.208+0800: 12509772.186: [GC (Allocation Failure) 2020-08-02T05:49:48.208+0800: 12509772.186: [ParNew: 669704K->24246K(737280K), 0.0295089 secs] 1501160K->855713K(6209536K), 0.0296727 secs] [Times: user=0.11 sys=0.00, real=0.02 secs] 
2020-08-02T05:51:04.797+0800: 12509848.775: [GC (Allocation Failure) 2020-08-02T05:51:04.797+0800: 12509848.775: [ParNew: 679606K->24063K(737280K), 0.0226841 secs] 1511073K->855548K(6209536K), 0.0228918 secs] [Times: user=0.08 sys=0.00, real=0.03 secs] 
2020-08-02T05:53:37.004+0800: 12510000.982: [GC (Allocation Failure) 2020-08-02T05:53:37.005+0800: 12510000.982: [ParNew: 679423K->28853K(737280K), 0.0309418 secs] 1510908K->860461K(6209536K), 0.0311258 secs] [Times: user=0.10 sys=0.00, real=0.03 secs] 
2020-08-02T05:56:31.399+0800: 12510175.377: [GC (Allocation Failure) 2020-08-02T05:56:31.404+0800: 12510175.382: [ParNew: 684213K->26869K(737280K), 0.0181398 secs] 1515821K->858496K(6209536K), 0.0230153 secs] [Times: user=0.06 sys=0.00, real=0.02 secs] 
2020-08-02T05:59:00.831+0800: 12510324.809: [GC (Allocation Failure) 2020-08-02T05:59:00.831+0800: 12510324.809: [ParNew: 682229K->27400K(737280K), 0.0213680 secs] 1513856K->859191K(6209536K), 0.0215689 secs] [Times: user=0.08 sys=0.00, real=0.02 secs] 
2020-08-02T06:00:25.721+0800: 12510409.699: [GC (Allocation Failure) 2020-08-02T06:00:25.721+0800: 12510409.699: [ParNew: 682683K->28780K(737280K), 0.0227589 secs] 1514473K->860991K(6209536K), 0.0229430 secs] [Times: user=0.08 sys=0.00, real=0.02 secs] 
2020-08-02T06:02:42.096+0800: 12510546.073: [GC (Allocation Failure) 2020-08-02T06:02:42.096+0800: 12510546.073: [ParNew: 684140K->27394K(737280K), 0.0239791 secs] 1516351K->859849K(6209536K), 0.0241712 secs] [Times: user=0.08 sys=0.01, real=0.03 secs] 
2020-08-02T06:04:06.635+0800: 12510630.613: [GC (Allocation Failure) 2020-08-02T06:04:06.635+0800: 12510630.613: [ParNew: 682754K->20901K(737280K), 0.0198958 secs] 1515209K->853627K(6209536K), 0.0201222 secs] [Times: user=0.07 sys=0.00, real=0.02 secs] 
2020-08-02T06:05:16.672+0800: 12510700.650: [GC (Allocation Failure) 2020-08-02T06:05:16.672+0800: 12510700.650: [ParNew: 676261K->26688K(737280K), 0.0361830 secs] 1508987K->859584K(6209536K), 0.0364145 secs] [Times: user=0.09 sys=0.00, real=0.04 secs] 
2020-08-02T06:06:41.074+0800: 12510785.052: [GC (Allocation Failure) 2020-08-02T06:06:41.075+0800: 12510785.052: [ParNew: 682048K->32294K(737280K), 0.0354209 secs] 1514944K->865341K(6209536K), 0.0356244 secs] [Times: user=0.09 sys=0.00, real=0.04 secs] 
2020-08-02T06:07:38.943+0800: 12510842.921: [GC (Allocation Failure) 2020-08-02T06:07:38.944+0800: 12510842.921: [ParNew: 687654K->43655K(737280K), 0.0283028 secs] 1520701K->877131K(6209536K), 0.0284883 secs] [Times: user=0.09 sys=0.00, real=0.03 secs] 
2020-08-02T06:08:34.853+0800: 12510898.831: [GC (Allocation Failure) 2020-08-02T06:08:34.853+0800: 12510898.831: [ParNew: 699015K->15397K(737280K), 0.0187585 secs] 1532491K->849005K(6209536K), 0.0189372 secs] [Times: user=0.08 sys=0.01, real=0.02 secs] 
2020-08-02T06:10:45.322+0800: 12511029.300: [GC (Allocation Failure) 2020-08-02T06:10:45.322+0800: 12511029.300: [ParNew: 670716K->30273K(737280K), 0.0250757 secs] 1504324K->864426K(6209536K), 0.0252626 secs] [Times: user=0.08 sys=0.00, real=0.03 secs] 
2020-08-02T06:13:05.213+0800: 12511169.191: [GC (Allocation Failure) 2020-08-02T06:13:05.213+0800: 12511169.191: [ParNew: 685632K->26251K(737280K), 0.0212562 secs] 1519785K->860623K(6209536K), 0.0214553 secs] [Times: user=0.07 sys=0.00, real=0.02 secs] 
2020-08-02T06:15:25.173+0800: 12511309.151: [GC (Allocation Failure) 2020-08-02T06:15:25.173+0800: 12511309.151: [ParNew: 681573K->25158K(737280K), 0.0260495 secs] 1515946K->859558K(6209536K), 0.0262410 secs] [Times: user=0.10 sys=0.00, real=0.03 secs] 
2020-08-02T06:17:52.304+0800: 12511456.282: [GC (Allocation Failure) 2020-08-02T06:17:52.305+0800: 12511456.282: [ParNew: 680518K->24318K(737280K), 0.0194769 secs] 1514918K->858984K(6209536K), 0.0196423 secs] [Times: user=0.08 sys=0.00, real=0.02 secs] 
2020-08-02T06:20:34.650+0800: 12511618.628: [GC (Allocation Failure) 2020-08-02T06:20:34.655+0800: 12511618.633: [ParNew: 679678K->34185K(737280K), 0.0303815 secs] 1514344K->869226K(6209536K), 0.0359315 secs] [Times: user=0.07 sys=0.00, real=0.03 secs] 
2020-08-02T06:23:08.132+0800: 12511772.110: [GC (Allocation Failure) 2020-08-02T06:23:08.133+0800: 12511772.110: [ParNew: 689545K->25671K(737280K), 0.0207279 secs] 1524586K->861000K(6209536K), 0.0209070 secs] [Times: user=0.08 sys=0.00, real=0.02 secs] 
2020-08-02T06:25:57.975+0800: 12511941.952: [GC (Allocation Failure) 2020-08-02T06:25:57.980+0800: 12511941.958: [ParNew: 681031K->32334K(737280K), 0.0271060 secs] 1516360K->867900K(6209536K), 0.0323514 secs] [Times: user=0.08 sys=0.01, real=0.04 secs] 
2020-08-02T06:28:11.772+0800: 12512075.750: [GC (Allocation Failure) 2020-08-02T06:28:11.772+0800: 12512075.750: [ParNew: 687694K->25710K(737280K), 0.0214361 secs] 1523260K->861460K(6209536K), 0.0216040 secs] [Times: user=0.06 sys=0.00, real=0.02 secs] 
2020-08-02T06:29:56.348+0800: 12512180.326: [GC (Allocation Failure) 2020-08-02T06:29:56.348+0800: 12512180.326: [ParNew: 681070K->24349K(737280K), 0.0221190 secs] 1516820K->860182K(6209536K), 0.0223156 secs] [Times: user=0.09 sys=0.00, real=0.02 secs] 
2020-08-02T06:31:43.494+0800: 12512287.472: [GC (Allocation Failure) 2020-08-02T06:31:43.494+0800: 12512287.472: [ParNew: 679709K->26149K(737280K), 0.0205754 secs] 1515542K->862003K(6209536K), 0.0207515 secs] [Times: user=0.07 sys=0.00, real=0.02 secs] 
2020-08-02T06:33:17.881+0800: 12512381.858: [GC (Allocation Failure) 2020-08-02T06:33:17.881+0800: 12512381.859: [ParNew: 681509K->14620K(737280K), 0.0217250 secs] 1517363K->850959K(6209536K), 0.0219636 secs] [Times: user=0.07 sys=0.00, real=0.02 secs] 
2020-08-02T06:35:12.945+0800: 12512496.923: [GC (Allocation Failure) 2020-08-02T06:35:12.945+0800: 12512496.923: [ParNew: 669980K->36634K(737280K), 0.0267209 secs] 1506319K->873059K(6209536K), 0.0269299 secs] [Times: user=0.08 sys=0.00, real=0.03 secs] 
2020-08-02T06:37:07.445+0800: 12512611.423: [GC (Allocation Failure) 2020-08-02T06:37:07.445+0800: 12512611.423: [ParNew: 691994K->22248K(737280K), 0.0247436 secs] 1528419K->858795K(6209536K), 0.0249404 secs] [Times: user=0.06 sys=0.01, real=0.03 secs] 
2020-08-02T06:39:43.283+0800: 12512767.261: [GC (Allocation Failure) 2020-08-02T06:39:43.284+0800: 12512767.261: [ParNew: 677608K->39154K(737280K), 0.0238666 secs] 1514155K->875717K(6209536K), 0.0240670 secs] [Times: user=0.08 sys=0.00, real=0.03 secs] 
2020-08-02T06:42:00.454+0800: 12512904.431: [GC (Allocation Failure) 2020-08-02T06:42:00.454+0800: 12512904.431: [ParNew: 694514K->23936K(737280K), 0.0216248 secs] 1531077K->860580K(6209536K), 0.0218138 secs] [Times: user=0.09 sys=0.00, real=0.02 secs] 
2020-08-02T06:44:41.301+0800: 12513065.279: [GC (Allocation Failure) 2020-08-02T06:44:41.301+0800: 12513065.279: [ParNew: 679296K->28754K(737280K), 0.0217403 secs] 1515940K->866164K(6209536K), 0.0219037 secs] [Times: user=0.08 sys=0.00, real=0.02 secs] 
2020-08-02T06:47:30.631+0800: 12513234.609: [GC (Allocation Failure) 2020-08-02T06:47:30.631+0800: 12513234.609: [ParNew: 684114K->29037K(737280K), 0.0224407 secs] 1521524K->866528K(6209536K), 0.0225965 secs] [Times: user=0.07 sys=0.00, real=0.02 secs] 
2020-08-02T06:50:00.980+0800: 12513384.958: [GC (Allocation Failure) 2020-08-02T06:50:00.980+0800: 12513384.958: [ParNew: 684397K->23247K(737280K), 0.0191122 secs] 1521888K->860797K(6209536K), 0.0192824 secs] [Times: user=0.07 sys=0.00, real=0.02 secs] 
2020-08-02T06:51:45.274+0800: 12513489.252: [GC (Allocation Failure) 2020-08-02T06:51:45.274+0800: 12513489.252: [ParNew: 678511K->18350K(737280K), 0.0182606 secs] 1516061K->855920K(6209536K), 0.0184327 secs] [Times: user=0.06 sys=0.00, real=0.02 secs] 
2020-08-02T06:56:38.447+0800: 12513782.425: [GC (Allocation Failure) 2020-08-02T06:56:38.465+0800: 12513782.443: [ParNew: 673710K->20332K(737280K), 0.0215348 secs] 1511280K->858175K(6209536K), 0.0395715 secs] [Times: user=0.08 sys=0.00, real=0.04 secs] 
2020-08-02T07:02:09.938+0800: 12514113.916: [GC (Allocation Failure) 2020-08-02T07:02:09.943+0800: 12514113.921: [ParNew: 675692K->13753K(737280K), 0.0175520 secs] 1513535K->851669K(6209536K), 0.0227316 secs] [Times: user=0.06 sys=0.00, real=0.03 secs] 
2020-08-02T07:04:23.383+0800: 12514247.361: [GC (Allocation Failure) 2020-08-02T07:04:23.384+0800: 12514247.361: [ParNew: 669113K->14524K(737280K), 0.0290643 secs] 1507029K->852712K(6209536K), 0.0292839 secs] [Times: user=0.11 sys=0.00, real=0.03 secs] 
2020-08-02T07:07:31.855+0800: 12514435.833: [GC (Allocation Failure) 2020-08-02T07:07:31.856+0800: 12514435.833: [ParNew: 669884K->18220K(737280K), 0.0188757 secs] 1508072K->856466K(6209536K), 0.0190444 secs] [Times: user=0.06 sys=0.00, real=0.02 secs] 
2020-08-02T07:14:11.302+0800: 12514835.280: [GC (Allocation Failure) 2020-08-02T07:14:11.307+0800: 12514835.285: [ParNew: 673580K->11319K(737280K), 0.0159998 secs] 1511826K->849591K(6209536K), 0.0218203 secs] [Times: user=0.07 sys=0.00, real=0.02 secs] 
2020-08-02T07:19:59.920+0800: 12515183.898: [GC (Allocation Failure) 2020-08-02T07:19:59.926+0800: 12515183.903: [ParNew: 666679K->11110K(737280K), 0.0201114 secs] 1504951K->849522K(6209536K), 0.0260282 secs] [Times: user=0.07 sys=0.00, real=0.02 secs] 
2020-08-02T07:24:55.838+0800: 12515479.816: [GC (Allocation Failure) 2020-08-02T07:24:55.840+0800: 12515479.817: [ParNew: 666470K->11868K(737280K), 0.0163486 secs] 1504882K->850292K(6209536K), 0.0181694 secs] [Times: user=0.07 sys=0.00, real=0.02 secs] 
2020-08-02T07:27:45.804+0800: 12515649.782: [GC (Allocation Failure) 2020-08-02T07:27:45.805+0800: 12515649.782: [ParNew: 667228K->12067K(737280K), 0.0182207 secs] 1505652K->850919K(6209536K), 0.0183929 secs] [Times: user=0.08 sys=0.00, real=0.02 secs] 
2020-08-02T07:29:37.783+0800: 12515761.761: [GC (Allocation Failure) 2020-08-02T07:29:37.783+0800: 12515761.761: [ParNew: 667427K->33763K(737280K), 0.0410054 secs] 1506279K->872837K(6209536K), 0.0411826 secs] [Times: user=0.20 sys=0.00, real=0.04 secs] 
2020-08-02T07:29:59.346+0800: 12515783.324: [GC (Allocation Failure) 2020-08-02T07:29:59.346+0800: 12515783.324: [ParNew: 689123K->74406K(737280K), 0.0550727 secs] 1528197K->913972K(6209536K), 0.0552709 secs] [Times: user=0.36 sys=0.00, real=0.06 secs] 
2020-08-02T07:30:18.675+0800: 12515802.653: [GC (Allocation Failure) 2020-08-02T07:30:18.675+0800: 12515802.653: [ParNew: 729766K->56749K(737280K), 0.3163464 secs] 1569332K->968605K(6209536K), 0.3165005 secs] [Times: user=1.08 sys=0.17, real=0.32 secs] 
2020-08-02T07:30:42.306+0800: 12515826.284: [GC (Allocation Failure) 2020-08-02T07:30:42.310+0800: 12515826.288: [ParNew: 712109K->61731K(737280K), 0.0876702 secs] 1623965K->1013800K(6209536K), 0.0920735 secs] [Times: user=0.54 sys=0.00, real=0.09 secs] 
2020-08-02T07:31:02.230+0800: 12515846.208: [GC (Allocation Failure) 2020-08-02T07:31:02.230+0800: 12515846.208: [ParNew: 717091K->81920K(737280K), 0.0649383 secs] 1669160K->1035930K(6209536K), 0.0650974 secs] [Times: user=0.48 sys=0.00, real=0.06 secs] 
2020-08-02T07:31:18.197+0800: 12515862.175: [GC (Allocation Failure) 2020-08-02T07:31:18.197+0800: 12515862.175: [ParNew: 737280K->64149K(737280K), 0.1274375 secs] 1691290K->1096871K(6209536K), 0.1275919 secs] [Times: user=0.81 sys=0.00, real=0.13 secs] 
2020-08-02T07:31:37.296+0800: 12515881.274: [GC (Allocation Failure) 2020-08-02T07:31:37.296+0800: 12515881.274: [ParNew: 719509K->60582K(737280K), 0.1004361 secs] 1752231K->1136786K(6209536K), 0.1006510 secs] [Times: user=0.54 sys=0.01, real=0.10 secs] 
2020-08-02T07:31:56.722+0800: 12515900.700: [GC (Allocation Failure) 2020-08-02T07:31:56.723+0800: 12515900.700: [ParNew: 715942K->67409K(737280K), 0.0976231 secs] 1792146K->1187232K(6209536K), 0.0978367 secs] [Times: user=0.61 sys=0.00, real=0.10 secs] 
2020-08-02T07:32:14.847+0800: 12515918.825: [GC (Allocation Failure) 2020-08-02T07:32:14.847+0800: 12515918.825: [ParNew: 722769K->81920K(737280K), 0.0724437 secs] 1842592K->1205629K(6209536K), 0.0726029 secs] [Times: user=0.51 sys=0.00, real=0.07 secs] 
2020-08-02T07:32:33.692+0800: 12515937.670: [GC (Allocation Failure) 2020-08-02T07:32:33.692+0800: 12515937.670: [ParNew: 737280K->81920K(737280K), 0.1100377 secs] 1860989K->1247966K(6209536K), 0.1101864 secs] [Times: user=0.76 sys=0.00, real=0.11 secs] 
2020-08-02T07:32:56.027+0800: 12515960.005: [GC (Allocation Failure) 2020-08-02T07:32:56.027+0800: 12515960.005: [ParNew: 737280K->74927K(737280K), 0.1252112 secs] 1903326K->1319094K(6209536K), 0.1253820 secs] [Times: user=0.80 sys=0.00, real=0.12 secs] 
2020-08-02T07:33:23.752+0800: 12515987.730: [GC (Allocation Failure) 2020-08-02T07:33:23.752+0800: 12515987.730: [ParNew: 730287K->56832K(737280K), 0.0815950 secs] 1974454K->1342628K(6209536K), 0.0817602 secs] [Times: user=0.52 sys=0.00, real=0.08 secs] 
2020-08-02T07:33:47.167+0800: 12516011.145: [GC (Allocation Failure) 2020-08-02T07:33:47.167+0800: 12516011.145: [ParNew: 712192K->81920K(737280K), 0.0670913 secs] 1997988K->1368597K(6209536K), 0.0682418 secs] [Times: user=0.42 sys=0.00, real=0.06 secs] 
2020-08-02T07:34:09.588+0800: 12516033.565: [GC (Allocation Failure) 2020-08-02T07:34:09.588+0800: 12516033.566: [ParNew: 737280K->81920K(737280K), 0.1054891 secs] 2023957K->1407506K(6209536K), 0.1056597 secs] [Times: user=0.72 sys=0.00, real=0.10 secs] 
2020-08-02T07:34:34.104+0800: 12516058.082: [GC (Allocation Failure) 2020-08-02T07:34:34.104+0800: 12516058.082: [ParNew: 737280K->76335K(737280K), 0.1547475 secs] 2062866K->1483266K(6209536K), 0.1549065 secs] [Times: user=0.92 sys=0.00, real=0.16 secs] 
2020-08-02T07:34:54.925+0800: 12516078.903: [GC (Allocation Failure) 2020-08-02T07:34:54.925+0800: 12516078.903: [ParNew: 731695K->81920K(737280K), 0.0690191 secs] 2138626K->1492290K(6209536K), 0.0691755 secs] [Times: user=0.52 sys=0.00, real=0.07 secs] 
2020-08-02T07:35:15.450+0800: 12516099.428: [GC (Allocation Failure) 2020-08-02T07:35:15.451+0800: 12516099.428: [ParNew: 737280K->68083K(737280K), 0.1302907 secs] 2147650K->1557815K(6209536K), 0.1304793 secs] [Times: user=0.83 sys=0.00, real=0.13 secs] 
2020-08-02T07:35:32.960+0800: 12516116.938: [GC (Allocation Failure) 2020-08-02T07:35:32.960+0800: 12516116.938: [ParNew: 723443K->56354K(737280K), 0.0970894 secs] 2213175K->1590059K(6209536K), 0.0972557 secs] [Times: user=0.63 sys=0.00, real=0.09 secs] 
2020-08-02T07:35:48.935+0800: 12516132.913: [GC (Allocation Failure) 2020-08-02T07:35:48.935+0800: 12516132.913: [ParNew: 711714K->63406K(737280K), 0.1115435 secs] 2245419K->1641693K(6209536K), 0.1117006 secs] [Times: user=0.55 sys=0.00, real=0.12 secs] 
2020-08-02T07:36:09.103+0800: 12516153.081: [GC (Allocation Failure) 2020-08-02T07:36:09.103+0800: 12516153.081: [ParNew: 718766K->55459K(737280K), 0.0904408 secs] 2297053K->1677247K(6209536K), 0.0906220 secs] [Times: user=0.57 sys=0.01, real=0.09 secs] 
2020-08-02T07:36:27.821+0800: 12516171.799: [GC (Allocation Failure) 2020-08-02T07:36:27.821+0800: 12516171.799: [ParNew: 710819K->71298K(737280K), 0.0856550 secs] 2332607K->1737575K(6209536K), 0.0858149 secs] [Times: user=0.60 sys=0.00, real=0.09 secs] 
2020-08-02T07:36:46.313+0800: 12516190.290: [GC (Allocation Failure) 2020-08-02T07:36:46.313+0800: 12516190.291: [ParNew: 726658K->56487K(737280K), 0.0931030 secs] 2392935K->1769502K(6209536K), 0.0932780 secs] [Times: user=0.59 sys=0.00, real=0.09 secs] 
2020-08-02T07:37:17.755+0800: 12516221.733: [GC (Allocation Failure) 2020-08-02T07:37:17.755+0800: 12516221.733: [ParNew: 711847K->49116K(737280K), 0.0827710 secs] 2424862K->1804847K(6209536K), 0.0829589 secs] [Times: user=0.55 sys=0.00, real=0.08 secs] 
2020-08-02T07:37:52.607+0800: 12516256.585: [GC (Allocation Failure) 2020-08-02T07:37:52.607+0800: 12516256.585: [ParNew: 704476K->81920K(737280K), 0.0668685 secs] 2460207K->1841437K(6209536K), 0.0670491 secs] [Times: user=0.44 sys=0.00, real=0.06 secs] 
2020-08-02T07:38:25.993+0800: 12516289.971: [GC (Allocation Failure) 2020-08-02T07:38:25.993+0800: 12516289.971: [ParNew: 737280K->81920K(737280K), 0.1116557 secs] 2496797K->1882394K(6209536K), 0.1118257 secs] [Times: user=0.76 sys=0.00, real=0.11 secs] 
2020-08-02T07:38:52.226+0800: 12516316.204: [GC (Allocation Failure) 2020-08-02T07:38:52.226+0800: 12516316.204: [ParNew: 737280K->75394K(737280K), 0.1251638 secs] 2537754K->1953509K(6209536K), 0.1253490 secs] [Times: user=0.79 sys=0.00, real=0.13 secs] 
2020-08-02T07:40:02.259+0800: 12516386.237: [GC (Allocation Failure) 2020-08-02T07:40:02.259+0800: 12516386.237: [ParNew: 730754K->60866K(737280K), 0.0920512 secs] 2608869K->1980238K(6209536K), 0.0922313 secs] [Times: user=0.48 sys=0.00, real=0.09 secs] 
2020-08-02T07:40:44.593+0800: 12516428.571: [GC (Allocation Failure) 2020-08-02T07:40:44.593+0800: 12516428.571: [ParNew: 716226K->59045K(737280K), 0.0884146 secs] 2635598K->2018771K(6209536K), 0.0885965 secs] [Times: user=0.54 sys=0.00, real=0.09 secs] 
2020-08-02T07:41:20.331+0800: 12516464.309: [GC (Allocation Failure) 2020-08-02T07:41:20.331+0800: 12516464.309: [ParNew: 714405K->58004K(737280K), 0.0870854 secs] 2674131K->2059821K(6209536K), 0.0872710 secs] [Times: user=0.56 sys=0.00, real=0.09 secs] 
2020-08-02T07:41:50.493+0800: 12516494.471: [GC (Allocation Failure) 2020-08-02T07:41:50.493+0800: 12516494.471: [ParNew: 713364K->62084K(737280K), 0.0978287 secs] 2715181K->2104383K(6209536K), 0.0980291 secs] [Times: user=0.50 sys=0.00, real=0.10 secs] 
2020-08-02T07:42:21.885+0800: 12516525.863: [GC (Allocation Failure) 2020-08-02T07:42:21.885+0800: 12516525.863: [ParNew: 717444K->57182K(737280K), 0.0945235 secs] 2759743K->2139842K(6209536K), 0.0947349 secs] [Times: user=0.50 sys=0.00, real=0.10 secs] 
2020-08-02T07:42:48.271+0800: 12516552.249: [GC (Allocation Failure) 2020-08-02T07:42:48.271+0800: 12516552.249: [ParNew: 712542K->79533K(737280K), 0.0564100 secs] 2795202K->2162193K(6209536K), 0.0565641 secs] [Times: user=0.38 sys=0.00, real=0.06 secs] 
2020-08-02T07:43:12.018+0800: 12516575.996: [GC (Allocation Failure) 2020-08-02T07:43:12.018+0800: 12516575.996: [ParNew: 734838K->81920K(737280K), 0.0942876 secs] 2817498K->2198112K(6209536K), 0.0944779 secs] [Times: user=0.56 sys=0.00, real=0.10 secs] 
2020-08-02T07:43:44.476+0800: 12516608.454: [GC (Allocation Failure) 2020-08-02T07:43:44.476+0800: 12516608.454: [ParNew: 737280K->81920K(737280K), 0.1005542 secs] 2853472K->2236751K(6209536K), 0.1007513 secs] [Times: user=0.67 sys=0.00, real=0.10 secs] 
2020-08-02T07:44:21.937+0800: 12516645.915: [GC (Allocation Failure) 2020-08-02T07:44:21.937+0800: 12516645.915: [ParNew: 737280K->72237K(737280K), 0.1186819 secs] 2892111K->2300143K(6209536K), 0.1188707 secs] [Times: user=0.75 sys=0.00, real=0.12 secs] 
2020-08-02T07:45:00.589+0800: 12516684.567: [GC (Allocation Failure) 2020-08-02T07:45:00.590+0800: 12516684.567: [ParNew: 727597K->81920K(737280K), 0.0647967 secs] 2955503K->2313063K(6209536K), 0.0650221 secs] [Times: user=0.44 sys=0.00, real=0.06 secs] 
2020-08-02T07:45:46.676+0800: 12516730.654: [GC (Allocation Failure) 2020-08-02T07:45:46.676+0800: 12516730.654: [ParNew: 737280K->81920K(737280K), 0.1044283 secs] 2968423K->2355000K(6209536K), 0.1045820 secs] [Times: user=0.72 sys=0.00, real=0.11 secs] 
2020-08-02T07:46:19.022+0800: 12516763.000: [GC (Allocation Failure) 2020-08-02T07:46:19.022+0800: 12516763.000: [ParNew: 737280K->81920K(737280K), 0.1325259 secs] 3010360K->2395654K(6209536K), 0.1326913 secs] [Times: user=0.67 sys=0.00, real=0.13 secs] 
2020-08-02T07:47:03.782+0800: 12516807.759: [GC (Allocation Failure) 2020-08-02T07:47:03.782+0800: 12516807.759: [ParNew: 737280K->77008K(737280K), 0.1288678 secs] 3051014K->2467856K(6209536K), 0.1290706 secs] [Times: user=0.77 sys=0.00, real=0.13 secs] 
2020-08-02T07:47:45.863+0800: 12516849.841: [GC (Allocation Failure) 2020-08-02T07:47:45.863+0800: 12516849.841: [ParNew: 732368K->65616K(737280K), 0.0814519 secs] 3123216K->2497018K(6209536K), 0.0816160 secs] [Times: user=0.52 sys=0.00, real=0.08 secs] 
2020-08-02T07:48:22.711+0800: 12516886.689: [GC (Allocation Failure) 2020-08-02T07:48:22.711+0800: 12516886.689: [ParNew: 720976K->81920K(737280K), 0.0661095 secs] 3152378K->2514951K(6209536K), 0.0662789 secs] [Times: user=0.48 sys=0.00, real=0.06 secs] 
2020-08-02T07:48:50.774+0800: 12516914.752: [GC (Allocation Failure) 2020-08-02T07:48:50.774+0800: 12516914.752: [ParNew: 737280K->81920K(737280K), 0.1050600 secs] 3170311K->2554935K(6209536K), 0.1052232 secs] [Times: user=0.68 sys=0.00, real=0.11 secs] 
2020-08-02T07:49:25.151+0800: 12516949.129: [GC (Allocation Failure) 2020-08-02T07:49:25.151+0800: 12516949.129: [ParNew: 737280K->81920K(737280K), 0.1122359 secs] 3210295K->2595447K(6209536K), 0.1124014 secs] [Times: user=0.75 sys=0.00, real=0.11 secs] 
2020-08-02T07:49:54.973+0800: 12516978.950: [GC (Allocation Failure) 2020-08-02T07:49:54.973+0800: 12516978.951: [ParNew: 737280K->76118K(737280K), 0.1577116 secs] 3250807K->2666897K(6209536K), 0.1579028 secs] [Times: user=0.83 sys=0.00, real=0.16 secs] 
2020-08-02T07:50:30.455+0800: 12517014.433: [GC (Allocation Failure) 2020-08-02T07:50:30.455+0800: 12517014.433: [ParNew: 731478K->69929K(737280K), 0.0934077 secs] 3322257K->2702923K(6209536K), 0.0935748 secs] [Times: user=0.63 sys=0.00, real=0.10 secs] 
2020-08-02T07:50:57.032+0800: 12517041.010: [GC (Allocation Failure) 2020-08-02T07:50:57.032+0800: 12517041.010: [ParNew: 725289K->72524K(737280K), 0.1145581 secs] 3358283K->2748768K(6209536K), 0.1147591 secs] [Times: user=0.60 sys=0.00, real=0.12 secs] 
2020-08-02T07:51:29.827+0800: 12517073.804: [GC (Allocation Failure) 2020-08-02T07:51:29.827+0800: 12517073.805: [ParNew: 727884K->59705K(737280K), 0.0950241 secs] 3404128K->2778589K(6209536K), 0.0952068 secs] [Times: user=0.56 sys=0.00, real=0.09 secs] 
2020-08-02T07:52:03.327+0800: 12517107.305: [GC (Allocation Failure) 2020-08-02T07:52:03.327+0800: 12517107.305: [ParNew: 715065K->58706K(737280K), 0.0943989 secs] 3433949K->2820239K(6209536K), 0.0945856 secs] [Times: user=0.54 sys=0.00, real=0.09 secs] 
2020-08-02T07:52:22.272+0800: 12517126.249: [GC (Allocation Failure) 2020-08-02T07:52:22.272+0800: 12517126.249: [ParNew: 714066K->62312K(737280K), 0.1070467 secs] 3475599K->2865797K(6209536K), 0.1072260 secs] [Times: user=0.64 sys=0.00, real=0.11 secs] 
2020-08-02T07:52:43.825+0800: 12517147.803: [GC (Allocation Failure) 2020-08-02T07:52:43.825+0800: 12517147.803: [ParNew: 717672K->70907K(737280K), 0.0896897 secs] 3521157K->2918411K(6209536K), 0.0898491 secs] [Times: user=0.62 sys=0.00, real=0.09 secs] 
2020-08-02T07:53:16.207+0800: 12517180.184: [GC (Allocation Failure) 2020-08-02T07:53:16.207+0800: 12517180.185: [ParNew: 726267K->65835K(737280K), 0.1277268 secs] 3573771K->2956664K(6209536K), 0.1279663 secs] [Times: user=0.80 sys=0.00, real=0.12 secs] 
2020-08-02T07:53:46.336+0800: 12517210.314: [GC (Allocation Failure) 2020-08-02T07:53:46.337+0800: 12517210.314: [ParNew: 721195K->69424K(737280K), 0.1030564 secs] 3612024K->3002045K(6209536K), 0.1032198 secs] [Times: user=0.60 sys=0.00, real=0.11 secs] 
2020-08-02T07:54:25.454+0800: 12517249.432: [GC (Allocation Failure) 2020-08-02T07:54:25.454+0800: 12517249.432: [ParNew: 724784K->71879K(737280K), 0.0879484 secs] 3657405K->3048697K(6209536K), 0.0881327 secs] [Times: user=0.46 sys=0.00, real=0.09 secs] 
2020-08-02T07:54:44.465+0800: 12517268.443: [GC (Allocation Failure) 2020-08-02T07:54:44.466+0800: 12517268.443: [ParNew: 727239K->81920K(737280K), 0.0623078 secs] 3704057K->3062253K(6209536K), 0.0624640 secs] [Times: user=0.47 sys=0.00, real=0.07 secs] 
2020-08-02T07:55:07.197+0800: 12517291.175: [GC (Allocation Failure) 2020-08-02T07:55:07.198+0800: 12517291.175: [ParNew: 737280K->81920K(737280K), 0.1465778 secs] 3717613K->3106425K(6209536K), 0.1467546 secs] [Times: user=0.85 sys=0.00, real=0.15 secs] 
2020-08-02T07:55:28.894+0800: 12517312.872: [GC (Allocation Failure) 2020-08-02T07:55:28.894+0800: 12517312.872: [ParNew: 737280K->74007K(737280K), 0.1220734 secs] 3761785K->3174556K(6209536K), 0.1222391 secs] [Times: user=0.74 sys=0.00, real=0.12 secs] 
2020-08-02T07:55:54.773+0800: 12517338.751: [GC (Allocation Failure) 2020-08-02T07:55:54.773+0800: 12517338.751: [ParNew: 729367K->60304K(737280K), 0.0940985 secs] 3829916K->3202431K(6209536K), 0.0943106 secs] [Times: user=0.56 sys=0.00, real=0.10 secs] 
2020-08-02T07:56:25.453+0800: 12517369.431: [GC (Allocation Failure) 2020-08-02T07:56:25.454+0800: 12517369.431: [ParNew: 715664K->59825K(737280K), 0.1020123 secs] 3857791K->3242905K(6209536K), 0.1021989 secs] [Times: user=0.51 sys=0.00, real=0.10 secs] 
2020-08-02T07:56:55.514+0800: 12517399.492: [GC (Allocation Failure) 2020-08-02T07:56:55.514+0800: 12517399.492: [ParNew: 715185K->81920K(737280K), 0.0708337 secs] 3898265K->3269354K(6209536K), 0.0710187 secs] [Times: user=0.46 sys=0.00, real=0.07 secs] 
2020-08-02T07:57:30.623+0800: 12517434.601: [GC (Allocation Failure) 2020-08-02T07:57:30.623+0800: 12517434.601: [ParNew: 737280K->81920K(737280K), 0.1057178 secs] 3924714K->3309280K(6209536K), 0.1058734 secs] [Times: user=0.73 sys=0.00, real=0.11 secs] 
2020-08-02T07:58:01.563+0800: 12517465.540: [GC (Allocation Failure) 2020-08-02T07:58:01.563+0800: 12517465.540: [ParNew: 737280K->81920K(737280K), 0.1115821 secs] 3964640K->3353577K(6209536K), 0.1117633 secs] [Times: user=0.66 sys=0.00, real=0.11 secs] 
2020-08-02T07:58:25.789+0800: 12517489.767: [GC (Allocation Failure) 2020-08-02T07:58:25.789+0800: 12517489.767: [ParNew: 737280K->81920K(737280K), 0.1000158 secs] 4008937K->3389574K(6209536K), 0.1001797 secs] [Times: user=0.71 sys=0.00, real=0.10 secs] 
2020-08-02T07:58:39.352+0800: 12517503.330: [GC (Allocation Failure) 2020-08-02T07:58:39.352+0800: 12517503.330: [ParNew: 737280K->81920K(737280K), 0.1566055 secs] 4044934K->3467445K(6209536K), 0.1567701 secs] [Times: user=0.74 sys=0.00, real=0.16 secs] 
2020-08-02T07:58:54.881+0800: 12517518.859: [GC (Allocation Failure) 2020-08-02T07:58:54.881+0800: 12517518.859: [ParNew: 737280K->56402K(737280K), 0.0903152 secs] 4122805K->3483789K(6209536K), 0.0905018 secs] [Times: user=0.51 sys=0.00, real=0.09 secs] 
2020-08-02T07:59:16.724+0800: 12517540.701: [GC (Allocation Failure) 2020-08-02T07:59:16.724+0800: 12517540.702: [ParNew: 711762K->46643K(737280K), 0.0812322 secs] 4139149K->3516761K(6209536K), 0.0813901 secs] [Times: user=0.55 sys=0.00, real=0.08 secs] 
2020-08-02T07:59:35.017+0800: 12517558.995: [GC (Allocation Failure) 2020-08-02T07:59:35.017+0800: 12517558.995: [ParNew: 702003K->81920K(737280K), 0.0874927 secs] 4172121K->3554466K(6209536K), 0.0876645 secs] [Times: user=0.49 sys=0.00, real=0.09 secs] 
2020-08-02T08:00:02.052+0800: 12517586.030: [GC (Allocation Failure) 2020-08-02T08:00:02.052+0800: 12517586.030: [ParNew: 737280K->81920K(737280K), 0.1169389 secs] 4209826K->3591600K(6209536K), 0.1171057 secs] [Times: user=0.61 sys=0.00, real=0.12 secs] 
2020-08-02T08:00:23.531+0800: 12517607.509: [GC (Allocation Failure) 2020-08-02T08:00:23.531+0800: 12517607.509: [ParNew: 737280K->81920K(737280K), 0.0934473 secs] 4246960K->3631544K(6209536K), 0.0936076 secs] [Times: user=0.54 sys=0.00, real=0.09 secs] 
2020-08-02T08:00:40.407+0800: 12517624.384: [GC (Allocation Failure) 2020-08-02T08:00:40.407+0800: 12517624.385: [ParNew: 737280K->81920K(737280K), 0.1160718 secs] 4286904K->3666220K(6209536K), 0.1162474 secs] [Times: user=0.66 sys=0.00, real=0.11 secs] 
2020-08-02T08:00:55.040+0800: 12517639.018: [GC (Allocation Failure) 2020-08-02T08:00:55.040+0800: 12517639.018: [ParNew: 737280K->81920K(737280K), 0.1130292 secs] 4321580K->3711971K(6209536K), 0.1132023 secs] [Times: user=0.63 sys=0.00, real=0.11 secs] 
2020-08-02T08:01:16.269+0800: 12517660.247: [GC (Allocation Failure) 2020-08-02T08:01:16.269+0800: 12517660.247: [ParNew: 737280K->81920K(737280K), 0.0986365 secs] 4367331K->3748398K(6209536K), 0.0988479 secs] [Times: user=0.67 sys=0.00, real=0.10 secs] 
2020-08-02T08:01:35.824+0800: 12517679.802: [GC (Allocation Failure) 2020-08-02T08:01:35.824+0800: 12517679.802: [ParNew: 737280K->81920K(737280K), 0.1185512 secs] 4403758K->3787332K(6209536K), 0.1187166 secs] [Times: user=0.69 sys=0.00, real=0.12 secs] 
2020-08-02T08:02:02.648+0800: 12517706.626: [GC (Allocation Failure) 2020-08-02T08:02:02.648+0800: 12517706.626: [ParNew: 737280K->75642K(737280K), 0.1178914 secs] 4442692K->3856634K(6209536K), 0.1181100 secs] [Times: user=0.79 sys=0.00, real=0.11 secs] 
2020-08-02T08:02:42.579+0800: 12517746.557: [GC (Allocation Failure) 2020-08-02T08:02:42.579+0800: 12517746.557: [ParNew: 731002K->81920K(737280K), 0.0652130 secs] 4511994K->3864906K(6209536K), 0.0654448 secs] [Times: user=0.42 sys=0.00, real=0.06 secs] 
2020-08-02T08:03:22.349+0800: 12517786.327: [GC (Allocation Failure) 2020-08-02T08:03:22.349+0800: 12517786.327: [ParNew: 737280K->81920K(737280K), 0.1042801 secs] 4520266K->3905222K(6209536K), 0.1044909 secs] [Times: user=0.59 sys=0.00, real=0.10 secs] 
2020-08-02T08:03:40.623+0800: 12517804.601: [GC (Allocation Failure) 2020-08-02T08:03:40.624+0800: 12517804.601: [ParNew: 737280K->81920K(737280K), 0.1586750 secs] 4560582K->3939612K(6209536K), 0.1595711 secs] [Times: user=0.60 sys=0.00, real=0.16 secs] 
2020-08-02T08:03:40.791+0800: 12517804.769: [GC (CMS Initial Mark) [1 CMS-initial-mark: 3857692K(5472256K)] 3939985K(6209536K), 0.0184450 secs] [Times: user=0.04 sys=0.00, real=0.02 secs] 
2020-08-02T08:03:40.810+0800: 12517804.788: [CMS-concurrent-mark-start]
2020-08-02T08:03:44.330+0800: 12517808.308: [CMS-concurrent-mark: 3.521/3.521 secs] [Times: user=7.01 sys=1.25, real=3.52 secs] 
2020-08-02T08:03:44.332+0800: 12517808.309: [CMS-concurrent-preclean-start]
2020-08-02T08:03:44.340+0800: 12517808.318: [CMS-concurrent-preclean: 0.009/0.009 secs] [Times: user=0.01 sys=0.00, real=0.01 secs] 
2020-08-02T08:03:44.340+0800: 12517808.318: [CMS-concurrent-abortable-preclean-start]
 CMS: abort preclean due to time 2020-08-02T08:03:49.756+0800: 12517813.733: [CMS-concurrent-abortable-preclean: 4.714/5.415 secs] [Times: user=5.22 sys=1.31, real=5.41 secs] 
2020-08-02T08:03:49.757+0800: 12517813.735: [GC (CMS Final Remark) [YG occupancy: 234740 K (737280 K)]2020-08-02T08:03:49.757+0800: 12517813.735: [Rescan (parallel) , 0.0295315 secs]2020-08-02T08:03:49.787+0800: 12517813.765: [weak refs processing, 0.0013281 secs]2020-08-02T08:03:49.788+0800: 12517813.766: [class unloading, 0.0182367 secs]2020-08-02T08:03:49.806+0800: 12517813.784: [scrub symbol table, 0.0063850 secs]2020-08-02T08:03:49.813+0800: 12517813.791: [scrub string table, 0.0009269 secs][1 CMS-remark: 3857692K(5472256K)] 4092433K(6209536K), 0.0568389 secs] [Times: user=0.18 sys=0.00, real=0.06 secs] 
2020-08-02T08:03:49.814+0800: 12517813.792: [CMS-concurrent-sweep-start]
2020-08-02T08:03:51.472+0800: 12517815.450: [CMS-concurrent-sweep: 1.658/1.658 secs] [Times: user=1.92 sys=0.36, real=1.66 secs] 
2020-08-02T08:03:51.472+0800: 12517815.450: [CMS-concurrent-reset-start]
2020-08-02T08:03:51.494+0800: 12517815.472: [CMS-concurrent-reset: 0.022/0.022 secs] [Times: user=0.02 sys=0.00, real=0.02 secs] 
2020-08-02T08:04:08.309+0800: 12517832.287: [GC (Allocation Failure) 2020-08-02T08:04:08.309+0800: 12517832.287: [ParNew: 737280K->81920K(737280K), 0.1092918 secs] 4411222K->3792071K(6209536K), 0.1094897 secs] [Times: user=0.66 sys=0.00, real=0.11 secs] 
2020-08-02T08:04:31.266+0800: 12517855.243: [GC (Allocation Failure) 2020-08-02T08:04:31.266+0800: 12517855.244: [ParNew: 737280K->81920K(737280K), 0.1084345 secs] 4447431K->3833994K(6209536K), 0.1086381 secs] [Times: user=0.66 sys=0.00, real=0.11 secs] 
2020-08-02T08:04:57.826+0800: 12517881.803: [GC (Allocation Failure) 2020-08-02T08:04:57.826+0800: 12517881.804: [ParNew: 737280K->81920K(737280K), 0.1166095 secs] 4489354K->3871366K(6209536K), 0.1168212 secs] [Times: user=0.67 sys=0.00, real=0.12 secs] 
2020-08-02T08:05:30.749+0800: 12517914.727: [GC (Allocation Failure) 2020-08-02T08:05:30.749+0800: 12517914.727: [ParNew: 737280K->81920K(737280K), 0.0899076 secs] 4526726K->3907756K(6209536K), 0.0900737 secs] [Times: user=0.62 sys=0.00, real=0.09 secs] 
2020-08-02T08:06:03.954+0800: 12517947.931: [GC (Allocation Failure) 2020-08-02T08:06:03.954+0800: 12517947.932: [ParNew: 737280K->81920K(737280K), 0.1044398 secs] 4563116K->3953526K(6209536K), 0.1046500 secs] [Times: user=0.57 sys=0.00, real=0.10 secs] 
2020-08-02T08:06:04.060+0800: 12517948.038: [GC (CMS Initial Mark) [1 CMS-initial-mark: 3871606K(5472256K)] 3964340K(6209536K), 0.0088545 secs] [Times: user=0.04 sys=0.01, real=0.01 secs] 
2020-08-02T08:06:04.069+0800: 12517948.047: [CMS-concurrent-mark-start]
2020-08-02T08:06:06.416+0800: 12517950.393: [CMS-concurrent-mark: 2.346/2.346 secs] [Times: user=4.91 sys=0.00, real=2.34 secs] 
2020-08-02T08:06:06.416+0800: 12517950.393: [CMS-concurrent-preclean-start]
2020-08-02T08:06:06.423+0800: 12517950.401: [CMS-concurrent-preclean: 0.007/0.007 secs] [Times: user=0.01 sys=0.00, real=0.01 secs] 
2020-08-02T08:06:06.423+0800: 12517950.401: [CMS-concurrent-abortable-preclean-start]
 CMS: abort preclean due to time 2020-08-02T08:06:11.709+0800: 12517955.686: [CMS-concurrent-abortable-preclean: 4.085/5.286 secs] [Times: user=4.55 sys=0.15, real=5.29 secs] 
2020-08-02T08:06:11.710+0800: 12517955.688: [GC (CMS Final Remark) [YG occupancy: 188091 K (737280 K)]2020-08-02T08:06:11.710+0800: 12517955.688: [Rescan (parallel) , 0.0217401 secs]2020-08-02T08:06:11.732+0800: 12517955.710: [weak refs processing, 0.0001317 secs]2020-08-02T08:06:11.732+0800: 12517955.710: [class unloading, 0.0181927 secs]2020-08-02T08:06:11.750+0800: 12517955.728: [scrub symbol table, 0.0065509 secs]2020-08-02T08:06:11.757+0800: 12517955.735: [scrub string table, 0.0009255 secs][1 CMS-remark: 3871606K(5472256K)] 4059697K(6209536K), 0.0477293 secs] [Times: user=0.17 sys=0.00, real=0.04 secs] 
2020-08-02T08:06:11.758+0800: 12517955.736: [CMS-concurrent-sweep-start]
2020-08-02T08:06:13.178+0800: 12517957.156: [CMS-concurrent-sweep: 1.420/1.420 secs] [Times: user=1.58 sys=0.07, real=1.42 secs] 
2020-08-02T08:06:13.178+0800: 12517957.156: [CMS-concurrent-reset-start]
2020-08-02T08:06:13.198+0800: 12517957.176: [CMS-concurrent-reset: 0.019/0.019 secs] [Times: user=0.02 sys=0.00, real=0.01 secs] 
2020-08-02T08:06:15.198+0800: 12517959.176: [GC (CMS Initial Mark) [1 CMS-initial-mark: 3847092K(5472256K)] 4092738K(6209536K), 0.0180635 secs] [Times: user=0.11 sys=0.00, real=0.02 secs] 
2020-08-02T08:06:15.216+0800: 12517959.194: [CMS-concurrent-mark-start]
2020-08-02T08:06:17.605+0800: 12517961.583: [CMS-concurrent-mark: 2.389/2.389 secs] [Times: user=5.10 sys=0.06, real=2.39 secs] 
2020-08-02T08:06:17.606+0800: 12517961.583: [CMS-concurrent-preclean-start]
2020-08-02T08:06:17.613+0800: 12517961.591: [CMS-concurrent-preclean: 0.008/0.008 secs] [Times: user=0.01 sys=0.00, real=0.01 secs] 
2020-08-02T08:06:17.613+0800: 12517961.591: [CMS-concurrent-abortable-preclean-start]
 CMS: abort preclean due to time 2020-08-02T08:06:22.907+0800: 12517966.884: [CMS-concurrent-abortable-preclean: 4.054/5.293 secs] [Times: user=4.58 sys=0.31, real=5.30 secs] 
2020-08-02T08:06:22.908+0800: 12517966.886: [GC (CMS Final Remark) [YG occupancy: 397644 K (737280 K)]2020-08-02T08:06:22.908+0800: 12517966.886: [Rescan (parallel) , 0.0292569 secs]2020-08-02T08:06:22.937+0800: 12517966.915: [weak refs processing, 0.0000372 secs]2020-08-02T08:06:22.937+0800: 12517966.915: [class unloading, 0.0179739 secs]2020-08-02T08:06:22.955+0800: 12517966.933: [scrub symbol table, 0.0069674 secs]2020-08-02T08:06:22.962+0800: 12517966.940: [scrub string table, 0.0009392 secs][1 CMS-remark: 3847092K(5472256K)] 4244737K(6209536K), 0.0553616 secs] [Times: user=0.24 sys=0.00, real=0.05 secs] 
2020-08-02T08:06:22.964+0800: 12517966.941: [CMS-concurrent-sweep-start]
2020-08-02T08:06:24.416+0800: 12517968.394: [CMS-concurrent-sweep: 1.452/1.452 secs] [Times: user=1.62 sys=0.06, real=1.45 secs] 
2020-08-02T08:06:24.416+0800: 12517968.394: [CMS-concurrent-reset-start]
2020-08-02T08:06:24.436+0800: 12517968.414: [CMS-concurrent-reset: 0.020/0.020 secs] [Times: user=0.02 sys=0.00, real=0.02 secs] 
2020-08-02T08:06:26.437+0800: 12517970.415: [GC (CMS Initial Mark) [1 CMS-initial-mark: 3846327K(5472256K)] 4310037K(6209536K), 0.0296606 secs] [Times: user=0.21 sys=0.00, real=0.04 secs] 
2020-08-02T08:06:26.467+0800: 12517970.445: [CMS-concurrent-mark-start]
2020-08-02T08:06:28.834+0800: 12517972.811: [CMS-concurrent-mark: 2.364/2.367 secs] [Times: user=5.08 sys=0.05, real=2.36 secs] 
2020-08-02T08:06:28.834+0800: 12517972.812: [CMS-concurrent-preclean-start]
2020-08-02T08:06:28.841+0800: 12517972.819: [CMS-concurrent-preclean: 0.008/0.008 secs] [Times: user=0.01 sys=0.00, real=0.01 secs] 
2020-08-02T08:06:28.841+0800: 12517972.819: [CMS-concurrent-abortable-preclean-start]
 CMS: abort preclean due to time 2020-08-02T08:06:34.074+0800: 12517978.051: [CMS-concurrent-abortable-preclean: 4.147/5.232 secs] [Times: user=4.76 sys=0.37, real=5.23 secs] 
2020-08-02T08:06:34.075+0800: 12517978.053: [GC (CMS Final Remark) [YG occupancy: 648284 K (737280 K)]2020-08-02T08:06:34.075+0800: 12517978.053: [Rescan (parallel) , 0.0498549 secs]2020-08-02T08:06:34.125+0800: 12517978.103: [weak refs processing, 0.0000379 secs]2020-08-02T08:06:34.125+0800: 12517978.103: [class unloading, 0.0179021 secs]2020-08-02T08:06:34.143+0800: 12517978.121: [scrub symbol table, 0.0069610 secs]2020-08-02T08:06:34.150+0800: 12517978.128: [scrub string table, 0.0009536 secs][1 CMS-remark: 3846327K(5472256K)] 4494612K(6209536K), 0.0759101 secs] [Times: user=0.34 sys=0.00, real=0.08 secs] 
2020-08-02T08:06:34.151+0800: 12517978.129: [CMS-concurrent-sweep-start]
2020-08-02T08:06:35.639+0800: 12517979.617: [CMS-concurrent-sweep: 1.488/1.488 secs] [Times: user=1.86 sys=0.34, real=1.49 secs] 
2020-08-02T08:06:35.639+0800: 12517979.617: [CMS-concurrent-reset-start]
2020-08-02T08:06:35.658+0800: 12517979.635: [CMS-concurrent-reset: 0.019/0.019 secs] [Times: user=0.02 sys=0.00, real=0.01 secs] 
2020-08-02T08:06:35.775+0800: 12517979.753: [GC (Allocation Failure) 2020-08-02T08:06:35.776+0800: 12517979.753: [ParNew: 737280K->81920K(737280K), 0.1129513 secs] 4583596K->3967610K(6209536K), 0.1131403 secs] [Times: user=0.69 sys=0.00, real=0.12 secs] 
2020-08-02T08:06:35.890+0800: 12517979.868: [GC (CMS Initial Mark) [1 CMS-initial-mark: 3885690K(5472256K)] 3978945K(6209536K), 0.0112024 secs] [Times: user=0.04 sys=0.00, real=0.01 secs] 
2020-08-02T08:06:35.901+0800: 12517979.879: [CMS-concurrent-mark-start]
2020-08-02T08:06:39.588+0800: 12517983.565: [CMS-concurrent-mark: 3.685/3.686 secs] [Times: user=8.01 sys=0.08, real=3.69 secs] 
2020-08-02T08:06:39.588+0800: 12517983.566: [CMS-concurrent-preclean-start]
2020-08-02T08:06:39.595+0800: 12517983.573: [CMS-concurrent-preclean: 0.007/0.007 secs] [Times: user=0.00 sys=0.00, real=0.00 secs] 
2020-08-02T08:06:39.595+0800: 12517983.573: [CMS-concurrent-abortable-preclean-start]
 CMS: abort preclean due to time 2020-08-02T08:06:44.841+0800: 12517988.819: [CMS-concurrent-abortable-preclean: 4.343/5.246 secs] [Times: user=4.92 sys=0.47, real=5.25 secs] 
2020-08-02T08:06:44.842+0800: 12517988.820: [GC (CMS Final Remark) [YG occupancy: 269338 K (737280 K)]2020-08-02T08:06:44.842+0800: 12517988.820: [Rescan (parallel) , 0.0227117 secs]2020-08-02T08:06:44.865+0800: 12517988.843: [weak refs processing, 0.0000701 secs]2020-08-02T08:06:44.865+0800: 12517988.843: [class unloading, 0.0187904 secs]2020-08-02T08:06:44.884+0800: 12517988.862: [scrub symbol table, 0.0068231 secs]2020-08-02T08:06:44.891+0800: 12517988.868: [scrub string table, 0.0008749 secs][1 CMS-remark: 3885690K(5472256K)] 4155029K(6209536K), 0.0494507 secs] [Times: user=0.18 sys=0.00, real=0.05 secs] 
2020-08-02T08:06:44.892+0800: 12517988.870: [CMS-concurrent-sweep-start]
2020-08-02T08:06:46.464+0800: 12517990.442: [CMS-concurrent-sweep: 1.572/1.572 secs] [Times: user=1.80 sys=0.21, real=1.57 secs] 
2020-08-02T08:06:46.464+0800: 12517990.442: [CMS-concurrent-reset-start]
2020-08-02T08:06:46.486+0800: 12517990.464: [CMS-concurrent-reset: 0.022/0.022 secs] [Times: user=0.02 sys=0.02, real=0.02 secs] 
2020-08-02T08:06:48.487+0800: 12517992.464: [GC (CMS Initial Mark) [1 CMS-initial-mark: 3885621K(5472256K)] 4194836K(6209536K), 0.0209070 secs] [Times: user=0.13 sys=0.01, real=0.02 secs] 
2020-08-02T08:06:48.508+0800: 12517992.485: [CMS-concurrent-mark-start]
2020-08-02T08:06:51.446+0800: 12517995.423: [CMS-concurrent-mark: 2.938/2.938 secs] [Times: user=6.25 sys=0.50, real=2.93 secs] 
2020-08-02T08:06:51.446+0800: 12517995.423: [CMS-concurrent-preclean-start]
2020-08-02T08:06:51.459+0800: 12517995.437: [CMS-concurrent-preclean: 0.013/0.013 secs] [Times: user=0.01 sys=0.00, real=0.02 secs] 
2020-08-02T08:06:51.459+0800: 12517995.437: [CMS-concurrent-abortable-preclean-start]
 CMS: abort preclean due to time 2020-08-02T08:06:56.897+0800: 12518000.875: [CMS-concurrent-abortable-preclean: 4.737/5.438 secs] [Times: user=5.51 sys=1.22, real=5.43 secs] 
2020-08-02T08:06:56.899+0800: 12518000.877: [GC (CMS Final Remark) [YG occupancy: 471011 K (737280 K)]2020-08-02T08:06:56.899+0800: 12518000.877: [Rescan (parallel) , 0.0415972 secs]2020-08-02T08:06:56.941+0800: 12518000.918: [weak refs processing, 0.0000430 secs]2020-08-02T08:06:56.941+0800: 12518000.919: [class unloading, 0.0191853 secs]2020-08-02T08:06:56.960+0800: 12518000.938: [scrub symbol table, 0.0065383 secs]2020-08-02T08:06:56.966+0800: 12518000.944: [scrub string table, 0.0009243 secs][1 CMS-remark: 3885621K(5472256K)] 4356633K(6209536K), 0.0685115 secs] [Times: user=0.28 sys=0.01, real=0.07 secs] 
2020-08-02T08:06:56.968+0800: 12518000.946: [CMS-concurrent-sweep-start]
2020-08-02T08:06:58.847+0800: 12518002.825: [CMS-concurrent-sweep: 1.879/1.879 secs] [Times: user=2.19 sys=0.50, real=1.88 secs] 
2020-08-02T08:06:58.847+0800: 12518002.825: [CMS-concurrent-reset-start]
2020-08-02T08:06:58.869+0800: 12518002.847: [CMS-concurrent-reset: 0.022/0.022 secs] [Times: user=0.02 sys=0.02, real=0.02 secs] 
2020-08-02T08:07:00.870+0800: 12518004.848: [GC (CMS Initial Mark) [1 CMS-initial-mark: 3885405K(5472256K)] 4408017K(6209536K), 0.0597034 secs] [Times: user=0.24 sys=0.00, real=0.06 secs] 
2020-08-02T08:07:00.930+0800: 12518004.908: [CMS-concurrent-mark-start]
2020-08-02T08:07:04.276+0800: 12518008.254: [CMS-concurrent-mark: 3.346/3.346 secs] [Times: user=7.23 sys=0.78, real=3.34 secs] 
2020-08-02T08:07:04.276+0800: 12518008.254: [CMS-concurrent-preclean-start]
2020-08-02T08:07:04.285+0800: 12518008.262: [CMS-concurrent-preclean: 0.008/0.008 secs] [Times: user=0.01 sys=0.00, real=0.01 secs] 
2020-08-02T08:07:04.285+0800: 12518008.263: [CMS-concurrent-abortable-preclean-start]
 CMS: abort preclean due to time 2020-08-02T08:07:09.631+0800: 12518013.609: [CMS-concurrent-abortable-preclean: 4.846/5.347 secs] [Times: user=5.67 sys=0.74, real=5.35 secs] 
2020-08-02T08:07:09.633+0800: 12518013.611: [GC (CMS Final Remark) [YG occupancy: 713378 K (737280 K)]2020-08-02T08:07:09.633+0800: 12518013.611: [Rescan (parallel) , 0.0542353 secs]2020-08-02T08:07:09.687+0800: 12518013.665: [weak refs processing, 0.0000375 secs]2020-08-02T08:07:09.687+0800: 12518013.665: [class unloading, 0.0178434 secs]2020-08-02T08:07:09.705+0800: 12518013.683: [scrub symbol table, 0.0062578 secs]2020-08-02T08:07:09.711+0800: 12518013.689: [scrub string table, 0.0008848 secs][1 CMS-remark: 3885405K(5472256K)] 4598784K(6209536K), 0.0794348 secs] [Times: user=0.39 sys=0.00, real=0.08 secs] 
2020-08-02T08:07:09.713+0800: 12518013.690: [CMS-concurrent-sweep-start]
2020-08-02T08:07:10.715+0800: 12518014.693: [GC (Allocation Failure) 2020-08-02T08:07:10.716+0800: 12518014.693: [ParNew: 737280K->74424K(737280K), 0.1202053 secs] 4622684K->4033000K(6209536K), 0.1203858 secs] [Times: user=0.77 sys=0.00, real=0.12 secs] 
2020-08-02T08:07:11.259+0800: 12518015.237: [CMS-concurrent-sweep: 1.424/1.546 secs] [Times: user=2.41 sys=0.10, real=1.55 secs] 
2020-08-02T08:07:11.259+0800: 12518015.237: [CMS-concurrent-reset-start]
2020-08-02T08:07:11.279+0800: 12518015.257: [CMS-concurrent-reset: 0.020/0.020 secs] [Times: user=0.02 sys=0.00, real=0.02 secs] 
2020-08-02T08:07:13.279+0800: 12518017.257: [GC (CMS Initial Mark) [1 CMS-initial-mark: 3958575K(5472256K)] 4113434K(6209536K), 0.0077851 secs] [Times: user=0.05 sys=0.00, real=0.01 secs] 
2020-08-02T08:07:13.287+0800: 12518017.265: [CMS-concurrent-mark-start]
2020-08-02T08:07:16.230+0800: 12518020.208: [CMS-concurrent-mark: 2.943/2.943 secs] [Times: user=6.70 sys=1.18, real=2.94 secs] 
2020-08-02T08:07:16.230+0800: 12518020.208: [CMS-concurrent-preclean-start]
2020-08-02T08:07:16.238+0800: 12518020.216: [CMS-concurrent-preclean: 0.008/0.008 secs] [Times: user=0.01 sys=0.00, real=0.00 secs] 
2020-08-02T08:07:16.238+0800: 12518020.216: [CMS-concurrent-abortable-preclean-start]
 CMS: abort preclean due to time 2020-08-02T08:07:21.367+0800: 12518025.345: [CMS-concurrent-abortable-preclean: 3.615/5.129 secs] [Times: user=4.13 sys=0.60, real=5.14 secs] 
2020-08-02T08:07:21.369+0800: 12518025.347: [GC (CMS Final Remark) [YG occupancy: 442398 K (737280 K)]2020-08-02T08:07:21.369+0800: 12518025.347: [Rescan (parallel) , 0.0258400 secs]2020-08-02T08:07:21.395+0800: 12518025.373: [weak refs processing, 0.0000470 secs]2020-08-02T08:07:21.395+0800: 12518025.373: [class unloading, 0.0180428 secs]2020-08-02T08:07:21.413+0800: 12518025.391: [scrub symbol table, 0.0063900 secs]2020-08-02T08:07:21.420+0800: 12518025.397: [scrub string table, 0.0009035 secs][1 CMS-remark: 3958575K(5472256K)] 4400974K(6209536K), 0.0514291 secs] [Times: user=0.22 sys=0.00, real=0.05 secs] 
2020-08-02T08:07:21.421+0800: 12518025.399: [CMS-concurrent-sweep-start]
2020-08-02T08:07:22.920+0800: 12518026.897: [CMS-concurrent-sweep: 1.499/1.499 secs] [Times: user=1.69 sys=0.18, real=1.50 secs] 
2020-08-02T08:07:22.920+0800: 12518026.898: [CMS-concurrent-reset-start]
2020-08-02T08:07:22.939+0800: 12518026.917: [CMS-concurrent-reset: 0.019/0.019 secs] [Times: user=0.02 sys=0.00, real=0.02 secs] 
2020-08-02T08:07:24.940+0800: 12518028.917: [GC (CMS Initial Mark) [1 CMS-initial-mark: 3958213K(5472256K)] 4454508K(6209536K), 0.0257011 secs] [Times: user=0.20 sys=0.00, real=0.02 secs] 
2020-08-02T08:07:24.965+0800: 12518028.943: [CMS-concurrent-mark-start]
2020-08-02T08:07:27.611+0800: 12518031.589: [CMS-concurrent-mark: 2.645/2.645 secs] [Times: user=5.75 sys=0.31, real=2.65 secs] 
2020-08-02T08:07:27.611+0800: 12518031.589: [CMS-concurrent-preclean-start]
2020-08-02T08:07:27.619+0800: 12518031.597: [CMS-concurrent-preclean: 0.008/0.008 secs] [Times: user=0.01 sys=0.00, real=0.01 secs] 
2020-08-02T08:07:27.619+0800: 12518031.597: [CMS-concurrent-abortable-preclean-start]
 CMS: abort preclean due to time 2020-08-02T08:07:32.784+0800: 12518036.762: [CMS-concurrent-abortable-preclean: 3.456/5.165 secs] [Times: user=4.06 sys=0.37, real=5.16 secs] 
2020-08-02T08:07:32.785+0800: 12518036.763: [GC (CMS Final Remark) [YG occupancy: 650280 K (737280 K)]2020-08-02T08:07:32.785+0800: 12518036.763: [Rescan (parallel) , 0.0398962 secs]2020-08-02T08:07:32.825+0800: 12518036.803: [weak refs processing, 0.0000394 secs]2020-08-02T08:07:32.825+0800: 12518036.803: [class unloading, 0.0176337 secs]2020-08-02T08:07:32.843+0800: 12518036.821: [scrub symbol table, 0.0061835 secs]2020-08-02T08:07:32.849+0800: 12518036.827: [scrub string table, 0.0008784 secs][1 CMS-remark: 3958213K(5472256K)] 4608494K(6209536K), 0.0647946 secs] [Times: user=0.33 sys=0.00, real=0.07 secs] 
2020-08-02T08:07:32.850+0800: 12518036.828: [CMS-concurrent-sweep-start]
2020-08-02T08:07:34.320+0800: 12518038.298: [CMS-concurrent-sweep: 1.470/1.470 secs] [Times: user=1.70 sys=0.07, real=1.47 secs] 
2020-08-02T08:07:34.320+0800: 12518038.298: [CMS-concurrent-reset-start]
2020-08-02T08:07:34.340+0800: 12518038.318: [CMS-concurrent-reset: 0.020/0.020 secs] [Times: user=0.02 sys=0.01, real=0.02 secs] 
2020-08-02T08:07:36.341+0800: 12518040.318: [GC (CMS Initial Mark) [1 CMS-initial-mark: 3958117K(5472256K)] 4673218K(6209536K), 0.0424690 secs] [Times: user=0.26 sys=0.00, real=0.04 secs] 
2020-08-02T08:07:36.383+0800: 12518040.361: [CMS-concurrent-mark-start]
2020-08-02T08:07:37.680+0800: 12518041.657: [GC (Allocation Failure) 2020-08-02T08:07:37.680+0800: 12518041.658: [ParNew: 729784K->78041K(737280K), 0.0835260 secs] 4687901K->4036159K(6209536K), 0.0836699 secs] [Times: user=0.48 sys=0.00, real=0.08 secs] 
2020-08-02T08:07:39.048+0800: 12518043.025: [CMS-concurrent-mark: 2.578/2.664 secs] [Times: user=5.98 sys=0.06, real=2.67 secs] 
2020-08-02T08:07:39.048+0800: 12518043.026: [CMS-concurrent-preclean-start]
2020-08-02T08:07:39.056+0800: 12518043.034: [CMS-concurrent-preclean: 0.008/0.008 secs] [Times: user=0.02 sys=0.00, real=0.00 secs] 
2020-08-02T08:07:39.056+0800: 12518043.034: [CMS-concurrent-abortable-preclean-start]
 CMS: abort preclean due to time 2020-08-02T08:07:44.368+0800: 12518048.346: [CMS-concurrent-abortable-preclean: 4.408/5.312 secs] [Times: user=5.14 sys=0.56, real=5.32 secs] 
2020-08-02T08:07:44.370+0800: 12518048.347: [GC (CMS Final Remark) [YG occupancy: 251391 K (737280 K)]2020-08-02T08:07:44.370+0800: 12518048.347: [Rescan (parallel) , 0.0263302 secs]2020-08-02T08:07:44.396+0800: 12518048.374: [weak refs processing, 0.0000360 secs]2020-08-02T08:07:44.396+0800: 12518048.374: [class unloading, 0.0174821 secs]2020-08-02T08:07:44.414+0800: 12518048.391: [scrub symbol table, 0.0064055 secs]2020-08-02T08:07:44.420+0800: 12518048.398: [scrub string table, 0.0008628 secs][1 CMS-remark: 3958117K(5472256K)] 4209509K(6209536K), 0.0512711 secs] [Times: user=0.21 sys=0.00, real=0.05 secs] 
2020-08-02T08:07:44.421+0800: 12518048.399: [CMS-concurrent-sweep-start]
2020-08-02T08:07:45.905+0800: 12518049.883: [CMS-concurrent-sweep: 1.484/1.484 secs] [Times: user=1.68 sys=0.15, real=1.48 secs] 
2020-08-02T08:07:45.905+0800: 12518049.883: [CMS-concurrent-reset-start]
2020-08-02T08:07:45.924+0800: 12518049.902: [CMS-concurrent-reset: 0.019/0.019 secs] [Times: user=0.02 sys=0.01, real=0.02 secs] 
2020-08-02T08:07:47.925+0800: 12518051.902: [GC (CMS Initial Mark) [1 CMS-initial-mark: 3958103K(5472256K)] 4275824K(6209536K), 0.0290231 secs] [Times: user=0.13 sys=0.00, real=0.03 secs] 
2020-08-02T08:07:47.954+0800: 12518051.932: [CMS-concurrent-mark-start]
2020-08-02T08:07:51.695+0800: 12518055.673: [CMS-concurrent-mark: 3.740/3.741 secs] [Times: user=7.90 sys=0.05, real=3.74 secs] 
2020-08-02T08:07:51.695+0800: 12518055.673: [CMS-concurrent-preclean-start]
2020-08-02T08:07:51.702+0800: 12518055.680: [CMS-concurrent-preclean: 0.008/0.008 secs] [Times: user=0.01 sys=0.00, real=0.01 secs] 
2020-08-02T08:07:51.703+0800: 12518055.680: [CMS-concurrent-abortable-preclean-start]
 CMS: abort preclean due to time 2020-08-02T08:07:56.705+0800: 12518060.682: [CMS-concurrent-abortable-preclean: 4.101/5.002 secs] [Times: user=4.60 sys=0.45, real=5.00 secs] 
2020-08-02T08:07:56.706+0800: 12518060.684: [GC (CMS Final Remark) [YG occupancy: 458144 K (737280 K)]2020-08-02T08:07:56.706+0800: 12518060.684: [Rescan (parallel) , 0.0329049 secs]2020-08-02T08:07:56.739+0800: 12518060.717: [weak refs processing, 0.0000669 secs]2020-08-02T08:07:56.739+0800: 12518060.717: [class unloading, 0.0190331 secs]2020-08-02T08:07:56.758+0800: 12518060.736: [scrub symbol table, 0.0065410 secs]2020-08-02T08:07:56.765+0800: 12518060.743: [scrub string table, 0.0009212 secs][1 CMS-remark: 3958103K(5472256K)] 4416247K(6209536K), 0.0596264 secs] [Times: user=0.26 sys=0.00, real=0.06 secs] 
2020-08-02T08:07:56.766+0800: 12518060.744: [CMS-concurrent-sweep-start]
2020-08-02T08:07:58.228+0800: 12518062.206: [CMS-concurrent-sweep: 1.462/1.462 secs] [Times: user=1.63 sys=0.12, real=1.47 secs] 
2020-08-02T08:07:58.229+0800: 12518062.206: [CMS-concurrent-reset-start]
2020-08-02T08:07:58.250+0800: 12518062.228: [CMS-concurrent-reset: 0.022/0.022 secs] [Times: user=0.02 sys=0.00, real=0.02 secs] 
2020-08-02T08:08:00.251+0800: 12518064.229: [GC (CMS Initial Mark) [1 CMS-initial-mark: 3957621K(5472256K)] 4464540K(6209536K), 0.0304646 secs] [Times: user=0.23 sys=0.00, real=0.03 secs] 
2020-08-02T08:08:00.282+0800: 12518064.260: [CMS-concurrent-mark-start]
2020-08-02T08:08:04.015+0800: 12518067.993: [CMS-concurrent-mark: 3.734/3.734 secs] [Times: user=8.03 sys=0.31, real=3.73 secs] 
2020-08-02T08:08:04.016+0800: 12518067.993: [CMS-concurrent-preclean-start]
2020-08-02T08:08:04.027+0800: 12518068.005: [CMS-concurrent-preclean: 0.012/0.012 secs] [Times: user=0.02 sys=0.00, real=0.02 secs] 
2020-08-02T08:08:04.027+0800: 12518068.005: [CMS-concurrent-abortable-preclean-start]
 CMS: abort preclean due to time 2020-08-02T08:08:09.198+0800: 12518073.176: [CMS-concurrent-abortable-preclean: 4.368/5.171 secs] [Times: user=4.95 sys=0.42, real=5.16 secs] 
2020-08-02T08:08:09.200+0800: 12518073.178: [GC (CMS Final Remark) [YG occupancy: 679434 K (737280 K)]2020-08-02T08:08:09.200+0800: 12518073.178: [Rescan (parallel) , 0.0483134 secs]2020-08-02T08:08:09.248+0800: 12518073.226: [weak refs processing, 0.0000394 secs]2020-08-02T08:08:09.248+0800: 12518073.226: [class unloading, 0.0176617 secs]2020-08-02T08:08:09.266+0800: 12518073.244: [scrub symbol table, 0.0062337 secs]2020-08-02T08:08:09.272+0800: 12518073.250: [scrub string table, 0.0009275 secs][1 CMS-remark: 3957621K(5472256K)] 4637055K(6209536K), 0.0733456 secs] [Times: user=0.35 sys=0.00, real=0.07 secs] 
2020-08-02T08:08:09.273+0800: 12518073.251: [CMS-concurrent-sweep-start]
2020-08-02T08:08:10.930+0800: 12518074.908: [CMS-concurrent-sweep: 1.657/1.657 secs] [Times: user=1.85 sys=0.12, real=1.66 secs] 
2020-08-02T08:08:10.930+0800: 12518074.908: [CMS-concurrent-reset-start]
2020-08-02T08:08:10.949+0800: 12518074.927: [CMS-concurrent-reset: 0.019/0.019 secs] [Times: user=0.02 sys=0.00, real=0.02 secs] 
2020-08-02T08:08:12.150+0800: 12518076.128: [GC (Allocation Failure) 2020-08-02T08:08:12.150+0800: 12518076.128: [ParNew: 733401K->81920K(737280K), 0.0976300 secs] 4691006K->4073751K(6209536K), 0.0977894 secs] [Times: user=0.57 sys=0.00, real=0.10 secs] 
2020-08-02T08:08:12.250+0800: 12518076.228: [GC (CMS Initial Mark) [1 CMS-initial-mark: 3991831K(5472256K)] 4084720K(6209536K), 0.0087506 secs] [Times: user=0.03 sys=0.00, real=0.01 secs] 
2020-08-02T08:08:12.259+0800: 12518076.237: [CMS-concurrent-mark-start]
2020-08-02T08:08:15.174+0800: 12518079.152: [CMS-concurrent-mark: 2.915/2.915 secs] [Times: user=6.29 sys=0.48, real=2.91 secs] 
2020-08-02T08:08:15.174+0800: 12518079.152: [CMS-concurrent-preclean-start]
2020-08-02T08:08:15.182+0800: 12518079.159: [CMS-concurrent-preclean: 0.008/0.008 secs] [Times: user=0.01 sys=0.00, real=0.01 secs] 
2020-08-02T08:08:15.182+0800: 12518079.159: [CMS-concurrent-abortable-preclean-start]
 CMS: abort preclean due to time 2020-08-02T08:08:20.476+0800: 12518084.454: [CMS-concurrent-abortable-preclean: 4.894/5.295 secs] [Times: user=5.43 sys=0.79, real=5.29 secs] 
2020-08-02T08:08:20.478+0800: 12518084.456: [GC (CMS Final Remark) [YG occupancy: 209733 K (737280 K)]2020-08-02T08:08:20.478+0800: 12518084.456: [Rescan (parallel) , 0.0153055 secs]2020-08-02T08:08:20.493+0800: 12518084.471: [weak refs processing, 0.0000638 secs]2020-08-02T08:08:20.493+0800: 12518084.471: [class unloading, 0.0178213 secs]2020-08-02T08:08:20.511+0800: 12518084.489: [scrub symbol table, 0.0064740 secs]2020-08-02T08:08:20.518+0800: 12518084.496: [scrub string table, 0.0009054 secs][1 CMS-remark: 3991831K(5472256K)] 4201565K(6209536K), 0.0407325 secs] [Times: user=0.14 sys=0.00, real=0.05 secs] 
2020-08-02T08:08:20.519+0800: 12518084.497: [CMS-concurrent-sweep-start]
2020-08-02T08:08:22.043+0800: 12518086.021: [CMS-concurrent-sweep: 1.524/1.524 secs] [Times: user=1.72 sys=0.19, real=1.52 secs] 
2020-08-02T08:08:22.043+0800: 12518086.021: [CMS-concurrent-reset-start]
2020-08-02T08:08:22.063+0800: 12518086.041: [CMS-concurrent-reset: 0.020/0.020 secs] [Times: user=0.03 sys=0.00, real=0.02 secs] 
2020-08-02T08:08:24.064+0800: 12518088.042: [GC (CMS Initial Mark) [1 CMS-initial-mark: 3991410K(5472256K)] 4262348K(6209536K), 0.0208073 secs] [Times: user=0.12 sys=0.00, real=0.02 secs] 
2020-08-02T08:08:24.085+0800: 12518088.063: [CMS-concurrent-mark-start]
2020-08-02T08:08:26.787+0800: 12518090.765: [CMS-concurrent-mark: 2.702/2.702 secs] [Times: user=5.73 sys=0.30, real=2.71 secs] 
2020-08-02T08:08:26.787+0800: 12518090.765: [CMS-concurrent-preclean-start]
2020-08-02T08:08:26.795+0800: 12518090.773: [CMS-concurrent-preclean: 0.008/0.008 secs] [Times: user=0.01 sys=0.00, real=0.00 secs] 
2020-08-02T08:08:26.795+0800: 12518090.773: [CMS-concurrent-abortable-preclean-start]
 CMS: abort preclean due to time 2020-08-02T08:08:32.124+0800: 12518096.102: [CMS-concurrent-abortable-preclean: 4.542/5.329 secs] [Times: user=5.16 sys=0.79, real=5.33 secs] 
2020-08-02T08:08:32.126+0800: 12518096.104: [GC (CMS Final Remark) [YG occupancy: 388591 K (737280 K)]2020-08-02T08:08:32.126+0800: 12518096.104: [Rescan (parallel) , 0.0307130 secs]2020-08-02T08:08:32.157+0800: 12518096.134: [weak refs processing, 0.0000392 secs]2020-08-02T08:08:32.157+0800: 12518096.134: [class unloading, 0.0187161 secs]2020-08-02T08:08:32.175+0800: 12518096.153: [scrub symbol table, 0.0080422 secs]2020-08-02T08:08:32.183+0800: 12518096.161: [scrub string table, 0.0013282 secs][1 CMS-remark: 3991410K(5472256K)] 4380001K(6209536K), 0.0590333 secs] [Times: user=0.23 sys=0.00, real=0.06 secs] 
2020-08-02T08:08:32.185+0800: 12518096.163: [CMS-concurrent-sweep-start]
2020-08-02T08:08:33.718+0800: 12518097.696: [CMS-concurrent-sweep: 1.533/1.533 secs] [Times: user=1.76 sys=0.25, real=1.53 secs] 
2020-08-02T08:08:33.718+0800: 12518097.696: [CMS-concurrent-reset-start]
2020-08-02T08:08:33.737+0800: 12518097.715: [CMS-concurrent-reset: 0.019/0.019 secs] [Times: user=0.02 sys=0.01, real=0.02 secs] 
2020-08-02T08:08:35.738+0800: 12518099.716: [GC (CMS Initial Mark) [1 CMS-initial-mark: 3990518K(5472256K)] 4457228K(6209536K), 0.0301226 secs] [Times: user=0.21 sys=0.00, real=0.04 secs] 
2020-08-02T08:08:35.768+0800: 12518099.746: [CMS-concurrent-mark-start]
2020-08-02T08:08:38.620+0800: 12518102.598: [CMS-concurrent-mark: 2.852/2.852 secs] [Times: user=6.26 sys=0.50, real=2.85 secs] 
2020-08-02T08:08:38.620+0800: 12518102.598: [CMS-concurrent-preclean-start]
2020-08-02T08:08:38.628+0800: 12518102.606: [CMS-concurrent-preclean: 0.008/0.008 secs] [Times: user=0.01 sys=0.00, real=0.01 secs] 
2020-08-02T08:08:38.629+0800: 12518102.606: [CMS-concurrent-abortable-preclean-start]
 CMS: abort preclean due to time 2020-08-02T08:08:43.782+0800: 12518107.760: [CMS-concurrent-abortable-preclean: 4.352/5.154 secs] [Times: user=4.87 sys=0.37, real=5.15 secs] 
2020-08-02T08:08:43.784+0800: 12518107.762: [GC (CMS Final Remark) [YG occupancy: 640199 K (737280 K)]2020-08-02T08:08:43.784+0800: 12518107.762: [Rescan (parallel) , 0.0570239 secs]2020-08-02T08:08:43.841+0800: 12518107.819: [weak refs processing, 0.0000501 secs]2020-08-02T08:08:43.841+0800: 12518107.819: [class unloading, 0.0199848 secs]2020-08-02T08:08:43.861+0800: 12518107.839: [scrub symbol table, 0.0063053 secs]2020-08-02T08:08:43.867+0800: 12518107.845: [scrub string table, 0.0008991 secs][1 CMS-remark: 3990518K(5472256K)] 4630718K(6209536K), 0.0844309 secs] [Times: user=0.34 sys=0.00, real=0.09 secs] 
2020-08-02T08:08:43.868+0800: 12518107.846: [CMS-concurrent-sweep-start]
2020-08-02T08:08:45.376+0800: 12518109.354: [CMS-concurrent-sweep: 1.508/1.508 secs] [Times: user=1.76 sys=0.12, real=1.50 secs] 
2020-08-02T08:08:45.376+0800: 12518109.354: [CMS-concurrent-reset-start]
2020-08-02T08:08:45.395+0800: 12518109.373: [CMS-concurrent-reset: 0.019/0.019 secs] [Times: user=0.02 sys=0.00, real=0.02 secs] 
2020-08-02T08:08:47.396+0800: 12518111.374: [GC (CMS Initial Mark) [1 CMS-initial-mark: 3990513K(5472256K)] 4713986K(6209536K), 0.0429167 secs] [Times: user=0.28 sys=0.00, real=0.05 secs] 
2020-08-02T08:08:47.439+0800: 12518111.417: [CMS-concurrent-mark-start]
2020-08-02T08:08:48.152+0800: 12518112.130: [GC (Allocation Failure) 2020-08-02T08:08:48.152+0800: 12518112.130: [ParNew: 737280K->81920K(737280K), 0.0993575 secs] 4727793K->4108977K(6209536K), 0.0995101 secs] [Times: user=0.59 sys=0.00, real=0.10 secs] 
2020-08-02T08:08:50.372+0800: 12518114.349: [CMS-concurrent-mark: 2.829/2.932 secs] [Times: user=6.77 sys=0.11, real=2.93 secs] 
2020-08-02T08:08:50.372+0800: 12518114.349: [CMS-concurrent-preclean-start]
2020-08-02T08:08:50.422+0800: 12518114.400: [CMS-concurrent-preclean: 0.048/0.051 secs] [Times: user=0.05 sys=0.00, real=0.05 secs] 
2020-08-02T08:08:50.422+0800: 12518114.400: [CMS-concurrent-abortable-preclean-start]
 CMS: abort preclean due to time 2020-08-02T08:08:55.626+0800: 12518119.604: [CMS-concurrent-abortable-preclean: 4.203/5.204 secs] [Times: user=4.73 sys=0.22, real=5.20 secs] 
2020-08-02T08:08:55.627+0800: 12518119.605: [GC (CMS Final Remark) [YG occupancy: 239056 K (737280 K)]2020-08-02T08:08:55.627+0800: 12518119.605: [Rescan (parallel) , 0.0186236 secs]2020-08-02T08:08:55.646+0800: 12518119.624: [weak refs processing, 0.0000436 secs]2020-08-02T08:08:55.646+0800: 12518119.624: [class unloading, 0.0171543 secs]2020-08-02T08:08:55.663+0800: 12518119.641: [scrub symbol table, 0.0060848 secs]2020-08-02T08:08:55.669+0800: 12518119.647: [scrub string table, 0.0008915 secs][1 CMS-remark: 4027057K(5472256K)] 4266113K(6209536K), 0.0429563 secs] [Times: user=0.15 sys=0.01, real=0.04 secs] 
2020-08-02T08:08:55.671+0800: 12518119.648: [CMS-concurrent-sweep-start]
2020-08-02T08:08:57.142+0800: 12518121.120: [CMS-concurrent-sweep: 1.471/1.471 secs] [Times: user=1.67 sys=0.06, real=1.47 secs] 
2020-08-02T08:08:57.142+0800: 12518121.120: [CMS-concurrent-reset-start]
2020-08-02T08:08:57.161+0800: 12518121.139: [CMS-concurrent-reset: 0.019/0.019 secs] [Times: user=0.02 sys=0.01, real=0.02 secs] 
2020-08-02T08:08:59.162+0800: 12518123.140: [GC (CMS Initial Mark) [1 CMS-initial-mark: 4027051K(5472256K)] 4326728K(6209536K), 0.0216669 secs] [Times: user=0.12 sys=0.00, real=0.02 secs] 
2020-08-02T08:08:59.184+0800: 12518123.162: [CMS-concurrent-mark-start]
2020-08-02T08:09:04.321+0800: 12518128.299: [CMS-concurrent-mark: 5.137/5.137 secs] [Times: user=5.54 sys=0.02, real=5.14 secs] 
2020-08-02T08:09:04.321+0800: 12518128.299: [CMS-concurrent-preclean-start]
2020-08-02T08:09:04.330+0800: 12518128.307: [CMS-concurrent-preclean: 0.008/0.008 secs] [Times: user=0.01 sys=0.00, real=0.01 secs] 
2020-08-02T08:09:04.330+0800: 12518128.308: [CMS-concurrent-abortable-preclean-start]
 CMS: abort preclean due to time 2020-08-02T08:09:09.351+0800: 12518133.329: [CMS-concurrent-abortable-preclean: 4.021/5.022 secs] [Times: user=4.57 sys=0.25, real=5.02 secs] 
2020-08-02T08:09:09.353+0800: 12518133.331: [GC (CMS Final Remark) [YG occupancy: 426633 K (737280 K)]2020-08-02T08:09:09.353+0800: 12518133.331: [Rescan (parallel) , 0.0271544 secs]2020-08-02T08:09:09.380+0800: 12518133.358: [weak refs processing, 0.0000520 secs]2020-08-02T08:09:09.380+0800: 12518133.358: [class unloading, 0.0177661 secs]2020-08-02T08:09:09.398+0800: 12518133.376: [scrub symbol table, 0.0067443 secs]2020-08-02T08:09:09.405+0800: 12518133.383: [scrub string table, 0.0009110 secs][1 CMS-remark: 4027051K(5472256K)] 4453684K(6209536K), 0.0528162 secs] [Times: user=0.23 sys=0.00, real=0.05 secs] 
2020-08-02T08:09:09.406+0800: 12518133.384: [CMS-concurrent-sweep-start]
2020-08-02T08:09:10.897+0800: 12518134.874: [CMS-concurrent-sweep: 1.491/1.491 secs] [Times: user=1.70 sys=0.09, real=1.49 secs] 
2020-08-02T08:09:10.897+0800: 12518134.875: [CMS-concurrent-reset-start]
2020-08-02T08:09:10.916+0800: 12518134.893: [CMS-concurrent-reset: 0.019/0.019 secs] [Times: user=0.02 sys=0.00, real=0.02 secs] 
2020-08-02T08:09:12.916+0800: 12518136.894: [GC (CMS Initial Mark) [1 CMS-initial-mark: 4024002K(5472256K)] 4521512K(6209536K), 0.0280171 secs] [Times: user=0.20 sys=0.00, real=0.03 secs] 
2020-08-02T08:09:12.944+0800: 12518136.922: [CMS-concurrent-mark-start]
2020-08-02T08:09:15.444+0800: 12518139.421: [CMS-concurrent-mark: 2.499/2.499 secs] [Times: user=5.82 sys=0.28, real=2.50 secs] 
2020-08-02T08:09:15.444+0800: 12518139.421: [CMS-concurrent-preclean-start]
2020-08-02T08:09:15.452+0800: 12518139.430: [CMS-concurrent-preclean: 0.009/0.009 secs] [Times: user=0.01 sys=0.00, real=0.01 secs] 
2020-08-02T08:09:15.452+0800: 12518139.430: [CMS-concurrent-abortable-preclean-start]
2020-08-02T08:09:18.866+0800: 12518142.844: [GC (Allocation Failure) 2020-08-02T08:09:18.866+0800: 12518142.844: [ParNew: 737280K->81318K(737280K), 0.1053050 secs] 4761282K->4141071K(6209536K), 0.1054630 secs] [Times: user=0.62 sys=0.00, real=0.11 secs] 
 CMS: abort preclean due to time 2020-08-02T08:09:20.686+0800: 12518144.664: [CMS-concurrent-abortable-preclean: 4.124/5.234 secs] [Times: user=5.25 sys=0.35, real=5.23 secs] 
2020-08-02T08:09:20.688+0800: 12518144.666: [GC (CMS Final Remark) [YG occupancy: 117470 K (737280 K)]2020-08-02T08:09:20.688+0800: 12518144.666: [Rescan (parallel) , 0.0149403 secs]2020-08-02T08:09:20.703+0800: 12518144.681: [weak refs processing, 0.0000370 secs]2020-08-02T08:09:20.703+0800: 12518144.681: [class unloading, 0.0172414 secs]2020-08-02T08:09:20.720+0800: 12518144.698: [scrub symbol table, 0.0062812 secs]2020-08-02T08:09:20.727+0800: 12518144.704: [scrub string table, 0.0009230 secs][1 CMS-remark: 4059752K(5472256K)] 4177223K(6209536K), 0.0395777 secs] [Times: user=0.14 sys=0.00, real=0.04 secs] 
2020-08-02T08:09:20.728+0800: 12518144.706: [CMS-concurrent-sweep-start]
2020-08-02T08:09:22.179+0800: 12518146.157: [CMS-concurrent-sweep: 1.451/1.451 secs] [Times: user=1.59 sys=0.08, real=1.45 secs] 
2020-08-02T08:09:22.179+0800: 12518146.157: [CMS-concurrent-reset-start]
2020-08-02T08:09:22.198+0800: 12518146.176: [CMS-concurrent-reset: 0.019/0.019 secs] [Times: user=0.02 sys=0.01, real=0.01 secs] 
2020-08-02T08:09:24.199+0800: 12518148.176: [GC (CMS Initial Mark) [1 CMS-initial-mark: 4059747K(5472256K)] 4240455K(6209536K), 0.0107723 secs] [Times: user=0.08 sys=0.00, real=0.01 secs] 
2020-08-02T08:09:24.210+0800: 12518148.187: [CMS-concurrent-mark-start]
2020-08-02T08:09:26.747+0800: 12518150.724: [CMS-concurrent-mark: 2.537/2.537 secs] [Times: user=5.49 sys=0.14, real=2.54 secs] 
2020-08-02T08:09:26.747+0800: 12518150.724: [CMS-concurrent-preclean-start]
2020-08-02T08:09:26.755+0800: 12518150.733: [CMS-concurrent-preclean: 0.008/0.008 secs] [Times: user=0.01 sys=0.00, real=0.00 secs] 
2020-08-02T08:09:26.755+0800: 12518150.733: [CMS-concurrent-abortable-preclean-start]
 CMS: abort preclean due to time 2020-08-02T08:09:32.025+0800: 12518156.003: [CMS-concurrent-abortable-preclean: 4.316/5.271 secs] [Times: user=5.16 sys=0.32, real=5.27 secs] 
2020-08-02T08:09:32.027+0800: 12518156.005: [GC (CMS Final Remark) [YG occupancy: 389726 K (737280 K)]2020-08-02T08:09:32.027+0800: 12518156.005: [Rescan (parallel) , 0.0337286 secs]2020-08-02T08:09:32.061+0800: 12518156.039: [weak refs processing, 0.0000557 secs]2020-08-02T08:09:32.061+0800: 12518156.039: [class unloading, 0.0174161 secs]2020-08-02T08:09:32.078+0800: 12518156.056: [scrub symbol table, 0.0061106 secs]2020-08-02T08:09:32.084+0800: 12518156.062: [scrub string table, 0.0009902 secs][1 CMS-remark: 4059747K(5472256K)] 4449474K(6209536K), 0.0584893 secs] [Times: user=0.22 sys=0.00, real=0.05 secs] 
2020-08-02T08:09:32.086+0800: 12518156.064: [CMS-concurrent-sweep-start]
2020-08-02T08:09:33.587+0800: 12518157.565: [CMS-concurrent-sweep: 1.501/1.501 secs] [Times: user=1.65 sys=0.04, real=1.51 secs] 
2020-08-02T08:09:33.587+0800: 12518157.565: [CMS-concurrent-reset-start]
2020-08-02T08:09:33.607+0800: 12518157.585: [CMS-concurrent-reset: 0.020/0.020 secs] [Times: user=0.02 sys=0.01, real=0.02 secs] 
2020-08-02T08:09:35.608+0800: 12518159.586: [GC (CMS Initial Mark) [1 CMS-initial-mark: 4059349K(5472256K)] 4531254K(6209536K), 0.0309039 secs] [Times: user=0.20 sys=0.00, real=0.03 secs] 
2020-08-02T08:09:35.639+0800: 12518159.617: [CMS-concurrent-mark-start]
2020-08-02T08:09:38.255+0800: 12518162.233: [CMS-concurrent-mark: 2.617/2.617 secs] [Times: user=5.59 sys=0.20, real=2.61 secs] 
2020-08-02T08:09:38.256+0800: 12518162.233: [CMS-concurrent-preclean-start]
2020-08-02T08:09:38.264+0800: 12518162.242: [CMS-concurrent-preclean: 0.008/0.008 secs] [Times: user=0.01 sys=0.00, real=0.01 secs] 
2020-08-02T08:09:38.264+0800: 12518162.242: [CMS-concurrent-abortable-preclean-start]
 CMS: abort preclean due to time 2020-08-02T08:09:43.477+0800: 12518167.455: [CMS-concurrent-abortable-preclean: 4.012/5.213 secs] [Times: user=4.58 sys=0.54, real=5.21 secs] 
2020-08-02T08:09:43.479+0800: 12518167.456: [GC (CMS Final Remark) [YG occupancy: 618115 K (737280 K)]2020-08-02T08:09:43.479+0800: 12518167.456: [Rescan (parallel) , 0.0410968 secs]2020-08-02T08:09:43.520+0800: 12518167.498: [weak refs processing, 0.0000368 secs]2020-08-02T08:09:43.520+0800: 12518167.498: [class unloading, 0.0173438 secs]2020-08-02T08:09:43.537+0800: 12518167.515: [scrub symbol table, 0.0065700 secs]2020-08-02T08:09:43.544+0800: 12518167.522: [scrub string table, 0.0009088 secs][1 CMS-remark: 4059349K(5472256K)] 4677465K(6209536K), 0.0661354 secs] [Times: user=0.34 sys=0.00, real=0.06 secs] 
2020-08-02T08:09:43.545+0800: 12518167.523: [CMS-concurrent-sweep-start]
2020-08-02T08:09:45.050+0800: 12518169.028: [CMS-concurrent-sweep: 1.506/1.506 secs] [Times: user=1.64 sys=0.07, real=1.51 secs] 
2020-08-02T08:09:45.050+0800: 12518169.028: [CMS-concurrent-reset-start]
2020-08-02T08:09:45.070+0800: 12518169.048: [CMS-concurrent-reset: 0.019/0.019 secs] [Times: user=0.02 sys=0.01, real=0.02 secs] 
2020-08-02T08:09:47.071+0800: 12518171.048: [GC (CMS Initial Mark) [1 CMS-initial-mark: 4059082K(5472256K)] 4779878K(6209536K), 0.0442666 secs] [Times: user=0.29 sys=0.00, real=0.04 secs] 
2020-08-02T08:09:47.115+0800: 12518171.093: [CMS-concurrent-mark-start]
2020-08-02T08:09:48.548+0800: 12518172.526: [GC (Allocation Failure) 2020-08-02T08:09:48.548+0800: 12518172.526: [ParNew: 736678K->81920K(737280K), 0.0970813 secs] 4795761K->4174597K(6209536K), 0.0972307 secs] [Times: user=0.60 sys=0.00, real=0.09 secs] 
2020-08-02T08:09:49.815+0800: 12518173.793: [CMS-concurrent-mark: 2.597/2.700 secs] [Times: user=6.15 sys=0.05, real=2.70 secs] 
2020-08-02T08:09:49.816+0800: 12518173.793: [CMS-concurrent-preclean-start]
2020-08-02T08:09:49.858+0800: 12518173.835: [CMS-concurrent-preclean: 0.041/0.042 secs] [Times: user=0.05 sys=0.00, real=0.04 secs] 
2020-08-02T08:09:49.858+0800: 12518173.836: [CMS-concurrent-abortable-preclean-start]
 CMS: abort preclean due to time 2020-08-02T08:09:55.263+0800: 12518179.241: [CMS-concurrent-abortable-preclean: 4.304/5.405 secs] [Times: user=4.93 sys=0.61, real=5.41 secs] 
2020-08-02T08:09:55.265+0800: 12518179.242: [GC (CMS Final Remark) [YG occupancy: 202578 K (737280 K)]2020-08-02T08:09:55.265+0800: 12518179.242: [Rescan (parallel) , 0.0298620 secs]2020-08-02T08:09:55.294+0800: 12518179.272: [weak refs processing, 0.0000429 secs]2020-08-02T08:09:55.295+0800: 12518179.272: [class unloading, 0.0175134 secs]2020-08-02T08:09:55.312+0800: 12518179.290: [scrub symbol table, 0.0061324 secs]2020-08-02T08:09:55.318+0800: 12518179.296: [scrub string table, 0.0009713 secs][1 CMS-remark: 4092677K(5472256K)] 4295255K(6209536K), 0.0547036 secs] [Times: user=0.24 sys=0.00, real=0.06 secs] 
2020-08-02T08:09:55.319+0800: 12518179.297: [CMS-concurrent-sweep-start]
2020-08-02T08:09:56.890+0800: 12518180.868: [CMS-concurrent-sweep: 1.571/1.571 secs] [Times: user=1.74 sys=0.19, real=1.57 secs] 
2020-08-02T08:09:56.890+0800: 12518180.868: [CMS-concurrent-reset-start]
2020-08-02T08:09:56.909+0800: 12518180.887: [CMS-concurrent-reset: 0.019/0.019 secs] [Times: user=0.01 sys=0.00, real=0.02 secs] 
2020-08-02T08:09:58.910+0800: 12518182.887: [GC (CMS Initial Mark) [1 CMS-initial-mark: 4092653K(5472256K)] 4340025K(6209536K), 0.0161038 secs] [Times: user=0.11 sys=0.00, real=0.01 secs] 
2020-08-02T08:09:58.926+0800: 12518182.904: [CMS-concurrent-mark-start]
2020-08-02T08:10:01.507+0800: 12518185.485: [CMS-concurrent-mark: 2.581/2.581 secs] [Times: user=5.64 sys=0.19, real=2.59 secs] 
2020-08-02T08:10:01.507+0800: 12518185.485: [CMS-concurrent-preclean-start]
2020-08-02T08:10:01.517+0800: 12518185.495: [CMS-concurrent-preclean: 0.009/0.009 secs] [Times: user=0.02 sys=0.01, real=0.00 secs] 
2020-08-02T08:10:01.517+0800: 12518185.495: [CMS-concurrent-abortable-preclean-start]
 CMS: abort preclean due to time 2020-08-02T08:10:06.548+0800: 12518190.526: [CMS-concurrent-abortable-preclean: 3.930/5.031 secs] [Times: user=4.42 sys=0.28, real=5.04 secs] 
2020-08-02T08:10:06.550+0800: 12518190.528: [GC (CMS Final Remark) [YG occupancy: 426910 K (737280 K)]2020-08-02T08:10:06.550+0800: 12518190.528: [Rescan (parallel) , 0.0369252 secs]2020-08-02T08:10:06.587+0800: 12518190.565: [weak refs processing, 0.0000490 secs]2020-08-02T08:10:06.587+0800: 12518190.565: [class unloading, 0.0170047 secs]2020-08-02T08:10:06.604+0800: 12518190.582: [scrub symbol table, 0.0061399 secs]2020-08-02T08:10:06.610+0800: 12518190.588: [scrub string table, 0.0008827 secs][1 CMS-remark: 4092653K(5472256K)] 4519564K(6209536K), 0.0611658 secs] [Times: user=0.27 sys=0.00, real=0.06 secs] 
2020-08-02T08:10:06.611+0800: 12518190.589: [CMS-concurrent-sweep-start]
2020-08-02T08:10:08.173+0800: 12518192.151: [CMS-concurrent-sweep: 1.562/1.562 secs] [Times: user=1.73 sys=0.09, real=1.56 secs] 
2020-08-02T08:10:08.173+0800: 12518192.151: [CMS-concurrent-reset-start]
2020-08-02T08:10:08.193+0800: 12518192.170: [CMS-concurrent-reset: 0.020/0.020 secs] [Times: user=0.02 sys=0.01, real=0.02 secs] 
2020-08-02T08:10:10.193+0800: 12518194.171: [GC (CMS Initial Mark) [1 CMS-initial-mark: 4091497K(5472256K)] 4586665K(6209536K), 0.0330205 secs] [Times: user=0.22 sys=0.00, real=0.03 secs] 
2020-08-02T08:10:10.226+0800: 12518194.204: [CMS-concurrent-mark-start]
2020-08-02T08:10:12.911+0800: 12518196.889: [CMS-concurrent-mark: 2.685/2.685 secs] [Times: user=5.68 sys=0.07, real=2.69 secs] 
2020-08-02T08:10:12.911+0800: 12518196.889: [CMS-concurrent-preclean-start]
2020-08-02T08:10:12.919+0800: 12518196.897: [CMS-concurrent-preclean: 0.008/0.008 secs] [Times: user=0.01 sys=0.00, real=0.01 secs] 
2020-08-02T08:10:12.920+0800: 12518196.897: [CMS-concurrent-abortable-preclean-start]
 CMS: abort preclean due to time 2020-08-02T08:10:18.136+0800: 12518202.113: [CMS-concurrent-abortable-preclean: 4.215/5.216 secs] [Times: user=4.76 sys=0.12, real=5.21 secs] 
2020-08-02T08:10:18.137+0800: 12518202.115: [GC (CMS Final Remark) [YG occupancy: 624388 K (737280 K)]2020-08-02T08:10:18.137+0800: 12518202.115: [Rescan (parallel) , 0.0410692 secs]2020-08-02T08:10:18.178+0800: 12518202.156: [weak refs processing, 0.0000373 secs]2020-08-02T08:10:18.178+0800: 12518202.156: [class unloading, 0.0180104 secs]2020-08-02T08:10:18.196+0800: 12518202.174: [scrub symbol table, 0.0064968 secs]2020-08-02T08:10:18.203+0800: 12518202.181: [scrub string table, 0.0008745 secs][1 CMS-remark: 4091497K(5472256K)] 4715886K(6209536K), 0.0666617 secs] [Times: user=0.33 sys=0.00, real=0.07 secs] 
2020-08-02T08:10:18.204+0800: 12518202.182: [CMS-concurrent-sweep-start]
2020-08-02T08:10:19.719+0800: 12518203.697: [CMS-concurrent-sweep: 1.515/1.515 secs] [Times: user=1.65 sys=0.04, real=1.52 secs] 
2020-08-02T08:10:19.719+0800: 12518203.697: [CMS-concurrent-reset-start]
2020-08-02T08:10:19.738+0800: 12518203.715: [CMS-concurrent-reset: 0.019/0.019 secs] [Times: user=0.02 sys=0.00, real=0.01 secs] 
2020-08-02T08:10:21.738+0800: 12518205.716: [GC (CMS Initial Mark) [1 CMS-initial-mark: 4091361K(5472256K)] 4757165K(6209536K), 0.0394428 secs] [Times: user=0.29 sys=0.00, real=0.04 secs] 
2020-08-02T08:10:21.778+0800: 12518205.756: [CMS-concurrent-mark-start]
2020-08-02T08:10:24.429+0800: 12518208.407: [CMS-concurrent-mark: 2.651/2.651 secs] [Times: user=5.73 sys=0.10, real=2.66 secs] 
2020-08-02T08:10:24.429+0800: 12518208.407: [CMS-concurrent-preclean-start]
2020-08-02T08:10:24.437+0800: 12518208.415: [CMS-concurrent-preclean: 0.007/0.007 secs] [Times: user=0.01 sys=0.00, real=0.00 secs] 
2020-08-02T08:10:24.437+0800: 12518208.415: [CMS-concurrent-abortable-preclean-start]
2020-08-02T08:10:24.521+0800: 12518208.499: [GC (Allocation Failure) 2020-08-02T08:10:24.521+0800: 12518208.499: [ParNew: 737280K->81920K(737280K), 0.1046936 secs] 4828641K->4208510K(6209536K), 0.1048635 secs] [Times: user=0.66 sys=0.02, real=0.10 secs] 
 CMS: abort preclean due to time 2020-08-02T08:10:29.635+0800: 12518213.612: [CMS-concurrent-abortable-preclean: 4.188/5.198 secs] [Times: user=5.45 sys=0.25, real=5.20 secs] 
2020-08-02T08:10:29.636+0800: 12518213.614: [GC (CMS Final Remark) [YG occupancy: 208616 K (737280 K)]2020-08-02T08:10:29.636+0800: 12518213.614: [Rescan (parallel) , 0.0392635 secs]2020-08-02T08:10:29.675+0800: 12518213.653: [weak refs processing, 0.0000501 secs]2020-08-02T08:10:29.675+0800: 12518213.653: [class unloading, 0.0204311 secs]2020-08-02T08:10:29.696+0800: 12518213.674: [scrub symbol table, 0.0094238 secs]2020-08-02T08:10:29.705+0800: 12518213.683: [scrub string table, 0.0009011 secs][1 CMS-remark: 4126590K(5472256K)] 4335206K(6209536K), 0.0702621 secs] [Times: user=0.20 sys=0.00, real=0.07 secs] 
2020-08-02T08:10:29.707+0800: 12518213.684: [CMS-concurrent-sweep-start]
2020-08-02T08:10:31.193+0800: 12518215.171: [CMS-concurrent-sweep: 1.484/1.486 secs] [Times: user=1.58 sys=0.01, real=1.48 secs] 
2020-08-02T08:10:31.193+0800: 12518215.171: [CMS-concurrent-reset-start]
2020-08-02T08:10:31.211+0800: 12518215.189: [CMS-concurrent-reset: 0.019/0.019 secs] [Times: user=0.02 sys=0.00, real=0.02 secs] 
2020-08-02T08:10:33.212+0800: 12518217.190: [GC (CMS Initial Mark) [1 CMS-initial-mark: 4126453K(5472256K)] 4354574K(6209536K), 0.0148525 secs] [Times: user=0.11 sys=0.00, real=0.02 secs] 
2020-08-02T08:10:33.227+0800: 12518217.205: [CMS-concurrent-mark-start]
2020-08-02T08:10:36.003+0800: 12518219.980: [CMS-concurrent-mark: 2.776/2.776 secs] [Times: user=5.96 sys=0.13, real=2.77 secs] 
2020-08-02T08:10:36.003+0800: 12518219.981: [CMS-concurrent-preclean-start]
2020-08-02T08:10:36.010+0800: 12518219.988: [CMS-concurrent-preclean: 0.008/0.008 secs] [Times: user=0.01 sys=0.00, real=0.01 secs] 
2020-08-02T08:10:36.010+0800: 12518219.988: [CMS-concurrent-abortable-preclean-start]
 CMS: abort preclean due to time 2020-08-02T08:10:41.352+0800: 12518225.330: [CMS-concurrent-abortable-preclean: 4.359/5.341 secs] [Times: user=4.74 sys=0.54, real=5.34 secs] 
2020-08-02T08:10:41.353+0800: 12518225.331: [GC (CMS Final Remark) [YG occupancy: 344519 K (737280 K)]2020-08-02T08:10:41.353+0800: 12518225.331: [Rescan (parallel) , 0.0250930 secs]2020-08-02T08:10:41.378+0800: 12518225.356: [weak refs processing, 0.0000445 secs]2020-08-02T08:10:41.378+0800: 12518225.356: [class unloading, 0.0168335 secs]2020-08-02T08:10:41.395+0800: 12518225.373: [scrub symbol table, 0.0062147 secs]2020-08-02T08:10:41.401+0800: 12518225.379: [scrub string table, 0.0008773 secs][1 CMS-remark: 4126453K(5472256K)] 4470972K(6209536K), 0.0492170 secs] [Times: user=0.21 sys=0.00, real=0.05 secs] 
2020-08-02T08:10:41.403+0800: 12518225.380: [CMS-concurrent-sweep-start]
2020-08-02T08:10:43.088+0800: 12518227.066: [CMS-concurrent-sweep: 1.686/1.686 secs] [Times: user=1.81 sys=0.17, real=1.69 secs] 
2020-08-02T08:10:43.088+0800: 12518227.066: [CMS-concurrent-reset-start]
2020-08-02T08:10:43.107+0800: 12518227.085: [CMS-concurrent-reset: 0.019/0.019 secs] [Times: user=0.02 sys=0.00, real=0.02 secs] 
2020-08-02T08:10:45.109+0800: 12518229.087: [GC (CMS Initial Mark) [1 CMS-initial-mark: 4125564K(5472256K)] 4493097K(6209536K), 0.0297917 secs] [Times: user=0.17 sys=0.00, real=0.03 secs] 
2020-08-02T08:10:45.139+0800: 12518229.117: [CMS-concurrent-mark-start]
2020-08-02T08:10:48.144+0800: 12518232.122: [CMS-concurrent-mark: 3.005/3.005 secs] [Times: user=6.33 sys=0.38, real=3.00 secs] 
2020-08-02T08:10:48.144+0800: 12518232.122: [CMS-concurrent-preclean-start]
2020-08-02T08:10:48.153+0800: 12518232.131: [CMS-concurrent-preclean: 0.009/0.009 secs] [Times: user=0.01 sys=0.00, real=0.01 secs] 
2020-08-02T08:10:48.153+0800: 12518232.131: [CMS-concurrent-abortable-preclean-start]
 CMS: abort preclean due to time 2020-08-02T08:10:53.417+0800: 12518237.395: [CMS-concurrent-abortable-preclean: 4.364/5.264 secs] [Times: user=4.77 sys=0.62, real=5.26 secs] 
2020-08-02T08:10:53.419+0800: 12518237.397: [GC (CMS Final Remark) [YG occupancy: 439380 K (737280 K)]2020-08-02T08:10:53.419+0800: 12518237.397: [Rescan (parallel) , 0.0362731 secs]2020-08-02T08:10:53.455+0800: 12518237.433: [weak refs processing, 0.0000550 secs]2020-08-02T08:10:53.456+0800: 12518237.433: [class unloading, 0.0181577 secs]2020-08-02T08:10:53.474+0800: 12518237.452: [scrub symbol table, 0.0063720 secs]2020-08-02T08:10:53.480+0800: 12518237.458: [scrub string table, 0.0009303 secs][1 CMS-remark: 4125564K(5472256K)] 4564945K(6209536K), 0.0620049 secs] [Times: user=0.28 sys=0.00, real=0.06 secs] 
2020-08-02T08:10:53.481+0800: 12518237.459: [CMS-concurrent-sweep-start]
2020-08-02T08:10:55.178+0800: 12518239.156: [CMS-concurrent-sweep: 1.697/1.697 secs] [Times: user=1.89 sys=0.16, real=1.70 secs] 
2020-08-02T08:10:55.179+0800: 12518239.156: [CMS-concurrent-reset-start]
2020-08-02T08:10:55.198+0800: 12518239.175: [CMS-concurrent-reset: 0.019/0.019 secs] [Times: user=0.02 sys=0.01, real=0.01 secs] 
2020-08-02T08:10:57.199+0800: 12518241.177: [GC (CMS Initial Mark) [1 CMS-initial-mark: 4125560K(5472256K)] 4596452K(6209536K), 0.0322593 secs] [Times: user=0.22 sys=0.00, real=0.03 secs] 
2020-08-02T08:10:57.231+0800: 12518241.209: [CMS-concurrent-mark-start]
2020-08-02T08:11:00.131+0800: 12518244.109: [CMS-concurrent-mark: 2.900/2.900 secs] [Times: user=6.10 sys=0.22, real=2.90 secs] 
2020-08-02T08:11:00.131+0800: 12518244.109: [CMS-concurrent-preclean-start]
2020-08-02T08:11:00.139+0800: 12518244.117: [CMS-concurrent-preclean: 0.008/0.008 secs] [Times: user=0.01 sys=0.00, real=0.01 secs] 
2020-08-02T08:11:00.139+0800: 12518244.117: [CMS-concurrent-abortable-preclean-start]
 CMS: abort preclean due to time 2020-08-02T08:11:05.264+0800: 12518249.242: [CMS-concurrent-abortable-preclean: 4.224/5.125 secs] [Times: user=4.59 sys=0.34, real=5.12 secs] 
2020-08-02T08:11:05.266+0800: 12518249.244: [GC (CMS Final Remark) [YG occupancy: 549957 K (737280 K)]2020-08-02T08:11:05.266+0800: 12518249.244: [Rescan (parallel) , 0.0398931 secs]2020-08-02T08:11:05.306+0800: 12518249.284: [weak refs processing, 0.0000361 secs]2020-08-02T08:11:05.306+0800: 12518249.284: [class unloading, 0.0173544 secs]2020-08-02T08:11:05.323+0800: 12518249.301: [scrub symbol table, 0.0061949 secs]2020-08-02T08:11:05.330+0800: 12518249.307: [scrub string table, 0.0009049 secs][1 CMS-remark: 4125560K(5472256K)] 4675517K(6209536K), 0.0645841 secs] [Times: user=0.32 sys=0.00, real=0.07 secs] 
2020-08-02T08:11:05.331+0800: 12518249.309: [CMS-concurrent-sweep-start]
2020-08-02T08:11:06.791+0800: 12518250.769: [CMS-concurrent-sweep: 1.461/1.461 secs] [Times: user=1.55 sys=0.07, real=1.46 secs] 
2020-08-02T08:11:06.791+0800: 12518250.769: [CMS-concurrent-reset-start]
2020-08-02T08:11:06.813+0800: 12518250.790: [CMS-concurrent-reset: 0.021/0.021 secs] [Times: user=0.02 sys=0.00, real=0.02 secs] 
2020-08-02T08:11:08.813+0800: 12518252.791: [GC (CMS Initial Mark) [1 CMS-initial-mark: 4125557K(5472256K)] 4692887K(6209536K), 0.0479579 secs] [Times: user=0.26 sys=0.00, real=0.05 secs] 
2020-08-02T08:11:08.861+0800: 12518252.839: [CMS-concurrent-mark-start]
2020-08-02T08:11:11.408+0800: 12518255.386: [CMS-concurrent-mark: 2.547/2.547 secs] [Times: user=5.39 sys=0.06, real=2.55 secs] 
2020-08-02T08:11:11.408+0800: 12518255.386: [CMS-concurrent-preclean-start]
2020-08-02T08:11:11.416+0800: 12518255.393: [CMS-concurrent-preclean: 0.007/0.007 secs] [Times: user=0.01 sys=0.00, real=0.00 secs] 
2020-08-02T08:11:11.416+0800: 12518255.394: [CMS-concurrent-abortable-preclean-start]
 CMS: abort preclean due to time 2020-08-02T08:11:16.691+0800: 12518260.669: [CMS-concurrent-abortable-preclean: 4.475/5.275 secs] [Times: user=4.94 sys=0.22, real=5.28 secs] 
2020-08-02T08:11:16.693+0800: 12518260.670: [GC (CMS Final Remark) [YG occupancy: 671101 K (737280 K)]2020-08-02T08:11:16.693+0800: 12518260.670: [Rescan (parallel) , 0.0455394 secs]2020-08-02T08:11:16.738+0800: 12518260.716: [weak refs processing, 0.0000362 secs]2020-08-02T08:11:16.738+0800: 12518260.716: [class unloading, 0.0182795 secs]2020-08-02T08:11:16.757+0800: 12518260.734: [scrub symbol table, 0.0069034 secs]2020-08-02T08:11:16.763+0800: 12518260.741: [scrub string table, 0.0010885 secs][1 CMS-remark: 4125557K(5472256K)] 4796659K(6209536K), 0.0720247 secs] [Times: user=0.37 sys=0.00, real=0.07 secs] 
2020-08-02T08:11:16.765+0800: 12518260.743: [CMS-concurrent-sweep-start]
2020-08-02T08:11:18.272+0800: 12518262.250: [CMS-concurrent-sweep: 1.508/1.508 secs] [Times: user=1.67 sys=0.07, real=1.51 secs] 
2020-08-02T08:11:18.272+0800: 12518262.250: [CMS-concurrent-reset-start]
2020-08-02T08:11:18.291+0800: 12518262.269: [CMS-concurrent-reset: 0.019/0.019 secs] [Times: user=0.02 sys=0.00, real=0.02 secs] 
2020-08-02T08:11:20.292+0800: 12518264.270: [GC (CMS Initial Mark) [1 CMS-initial-mark: 4125556K(5472256K)] 4862058K(6209536K), 0.0452079 secs] [Times: user=0.33 sys=0.00, real=0.04 secs] 
2020-08-02T08:11:20.337+0800: 12518264.315: [CMS-concurrent-mark-start]
2020-08-02T08:11:20.860+0800: 12518264.838: [GC (Allocation Failure) 2020-08-02T08:11:20.860+0800: 12518264.838: [ParNew: 737280K->81920K(737280K), 0.1109265 secs] 4862836K->4247519K(6209536K), 0.1110786 secs] [Times: user=0.70 sys=0.00, real=0.11 secs] 
2020-08-02T08:11:23.009+0800: 12518266.987: [CMS-concurrent-mark: 2.558/2.672 secs] [Times: user=6.11 sys=0.00, real=2.68 secs] 
2020-08-02T08:11:23.009+0800: 12518266.987: [CMS-concurrent-preclean-start]
2020-08-02T08:11:23.057+0800: 12518267.035: [CMS-concurrent-preclean: 0.046/0.048 secs] [Times: user=0.05 sys=0.00, real=0.04 secs] 
2020-08-02T08:11:23.057+0800: 12518267.035: [CMS-concurrent-abortable-preclean-start]
 CMS: abort preclean due to time 2020-08-02T08:11:28.329+0800: 12518272.306: [CMS-concurrent-abortable-preclean: 4.170/5.271 secs] [Times: user=4.73 sys=0.17, real=5.28 secs] 
2020-08-02T08:11:28.330+0800: 12518272.308: [GC (CMS Final Remark) [YG occupancy: 208423 K (737280 K)]2020-08-02T08:11:28.330+0800: 12518272.308: [Rescan (parallel) , 0.0154291 secs]2020-08-02T08:11:28.346+0800: 12518272.324: [weak refs processing, 0.0000355 secs]2020-08-02T08:11:28.346+0800: 12518272.324: [class unloading, 0.0171481 secs]2020-08-02T08:11:28.363+0800: 12518272.341: [scrub symbol table, 0.0062703 secs]2020-08-02T08:11:28.369+0800: 12518272.347: [scrub string table, 0.0008544 secs][1 CMS-remark: 4165599K(5472256K)] 4374023K(6209536K), 0.0399153 secs] [Times: user=0.14 sys=0.00, real=0.04 secs] 
2020-08-02T08:11:28.370+0800: 12518272.348: [CMS-concurrent-sweep-start]
2020-08-02T08:11:29.895+0800: 12518273.872: [CMS-concurrent-sweep: 1.516/1.524 secs] [Times: user=1.64 sys=0.01, real=1.52 secs] 
2020-08-02T08:11:29.895+0800: 12518273.872: [CMS-concurrent-reset-start]
2020-08-02T08:11:29.913+0800: 12518273.891: [CMS-concurrent-reset: 0.019/0.019 secs] [Times: user=0.02 sys=0.01, real=0.02 secs] 
2020-08-02T08:11:31.914+0800: 12518275.892: [GC (CMS Initial Mark) [1 CMS-initial-mark: 4165598K(5472256K)] 4415772K(6209536K), 0.0176636 secs] [Times: user=0.11 sys=0.00, real=0.02 secs] 
2020-08-02T08:11:31.932+0800: 12518275.910: [CMS-concurrent-mark-start]
2020-08-02T08:11:34.546+0800: 12518278.524: [CMS-concurrent-mark: 2.611/2.614 secs] [Times: user=5.58 sys=0.08, real=2.61 secs] 
2020-08-02T08:11:34.546+0800: 12518278.524: [CMS-concurrent-preclean-start]
2020-08-02T08:11:34.554+0800: 12518278.532: [CMS-concurrent-preclean: 0.008/0.008 secs] [Times: user=0.01 sys=0.00, real=0.01 secs] 
2020-08-02T08:11:34.554+0800: 12518278.532: [CMS-concurrent-abortable-preclean-start]
 CMS: abort preclean due to time 2020-08-02T08:11:39.695+0800: 12518283.673: [CMS-concurrent-abortable-preclean: 4.140/5.141 secs] [Times: user=4.50 sys=0.15, real=5.14 secs] 
2020-08-02T08:11:39.697+0800: 12518283.675: [GC (CMS Final Remark) [YG occupancy: 343765 K (737280 K)]2020-08-02T08:11:39.697+0800: 12518283.675: [Rescan (parallel) , 0.0337914 secs]2020-08-02T08:11:39.731+0800: 12518283.709: [weak refs processing, 0.0000582 secs]2020-08-02T08:11:39.731+0800: 12518283.709: [class unloading, 0.0220334 secs]2020-08-02T08:11:39.753+0800: 12518283.731: [scrub symbol table, 0.0061797 secs]2020-08-02T08:11:39.759+0800: 12518283.737: [scrub string table, 0.0008755 secs][1 CMS-remark: 4165598K(5472256K)] 4509364K(6209536K), 0.0631106 secs] [Times: user=0.27 sys=0.01, real=0.07 secs] 
2020-08-02T08:11:39.760+0800: 12518283.738: [CMS-concurrent-sweep-start]
2020-08-02T08:11:41.286+0800: 12518285.264: [CMS-concurrent-sweep: 1.526/1.526 secs] [Times: user=1.62 sys=0.06, real=1.52 secs] 
2020-08-02T08:11:41.286+0800: 12518285.264: [CMS-concurrent-reset-start]
2020-08-02T08:11:41.305+0800: 12518285.283: [CMS-concurrent-reset: 0.019/0.019 secs] [Times: user=0.02 sys=0.00, real=0.02 secs] 
2020-08-02T08:11:43.306+0800: 12518287.283: [GC (CMS Initial Mark) [1 CMS-initial-mark: 4164307K(5472256K)] 4561321K(6209536K), 0.0248742 secs] [Times: user=0.17 sys=0.00, real=0.03 secs] 
2020-08-02T08:11:43.331+0800: 12518287.309: [CMS-concurrent-mark-start]
2020-08-02T08:11:45.963+0800: 12518289.941: [CMS-concurrent-mark: 2.632/2.632 secs] [Times: user=5.69 sys=0.10, real=2.63 secs] 
2020-08-02T08:11:45.963+0800: 12518289.941: [CMS-concurrent-preclean-start]
2020-08-02T08:11:45.972+0800: 12518289.950: [CMS-concurrent-preclean: 0.009/0.009 secs] [Times: user=0.01 sys=0.00, real=0.01 secs] 
2020-08-02T08:11:45.972+0800: 12518289.950: [CMS-concurrent-abortable-preclean-start]
 CMS: abort preclean due to time 2020-08-02T08:11:50.993+0800: 12518294.971: [CMS-concurrent-abortable-preclean: 4.220/5.021 secs] [Times: user=4.66 sys=0.22, real=5.02 secs] 
2020-08-02T08:11:50.995+0800: 12518294.972: [GC (CMS Final Remark) [YG occupancy: 528218 K (737280 K)]2020-08-02T08:11:50.995+0800: 12518294.972: [Rescan (parallel) , 0.0430612 secs]2020-08-02T08:11:51.038+0800: 12518295.016: [weak refs processing, 0.0000550 secs]2020-08-02T08:11:51.038+0800: 12518295.016: [class unloading, 0.0189154 secs]2020-08-02T08:11:51.057+0800: 12518295.035: [scrub symbol table, 0.0068939 secs]2020-08-02T08:11:51.064+0800: 12518295.042: [scrub string table, 0.0009165 secs][1 CMS-remark: 4164307K(5472256K)] 4692525K(6209536K), 0.0700372 secs] [Times: user=0.28 sys=0.01, real=0.07 secs] 
2020-08-02T08:11:51.065+0800: 12518295.043: [CMS-concurrent-sweep-start]
2020-08-02T08:11:52.569+0800: 12518296.547: [CMS-concurrent-sweep: 1.505/1.505 secs] [Times: user=1.66 sys=0.06, real=1.51 secs] 
2020-08-02T08:11:52.570+0800: 12518296.547: [CMS-concurrent-reset-start]
2020-08-02T08:11:52.588+0800: 12518296.566: [CMS-concurrent-reset: 0.019/0.019 secs] [Times: user=0.02 sys=0.00, real=0.02 secs] 
2020-08-02T08:11:54.589+0800: 12518298.567: [GC (CMS Initial Mark) [1 CMS-initial-mark: 4164300K(5472256K)] 4755140K(6209536K), 0.0331881 secs] [Times: user=0.25 sys=0.00, real=0.03 secs] 
2020-08-02T08:11:54.622+0800: 12518298.600: [CMS-concurrent-mark-start]
2020-08-02T08:11:57.259+0800: 12518301.237: [CMS-concurrent-mark: 2.637/2.637 secs] [Times: user=5.59 sys=0.04, real=2.64 secs] 
2020-08-02T08:11:57.260+0800: 12518301.237: [CMS-concurrent-preclean-start]
2020-08-02T08:11:57.267+0800: 12518301.245: [CMS-concurrent-preclean: 0.007/0.007 secs] [Times: user=0.00 sys=0.00, real=0.01 secs] 
2020-08-02T08:11:57.267+0800: 12518301.245: [CMS-concurrent-abortable-preclean-start]
 CMS: abort preclean due to time 2020-08-02T08:12:04.430+0800: 12518308.408: [CMS-concurrent-abortable-preclean: 6.263/7.163 secs] [Times: user=4.01 sys=0.20, real=7.16 secs] 
2020-08-02T08:12:04.432+0800: 12518308.410: [GC (CMS Final Remark) [YG occupancy: 680396 K (737280 K)]2020-08-02T08:12:04.432+0800: 12518308.410: [Rescan (parallel) , 0.0564158 secs]2020-08-02T08:12:04.489+0800: 12518308.466: [weak refs processing, 0.0000476 secs]2020-08-02T08:12:04.489+0800: 12518308.466: [class unloading, 0.0195155 secs]2020-08-02T08:12:04.508+0800: 12518308.486: [scrub symbol table, 0.0072364 secs]2020-08-02T08:12:04.515+0800: 12518308.493: [scrub string table, 0.0011947 secs][1 CMS-remark: 4164300K(5472256K)] 4844696K(6209536K), 0.0846397 secs] [Times: user=0.36 sys=0.00, real=0.08 secs] 
2020-08-02T08:12:04.519+0800: 12518308.496: [CMS-concurrent-sweep-start]
2020-08-02T08:12:06.003+0800: 12518309.981: [CMS-concurrent-sweep: 1.485/1.485 secs] [Times: user=1.63 sys=0.05, real=1.48 secs] 
2020-08-02T08:12:06.004+0800: 12518309.981: [CMS-concurrent-reset-start]
2020-08-02T08:12:06.023+0800: 12518310.001: [CMS-concurrent-reset: 0.020/0.020 secs] [Times: user=0.02 sys=0.00, real=0.02 secs] 
2020-08-02T08:12:08.024+0800: 12518312.002: [GC (CMS Initial Mark) [1 CMS-initial-mark: 4164293K(5472256K)] 4891709K(6209536K), 0.0406739 secs] [Times: user=0.30 sys=0.00, real=0.04 secs] 
2020-08-02T08:12:08.065+0800: 12518312.043: [CMS-concurrent-mark-start]
2020-08-02T08:12:09.572+0800: 12518313.550: [GC (Allocation Failure) 2020-08-02T08:12:09.572+0800: 12518313.550: [ParNew: 737280K->81920K(737280K), 0.1509971 secs] 4901573K->4294477K(6209536K), 0.1511577 secs] [Times: user=0.63 sys=0.00, real=0.15 secs] 
2020-08-02T08:12:11.398+0800: 12518315.375: [CMS-concurrent-mark: 3.179/3.333 secs] [Times: user=7.36 sys=0.00, real=3.33 secs] 
2020-08-02T08:12:11.398+0800: 12518315.375: [CMS-concurrent-preclean-start]
2020-08-02T08:12:11.452+0800: 12518315.430: [CMS-concurrent-preclean: 0.050/0.054 secs] [Times: user=0.07 sys=0.00, real=0.06 secs] 
2020-08-02T08:12:11.452+0800: 12518315.430: [CMS-concurrent-abortable-preclean-start]
 CMS: abort preclean due to time 2020-08-02T08:12:16.483+0800: 12518320.461: [CMS-concurrent-abortable-preclean: 3.730/5.031 secs] [Times: user=4.24 sys=0.22, real=5.03 secs] 
2020-08-02T08:12:16.485+0800: 12518320.463: [GC (CMS Final Remark) [YG occupancy: 189201 K (737280 K)]2020-08-02T08:12:16.485+0800: 12518320.463: [Rescan (parallel) , 0.0193203 secs]2020-08-02T08:12:16.504+0800: 12518320.482: [weak refs processing, 0.0000451 secs]2020-08-02T08:12:16.504+0800: 12518320.482: [class unloading, 0.0174938 secs]2020-08-02T08:12:16.522+0800: 12518320.500: [scrub symbol table, 0.0062792 secs]2020-08-02T08:12:16.528+0800: 12518320.506: [scrub string table, 0.0008633 secs][1 CMS-remark: 4212557K(5472256K)] 4401759K(6209536K), 0.0441494 secs] [Times: user=0.15 sys=0.00, real=0.05 secs] 
2020-08-02T08:12:16.529+0800: 12518320.507: [CMS-concurrent-sweep-start]
2020-08-02T08:12:18.002+0800: 12518321.980: [CMS-concurrent-sweep: 1.473/1.473 secs] [Times: user=1.58 sys=0.04, real=1.47 secs] 
2020-08-02T08:12:18.002+0800: 12518321.980: [CMS-concurrent-reset-start]
2020-08-02T08:12:18.021+0800: 12518321.999: [CMS-concurrent-reset: 0.019/0.019 secs] [Times: user=0.02 sys=0.00, real=0.02 secs] 
2020-08-02T08:12:20.021+0800: 12518323.999: [GC (CMS Initial Mark) [1 CMS-initial-mark: 4212552K(5472256K)] 4454162K(6209536K), 0.0152123 secs] [Times: user=0.10 sys=0.00, real=0.01 secs] 
2020-08-02T08:12:20.037+0800: 12518324.014: [CMS-concurrent-mark-start]
2020-08-02T08:12:22.699+0800: 12518326.677: [CMS-concurrent-mark: 2.663/2.663 secs] [Times: user=5.70 sys=0.01, real=2.67 secs] 
2020-08-02T08:12:22.699+0800: 12518326.677: [CMS-concurrent-preclean-start]
2020-08-02T08:12:22.708+0800: 12518326.686: [CMS-concurrent-preclean: 0.009/0.009 secs] [Times: user=0.01 sys=0.00, real=0.01 secs] 
2020-08-02T08:12:22.708+0800: 12518326.686: [CMS-concurrent-abortable-preclean-start]
 CMS: abort preclean due to time 2020-08-02T08:12:27.935+0800: 12518331.913: [CMS-concurrent-abortable-preclean: 3.826/5.227 secs] [Times: user=4.29 sys=0.20, real=5.22 secs] 
2020-08-02T08:12:27.937+0800: 12518331.915: [GC (CMS Final Remark) [YG occupancy: 360771 K (737280 K)]2020-08-02T08:12:27.937+0800: 12518331.915: [Rescan (parallel) , 0.0229952 secs]2020-08-02T08:12:27.960+0800: 12518331.938: [weak refs processing, 0.0001304 secs]2020-08-02T08:12:27.960+0800: 12518331.938: [class unloading, 0.0172409 secs]2020-08-02T08:12:27.977+0800: 12518331.955: [scrub symbol table, 0.0062251 secs]2020-08-02T08:12:27.983+0800: 12518331.961: [scrub string table, 0.0008665 secs][1 CMS-remark: 4212552K(5472256K)] 4573324K(6209536K), 0.0476118 secs] [Times: user=0.21 sys=0.00, real=0.05 secs] 
2020-08-02T08:12:27.985+0800: 12518331.962: [CMS-concurrent-sweep-start]
2020-08-02T08:12:29.499+0800: 12518333.477: [CMS-concurrent-sweep: 1.511/1.514 secs] [Times: user=1.71 sys=0.08, real=1.52 secs] 
2020-08-02T08:12:29.499+0800: 12518333.477: [CMS-concurrent-reset-start]
2020-08-02T08:12:29.518+0800: 12518333.496: [CMS-concurrent-reset: 0.019/0.019 secs] [Times: user=0.02 sys=0.00, real=0.01 secs] 
2020-08-02T08:12:31.519+0800: 12518335.497: [GC (CMS Initial Mark) [1 CMS-initial-mark: 4210827K(5472256K)] 4633362K(6209536K), 0.0257968 secs] [Times: user=0.17 sys=0.01, real=0.02 secs] 
2020-08-02T08:12:31.545+0800: 12518335.523: [CMS-concurrent-mark-start]
2020-08-02T08:12:34.197+0800: 12518338.175: [CMS-concurrent-mark: 2.652/2.652 secs] [Times: user=5.66 sys=0.15, real=2.65 secs] 
2020-08-02T08:12:34.197+0800: 12518338.175: [CMS-concurrent-preclean-start]
2020-08-02T08:12:34.205+0800: 12518338.182: [CMS-concurrent-preclean: 0.008/0.008 secs] [Times: user=0.01 sys=0.00, real=0.01 secs] 
2020-08-02T08:12:34.205+0800: 12518338.182: [CMS-concurrent-abortable-preclean-start]
 CMS: abort preclean due to time 2020-08-02T08:12:39.246+0800: 12518343.224: [CMS-concurrent-abortable-preclean: 3.841/5.042 secs] [Times: user=4.32 sys=0.40, real=5.05 secs] 
2020-08-02T08:12:39.248+0800: 12518343.226: [GC (CMS Final Remark) [YG occupancy: 536575 K (737280 K)]2020-08-02T08:12:39.248+0800: 12518343.226: [Rescan (parallel) , 0.0360648 secs]2020-08-02T08:12:39.284+0800: 12518343.262: [weak refs processing, 0.0000359 secs]2020-08-02T08:12:39.284+0800: 12518343.262: [class unloading, 0.0186449 secs]2020-08-02T08:12:39.303+0800: 12518343.281: [scrub symbol table, 0.0060969 secs]2020-08-02T08:12:39.309+0800: 12518343.287: [scrub string table, 0.0008793 secs][1 CMS-remark: 4210827K(5472256K)] 4747403K(6209536K), 0.0618905 secs] [Times: user=0.27 sys=0.00, real=0.06 secs] 
2020-08-02T08:12:39.310+0800: 12518343.288: [CMS-concurrent-sweep-start]
2020-08-02T08:12:41.001+0800: 12518344.979: [CMS-concurrent-sweep: 1.691/1.691 secs] [Times: user=1.92 sys=0.21, real=1.69 secs] 
2020-08-02T08:12:41.001+0800: 12518344.979: [CMS-concurrent-reset-start]
2020-08-02T08:12:41.023+0800: 12518345.001: [CMS-concurrent-reset: 0.021/0.021 secs] [Times: user=0.02 sys=0.01, real=0.02 secs] 
2020-08-02T08:12:43.024+0800: 12518347.002: [GC (CMS Initial Mark) [1 CMS-initial-mark: 4210695K(5472256K)] 4808685K(6209536K), 0.0393766 secs] [Times: user=0.25 sys=0.00, real=0.04 secs] 
2020-08-02T08:12:43.063+0800: 12518347.041: [CMS-concurrent-mark-start]
2020-08-02T08:12:46.194+0800: 12518350.172: [CMS-concurrent-mark: 3.131/3.131 secs] [Times: user=6.81 sys=0.52, real=3.13 secs] 
2020-08-02T08:12:46.194+0800: 12518350.172: [CMS-concurrent-preclean-start]
2020-08-02T08:12:46.202+0800: 12518350.180: [CMS-concurrent-preclean: 0.008/0.008 secs] [Times: user=0.02 sys=0.01, real=0.01 secs] 
2020-08-02T08:12:46.202+0800: 12518350.180: [CMS-concurrent-abortable-preclean-start]
2020-08-02T08:12:49.279+0800: 12518353.257: [GC (Allocation Failure) 2020-08-02T08:12:49.279+0800: 12518353.257: [ParNew: 737280K->81920K(737280K), 0.0906957 secs] 4947975K->4320359K(6209536K), 0.0908431 secs] [Times: user=0.58 sys=0.00, real=0.09 secs] 
 CMS: abort preclean due to time 2020-08-02T08:12:51.337+0800: 12518355.315: [CMS-concurrent-abortable-preclean: 3.939/5.135 secs] [Times: user=5.12 sys=0.37, real=5.13 secs] 
2020-08-02T08:12:51.338+0800: 12518355.316: [GC (CMS Final Remark) [YG occupancy: 124961 K (737280 K)]2020-08-02T08:12:51.338+0800: 12518355.316: [Rescan (parallel) , 0.0187510 secs]2020-08-02T08:12:51.357+0800: 12518355.335: [weak refs processing, 0.0000460 secs]2020-08-02T08:12:51.357+0800: 12518355.335: [class unloading, 0.0172772 secs]2020-08-02T08:12:51.374+0800: 12518355.352: [scrub symbol table, 0.0065521 secs]2020-08-02T08:12:51.381+0800: 12518355.359: [scrub string table, 0.0008674 secs][1 CMS-remark: 4238439K(5472256K)] 4363400K(6209536K), 0.0436594 secs] [Times: user=0.14 sys=0.00, real=0.05 secs] 
2020-08-02T08:12:51.382+0800: 12518355.360: [CMS-concurrent-sweep-start]
2020-08-02T08:12:52.941+0800: 12518356.919: [CMS-concurrent-sweep: 1.558/1.559 secs] [Times: user=1.72 sys=0.08, real=1.56 secs] 
2020-08-02T08:12:52.941+0800: 12518356.919: [CMS-concurrent-reset-start]
2020-08-02T08:12:52.960+0800: 12518356.938: [CMS-concurrent-reset: 0.019/0.019 secs] [Times: user=0.02 sys=0.00, real=0.02 secs] 
2020-08-02T08:12:54.961+0800: 12518358.938: [GC (CMS Initial Mark) [1 CMS-initial-mark: 4238436K(5472256K)] 4423380K(6209536K), 0.0126422 secs] [Times: user=0.09 sys=0.00, real=0.01 secs] 
2020-08-02T08:12:54.973+0800: 12518358.951: [CMS-concurrent-mark-start]
2020-08-02T08:12:57.713+0800: 12518361.691: [CMS-concurrent-mark: 2.740/2.740 secs] [Times: user=6.02 sys=0.18, real=2.74 secs] 
2020-08-02T08:12:57.713+0800: 12518361.691: [CMS-concurrent-preclean-start]
2020-08-02T08:12:57.722+0800: 12518361.700: [CMS-concurrent-preclean: 0.008/0.009 secs] [Times: user=0.00 sys=0.00, real=0.01 secs] 
2020-08-02T08:12:57.722+0800: 12518361.700: [CMS-concurrent-abortable-preclean-start]
 CMS: abort preclean due to time 2020-08-02T08:13:02.765+0800: 12518366.742: [CMS-concurrent-abortable-preclean: 4.223/5.043 secs] [Times: user=4.75 sys=0.27, real=5.04 secs] 
2020-08-02T08:13:02.766+0800: 12518366.744: [GC (CMS Final Remark) [YG occupancy: 355496 K (737280 K)]2020-08-02T08:13:02.766+0800: 12518366.744: [Rescan (parallel) , 0.0246534 secs]2020-08-02T08:13:02.791+0800: 12518366.769: [weak refs processing, 0.0001265 secs]2020-08-02T08:13:02.791+0800: 12518366.769: [class unloading, 0.0179870 secs]2020-08-02T08:13:02.809+0800: 12518366.787: [scrub symbol table, 0.0064747 secs]2020-08-02T08:13:02.815+0800: 12518366.793: [scrub string table, 0.0008840 secs][1 CMS-remark: 4238436K(5472256K)] 4593932K(6209536K), 0.0502876 secs] [Times: user=0.21 sys=0.00, real=0.05 secs] 
2020-08-02T08:13:02.817+0800: 12518366.795: [CMS-concurrent-sweep-start]
2020-08-02T08:13:04.406+0800: 12518368.383: [CMS-concurrent-sweep: 1.589/1.589 secs] [Times: user=1.87 sys=0.15, real=1.59 secs] 
2020-08-02T08:13:04.406+0800: 12518368.384: [CMS-concurrent-reset-start]
2020-08-02T08:13:04.424+0800: 12518368.402: [CMS-concurrent-reset: 0.019/0.019 secs] [Times: user=0.03 sys=0.00, real=0.02 secs] 
2020-08-02T08:13:06.425+0800: 12518370.403: [GC (CMS Initial Mark) [1 CMS-initial-mark: 4237423K(5472256K)] 4679311K(6209536K), 0.0260979 secs] [Times: user=0.19 sys=0.00, real=0.03 secs] 
2020-08-02T08:13:06.451+0800: 12518370.429: [CMS-concurrent-mark-start]
2020-08-02T08:13:09.049+0800: 12518373.027: [CMS-concurrent-mark: 2.598/2.598 secs] [Times: user=5.60 sys=0.06, real=2.60 secs] 
2020-08-02T08:13:09.049+0800: 12518373.027: [CMS-concurrent-preclean-start]
2020-08-02T08:13:09.058+0800: 12518373.036: [CMS-concurrent-preclean: 0.009/0.010 secs] [Times: user=0.01 sys=0.00, real=0.00 secs] 
2020-08-02T08:13:09.058+0800: 12518373.036: [CMS-concurrent-abortable-preclean-start]
 CMS: abort preclean due to time 2020-08-02T08:13:14.384+0800: 12518378.362: [CMS-concurrent-abortable-preclean: 4.225/5.326 secs] [Times: user=4.63 sys=0.21, real=5.33 secs] 
2020-08-02T08:13:14.385+0800: 12518378.363: [GC (CMS Final Remark) [YG occupancy: 585313 K (737280 K)]2020-08-02T08:13:14.386+0800: 12518378.363: [Rescan (parallel) , 0.0380378 secs]2020-08-02T08:13:14.424+0800: 12518378.401: [weak refs processing, 0.0000452 secs]2020-08-02T08:13:14.424+0800: 12518378.401: [class unloading, 0.0180560 secs]2020-08-02T08:13:14.442+0800: 12518378.420: [scrub symbol table, 0.0074566 secs]2020-08-02T08:13:14.449+0800: 12518378.427: [scrub string table, 0.0012922 secs][1 CMS-remark: 4237423K(5472256K)] 4822737K(6209536K), 0.0650913 secs] [Times: user=0.31 sys=0.00, real=0.07 secs] 
2020-08-02T08:13:14.451+0800: 12518378.429: [CMS-concurrent-sweep-start]
2020-08-02T08:13:15.948+0800: 12518379.926: [CMS-concurrent-sweep: 1.497/1.497 secs] [Times: user=1.61 sys=0.03, real=1.50 secs] 
2020-08-02T08:13:15.948+0800: 12518379.926: [CMS-concurrent-reset-start]
2020-08-02T08:13:15.966+0800: 12518379.944: [CMS-concurrent-reset: 0.018/0.018 secs] [Times: user=0.02 sys=0.00, real=0.01 secs] 
2020-08-02T08:13:17.967+0800: 12518381.945: [GC (CMS Initial Mark) [1 CMS-initial-mark: 4237415K(5472256K)] 4871230K(6209536K), 0.0449266 secs] [Times: user=0.25 sys=0.00, real=0.04 secs] 
2020-08-02T08:13:18.012+0800: 12518381.990: [CMS-concurrent-mark-start]
2020-08-02T08:13:20.521+0800: 12518384.499: [CMS-concurrent-mark: 2.509/2.509 secs] [Times: user=5.27 sys=0.00, real=2.51 secs] 
2020-08-02T08:13:20.521+0800: 12518384.499: [CMS-concurrent-preclean-start]
2020-08-02T08:13:20.529+0800: 12518384.507: [CMS-concurrent-preclean: 0.008/0.008 secs] [Times: user=0.01 sys=0.00, real=0.01 secs] 
2020-08-02T08:13:20.529+0800: 12518384.507: [CMS-concurrent-abortable-preclean-start]
2020-08-02T08:13:25.232+0800: 12518389.210: [GC (Allocation Failure) 2020-08-02T08:13:25.232+0800: 12518389.210: [ParNew2020-08-02T08:13:25.246+0800: 12518389.223: [CMS-concurrent-abortable-preclean: 3.604/4.717 secs] [Times: user=4.09 sys=0.15, real=4.71 secs] 
: 737280K->81920K(737280K), 0.1116767 secs] 4974695K->4358142K(6209536K), 0.1118374 secs] [Times: user=0.64 sys=0.00, real=0.11 secs] 
2020-08-02T08:13:25.345+0800: 12518389.323: [GC (CMS Final Remark) [YG occupancy: 82156 K (737280 K)]2020-08-02T08:13:25.345+0800: 12518389.323: [Rescan (parallel) , 0.0200374 secs]2020-08-02T08:13:25.366+0800: 12518389.343: [weak refs processing, 0.0000371 secs]2020-08-02T08:13:25.366+0800: 12518389.343: [class unloading, 0.0172678 secs]2020-08-02T08:13:25.383+0800: 12518389.361: [scrub symbol table, 0.0068651 secs]2020-08-02T08:13:25.390+0800: 12518389.368: [scrub string table, 0.0010430 secs][1 CMS-remark: 4276222K(5472256K)] 4358378K(6209536K), 0.0454099 secs] [Times: user=0.17 sys=0.00, real=0.05 secs] 
2020-08-02T08:13:25.393+0800: 12518389.371: [CMS-concurrent-sweep-start]
2020-08-02T08:13:26.921+0800: 12518390.898: [CMS-concurrent-sweep: 1.528/1.528 secs] [Times: user=1.68 sys=0.09, real=1.53 secs] 
2020-08-02T08:13:26.921+0800: 12518390.898: [CMS-concurrent-reset-start]
2020-08-02T08:13:26.939+0800: 12518390.917: [CMS-concurrent-reset: 0.019/0.019 secs] [Times: user=0.02 sys=0.00, real=0.02 secs] 
2020-08-02T08:13:28.940+0800: 12518392.918: [GC (CMS Initial Mark) [1 CMS-initial-mark: 4276219K(5472256K)] 4432841K(6209536K), 0.0118195 secs] [Times: user=0.07 sys=0.00, real=0.01 secs] 
2020-08-02T08:13:28.952+0800: 12518392.930: [CMS-concurrent-mark-start]
2020-08-02T08:13:32.873+0800: 12518396.851: [CMS-concurrent-mark: 3.921/3.921 secs] [Times: user=8.18 sys=0.00, real=3.92 secs] 
2020-08-02T08:13:32.873+0800: 12518396.851: [CMS-concurrent-preclean-start]
2020-08-02T08:13:32.881+0800: 12518396.859: [CMS-concurrent-preclean: 0.008/0.008 secs] [Times: user=0.01 sys=0.00, real=0.01 secs] 
2020-08-02T08:13:32.882+0800: 12518396.859: [CMS-concurrent-abortable-preclean-start]
 CMS: abort preclean due to time 2020-08-02T08:13:38.231+0800: 12518402.209: [CMS-concurrent-abortable-preclean: 4.549/5.350 secs] [Times: user=5.04 sys=0.28, real=5.35 secs] 
2020-08-02T08:13:38.233+0800: 12518402.210: [GC (CMS Final Remark) [YG occupancy: 272647 K (737280 K)]2020-08-02T08:13:38.233+0800: 12518402.210: [Rescan (parallel) , 0.0362061 secs]2020-08-02T08:13:38.269+0800: 12518402.247: [weak refs processing, 0.0001338 secs]2020-08-02T08:13:38.269+0800: 12518402.247: [class unloading, 0.0176499 secs]2020-08-02T08:13:38.287+0800: 12518402.264: [scrub symbol table, 0.0061729 secs]2020-08-02T08:13:38.293+0800: 12518402.271: [scrub string table, 0.0008685 secs][1 CMS-remark: 4276219K(5472256K)] 4548866K(6209536K), 0.0611949 secs] [Times: user=0.27 sys=0.00, real=0.06 secs] 
2020-08-02T08:13:38.294+0800: 12518402.272: [CMS-concurrent-sweep-start]
2020-08-02T08:13:39.916+0800: 12518403.893: [CMS-concurrent-sweep: 1.622/1.622 secs] [Times: user=1.85 sys=0.21, real=1.62 secs] 
2020-08-02T08:13:39.916+0800: 12518403.893: [CMS-concurrent-reset-start]
2020-08-02T08:13:39.934+0800: 12518403.912: [CMS-concurrent-reset: 0.018/0.018 secs] [Times: user=0.02 sys=0.00, real=0.02 secs] 
2020-08-02T08:13:41.935+0800: 12518405.912: [GC (CMS Initial Mark) [1 CMS-initial-mark: 4275450K(5472256K)] 4619240K(6209536K), 0.0207061 secs] [Times: user=0.16 sys=0.00, real=0.02 secs] 
2020-08-02T08:13:41.956+0800: 12518405.933: [CMS-concurrent-mark-start]
2020-08-02T08:13:45.874+0800: 12518409.851: [CMS-concurrent-mark: 3.918/3.918 secs] [Times: user=8.21 sys=0.07, real=3.92 secs] 
2020-08-02T08:13:45.874+0800: 12518409.852: [CMS-concurrent-preclean-start]
2020-08-02T08:13:45.882+0800: 12518409.860: [CMS-concurrent-preclean: 0.008/0.008 secs] [Times: user=0.01 sys=0.00, real=0.01 secs] 
2020-08-02T08:13:45.882+0800: 12518409.860: [CMS-concurrent-abortable-preclean-start]
 CMS: abort preclean due to time 2020-08-02T08:13:51.081+0800: 12518415.059: [CMS-concurrent-abortable-preclean: 4.498/5.200 secs] [Times: user=4.99 sys=0.32, real=5.20 secs] 
2020-08-02T08:13:51.083+0800: 12518415.061: [GC (CMS Final Remark) [YG occupancy: 476852 K (737280 K)]2020-08-02T08:13:51.083+0800: 12518415.061: [Rescan (parallel) , 0.0329966 secs]2020-08-02T08:13:51.116+0800: 12518415.094: [weak refs processing, 0.0000376 secs]2020-08-02T08:13:51.116+0800: 12518415.094: [class unloading, 0.0180206 secs]2020-08-02T08:13:51.134+0800: 12518415.112: [scrub symbol table, 0.0061023 secs]2020-08-02T08:13:51.140+0800: 12518415.118: [scrub string table, 0.0009014 secs][1 CMS-remark: 4275450K(5472256K)] 4752302K(6209536K), 0.0582311 secs] [Times: user=0.25 sys=0.00, real=0.06 secs] 
2020-08-02T08:13:51.141+0800: 12518415.119: [CMS-concurrent-sweep-start]
2020-08-02T08:13:52.728+0800: 12518416.705: [CMS-concurrent-sweep: 1.583/1.586 secs] [Times: user=1.85 sys=0.25, real=1.59 secs] 
2020-08-02T08:13:52.728+0800: 12518416.706: [CMS-concurrent-reset-start]
2020-08-02T08:13:52.748+0800: 12518416.725: [CMS-concurrent-reset: 0.020/0.020 secs] [Times: user=0.02 sys=0.00, real=0.02 secs] 
2020-08-02T08:13:54.748+0800: 12518418.726: [GC (CMS Initial Mark) [1 CMS-initial-mark: 4275442K(5472256K)] 4820335K(6209536K), 0.0342251 secs] [Times: user=0.21 sys=0.00, real=0.03 secs] 
2020-08-02T08:13:54.783+0800: 12518418.761: [CMS-concurrent-mark-start]
2020-08-02T08:13:58.736+0800: 12518422.714: [CMS-concurrent-mark: 3.954/3.954 secs] [Times: user=8.38 sys=0.25, real=3.95 secs] 
2020-08-02T08:13:58.736+0800: 12518422.714: [CMS-concurrent-preclean-start]
2020-08-02T08:13:58.750+0800: 12518422.728: [CMS-concurrent-preclean: 0.013/0.014 secs] [Times: user=0.01 sys=0.00, real=0.02 secs] 
2020-08-02T08:13:58.750+0800: 12518422.728: [CMS-concurrent-abortable-preclean-start]
 CMS: abort preclean due to time 2020-08-02T08:14:04.102+0800: 12518428.080: [CMS-concurrent-abortable-preclean: 4.249/5.352 secs] [Times: user=4.64 sys=0.22, real=5.35 secs] 
2020-08-02T08:14:04.103+0800: 12518428.081: [GC (CMS Final Remark) [YG occupancy: 659092 K (737280 K)]2020-08-02T08:14:04.103+0800: 12518428.081: [Rescan (parallel) , 0.0422191 secs]2020-08-02T08:14:04.146+0800: 12518428.124: [weak refs processing, 0.0000465 secs]2020-08-02T08:14:04.146+0800: 12518428.124: [class unloading, 0.0173110 secs]2020-08-02T08:14:04.163+0800: 12518428.141: [scrub symbol table, 0.0062269 secs]2020-08-02T08:14:04.169+0800: 12518428.147: [scrub string table, 0.0008923 secs][1 CMS-remark: 4275442K(5472256K)] 4934535K(6209536K), 0.0668676 secs] [Times: user=0.33 sys=0.00, real=0.07 secs] 
2020-08-02T08:14:04.171+0800: 12518428.148: [CMS-concurrent-sweep-start]
2020-08-02T08:14:05.692+0800: 12518429.670: [CMS-concurrent-sweep: 1.522/1.522 secs] [Times: user=1.82 sys=0.09, real=1.52 secs] 
2020-08-02T08:14:05.692+0800: 12518429.670: [CMS-concurrent-reset-start]
2020-08-02T08:14:05.711+0800: 12518429.689: [CMS-concurrent-reset: 0.019/0.019 secs] [Times: user=0.02 sys=0.00, real=0.02 secs] 
2020-08-02T08:14:06.623+0800: 12518430.601: [GC (Allocation Failure) 2020-08-02T08:14:06.623+0800: 12518430.601: [ParNew: 737280K->81920K(737280K), 0.1114180 secs] 5012705K->4394182K(6209536K), 0.1115692 secs] [Times: user=0.64 sys=0.00, real=0.11 secs] 
2020-08-02T08:14:06.736+0800: 12518430.714: [GC (CMS Initial Mark) [1 CMS-initial-mark: 4312262K(5472256K)] 4394191K(6209536K), 0.0104741 secs] [Times: user=0.04 sys=0.00, real=0.02 secs] 
2020-08-02T08:14:06.747+0800: 12518430.725: [CMS-concurrent-mark-start]
2020-08-02T08:14:09.398+0800: 12518433.376: [CMS-concurrent-mark: 2.646/2.651 secs] [Times: user=5.78 sys=0.24, real=2.64 secs] 
2020-08-02T08:14:09.398+0800: 12518433.376: [CMS-concurrent-preclean-start]
2020-08-02T08:14:09.406+0800: 12518433.384: [CMS-concurrent-preclean: 0.008/0.008 secs] [Times: user=0.01 sys=0.00, real=0.01 secs] 
2020-08-02T08:14:09.406+0800: 12518433.384: [CMS-concurrent-abortable-preclean-start]
 CMS: abort preclean due to time 2020-08-02T08:14:14.737+0800: 12518438.714: [CMS-concurrent-abortable-preclean: 4.630/5.331 secs] [Times: user=5.63 sys=0.83, real=5.33 secs] 
2020-08-02T08:14:14.738+0800: 12518438.716: [GC (CMS Final Remark) [YG occupancy: 352112 K (737280 K)]2020-08-02T08:14:14.738+0800: 12518438.716: [Rescan (parallel) , 0.0286377 secs]2020-08-02T08:14:14.767+0800: 12518438.745: [weak refs processing, 0.0000624 secs]2020-08-02T08:14:14.767+0800: 12518438.745: [class unloading, 0.0170883 secs]2020-08-02T08:14:14.784+0800: 12518438.762: [scrub symbol table, 0.0061735 secs]2020-08-02T08:14:14.790+0800: 12518438.768: [scrub string table, 0.0009200 secs][1 CMS-remark: 4312262K(5472256K)] 4664375K(6209536K), 0.0530306 secs] [Times: user=0.22 sys=0.00, real=0.06 secs] 
2020-08-02T08:14:14.791+0800: 12518438.769: [CMS-concurrent-sweep-start]
2020-08-02T08:14:16.477+0800: 12518440.455: [CMS-concurrent-sweep: 1.686/1.686 secs] [Times: user=1.92 sys=0.35, real=1.68 secs] 
2020-08-02T08:14:16.477+0800: 12518440.455: [CMS-concurrent-reset-start]
2020-08-02T08:14:16.498+0800: 12518440.476: [CMS-concurrent-reset: 0.020/0.020 secs] [Times: user=0.02 sys=0.01, real=0.02 secs] 
2020-08-02T08:14:18.498+0800: 12518442.476: [GC (CMS Initial Mark) [1 CMS-initial-mark: 4312126K(5472256K)] 4735424K(6209536K), 0.0300940 secs] [Times: user=0.16 sys=0.00, real=0.03 secs] 
2020-08-02T08:14:18.531+0800: 12518442.509: [CMS-concurrent-mark-start]
2020-08-02T08:14:21.270+0800: 12518445.248: [CMS-concurrent-mark: 2.739/2.739 secs] [Times: user=6.09 sys=0.24, real=2.74 secs] 
2020-08-02T08:14:21.270+0800: 12518445.248: [CMS-concurrent-preclean-start]
2020-08-02T08:14:21.279+0800: 12518445.257: [CMS-concurrent-preclean: 0.008/0.009 secs] [Times: user=0.01 sys=0.00, real=0.01 secs] 
2020-08-02T08:14:21.279+0800: 12518445.257: [CMS-concurrent-abortable-preclean-start]
 CMS: abort preclean due to time 2020-08-02T08:14:26.545+0800: 12518450.523: [CMS-concurrent-abortable-preclean: 4.061/5.266 secs] [Times: user=4.75 sys=0.44, real=5.26 secs] 
2020-08-02T08:14:26.546+0800: 12518450.524: [GC (CMS Final Remark) [YG occupancy: 636092 K (737280 K)]2020-08-02T08:14:26.546+0800: 12518450.524: [Rescan (parallel) , 0.0547820 secs]2020-08-02T08:14:26.601+0800: 12518450.579: [weak refs processing, 0.0000379 secs]2020-08-02T08:14:26.601+0800: 12518450.579: [class unloading, 0.0173083 secs]2020-08-02T08:14:26.619+0800: 12518450.596: [scrub symbol table, 0.0060355 secs]2020-08-02T08:14:26.625+0800: 12518450.603: [scrub string table, 0.0008508 secs][1 CMS-remark: 4312126K(5472256K)] 4948218K(6209536K), 0.0791732 secs] [Times: user=0.37 sys=0.00, real=0.08 secs] 
2020-08-02T08:14:26.626+0800: 12518450.604: [CMS-concurrent-sweep-start]
2020-08-02T08:14:28.363+0800: 12518452.341: [CMS-concurrent-sweep: 1.737/1.737 secs] [Times: user=2.01 sys=0.26, real=1.74 secs] 
2020-08-02T08:14:28.363+0800: 12518452.341: [CMS-concurrent-reset-start]
2020-08-02T08:14:28.382+0800: 12518452.360: [CMS-concurrent-reset: 0.019/0.019 secs] [Times: user=0.02 sys=0.01, real=0.02 secs] 
2020-08-02T08:14:30.382+0800: 12518454.360: [GC (CMS Initial Mark) [1 CMS-initial-mark: 4310963K(5472256K)] 5044698K(6209536K), 0.0429804 secs] [Times: user=0.32 sys=0.00, real=0.04 secs] 
2020-08-02T08:14:30.426+0800: 12518454.403: [CMS-concurrent-mark-start]
2020-08-02T08:14:30.517+0800: 12518454.495: [GC (Allocation Failure) 2020-08-02T08:14:30.517+0800: 12518454.495: [ParNew: 737280K->81920K(737280K), 0.1128981 secs] 5048243K->4428213K(6209536K), 0.1130625 secs] [Times: user=0.77 sys=0.00, real=0.12 secs] 
2020-08-02T08:14:33.329+0800: 12518457.307: [CMS-concurrent-mark: 2.788/2.904 secs] [Times: user=6.98 sys=0.35, real=2.91 secs] 
2020-08-02T08:14:33.329+0800: 12518457.307: [CMS-concurrent-preclean-start]
2020-08-02T08:14:33.372+0800: 12518457.350: [CMS-concurrent-preclean: 0.041/0.043 secs] [Times: user=0.06 sys=0.01, real=0.04 secs] 
2020-08-02T08:14:33.372+0800: 12518457.350: [CMS-concurrent-abortable-preclean-start]
 CMS: abort preclean due to time 2020-08-02T08:14:38.580+0800: 12518462.558: [CMS-concurrent-abortable-preclean: 4.707/5.208 secs] [Times: user=5.24 sys=0.69, real=5.21 secs] 
2020-08-02T08:14:38.581+0800: 12518462.559: [GC (CMS Final Remark) [YG occupancy: 233192 K (737280 K)]2020-08-02T08:14:38.582+0800: 12518462.559: [Rescan (parallel) , 0.0188314 secs]2020-08-02T08:14:38.600+0800: 12518462.578: [weak refs processing, 0.0000389 secs]2020-08-02T08:14:38.600+0800: 12518462.578: [class unloading, 0.0173867 secs]2020-08-02T08:14:38.618+0800: 12518462.596: [scrub symbol table, 0.0061919 secs]2020-08-02T08:14:38.624+0800: 12518462.602: [scrub string table, 0.0008763 secs][1 CMS-remark: 4346293K(5472256K)] 4579486K(6209536K), 0.0434823 secs] [Times: user=0.16 sys=0.00, real=0.04 secs] 
2020-08-02T08:14:38.625+0800: 12518462.603: [CMS-concurrent-sweep-start]
2020-08-02T08:14:40.372+0800: 12518464.350: [CMS-concurrent-sweep: 1.747/1.747 secs] [Times: user=1.95 sys=0.15, real=1.75 secs] 
2020-08-02T08:14:40.373+0800: 12518464.350: [CMS-concurrent-reset-start]
2020-08-02T08:14:40.392+0800: 12518464.370: [CMS-concurrent-reset: 0.019/0.019 secs] [Times: user=0.02 sys=0.01, real=0.02 secs] 
2020-08-02T08:14:42.392+0800: 12518466.370: [GC (CMS Initial Mark) [1 CMS-initial-mark: 4346164K(5472256K)] 4637850K(6209536K), 0.0191274 secs] [Times: user=0.14 sys=0.00, real=0.02 secs] 
2020-08-02T08:14:42.412+0800: 12518466.389: [CMS-concurrent-mark-start]
2020-08-02T08:14:46.483+0800: 12518470.461: [CMS-concurrent-mark: 4.072/4.072 secs] [Times: user=8.75 sys=0.41, real=4.07 secs] 
2020-08-02T08:14:46.483+0800: 12518470.461: [CMS-concurrent-preclean-start]
2020-08-02T08:14:46.492+0800: 12518470.469: [CMS-concurrent-preclean: 0.008/0.008 secs] [Times: user=0.01 sys=0.00, real=0.01 secs] 
2020-08-02T08:14:46.492+0800: 12518470.469: [CMS-concurrent-abortable-preclean-start]
 CMS: abort preclean due to time 2020-08-02T08:14:51.559+0800: 12518475.537: [CMS-concurrent-abortable-preclean: 4.266/5.067 secs] [Times: user=4.83 sys=0.52, real=5.07 secs] 
2020-08-02T08:14:51.560+0800: 12518475.538: [GC (CMS Final Remark) [YG occupancy: 478171 K (737280 K)]2020-08-02T08:14:51.560+0800: 12518475.538: [Rescan (parallel) , 0.0348051 secs]2020-08-02T08:14:51.595+0800: 12518475.573: [weak refs processing, 0.0000505 secs]2020-08-02T08:14:51.595+0800: 12518475.573: [class unloading, 0.0184115 secs]2020-08-02T08:14:51.614+0800: 12518475.592: [scrub symbol table, 0.0064068 secs]2020-08-02T08:14:51.620+0800: 12518475.598: [scrub string table, 0.0008747 secs][1 CMS-remark: 4346164K(5472256K)] 4824336K(6209536K), 0.0607337 secs] [Times: user=0.27 sys=0.00, real=0.06 secs] 
2020-08-02T08:14:51.621+0800: 12518475.599: [CMS-concurrent-sweep-start]
2020-08-02T08:14:53.178+0800: 12518477.156: [CMS-concurrent-sweep: 1.557/1.557 secs] [Times: user=1.79 sys=0.11, real=1.55 secs] 
2020-08-02T08:14:53.178+0800: 12518477.156: [CMS-concurrent-reset-start]
2020-08-02T08:14:53.197+0800: 12518477.175: [CMS-concurrent-reset: 0.019/0.019 secs] [Times: user=0.02 sys=0.00, real=0.02 secs] 
2020-08-02T08:14:55.198+0800: 12518479.175: [GC (CMS Initial Mark) [1 CMS-initial-mark: 4345305K(5472256K)] 4953282K(6209536K), 0.0398786 secs] [Times: user=0.27 sys=0.01, real=0.04 secs] 
2020-08-02T08:14:55.238+0800: 12518479.216: [CMS-concurrent-mark-start]
2020-08-02T08:14:58.007+0800: 12518481.985: [CMS-concurrent-mark: 2.769/2.769 secs] [Times: user=6.01 sys=0.14, real=2.78 secs] 
2020-08-02T08:14:58.007+0800: 12518481.985: [CMS-concurrent-preclean-start]
2020-08-02T08:14:58.015+0800: 12518481.993: [CMS-concurrent-preclean: 0.008/0.008 secs] [Times: user=0.01 sys=0.00, real=0.00 secs] 
2020-08-02T08:14:58.015+0800: 12518481.993: [CMS-concurrent-abortable-preclean-start]
2020-08-02T08:15:00.437+0800: 12518484.415: [GC (Allocation Failure) 2020-08-02T08:15:00.437+0800: 12518484.415: [ParNew: 737280K->74385K(737280K), 0.1300438 secs] 5082585K->4494698K(6209536K), 0.1301994 secs] [Times: user=0.83 sys=0.00, real=0.14 secs] 
 CMS: abort preclean due to time 2020-08-02T08:15:04.769+0800: 12518488.746: [CMS-concurrent-abortable-preclean: 3.160/6.753 secs] [Times: user=4.65 sys=0.35, real=6.76 secs] 
2020-08-02T08:15:04.770+0800: 12518488.748: [GC (CMS Final Remark) [YG occupancy: 128821 K (737280 K)]2020-08-02T08:15:04.772+0800: 12518488.749: [Rescan (parallel) , 0.0104468 secs]2020-08-02T08:15:04.782+0800: 12518488.760: [weak refs processing, 0.0000434 secs]2020-08-02T08:15:04.782+0800: 12518488.760: [class unloading, 0.0169456 secs]2020-08-02T08:15:04.799+0800: 12518488.777: [scrub symbol table, 0.0062409 secs]2020-08-02T08:15:04.805+0800: 12518488.783: [scrub string table, 0.0008443 secs][1 CMS-remark: 4420312K(5472256K)] 4549134K(6209536K), 0.0363092 secs] [Times: user=0.09 sys=0.01, real=0.03 secs] 
2020-08-02T08:15:04.807+0800: 12518488.784: [CMS-concurrent-sweep-start]
2020-08-02T08:15:06.396+0800: 12518490.374: [CMS-concurrent-sweep: 1.590/1.590 secs] [Times: user=1.86 sys=0.14, real=1.58 secs] 
2020-08-02T08:15:06.396+0800: 12518490.374: [CMS-concurrent-reset-start]
2020-08-02T08:15:06.416+0800: 12518490.393: [CMS-concurrent-reset: 0.019/0.019 secs] [Times: user=0.02 sys=0.00, real=0.02 secs] 
2020-08-02T08:15:08.416+0800: 12518492.394: [GC (CMS Initial Mark) [1 CMS-initial-mark: 4420305K(5472256K)] 4688516K(6209536K), 0.0145400 secs] [Times: user=0.10 sys=0.01, real=0.02 secs] 
2020-08-02T08:15:08.431+0800: 12518492.409: [CMS-concurrent-mark-start]
2020-08-02T08:15:11.292+0800: 12518495.270: [CMS-concurrent-mark: 2.861/2.861 secs] [Times: user=6.46 sys=0.35, real=2.86 secs] 
2020-08-02T08:15:11.292+0800: 12518495.270: [CMS-concurrent-preclean-start]
2020-08-02T08:15:11.300+0800: 12518495.278: [CMS-concurrent-preclean: 0.008/0.008 secs] [Times: user=0.01 sys=0.00, real=0.01 secs] 
2020-08-02T08:15:11.300+0800: 12518495.278: [CMS-concurrent-abortable-preclean-start]
 CMS: abort preclean due to time 2020-08-02T08:15:16.377+0800: 12518500.355: [CMS-concurrent-abortable-preclean: 3.576/5.077 secs] [Times: user=4.65 sys=0.74, real=5.07 secs] 
2020-08-02T08:15:16.378+0800: 12518500.356: [GC (CMS Final Remark) [YG occupancy: 614203 K (737280 K)]2020-08-02T08:15:16.379+0800: 12518500.356: [Rescan (parallel) , 0.0355205 secs]2020-08-02T08:15:16.414+0800: 12518500.392: [weak refs processing, 0.0000685 secs]2020-08-02T08:15:16.414+0800: 12518500.392: [class unloading, 0.0171469 secs]2020-08-02T08:15:16.431+0800: 12518500.409: [scrub symbol table, 0.0061573 secs]2020-08-02T08:15:16.438+0800: 12518500.415: [scrub string table, 0.0008877 secs][1 CMS-remark: 4420305K(5472256K)] 5034509K(6209536K), 0.0599822 secs] [Times: user=0.30 sys=0.00, real=0.06 secs] 
2020-08-02T08:15:16.439+0800: 12518500.416: [CMS-concurrent-sweep-start]
2020-08-02T08:15:18.072+0800: 12518502.050: [CMS-concurrent-sweep: 1.634/1.634 secs] [Times: user=1.90 sys=0.20, real=1.63 secs] 
2020-08-02T08:15:18.072+0800: 12518502.050: [CMS-concurrent-reset-start]
2020-08-02T08:15:18.092+0800: 12518502.070: [CMS-concurrent-reset: 0.019/0.019 secs] [Times: user=0.02 sys=0.00, real=0.02 secs] 
2020-08-02T08:15:20.092+0800: 12518504.070: [GC (CMS Initial Mark) [1 CMS-initial-mark: 4419831K(5472256K)] 5113560K(6209536K), 0.0425502 secs] [Times: user=0.28 sys=0.00, real=0.04 secs] 
2020-08-02T08:15:20.135+0800: 12518504.113: [CMS-concurrent-mark-start]
2020-08-02T08:15:21.373+0800: 12518505.351: [GC (Allocation Failure) 2020-08-02T08:15:21.374+0800: 12518505.351: [ParNew: 729745K->81920K(737280K), 0.0654826 secs] 5149577K->4505250K(6209536K), 0.0656361 secs] [Times: user=0.49 sys=0.00, real=0.07 secs] 
2020-08-02T08:15:22.852+0800: 12518506.830: [CMS-concurrent-mark: 2.649/2.717 secs] [Times: user=6.32 sys=0.22, real=2.72 secs] 
2020-08-02T08:15:22.852+0800: 12518506.830: [CMS-concurrent-preclean-start]
2020-08-02T08:15:22.868+0800: 12518506.846: [CMS-concurrent-preclean: 0.015/0.016 secs] [Times: user=0.02 sys=0.00, real=0.02 secs] 
2020-08-02T08:15:22.868+0800: 12518506.846: [CMS-concurrent-abortable-preclean-start]
 CMS: abort preclean due to time 2020-08-02T08:15:28.071+0800: 12518512.049: [CMS-concurrent-abortable-preclean: 4.202/5.203 secs] [Times: user=5.06 sys=0.52, real=5.20 secs] 
2020-08-02T08:15:28.072+0800: 12518512.050: [GC (CMS Final Remark) [YG occupancy: 329060 K (737280 K)]2020-08-02T08:15:28.073+0800: 12518512.050: [Rescan (parallel) , 0.0247309 secs]2020-08-02T08:15:28.097+0800: 12518512.075: [weak refs processing, 0.0000497 secs]2020-08-02T08:15:28.097+0800: 12518512.075: [class unloading, 0.0177524 secs]2020-08-02T08:15:28.115+0800: 12518512.093: [scrub symbol table, 0.0063843 secs]2020-08-02T08:15:28.122+0800: 12518512.099: [scrub string table, 0.0008869 secs][1 CMS-remark: 4423330K(5472256K)] 4752391K(6209536K), 0.0499974 secs] [Times: user=0.20 sys=0.00, real=0.05 secs] 
2020-08-02T08:15:28.123+0800: 12518512.101: [CMS-concurrent-sweep-start]
2020-08-02T08:15:29.717+0800: 12518513.694: [CMS-concurrent-sweep: 1.587/1.594 secs] [Times: user=1.85 sys=0.19, real=1.59 secs] 
2020-08-02T08:15:29.717+0800: 12518513.694: [CMS-concurrent-reset-start]
2020-08-02T08:15:29.736+0800: 12518513.713: [CMS-concurrent-reset: 0.019/0.019 secs] [Times: user=0.02 sys=0.00, real=0.02 secs] 
2020-08-02T08:15:31.736+0800: 12518515.714: [GC (CMS Initial Mark) [1 CMS-initial-mark: 4423319K(5472256K)] 4876109K(6209536K), 0.0304821 secs] [Times: user=0.20 sys=0.00, real=0.04 secs] 
2020-08-02T08:15:31.767+0800: 12518515.745: [CMS-concurrent-mark-start]
2020-08-02T08:15:34.483+0800: 12518518.461: [CMS-concurrent-mark: 2.717/2.717 secs] [Times: user=6.00 sys=0.22, real=2.71 secs] 
2020-08-02T08:15:34.484+0800: 12518518.461: [CMS-concurrent-preclean-start]
2020-08-02T08:15:34.491+0800: 12518518.469: [CMS-concurrent-preclean: 0.008/0.008 secs] [Times: user=0.02 sys=0.00, real=0.01 secs] 
2020-08-02T08:15:34.491+0800: 12518518.469: [CMS-concurrent-abortable-preclean-start]
2020-08-02T08:15:38.829+0800: 12518522.807: [GC (Allocation Failure) 2020-08-02T08:15:38.829+0800: 12518522.807: [ParNew: 737280K->81920K(737280K), 0.1195490 secs] 5160599K->4551182K(6209536K), 0.1197243 secs] [Times: user=0.79 sys=0.00, real=0.12 secs] 
 CMS: abort preclean due to time 2020-08-02T08:15:39.703+0800: 12518523.680: [CMS-concurrent-abortable-preclean: 4.285/5.211 secs] [Times: user=5.99 sys=0.61, real=5.21 secs] 
2020-08-02T08:15:39.704+0800: 12518523.682: [GC (CMS Final Remark) [YG occupancy: 100066 K (737280 K)]2020-08-02T08:15:39.704+0800: 12518523.682: [Rescan (parallel) , 0.0147246 secs]2020-08-02T08:15:39.719+0800: 12518523.697: [weak refs processing, 0.0000612 secs]2020-08-02T08:15:39.719+0800: 12518523.697: [class unloading, 0.0177367 secs]2020-08-02T08:15:39.737+0800: 12518523.715: [scrub symbol table, 0.0069245 secs]2020-08-02T08:15:39.744+0800: 12518523.721: [scrub string table, 0.0011730 secs][1 CMS-remark: 4469262K(5472256K)] 4569329K(6209536K), 0.0407919 secs] [Times: user=0.12 sys=0.00, real=0.04 secs] 
2020-08-02T08:15:39.745+0800: 12518523.723: [CMS-concurrent-sweep-start]
2020-08-02T08:15:41.408+0800: 12518525.385: [CMS-concurrent-sweep: 1.662/1.662 secs] [Times: user=1.86 sys=0.23, real=1.67 secs] 
2020-08-02T08:15:41.408+0800: 12518525.385: [CMS-concurrent-reset-start]
2020-08-02T08:15:41.427+0800: 12518525.404: [CMS-concurrent-reset: 0.019/0.019 secs] [Times: user=0.02 sys=0.00, real=0.02 secs] 
2020-08-02T08:15:43.427+0800: 12518527.405: [GC (CMS Initial Mark) [1 CMS-initial-mark: 4468858K(5472256K)] 4679860K(6209536K), 0.0148975 secs] [Times: user=0.10 sys=0.00, real=0.01 secs] 
2020-08-02T08:15:43.442+0800: 12518527.420: [CMS-concurrent-mark-start]
2020-08-02T08:15:46.122+0800: 12518530.100: [CMS-concurrent-mark: 2.680/2.680 secs] [Times: user=6.19 sys=0.26, real=2.68 secs] 
2020-08-02T08:15:46.122+0800: 12518530.100: [CMS-concurrent-preclean-start]
2020-08-02T08:15:46.130+0800: 12518530.108: [CMS-concurrent-preclean: 0.008/0.008 secs] [Times: user=0.01 sys=0.01, real=0.01 secs] 
2020-08-02T08:15:46.130+0800: 12518530.108: [CMS-concurrent-abortable-preclean-start]
 CMS: abort preclean due to time 2020-08-02T08:15:51.242+0800: 12518535.220: [CMS-concurrent-abortable-preclean: 4.311/5.112 secs] [Times: user=5.17 sys=0.48, real=5.11 secs] 
2020-08-02T08:15:51.244+0800: 12518535.221: [GC (CMS Final Remark) [YG occupancy: 563611 K (737280 K)]2020-08-02T08:15:51.244+0800: 12518535.221: [Rescan (parallel) , 0.0388770 secs]2020-08-02T08:15:51.283+0800: 12518535.260: [weak refs processing, 0.0000582 secs]2020-08-02T08:15:51.283+0800: 12518535.260: [class unloading, 0.0176991 secs]2020-08-02T08:15:51.300+0800: 12518535.278: [scrub symbol table, 0.0063741 secs]2020-08-02T08:15:51.307+0800: 12518535.285: [scrub string table, 0.0008586 secs][1 CMS-remark: 4468858K(5472256K)] 5032470K(6209536K), 0.0640578 secs] [Times: user=0.31 sys=0.00, real=0.07 secs] 
2020-08-02T08:15:51.308+0800: 12518535.286: [CMS-concurrent-sweep-start]
2020-08-02T08:15:52.952+0800: 12518536.930: [CMS-concurrent-sweep: 1.644/1.644 secs] [Times: user=1.97 sys=0.16, real=1.64 secs] 
2020-08-02T08:15:52.952+0800: 12518536.930: [CMS-concurrent-reset-start]
2020-08-02T08:15:52.970+0800: 12518536.948: [CMS-concurrent-reset: 0.019/0.019 secs] [Times: user=0.02 sys=0.01, real=0.02 secs] 
2020-08-02T08:15:54.971+0800: 12518538.949: [GC (CMS Initial Mark) [1 CMS-initial-mark: 4468411K(5472256K)] 5175571K(6209536K), 0.0416956 secs] [Times: user=0.30 sys=0.00, real=0.04 secs] 
2020-08-02T08:15:55.013+0800: 12518538.991: [CMS-concurrent-mark-start]
2020-08-02T08:15:55.609+0800: 12518539.587: [GC (Allocation Failure) 2020-08-02T08:15:55.609+0800: 12518539.587: [ParNew: 737280K->71196K(737280K), 0.1319867 secs] 5205691K->4612123K(6209536K), 0.1321565 secs] [Times: user=0.84 sys=0.00, real=0.13 secs] 
2020-08-02T08:15:59.286+0800: 12518543.264: [CMS-concurrent-mark: 4.139/4.273 secs] [Times: user=10.16 sys=0.44, real=4.27 secs] 
2020-08-02T08:15:59.286+0800: 12518543.264: [CMS-concurrent-preclean-start]
2020-08-02T08:15:59.341+0800: 12518543.318: [CMS-concurrent-preclean: 0.054/0.055 secs] [Times: user=0.09 sys=0.01, real=0.06 secs] 
2020-08-02T08:15:59.341+0800: 12518543.319: [CMS-concurrent-abortable-preclean-start]
 CMS: abort preclean due to time 2020-08-02T08:16:04.580+0800: 12518548.558: [CMS-concurrent-abortable-preclean: 3.638/5.239 secs] [Times: user=4.68 sys=0.60, real=5.24 secs] 
2020-08-02T08:16:04.581+0800: 12518548.559: [GC (CMS Final Remark) [YG occupancy: 492935 K (737280 K)]2020-08-02T08:16:04.581+0800: 12518548.559: [Rescan (parallel) , 0.0308218 secs]2020-08-02T08:16:04.612+0800: 12518548.590: [weak refs processing, 0.0000445 secs]2020-08-02T08:16:04.612+0800: 12518548.590: [class unloading, 0.0172414 secs]2020-08-02T08:16:04.630+0800: 12518548.607: [scrub symbol table, 0.0062704 secs]2020-08-02T08:16:04.636+0800: 12518548.614: [scrub string table, 0.0009024 secs][1 CMS-remark: 4540927K(5472256K)] 5033862K(6209536K), 0.0554489 secs] [Times: user=0.27 sys=0.00, real=0.05 secs] 
2020-08-02T08:16:04.637+0800: 12518548.615: [CMS-concurrent-sweep-start]
2020-08-02T08:16:06.292+0800: 12518550.270: [CMS-concurrent-sweep: 1.655/1.655 secs] [Times: user=2.05 sys=0.32, real=1.66 secs] 
2020-08-02T08:16:06.292+0800: 12518550.270: [CMS-concurrent-reset-start]
2020-08-02T08:16:06.311+0800: 12518550.289: [CMS-concurrent-reset: 0.019/0.019 secs] [Times: user=0.02 sys=0.00, real=0.02 secs] 
2020-08-02T08:16:08.312+0800: 12518552.290: [GC (CMS Initial Mark) [1 CMS-initial-mark: 4540908K(5472256K)] 5187697K(6209536K), 0.0363279 secs] [Times: user=0.26 sys=0.00, real=0.04 secs] 
2020-08-02T08:16:08.348+0800: 12518552.326: [CMS-concurrent-mark-start]
2020-08-02T08:16:10.505+0800: 12518554.482: [GC (Allocation Failure) 2020-08-02T08:16:10.505+0800: 12518554.482: [ParNew: 726556K->81920K(737280K), 0.0878439 secs] 5267464K->4628074K(6209536K), 0.0880139 secs] [Times: user=0.50 sys=0.00, real=0.09 secs] 
2020-08-02T08:16:12.628+0800: 12518556.605: [CMS-concurrent-mark: 4.190/4.279 secs] [Times: user=9.72 sys=0.52, real=4.28 secs] 
2020-08-02T08:16:12.628+0800: 12518556.606: [CMS-concurrent-preclean-start]
2020-08-02T08:16:12.640+0800: 12518556.618: [CMS-concurrent-preclean: 0.012/0.012 secs] [Times: user=0.01 sys=0.00, real=0.01 secs] 
2020-08-02T08:16:12.640+0800: 12518556.618: [CMS-concurrent-abortable-preclean-start]
 CMS: abort preclean due to time 2020-08-02T08:16:17.805+0800: 12518561.783: [CMS-concurrent-abortable-preclean: 4.665/5.165 secs] [Times: user=5.35 sys=0.55, real=5.16 secs] 
2020-08-02T08:16:17.807+0800: 12518561.784: [GC (CMS Final Remark) [YG occupancy: 274712 K (737280 K)]2020-08-02T08:16:17.807+0800: 12518561.784: [Rescan (parallel) , 0.0345734 secs]2020-08-02T08:16:17.841+0800: 12518561.819: [weak refs processing, 0.0000656 secs]2020-08-02T08:16:17.841+0800: 12518561.819: [class unloading, 0.0242760 secs]2020-08-02T08:16:17.866+0800: 12518561.843: [scrub symbol table, 0.0085562 secs]2020-08-02T08:16:17.874+0800: 12518561.852: [scrub string table, 0.0012647 secs][1 CMS-remark: 4546154K(5472256K)] 4820867K(6209536K), 0.0689489 secs] [Times: user=0.20 sys=0.00, real=0.06 secs] 
2020-08-02T08:16:17.876+0800: 12518561.854: [CMS-concurrent-sweep-start]
2020-08-02T08:16:19.575+0800: 12518563.553: [CMS-concurrent-sweep: 1.698/1.698 secs] [Times: user=1.93 sys=0.19, real=1.70 secs] 
2020-08-02T08:16:19.575+0800: 12518563.553: [CMS-concurrent-reset-start]
2020-08-02T08:16:19.595+0800: 12518563.572: [CMS-concurrent-reset: 0.020/0.020 secs] [Times: user=0.02 sys=0.00, real=0.02 secs] 
2020-08-02T08:16:21.595+0800: 12518565.573: [GC (CMS Initial Mark) [1 CMS-initial-mark: 4545623K(5472256K)] 4922911K(6209536K), 0.0229085 secs] [Times: user=0.16 sys=0.00, real=0.02 secs] 
2020-08-02T08:16:21.618+0800: 12518565.596: [CMS-concurrent-mark-start]
2020-08-02T08:16:24.497+0800: 12518568.475: [CMS-concurrent-mark: 2.879/2.879 secs] [Times: user=6.52 sys=0.43, real=2.88 secs] 
2020-08-02T08:16:24.497+0800: 12518568.475: [CMS-concurrent-preclean-start]
2020-08-02T08:16:24.505+0800: 12518568.483: [CMS-concurrent-preclean: 0.008/0.009 secs] [Times: user=0.02 sys=0.00, real=0.01 secs] 
2020-08-02T08:16:24.505+0800: 12518568.483: [CMS-concurrent-abortable-preclean-start]
2020-08-02T08:16:28.909+0800: 12518572.887: [GC (Allocation Failure) 2020-08-02T08:16:28.909+0800: 12518572.887: [ParNew: 737280K->81920K(737280K), 0.1126879 secs] 5282903K->4670057K(6209536K), 0.1128308 secs] [Times: user=0.71 sys=0.00, real=0.11 secs] 
 CMS: abort preclean due to time 2020-08-02T08:16:29.779+0800: 12518573.756: [CMS-concurrent-abortable-preclean: 4.152/5.273 secs] [Times: user=6.13 sys=0.72, real=5.28 secs] 
2020-08-02T08:16:29.780+0800: 12518573.758: [GC (CMS Final Remark) [YG occupancy: 139845 K (737280 K)]2020-08-02T08:16:29.780+0800: 12518573.758: [Rescan (parallel) , 0.0152903 secs]2020-08-02T08:16:29.795+0800: 12518573.773: [weak refs processing, 0.0000461 secs]2020-08-02T08:16:29.795+0800: 12518573.773: [class unloading, 0.0172343 secs]2020-08-02T08:16:29.813+0800: 12518573.791: [scrub symbol table, 0.0061743 secs]2020-08-02T08:16:29.819+0800: 12518573.797: [scrub string table, 0.0008952 secs][1 CMS-remark: 4588137K(5472256K)] 4727982K(6209536K), 0.0397982 secs] [Times: user=0.14 sys=0.00, real=0.04 secs] 
2020-08-02T08:16:29.820+0800: 12518573.798: [CMS-concurrent-sweep-start]
2020-08-02T08:16:31.559+0800: 12518575.537: [CMS-concurrent-sweep: 1.739/1.739 secs] [Times: user=2.01 sys=0.22, real=1.74 secs] 
2020-08-02T08:16:31.559+0800: 12518575.537: [CMS-concurrent-reset-start]
2020-08-02T08:16:31.578+0800: 12518575.556: [CMS-concurrent-reset: 0.018/0.018 secs] [Times: user=0.02 sys=0.00, real=0.01 secs] 
2020-08-02T08:16:33.579+0800: 12518577.556: [GC (CMS Initial Mark) [1 CMS-initial-mark: 4587706K(5472256K)] 4958295K(6209536K), 0.0231036 secs] [Times: user=0.16 sys=0.00, real=0.02 secs] 
2020-08-02T08:16:33.602+0800: 12518577.580: [CMS-concurrent-mark-start]
2020-08-02T08:16:36.336+0800: 12518580.314: [CMS-concurrent-mark: 2.734/2.734 secs] [Times: user=6.01 sys=0.24, real=2.73 secs] 
2020-08-02T08:16:36.336+0800: 12518580.314: [CMS-concurrent-preclean-start]
2020-08-02T08:16:36.344+0800: 12518580.322: [CMS-concurrent-preclean: 0.008/0.008 secs] [Times: user=0.01 sys=0.00, real=0.01 secs] 
2020-08-02T08:16:36.344+0800: 12518580.322: [CMS-concurrent-abortable-preclean-start]
 CMS: abort preclean due to time 2020-08-02T08:16:41.602+0800: 12518585.579: [CMS-concurrent-abortable-preclean: 4.556/5.258 secs] [Times: user=5.31 sys=0.77, real=5.26 secs] 
2020-08-02T08:16:41.603+0800: 12518585.581: [GC (CMS Final Remark) [YG occupancy: 607706 K (737280 K)]2020-08-02T08:16:41.603+0800: 12518585.581: [Rescan (parallel) , 0.0436306 secs]2020-08-02T08:16:41.647+0800: 12518585.625: [weak refs processing, 0.0000517 secs]2020-08-02T08:16:41.647+0800: 12518585.625: [class unloading, 0.0172920 secs]2020-08-02T08:16:41.664+0800: 12518585.642: [scrub symbol table, 0.0062237 secs]2020-08-02T08:16:41.671+0800: 12518585.648: [scrub string table, 0.0008674 secs][1 CMS-remark: 4587706K(5472256K)] 5195413K(6209536K), 0.0682408 secs] [Times: user=0.32 sys=0.00, real=0.07 secs] 
2020-08-02T08:16:41.672+0800: 12518585.649: [CMS-concurrent-sweep-start]
2020-08-02T08:16:43.480+0800: 12518587.458: [CMS-concurrent-sweep: 1.808/1.808 secs] [Times: user=2.07 sys=0.18, real=1.81 secs] 
2020-08-02T08:16:43.480+0800: 12518587.458: [CMS-concurrent-reset-start]
2020-08-02T08:16:43.499+0800: 12518587.477: [CMS-concurrent-reset: 0.019/0.019 secs] [Times: user=0.03 sys=0.00, real=0.02 secs] 
2020-08-02T08:16:45.500+0800: 12518589.478: [GC (CMS Initial Mark) [1 CMS-initial-mark: 4586933K(5472256K)] 5307335K(6209536K), 0.0403986 secs] [Times: user=0.30 sys=0.00, real=0.04 secs] 
2020-08-02T08:16:45.540+0800: 12518589.518: [CMS-concurrent-mark-start]
2020-08-02T08:16:46.015+0800: 12518589.993: [GC (Allocation Failure) 2020-08-02T08:16:46.015+0800: 12518589.993: [ParNew: 737280K->81920K(737280K), 0.1203261 secs] 5324213K->4711290K(6209536K), 0.1204776 secs] [Times: user=0.73 sys=0.01, real=0.12 secs] 
2020-08-02T08:16:48.818+0800: 12518592.796: [CMS-concurrent-mark: 3.156/3.278 secs] [Times: user=7.76 sys=0.44, real=3.27 secs] 
2020-08-02T08:16:48.818+0800: 12518592.796: [CMS-concurrent-preclean-start]
2020-08-02T08:16:48.857+0800: 12518592.835: [CMS-concurrent-preclean: 0.038/0.039 secs] [Times: user=0.04 sys=0.01, real=0.04 secs] 
2020-08-02T08:16:48.857+0800: 12518592.835: [CMS-concurrent-abortable-preclean-start]
 CMS: abort preclean due to time 2020-08-02T08:16:54.133+0800: 12518598.110: [CMS-concurrent-abortable-preclean: 4.572/5.276 secs] [Times: user=5.33 sys=0.61, real=5.28 secs] 
2020-08-02T08:16:54.134+0800: 12518598.112: [GC (CMS Final Remark) [YG occupancy: 347439 K (737280 K)]2020-08-02T08:16:54.134+0800: 12518598.112: [Rescan (parallel) , 0.0266989 secs]2020-08-02T08:16:54.161+0800: 12518598.139: [weak refs processing, 0.0000377 secs]2020-08-02T08:16:54.161+0800: 12518598.139: [class unloading, 0.0183708 secs]2020-08-02T08:16:54.179+0800: 12518598.157: [scrub symbol table, 0.0062669 secs]2020-08-02T08:16:54.185+0800: 12518598.163: [scrub string table, 0.0009219 secs][1 CMS-remark: 4629370K(5472256K)] 4976810K(6209536K), 0.0524713 secs] [Times: user=0.20 sys=0.00, real=0.05 secs] 
2020-08-02T08:16:54.187+0800: 12518598.164: [CMS-concurrent-sweep-start]
2020-08-02T08:16:55.841+0800: 12518599.819: [CMS-concurrent-sweep: 1.655/1.655 secs] [Times: user=1.91 sys=0.13, real=1.65 secs] 
2020-08-02T08:16:55.841+0800: 12518599.819: [CMS-concurrent-reset-start]
2020-08-02T08:16:55.860+0800: 12518599.838: [CMS-concurrent-reset: 0.019/0.019 secs] [Times: user=0.02 sys=0.00, real=0.02 secs] 
2020-08-02T08:16:57.860+0800: 12518601.838: [GC (CMS Initial Mark) [1 CMS-initial-mark: 4629366K(5472256K)] 5092697K(6209536K), 0.0270824 secs] [Times: user=0.20 sys=0.00, real=0.03 secs] 
2020-08-02T08:16:57.888+0800: 12518601.866: [CMS-concurrent-mark-start]
2020-08-02T08:17:00.902+0800: 12518604.880: [CMS-concurrent-mark: 3.015/3.015 secs] [Times: user=6.82 sys=0.45, real=3.01 secs] 
2020-08-02T08:17:00.902+0800: 12518604.880: [CMS-concurrent-preclean-start]
2020-08-02T08:17:00.910+0800: 12518604.888: [CMS-concurrent-preclean: 0.008/0.008 secs] [Times: user=0.01 sys=0.00, real=0.01 secs] 
2020-08-02T08:17:00.910+0800: 12518604.888: [CMS-concurrent-abortable-preclean-start]
2020-08-02T08:17:05.876+0800: 12518609.854: [GC (Allocation Failure) 2020-08-02T08:17:05.876+0800: 12518609.854: [ParNew: 737280K->81920K(737280K), 0.1158796 secs] 5366646K->4749764K(6209536K), 0.1160315 secs] [Times: user=0.70 sys=0.00, real=0.12 secs] 
 CMS: abort preclean due to time 2020-08-02T08:17:06.033+0800: 12518610.011: [CMS-concurrent-abortable-preclean: 4.204/5.123 secs] [Times: user=5.79 sys=0.76, real=5.12 secs] 
2020-08-02T08:17:06.035+0800: 12518610.013: [GC (CMS Final Remark) [YG occupancy: 95607 K (737280 K)]2020-08-02T08:17:06.035+0800: 12518610.013: [Rescan (parallel) , 0.0141850 secs]2020-08-02T08:17:06.049+0800: 12518610.027: [weak refs processing, 0.0000447 secs]2020-08-02T08:17:06.049+0800: 12518610.027: [class unloading, 0.0177496 secs]2020-08-02T08:17:06.067+0800: 12518610.045: [scrub symbol table, 0.0065539 secs]2020-08-02T08:17:06.074+0800: 12518610.051: [scrub string table, 0.0008718 secs][1 CMS-remark: 4667844K(5472256K)] 4763451K(6209536K), 0.0395334 secs] [Times: user=0.13 sys=0.00, real=0.04 secs] 
2020-08-02T08:17:06.075+0800: 12518610.053: [CMS-concurrent-sweep-start]
2020-08-02T08:17:07.806+0800: 12518611.784: [CMS-concurrent-sweep: 1.730/1.731 secs] [Times: user=2.02 sys=0.25, real=1.73 secs] 
2020-08-02T08:17:07.806+0800: 12518611.784: [CMS-concurrent-reset-start]
2020-08-02T08:17:07.825+0800: 12518611.803: [CMS-concurrent-reset: 0.019/0.019 secs] [Times: user=0.02 sys=0.01, real=0.02 secs] 
2020-08-02T08:17:09.825+0800: 12518613.803: [GC (CMS Initial Mark) [1 CMS-initial-mark: 4667119K(5472256K)] 4908658K(6209536K), 0.0157844 secs] [Times: user=0.10 sys=0.00, real=0.02 secs] 
2020-08-02T08:17:09.841+0800: 12518613.819: [CMS-concurrent-mark-start]
2020-08-02T08:17:12.710+0800: 12518616.688: [CMS-concurrent-mark: 2.869/2.869 secs] [Times: user=6.40 sys=0.31, real=2.87 secs] 
2020-08-02T08:17:12.710+0800: 12518616.688: [CMS-concurrent-preclean-start]
2020-08-02T08:17:12.718+0800: 12518616.696: [CMS-concurrent-preclean: 0.008/0.008 secs] [Times: user=0.01 sys=0.00, real=0.00 secs] 
2020-08-02T08:17:12.718+0800: 12518616.696: [CMS-concurrent-abortable-preclean-start]
 CMS: abort preclean due to time 2020-08-02T08:17:17.854+0800: 12518621.832: [CMS-concurrent-abortable-preclean: 4.633/5.136 secs] [Times: user=5.46 sys=0.42, real=5.14 secs] 
2020-08-02T08:17:17.856+0800: 12518621.834: [GC (CMS Final Remark) [YG occupancy: 509354 K (737280 K)]2020-08-02T08:17:17.856+0800: 12518621.834: [Rescan (parallel) , 0.0317574 secs]2020-08-02T08:17:17.888+0800: 12518621.865: [weak refs processing, 0.0000362 secs]2020-08-02T08:17:17.888+0800: 12518621.865: [class unloading, 0.0196027 secs]2020-08-02T08:17:17.907+0800: 12518621.885: [scrub symbol table, 0.0063834 secs]2020-08-02T08:17:17.914+0800: 12518621.891: [scrub string table, 0.0008882 secs][1 CMS-remark: 4667119K(5472256K)] 5176474K(6209536K), 0.0588441 secs] [Times: user=0.28 sys=0.00, real=0.06 secs] 
2020-08-02T08:17:17.915+0800: 12518621.893: [CMS-concurrent-sweep-start]
2020-08-02T08:17:19.627+0800: 12518623.605: [CMS-concurrent-sweep: 1.712/1.712 secs] [Times: user=1.96 sys=0.16, real=1.72 secs] 
2020-08-02T08:17:19.627+0800: 12518623.605: [CMS-concurrent-reset-start]
2020-08-02T08:17:19.646+0800: 12518623.624: [CMS-concurrent-reset: 0.019/0.019 secs] [Times: user=0.02 sys=0.01, real=0.01 secs] 
2020-08-02T08:17:21.647+0800: 12518625.625: [GC (CMS Initial Mark) [1 CMS-initial-mark: 4666427K(5472256K)] 5298028K(6209536K), 0.0389774 secs] [Times: user=0.26 sys=0.00, real=0.03 secs] 
2020-08-02T08:17:21.686+0800: 12518625.664: [CMS-concurrent-mark-start]
2020-08-02T08:17:24.491+0800: 12518628.469: [CMS-concurrent-mark: 2.805/2.805 secs] [Times: user=6.06 sys=0.19, real=2.81 secs] 
2020-08-02T08:17:24.491+0800: 12518628.469: [CMS-concurrent-preclean-start]
2020-08-02T08:17:24.499+0800: 12518628.477: [CMS-concurrent-preclean: 0.008/0.008 secs] [Times: user=0.01 sys=0.00, real=0.01 secs] 
2020-08-02T08:17:24.499+0800: 12518628.477: [CMS-concurrent-abortable-preclean-start]
2020-08-02T08:17:25.231+0800: 12518629.209: [GC (Allocation Failure) 2020-08-02T08:17:25.231+0800: 12518629.209: [ParNew2020-08-02T08:17:25.321+0800: 12518629.299: [CMS-concurrent-abortable-preclean: 0.620/0.822 secs] [Times: user=1.40 sys=0.09, real=0.82 secs] 
: 737280K->81920K(737280K), 0.1004322 secs] 5403707K->4785925K(6209536K), 0.1005779 secs] [Times: user=0.68 sys=0.00, real=0.10 secs] 
2020-08-02T08:17:25.333+0800: 12518629.311: [GC (CMS Final Remark) [YG occupancy: 92939 K (737280 K)]2020-08-02T08:17:25.333+0800: 12518629.311: [Rescan (parallel) , 0.0232635 secs]2020-08-02T08:17:25.357+0800: 12518629.334: [weak refs processing, 0.0000361 secs]2020-08-02T08:17:25.357+0800: 12518629.334: [class unloading, 0.0176498 secs]2020-08-02T08:17:25.374+0800: 12518629.352: [scrub symbol table, 0.0063382 secs]2020-08-02T08:17:25.381+0800: 12518629.359: [scrub string table, 0.0008620 secs][1 CMS-remark: 4704005K(5472256K)] 4796945K(6209536K), 0.0482936 secs] [Times: user=0.18 sys=0.00, real=0.05 secs] 
2020-08-02T08:17:25.382+0800: 12518629.360: [CMS-concurrent-sweep-start]
2020-08-02T08:17:27.215+0800: 12518631.192: [CMS-concurrent-sweep: 1.833/1.833 secs] [Times: user=2.28 sys=0.18, real=1.83 secs] 
2020-08-02T08:17:27.215+0800: 12518631.193: [CMS-concurrent-reset-start]
2020-08-02T08:17:27.234+0800: 12518631.212: [CMS-concurrent-reset: 0.019/0.019 secs] [Times: user=0.01 sys=0.01, real=0.02 secs] 
2020-08-02T08:17:29.235+0800: 12518633.212: [GC (CMS Initial Mark) [1 CMS-initial-mark: 4703989K(5472256K)] 4939725K(6209536K), 0.0146177 secs] [Times: user=0.10 sys=0.01, real=0.02 secs] 
2020-08-02T08:17:29.249+0800: 12518633.227: [CMS-concurrent-mark-start]
2020-08-02T08:17:32.139+0800: 12518636.117: [CMS-concurrent-mark: 2.888/2.890 secs] [Times: user=6.37 sys=0.29, real=2.89 secs] 
2020-08-02T08:17:32.139+0800: 12518636.117: [CMS-concurrent-preclean-start]
2020-08-02T08:17:32.147+0800: 12518636.125: [CMS-concurrent-preclean: 0.008/0.008 secs] [Times: user=0.01 sys=0.00, real=0.01 secs] 
2020-08-02T08:17:32.148+0800: 12518636.125: [CMS-concurrent-abortable-preclean-start]
 CMS: abort preclean due to time 2020-08-02T08:17:37.419+0800: 12518641.397: [CMS-concurrent-abortable-preclean: 4.070/5.271 secs] [Times: user=4.95 sys=0.47, real=5.27 secs] 
2020-08-02T08:17:37.420+0800: 12518641.398: [GC (CMS Final Remark) [YG occupancy: 509257 K (737280 K)]2020-08-02T08:17:37.420+0800: 12518641.398: [Rescan (parallel) , 0.0400458 secs]2020-08-02T08:17:37.460+0800: 12518641.438: [weak refs processing, 0.0000401 secs]2020-08-02T08:17:37.460+0800: 12518641.438: [class unloading, 0.0173124 secs]2020-08-02T08:17:37.478+0800: 12518641.456: [scrub symbol table, 0.0062014 secs]2020-08-02T08:17:37.484+0800: 12518641.462: [scrub string table, 0.0008652 secs][1 CMS-remark: 4703989K(5472256K)] 5213247K(6209536K), 0.0646155 secs] [Times: user=0.32 sys=0.00, real=0.06 secs] 
2020-08-02T08:17:37.485+0800: 12518641.463: [CMS-concurrent-sweep-start]
2020-08-02T08:17:39.219+0800: 12518643.197: [CMS-concurrent-sweep: 1.734/1.734 secs] [Times: user=2.03 sys=0.12, real=1.74 secs] 
2020-08-02T08:17:39.220+0800: 12518643.197: [CMS-concurrent-reset-start]
2020-08-02T08:17:39.238+0800: 12518643.216: [CMS-concurrent-reset: 0.019/0.019 secs] [Times: user=0.02 sys=0.00, real=0.01 secs] 
2020-08-02T08:17:41.244+0800: 12518645.222: [GC (CMS Initial Mark) [1 CMS-initial-mark: 4702939K(5472256K)] 5312111K(6209536K), 0.0460065 secs] [Times: user=0.26 sys=0.00, real=0.05 secs] 
2020-08-02T08:17:41.290+0800: 12518645.268: [CMS-concurrent-mark-start]
2020-08-02T08:17:44.246+0800: 12518648.224: [CMS-concurrent-mark: 2.954/2.956 secs] [Times: user=6.40 sys=0.31, real=2.95 secs] 
2020-08-02T08:17:44.246+0800: 12518648.224: [CMS-concurrent-preclean-start]
2020-08-02T08:17:44.254+0800: 12518648.232: [CMS-concurrent-preclean: 0.008/0.008 secs] [Times: user=0.01 sys=0.00, real=0.01 secs] 
2020-08-02T08:17:44.254+0800: 12518648.232: [CMS-concurrent-abortable-preclean-start]
2020-08-02T08:17:45.786+0800: 12518649.764: [GC (Allocation Failure) 2020-08-02T08:17:45.786+0800: 12518649.764: [ParNew2020-08-02T08:17:45.867+0800: 12518649.845: [CMS-concurrent-abortable-preclean: 1.211/1.613 secs] [Times: user=2.03 sys=0.19, real=1.62 secs] 
: 737280K->81920K(737280K), 0.1148185 secs] 5440219K->4823538K(6209536K), 0.1149828 secs] [Times: user=0.75 sys=0.00, real=0.12 secs] 
2020-08-02T08:17:45.902+0800: 12518649.880: [GC (CMS Final Remark) [YG occupancy: 82090 K (737280 K)]2020-08-02T08:17:45.902+0800: 12518649.880: [Rescan (parallel) , 0.0167765 secs]2020-08-02T08:17:45.919+0800: 12518649.897: [weak refs processing, 0.0000383 secs]2020-08-02T08:17:45.919+0800: 12518649.897: [class unloading, 0.0182586 secs]2020-08-02T08:17:45.938+0800: 12518649.915: [scrub symbol table, 0.0073374 secs]2020-08-02T08:17:45.945+0800: 12518649.923: [scrub string table, 0.0008929 secs][1 CMS-remark: 4741618K(5472256K)] 4823708K(6209536K), 0.0435099 secs] [Times: user=0.14 sys=0.00, real=0.04 secs] 
2020-08-02T08:17:45.946+0800: 12518649.924: [CMS-concurrent-sweep-start]
2020-08-02T08:17:47.705+0800: 12518651.682: [CMS-concurrent-sweep: 1.757/1.758 secs] [Times: user=2.09 sys=0.14, real=1.76 secs] 
2020-08-02T08:17:47.705+0800: 12518651.683: [CMS-concurrent-reset-start]
2020-08-02T08:17:47.724+0800: 12518651.702: [CMS-concurrent-reset: 0.019/0.019 secs] [Times: user=0.02 sys=0.00, real=0.02 secs] 
2020-08-02T08:17:49.724+0800: 12518653.702: [GC (CMS Initial Mark) [1 CMS-initial-mark: 4741483K(5472256K)] 4935540K(6209536K), 0.0140264 secs] [Times: user=0.09 sys=0.00, real=0.01 secs] 
2020-08-02T08:17:49.738+0800: 12518653.716: [CMS-concurrent-mark-start]
2020-08-02T08:17:52.631+0800: 12518656.608: [CMS-concurrent-mark: 2.889/2.892 secs] [Times: user=6.16 sys=0.03, real=2.90 secs] 
2020-08-02T08:17:52.631+0800: 12518656.608: [CMS-concurrent-preclean-start]
2020-08-02T08:17:52.639+0800: 12518656.617: [CMS-concurrent-preclean: 0.009/0.009 secs] [Times: user=0.00 sys=0.00, real=0.01 secs] 
2020-08-02T08:17:52.639+0800: 12518656.617: [CMS-concurrent-abortable-preclean-start]
 CMS: abort preclean due to time 2020-08-02T08:17:58.034+0800: 12518662.012: [CMS-concurrent-abortable-preclean: 4.193/5.394 secs] [Times: user=4.88 sys=0.42, real=5.39 secs] 
2020-08-02T08:17:58.035+0800: 12518662.013: [GC (CMS Final Remark) [YG occupancy: 350159 K (737280 K)]2020-08-02T08:17:58.035+0800: 12518662.013: [Rescan (parallel) , 0.0241696 secs]2020-08-02T08:17:58.059+0800: 12518662.037: [weak refs processing, 0.0000564 secs]2020-08-02T08:17:58.059+0800: 12518662.037: [class unloading, 0.0169758 secs]2020-08-02T08:17:58.076+0800: 12518662.054: [scrub symbol table, 0.0061581 secs]2020-08-02T08:17:58.083+0800: 12518662.060: [scrub string table, 0.0008431 secs][1 CMS-remark: 4741483K(5472256K)] 5091642K(6209536K), 0.0483599 secs] [Times: user=0.22 sys=0.00, real=0.05 secs] 
2020-08-02T08:17:58.084+0800: 12518662.062: [CMS-concurrent-sweep-start]
2020-08-02T08:17:59.798+0800: 12518663.775: [CMS-concurrent-sweep: 1.714/1.714 secs] [Times: user=2.00 sys=0.13, real=1.71 secs] 
2020-08-02T08:17:59.798+0800: 12518663.775: [CMS-concurrent-reset-start]
2020-08-02T08:17:59.816+0800: 12518663.794: [CMS-concurrent-reset: 0.019/0.019 secs] [Times: user=0.02 sys=0.00, real=0.02 secs] 
2020-08-02T08:18:01.819+0800: 12518665.797: [GC (CMS Initial Mark) [1 CMS-initial-mark: 4740673K(5472256K)] 5234077K(6209536K), 0.0349175 secs] [Times: user=0.22 sys=0.00, real=0.03 secs] 
2020-08-02T08:18:01.854+0800: 12518665.832: [CMS-concurrent-mark-start]
2020-08-02T08:18:07.346+0800: 12518671.324: [CMS-concurrent-mark: 5.490/5.493 secs] [Times: user=6.76 sys=0.33, real=5.50 secs] 
2020-08-02T08:18:07.347+0800: 12518671.324: [CMS-concurrent-preclean-start]
2020-08-02T08:18:07.354+0800: 12518671.332: [CMS-concurrent-preclean: 0.008/0.008 secs] [Times: user=0.00 sys=0.00, real=0.00 secs] 
2020-08-02T08:18:07.354+0800: 12518671.332: [CMS-concurrent-abortable-preclean-start]
2020-08-02T08:18:12.558+0800: 12518676.536: [GC (Allocation Failure) 2020-08-02T08:18:12.559+0800: 12518676.536: [ParNew: 737280K->75731K(737280K), 0.1276179 secs] 5477953K->4891934K(6209536K), 0.1278061 secs] [Times: user=0.82 sys=0.00, real=0.13 secs] 
 CMS: abort preclean due to time 2020-08-02T08:18:12.755+0800: 12518676.733: [CMS-concurrent-abortable-preclean: 4.370/5.401 secs] [Times: user=6.09 sys=0.70, real=5.40 secs] 
2020-08-02T08:18:12.757+0800: 12518676.735: [GC (CMS Final Remark) [YG occupancy: 90061 K (737280 K)]2020-08-02T08:18:12.757+0800: 12518676.735: [Rescan (parallel) , 0.0124072 secs]2020-08-02T08:18:12.769+0800: 12518676.747: [weak refs processing, 0.0000404 secs]2020-08-02T08:18:12.770+0800: 12518676.747: [class unloading, 0.0183132 secs]2020-08-02T08:18:12.788+0800: 12518676.766: [scrub symbol table, 0.0070362 secs]2020-08-02T08:18:12.795+0800: 12518676.773: [scrub string table, 0.0009052 secs][1 CMS-remark: 4816202K(5472256K)] 4906264K(6209536K), 0.0388995 secs] [Times: user=0.11 sys=0.00, real=0.04 secs] 
2020-08-02T08:18:12.796+0800: 12518676.774: [CMS-concurrent-sweep-start]
2020-08-02T08:18:14.658+0800: 12518678.636: [CMS-concurrent-sweep: 1.862/1.862 secs] [Times: user=2.10 sys=0.33, real=1.86 secs] 
2020-08-02T08:18:14.658+0800: 12518678.636: [CMS-concurrent-reset-start]
2020-08-02T08:18:14.678+0800: 12518678.656: [CMS-concurrent-reset: 0.020/0.020 secs] [Times: user=0.03 sys=0.01, real=0.02 secs] 
2020-08-02T08:18:16.680+0800: 12518680.657: [GC (CMS Initial Mark) [1 CMS-initial-mark: 4816072K(5472256K)] 4975751K(6209536K), 0.0099283 secs] [Times: user=0.06 sys=0.00, real=0.01 secs] 
2020-08-02T08:18:16.690+0800: 12518680.668: [CMS-concurrent-mark-start]
2020-08-02T08:18:20.380+0800: 12518684.358: [CMS-concurrent-mark: 3.690/3.690 secs] [Times: user=7.92 sys=0.83, real=3.69 secs] 
2020-08-02T08:18:20.380+0800: 12518684.358: [CMS-concurrent-preclean-start]
2020-08-02T08:18:20.389+0800: 12518684.367: [CMS-concurrent-preclean: 0.009/0.009 secs] [Times: user=0.01 sys=0.00, real=0.01 secs] 
2020-08-02T08:18:20.389+0800: 12518684.367: [CMS-concurrent-abortable-preclean-start]
 CMS: abort preclean due to time 2020-08-02T08:18:25.498+0800: 12518689.476: [CMS-concurrent-abortable-preclean: 3.905/5.109 secs] [Times: user=4.53 sys=0.77, real=5.10 secs] 
2020-08-02T08:18:25.503+0800: 12518689.481: [GC (CMS Final Remark) [YG occupancy: 349444 K (737280 K)]2020-08-02T08:18:25.503+0800: 12518689.481: [Rescan (parallel) , 0.0238914 secs]2020-08-02T08:18:25.527+0800: 12518689.505: [weak refs processing, 0.0000502 secs]2020-08-02T08:18:25.527+0800: 12518689.505: [class unloading, 0.0178966 secs]2020-08-02T08:18:25.545+0800: 12518689.523: [scrub symbol table, 0.0069206 secs]2020-08-02T08:18:25.552+0800: 12518689.530: [scrub string table, 0.0009994 secs][1 CMS-remark: 4816072K(5472256K)] 5165516K(6209536K), 0.0500140 secs] [Times: user=0.18 sys=0.01, real=0.05 secs] 
2020-08-02T08:18:25.553+0800: 12518689.531: [CMS-concurrent-sweep-start]
2020-08-02T08:18:27.484+0800: 12518691.461: [CMS-concurrent-sweep: 1.930/1.930 secs] [Times: user=2.14 sys=0.29, real=1.93 secs] 
2020-08-02T08:18:27.484+0800: 12518691.462: [CMS-concurrent-reset-start]
2020-08-02T08:18:27.503+0800: 12518691.481: [CMS-concurrent-reset: 0.019/0.019 secs] [Times: user=0.02 sys=0.01, real=0.02 secs] 
2020-08-02T08:18:29.504+0800: 12518693.482: [GC (CMS Initial Mark) [1 CMS-initial-mark: 4815679K(5472256K)] 5230671K(6209536K), 0.0239806 secs] [Times: user=0.16 sys=0.00, real=0.03 secs] 
2020-08-02T08:18:29.528+0800: 12518693.506: [CMS-concurrent-mark-start]
2020-08-02T08:18:32.736+0800: 12518696.714: [CMS-concurrent-mark: 3.208/3.208 secs] [Times: user=7.04 sys=0.52, real=3.20 secs] 
2020-08-02T08:18:32.736+0800: 12518696.714: [CMS-concurrent-preclean-start]
2020-08-02T08:18:32.745+0800: 12518696.722: [CMS-concurrent-preclean: 0.008/0.008 secs] [Times: user=0.01 sys=0.00, real=0.01 secs] 
2020-08-02T08:18:32.745+0800: 12518696.722: [CMS-concurrent-abortable-preclean-start]
 CMS: abort preclean due to time 2020-08-02T08:18:37.974+0800: 12518701.952: [CMS-concurrent-abortable-preclean: 3.625/5.230 secs] [Times: user=4.31 sys=0.76, real=5.23 secs] 
2020-08-02T08:18:37.976+0800: 12518701.953: [GC (CMS Final Remark) [YG occupancy: 620223 K (737280 K)]2020-08-02T08:18:37.976+0800: 12518701.953: [Rescan (parallel) , 0.0530303 secs]2020-08-02T08:18:38.029+0800: 12518702.007: [weak refs processing, 0.0000392 secs]2020-08-02T08:18:38.029+0800: 12518702.007: [class unloading, 0.0176537 secs]2020-08-02T08:18:38.046+0800: 12518702.024: [scrub symbol table, 0.0061417 secs]2020-08-02T08:18:38.053+0800: 12518702.030: [scrub string table, 0.0008615 secs][1 CMS-remark: 4815679K(5472256K)] 5435902K(6209536K), 0.0778895 secs] [Times: user=0.36 sys=0.00, real=0.08 secs] 
2020-08-02T08:18:38.054+0800: 12518702.032: [CMS-concurrent-sweep-start]
2020-08-02T08:18:39.928+0800: 12518703.906: [CMS-concurrent-sweep: 1.875/1.875 secs] [Times: user=2.30 sys=0.17, real=1.88 secs] 
2020-08-02T08:18:39.928+0800: 12518703.906: [CMS-concurrent-reset-start]
2020-08-02T08:18:39.948+0800: 12518703.926: [CMS-concurrent-reset: 0.019/0.019 secs] [Times: user=0.02 sys=0.01, real=0.02 secs] 
2020-08-02T08:18:41.949+0800: 12518705.926: [GC (CMS Initial Mark) [1 CMS-initial-mark: 4815675K(5472256K)] 5534922K(6209536K), 0.0389545 secs] [Times: user=0.30 sys=0.00, real=0.04 secs] 
2020-08-02T08:18:41.988+0800: 12518705.966: [CMS-concurrent-mark-start]
2020-08-02T08:18:42.226+0800: 12518706.204: [GC (Allocation Failure) 2020-08-02T08:18:42.226+0800: 12518706.204: [ParNew: 731078K->56849K(737280K), 0.0927553 secs] 5546754K->4913775K(6209536K), 0.0929219 secs] [Times: user=0.61 sys=0.00, real=0.10 secs] 
2020-08-02T08:18:45.191+0800: 12518709.169: [CMS-concurrent-mark: 3.108/3.204 secs] [Times: user=7.58 sys=0.33, real=3.20 secs] 
2020-08-02T08:18:45.191+0800: 12518709.169: [CMS-concurrent-preclean-start]
2020-08-02T08:18:45.228+0800: 12518709.206: [CMS-concurrent-preclean: 0.036/0.036 secs] [Times: user=0.04 sys=0.01, real=0.04 secs] 
2020-08-02T08:18:45.228+0800: 12518709.206: [CMS-concurrent-abortable-preclean-start]
 CMS: abort preclean due to time 2020-08-02T08:18:50.480+0800: 12518714.458: [CMS-concurrent-abortable-preclean: 3.851/5.252 secs] [Times: user=4.51 sys=0.46, real=5.25 secs] 
2020-08-02T08:18:50.482+0800: 12518714.460: [GC (CMS Final Remark) [YG occupancy: 317846 K (737280 K)]2020-08-02T08:18:50.482+0800: 12518714.460: [Rescan (parallel) , 0.0210584 secs]2020-08-02T08:18:50.503+0800: 12518714.481: [weak refs processing, 0.0000762 secs]2020-08-02T08:18:50.503+0800: 12518714.481: [class unloading, 0.0191287 secs]2020-08-02T08:18:50.522+0800: 12518714.500: [scrub symbol table, 0.0062614 secs]2020-08-02T08:18:50.529+0800: 12518714.506: [scrub string table, 0.0008705 secs][1 CMS-remark: 4856925K(5472256K)] 5174772K(6209536K), 0.0476025 secs] [Times: user=0.17 sys=0.00, real=0.05 secs] 
2020-08-02T08:18:50.530+0800: 12518714.508: [CMS-concurrent-sweep-start]
2020-08-02T08:18:52.730+0800: 12518716.708: [CMS-concurrent-sweep: 2.200/2.200 secs] [Times: user=4.00 sys=0.07, real=2.20 secs] 
2020-08-02T08:18:52.730+0800: 12518716.708: [CMS-concurrent-reset-start]
2020-08-02T08:18:52.751+0800: 12518716.729: [CMS-concurrent-reset: 0.021/0.021 secs] [Times: user=0.05 sys=0.00, real=0.02 secs] 
2020-08-02T08:18:53.551+0800: 12518717.529: [GC (Allocation Failure) 2020-08-02T08:18:53.551+0800: 12518717.529: [ParNew: 693147K->81920K(737280K), 1.2249241 secs] 5549930K->5192349K(6209536K), 1.2250841 secs] [Times: user=8.63 sys=0.00, real=1.22 secs] 
2020-08-02T08:18:54.788+0800: 12518718.765: [GC (CMS Initial Mark) [1 CMS-initial-mark: 5110429K(5472256K)] 5236515K(6209536K), 0.1942166 secs] [Times: user=0.26 sys=0.00, real=0.19 secs] 
2020-08-02T08:18:54.982+0800: 12518718.960: [CMS-concurrent-mark-start]
2020-08-02T08:18:58.996+0800: 12518722.974: [GC (Allocation Failure) 2020-08-02T08:18:58.996+0800: 12518722.974: [ParNew: 737280K->81133K(737280K), 0.1623663 secs] 5847709K->5273381K(6209536K), 0.1625680 secs] [Times: user=0.99 sys=0.00, real=0.17 secs] 
2020-08-02T08:18:59.669+0800: 12518723.647: [CMS-concurrent-mark: 4.522/4.687 secs] [Times: user=14.61 sys=0.00, real=4.69 secs] 
2020-08-02T08:18:59.670+0800: 12518723.647: [CMS-concurrent-preclean-start]
2020-08-02T08:18:59.806+0800: 12518723.784: [CMS-concurrent-preclean: 0.136/0.137 secs] [Times: user=0.27 sys=0.00, real=0.13 secs] 
2020-08-02T08:18:59.806+0800: 12518723.784: [CMS-concurrent-abortable-preclean-start]
2020-08-02T08:18:59.952+0800: 12518723.930: [GC (Allocation Failure) 2020-08-02T08:18:59.952+0800: 12518723.930: [ParNew: 736493K->6947K(737280K), 0.1106784 secs] 5928741K->5243454K(6209536K), 0.1108343 secs] [Times: user=0.85 sys=0.00, real=0.11 secs] 
2020-08-02T08:19:00.415+0800: 12518724.393: [CMS-concurrent-abortable-preclean: 0.295/0.609 secs] [Times: user=1.52 sys=0.00, real=0.60 secs] 
2020-08-02T08:19:00.417+0800: 12518724.395: [GC (CMS Final Remark) [YG occupancy: 491519 K (737280 K)]2020-08-02T08:19:00.417+0800: 12518724.395: [Rescan (parallel) , 0.0344354 secs]2020-08-02T08:19:00.452+0800: 12518724.430: [weak refs processing, 0.0000701 secs]2020-08-02T08:19:00.452+0800: 12518724.430: [class unloading, 0.0168630 secs]2020-08-02T08:19:00.469+0800: 12518724.447: [scrub symbol table, 0.0061064 secs]2020-08-02T08:19:00.475+0800: 12518724.453: [scrub string table, 0.0008737 secs][1 CMS-remark: 5236506K(5472256K)] 5728025K(6209536K), 0.0585871 secs] [Times: user=0.29 sys=0.00, real=0.06 secs] 
2020-08-02T08:19:00.476+0800: 12518724.454: [CMS-concurrent-sweep-start]
2020-08-02T08:19:00.612+0800: 12518724.590: [GC (Allocation Failure) 2020-08-02T08:19:00.612+0800: 12518724.590: [ParNew: 662307K->2316K(737280K), 0.0074012 secs] 5898795K->5238804K(6209536K), 0.0075459 secs] [Times: user=0.05 sys=0.00, real=0.01 secs] 
2020-08-02T08:19:01.093+0800: 12518725.071: [GC (Allocation Failure) 2020-08-02T08:19:01.093+0800: 12518725.071: [ParNew: 657676K->583K(737280K), 0.0098213 secs] 5894102K->5237009K(6209536K), 0.0099574 secs] [Times: user=0.06 sys=0.00, real=0.01 secs] 
2020-08-02T08:19:01.575+0800: 12518725.553: [GC (Allocation Failure) 2020-08-02T08:19:01.575+0800: 12518725.553: [ParNew: 655943K->150K(737280K), 0.0345421 secs] 5892297K->5236504K(6209536K), 0.0347134 secs] [Times: user=0.19 sys=0.00, real=0.04 secs] 
2020-08-02T08:19:02.167+0800: 12518726.145: [GC (Allocation Failure) 2020-08-02T08:19:02.167+0800: 12518726.145: [ParNew: 655510K->42K(737280K), 0.0069280 secs] 5891335K->5235866K(6209536K), 0.0070676 secs] [Times: user=0.06 sys=0.00, real=0.00 secs] 
2020-08-02T08:19:02.464+0800: 12518726.442: [CMS-concurrent-sweep: 1.923/1.988 secs] [Times: user=4.23 sys=0.00, real=1.99 secs] 
2020-08-02T08:19:02.464+0800: 12518726.442: [CMS-concurrent-reset-start]
2020-08-02T08:19:02.484+0800: 12518726.462: [CMS-concurrent-reset: 0.020/0.020 secs] [Times: user=0.04 sys=0.00, real=0.02 secs] 
2020-08-02T08:19:02.636+0800: 12518726.614: [GC (Allocation Failure) 2020-08-02T08:19:02.636+0800: 12518726.614: [ParNew: 655402K->45K(737280K), 0.0078892 secs] 5891125K->5235768K(6209536K), 0.0080349 secs] [Times: user=0.06 sys=0.00, real=0.01 secs] 
2020-08-02T08:19:02.646+0800: 12518726.623: [GC (CMS Initial Mark) [1 CMS-initial-mark: 5235722K(5472256K)] 5248394K(6209536K), 0.0009708 secs] [Times: user=0.00 sys=0.00, real=0.01 secs] 
2020-08-02T08:19:02.647+0800: 12518726.625: [CMS-concurrent-mark-start]
2020-08-02T08:19:03.107+0800: 12518727.085: [GC (Allocation Failure) 2020-08-02T08:19:03.107+0800: 12518727.085: [ParNew: 655405K->39K(737280K), 0.0108849 secs] 5891128K->5235763K(6209536K), 0.0110258 secs] [Times: user=0.07 sys=0.00, real=0.00 secs] 
2020-08-02T08:19:03.577+0800: 12518727.555: [GC (Allocation Failure) 2020-08-02T08:19:03.577+0800: 12518727.555: [ParNew: 655399K->24K(737280K), 0.0089269 secs] 5891123K->5235772K(6209536K), 0.0090733 secs] [Times: user=0.06 sys=0.00, real=0.01 secs] 
2020-08-02T08:19:04.058+0800: 12518728.036: [GC (Allocation Failure) 2020-08-02T08:19:04.058+0800: 12518728.036: [ParNew: 655384K->20K(737280K), 0.0140387 secs] 5891132K->5235767K(6209536K), 0.0141763 secs] [Times: user=0.08 sys=0.00, real=0.02 secs] 
2020-08-02T08:19:04.734+0800: 12518728.712: [GC (Allocation Failure) 2020-08-02T08:19:04.734+0800: 12518728.712: [ParNew: 655380K->16K(737280K), 0.0128028 secs] 5891127K->5235764K(6209536K), 0.0129625 secs] [Times: user=0.09 sys=0.00, real=0.02 secs] 
2020-08-02T08:19:05.213+0800: 12518729.191: [GC (Allocation Failure) 2020-08-02T08:19:05.213+0800: 12518729.191: [ParNew: 655376K->16K(737280K), 0.0070149 secs] 5891124K->5235763K(6209536K), 0.0071557 secs] [Times: user=0.06 sys=0.00, real=0.01 secs] 
2020-08-02T08:19:05.686+0800: 12518729.664: [GC (Allocation Failure) 2020-08-02T08:19:05.686+0800: 12518729.664: [ParNew: 655376K->20K(737280K), 0.0112674 secs] 5891123K->5235768K(6209536K), 0.0114059 secs] [Times: user=0.06 sys=0.00, real=0.01 secs] 
2020-08-02T08:19:06.152+0800: 12518730.130: [GC (Allocation Failure) 2020-08-02T08:19:06.152+0800: 12518730.130: [ParNew: 655380K->16K(737280K), 0.0067469 secs] 5891128K->5235765K(6209536K), 0.0068736 secs] [Times: user=0.05 sys=0.00, real=0.01 secs] 
2020-08-02T08:19:06.658+0800: 12518730.636: [GC (Allocation Failure) 2020-08-02T08:19:06.658+0800: 12518730.636: [ParNew: 655376K->14K(737280K), 0.0098934 secs] 5891125K->5235768K(6209536K), 0.0100302 secs] [Times: user=0.06 sys=0.00, real=0.02 secs] 
2020-08-02T08:19:07.159+0800: 12518731.137: [GC (Allocation Failure) 2020-08-02T08:19:07.160+0800: 12518731.137: [ParNew: 655374K->14K(737280K), 0.0188896 secs] 5891128K->5235768K(6209536K), 0.0190699 secs] [Times: user=0.10 sys=0.00, real=0.02 secs] 
2020-08-02T08:19:07.792+0800: 12518731.770: [GC (Allocation Failure) 2020-08-02T08:19:07.792+0800: 12518731.770: [ParNew: 655374K->16K(737280K), 0.0069731 secs] 5891128K->5235771K(6209536K), 0.0071016 secs] [Times: user=0.05 sys=0.00, real=0.01 secs] 
2020-08-02T08:19:07.954+0800: 12518731.932: [CMS-concurrent-mark: 5.183/5.308 secs] [Times: user=16.26 sys=0.00, real=5.30 secs] 
2020-08-02T08:19:07.955+0800: 12518731.932: [CMS-concurrent-preclean-start]
2020-08-02T08:19:07.963+0800: 12518731.941: [CMS-concurrent-preclean: 0.008/0.008 secs] [Times: user=0.01 sys=0.00, real=0.01 secs] 
2020-08-02T08:19:07.963+0800: 12518731.941: [CMS-concurrent-abortable-preclean-start]
2020-08-02T08:19:08.292+0800: 12518732.269: [GC (Allocation Failure) 2020-08-02T08:19:08.292+0800: 12518732.269: [ParNew: 655376K->16K(737280K), 0.0067254 secs] 5891131K->5235771K(6209536K), 0.0068360 secs] [Times: user=0.05 sys=0.00, real=0.01 secs] 
2020-08-02T08:19:08.620+0800: 12518732.598: [CMS-concurrent-abortable-preclean: 0.049/0.658 secs] [Times: user=0.76 sys=0.00, real=0.66 secs] 
2020-08-02T08:19:08.622+0800: 12518732.600: [GC (CMS Final Remark) [YG occupancy: 511048 K (737280 K)]2020-08-02T08:19:08.622+0800: 12518732.600: [Rescan (parallel) , 0.0350605 secs]2020-08-02T08:19:08.657+0800: 12518732.635: [weak refs processing, 0.0000587 secs]2020-08-02T08:19:08.657+0800: 12518732.635: [class unloading, 0.0189216 secs]2020-08-02T08:19:08.676+0800: 12518732.654: [scrub symbol table, 0.0065126 secs]2020-08-02T08:19:08.683+0800: 12518732.661: [scrub string table, 0.0008743 secs][1 CMS-remark: 5235755K(5472256K)] 5746803K(6209536K), 0.0615965 secs] [Times: user=0.29 sys=0.00, real=0.06 secs] 
2020-08-02T08:19:08.684+0800: 12518732.662: [CMS-concurrent-sweep-start]
2020-08-02T08:19:08.788+0800: 12518732.766: [GC (Allocation Failure) 2020-08-02T08:19:08.788+0800: 12518732.766: [ParNew: 655376K->16K(737280K), 0.0068666 secs] 5891083K->5235723K(6209536K), 0.0070030 secs] [Times: user=0.05 sys=0.00, real=0.00 secs] 
2020-08-02T08:19:09.265+0800: 12518733.243: [GC (Allocation Failure) 2020-08-02T08:19:09.265+0800: 12518733.243: [ParNew: 655376K->14K(737280K), 0.0128971 secs] 5834846K->5179485K(6209536K), 0.0130832 secs] [Times: user=0.07 sys=0.00, real=0.01 secs] 
2020-08-02T08:19:09.722+0800: 12518733.700: [GC (Allocation Failure) 2020-08-02T08:19:09.722+0800: 12518733.700: [ParNew: 655374K->16K(737280K), 0.0114903 secs] 5772019K->5116661K(6209536K), 0.0116375 secs] [Times: user=0.07 sys=0.00, real=0.01 secs] 
2020-08-02T08:19:10.195+0800: 12518734.173: [GC (Allocation Failure) 2020-08-02T08:19:10.195+0800: 12518734.173: [ParNew: 655376K->16K(737280K), 0.0069281 secs] 5719916K->5064556K(6209536K), 0.0070516 secs] [Times: user=0.05 sys=0.00, real=0.01 secs] 
2020-08-02T08:19:10.691+0800: 12518734.669: [GC (Allocation Failure) 2020-08-02T08:19:10.691+0800: 12518734.669: [ParNew: 655376K->14K(737280K), 0.0125429 secs] 5669011K->5013650K(6209536K), 0.0126668 secs] [Times: user=0.07 sys=0.00, real=0.01 secs] 
2020-08-02T08:19:11.171+0800: 12518735.149: [GC (Allocation Failure) 2020-08-02T08:19:11.171+0800: 12518735.149: [ParNew: 655374K->16K(737280K), 0.0110865 secs] 5554181K->4898823K(6209536K), 0.0112612 secs] [Times: user=0.07 sys=0.00, real=0.01 secs] 
2020-08-02T08:19:11.508+0800: 12518735.486: [CMS-concurrent-sweep: 2.752/2.825 secs] [Times: user=5.91 sys=0.00, real=2.83 secs] 
2020-08-02T08:19:11.509+0800: 12518735.486: [CMS-concurrent-reset-start]
2020-08-02T08:19:11.528+0800: 12518735.506: [CMS-concurrent-reset: 0.020/0.020 secs] [Times: user=0.04 sys=0.00, real=0.02 secs] 
2020-08-02T08:19:11.622+0800: 12518735.600: [GC (Allocation Failure) 2020-08-02T08:19:11.623+0800: 12518735.600: [ParNew: 655376K->90K(737280K), 0.0072422 secs] 5426721K->4771437K(6209536K), 0.0074141 secs] [Times: user=0.05 sys=0.00, real=0.01 secs] 
2020-08-02T08:19:11.631+0800: 12518735.609: [GC (CMS Initial Mark) [1 CMS-initial-mark: 4771346K(5472256K)] 4784534K(6209536K), 0.0010055 secs] [Times: user=0.01 sys=0.00, real=0.00 secs] 
2020-08-02T08:19:11.633+0800: 12518735.610: [CMS-concurrent-mark-start]
2020-08-02T08:19:12.250+0800: 12518736.227: [GC (Allocation Failure) 2020-08-02T08:19:12.250+0800: 12518736.227: [ParNew: 655450K->90K(737280K), 0.0095231 secs] 5426797K->4771438K(6209536K), 0.0096826 secs] [Times: user=0.06 sys=0.00, real=0.01 secs] 
2020-08-02T08:19:12.733+0800: 12518736.711: [GC (Allocation Failure) 2020-08-02T08:19:12.733+0800: 12518736.711: [ParNew: 655450K->93K(737280K), 0.0101494 secs] 5426798K->4771441K(6209536K), 0.0103071 secs] [Times: user=0.07 sys=0.00, real=0.01 secs] 
2020-08-02T08:19:13.268+0800: 12518737.246: [GC (Allocation Failure) 2020-08-02T08:19:13.268+0800: 12518737.246: [ParNew: 655453K->95K(737280K), 0.0261080 secs] 5426801K->4771442K(6209536K), 0.0262601 secs] [Times: user=0.10 sys=0.00, real=0.02 secs] 
2020-08-02T08:19:13.763+0800: 12518737.741: [GC (Allocation Failure) 2020-08-02T08:19:13.763+0800: 12518737.741: [ParNew: 655455K->87K(737280K), 0.0070511 secs] 5426802K->4771435K(6209536K), 0.0072358 secs] [Times: user=0.05 sys=0.00, real=0.01 secs] 
2020-08-02T08:19:14.212+0800: 12518738.190: [GC (Allocation Failure) 2020-08-02T08:19:14.212+0800: 12518738.190: [ParNew: 655447K->89K(737280K), 0.0071671 secs] 5426795K->4771436K(6209536K), 0.0073084 secs] [Times: user=0.05 sys=0.00, real=0.01 secs] 
2020-08-02T08:19:14.664+0800: 12518738.642: [GC (Allocation Failure) 2020-08-02T08:19:14.664+0800: 12518738.642: [ParNew: 655449K->16K(737280K), 0.0074226 secs] 5426796K->4771443K(6209536K), 0.0075703 secs] [Times: user=0.05 sys=0.00, real=0.01 secs] 
2020-08-02T08:19:15.140+0800: 12518739.118: [GC (Allocation Failure) 2020-08-02T08:19:15.141+0800: 12518739.118: [ParNew: 655376K->16K(737280K), 0.0089681 secs] 5426803K->4771444K(6209536K), 0.0091143 secs] [Times: user=0.06 sys=0.00, real=0.01 secs] 
2020-08-02T08:19:15.633+0800: 12518739.611: [GC (Allocation Failure) 2020-08-02T08:19:15.633+0800: 12518739.611: [ParNew: 655376K->16K(737280K), 0.0087989 secs] 5426804K->4771444K(6209536K), 0.0089408 secs] [Times: user=0.05 sys=0.00, real=0.01 secs] 
2020-08-02T08:19:16.275+0800: 12518740.253: [GC (Allocation Failure) 2020-08-02T08:19:16.275+0800: 12518740.253: [ParNew: 655376K->16K(737280K), 0.0167978 secs] 5426804K->4771444K(6209536K), 0.0169450 secs] [Times: user=0.11 sys=0.00, real=0.02 secs] 
2020-08-02T08:19:16.938+0800: 12518740.916: [GC (Allocation Failure) 2020-08-02T08:19:16.938+0800: 12518740.916: [ParNew: 655376K->16K(737280K), 0.0080926 secs] 5426804K->4771444K(6209536K), 0.0082393 secs] [Times: user=0.05 sys=0.00, real=0.01 secs] 
2020-08-02T08:19:17.080+0800: 12518741.058: [CMS-concurrent-mark: 5.320/5.447 secs] [Times: user=16.67 sys=0.00, real=5.45 secs] 
2020-08-02T08:19:17.080+0800: 12518741.058: [CMS-concurrent-preclean-start]
2020-08-02T08:19:17.087+0800: 12518741.065: [CMS-concurrent-preclean: 0.007/0.007 secs] [Times: user=0.01 sys=0.00, real=0.01 secs] 
2020-08-02T08:19:17.087+0800: 12518741.065: [CMS-concurrent-abortable-preclean-start]
2020-08-02T08:19:17.462+0800: 12518741.440: [GC (Allocation Failure) 2020-08-02T08:19:17.462+0800: 12518741.440: [ParNew: 655376K->16K(737280K), 0.0074982 secs] 5426804K->4771445K(6209536K), 0.0076640 secs] [Times: user=0.05 sys=0.00, real=0.01 secs] 
2020-08-02T08:19:17.904+0800: 12518741.882: [CMS-concurrent-abortable-preclean: 0.062/0.817 secs] [Times: user=0.93 sys=0.00, real=0.81 secs] 
2020-08-02T08:19:17.906+0800: 12518741.884: [GC (CMS Final Remark) [YG occupancy: 589822 K (737280 K)]2020-08-02T08:19:17.906+0800: 12518741.884: [Rescan (parallel) , 0.0408930 secs]2020-08-02T08:19:17.947+0800: 12518741.924: [weak refs processing, 0.0000492 secs]2020-08-02T08:19:17.947+0800: 12518741.925: [class unloading, 0.0174095 secs]2020-08-02T08:19:17.964+0800: 12518741.942: [scrub symbol table, 0.0063927 secs]2020-08-02T08:19:17.971+0800: 12518741.948: [scrub string table, 0.0008780 secs][1 CMS-remark: 4771429K(5472256K)] 5361252K(6209536K), 0.0657935 secs] [Times: user=0.34 sys=0.00, real=0.07 secs] 
2020-08-02T08:19:17.972+0800: 12518741.950: [CMS-concurrent-sweep-start]
2020-08-02T08:19:18.025+0800: 12518742.002: [GC (Allocation Failure) 2020-08-02T08:19:18.025+0800: 12518742.002: [ParNew: 655376K->16K(737280K), 0.0070362 secs] 5426805K->4771445K(6209536K), 0.0071748 secs] [Times: user=0.06 sys=0.00, real=0.01 secs] 
2020-08-02T08:19:18.552+0800: 12518742.530: [GC (Allocation Failure) 2020-08-02T08:19:18.552+0800: 12518742.530: [ParNew: 655376K->14K(737280K), 0.0206631 secs] 5426735K->4771373K(6209536K), 0.0208259 secs] [Times: user=0.09 sys=0.00, real=0.02 secs] 
2020-08-02T08:19:19.144+0800: 12518743.122: [GC (Allocation Failure) 2020-08-02T08:19:19.145+0800: 12518743.122: [ParNew: 655374K->16K(737280K), 0.0073908 secs] 5426731K->4771373K(6209536K), 0.0075397 secs] [Times: user=0.05 sys=0.00, real=0.01 secs] 
2020-08-02T08:19:19.656+0800: 12518743.634: [GC (Allocation Failure) 2020-08-02T08:19:19.656+0800: 12518743.634: [ParNew: 655376K->30K(737280K), 0.0157960 secs] 5426667K->4771321K(6209536K), 0.0159410 secs] [Times: user=0.10 sys=0.00, real=0.02 secs] 
2020-08-02T08:19:20.113+0800: 12518744.091: [CMS-concurrent-sweep: 2.083/2.141 secs] [Times: user=4.49 sys=0.00, real=2.14 secs] 
2020-08-02T08:19:20.113+0800: 12518744.091: [CMS-concurrent-reset-start]
2020-08-02T08:19:20.132+0800: 12518744.110: [CMS-concurrent-reset: 0.019/0.019 secs] [Times: user=0.03 sys=0.00, real=0.02 secs] 
2020-08-02T08:19:20.343+0800: 12518744.321: [GC (Allocation Failure) 2020-08-02T08:19:20.343+0800: 12518744.321: [ParNew: 655390K->30K(737280K), 0.0105393 secs] 5426160K->4770800K(6209536K), 0.0107000 secs] [Times: user=0.06 sys=0.00, real=0.01 secs] 
2020-08-02T08:19:20.355+0800: 12518744.333: [GC (CMS Initial Mark) [1 CMS-initial-mark: 4770770K(5472256K)] 4783907K(6209536K), 0.0012977 secs] [Times: user=0.01 sys=0.00, real=0.00 secs] 
2020-08-02T08:19:20.357+0800: 12518744.335: [CMS-concurrent-mark-start]
2020-08-02T08:19:20.861+0800: 12518744.839: [GC (Allocation Failure) 2020-08-02T08:19:20.861+0800: 12518744.839: [ParNew: 655390K->40K(737280K), 0.0103351 secs] 5426160K->4770812K(6209536K), 0.0105190 secs] [Times: user=0.07 sys=0.00, real=0.01 secs] 
2020-08-02T08:19:25.306+0800: 12518749.284: [CMS-concurrent-mark: 4.938/4.950 secs] [Times: user=10.71 sys=0.00, real=4.95 secs] 
2020-08-02T08:19:25.306+0800: 12518749.284: [CMS-concurrent-preclean-start]
2020-08-02T08:19:25.316+0800: 12518749.294: [CMS-concurrent-preclean: 0.009/0.009 secs] [Times: user=0.01 sys=0.00, real=0.00 secs] 
2020-08-02T08:19:25.316+0800: 12518749.294: [CMS-concurrent-abortable-preclean-start]
 CMS: abort preclean due to time 2020-08-02T08:19:30.423+0800: 12518754.401: [CMS-concurrent-abortable-preclean: 0.435/5.107 secs] [Times: user=1.48 sys=0.00, real=5.11 secs] 
2020-08-02T08:19:30.424+0800: 12518754.402: [GC (CMS Final Remark) [YG occupancy: 331964 K (737280 K)]2020-08-02T08:19:30.424+0800: 12518754.402: [Rescan (parallel) , 0.0074367 secs]2020-08-02T08:19:30.432+0800: 12518754.410: [weak refs processing, 0.0000530 secs]2020-08-02T08:19:30.432+0800: 12518754.410: [class unloading, 0.0181083 secs]2020-08-02T08:19:30.450+0800: 12518754.428: [scrub symbol table, 0.0081586 secs]2020-08-02T08:19:30.458+0800: 12518754.436: [scrub string table, 0.0009349 secs][1 CMS-remark: 4770772K(5472256K)] 5102736K(6209536K), 0.0348987 secs] [Times: user=0.09 sys=0.00, real=0.04 secs] 
2020-08-02T08:19:30.459+0800: 12518754.437: [CMS-concurrent-sweep-start]
2020-08-02T08:19:32.349+0800: 12518756.327: [CMS-concurrent-sweep: 1.889/1.889 secs] [Times: user=2.12 sys=0.00, real=1.89 secs] 
2020-08-02T08:19:32.349+0800: 12518756.327: [CMS-concurrent-reset-start]
2020-08-02T08:19:32.368+0800: 12518756.346: [CMS-concurrent-reset: 0.019/0.019 secs] [Times: user=0.02 sys=0.00, real=0.02 secs] 
2020-08-02T08:19:34.369+0800: 12518758.346: [GC (CMS Initial Mark) [1 CMS-initial-mark: 4770753K(5472256K)] 5151963K(6209536K), 0.0066016 secs] [Times: user=0.05 sys=0.00, real=0.00 secs] 
2020-08-02T08:19:34.375+0800: 12518758.353: [CMS-concurrent-mark-start]
2020-08-02T08:19:35.425+0800: 12518759.403: [CMS-concurrent-mark: 1.050/1.050 secs] [Times: user=2.23 sys=0.00, real=1.05 secs] 
2020-08-02T08:19:35.425+0800: 12518759.403: [CMS-concurrent-preclean-start]
2020-08-02T08:19:35.436+0800: 12518759.414: [CMS-concurrent-preclean: 0.011/0.011 secs] [Times: user=0.01 sys=0.00, real=0.01 secs] 
2020-08-02T08:19:35.436+0800: 12518759.414: [CMS-concurrent-abortable-preclean-start]
2020-08-02T08:19:40.443+0800: 12518764.421: [GC (Allocation Failure) 2020-08-02T08:19:40.444+0800: 12518764.421: [ParNew: 655400K->3353K(737280K), 0.0096620 secs] 5426153K->4774106K(6209536K), 0.0098384 secs] [Times: user=0.07 sys=0.00, real=0.01 secs] 
 CMS: abort preclean due to time 2020-08-02T08:19:40.472+0800: 12518764.450: [CMS-concurrent-abortable-preclean: 0.407/5.036 secs] [Times: user=0.87 sys=0.00, real=5.04 secs] 
2020-08-02T08:19:40.474+0800: 12518764.452: [GC (CMS Final Remark) [YG occupancy: 5600 K (737280 K)]2020-08-02T08:19:40.474+0800: 12518764.452: [Rescan (parallel) , 0.0025655 secs]2020-08-02T08:19:40.476+0800: 12518764.454: [weak refs processing, 0.0000522 secs]2020-08-02T08:19:40.477+0800: 12518764.454: [class unloading, 0.0195378 secs]2020-08-02T08:19:40.496+0800: 12518764.474: [scrub symbol table, 0.0064116 secs]2020-08-02T08:19:40.503+0800: 12518764.480: [scrub string table, 0.0008882 secs][1 CMS-remark: 4770753K(5472256K)] 4776353K(6209536K), 0.0296072 secs] [Times: user=0.04 sys=0.00, real=0.03 secs] 
2020-08-02T08:19:40.504+0800: 12518764.481: [CMS-concurrent-sweep-start]
2020-08-02T08:19:48.072+0800: 12518772.050: [CMS-concurrent-sweep: 7.567/7.568 secs] [Times: user=7.82 sys=0.00, real=7.57 secs] 
2020-08-02T08:19:48.072+0800: 12518772.050: [CMS-concurrent-reset-start]
2020-08-02T08:19:48.091+0800: 12518772.069: [CMS-concurrent-reset: 0.019/0.019 secs] [Times: user=0.02 sys=0.00, real=0.02 secs] 
2020-08-02T08:21:21.343+0800: 12518865.321: [GC (Allocation Failure) 2020-08-02T08:21:21.343+0800: 12518865.321: [ParNew: 658713K->13417K(737280K), 0.0230640 secs] 1426508K->781212K(6209536K), 0.0234038 secs] [Times: user=0.09 sys=0.02, real=0.02 secs] 
2020-08-02T08:22:39.280+0800: 12518943.258: [GC (Allocation Failure) 2020-08-02T08:22:39.280+0800: 12518943.258: [ParNew: 668774K->16588K(737280K), 0.0296368 secs] 1436569K->784383K(6209536K), 0.0298438 secs] [Times: user=0.11 sys=0.00, real=0.03 secs] 
2020-08-02T08:23:48.931+0800: 12519012.909: [GC (Allocation Failure) 2020-08-02T08:23:48.931+0800: 12519012.909: [ParNew: 671948K->18636K(737280K), 0.0307873 secs] 1439743K->786446K(6209536K), 0.0309679 secs] [Times: user=0.10 sys=0.02, real=0.03 secs] 
2020-08-02T08:25:16.591+0800: 12519100.569: [GC (Allocation Failure) 2020-08-02T08:25:16.591+0800: 12519100.569: [ParNew: 673996K->18893K(737280K), 0.0255704 secs] 1441806K->786705K(6209536K), 0.0257302 secs] [Times: user=0.08 sys=0.00, real=0.02 secs] 
2020-08-02T08:26:31.134+0800: 12519175.111: [GC (Allocation Failure) 2020-08-02T08:26:31.134+0800: 12519175.112: [ParNew: 674253K->19851K(737280K), 0.0236957 secs] 1442065K->787668K(6209536K), 0.0238676 secs] [Times: user=0.09 sys=0.00, real=0.02 secs] 
2020-08-02T08:28:07.180+0800: 12519271.158: [GC (Allocation Failure) 2020-08-02T08:28:07.180+0800: 12519271.158: [ParNew: 675211K->20878K(737280K), 0.0450931 secs] 1443028K->789419K(6209536K), 0.0452550 secs] [Times: user=0.12 sys=0.00, real=0.04 secs] 
2020-08-02T08:29:52.820+0800: 12519376.798: [GC (Allocation Failure) 2020-08-02T08:29:52.820+0800: 12519376.798: [ParNew: 676224K->18125K(737280K), 0.0215780 secs] 1444765K->786757K(6209536K), 0.0217470 secs] [Times: user=0.08 sys=0.00, real=0.02 secs] 
2020-08-02T08:31:10.138+0800: 12519454.116: [GC (Allocation Failure) 2020-08-02T08:31:10.138+0800: 12519454.116: [ParNew: 673485K->10694K(737280K), 0.0235110 secs] 1442117K->779473K(6209536K), 0.0237170 secs] [Times: user=0.07 sys=0.00, real=0.03 secs] 
2020-08-02T08:34:16.201+0800: 12519640.178: [GC (Allocation Failure) 2020-08-02T08:34:16.201+0800: 12519640.179: [ParNew: 666054K->15840K(737280K), 0.0216988 secs] 1434833K->784711K(6209536K), 0.0218584 secs] [Times: user=0.06 sys=0.01, real=0.02 secs] 
2020-08-02T08:40:47.685+0800: 12520031.663: [GC (Allocation Failure) 2020-08-02T08:40:47.690+0800: 12520031.668: [ParNew: 671200K->15057K(737280K), 0.0213870 secs] 1440071K->784004K(6209536K), 0.0266377 secs] [Times: user=0.07 sys=0.01, real=0.03 secs] 
2020-08-02T08:47:11.767+0800: 12520415.745: [GC (Allocation Failure) 2020-08-02T08:47:11.773+0800: 12520415.751: [ParNew: 670417K->11884K(737280K), 0.0186176 secs] 1439364K->780933K(6209536K), 0.0245903 secs] [Times: user=0.08 sys=0.00, real=0.02 secs] 
2020-08-02T08:49:53.197+0800: 12520577.175: [GC (Allocation Failure) 2020-08-02T08:49:53.197+0800: 12520577.175: [ParNew: 667244K->10835K(737280K), 0.0217142 secs] 1436293K->779921K(6209536K), 0.0219013 secs] [Times: user=0.07 sys=0.00, real=0.03 secs] 
2020-08-02T08:51:42.554+0800: 12520686.532: [GC (Allocation Failure) 2020-08-02T08:51:42.554+0800: 12520686.532: [ParNew: 666195K->11586K(737280K), 0.0151993 secs] 1435281K->780753K(6209536K), 0.0153719 secs] [Times: user=0.06 sys=0.00, real=0.02 secs] 
2020-08-02T08:53:07.436+0800: 12520771.414: [GC (Allocation Failure) 2020-08-02T08:53:07.436+0800: 12520771.414: [ParNew: 666943K->11253K(737280K), 0.0189097 secs] 1436109K->780438K(6209536K), 0.0191120 secs] [Times: user=0.08 sys=0.00, real=0.02 secs] 
2020-08-02T08:55:58.364+0800: 12520942.341: [GC (Allocation Failure) 2020-08-02T08:55:58.364+0800: 12520942.342: [ParNew: 666613K->11339K(737280K), 0.0136458 secs] 1435798K->780540K(6209536K), 0.0138331 secs] [Times: user=0.07 sys=0.00, real=0.01 secs] 
2020-08-02T08:58:25.644+0800: 12521089.622: [GC (Allocation Failure) 2020-08-02T08:58:25.644+0800: 12521089.622: [ParNew: 666695K->10748K(737280K), 0.0131011 secs] 1435896K->780179K(6209536K), 0.0132784 secs] [Times: user=0.06 sys=0.00, real=0.01 secs] 
2020-08-02T09:00:53.205+0800: 12521237.183: [GC (Allocation Failure) 2020-08-02T09:00:53.206+0800: 12521237.183: [ParNew: 666053K->14845K(737280K), 0.0286973 secs] 1435483K->784602K(6209536K), 0.0289022 secs] [Times: user=0.10 sys=0.00, real=0.03 secs] 
2020-08-02T09:03:18.001+0800: 12521381.979: [GC (Allocation Failure) 2020-08-02T09:03:18.001+0800: 12521381.979: [ParNew: 670205K->16280K(737280K), 0.0219210 secs] 1439962K->786173K(6209536K), 0.0221367 secs] [Times: user=0.07 sys=0.00, real=0.02 secs] 
2020-08-02T09:05:09.794+0800: 12521493.772: [GC (Allocation Failure) 2020-08-02T09:05:09.795+0800: 12521493.772: [ParNew: 671640K->20709K(737280K), 0.0215627 secs] 1441533K->790814K(6209536K), 0.0217629 secs] [Times: user=0.09 sys=0.00, real=0.02 secs] 
2020-08-02T09:07:33.765+0800: 12521637.743: [GC (Allocation Failure) 2020-08-02T09:07:33.767+0800: 12521637.745: [ParNew: 676069K->17104K(737280K), 0.0183517 secs] 1446174K->788090K(6209536K), 0.0204087 secs] [Times: user=0.08 sys=0.01, real=0.02 secs] 
2020-08-02T09:09:05.382+0800: 12521729.359: [GC (Allocation Failure) 2020-08-02T09:09:05.382+0800: 12521729.360: [ParNew: 672464K->14343K(737280K), 0.0205343 secs] 1443450K->785404K(6209536K), 0.0207500 secs] [Times: user=0.09 sys=0.01, real=0.02 secs] 
2020-08-02T09:11:13.993+0800: 12521857.970: [GC (Allocation Failure) 2020-08-02T09:11:13.993+0800: 12521857.971: [ParNew: 669703K->13472K(737280K), 0.0201555 secs] 1440764K->784536K(6209536K), 0.0203775 secs] [Times: user=0.09 sys=0.00, real=0.02 secs] 
2020-08-02T09:14:09.053+0800: 12522033.031: [GC (Allocation Failure) 2020-08-02T09:14:09.053+0800: 12522033.031: [ParNew: 668832K->11661K(737280K), 0.0173363 secs] 1439896K->782907K(6209536K), 0.0174930 secs] [Times: user=0.08 sys=0.00, real=0.02 secs] 
2020-08-02T09:18:07.738+0800: 12522271.716: [GC (Allocation Failure) 2020-08-02T09:18:07.738+0800: 12522271.716: [ParNew: 667021K->11979K(737280K), 0.0154348 secs] 1438267K->783229K(6209536K), 0.0155999 secs] [Times: user=0.05 sys=0.02, real=0.02 secs] 
2020-08-02T09:21:10.960+0800: 12522454.938: [GC (Allocation Failure) 2020-08-02T09:21:10.960+0800: 12522454.938: [ParNew: 667339K->11409K(737280K), 0.0473473 secs] 1438589K->782814K(6209536K), 0.0475763 secs] [Times: user=0.14 sys=0.00, real=0.05 secs] 
2020-08-02T09:24:24.689+0800: 12522648.667: [GC (Allocation Failure) 2020-08-02T09:24:24.694+0800: 12522648.672: [ParNew: 666769K->10962K(737280K), 0.0302882 secs] 1438174K->782911K(6209536K), 0.0354060 secs] [Times: user=0.08 sys=0.00, real=0.03 secs] 
2020-08-02T09:29:08.883+0800: 12522932.861: [GC (Allocation Failure) 2020-08-02T09:29:08.889+0800: 12522932.867: [ParNew: 666322K->10851K(737280K), 0.0182024 secs] 1438271K->783373K(6209536K), 0.0239479 secs] [Times: user=0.08 sys=0.00, real=0.03 secs] 
2020-08-02T09:35:52.351+0800: 12523336.329: [GC (Allocation Failure) 2020-08-02T09:35:52.357+0800: 12523336.335: [ParNew: 666211K->11384K(737280K), 0.0170458 secs] 1438733K->784016K(6209536K), 0.0227605 secs] [Times: user=0.08 sys=0.00, real=0.02 secs] 
2020-08-02T09:41:51.159+0800: 12523695.137: [GC (Allocation Failure) 2020-08-02T09:41:51.159+0800: 12523695.137: [ParNew: 666744K->14336K(737280K), 0.0171161 secs] 1439376K->786974K(6209536K), 0.0172805 secs] [Times: user=0.08 sys=0.00, real=0.01 secs] 
2020-08-02T09:49:19.090+0800: 12524143.068: [GC (Allocation Failure) 2020-08-02T09:49:19.096+0800: 12524143.074: [ParNew: 669696K->15384K(737280K), 0.0185198 secs] 1442334K->788089K(6209536K), 0.0241044 secs] [Times: user=0.07 sys=0.00, real=0.02 secs] 
2020-08-02T09:55:08.146+0800: 12524492.124: [GC (Allocation Failure) 2020-08-02T09:55:08.151+0800: 12524492.129: [ParNew: 670744K->17574K(737280K), 0.0163893 secs] 1443449K->790316K(6209536K), 0.0214090 secs] [Times: user=0.05 sys=0.01, real=0.03 secs] 
2020-08-02T09:58:04.942+0800: 12524668.920: [GC (Allocation Failure) 2020-08-02T09:58:04.942+0800: 12524668.920: [ParNew: 672934K->14854K(737280K), 0.0173123 secs] 1445676K->787665K(6209536K), 0.0174885 secs] [Times: user=0.08 sys=0.00, real=0.02 secs] 
2020-08-02T10:00:52.296+0800: 12524836.274: [GC (Allocation Failure) 2020-08-02T10:00:52.296+0800: 12524836.274: [ParNew: 670214K->15862K(737280K), 0.0194934 secs] 1443025K->788743K(6209536K), 0.0197111 secs] [Times: user=0.08 sys=0.00, real=0.02 secs] 
2020-08-02T10:03:04.307+0800: 12524968.285: [GC (Allocation Failure) 2020-08-02T10:03:04.313+0800: 12524968.291: [ParNew: 671222K->15247K(737280K), 0.0185846 secs] 1444103K->789766K(6209536K), 0.0249106 secs] [Times: user=0.08 sys=0.00, real=0.02 secs] 
2020-08-02T10:05:03.447+0800: 12525087.425: [GC (Allocation Failure) 2020-08-02T10:05:03.447+0800: 12525087.425: [ParNew: 670607K->16076K(737280K), 0.0363637 secs] 1445126K->790641K(6209536K), 0.0365599 secs] [Times: user=0.11 sys=0.02, real=0.03 secs] 
2020-08-02T10:07:03.070+0800: 12525207.048: [GC (Allocation Failure) 2020-08-02T10:07:03.070+0800: 12525207.048: [ParNew: 671436K->23637K(737280K), 0.0594880 secs] 1446001K->798296K(6209536K), 0.0597720 secs] [Times: user=0.11 sys=0.01, real=0.06 secs] 
2020-08-02T10:08:22.910+0800: 12525286.888: [GC (Allocation Failure) 2020-08-02T10:08:22.910+0800: 12525286.888: [ParNew: 678997K->15940K(737280K), 0.0231039 secs] 1453656K->791373K(6209536K), 0.0233162 secs] [Times: user=0.10 sys=0.00, real=0.02 secs] 
2020-08-02T10:09:23.403+0800: 12525347.381: [GC (Allocation Failure) 2020-08-02T10:09:23.403+0800: 12525347.381: [ParNew: 671300K->14263K(737280K), 0.0190282 secs] 1446733K->790045K(6209536K), 0.0192018 secs] [Times: user=0.07 sys=0.01, real=0.02 secs] 
2020-08-02T10:10:35.017+0800: 12525418.994: [GC (Allocation Failure) 2020-08-02T10:10:35.017+0800: 12525418.994: [ParNew: 669623K->12231K(737280K), 0.0200219 secs] 1445405K->788175K(6209536K), 0.0202247 secs] [Times: user=0.08 sys=0.00, real=0.02 secs] 
2020-08-02T10:12:58.092+0800: 12525562.070: [GC (Allocation Failure) 2020-08-02T10:12:58.092+0800: 12525562.070: [ParNew: 667585K->12667K(737280K), 0.0181019 secs] 1443529K->789611K(6209536K), 0.0182933 secs] [Times: user=0.08 sys=0.00, real=0.02 secs] 
2020-08-02T10:16:51.313+0800: 12525795.291: [GC (Allocation Failure) 2020-08-02T10:16:51.319+0800: 12525795.296: [ParNew: 668027K->12730K(737280K), 0.0185703 secs] 1444971K->789807K(6209536K), 0.0242794 secs] [Times: user=0.07 sys=0.00, real=0.02 secs] 
2020-08-02T10:17:39.380+0800: 12525843.358: [GC (Allocation Failure) 2020-08-02T10:17:39.380+0800: 12525843.358: [ParNew: 646862K->81920K(737280K), 0.0339537 secs] 1423938K->959689K(6209536K), 0.0341391 secs] [Times: user=0.13 sys=0.00, real=0.03 secs] 
2020-08-02T10:19:17.467+0800: 12525941.444: [GC (Allocation Failure) 2020-08-02T10:19:17.467+0800: 12525941.444: [ParNew: 737280K->6977K(737280K), 0.0149488 secs] 1615049K->887611K(6209536K), 0.0151278 secs] [Times: user=0.08 sys=0.01, real=0.01 secs] 
2020-08-02T10:22:08.929+0800: 12526112.907: [GC (Allocation Failure) 2020-08-02T10:22:08.929+0800: 12526112.907: [ParNew: 662337K->7771K(737280K), 0.0151408 secs] 1542971K->888405K(6209536K), 0.0153026 secs] [Times: user=0.06 sys=0.00, real=0.01 secs] 
2020-08-02T10:25:02.612+0800: 12526286.590: [GC (Allocation Failure) 2020-08-02T10:25:02.612+0800: 12526286.590: [ParNew: 663052K->7372K(737280K), 0.0170442 secs] 1543686K->888006K(6209536K), 0.0172472 secs] [Times: user=0.07 sys=0.01, real=0.02 secs] 
2020-08-02T10:28:01.559+0800: 12526465.536: [GC (Allocation Failure) 2020-08-02T10:28:01.560+0800: 12526465.538: [ParNew: 662732K->8898K(737280K), 0.0231708 secs] 1543366K->889531K(6209536K), 0.0244338 secs] [Times: user=0.11 sys=0.01, real=0.02 secs] 
2020-08-02T10:32:21.335+0800: 12526725.313: [GC (Allocation Failure) 2020-08-02T10:32:21.342+0800: 12526725.320: [ParNew: 664258K->11204K(737280K), 0.0201283 secs] 1544891K->891838K(6209536K), 0.0267933 secs] [Times: user=0.08 sys=0.00, real=0.03 secs] 
2020-08-02T10:38:08.366+0800: 12527072.344: [GC (Allocation Failure) 2020-08-02T10:38:08.374+0800: 12527072.351: [ParNew: 666516K->9846K(737280K), 0.0178600 secs] 1547150K->890479K(6209536K), 0.0253817 secs] [Times: user=0.09 sys=0.00, real=0.03 secs] 
2020-08-02T10:41:18.683+0800: 12527262.661: [GC (Allocation Failure) 2020-08-02T10:41:18.684+0800: 12527262.661: [ParNew: 665206K->10877K(737280K), 0.0205258 secs] 1545839K->891837K(6209536K), 0.0207546 secs] [Times: user=0.06 sys=0.00, real=0.02 secs] 
2020-08-02T10:45:07.419+0800: 12527491.397: [GC (Allocation Failure) 2020-08-02T10:45:07.419+0800: 12527491.397: [ParNew: 666237K->9937K(737280K), 0.0151017 secs] 1547197K->890973K(6209536K), 0.0153436 secs] [Times: user=0.06 sys=0.00, real=0.01 secs] 
2020-08-02T10:47:36.658+0800: 12527640.636: [GC (Allocation Failure) 2020-08-02T10:47:36.659+0800: 12527640.636: [ParNew: 665297K->9642K(737280K), 0.0199948 secs] 1546333K->890810K(6209536K), 0.0202090 secs] [Times: user=0.08 sys=0.00, real=0.03 secs] 
2020-08-02T10:49:43.693+0800: 12527767.671: [GC (Allocation Failure) 2020-08-02T10:49:43.693+0800: 12527767.671: [ParNew: 665002K->10909K(737280K), 0.0237641 secs] 1546170K->892121K(6209536K), 0.0240055 secs] [Times: user=0.09 sys=0.00, real=0.02 secs] 
2020-08-02T10:51:48.082+0800: 12527892.060: [GC (Allocation Failure) 2020-08-02T10:51:48.082+0800: 12527892.060: [ParNew: 666269K->9441K(737280K), 0.0166992 secs] 1547481K->891006K(6209536K), 0.0168726 secs] [Times: user=0.08 sys=0.00, real=0.02 secs] 
2020-08-02T10:54:00.138+0800: 12528024.116: [GC (Allocation Failure) 2020-08-02T10:54:00.139+0800: 12528024.116: [ParNew: 664801K->9040K(737280K), 0.0179596 secs] 1546366K->890654K(6209536K), 0.0181834 secs] [Times: user=0.08 sys=0.00, real=0.02 secs] 
2020-08-02T10:57:07.330+0800: 12528211.308: [GC (Allocation Failure) 2020-08-02T10:57:07.330+0800: 12528211.308: [ParNew: 664400K->12620K(737280K), 0.0337936 secs] 1546014K->894336K(6209536K), 0.0340024 secs] [Times: user=0.13 sys=0.00, real=0.03 secs] 
2020-08-02T10:59:18.834+0800: 12528342.812: [GC (Allocation Failure) 2020-08-02T10:59:18.835+0800: 12528342.812: [ParNew: 667980K->11000K(737280K), 0.0252347 secs] 1549696K->892796K(6209536K), 0.0254426 secs] [Times: user=0.11 sys=0.00, real=0.03 secs] 
2020-08-02T11:01:05.556+0800: 12528449.533: [GC (Allocation Failure) 2020-08-02T11:01:05.556+0800: 12528449.534: [ParNew: 666360K->13007K(737280K), 0.0201971 secs] 1548156K->894872K(6209536K), 0.0203826 secs] [Times: user=0.08 sys=0.00, real=0.02 secs] 
2020-08-02T11:03:23.892+0800: 12528587.870: [GC (Allocation Failure) 2020-08-02T11:03:23.892+0800: 12528587.870: [ParNew: 668367K->13974K(737280K), 0.0164475 secs] 1550232K->896354K(6209536K), 0.0166527 secs] [Times: user=0.07 sys=0.00, real=0.02 secs] 
2020-08-02T11:05:20.519+0800: 12528704.497: [GC (Allocation Failure) 2020-08-02T11:05:20.519+0800: 12528704.497: [ParNew: 669267K->13809K(737280K), 0.0188775 secs] 1551647K->896261K(6209536K), 0.0190902 secs] [Times: user=0.07 sys=0.00, real=0.01 secs] 
2020-08-02T11:06:47.367+0800: 12528791.345: [GC (Allocation Failure) 2020-08-02T11:06:47.367+0800: 12528791.345: [ParNew: 669169K->17889K(737280K), 0.0207961 secs] 1551621K->900474K(6209536K), 0.0209760 secs] [Times: user=0.08 sys=0.00, real=0.02 secs] 
2020-08-02T11:08:15.658+0800: 12528879.636: [GC (Allocation Failure) 2020-08-02T11:08:15.658+0800: 12528879.636: [ParNew: 673249K->15255K(737280K), 0.0190922 secs] 1555834K->898083K(6209536K), 0.0192694 secs] [Times: user=0.08 sys=0.00, real=0.02 secs] 
2020-08-02T11:09:34.243+0800: 12528958.221: [GC (Allocation Failure) 2020-08-02T11:09:34.243+0800: 12528958.221: [ParNew: 670551K->11409K(737280K), 0.0307601 secs] 1553379K->894628K(6209536K), 0.0309193 secs] [Times: user=0.08 sys=0.00, real=0.03 secs] 
2020-08-02T11:10:38.134+0800: 12529022.112: [GC (Allocation Failure) 2020-08-02T11:10:38.134+0800: 12529022.112: [ParNew: 666769K->11011K(737280K), 0.0175126 secs] 1549988K->894591K(6209536K), 0.0176816 secs] [Times: user=0.08 sys=0.00, real=0.02 secs] 
2020-08-02T11:13:16.504+0800: 12529180.482: [GC (Allocation Failure) 2020-08-02T11:13:16.504+0800: 12529180.482: [ParNew: 666334K->11417K(737280K), 0.0195696 secs] 1549914K->895081K(6209536K), 0.0197523 secs] [Times: user=0.07 sys=0.00, real=0.02 secs] 
2020-08-02T11:16:56.230+0800: 12529400.207: [GC (Allocation Failure) 2020-08-02T11:16:56.230+0800: 12529400.208: [ParNew: 666777K->9060K(737280K), 0.0169565 secs] 1550441K->892969K(6209536K), 0.0171354 secs] [Times: user=0.07 sys=0.00, real=0.02 secs] 
2020-08-02T11:19:56.238+0800: 12529580.216: [GC (Allocation Failure) 2020-08-02T11:19:56.238+0800: 12529580.216: [ParNew: 664382K->10174K(737280K), 0.0187380 secs] 1548291K->894224K(6209536K), 0.0189143 secs] [Times: user=0.08 sys=0.01, real=0.02 secs] 
2020-08-02T11:23:07.127+0800: 12529771.105: [GC (Allocation Failure) 2020-08-02T11:23:07.127+0800: 12529771.105: [ParNew: 665534K->10559K(737280K), 0.0160842 secs] 1549584K->894685K(6209536K), 0.0162639 secs] [Times: user=0.07 sys=0.00, real=0.01 secs] 
2020-08-02T11:30:11.760+0800: 12530195.738: [GC (Allocation Failure) 2020-08-02T11:30:11.765+0800: 12530195.743: [ParNew: 665919K->9836K(737280K), 0.0162218 secs] 1550045K->894004K(6209536K), 0.0215288 secs] [Times: user=0.06 sys=0.00, real=0.02 secs] 
2020-08-02T11:32:30.945+0800: 12530334.923: [GC (Allocation Failure) 2020-08-02T11:32:30.945+0800: 12530334.923: [ParNew: 665196K->10322K(737280K), 0.0174894 secs] 1549364K->894623K(6209536K), 0.0176576 secs] [Times: user=0.07 sys=0.00, real=0.02 secs] 
2020-08-02T11:33:36.148+0800: 12530400.126: [GC (Allocation Failure) 2020-08-02T11:33:36.148+0800: 12530400.126: [ParNew: 665682K->10556K(737280K), 0.0209259 secs] 1549983K->895247K(6209536K), 0.0210978 secs] [Times: user=0.07 sys=0.00, real=0.02 secs] 
2020-08-02T11:35:01.985+0800: 12530485.963: [GC (Allocation Failure) 2020-08-02T11:35:01.985+0800: 12530485.963: [ParNew: 665916K->10195K(737280K), 0.0171214 secs] 1550607K->895049K(6209536K), 0.0172871 secs] [Times: user=0.07 sys=0.01, real=0.02 secs] 
2020-08-02T11:36:34.576+0800: 12530578.554: [GC (Allocation Failure) 2020-08-02T11:36:34.576+0800: 12530578.554: [ParNew: 665502K->11744K(737280K), 0.0165931 secs] 1550356K->896731K(6209536K), 0.0167876 secs] [Times: user=0.06 sys=0.00, real=0.02 secs] 
2020-08-02T11:39:06.737+0800: 12530730.715: [GC (Allocation Failure) 2020-08-02T11:39:06.744+0800: 12530730.722: [ParNew: 667104K->9670K(737280K), 0.0175990 secs] 1552091K->894950K(6209536K), 0.0246234 secs] [Times: user=0.06 sys=0.02, real=0.03 secs] 
2020-08-02T11:42:11.305+0800: 12530915.282: [GC (Allocation Failure) 2020-08-02T11:42:11.306+0800: 12530915.283: [ParNew: 665030K->10824K(737280K), 0.0139725 secs] 1550310K->896277K(6209536K), 0.0151055 secs] [Times: user=0.06 sys=0.00, real=0.02 secs] 
2020-08-02T11:45:11.202+0800: 12531095.180: [GC (Allocation Failure) 2020-08-02T11:45:11.202+0800: 12531095.180: [ParNew: 666119K->12382K(737280K), 0.0165071 secs] 1551572K->898437K(6209536K), 0.0167355 secs] [Times: user=0.06 sys=0.00, real=0.02 secs] 
2020-08-02T11:47:44.084+0800: 12531248.062: [GC (Allocation Failure) 2020-08-02T11:47:44.084+0800: 12531248.062: [ParNew: 667742K->11768K(737280K), 0.0150539 secs] 1553797K->897899K(6209536K), 0.0152642 secs] [Times: user=0.07 sys=0.00, real=0.02 secs] 
2020-08-02T11:49:37.553+0800: 12531361.531: [GC (Allocation Failure) 2020-08-02T11:49:37.553+0800: 12531361.531: [ParNew: 667128K->12140K(737280K), 0.0164213 secs] 1553259K->898435K(6209536K), 0.0166039 secs] [Times: user=0.08 sys=0.00, real=0.02 secs] 
2020-08-02T11:51:30.641+0800: 12531474.619: [GC (Allocation Failure) 2020-08-02T11:51:30.641+0800: 12531474.619: [ParNew: 667500K->14075K(737280K), 0.0266065 secs] 1553795K->901078K(6209536K), 0.0277615 secs] [Times: user=0.08 sys=0.00, real=0.03 secs] 
2020-08-02T11:52:26.323+0800: 12531530.301: [GC (Allocation Failure) 2020-08-02T11:52:26.323+0800: 12531530.301: [ParNew: 669435K->11381K(737280K), 0.0216086 secs] 1556438K->898752K(6209536K), 0.0218390 secs] [Times: user=0.08 sys=0.00, real=0.02 secs] 
2020-08-02T11:54:15.509+0800: 12531639.487: [GC (Allocation Failure) 2020-08-02T11:54:15.509+0800: 12531639.487: [ParNew: 666706K->10918K(737280K), 0.0179089 secs] 1554077K->898546K(6209536K), 0.0181064 secs] [Times: user=0.07 sys=0.00, real=0.02 secs] 
2020-08-02T11:55:31.564+0800: 12531715.542: [GC (Allocation Failure) 2020-08-02T11:55:31.564+0800: 12531715.542: [ParNew: 666278K->10642K(737280K), 0.0168292 secs] 1553906K->898476K(6209536K), 0.0170053 secs] [Times: user=0.08 sys=0.01, real=0.02 secs] 
2020-08-02T11:57:50.184+0800: 12531854.162: [GC (Allocation Failure) 2020-08-02T11:57:50.184+0800: 12531854.162: [ParNew: 666002K->9995K(737280K), 0.0166286 secs] 1553836K->898094K(6209536K), 0.0168171 secs] [Times: user=0.08 sys=0.00, real=0.02 secs] 
2020-08-02T12:00:37.657+0800: 12532021.635: [GC (Allocation Failure) 2020-08-02T12:00:37.663+0800: 12532021.641: [ParNew: 665355K->10133K(737280K), 0.0192425 secs] 1553454K->898308K(6209536K), 0.0255031 secs] [Times: user=0.08 sys=0.01, real=0.03 secs] 
2020-08-02T12:02:53.089+0800: 12532157.067: [GC (Allocation Failure) 2020-08-02T12:02:53.090+0800: 12532157.067: [ParNew: 665493K->12766K(737280K), 0.0176339 secs] 1553668K->901214K(6209536K), 0.0178099 secs] [Times: user=0.07 sys=0.00, real=0.02 secs] 
2020-08-02T12:05:06.687+0800: 12532290.665: [GC (Allocation Failure) 2020-08-02T12:05:06.687+0800: 12532290.665: [ParNew: 668126K->13563K(737280K), 0.0224299 secs] 1556574K->902163K(6209536K), 0.0226289 secs] [Times: user=0.07 sys=0.00, real=0.02 secs] 
2020-08-02T12:07:09.724+0800: 12532413.702: [GC (Allocation Failure) 2020-08-02T12:07:09.730+0800: 12532413.707: [ParNew: 668912K->17755K(737280K), 0.0230935 secs] 1557512K->906994K(6209536K), 0.0288423 secs] [Times: user=0.09 sys=0.00, real=0.03 secs] 
2020-08-02T12:08:37.831+0800: 12532501.809: [GC (Allocation Failure) 2020-08-02T12:08:37.831+0800: 12532501.809: [ParNew: 673115K->15217K(737280K), 0.0193676 secs] 1562354K->904527K(6209536K), 0.0195373 secs] [Times: user=0.08 sys=0.00, real=0.02 secs] 
2020-08-02T12:11:20.102+0800: 12532664.080: [GC (Allocation Failure) 2020-08-02T12:11:20.102+0800: 12532664.080: [ParNew: 670577K->13451K(737280K), 0.0183533 secs] 1559887K->902906K(6209536K), 0.0185485 secs] [Times: user=0.08 sys=0.00, real=0.02 secs] 
2020-08-02T12:17:51.402+0800: 12533055.379: [GC (Allocation Failure) 2020-08-02T12:17:51.407+0800: 12533055.385: [ParNew: 668811K->13954K(737280K), 0.0159211 secs] 1558266K->903640K(6209536K), 0.0216404 secs] [Times: user=0.07 sys=0.00, real=0.02 secs] 
2020-08-02T12:20:31.414+0800: 12533215.392: [GC (Allocation Failure) 2020-08-02T12:20:31.414+0800: 12533215.392: [ParNew: 669314K->10442K(737280K), 0.0221246 secs] 1559000K->900498K(6209536K), 0.0223145 secs] [Times: user=0.09 sys=0.00, real=0.02 secs] 
2020-08-02T12:24:25.921+0800: 12533449.899: [GC (Allocation Failure) 2020-08-02T12:24:25.921+0800: 12533449.899: [ParNew: 665802K->12505K(737280K), 0.0158292 secs] 1555858K->902655K(6209536K), 0.0160316 secs] [Times: user=0.07 sys=0.00, real=0.01 secs] 
2020-08-02T12:27:28.774+0800: 12533632.752: [GC (Allocation Failure) 2020-08-02T12:27:28.774+0800: 12533632.752: [ParNew: 667865K->9551K(737280K), 0.0164761 secs] 1558015K->899937K(6209536K), 0.0166499 secs] [Times: user=0.08 sys=0.00, real=0.02 secs] 
2020-08-02T12:33:00.090+0800: 12533964.068: [GC (Allocation Failure) 2020-08-02T12:33:00.096+0800: 12533964.074: [ParNew: 664911K->10620K(737280K), 0.0326421 secs] 1555297K->901363K(6209536K), 0.0390678 secs] [Times: user=0.12 sys=0.00, real=0.04 secs] 
2020-08-02T12:36:10.771+0800: 12534154.749: [GC (Allocation Failure) 2020-08-02T12:36:10.771+0800: 12534154.749: [ParNew: 665980K->18696K(737280K), 0.0410949 secs] 1556723K->909469K(6209536K), 0.0412916 secs] [Times: user=0.10 sys=0.01, real=0.04 secs] 
2020-08-02T12:39:01.442+0800: 12534325.420: [GC (Allocation Failure) 2020-08-02T12:39:01.442+0800: 12534325.420: [ParNew: 674056K->16297K(737280K), 0.0179816 secs] 1564829K->907509K(6209536K), 0.0181746 secs] [Times: user=0.07 sys=0.00, real=0.02 secs] 
2020-08-02T12:41:45.964+0800: 12534489.942: [GC (Allocation Failure) 2020-08-02T12:41:45.965+0800: 12534489.942: [ParNew: 671550K->10816K(737280K), 0.0185191 secs] 1562761K->902372K(6209536K), 0.0186960 secs] [Times: user=0.08 sys=0.00, real=0.02 secs] 
2020-08-02T12:43:20.408+0800: 12534584.386: [GC (Allocation Failure) 2020-08-02T12:43:20.408+0800: 12534584.386: [ParNew: 666176K->9701K(737280K), 0.0157868 secs] 1557732K->901430K(6209536K), 0.0159565 secs] [Times: user=0.06 sys=0.00, real=0.01 secs] 
2020-08-02T12:45:36.378+0800: 12534720.356: [GC (Allocation Failure) 2020-08-02T12:45:36.379+0800: 12534720.356: [ParNew: 665061K->9087K(737280K), 0.0154997 secs] 1556790K->900816K(6209536K), 0.0157098 secs] [Times: user=0.07 sys=0.01, real=0.02 secs] 
2020-08-02T12:47:40.328+0800: 12534844.306: [GC (Allocation Failure) 2020-08-02T12:47:40.328+0800: 12534844.306: [ParNew: 664437K->10080K(737280K), 0.0177132 secs] 1556166K->902111K(6209536K), 0.0179098 secs] [Times: user=0.07 sys=0.01, real=0.01 secs] 
2020-08-02T12:50:17.708+0800: 12535001.686: [GC (Allocation Failure) 2020-08-02T12:50:17.709+0800: 12535001.686: [ParNew: 665440K->10781K(737280K), 0.0173939 secs] 1557471K->902949K(6209536K), 0.0175734 secs] [Times: user=0.08 sys=0.00, real=0.01 secs] 
2020-08-02T12:52:29.858+0800: 12535133.835: [GC (Allocation Failure) 2020-08-02T12:52:29.858+0800: 12535133.836: [ParNew: 666141K->9094K(737280K), 0.0177751 secs] 1558309K->901400K(6209536K), 0.0179766 secs] [Times: user=0.07 sys=0.00, real=0.02 secs] 
2020-08-02T12:54:37.822+0800: 12535261.800: [GC (Allocation Failure) 2020-08-02T12:54:37.822+0800: 12535261.800: [ParNew: 664454K->10387K(737280K), 0.0162878 secs] 1556760K->902732K(6209536K), 0.0164694 secs] [Times: user=0.07 sys=0.00, real=0.02 secs] 
2020-08-02T12:57:27.325+0800: 12535431.303: [GC (Allocation Failure) 2020-08-02T12:57:27.330+0800: 12535431.308: [ParNew: 665747K->10180K(737280K), 0.0174392 secs] 1558092K->902658K(6209536K), 0.0230207 secs] [Times: user=0.07 sys=0.00, real=0.03 secs] 
2020-08-02T13:01:33.907+0800: 12535677.885: [GC (Allocation Failure) 2020-08-02T13:01:33.913+0800: 12535677.891: [ParNew: 665540K->11810K(737280K), 0.0175072 secs] 1558018K->904442K(6209536K), 0.0233574 secs] [Times: user=0.07 sys=0.00, real=0.02 secs] 
2020-08-02T13:04:33.454+0800: 12535857.432: [GC (Allocation Failure) 2020-08-02T13:04:33.455+0800: 12535857.432: [ParNew: 667170K->10918K(737280K), 0.0202476 secs] 1559802K->903889K(6209536K), 0.0204813 secs] [Times: user=0.08 sys=0.01, real=0.02 secs] 
2020-08-02T13:07:17.743+0800: 12536021.721: [GC (Allocation Failure) 2020-08-02T13:07:17.743+0800: 12536021.721: [ParNew: 666277K->20679K(737280K), 0.0215747 secs] 1559248K->913754K(6209536K), 0.0217706 secs] [Times: user=0.08 sys=0.00, real=0.02 secs] 
2020-08-02T13:09:15.694+0800: 12536139.671: [GC (Allocation Failure) 2020-08-02T13:09:15.694+0800: 12536139.672: [ParNew: 676039K->12666K(737280K), 0.0180748 secs] 1569114K->905883K(6209536K), 0.0182610 secs] [Times: user=0.08 sys=0.00, real=0.02 secs] 
2020-08-02T13:12:00.181+0800: 12536304.159: [GC (Allocation Failure) 2020-08-02T13:12:00.187+0800: 12536304.164: [ParNew: 668026K->11281K(737280K), 0.0167153 secs] 1561243K->904634K(6209536K), 0.0220064 secs] [Times: user=0.07 sys=0.00, real=0.02 secs] 
2020-08-02T13:15:51.396+0800: 12536535.373: [GC (Allocation Failure) 2020-08-02T13:15:51.401+0800: 12536535.379: [ParNew: 666641K->11578K(737280K), 0.0156466 secs] 1559994K->905103K(6209536K), 0.0211392 secs] [Times: user=0.08 sys=0.00, real=0.02 secs] 
2020-08-02T13:19:40.902+0800: 12536764.880: [GC (Allocation Failure) 2020-08-02T13:19:40.908+0800: 12536764.885: [ParNew: 666938K->9870K(737280K), 0.0357903 secs] 1560463K->903915K(6209536K), 0.0415727 secs] [Times: user=0.10 sys=0.01, real=0.04 secs] 
2020-08-02T13:23:46.099+0800: 12537010.077: [GC (Allocation Failure) 2020-08-02T13:23:46.103+0800: 12537010.081: [ParNew: 665230K->10139K(737280K), 0.0154410 secs] 1559275K->904571K(6209536K), 0.0203211 secs] [Times: user=0.07 sys=0.01, real=0.02 secs] 
2020-08-02T13:27:34.307+0800: 12537238.285: [GC (Allocation Failure) 2020-08-02T13:27:34.307+0800: 12537238.285: [ParNew: 665499K->9795K(737280K), 0.0154135 secs] 1559931K->904343K(6209536K), 0.0155714 secs] [Times: user=0.06 sys=0.00, real=0.01 secs] 
2020-08-02T13:29:31.999+0800: 12537355.977: [GC (Allocation Failure) 2020-08-02T13:29:31.999+0800: 12537355.977: [ParNew: 665155K->18006K(737280K), 0.0195741 secs] 1559703K->912741K(6209536K), 0.0197407 secs] [Times: user=0.11 sys=0.01, real=0.02 secs] 
2020-08-02T13:29:55.492+0800: 12537379.470: [GC (Allocation Failure) 2020-08-02T13:29:55.493+0800: 12537379.470: [ParNew: 673366K->61284K(737280K), 0.0523209 secs] 1568101K->956206K(6209536K), 0.0524947 secs] [Times: user=0.33 sys=0.00, real=0.05 secs] 
2020-08-02T13:30:17.434+0800: 12537401.412: [GC (Allocation Failure) 2020-08-02T13:30:17.434+0800: 12537401.412: [ParNew: 716644K->63260K(737280K), 0.2039857 secs] 1611566K->1015580K(6209536K), 0.2041620 secs] [Times: user=0.92 sys=0.08, real=0.20 secs] 
2020-08-02T13:30:36.488+0800: 12537420.466: [GC (Allocation Failure) 2020-08-02T13:30:36.488+0800: 12537420.466: [ParNew: 718620K->81920K(737280K), 0.0642056 secs] 1670940K->1036791K(6209536K), 0.0643546 secs] [Times: user=0.48 sys=0.00, real=0.06 secs] 
2020-08-02T13:30:52.409+0800: 12537436.387: [GC (Allocation Failure) 2020-08-02T13:30:52.409+0800: 12537436.387: [ParNew: 737280K->81920K(737280K), 0.1168595 secs] 1692151K->1083876K(6209536K), 0.1170358 secs] [Times: user=0.74 sys=0.00, real=0.11 secs] 
2020-08-02T13:31:06.924+0800: 12537450.902: [GC (Allocation Failure) 2020-08-02T13:31:06.924+0800: 12537450.902: [ParNew: 737280K->74812K(737280K), 0.1150238 secs] 1739236K->1151904K(6209536K), 0.1151731 secs] [Times: user=0.78 sys=0.00, real=0.12 secs] 
2020-08-02T13:31:25.384+0800: 12537469.362: [GC (Allocation Failure) 2020-08-02T13:31:25.384+0800: 12537469.362: [ParNew: 730172K->81920K(737280K), 0.0653313 secs] 1807264K->1161889K(6209536K), 0.0654919 secs] [Times: user=0.48 sys=0.00, real=0.07 secs] 
2020-08-02T13:31:40.138+0800: 12537484.116: [GC (Allocation Failure) 2020-08-02T13:31:40.138+0800: 12537484.116: [ParNew: 737280K->81920K(737280K), 0.0963524 secs] 1817249K->1200203K(6209536K), 0.0965707 secs] [Times: user=0.64 sys=0.00, real=0.10 secs] 
2020-08-02T13:31:56.478+0800: 12537500.456: [GC (Allocation Failure) 2020-08-02T13:31:56.479+0800: 12537500.456: [ParNew: 737280K->81920K(737280K), 0.1147074 secs] 1855563K->1240130K(6209536K), 0.1149321 secs] [Times: user=0.76 sys=0.00, real=0.12 secs] 
2020-08-02T13:32:14.129+0800: 12537518.107: [GC (Allocation Failure) 2020-08-02T13:32:14.129+0800: 12537518.107: [ParNew: 737280K->81920K(737280K), 0.0955613 secs] 1895490K->1274592K(6209536K), 0.0957558 secs] [Times: user=0.60 sys=0.00, real=0.09 secs] 
2020-08-02T13:32:35.663+0800: 12537539.641: [GC (Allocation Failure) 2020-08-02T13:32:35.663+0800: 12537539.641: [ParNew: 737280K->81920K(737280K), 0.0947946 secs] 1929952K->1314324K(6209536K), 0.0949446 secs] [Times: user=0.63 sys=0.00, real=0.09 secs] 
2020-08-02T13:33:13.343+0800: 12537577.321: [GC (Allocation Failure) 2020-08-02T13:33:13.343+0800: 12537577.321: [ParNew: 737280K->81920K(737280K), 0.0944258 secs] 1969684K->1346933K(6209536K), 0.0945736 secs] [Times: user=0.65 sys=0.00, real=0.09 secs] 
2020-08-02T13:33:39.840+0800: 12537603.818: [GC (Allocation Failure) 2020-08-02T13:33:39.840+0800: 12537603.818: [ParNew: 737280K->81920K(737280K), 0.0961445 secs] 2002293K->1380380K(6209536K), 0.0963292 secs] [Times: user=0.65 sys=0.00, real=0.09 secs] 
2020-08-02T13:34:04.442+0800: 12537628.420: [GC (Allocation Failure) 2020-08-02T13:34:04.442+0800: 12537628.420: [ParNew: 737280K->81920K(737280K), 0.0959781 secs] 2035740K->1421876K(6209536K), 0.0961523 secs] [Times: user=0.62 sys=0.00, real=0.10 secs] 
2020-08-02T13:34:27.521+0800: 12537651.499: [GC (Allocation Failure) 2020-08-02T13:34:27.521+0800: 12537651.499: [ParNew: 737280K->81920K(737280K), 0.1285444 secs] 2077236K->1458209K(6209536K), 0.1286970 secs] [Times: user=0.63 sys=0.00, real=0.13 secs] 
2020-08-02T13:34:45.943+0800: 12537669.921: [GC (Allocation Failure) 2020-08-02T13:34:45.944+0800: 12537669.921: [ParNew: 737280K->81920K(737280K), 0.1038039 secs] 2113569K->1495648K(6209536K), 0.1039590 secs] [Times: user=0.68 sys=0.00, real=0.11 secs] 
2020-08-02T13:35:08.225+0800: 12537692.203: [GC (Allocation Failure) 2020-08-02T13:35:08.225+0800: 12537692.203: [ParNew: 737280K->81920K(737280K), 0.1082358 secs] 2151008K->1535129K(6209536K), 0.1083907 secs] [Times: user=0.75 sys=0.00, real=0.11 secs] 
2020-08-02T13:35:19.341+0800: 12537703.319: [GC (Allocation Failure) 2020-08-02T13:35:19.341+0800: 12537703.319: [ParNew: 737280K->77971K(737280K), 0.1354309 secs] 2190489K->1609622K(6209536K), 0.1356044 secs] [Times: user=0.76 sys=0.00, real=0.13 secs] 
2020-08-02T13:35:28.739+0800: 12537712.717: [GC (Allocation Failure) 2020-08-02T13:35:28.739+0800: 12537712.717: [ParNew: 733331K->56936K(737280K), 0.0922844 secs] 2264982K->1629473K(6209536K), 0.0924605 secs] [Times: user=0.57 sys=0.00, real=0.09 secs] 
2020-08-02T13:35:41.336+0800: 12537725.314: [GC (Allocation Failure) 2020-08-02T13:35:41.336+0800: 12537725.314: [ParNew: 712296K->66384K(737280K), 0.0858182 secs] 2284833K->1680975K(6209536K), 0.0859896 secs] [Times: user=0.58 sys=0.00, real=0.09 secs] 
2020-08-02T13:35:59.077+0800: 12537743.055: [GC (Allocation Failure) 2020-08-02T13:35:59.077+0800: 12537743.055: [ParNew: 721744K->64229K(737280K), 0.0932190 secs] 2336335K->1721480K(6209536K), 0.0934192 secs] [Times: user=0.54 sys=0.00, real=0.10 secs] 
2020-08-02T13:36:18.019+0800: 12537761.996: [GC (Allocation Failure) 2020-08-02T13:36:18.019+0800: 12537761.997: [ParNew: 719589K->58945K(737280K), 0.0954050 secs] 2376840K->1757992K(6209536K), 0.0955561 secs] [Times: user=0.59 sys=0.00, real=0.09 secs] 
2020-08-02T13:36:41.094+0800: 12537785.072: [GC (Allocation Failure) 2020-08-02T13:36:41.094+0800: 12537785.072: [ParNew: 714305K->81920K(737280K), 0.0695190 secs] 2413352K->1783141K(6209536K), 0.0696757 secs] [Times: user=0.45 sys=0.00, real=0.07 secs] 
2020-08-02T13:36:55.407+0800: 12537799.385: [GC (Allocation Failure) 2020-08-02T13:36:55.407+0800: 12537799.385: [ParNew: 737280K->81920K(737280K), 0.1178974 secs] 2438501K->1823802K(6209536K), 0.1181082 secs] [Times: user=0.64 sys=0.00, real=0.11 secs] 
2020-08-02T13:37:20.531+0800: 12537824.509: [GC (Allocation Failure) 2020-08-02T13:37:20.531+0800: 12537824.509: [ParNew: 737280K->70945K(737280K), 0.1267404 secs] 2479162K->1885798K(6209536K), 0.1269276 secs] [Times: user=0.79 sys=0.00, real=0.13 secs] 
2020-08-02T13:37:45.843+0800: 12537849.820: [GC (Allocation Failure) 2020-08-02T13:37:45.843+0800: 12537849.821: [ParNew: 726305K->58581K(737280K), 0.0968248 secs] 2541158K->1913691K(6209536K), 0.0970208 secs] [Times: user=0.50 sys=0.00, real=0.10 secs] 
2020-08-02T13:38:13.705+0800: 12537877.683: [GC (Allocation Failure) 2020-08-02T13:38:13.705+0800: 12537877.683: [ParNew: 713941K->81920K(737280K), 0.0709105 secs] 2569051K->1938476K(6209536K), 0.0710708 secs] [Times: user=0.43 sys=0.00, real=0.07 secs] 
2020-08-02T13:38:39.199+0800: 12537903.177: [GC (Allocation Failure) 2020-08-02T13:38:39.200+0800: 12537903.177: [ParNew: 737280K->81920K(737280K), 0.0932174 secs] 2593836K->1973847K(6209536K), 0.0933853 secs] [Times: user=0.61 sys=0.00, real=0.09 secs] 
2020-08-02T13:39:22.577+0800: 12537946.555: [GC (Allocation Failure) 2020-08-02T13:39:22.577+0800: 12537946.555: [ParNew: 737280K->81920K(737280K), 0.1022678 secs] 2629207K->2015076K(6209536K), 0.1024577 secs] [Times: user=0.60 sys=0.00, real=0.11 secs] 
2020-08-02T13:40:00.473+0800: 12537984.451: [GC (Allocation Failure) 2020-08-02T13:40:00.473+0800: 12537984.451: [ParNew: 737280K->81920K(737280K), 0.0882430 secs] 2670436K->2053227K(6209536K), 0.0884125 secs] [Times: user=0.53 sys=0.00, real=0.09 secs] 
2020-08-02T13:40:31.549+0800: 12538015.527: [GC (Allocation Failure) 2020-08-02T13:40:31.549+0800: 12538015.527: [ParNew: 737280K->81920K(737280K), 0.1220064 secs] 2708587K->2091738K(6209536K), 0.1221738 secs] [Times: user=0.63 sys=0.00, real=0.12 secs] 
2020-08-02T13:41:10.979+0800: 12538054.957: [GC (Allocation Failure) 2020-08-02T13:41:10.979+0800: 12538054.957: [ParNew: 737280K->81920K(737280K), 0.1019056 secs] 2747098K->2126409K(6209536K), 0.1020740 secs] [Times: user=0.61 sys=0.00, real=0.10 secs] 
2020-08-02T13:41:45.863+0800: 12538089.841: [GC (Allocation Failure) 2020-08-02T13:41:45.863+0800: 12538089.841: [ParNew: 737280K->81920K(737280K), 0.1013527 secs] 2781769K->2164049K(6209536K), 0.1015157 secs] [Times: user=0.65 sys=0.00, real=0.10 secs] 
2020-08-02T13:42:29.277+0800: 12538133.255: [GC (Allocation Failure) 2020-08-02T13:42:29.277+0800: 12538133.255: [ParNew: 737232K->81920K(737280K), 0.1011336 secs] 2819361K->2202718K(6209536K), 0.1013307 secs] [Times: user=0.53 sys=0.00, real=0.10 secs] 
2020-08-02T13:43:09.978+0800: 12538173.956: [GC (Allocation Failure) 2020-08-02T13:43:09.979+0800: 12538173.956: [ParNew: 737280K->81920K(737280K), 0.0854407 secs] 2858078K->2233036K(6209536K), 0.0856341 secs] [Times: user=0.58 sys=0.00, real=0.09 secs] 
2020-08-02T13:43:39.943+0800: 12538203.921: [GC (Allocation Failure) 2020-08-02T13:43:39.943+0800: 12538203.921: [ParNew: 737280K->81920K(737280K), 0.1042299 secs] 2888396K->2271102K(6209536K), 0.1044043 secs] [Times: user=0.49 sys=0.00, real=0.11 secs] 
2020-08-02T13:44:20.685+0800: 12538244.663: [GC (Allocation Failure) 2020-08-02T13:44:20.686+0800: 12538244.663: [ParNew: 737280K->81920K(737280K), 0.0915847 secs] 2926462K->2300078K(6209536K), 0.0917667 secs] [Times: user=0.54 sys=0.00, real=0.09 secs] 
2020-08-02T13:44:53.035+0800: 12538277.013: [GC (Allocation Failure) 2020-08-02T13:44:53.035+0800: 12538277.013: [ParNew: 737280K->73206K(737280K), 0.0864788 secs] 2955438K->2325292K(6209536K), 0.0866468 secs] [Times: user=0.57 sys=0.00, real=0.09 secs] 
2020-08-02T13:45:33.630+0800: 12538317.608: [GC (Allocation Failure) 2020-08-02T13:45:33.630+0800: 12538317.608: [ParNew: 728566K->81920K(737280K), 0.0826619 secs] 2980652K->2364666K(6209536K), 0.0828262 secs] [Times: user=0.48 sys=0.01, real=0.08 secs] 
2020-08-02T13:46:15.106+0800: 12538359.084: [GC (Allocation Failure) 2020-08-02T13:46:15.107+0800: 12538359.084: [ParNew: 737280K->81920K(737280K), 0.0883096 secs] 3020026K->2394277K(6209536K), 0.0884822 secs] [Times: user=0.56 sys=0.00, real=0.08 secs] 
2020-08-02T13:46:48.610+0800: 12538392.588: [GC (Allocation Failure) 2020-08-02T13:46:48.610+0800: 12538392.588: [ParNew: 737280K->81920K(737280K), 0.1125298 secs] 3049637K->2429128K(6209536K), 0.1127072 secs] [Times: user=0.64 sys=0.00, real=0.11 secs] 
2020-08-02T13:47:22.865+0800: 12538426.842: [GC (Allocation Failure) 2020-08-02T13:47:22.865+0800: 12538426.843: [ParNew: 737280K->81920K(737280K), 0.0929244 secs] 3084488K->2462446K(6209536K), 0.0930776 secs] [Times: user=0.64 sys=0.00, real=0.09 secs] 
2020-08-02T13:48:01.555+0800: 12538465.532: [GC (Allocation Failure) 2020-08-02T13:48:01.555+0800: 12538465.532: [ParNew: 737280K->81920K(737280K), 0.1056968 secs] 3117806K->2507672K(6209536K), 0.1058774 secs] [Times: user=0.58 sys=0.00, real=0.11 secs] 
2020-08-02T13:48:45.525+0800: 12538509.503: [GC (Allocation Failure) 2020-08-02T13:48:45.525+0800: 12538509.503: [ParNew: 737198K->81920K(737280K), 0.0950796 secs] 3162950K->2539744K(6209536K), 0.0952395 secs] [Times: user=0.66 sys=0.00, real=0.10 secs] 
2020-08-02T13:49:19.016+0800: 12538542.994: [GC (Allocation Failure) 2020-08-02T13:49:19.016+0800: 12538542.994: [ParNew: 737280K->81920K(737280K), 0.1043566 secs] 3195104K->2583125K(6209536K), 0.1045335 secs] [Times: user=0.62 sys=0.01, real=0.11 secs] 
2020-08-02T13:49:48.846+0800: 12538572.824: [GC (Allocation Failure) 2020-08-02T13:49:48.846+0800: 12538572.824: [ParNew: 737280K->81920K(737280K), 0.0982346 secs] 3238485K->2615996K(6209536K), 0.0984463 secs] [Times: user=0.52 sys=0.00, real=0.10 secs] 
2020-08-02T13:50:13.653+0800: 12538597.630: [GC (Allocation Failure) 2020-08-02T13:50:13.653+0800: 12538597.631: [ParNew: 737280K->81920K(737280K), 0.0948031 secs] 3271356K->2646976K(6209536K), 0.0949724 secs] [Times: user=0.60 sys=0.00, real=0.10 secs] 
2020-08-02T13:50:35.578+0800: 12538619.556: [GC (Allocation Failure) 2020-08-02T13:50:35.578+0800: 12538619.556: [ParNew: 737280K->81920K(737280K), 0.0980691 secs] 3302336K->2682390K(6209536K), 0.0982275 secs] [Times: user=0.66 sys=0.00, real=0.10 secs] 
2020-08-02T13:50:59.661+0800: 12538643.639: [GC (Allocation Failure) 2020-08-02T13:50:59.661+0800: 12538643.639: [ParNew: 737280K->81920K(737280K), 0.0967504 secs] 3337750K->2719206K(6209536K), 0.0969340 secs] [Times: user=0.67 sys=0.00, real=0.09 secs] 
2020-08-02T13:51:31.260+0800: 12538675.238: [GC (Allocation Failure) 2020-08-02T13:51:31.261+0800: 12538675.238: [ParNew: 737280K->81920K(737280K), 0.0962491 secs] 3374566K->2760399K(6209536K), 0.0964006 secs] [Times: user=0.64 sys=0.00, real=0.09 secs] 
2020-08-02T13:51:56.467+0800: 12538700.445: [GC (Allocation Failure) 2020-08-02T13:51:56.467+0800: 12538700.445: [ParNew: 737280K->81920K(737280K), 0.0866917 secs] 3415759K->2795155K(6209536K), 0.0868550 secs] [Times: user=0.58 sys=0.01, real=0.08 secs] 
2020-08-02T13:52:19.273+0800: 12538723.251: [GC (Allocation Failure) 2020-08-02T13:52:19.273+0800: 12538723.251: [ParNew: 737280K->81920K(737280K), 0.0918950 secs] 3450515K->2827905K(6209536K), 0.0920549 secs] [Times: user=0.59 sys=0.00, real=0.09 secs] 
2020-08-02T13:52:41.586+0800: 12538745.563: [GC (Allocation Failure) 2020-08-02T13:52:41.586+0800: 12538745.564: [ParNew: 737280K->81920K(737280K), 0.0901786 secs] 3483265K->2860519K(6209536K), 0.0903598 secs] [Times: user=0.58 sys=0.00, real=0.09 secs] 
2020-08-02T13:53:05.943+0800: 12538769.921: [GC (Allocation Failure) 2020-08-02T13:53:05.943+0800: 12538769.921: [ParNew: 737280K->81920K(737280K), 0.0953872 secs] 3515879K->2893979K(6209536K), 0.0955773 secs] [Times: user=0.62 sys=0.00, real=0.09 secs] 
2020-08-02T13:53:25.263+0800: 12538789.241: [GC (Allocation Failure) 2020-08-02T13:53:25.263+0800: 12538789.241: [ParNew: 737280K->81920K(737280K), 0.1038208 secs] 3549339K->2933044K(6209536K), 0.1039863 secs] [Times: user=0.66 sys=0.00, real=0.11 secs] 
2020-08-02T13:53:55.313+0800: 12538819.291: [GC (Allocation Failure) 2020-08-02T13:53:55.313+0800: 12538819.291: [ParNew: 737280K->72521K(737280K), 0.1269851 secs] 3588404K->2996139K(6209536K), 0.1271620 secs] [Times: user=0.75 sys=0.00, real=0.13 secs] 
2020-08-02T13:54:17.630+0800: 12538841.608: [GC (Allocation Failure) 2020-08-02T13:54:17.630+0800: 12538841.608: [ParNew: 727881K->57817K(737280K), 0.0862709 secs] 3651499K->3024787K(6209536K), 0.0864361 secs] [Times: user=0.59 sys=0.00, real=0.08 secs] 
2020-08-02T13:54:37.735+0800: 12538861.713: [GC (Allocation Failure) 2020-08-02T13:54:37.735+0800: 12538861.713: [ParNew: 713054K->49875K(737280K), 0.0801115 secs] 3680024K->3056790K(6209536K), 0.0802688 secs] [Times: user=0.55 sys=0.00, real=0.08 secs] 
2020-08-02T13:55:04.229+0800: 12538888.207: [GC (Allocation Failure) 2020-08-02T13:55:04.229+0800: 12538888.207: [ParNew: 705235K->81920K(737280K), 0.0689013 secs] 3712150K->3090368K(6209536K), 0.0690864 secs] [Times: user=0.40 sys=0.00, real=0.06 secs] 
2020-08-02T13:55:21.481+0800: 12538905.458: [GC (Allocation Failure) 2020-08-02T13:55:21.481+0800: 12538905.459: [ParNew: 737280K->81920K(737280K), 0.0906693 secs] 3745728K->3132486K(6209536K), 0.0908251 secs] [Times: user=0.54 sys=0.00, real=0.09 secs] 
2020-08-02T13:55:46.236+0800: 12538930.214: [GC (Allocation Failure) 2020-08-02T13:55:46.236+0800: 12538930.214: [ParNew: 737280K->81920K(737280K), 0.1034676 secs] 3787846K->3169485K(6209536K), 0.1036427 secs] [Times: user=0.71 sys=0.00, real=0.11 secs] 
2020-08-02T13:56:03.025+0800: 12538947.003: [GC (Allocation Failure) 2020-08-02T13:56:03.025+0800: 12538947.003: [ParNew: 737280K->75635K(737280K), 0.1215905 secs] 3824845K->3239621K(6209536K), 0.1217820 secs] [Times: user=0.77 sys=0.00, real=0.13 secs] 
2020-08-02T13:56:18.393+0800: 12538962.371: [GC (Allocation Failure) 2020-08-02T13:56:18.394+0800: 12538962.372: [ParNew: 730995K->81920K(737280K), 0.0682740 secs] 3894981K->3249691K(6209536K), 0.0694116 secs] [Times: user=0.46 sys=0.00, real=0.07 secs] 
2020-08-02T13:56:34.581+0800: 12538978.559: [GC (Allocation Failure) 2020-08-02T13:56:34.581+0800: 12538978.559: [ParNew: 737280K->81920K(737280K), 0.1061916 secs] 3905051K->3291218K(6209536K), 0.1063676 secs] [Times: user=0.68 sys=0.00, real=0.11 secs] 
2020-08-02T13:56:50.412+0800: 12538994.389: [GC (Allocation Failure) 2020-08-02T13:56:50.412+0800: 12538994.389: [ParNew: 737280K->81920K(737280K), 0.1109179 secs] 3946578K->3368544K(6209536K), 0.1111027 secs] [Times: user=0.72 sys=0.00, real=0.11 secs] 
2020-08-02T13:57:10.137+0800: 12539014.115: [GC (Allocation Failure) 2020-08-02T13:57:10.138+0800: 12539014.115: [ParNew: 737280K->81920K(737280K), 0.0684302 secs] 4023904K->3372451K(6209536K), 0.0686130 secs] [Times: user=0.50 sys=0.00, real=0.07 secs] 
2020-08-02T13:57:32.431+0800: 12539036.409: [GC (Allocation Failure) 2020-08-02T13:57:32.431+0800: 12539036.409: [ParNew: 737280K->81920K(737280K), 0.1169060 secs] 4027811K->3417702K(6209536K), 0.1170819 secs] [Times: user=0.80 sys=0.00, real=0.12 secs] 
2020-08-02T13:57:50.446+0800: 12539054.424: [GC (Allocation Failure) 2020-08-02T13:57:50.446+0800: 12539054.424: [ParNew: 737280K->75142K(737280K), 0.1304034 secs] 4073062K->3487902K(6209536K), 0.1305601 secs] [Times: user=0.79 sys=0.00, real=0.13 secs] 
2020-08-02T13:58:08.588+0800: 12539072.566: [GC (Allocation Failure) 2020-08-02T13:58:08.588+0800: 12539072.566: [ParNew: 730502K->65037K(737280K), 0.0894038 secs] 4143262K->3520085K(6209536K), 0.0896152 secs] [Times: user=0.56 sys=0.00, real=0.08 secs] 
2020-08-02T13:58:26.488+0800: 12539090.466: [GC (Allocation Failure) 2020-08-02T13:58:26.488+0800: 12539090.466: [ParNew: 720397K->68127K(737280K), 0.0983698 secs] 4175445K->3567113K(6209536K), 0.0985266 secs] [Times: user=0.63 sys=0.00, real=0.10 secs] 
2020-08-02T13:59:08.319+0800: 12539132.297: [GC (Allocation Failure) 2020-08-02T13:59:08.319+0800: 12539132.297: [ParNew: 723487K->54326K(737280K), 0.1012391 secs] 4222473K->3596407K(6209536K), 0.1014241 secs] [Times: user=0.69 sys=0.00, real=0.10 secs] 
2020-08-02T13:59:40.369+0800: 12539164.347: [GC (Allocation Failure) 2020-08-02T13:59:40.369+0800: 12539164.347: [ParNew: 709686K->54527K(737280K), 0.1166392 secs] 4251767K->3639182K(6209536K), 0.1168998 secs] [Times: user=0.52 sys=0.00, real=0.11 secs] 
2020-08-02T14:00:15.973+0800: 12539199.951: [GC (Allocation Failure) 2020-08-02T14:00:15.973+0800: 12539199.951: [ParNew: 709887K->81920K(737280K), 0.0657140 secs] 4294542K->3667792K(6209536K), 0.0659066 secs] [Times: user=0.43 sys=0.00, real=0.07 secs] 
2020-08-02T14:00:36.323+0800: 12539220.301: [GC (Allocation Failure) 2020-08-02T14:00:36.323+0800: 12539220.301: [ParNew: 737280K->65477K(737280K), 0.1259425 secs] 4323152K->3725141K(6209536K), 0.1261162 secs] [Times: user=0.73 sys=0.00, real=0.13 secs] 
2020-08-02T14:01:07.185+0800: 12539251.163: [GC (Allocation Failure) 2020-08-02T14:01:07.186+0800: 12539251.163: [ParNew: 720837K->81920K(737280K), 0.0854221 secs] 4380501K->3743227K(6209536K), 0.0856918 secs] [Times: user=0.42 sys=0.00, real=0.09 secs] 
2020-08-02T14:01:40.913+0800: 12539284.891: [GC (Allocation Failure) 2020-08-02T14:01:40.913+0800: 12539284.891: [ParNew: 737280K->81920K(737280K), 0.1087370 secs] 4398587K->3780848K(6209536K), 0.1089517 secs] [Times: user=0.65 sys=0.00, real=0.11 secs] 
2020-08-02T14:02:06.611+0800: 12539310.588: [GC (Allocation Failure) 2020-08-02T14:02:06.611+0800: 12539310.588: [ParNew: 737280K->81920K(737280K), 0.0941868 secs] 4436208K->3816168K(6209536K), 0.0943919 secs] [Times: user=0.57 sys=0.00, real=0.09 secs] 
2020-08-02T14:02:52.371+0800: 12539356.349: [GC (Allocation Failure) 2020-08-02T14:02:52.371+0800: 12539356.349: [ParNew: 737280K->80224K(737280K), 0.1147851 secs] 4471528K->3845718K(6209536K), 0.1150022 secs] [Times: user=0.64 sys=0.00, real=0.11 secs] 
2020-08-02T14:03:48.579+0800: 12539412.557: [GC (Allocation Failure) 2020-08-02T14:03:48.580+0800: 12539412.558: [ParNew: 735584K->81920K(737280K), 0.1082589 secs] 4501078K->3879154K(6209536K), 0.1094331 secs] [Times: user=0.52 sys=0.00, real=0.11 secs] 
2020-08-02T14:04:25.914+0800: 12539449.891: [GC (Allocation Failure) 2020-08-02T14:04:25.914+0800: 12539449.892: [ParNew: 737280K->81920K(737280K), 0.1136261 secs] 4534514K->3912130K(6209536K), 0.1138140 secs] [Times: user=0.57 sys=0.00, real=0.12 secs] 
2020-08-02T14:04:56.426+0800: 12539480.404: [GC (Allocation Failure) 2020-08-02T14:04:56.427+0800: 12539480.404: [ParNew: 737280K->81920K(737280K), 0.1304446 secs] 4567490K->3956565K(6209536K), 0.1307087 secs] [Times: user=0.53 sys=0.00, real=0.13 secs] 
2020-08-02T14:04:56.561+0800: 12539480.538: [GC (CMS Initial Mark) [1 CMS-initial-mark: 3874645K(5472256K)] 3956645K(6209536K), 0.0084185 secs] [Times: user=0.03 sys=0.00, real=0.01 secs] 
2020-08-02T14:04:56.569+0800: 12539480.547: [CMS-concurrent-mark-start]
2020-08-02T14:04:59.800+0800: 12539483.778: [CMS-concurrent-mark: 3.229/3.231 secs] [Times: user=6.83 sys=1.03, real=3.23 secs] 
2020-08-02T14:04:59.800+0800: 12539483.778: [CMS-concurrent-preclean-start]
2020-08-02T14:04:59.811+0800: 12539483.789: [CMS-concurrent-preclean: 0.011/0.011 secs] [Times: user=0.02 sys=0.00, real=0.01 secs] 
2020-08-02T14:04:59.812+0800: 12539483.789: [CMS-concurrent-abortable-preclean-start]
 CMS: abort preclean due to time 2020-08-02T14:05:04.827+0800: 12539488.805: [CMS-concurrent-abortable-preclean: 4.015/5.016 secs] [Times: user=4.68 sys=1.40, real=5.02 secs] 
2020-08-02T14:05:04.829+0800: 12539488.807: [GC (CMS Final Remark) [YG occupancy: 272608 K (737280 K)]2020-08-02T14:05:04.829+0800: 12539488.807: [Rescan (parallel) , 0.0384443 secs]2020-08-02T14:05:04.868+0800: 12539488.846: [weak refs processing, 0.0012451 secs]2020-08-02T14:05:04.869+0800: 12539488.847: [class unloading, 0.0182766 secs]2020-08-02T14:05:04.887+0800: 12539488.865: [scrub symbol table, 0.0065238 secs]2020-08-02T14:05:04.894+0800: 12539488.872: [scrub string table, 0.0009295 secs][1 CMS-remark: 3874645K(5472256K)] 4147253K(6209536K), 0.0657770 secs] [Times: user=0.18 sys=0.00, real=0.06 secs] 
2020-08-02T14:05:04.899+0800: 12539488.877: [CMS-concurrent-sweep-start]
2020-08-02T14:05:06.498+0800: 12539490.476: [CMS-concurrent-sweep: 1.599/1.599 secs] [Times: user=1.80 sys=0.42, real=1.59 secs] 
2020-08-02T14:05:06.498+0800: 12539490.476: [CMS-concurrent-reset-start]
2020-08-02T14:05:06.518+0800: 12539490.496: [CMS-concurrent-reset: 0.020/0.020 secs] [Times: user=0.02 sys=0.00, real=0.02 secs] 
2020-08-02T14:05:19.247+0800: 12539503.225: [GC (Allocation Failure) 2020-08-02T14:05:19.247+0800: 12539503.225: [ParNew: 737280K->78271K(737280K), 0.0947097 secs] 4405696K->3776595K(6209536K), 0.0948820 secs] [Times: user=0.60 sys=0.00, real=0.09 secs] 
2020-08-02T14:05:38.717+0800: 12539522.694: [GC (Allocation Failure) 2020-08-02T14:05:38.717+0800: 12539522.694: [ParNew: 733631K->81920K(737280K), 0.1463268 secs] 4431955K->3813433K(6209536K), 0.1465309 secs] [Times: user=0.65 sys=0.00, real=0.15 secs] 
2020-08-02T14:05:58.809+0800: 12539542.787: [GC (Allocation Failure) 2020-08-02T14:05:58.809+0800: 12539542.787: [ParNew: 737280K->81920K(737280K), 0.1101981 secs] 4468793K->3848055K(6209536K), 0.1103714 secs] [Times: user=0.70 sys=0.00, real=0.11 secs] 
2020-08-02T14:06:21.948+0800: 12539565.926: [GC (Allocation Failure) 2020-08-02T14:06:21.948+0800: 12539565.926: [ParNew: 737280K->81920K(737280K), 0.1154539 secs] 4503415K->3890014K(6209536K), 0.1156295 secs] [Times: user=0.74 sys=0.00, real=0.11 secs] 
2020-08-02T14:06:57.366+0800: 12539601.344: [GC (Allocation Failure) 2020-08-02T14:06:57.366+0800: 12539601.344: [ParNew: 737280K->76008K(737280K), 0.1429983 secs] 4545374K->3958729K(6209536K), 0.1431842 secs] [Times: user=0.73 sys=0.00, real=0.15 secs] 
2020-08-02T14:06:57.511+0800: 12539601.489: [GC (CMS Initial Mark) [1 CMS-initial-mark: 3882720K(5472256K)] 3969376K(6209536K), 0.0065852 secs] [Times: user=0.02 sys=0.00, real=0.00 secs] 
2020-08-02T14:06:57.518+0800: 12539601.495: [CMS-concurrent-mark-start]
2020-08-02T14:07:00.058+0800: 12539604.036: [CMS-concurrent-mark: 2.539/2.540 secs] [Times: user=5.51 sys=0.09, real=2.54 secs] 
2020-08-02T14:07:00.058+0800: 12539604.036: [CMS-concurrent-preclean-start]
2020-08-02T14:07:00.065+0800: 12539604.043: [CMS-concurrent-preclean: 0.007/0.007 secs] [Times: user=0.01 sys=0.00, real=0.01 secs] 
2020-08-02T14:07:00.065+0800: 12539604.043: [CMS-concurrent-abortable-preclean-start]
 CMS: abort preclean due to time 2020-08-02T14:07:05.258+0800: 12539609.236: [CMS-concurrent-abortable-preclean: 3.264/5.193 secs] [Times: user=3.71 sys=0.31, real=5.19 secs] 
2020-08-02T14:07:05.260+0800: 12539609.238: [GC (CMS Final Remark) [YG occupancy: 294908 K (737280 K)]2020-08-02T14:07:05.260+0800: 12539609.238: [Rescan (parallel) , 0.0190755 secs]2020-08-02T14:07:05.279+0800: 12539609.257: [weak refs processing, 0.0000945 secs]2020-08-02T14:07:05.279+0800: 12539609.257: [class unloading, 0.0170545 secs]2020-08-02T14:07:05.296+0800: 12539609.274: [scrub symbol table, 0.0063355 secs]2020-08-02T14:07:05.302+0800: 12539609.280: [scrub string table, 0.0009261 secs][1 CMS-remark: 3882720K(5472256K)] 4177628K(6209536K), 0.0436615 secs] [Times: user=0.16 sys=0.00, real=0.04 secs] 
2020-08-02T14:07:05.304+0800: 12539609.281: [CMS-concurrent-sweep-start]
2020-08-02T14:07:06.693+0800: 12539610.670: [CMS-concurrent-sweep: 1.389/1.389 secs] [Times: user=1.56 sys=0.07, real=1.39 secs] 
2020-08-02T14:07:06.693+0800: 12539610.671: [CMS-concurrent-reset-start]
2020-08-02T14:07:06.712+0800: 12539610.689: [CMS-concurrent-reset: 0.019/0.019 secs] [Times: user=0.02 sys=0.01, real=0.02 secs] 
2020-08-02T14:07:08.712+0800: 12539612.690: [GC (CMS Initial Mark) [1 CMS-initial-mark: 3862508K(5472256K)] 4244500K(6209536K), 0.0171717 secs] [Times: user=0.11 sys=0.00, real=0.02 secs] 
2020-08-02T14:07:08.730+0800: 12539612.707: [CMS-concurrent-mark-start]
2020-08-02T14:07:11.181+0800: 12539615.159: [CMS-concurrent-mark: 2.451/2.451 secs] [Times: user=5.17 sys=0.00, real=2.45 secs] 
2020-08-02T14:07:11.181+0800: 12539615.159: [CMS-concurrent-preclean-start]
2020-08-02T14:07:11.188+0800: 12539615.166: [CMS-concurrent-preclean: 0.008/0.008 secs] [Times: user=0.01 sys=0.00, real=0.01 secs] 
2020-08-02T14:07:11.188+0800: 12539615.166: [CMS-concurrent-abortable-preclean-start]
 CMS: abort preclean due to time 2020-08-02T14:07:16.395+0800: 12539620.373: [CMS-concurrent-abortable-preclean: 3.305/5.207 secs] [Times: user=3.74 sys=0.16, real=5.20 secs] 
2020-08-02T14:07:16.397+0800: 12539620.375: [GC (CMS Final Remark) [YG occupancy: 511979 K (737280 K)]2020-08-02T14:07:16.397+0800: 12539620.375: [Rescan (parallel) , 0.0267321 secs]2020-08-02T14:07:16.424+0800: 12539620.402: [weak refs processing, 0.0000369 secs]2020-08-02T14:07:16.424+0800: 12539620.402: [class unloading, 0.0171649 secs]2020-08-02T14:07:16.441+0800: 12539620.419: [scrub symbol table, 0.0062061 secs]2020-08-02T14:07:16.448+0800: 12539620.425: [scrub string table, 0.0008865 secs][1 CMS-remark: 3862508K(5472256K)] 4374487K(6209536K), 0.0512196 secs] [Times: user=0.22 sys=0.00, real=0.06 secs] 
2020-08-02T14:07:16.449+0800: 12539620.427: [CMS-concurrent-sweep-start]
2020-08-02T14:07:17.916+0800: 12539621.894: [CMS-concurrent-sweep: 1.467/1.467 secs] [Times: user=1.59 sys=0.31, real=1.46 secs] 
2020-08-02T14:07:17.916+0800: 12539621.894: [CMS-concurrent-reset-start]
2020-08-02T14:07:17.935+0800: 12539621.913: [CMS-concurrent-reset: 0.019/0.019 secs] [Times: user=0.02 sys=0.00, real=0.02 secs] 
2020-08-02T14:07:19.936+0800: 12539623.913: [GC (CMS Initial Mark) [1 CMS-initial-mark: 3862433K(5472256K)] 4423140K(6209536K), 0.0307703 secs] [Times: user=0.16 sys=0.00, real=0.04 secs] 
2020-08-02T14:07:19.967+0800: 12539623.944: [CMS-concurrent-mark-start]
2020-08-02T14:07:22.386+0800: 12539626.364: [CMS-concurrent-mark: 2.418/2.420 secs] [Times: user=5.04 sys=0.01, real=2.41 secs] 
2020-08-02T14:07:22.386+0800: 12539626.364: [CMS-concurrent-preclean-start]
2020-08-02T14:07:22.394+0800: 12539626.372: [CMS-concurrent-preclean: 0.007/0.008 secs] [Times: user=0.01 sys=0.00, real=0.01 secs] 
2020-08-02T14:07:22.394+0800: 12539626.372: [CMS-concurrent-abortable-preclean-start]
 CMS: abort preclean due to time 2020-08-02T14:07:27.409+0800: 12539631.386: [CMS-concurrent-abortable-preclean: 3.013/5.015 secs] [Times: user=3.35 sys=0.16, real=5.02 secs] 
2020-08-02T14:07:27.410+0800: 12539631.388: [GC (CMS Final Remark) [YG occupancy: 638662 K (737280 K)]2020-08-02T14:07:27.410+0800: 12539631.388: [Rescan (parallel) , 0.0290411 secs]2020-08-02T14:07:27.439+0800: 12539631.417: [weak refs processing, 0.0000389 secs]2020-08-02T14:07:27.439+0800: 12539631.417: [class unloading, 0.0175150 secs]2020-08-02T14:07:27.457+0800: 12539631.435: [scrub symbol table, 0.0063485 secs]2020-08-02T14:07:27.463+0800: 12539631.441: [scrub string table, 0.0009418 secs][1 CMS-remark: 3862433K(5472256K)] 4501096K(6209536K), 0.0540797 secs] [Times: user=0.25 sys=0.00, real=0.05 secs] 
2020-08-02T14:07:27.467+0800: 12539631.444: [CMS-concurrent-sweep-start]
2020-08-02T14:07:28.905+0800: 12539632.882: [CMS-concurrent-sweep: 1.429/1.438 secs] [Times: user=1.55 sys=0.00, real=1.43 secs] 
2020-08-02T14:07:28.905+0800: 12539632.882: [CMS-concurrent-reset-start]
2020-08-02T14:07:28.924+0800: 12539632.902: [CMS-concurrent-reset: 0.019/0.019 secs] [Times: user=0.02 sys=0.00, real=0.02 secs] 
2020-08-02T14:07:30.924+0800: 12539634.902: [GC (CMS Initial Mark) [1 CMS-initial-mark: 3862240K(5472256K)] 4536982K(6209536K), 0.0307880 secs] [Times: user=0.21 sys=0.00, real=0.03 secs] 
2020-08-02T14:07:30.955+0800: 12539634.933: [CMS-concurrent-mark-start]
2020-08-02T14:07:33.356+0800: 12539637.334: [CMS-concurrent-mark: 2.401/2.401 secs] [Times: user=5.05 sys=0.04, real=2.40 secs] 
2020-08-02T14:07:33.356+0800: 12539637.334: [CMS-concurrent-preclean-start]
2020-08-02T14:07:33.364+0800: 12539637.342: [CMS-concurrent-preclean: 0.008/0.008 secs] [Times: user=0.01 sys=0.00, real=0.01 secs] 
2020-08-02T14:07:33.364+0800: 12539637.342: [CMS-concurrent-abortable-preclean-start]
2020-08-02T14:07:35.646+0800: 12539639.624: [GC (Allocation Failure) 2020-08-02T14:07:35.646+0800: 12539639.624: [ParNew: 731368K->74722K(737280K), 0.0528926 secs] 4593609K->3936962K(6209536K), 0.0530398 secs] [Times: user=0.32 sys=0.01, real=0.06 secs] 
 CMS: abort preclean due to time 2020-08-02T14:07:38.431+0800: 12539642.409: [CMS-concurrent-abortable-preclean: 3.409/5.067 secs] [Times: user=4.25 sys=0.15, real=5.07 secs] 
2020-08-02T14:07:38.432+0800: 12539642.410: [GC (CMS Final Remark) [YG occupancy: 127467 K (737280 K)]2020-08-02T14:07:38.432+0800: 12539642.410: [Rescan (parallel) , 0.0111654 secs]2020-08-02T14:07:38.444+0800: 12539642.421: [weak refs processing, 0.0000385 secs]2020-08-02T14:07:38.444+0800: 12539642.421: [class unloading, 0.0176744 secs]2020-08-02T14:07:38.461+0800: 12539642.439: [scrub symbol table, 0.0062881 secs]2020-08-02T14:07:38.468+0800: 12539642.446: [scrub string table, 0.0009464 secs][1 CMS-remark: 3862240K(5472256K)] 3989707K(6209536K), 0.0363001 secs] [Times: user=0.10 sys=0.00, real=0.04 secs] 
2020-08-02T14:07:38.469+0800: 12539642.447: [CMS-concurrent-sweep-start]
2020-08-02T14:07:39.873+0800: 12539643.851: [CMS-concurrent-sweep: 1.405/1.405 secs] [Times: user=1.76 sys=0.07, real=1.40 secs] 
2020-08-02T14:07:39.874+0800: 12539643.851: [CMS-concurrent-reset-start]
2020-08-02T14:07:39.892+0800: 12539643.870: [CMS-concurrent-reset: 0.019/0.019 secs] [Times: user=0.03 sys=0.00, real=0.02 secs] 
2020-08-02T14:07:41.893+0800: 12539645.871: [GC (CMS Initial Mark) [1 CMS-initial-mark: 3862104K(5472256K)] 4108431K(6209536K), 0.0156352 secs] [Times: user=0.10 sys=0.01, real=0.02 secs] 
2020-08-02T14:07:41.909+0800: 12539645.886: [CMS-concurrent-mark-start]
2020-08-02T14:07:44.352+0800: 12539648.330: [CMS-concurrent-mark: 2.444/2.444 secs] [Times: user=5.25 sys=0.10, real=2.44 secs] 
2020-08-02T14:07:44.352+0800: 12539648.330: [CMS-concurrent-preclean-start]
2020-08-02T14:07:44.361+0800: 12539648.339: [CMS-concurrent-preclean: 0.009/0.009 secs] [Times: user=0.02 sys=0.00, real=0.01 secs] 
2020-08-02T14:07:44.361+0800: 12539648.339: [CMS-concurrent-abortable-preclean-start]
 CMS: abort preclean due to time 2020-08-02T14:07:49.565+0800: 12539653.543: [CMS-concurrent-abortable-preclean: 3.903/5.204 secs] [Times: user=5.11 sys=0.61, real=5.20 secs] 
2020-08-02T14:07:49.567+0800: 12539653.545: [GC (CMS Final Remark) [YG occupancy: 542313 K (737280 K)]2020-08-02T14:07:49.567+0800: 12539653.545: [Rescan (parallel) , 0.0472607 secs]2020-08-02T14:07:49.614+0800: 12539653.592: [weak refs processing, 0.0000475 secs]2020-08-02T14:07:49.614+0800: 12539653.592: [class unloading, 0.0187994 secs]2020-08-02T14:07:49.633+0800: 12539653.611: [scrub symbol table, 0.0063360 secs]2020-08-02T14:07:49.639+0800: 12539653.617: [scrub string table, 0.0008826 secs][1 CMS-remark: 3862104K(5472256K)] 4404418K(6209536K), 0.0734959 secs] [Times: user=0.34 sys=0.00, real=0.07 secs] 
2020-08-02T14:07:49.640+0800: 12539653.618: [CMS-concurrent-sweep-start]
2020-08-02T14:07:51.053+0800: 12539655.031: [CMS-concurrent-sweep: 1.413/1.413 secs] [Times: user=1.54 sys=0.01, real=1.41 secs] 
2020-08-02T14:07:51.053+0800: 12539655.031: [CMS-concurrent-reset-start]
2020-08-02T14:07:51.072+0800: 12539655.050: [CMS-concurrent-reset: 0.019/0.019 secs] [Times: user=0.02 sys=0.00, real=0.02 secs] 
2020-08-02T14:07:53.073+0800: 12539657.050: [GC (CMS Initial Mark) [1 CMS-initial-mark: 3861242K(5472256K)] 4445494K(6209536K), 0.0488360 secs] [Times: user=0.22 sys=0.00, real=0.05 secs] 
2020-08-02T14:07:53.122+0800: 12539657.099: [CMS-concurrent-mark-start]
2020-08-02T14:07:55.566+0800: 12539659.544: [CMS-concurrent-mark: 2.443/2.444 secs] [Times: user=5.22 sys=0.04, real=2.44 secs] 
2020-08-02T14:07:55.566+0800: 12539659.544: [CMS-concurrent-preclean-start]
2020-08-02T14:07:55.574+0800: 12539659.552: [CMS-concurrent-preclean: 0.008/0.008 secs] [Times: user=0.01 sys=0.00, real=0.01 secs] 
2020-08-02T14:07:55.574+0800: 12539659.552: [CMS-concurrent-abortable-preclean-start]
 CMS: abort preclean due to time 2020-08-02T14:08:00.610+0800: 12539664.588: [CMS-concurrent-abortable-preclean: 3.735/5.036 secs] [Times: user=4.30 sys=0.17, real=5.04 secs] 
2020-08-02T14:08:00.611+0800: 12539664.589: [GC (CMS Final Remark) [YG occupancy: 727733 K (737280 K)]2020-08-02T14:08:00.611+0800: 12539664.589: [Rescan (parallel) , 0.0429563 secs]2020-08-02T14:08:00.654+0800: 12539664.632: [weak refs processing, 0.0000397 secs]2020-08-02T14:08:00.654+0800: 12539664.632: [class unloading, 0.0185250 secs]2020-08-02T14:08:00.673+0800: 12539664.651: [scrub symbol table, 0.0062338 secs]2020-08-02T14:08:00.679+0800: 12539664.657: [scrub string table, 0.0008769 secs][1 CMS-remark: 3861242K(5472256K)] 4588975K(6209536K), 0.0688082 secs] [Times: user=0.34 sys=0.01, real=0.07 secs] 
2020-08-02T14:08:00.680+0800: 12539664.658: [CMS-concurrent-sweep-start]
2020-08-02T14:08:00.991+0800: 12539664.968: [GC (Allocation Failure) 2020-08-02T14:08:00.991+0800: 12539664.968: [ParNew: 730082K->81920K(737280K), 0.0842461 secs] 4591320K->3977629K(6209536K), 0.0844120 secs] [Times: user=0.53 sys=0.00, real=0.08 secs] 
2020-08-02T14:08:02.219+0800: 12539666.197: [CMS-concurrent-sweep: 1.453/1.539 secs] [Times: user=2.20 sys=0.09, real=1.54 secs] 
2020-08-02T14:08:02.220+0800: 12539666.197: [CMS-concurrent-reset-start]
2020-08-02T14:08:02.239+0800: 12539666.217: [CMS-concurrent-reset: 0.019/0.019 secs] [Times: user=0.03 sys=0.00, real=0.02 secs] 
2020-08-02T14:08:04.240+0800: 12539668.217: [GC (CMS Initial Mark) [1 CMS-initial-mark: 3895695K(5472256K)] 4051356K(6209536K), 0.0107702 secs] [Times: user=0.07 sys=0.00, real=0.01 secs] 
2020-08-02T14:08:04.251+0800: 12539668.228: [CMS-concurrent-mark-start]
2020-08-02T14:08:06.691+0800: 12539670.669: [CMS-concurrent-mark: 2.438/2.440 secs] [Times: user=5.30 sys=0.10, real=2.44 secs] 
2020-08-02T14:08:06.691+0800: 12539670.669: [CMS-concurrent-preclean-start]
2020-08-02T14:08:06.699+0800: 12539670.677: [CMS-concurrent-preclean: 0.008/0.008 secs] [Times: user=0.01 sys=0.00, real=0.01 secs] 
2020-08-02T14:08:06.699+0800: 12539670.677: [CMS-concurrent-abortable-preclean-start]
 CMS: abort preclean due to time 2020-08-02T14:08:11.912+0800: 12539675.890: [CMS-concurrent-abortable-preclean: 4.008/5.213 secs] [Times: user=4.84 sys=0.39, real=5.21 secs] 
2020-08-02T14:08:11.914+0800: 12539675.891: [GC (CMS Final Remark) [YG occupancy: 386200 K (737280 K)]2020-08-02T14:08:11.914+0800: 12539675.891: [Rescan (parallel) , 0.0243229 secs]2020-08-02T14:08:11.938+0800: 12539675.916: [weak refs processing, 0.0000554 secs]2020-08-02T14:08:11.938+0800: 12539675.916: [class unloading, 0.0169870 secs]2020-08-02T14:08:11.955+0800: 12539675.933: [scrub symbol table, 0.0061390 secs]2020-08-02T14:08:11.961+0800: 12539675.939: [scrub string table, 0.0008593 secs][1 CMS-remark: 3895695K(5472256K)] 4281895K(6209536K), 0.0485383 secs] [Times: user=0.22 sys=0.00, real=0.05 secs] 
2020-08-02T14:08:11.962+0800: 12539675.940: [CMS-concurrent-sweep-start]
2020-08-02T14:08:13.404+0800: 12539677.382: [CMS-concurrent-sweep: 1.442/1.442 secs] [Times: user=1.64 sys=0.04, real=1.44 secs] 
2020-08-02T14:08:13.404+0800: 12539677.382: [CMS-concurrent-reset-start]
2020-08-02T14:08:13.423+0800: 12539677.401: [CMS-concurrent-reset: 0.019/0.019 secs] [Times: user=0.01 sys=0.00, real=0.02 secs] 
2020-08-02T14:08:15.423+0800: 12539679.401: [GC (CMS Initial Mark) [1 CMS-initial-mark: 3895178K(5472256K)] 4350114K(6209536K), 0.0256181 secs] [Times: user=0.18 sys=0.00, real=0.03 secs] 
2020-08-02T14:08:15.449+0800: 12539679.427: [CMS-concurrent-mark-start]
2020-08-02T14:08:17.903+0800: 12539681.881: [CMS-concurrent-mark: 2.453/2.453 secs] [Times: user=5.27 sys=0.11, real=2.45 secs] 
2020-08-02T14:08:17.903+0800: 12539681.881: [CMS-concurrent-preclean-start]
2020-08-02T14:08:17.911+0800: 12539681.889: [CMS-concurrent-preclean: 0.008/0.008 secs] [Times: user=0.01 sys=0.00, real=0.01 secs] 
2020-08-02T14:08:17.911+0800: 12539681.889: [CMS-concurrent-abortable-preclean-start]
 CMS: abort preclean due to time 2020-08-02T14:08:23.214+0800: 12539687.192: [CMS-concurrent-abortable-preclean: 4.002/5.303 secs] [Times: user=4.80 sys=0.48, real=5.30 secs] 
2020-08-02T14:08:23.216+0800: 12539687.194: [GC (CMS Final Remark) [YG occupancy: 655358 K (737280 K)]2020-08-02T14:08:23.216+0800: 12539687.194: [Rescan (parallel) , 0.0587923 secs]2020-08-02T14:08:23.275+0800: 12539687.253: [weak refs processing, 0.0000381 secs]2020-08-02T14:08:23.275+0800: 12539687.253: [class unloading, 0.0184230 secs]2020-08-02T14:08:23.293+0800: 12539687.271: [scrub symbol table, 0.0063932 secs]2020-08-02T14:08:23.300+0800: 12539687.277: [scrub string table, 0.0008901 secs][1 CMS-remark: 3895178K(5472256K)] 4550536K(6209536K), 0.0847226 secs] [Times: user=0.32 sys=0.00, real=0.09 secs] 
2020-08-02T14:08:23.301+0800: 12539687.279: [CMS-concurrent-sweep-start]
2020-08-02T14:08:24.892+0800: 12539688.870: [CMS-concurrent-sweep: 1.591/1.591 secs] [Times: user=2.02 sys=0.30, real=1.59 secs] 
2020-08-02T14:08:24.892+0800: 12539688.870: [CMS-concurrent-reset-start]
2020-08-02T14:08:24.913+0800: 12539688.891: [CMS-concurrent-reset: 0.021/0.021 secs] [Times: user=0.04 sys=0.01, real=0.02 secs] 
2020-08-02T14:08:24.930+0800: 12539688.908: [GC (Allocation Failure) 2020-08-02T14:08:24.930+0800: 12539688.908: [ParNew: 737280K->81920K(737280K), 0.0988415 secs] 4632388K->4008505K(6209536K), 0.0990141 secs] [Times: user=0.58 sys=0.00, real=0.10 secs] 
2020-08-02T14:08:25.031+0800: 12539689.009: [GC (CMS Initial Mark) [1 CMS-initial-mark: 3926585K(5472256K)] 4019213K(6209536K), 0.0169881 secs] [Times: user=0.04 sys=0.00, real=0.02 secs] 
2020-08-02T14:08:25.048+0800: 12539689.026: [CMS-concurrent-mark-start]
2020-08-02T14:08:27.670+0800: 12539691.648: [CMS-concurrent-mark: 2.621/2.621 secs] [Times: user=5.48 sys=0.14, real=2.62 secs] 
2020-08-02T14:08:27.670+0800: 12539691.648: [CMS-concurrent-preclean-start]
2020-08-02T14:08:27.678+0800: 12539691.656: [CMS-concurrent-preclean: 0.008/0.008 secs] [Times: user=0.01 sys=0.00, real=0.00 secs] 
2020-08-02T14:08:27.678+0800: 12539691.656: [CMS-concurrent-abortable-preclean-start]
 CMS: abort preclean due to time 2020-08-02T14:08:32.691+0800: 12539696.669: [CMS-concurrent-abortable-preclean: 4.709/5.013 secs] [Times: user=5.63 sys=0.66, real=5.02 secs] 
2020-08-02T14:08:32.693+0800: 12539696.671: [GC (CMS Final Remark) [YG occupancy: 256749 K (737280 K)]2020-08-02T14:08:32.693+0800: 12539696.671: [Rescan (parallel) , 0.0193029 secs]2020-08-02T14:08:32.713+0800: 12539696.690: [weak refs processing, 0.0000562 secs]2020-08-02T14:08:32.713+0800: 12539696.691: [class unloading, 0.0206498 secs]2020-08-02T14:08:32.733+0800: 12539696.711: [scrub symbol table, 0.0066653 secs]2020-08-02T14:08:32.740+0800: 12539696.718: [scrub string table, 0.0009571 secs][1 CMS-remark: 3926585K(5472256K)] 4183335K(6209536K), 0.0478379 secs] [Times: user=0.17 sys=0.00, real=0.05 secs] 
2020-08-02T14:08:32.741+0800: 12539696.719: [CMS-concurrent-sweep-start]
2020-08-02T14:08:34.259+0800: 12539698.237: [CMS-concurrent-sweep: 1.518/1.518 secs] [Times: user=1.79 sys=0.28, real=1.52 secs] 
2020-08-02T14:08:34.259+0800: 12539698.237: [CMS-concurrent-reset-start]
2020-08-02T14:08:34.279+0800: 12539698.257: [CMS-concurrent-reset: 0.019/0.019 secs] [Times: user=0.02 sys=0.00, real=0.02 secs] 
2020-08-02T14:08:36.280+0800: 12539700.257: [GC (CMS Initial Mark) [1 CMS-initial-mark: 3926238K(5472256K)] 4289487K(6209536K), 0.0234117 secs] [Times: user=0.15 sys=0.00, real=0.02 secs] 
2020-08-02T14:08:36.303+0800: 12539700.281: [CMS-concurrent-mark-start]
2020-08-02T14:08:38.869+0800: 12539702.847: [CMS-concurrent-mark: 2.566/2.566 secs] [Times: user=5.60 sys=0.20, real=2.57 secs] 
2020-08-02T14:08:38.869+0800: 12539702.847: [CMS-concurrent-preclean-start]
2020-08-02T14:08:38.878+0800: 12539702.856: [CMS-concurrent-preclean: 0.008/0.009 secs] [Times: user=0.01 sys=0.00, real=0.00 secs] 
2020-08-02T14:08:38.878+0800: 12539702.856: [CMS-concurrent-abortable-preclean-start]
 CMS: abort preclean due to time 2020-08-02T14:08:44.057+0800: 12539708.035: [CMS-concurrent-abortable-preclean: 4.979/5.179 secs] [Times: user=5.91 sys=1.14, real=5.18 secs] 
2020-08-02T14:08:44.059+0800: 12539708.037: [GC (CMS Final Remark) [YG occupancy: 620086 K (737280 K)]2020-08-02T14:08:44.059+0800: 12539708.037: [Rescan (parallel) , 0.0367303 secs]2020-08-02T14:08:44.096+0800: 12539708.074: [weak refs processing, 0.0000428 secs]2020-08-02T14:08:44.096+0800: 12539708.074: [class unloading, 0.0170964 secs]2020-08-02T14:08:44.113+0800: 12539708.091: [scrub symbol table, 0.0067254 secs]2020-08-02T14:08:44.120+0800: 12539708.098: [scrub string table, 0.0010068 secs][1 CMS-remark: 3926238K(5472256K)] 4546324K(6209536K), 0.0618160 secs] [Times: user=0.30 sys=0.00, real=0.06 secs] 
2020-08-02T14:08:44.121+0800: 12539708.099: [CMS-concurrent-sweep-start]
2020-08-02T14:08:45.533+0800: 12539709.511: [CMS-concurrent-sweep: 1.412/1.412 secs] [Times: user=1.61 sys=0.12, real=1.41 secs] 
2020-08-02T14:08:45.533+0800: 12539709.511: [CMS-concurrent-reset-start]
2020-08-02T14:08:45.552+0800: 12539709.530: [CMS-concurrent-reset: 0.019/0.019 secs] [Times: user=0.02 sys=0.00, real=0.02 secs] 
2020-08-02T14:08:47.552+0800: 12539711.530: [GC (CMS Initial Mark) [1 CMS-initial-mark: 3925727K(5472256K)] 4650889K(6209536K), 0.0458080 secs] [Times: user=0.27 sys=0.00, real=0.04 secs] 
2020-08-02T14:08:47.601+0800: 12539711.579: [CMS-concurrent-mark-start]
2020-08-02T14:08:47.716+0800: 12539711.694: [GC (Allocation Failure) 2020-08-02T14:08:47.716+0800: 12539711.694: [ParNew: 737257K->79720K(737280K), 0.0979146 secs] 4662984K->4037819K(6209536K), 0.0981096 secs] [Times: user=0.63 sys=0.00, real=0.10 secs] 
2020-08-02T14:08:50.340+0800: 12539714.318: [CMS-concurrent-mark: 2.637/2.739 secs] [Times: user=6.34 sys=0.14, real=2.74 secs] 
2020-08-02T14:08:50.340+0800: 12539714.318: [CMS-concurrent-preclean-start]
2020-08-02T14:08:50.375+0800: 12539714.353: [CMS-concurrent-preclean: 0.034/0.035 secs] [Times: user=0.04 sys=0.00, real=0.03 secs] 
2020-08-02T14:08:50.375+0800: 12539714.353: [CMS-concurrent-abortable-preclean-start]
 CMS: abort preclean due to time 2020-08-02T14:08:55.539+0800: 12539719.517: [CMS-concurrent-abortable-preclean: 4.363/5.163 secs] [Times: user=5.46 sys=0.66, real=5.17 secs] 
2020-08-02T14:08:55.540+0800: 12539719.518: [GC (CMS Final Remark) [YG occupancy: 459556 K (737280 K)]2020-08-02T14:08:55.540+0800: 12539719.518: [Rescan (parallel) , 0.0344021 secs]2020-08-02T14:08:55.575+0800: 12539719.553: [weak refs processing, 0.0000518 secs]2020-08-02T14:08:55.575+0800: 12539719.553: [class unloading, 0.0221366 secs]2020-08-02T14:08:55.597+0800: 12539719.575: [scrub symbol table, 0.0068344 secs]2020-08-02T14:08:55.604+0800: 12539719.582: [scrub string table, 0.0012820 secs][1 CMS-remark: 3958098K(5472256K)] 4417654K(6209536K), 0.0649194 secs] [Times: user=0.23 sys=0.00, real=0.06 secs] 
2020-08-02T14:08:55.605+0800: 12539719.583: [CMS-concurrent-sweep-start]
2020-08-02T14:08:57.055+0800: 12539721.033: [CMS-concurrent-sweep: 1.449/1.449 secs] [Times: user=1.59 sys=0.12, real=1.45 secs] 
2020-08-02T14:08:57.055+0800: 12539721.033: [CMS-concurrent-reset-start]
2020-08-02T14:08:57.075+0800: 12539721.053: [CMS-concurrent-reset: 0.020/0.020 secs] [Times: user=0.02 sys=0.00, real=0.02 secs] 
2020-08-02T14:08:59.076+0800: 12539723.054: [GC (CMS Initial Mark) [1 CMS-initial-mark: 3958087K(5472256K)] 4510106K(6209536K), 0.0362468 secs] [Times: user=0.19 sys=0.00, real=0.04 secs] 
2020-08-02T14:08:59.112+0800: 12539723.090: [CMS-concurrent-mark-start]
2020-08-02T14:09:04.442+0800: 12539728.420: [CMS-concurrent-mark: 5.330/5.330 secs] [Times: user=5.73 sys=0.19, real=5.33 secs] 
2020-08-02T14:09:04.443+0800: 12539728.420: [CMS-concurrent-preclean-start]
2020-08-02T14:09:04.451+0800: 12539728.429: [CMS-concurrent-preclean: 0.008/0.008 secs] [Times: user=0.01 sys=0.01, real=0.01 secs] 
2020-08-02T14:09:04.451+0800: 12539728.429: [CMS-concurrent-abortable-preclean-start]
 CMS: abort preclean due to time 2020-08-02T14:09:09.586+0800: 12539733.564: [CMS-concurrent-abortable-preclean: 4.334/5.135 secs] [Times: user=4.84 sys=0.61, real=5.13 secs] 
2020-08-02T14:09:09.587+0800: 12539733.565: [GC (CMS Final Remark) [YG occupancy: 697062 K (737280 K)]2020-08-02T14:09:09.587+0800: 12539733.565: [Rescan (parallel) , 0.0402008 secs]2020-08-02T14:09:09.628+0800: 12539733.606: [weak refs processing, 0.0000389 secs]2020-08-02T14:09:09.628+0800: 12539733.606: [class unloading, 0.0181220 secs]2020-08-02T14:09:09.646+0800: 12539733.624: [scrub symbol table, 0.0063940 secs]2020-08-02T14:09:09.652+0800: 12539733.630: [scrub string table, 0.0008935 secs][1 CMS-remark: 3958087K(5472256K)] 4655149K(6209536K), 0.0658326 secs] [Times: user=0.33 sys=0.00, real=0.06 secs] 
2020-08-02T14:09:09.653+0800: 12539733.631: [CMS-concurrent-sweep-start]
2020-08-02T14:09:10.429+0800: 12539734.407: [GC (Allocation Failure) 2020-08-02T14:09:10.429+0800: 12539734.407: [ParNew: 735080K->81920K(737280K), 0.1059005 secs] 4693157K->4079928K(6209536K), 0.1060599 secs] [Times: user=0.60 sys=0.00, real=0.10 secs] 
2020-08-02T14:09:11.355+0800: 12539735.333: [CMS-concurrent-sweep: 1.594/1.701 secs] [Times: user=2.73 sys=0.28, real=1.70 secs] 
2020-08-02T14:09:11.355+0800: 12539735.333: [CMS-concurrent-reset-start]
2020-08-02T14:09:11.375+0800: 12539735.353: [CMS-concurrent-reset: 0.020/0.020 secs] [Times: user=0.03 sys=0.00, real=0.02 secs] 
2020-08-02T14:09:13.375+0800: 12539737.353: [GC (CMS Initial Mark) [1 CMS-initial-mark: 3997818K(5472256K)] 4182375K(6209536K), 0.0115481 secs] [Times: user=0.07 sys=0.01, real=0.02 secs] 
2020-08-02T14:09:13.387+0800: 12539737.365: [CMS-concurrent-mark-start]
2020-08-02T14:09:15.911+0800: 12539739.889: [CMS-concurrent-mark: 2.524/2.524 secs] [Times: user=5.50 sys=0.21, real=2.52 secs] 
2020-08-02T14:09:15.911+0800: 12539739.889: [CMS-concurrent-preclean-start]
2020-08-02T14:09:15.919+0800: 12539739.897: [CMS-concurrent-preclean: 0.008/0.008 secs] [Times: user=0.01 sys=0.00, real=0.01 secs] 
2020-08-02T14:09:15.919+0800: 12539739.897: [CMS-concurrent-abortable-preclean-start]
 CMS: abort preclean due to time 2020-08-02T14:09:21.219+0800: 12539745.197: [CMS-concurrent-abortable-preclean: 4.199/5.300 secs] [Times: user=4.85 sys=0.37, real=5.30 secs] 
2020-08-02T14:09:21.221+0800: 12539745.199: [GC (CMS Final Remark) [YG occupancy: 359858 K (737280 K)]2020-08-02T14:09:21.221+0800: 12539745.199: [Rescan (parallel) , 0.0290893 secs]2020-08-02T14:09:21.250+0800: 12539745.228: [weak refs processing, 0.0000471 secs]2020-08-02T14:09:21.250+0800: 12539745.228: [class unloading, 0.0185274 secs]2020-08-02T14:09:21.269+0800: 12539745.247: [scrub symbol table, 0.0064636 secs]2020-08-02T14:09:21.275+0800: 12539745.253: [scrub string table, 0.0009579 secs][1 CMS-remark: 3997818K(5472256K)] 4357676K(6209536K), 0.0552754 secs] [Times: user=0.23 sys=0.00, real=0.05 secs] 
2020-08-02T14:09:21.276+0800: 12539745.254: [CMS-concurrent-sweep-start]
2020-08-02T14:09:22.781+0800: 12539746.759: [CMS-concurrent-sweep: 1.504/1.504 secs] [Times: user=1.73 sys=0.14, real=1.51 secs] 
2020-08-02T14:09:22.781+0800: 12539746.759: [CMS-concurrent-reset-start]
2020-08-02T14:09:22.801+0800: 12539746.779: [CMS-concurrent-reset: 0.020/0.020 secs] [Times: user=0.02 sys=0.00, real=0.02 secs] 
2020-08-02T14:09:24.802+0800: 12539748.779: [GC (CMS Initial Mark) [1 CMS-initial-mark: 3996578K(5472256K)] 4446341K(6209536K), 0.0272235 secs] [Times: user=0.17 sys=0.00, real=0.03 secs] 
2020-08-02T14:09:24.829+0800: 12539748.807: [CMS-concurrent-mark-start]
2020-08-02T14:09:27.374+0800: 12539751.352: [CMS-concurrent-mark: 2.545/2.545 secs] [Times: user=5.51 sys=0.10, real=2.54 secs] 
2020-08-02T14:09:27.374+0800: 12539751.352: [CMS-concurrent-preclean-start]
2020-08-02T14:09:27.385+0800: 12539751.363: [CMS-concurrent-preclean: 0.011/0.012 secs] [Times: user=0.01 sys=0.01, real=0.01 secs] 
2020-08-02T14:09:27.386+0800: 12539751.363: [CMS-concurrent-abortable-preclean-start]
 CMS: abort preclean due to time 2020-08-02T14:09:32.510+0800: 12539756.488: [CMS-concurrent-abortable-preclean: 4.216/5.124 secs] [Times: user=4.74 sys=0.24, real=5.13 secs] 
2020-08-02T14:09:32.511+0800: 12539756.489: [GC (CMS Final Remark) [YG occupancy: 595972 K (737280 K)]2020-08-02T14:09:32.511+0800: 12539756.489: [Rescan (parallel) , 0.0456436 secs]2020-08-02T14:09:32.557+0800: 12539756.535: [weak refs processing, 0.0000508 secs]2020-08-02T14:09:32.557+0800: 12539756.535: [class unloading, 0.0177778 secs]2020-08-02T14:09:32.575+0800: 12539756.553: [scrub symbol table, 0.0066326 secs]2020-08-02T14:09:32.582+0800: 12539756.559: [scrub string table, 0.0010398 secs][1 CMS-remark: 3996578K(5472256K)] 4592550K(6209536K), 0.0713426 secs] [Times: user=0.30 sys=0.00, real=0.07 secs] 
2020-08-02T14:09:32.583+0800: 12539756.561: [CMS-concurrent-sweep-start]
2020-08-02T14:09:34.099+0800: 12539758.077: [CMS-concurrent-sweep: 1.517/1.517 secs] [Times: user=1.71 sys=0.08, real=1.52 secs] 
2020-08-02T14:09:34.100+0800: 12539758.077: [CMS-concurrent-reset-start]
2020-08-02T14:09:34.119+0800: 12539758.097: [CMS-concurrent-reset: 0.019/0.019 secs] [Times: user=0.02 sys=0.01, real=0.02 secs] 
2020-08-02T14:09:36.120+0800: 12539760.097: [GC (CMS Initial Mark) [1 CMS-initial-mark: 3996499K(5472256K)] 4642244K(6209536K), 0.0370299 secs] [Times: user=0.26 sys=0.00, real=0.03 secs] 
2020-08-02T14:09:36.157+0800: 12539760.135: [CMS-concurrent-mark-start]
2020-08-02T14:09:38.722+0800: 12539762.700: [CMS-concurrent-mark: 2.565/2.565 secs] [Times: user=5.39 sys=0.06, real=2.57 secs] 
2020-08-02T14:09:38.722+0800: 12539762.700: [CMS-concurrent-preclean-start]
2020-08-02T14:09:38.732+0800: 12539762.710: [CMS-concurrent-preclean: 0.010/0.010 secs] [Times: user=0.01 sys=0.00, real=0.01 secs] 
2020-08-02T14:09:38.732+0800: 12539762.710: [CMS-concurrent-abortable-preclean-start]
2020-08-02T14:09:41.762+0800: 12539765.740: [GC (Allocation Failure) 2020-08-02T14:09:41.762+0800: 12539765.740: [ParNew2020-08-02T14:09:41.824+0800: 12539765.802: [CMS-concurrent-abortable-preclean: 2.392/3.092 secs] [Times: user=3.13 sys=0.15, real=3.09 secs] 
: 737280K->81920K(737280K), 0.0900963 secs] 4733779K->4104692K(6209536K), 0.0902788 secs] [Times: user=0.53 sys=0.00, real=0.09 secs] 
2020-08-02T14:09:41.854+0800: 12539765.831: [GC (CMS Final Remark) [YG occupancy: 90716 K (737280 K)]2020-08-02T14:09:41.854+0800: 12539765.831: [Rescan (parallel) , 0.0144136 secs]2020-08-02T14:09:41.868+0800: 12539765.846: [weak refs processing, 0.0000369 secs]2020-08-02T14:09:41.868+0800: 12539765.846: [class unloading, 0.0174245 secs]2020-08-02T14:09:41.886+0800: 12539765.863: [scrub symbol table, 0.0062255 secs]2020-08-02T14:09:41.892+0800: 12539765.870: [scrub string table, 0.0009017 secs][1 CMS-remark: 4022772K(5472256K)] 4113488K(6209536K), 0.0391550 secs] [Times: user=0.14 sys=0.00, real=0.04 secs] 
2020-08-02T14:09:41.893+0800: 12539765.871: [CMS-concurrent-sweep-start]
2020-08-02T14:09:43.338+0800: 12539767.315: [CMS-concurrent-sweep: 1.443/1.445 secs] [Times: user=1.65 sys=0.08, real=1.44 secs] 
2020-08-02T14:09:43.338+0800: 12539767.316: [CMS-concurrent-reset-start]
2020-08-02T14:09:43.357+0800: 12539767.335: [CMS-concurrent-reset: 0.019/0.019 secs] [Times: user=0.02 sys=0.00, real=0.02 secs] 
2020-08-02T14:09:45.357+0800: 12539769.335: [GC (CMS Initial Mark) [1 CMS-initial-mark: 4022763K(5472256K)] 4178147K(6209536K), 0.0096668 secs] [Times: user=0.07 sys=0.00, real=0.02 secs] 
2020-08-02T14:09:45.367+0800: 12539769.345: [CMS-concurrent-mark-start]
2020-08-02T14:09:47.878+0800: 12539771.856: [CMS-concurrent-mark: 2.511/2.511 secs] [Times: user=5.35 sys=0.14, real=2.50 secs] 
2020-08-02T14:09:47.878+0800: 12539771.856: [CMS-concurrent-preclean-start]
2020-08-02T14:09:47.887+0800: 12539771.865: [CMS-concurrent-preclean: 0.008/0.008 secs] [Times: user=0.01 sys=0.00, real=0.02 secs] 
2020-08-02T14:09:47.887+0800: 12539771.865: [CMS-concurrent-abortable-preclean-start]
 CMS: abort preclean due to time 2020-08-02T14:09:53.126+0800: 12539777.104: [CMS-concurrent-abortable-preclean: 4.335/5.239 secs] [Times: user=5.19 sys=0.38, real=5.23 secs] 
2020-08-02T14:09:53.128+0800: 12539777.106: [GC (CMS Final Remark) [YG occupancy: 410259 K (737280 K)]2020-08-02T14:09:53.128+0800: 12539777.106: [Rescan (parallel) , 0.0246625 secs]2020-08-02T14:09:53.153+0800: 12539777.130: [weak refs processing, 0.0000391 secs]2020-08-02T14:09:53.153+0800: 12539777.130: [class unloading, 0.0174741 secs]2020-08-02T14:09:53.170+0800: 12539777.148: [scrub symbol table, 0.0063603 secs]2020-08-02T14:09:53.177+0800: 12539777.154: [scrub string table, 0.0009073 secs][1 CMS-remark: 4022763K(5472256K)] 4433023K(6209536K), 0.0496258 secs] [Times: user=0.21 sys=0.00, real=0.04 secs] 
2020-08-02T14:09:53.178+0800: 12539777.156: [CMS-concurrent-sweep-start]
2020-08-02T14:09:54.646+0800: 12539778.624: [CMS-concurrent-sweep: 1.468/1.468 secs] [Times: user=1.71 sys=0.11, real=1.47 secs] 
2020-08-02T14:09:54.646+0800: 12539778.624: [CMS-concurrent-reset-start]
2020-08-02T14:09:54.665+0800: 12539778.643: [CMS-concurrent-reset: 0.019/0.019 secs] [Times: user=0.03 sys=0.00, real=0.02 secs] 
2020-08-02T14:09:56.665+0800: 12539780.643: [GC (CMS Initial Mark) [1 CMS-initial-mark: 4021711K(5472256K)] 4588449K(6209536K), 0.0330708 secs] [Times: user=0.22 sys=0.00, real=0.03 secs] 
2020-08-02T14:09:56.699+0800: 12539780.676: [CMS-concurrent-mark-start]
2020-08-02T14:09:59.194+0800: 12539783.172: [CMS-concurrent-mark: 2.495/2.495 secs] [Times: user=5.30 sys=0.05, real=2.49 secs] 
2020-08-02T14:09:59.194+0800: 12539783.172: [CMS-concurrent-preclean-start]
2020-08-02T14:09:59.201+0800: 12539783.179: [CMS-concurrent-preclean: 0.008/0.008 secs] [Times: user=0.01 sys=0.00, real=0.01 secs] 
2020-08-02T14:09:59.201+0800: 12539783.179: [CMS-concurrent-abortable-preclean-start]
2020-08-02T14:10:04.143+0800: 12539788.121: [GC (Allocation Failure) 2020-08-02T14:10:04.143+0800: 12539788.121: [ParNew: 737280K->81920K(737280K), 0.0885687 secs] 4758991K->4135775K(6209536K), 0.0887412 secs] [Times: user=0.52 sys=0.00, real=0.09 secs] 
 CMS: abort preclean due to time 2020-08-02T14:10:04.280+0800: 12539788.258: [CMS-concurrent-abortable-preclean: 4.082/5.078 secs] [Times: user=5.22 sys=0.34, real=5.08 secs] 
2020-08-02T14:10:04.281+0800: 12539788.259: [GC (CMS Final Remark) [YG occupancy: 92225 K (737280 K)]2020-08-02T14:10:04.281+0800: 12539788.259: [Rescan (parallel) , 0.0132525 secs]2020-08-02T14:10:04.295+0800: 12539788.272: [weak refs processing, 0.0000759 secs]2020-08-02T14:10:04.295+0800: 12539788.273: [class unloading, 0.0175731 secs]2020-08-02T14:10:04.312+0800: 12539788.290: [scrub symbol table, 0.0064058 secs]2020-08-02T14:10:04.319+0800: 12539788.297: [scrub string table, 0.0008933 secs][1 CMS-remark: 4053855K(5472256K)] 4146081K(6209536K), 0.0383714 secs] [Times: user=0.11 sys=0.01, real=0.04 secs] 
2020-08-02T14:10:04.320+0800: 12539788.298: [CMS-concurrent-sweep-start]
2020-08-02T14:10:05.813+0800: 12539789.791: [CMS-concurrent-sweep: 1.493/1.493 secs] [Times: user=1.73 sys=0.11, real=1.49 secs] 
2020-08-02T14:10:05.813+0800: 12539789.791: [CMS-concurrent-reset-start]
2020-08-02T14:10:05.833+0800: 12539789.811: [CMS-concurrent-reset: 0.019/0.019 secs] [Times: user=0.02 sys=0.00, real=0.02 secs] 
2020-08-02T14:10:07.833+0800: 12539791.811: [GC (CMS Initial Mark) [1 CMS-initial-mark: 4053820K(5472256K)] 4217819K(6209536K), 0.0323996 secs] [Times: user=0.09 sys=0.01, real=0.03 secs] 
2020-08-02T14:10:07.876+0800: 12539791.854: [CMS-concurrent-mark-start]
2020-08-02T14:10:10.389+0800: 12539794.367: [CMS-concurrent-mark: 2.513/2.513 secs] [Times: user=5.43 sys=0.10, real=2.52 secs] 
2020-08-02T14:10:10.389+0800: 12539794.367: [CMS-concurrent-preclean-start]
2020-08-02T14:10:10.397+0800: 12539794.375: [CMS-concurrent-preclean: 0.008/0.008 secs] [Times: user=0.01 sys=0.00, real=0.00 secs] 
2020-08-02T14:10:10.397+0800: 12539794.375: [CMS-concurrent-abortable-preclean-start]
 CMS: abort preclean due to time 2020-08-02T14:10:15.647+0800: 12539799.625: [CMS-concurrent-abortable-preclean: 4.049/5.250 secs] [Times: user=4.84 sys=0.26, real=5.26 secs] 
2020-08-02T14:10:15.649+0800: 12539799.627: [GC (CMS Final Remark) [YG occupancy: 383976 K (737280 K)]2020-08-02T14:10:15.649+0800: 12539799.627: [Rescan (parallel) , 0.0298057 secs]2020-08-02T14:10:15.679+0800: 12539799.656: [weak refs processing, 0.0000629 secs]2020-08-02T14:10:15.679+0800: 12539799.657: [class unloading, 0.0179465 secs]2020-08-02T14:10:15.697+0800: 12539799.675: [scrub symbol table, 0.0065709 secs]2020-08-02T14:10:15.703+0800: 12539799.681: [scrub string table, 0.0011248 secs][1 CMS-remark: 4053820K(5472256K)] 4437797K(6209536K), 0.0557179 secs] [Times: user=0.23 sys=0.00, real=0.05 secs] 
2020-08-02T14:10:15.705+0800: 12539799.682: [CMS-concurrent-sweep-start]
2020-08-02T14:10:17.152+0800: 12539801.129: [CMS-concurrent-sweep: 1.447/1.447 secs] [Times: user=1.60 sys=0.07, real=1.45 secs] 
2020-08-02T14:10:17.152+0800: 12539801.130: [CMS-concurrent-reset-start]
2020-08-02T14:10:17.171+0800: 12539801.148: [CMS-concurrent-reset: 0.019/0.019 secs] [Times: user=0.02 sys=0.00, real=0.02 secs] 
2020-08-02T14:10:19.171+0800: 12539803.149: [GC (CMS Initial Mark) [1 CMS-initial-mark: 4052527K(5472256K)] 4508852K(6209536K), 0.0272289 secs] [Times: user=0.18 sys=0.00, real=0.02 secs] 
2020-08-02T14:10:19.199+0800: 12539803.176: [CMS-concurrent-mark-start]
2020-08-02T14:10:21.743+0800: 12539805.721: [CMS-concurrent-mark: 2.541/2.544 secs] [Times: user=5.43 sys=0.03, real=2.54 secs] 
2020-08-02T14:10:21.743+0800: 12539805.721: [CMS-concurrent-preclean-start]
2020-08-02T14:10:21.751+0800: 12539805.729: [CMS-concurrent-preclean: 0.008/0.008 secs] [Times: user=0.01 sys=0.00, real=0.01 secs] 
2020-08-02T14:10:21.751+0800: 12539805.729: [CMS-concurrent-abortable-preclean-start]
2020-08-02T14:10:25.396+0800: 12539809.374: [GC (Allocation Failure) 2020-08-02T14:10:25.396+0800: 12539809.374: [ParNew2020-08-02T14:10:25.447+0800: 12539809.425: [CMS-concurrent-abortable-preclean: 2.995/3.696 secs] [Times: user=4.30 sys=0.39, real=3.70 secs] 
: 737280K->81920K(737280K), 0.1013170 secs] 4789807K->4166041K(6209536K), 0.1014740 secs] [Times: user=0.60 sys=0.00, real=0.10 secs] 
2020-08-02T14:10:25.499+0800: 12539809.477: [GC (CMS Final Remark) [YG occupancy: 81930 K (737280 K)]2020-08-02T14:10:25.499+0800: 12539809.477: [Rescan (parallel) , 0.0266495 secs]2020-08-02T14:10:25.526+0800: 12539809.504: [weak refs processing, 0.0000389 secs]2020-08-02T14:10:25.526+0800: 12539809.504: [class unloading, 0.0205581 secs]2020-08-02T14:10:25.547+0800: 12539809.525: [scrub symbol table, 0.0089599 secs]2020-08-02T14:10:25.556+0800: 12539809.534: [scrub string table, 0.0012846 secs][1 CMS-remark: 4084121K(5472256K)] 4166052K(6209536K), 0.0576826 secs] [Times: user=0.16 sys=0.00, real=0.05 secs] 
2020-08-02T14:10:25.557+0800: 12539809.535: [CMS-concurrent-sweep-start]
2020-08-02T14:10:27.049+0800: 12539811.027: [CMS-concurrent-sweep: 1.492/1.492 secs] [Times: user=1.69 sys=0.08, real=1.50 secs] 
2020-08-02T14:10:27.049+0800: 12539811.027: [CMS-concurrent-reset-start]
2020-08-02T14:10:27.068+0800: 12539811.046: [CMS-concurrent-reset: 0.019/0.019 secs] [Times: user=0.02 sys=0.00, real=0.02 secs] 
2020-08-02T14:10:29.069+0800: 12539813.047: [GC (CMS Initial Mark) [1 CMS-initial-mark: 4083921K(5472256K)] 4236547K(6209536K), 0.0111716 secs] [Times: user=0.08 sys=0.00, real=0.01 secs] 
2020-08-02T14:10:29.080+0800: 12539813.058: [CMS-concurrent-mark-start]
2020-08-02T14:10:31.840+0800: 12539815.818: [CMS-concurrent-mark: 2.760/2.760 secs] [Times: user=6.34 sys=0.32, real=2.76 secs] 
2020-08-02T14:10:31.840+0800: 12539815.818: [CMS-concurrent-preclean-start]
2020-08-02T14:10:31.848+0800: 12539815.826: [CMS-concurrent-preclean: 0.008/0.008 secs] [Times: user=0.01 sys=0.00, real=0.01 secs] 
2020-08-02T14:10:31.848+0800: 12539815.826: [CMS-concurrent-abortable-preclean-start]
 CMS: abort preclean due to time 2020-08-02T14:10:37.028+0800: 12539821.005: [CMS-concurrent-abortable-preclean: 4.076/5.179 secs] [Times: user=4.96 sys=0.37, real=5.18 secs] 
2020-08-02T14:10:37.029+0800: 12539821.007: [GC (CMS Final Remark) [YG occupancy: 486386 K (737280 K)]2020-08-02T14:10:37.029+0800: 12539821.007: [Rescan (parallel) , 0.0381079 secs]2020-08-02T14:10:37.067+0800: 12539821.045: [weak refs processing, 0.0000364 secs]2020-08-02T14:10:37.067+0800: 12539821.045: [class unloading, 0.0179323 secs]2020-08-02T14:10:37.085+0800: 12539821.063: [scrub symbol table, 0.0062423 secs]2020-08-02T14:10:37.092+0800: 12539821.069: [scrub string table, 0.0008580 secs][1 CMS-remark: 4083921K(5472256K)] 4570308K(6209536K), 0.0633432 secs] [Times: user=0.30 sys=0.00, real=0.06 secs] 
2020-08-02T14:10:37.093+0800: 12539821.070: [CMS-concurrent-sweep-start]
2020-08-02T14:10:38.574+0800: 12539822.552: [CMS-concurrent-sweep: 1.481/1.481 secs] [Times: user=1.58 sys=0.06, real=1.48 secs] 
2020-08-02T14:10:38.574+0800: 12539822.552: [CMS-concurrent-reset-start]
2020-08-02T14:10:38.593+0800: 12539822.571: [CMS-concurrent-reset: 0.019/0.019 secs] [Times: user=0.02 sys=0.00, real=0.02 secs] 
2020-08-02T14:10:40.594+0800: 12539824.571: [GC (CMS Initial Mark) [1 CMS-initial-mark: 4083359K(5472256K)] 4617907K(6209536K), 0.0382891 secs] [Times: user=0.23 sys=0.00, real=0.04 secs] 
2020-08-02T14:10:40.632+0800: 12539824.610: [CMS-concurrent-mark-start]
2020-08-02T14:10:43.158+0800: 12539827.136: [CMS-concurrent-mark: 2.526/2.526 secs] [Times: user=5.30 sys=0.07, real=2.52 secs] 
2020-08-02T14:10:43.158+0800: 12539827.136: [CMS-concurrent-preclean-start]
2020-08-02T14:10:43.166+0800: 12539827.144: [CMS-concurrent-preclean: 0.008/0.008 secs] [Times: user=0.01 sys=0.00, real=0.01 secs] 
2020-08-02T14:10:43.166+0800: 12539827.144: [CMS-concurrent-abortable-preclean-start]
 CMS: abort preclean due to time 2020-08-02T14:10:48.208+0800: 12539832.186: [CMS-concurrent-abortable-preclean: 4.341/5.042 secs] [Times: user=4.79 sys=0.19, real=5.05 secs] 
2020-08-02T14:10:48.210+0800: 12539832.188: [GC (CMS Final Remark) [YG occupancy: 649350 K (737280 K)]2020-08-02T14:10:48.210+0800: 12539832.188: [Rescan (parallel) , 0.0473740 secs]2020-08-02T14:10:48.257+0800: 12539832.235: [weak refs processing, 0.0000485 secs]2020-08-02T14:10:48.257+0800: 12539832.235: [class unloading, 0.0184869 secs]2020-08-02T14:10:48.276+0800: 12539832.254: [scrub symbol table, 0.0074326 secs]2020-08-02T14:10:48.283+0800: 12539832.261: [scrub string table, 0.0009670 secs][1 CMS-remark: 4083359K(5472256K)] 4732710K(6209536K), 0.0745029 secs] [Times: user=0.36 sys=0.00, real=0.07 secs] 
2020-08-02T14:10:48.284+0800: 12539832.262: [CMS-concurrent-sweep-start]
2020-08-02T14:10:49.747+0800: 12539833.725: [CMS-concurrent-sweep: 1.462/1.462 secs] [Times: user=1.65 sys=0.07, real=1.47 secs] 
2020-08-02T14:10:49.747+0800: 12539833.725: [CMS-concurrent-reset-start]
2020-08-02T14:10:49.766+0800: 12539833.744: [CMS-concurrent-reset: 0.019/0.019 secs] [Times: user=0.02 sys=0.01, real=0.01 secs] 
2020-08-02T14:10:51.766+0800: 12539835.744: [GC (CMS Initial Mark) [1 CMS-initial-mark: 4083357K(5472256K)] 4794432K(6209536K), 0.0443441 secs] [Times: user=0.30 sys=0.00, real=0.05 secs] 
2020-08-02T14:10:51.811+0800: 12539835.789: [CMS-concurrent-mark-start]
2020-08-02T14:10:52.790+0800: 12539836.768: [GC (Allocation Failure) 2020-08-02T14:10:52.790+0800: 12539836.768: [ParNew: 737280K->72755K(737280K), 0.1341124 secs] 4820637K->4230756K(6209536K), 0.1342756 secs] [Times: user=0.81 sys=0.00, real=0.13 secs] 
2020-08-02T14:10:54.550+0800: 12539838.528: [CMS-concurrent-mark: 2.602/2.740 secs] [Times: user=6.42 sys=0.18, real=2.74 secs] 
2020-08-02T14:10:54.551+0800: 12539838.528: [CMS-concurrent-preclean-start]
2020-08-02T14:10:54.606+0800: 12539838.584: [CMS-concurrent-preclean: 0.055/0.056 secs] [Times: user=0.06 sys=0.01, real=0.05 secs] 
2020-08-02T14:10:54.606+0800: 12539838.584: [CMS-concurrent-abortable-preclean-start]
 CMS: abort preclean due to time 2020-08-02T14:10:59.767+0800: 12539843.745: [CMS-concurrent-abortable-preclean: 3.560/5.161 secs] [Times: user=4.04 sys=0.29, real=5.17 secs] 
2020-08-02T14:10:59.769+0800: 12539843.747: [GC (CMS Final Remark) [YG occupancy: 200781 K (737280 K)]2020-08-02T14:10:59.769+0800: 12539843.747: [Rescan (parallel) , 0.0133199 secs]2020-08-02T14:10:59.782+0800: 12539843.760: [weak refs processing, 0.0000375 secs]2020-08-02T14:10:59.782+0800: 12539843.760: [class unloading, 0.0176562 secs]2020-08-02T14:10:59.800+0800: 12539843.778: [scrub symbol table, 0.0062414 secs]2020-08-02T14:10:59.806+0800: 12539843.784: [scrub string table, 0.0009199 secs][1 CMS-remark: 4158001K(5472256K)] 4358782K(6209536K), 0.0383460 secs] [Times: user=0.13 sys=0.00, real=0.04 secs] 
2020-08-02T14:10:59.808+0800: 12539843.785: [CMS-concurrent-sweep-start]
2020-08-02T14:11:01.363+0800: 12539845.341: [CMS-concurrent-sweep: 1.556/1.556 secs] [Times: user=1.75 sys=0.12, real=1.55 secs] 
2020-08-02T14:11:01.363+0800: 12539845.341: [CMS-concurrent-reset-start]
2020-08-02T14:11:01.383+0800: 12539845.361: [CMS-concurrent-reset: 0.020/0.020 secs] [Times: user=0.03 sys=0.00, real=0.02 secs] 
2020-08-02T14:11:03.383+0800: 12539847.361: [GC (CMS Initial Mark) [1 CMS-initial-mark: 4157999K(5472256K)] 4453099K(6209536K), 0.0154902 secs] [Times: user=0.10 sys=0.00, real=0.02 secs] 
2020-08-02T14:11:03.399+0800: 12539847.377: [CMS-concurrent-mark-start]
2020-08-02T14:11:06.050+0800: 12539850.028: [CMS-concurrent-mark: 2.651/2.651 secs] [Times: user=5.94 sys=0.21, real=2.65 secs] 
2020-08-02T14:11:06.051+0800: 12539850.028: [CMS-concurrent-preclean-start]
2020-08-02T14:11:06.060+0800: 12539850.037: [CMS-concurrent-preclean: 0.009/0.009 secs] [Times: user=0.01 sys=0.01, real=0.01 secs] 
2020-08-02T14:11:06.060+0800: 12539850.037: [CMS-concurrent-abortable-preclean-start]
 CMS: abort preclean due to time 2020-08-02T14:11:11.115+0800: 12539855.093: [CMS-concurrent-abortable-preclean: 3.454/5.055 secs] [Times: user=3.86 sys=0.25, real=5.05 secs] 
2020-08-02T14:11:11.117+0800: 12539855.094: [GC (CMS Final Remark) [YG occupancy: 480733 K (737280 K)]2020-08-02T14:11:11.117+0800: 12539855.095: [Rescan (parallel) , 0.0442866 secs]2020-08-02T14:11:11.161+0800: 12539855.139: [weak refs processing, 0.0000495 secs]2020-08-02T14:11:11.161+0800: 12539855.139: [class unloading, 0.0183294 secs]2020-08-02T14:11:11.179+0800: 12539855.157: [scrub symbol table, 0.0062422 secs]2020-08-02T14:11:11.186+0800: 12539855.164: [scrub string table, 0.0009060 secs][1 CMS-remark: 4157999K(5472256K)] 4638733K(6209536K), 0.0699863 secs] [Times: user=0.26 sys=0.00, real=0.08 secs] 
2020-08-02T14:11:11.187+0800: 12539855.165: [CMS-concurrent-sweep-start]
2020-08-02T14:11:12.660+0800: 12539856.638: [CMS-concurrent-sweep: 1.473/1.473 secs] [Times: user=1.59 sys=0.10, real=1.47 secs] 
2020-08-02T14:11:12.660+0800: 12539856.638: [CMS-concurrent-reset-start]
2020-08-02T14:11:12.679+0800: 12539856.657: [CMS-concurrent-reset: 0.019/0.019 secs] [Times: user=0.03 sys=0.00, real=0.02 secs] 
2020-08-02T14:11:14.680+0800: 12539858.658: [GC (CMS Initial Mark) [1 CMS-initial-mark: 4157678K(5472256K)] 4765197K(6209536K), 0.0311329 secs] [Times: user=0.23 sys=0.00, real=0.03 secs] 
2020-08-02T14:11:14.711+0800: 12539858.689: [CMS-concurrent-mark-start]
2020-08-02T14:11:17.216+0800: 12539861.194: [CMS-concurrent-mark: 2.505/2.505 secs] [Times: user=5.34 sys=0.00, real=2.50 secs] 
2020-08-02T14:11:17.217+0800: 12539861.194: [CMS-concurrent-preclean-start]
2020-08-02T14:11:17.224+0800: 12539861.202: [CMS-concurrent-preclean: 0.008/0.008 secs] [Times: user=0.01 sys=0.00, real=0.01 secs] 
2020-08-02T14:11:17.224+0800: 12539861.202: [CMS-concurrent-abortable-preclean-start]
2020-08-02T14:11:22.056+0800: 12539866.034: [GC (Allocation Failure) 2020-08-02T14:11:22.056+0800: 12539866.034: [ParNew: 728115K->59216K(737280K), 0.0880997 secs] 4885793K->4256908K(6209536K), 0.0882655 secs] [Times: user=0.55 sys=0.00, real=0.09 secs] 
 CMS: abort preclean due to time 2020-08-02T14:11:22.325+0800: 12539866.303: [CMS-concurrent-abortable-preclean: 3.409/5.101 secs] [Times: user=4.39 sys=0.18, real=5.10 secs] 
2020-08-02T14:11:22.326+0800: 12539866.304: [GC (CMS Final Remark) [YG occupancy: 70765 K (737280 K)]2020-08-02T14:11:22.326+0800: 12539866.304: [Rescan (parallel) , 0.0074136 secs]2020-08-02T14:11:22.334+0800: 12539866.312: [weak refs processing, 0.0000373 secs]2020-08-02T14:11:22.334+0800: 12539866.312: [class unloading, 0.0180567 secs]2020-08-02T14:11:22.352+0800: 12539866.330: [scrub symbol table, 0.0062880 secs]2020-08-02T14:11:22.358+0800: 12539866.336: [scrub string table, 0.0009345 secs][1 CMS-remark: 4197691K(5472256K)] 4268457K(6209536K), 0.0328888 secs] [Times: user=0.07 sys=0.00, real=0.04 secs] 
2020-08-02T14:11:22.359+0800: 12539866.337: [CMS-concurrent-sweep-start]
2020-08-02T14:11:23.894+0800: 12539867.872: [CMS-concurrent-sweep: 1.535/1.535 secs] [Times: user=1.68 sys=0.05, real=1.53 secs] 
2020-08-02T14:11:23.894+0800: 12539867.872: [CMS-concurrent-reset-start]
2020-08-02T14:11:23.915+0800: 12539867.892: [CMS-concurrent-reset: 0.020/0.020 secs] [Times: user=0.03 sys=0.00, real=0.02 secs] 
2020-08-02T14:11:25.915+0800: 12539869.893: [GC (CMS Initial Mark) [1 CMS-initial-mark: 4197684K(5472256K)] 4346100K(6209536K), 0.0080690 secs] [Times: user=0.05 sys=0.01, real=0.01 secs] 
2020-08-02T14:11:25.923+0800: 12539869.901: [CMS-concurrent-mark-start]
2020-08-02T14:11:28.484+0800: 12539872.462: [CMS-concurrent-mark: 2.561/2.561 secs] [Times: user=5.43 sys=0.02, real=2.56 secs] 
2020-08-02T14:11:28.484+0800: 12539872.462: [CMS-concurrent-preclean-start]
2020-08-02T14:11:28.493+0800: 12539872.471: [CMS-concurrent-preclean: 0.009/0.009 secs] [Times: user=0.01 sys=0.00, real=0.01 secs] 
2020-08-02T14:11:28.493+0800: 12539872.471: [CMS-concurrent-abortable-preclean-start]
 CMS: abort preclean due to time 2020-08-02T14:11:33.620+0800: 12539877.598: [CMS-concurrent-abortable-preclean: 3.224/5.127 secs] [Times: user=3.66 sys=0.23, real=5.13 secs] 
2020-08-02T14:11:33.622+0800: 12539877.599: [GC (CMS Final Remark) [YG occupancy: 282752 K (737280 K)]2020-08-02T14:11:33.622+0800: 12539877.600: [Rescan (parallel) , 0.0182313 secs]2020-08-02T14:11:33.640+0800: 12539877.618: [weak refs processing, 0.0000538 secs]2020-08-02T14:11:33.640+0800: 12539877.618: [class unloading, 0.0175011 secs]2020-08-02T14:11:33.658+0800: 12539877.635: [scrub symbol table, 0.0062782 secs]2020-08-02T14:11:33.664+0800: 12539877.642: [scrub string table, 0.0008793 secs][1 CMS-remark: 4197684K(5472256K)] 4480436K(6209536K), 0.0431116 secs] [Times: user=0.14 sys=0.00, real=0.04 secs] 
2020-08-02T14:11:33.665+0800: 12539877.643: [CMS-concurrent-sweep-start]
2020-08-02T14:11:35.209+0800: 12539879.187: [CMS-concurrent-sweep: 1.544/1.544 secs] [Times: user=1.69 sys=0.07, real=1.55 secs] 
2020-08-02T14:11:35.209+0800: 12539879.187: [CMS-concurrent-reset-start]
2020-08-02T14:11:35.229+0800: 12539879.207: [CMS-concurrent-reset: 0.020/0.020 secs] [Times: user=0.02 sys=0.00, real=0.02 secs] 
2020-08-02T14:11:37.229+0800: 12539881.207: [GC (CMS Initial Mark) [1 CMS-initial-mark: 4197089K(5472256K)] 4529163K(6209536K), 0.0150847 secs] [Times: user=0.10 sys=0.00, real=0.01 secs] 
2020-08-02T14:11:37.245+0800: 12539881.223: [CMS-concurrent-mark-start]
2020-08-02T14:11:39.803+0800: 12539883.781: [CMS-concurrent-mark: 2.558/2.558 secs] [Times: user=5.42 sys=0.01, real=2.56 secs] 
2020-08-02T14:11:39.803+0800: 12539883.781: [CMS-concurrent-preclean-start]
2020-08-02T14:11:39.816+0800: 12539883.793: [CMS-concurrent-preclean: 0.012/0.012 secs] [Times: user=0.01 sys=0.00, real=0.01 secs] 
2020-08-02T14:11:39.816+0800: 12539883.793: [CMS-concurrent-abortable-preclean-start]
 CMS: abort preclean due to time 2020-08-02T14:11:44.946+0800: 12539888.924: [CMS-concurrent-abortable-preclean: 3.428/5.130 secs] [Times: user=4.09 sys=0.36, real=5.13 secs] 
2020-08-02T14:11:44.947+0800: 12539888.925: [GC (CMS Final Remark) [YG occupancy: 536892 K (737280 K)]2020-08-02T14:11:44.947+0800: 12539888.925: [Rescan (parallel) , 0.0277544 secs]2020-08-02T14:11:44.975+0800: 12539888.953: [weak refs processing, 0.0000487 secs]2020-08-02T14:11:44.975+0800: 12539888.953: [class unloading, 0.0176745 secs]2020-08-02T14:11:44.993+0800: 12539888.971: [scrub symbol table, 0.0062955 secs]2020-08-02T14:11:44.999+0800: 12539888.977: [scrub string table, 0.0008575 secs][1 CMS-remark: 4197089K(5472256K)] 4733981K(6209536K), 0.0528046 secs] [Times: user=0.23 sys=0.00, real=0.05 secs] 
2020-08-02T14:11:45.000+0800: 12539888.978: [CMS-concurrent-sweep-start]
2020-08-02T14:11:46.568+0800: 12539890.546: [CMS-concurrent-sweep: 1.568/1.568 secs] [Times: user=1.68 sys=0.08, real=1.57 secs] 
2020-08-02T14:11:46.569+0800: 12539890.546: [CMS-concurrent-reset-start]
2020-08-02T14:11:46.588+0800: 12539890.565: [CMS-concurrent-reset: 0.019/0.019 secs] [Times: user=0.02 sys=0.00, real=0.02 secs] 
2020-08-02T14:11:48.588+0800: 12539892.566: [GC (CMS Initial Mark) [1 CMS-initial-mark: 4197079K(5472256K)] 4772486K(6209536K), 0.0288814 secs] [Times: user=0.18 sys=0.00, real=0.02 secs] 
2020-08-02T14:11:48.617+0800: 12539892.595: [CMS-concurrent-mark-start]
2020-08-02T14:11:52.537+0800: 12539896.515: [CMS-concurrent-mark: 3.920/3.920 secs] [Times: user=8.23 sys=0.00, real=3.92 secs] 
2020-08-02T14:11:52.537+0800: 12539896.515: [CMS-concurrent-preclean-start]
2020-08-02T14:11:52.545+0800: 12539896.523: [CMS-concurrent-preclean: 0.008/0.008 secs] [Times: user=0.00 sys=0.00, real=0.01 secs] 
2020-08-02T14:11:52.545+0800: 12539896.523: [CMS-concurrent-abortable-preclean-start]
 CMS: abort preclean due to time 2020-08-02T14:11:57.621+0800: 12539901.599: [CMS-concurrent-abortable-preclean: 3.173/5.076 secs] [Times: user=3.69 sys=0.17, real=5.08 secs] 
2020-08-02T14:11:57.623+0800: 12539901.600: [GC (CMS Final Remark) [YG occupancy: 699089 K (737280 K)]2020-08-02T14:11:57.623+0800: 12539901.600: [Rescan (parallel) , 0.0430373 secs]2020-08-02T14:11:57.666+0800: 12539901.643: [weak refs processing, 0.0000383 secs]2020-08-02T14:11:57.666+0800: 12539901.644: [class unloading, 0.0178032 secs]2020-08-02T14:11:57.684+0800: 12539901.661: [scrub symbol table, 0.0075152 secs]2020-08-02T14:11:57.691+0800: 12539901.669: [scrub string table, 0.0008981 secs][1 CMS-remark: 4197079K(5472256K)] 4896169K(6209536K), 0.0694762 secs] [Times: user=0.29 sys=0.00, real=0.07 secs] 
2020-08-02T14:11:57.692+0800: 12539901.670: [CMS-concurrent-sweep-start]
2020-08-02T14:11:58.722+0800: 12539902.699: [GC (Allocation Failure) 2020-08-02T14:11:58.722+0800: 12539902.700: [ParNew: 714576K->75843K(737280K), 0.0612940 secs] 4911647K->4272914K(6209536K), 0.0614702 secs] [Times: user=0.37 sys=0.00, real=0.06 secs] 
2020-08-02T14:11:59.306+0800: 12539903.284: [CMS-concurrent-sweep: 1.550/1.614 secs] [Times: user=2.06 sys=0.05, real=1.61 secs] 
2020-08-02T14:11:59.306+0800: 12539903.284: [CMS-concurrent-reset-start]
2020-08-02T14:11:59.325+0800: 12539903.303: [CMS-concurrent-reset: 0.019/0.019 secs] [Times: user=0.02 sys=0.00, real=0.02 secs] 
2020-08-02T14:12:01.326+0800: 12539905.304: [GC (CMS Initial Mark) [1 CMS-initial-mark: 4196942K(5472256K)] 4304986K(6209536K), 0.0094765 secs] [Times: user=0.05 sys=0.00, real=0.01 secs] 
2020-08-02T14:12:01.335+0800: 12539905.313: [CMS-concurrent-mark-start]
2020-08-02T14:12:06.675+0800: 12539910.653: [CMS-concurrent-mark: 5.340/5.340 secs] [Times: user=6.07 sys=0.07, real=5.34 secs] 
2020-08-02T14:12:06.675+0800: 12539910.653: [CMS-concurrent-preclean-start]
2020-08-02T14:12:06.683+0800: 12539910.661: [CMS-concurrent-preclean: 0.008/0.008 secs] [Times: user=0.01 sys=0.00, real=0.01 secs] 
2020-08-02T14:12:06.683+0800: 12539910.661: [CMS-concurrent-abortable-preclean-start]
 CMS: abort preclean due to time 2020-08-02T14:12:11.848+0800: 12539915.826: [CMS-concurrent-abortable-preclean: 3.964/5.165 secs] [Times: user=4.61 sys=0.27, real=5.17 secs] 
2020-08-02T14:12:11.849+0800: 12539915.827: [GC (CMS Final Remark) [YG occupancy: 321248 K (737280 K)]2020-08-02T14:12:11.849+0800: 12539915.827: [Rescan (parallel) , 0.0390776 secs]2020-08-02T14:12:11.889+0800: 12539915.866: [weak refs processing, 0.0000542 secs]2020-08-02T14:12:11.889+0800: 12539915.866: [class unloading, 0.0177613 secs]2020-08-02T14:12:11.906+0800: 12539915.884: [scrub symbol table, 0.0068559 secs]2020-08-02T14:12:11.913+0800: 12539915.891: [scrub string table, 0.0010303 secs][1 CMS-remark: 4196942K(5472256K)] 4518191K(6209536K), 0.0649553 secs] [Times: user=0.28 sys=0.00, real=0.06 secs] 
2020-08-02T14:12:11.915+0800: 12539915.892: [CMS-concurrent-sweep-start]
2020-08-02T14:12:13.429+0800: 12539917.407: [CMS-concurrent-sweep: 1.515/1.515 secs] [Times: user=1.66 sys=0.06, real=1.52 secs] 
2020-08-02T14:12:13.429+0800: 12539917.407: [CMS-concurrent-reset-start]
2020-08-02T14:12:13.449+0800: 12539917.427: [CMS-concurrent-reset: 0.019/0.019 secs] [Times: user=0.02 sys=0.00, real=0.02 secs] 
2020-08-02T14:12:15.449+0800: 12539919.427: [GC (CMS Initial Mark) [1 CMS-initial-mark: 4196542K(5472256K)] 4558256K(6209536K), 0.0230179 secs] [Times: user=0.16 sys=0.00, real=0.02 secs] 
2020-08-02T14:12:15.473+0800: 12539919.450: [CMS-concurrent-mark-start]
2020-08-02T14:12:19.307+0800: 12539923.285: [CMS-concurrent-mark: 3.834/3.834 secs] [Times: user=8.06 sys=0.01, real=3.84 secs] 
2020-08-02T14:12:19.307+0800: 12539923.285: [CMS-concurrent-preclean-start]
2020-08-02T14:12:19.314+0800: 12539923.292: [CMS-concurrent-preclean: 0.008/0.008 secs] [Times: user=0.01 sys=0.00, real=0.00 secs] 
2020-08-02T14:12:19.315+0800: 12539923.292: [CMS-concurrent-abortable-preclean-start]
 CMS: abort preclean due to time 2020-08-02T14:12:24.656+0800: 12539928.634: [CMS-concurrent-abortable-preclean: 4.036/5.341 secs] [Times: user=4.43 sys=0.13, real=5.34 secs] 
2020-08-02T14:12:24.657+0800: 12539928.635: [GC (CMS Final Remark) [YG occupancy: 463927 K (737280 K)]2020-08-02T14:12:24.657+0800: 12539928.635: [Rescan (parallel) , 0.0300397 secs]2020-08-02T14:12:24.687+0800: 12539928.665: [weak refs processing, 0.0000374 secs]2020-08-02T14:12:24.687+0800: 12539928.665: [class unloading, 0.0175770 secs]2020-08-02T14:12:24.705+0800: 12539928.683: [scrub symbol table, 0.0074753 secs]2020-08-02T14:12:24.712+0800: 12539928.690: [scrub string table, 0.0009826 secs][1 CMS-remark: 4196542K(5472256K)] 4660470K(6209536K), 0.0563002 secs] [Times: user=0.26 sys=0.00, real=0.06 secs] 
2020-08-02T14:12:24.717+0800: 12539928.695: [CMS-concurrent-sweep-start]
2020-08-02T14:12:26.297+0800: 12539930.274: [CMS-concurrent-sweep: 1.579/1.579 secs] [Times: user=1.74 sys=0.06, real=1.58 secs] 
2020-08-02T14:12:26.297+0800: 12539930.274: [CMS-concurrent-reset-start]
2020-08-02T14:12:26.315+0800: 12539930.293: [CMS-concurrent-reset: 0.019/0.019 secs] [Times: user=0.02 sys=0.00, real=0.02 secs] 
2020-08-02T14:12:28.316+0800: 12539932.294: [GC (CMS Initial Mark) [1 CMS-initial-mark: 4196282K(5472256K)] 4705014K(6209536K), 0.0303731 secs] [Times: user=0.22 sys=0.00, real=0.04 secs] 
2020-08-02T14:12:28.347+0800: 12539932.324: [CMS-concurrent-mark-start]
2020-08-02T14:12:31.002+0800: 12539934.980: [CMS-concurrent-mark: 2.652/2.655 secs] [Times: user=5.63 sys=0.02, real=2.65 secs] 
2020-08-02T14:12:31.002+0800: 12539934.980: [CMS-concurrent-preclean-start]
2020-08-02T14:12:31.010+0800: 12539934.988: [CMS-concurrent-preclean: 0.008/0.008 secs] [Times: user=0.01 sys=0.00, real=0.01 secs] 
2020-08-02T14:12:31.010+0800: 12539934.988: [CMS-concurrent-abortable-preclean-start]
 CMS: abort preclean due to time 2020-08-02T14:12:36.043+0800: 12539940.020: [CMS-concurrent-abortable-preclean: 3.831/5.032 secs] [Times: user=4.32 sys=0.14, real=5.03 secs] 
2020-08-02T14:12:36.044+0800: 12539940.022: [GC (CMS Final Remark) [YG occupancy: 620859 K (737280 K)]2020-08-02T14:12:36.044+0800: 12539940.022: [Rescan (parallel) , 0.0597237 secs]2020-08-02T14:12:36.104+0800: 12539940.082: [weak refs processing, 0.0000421 secs]2020-08-02T14:12:36.104+0800: 12539940.082: [class unloading, 0.0175627 secs]2020-08-02T14:12:36.122+0800: 12539940.100: [scrub symbol table, 0.0062915 secs]2020-08-02T14:12:36.128+0800: 12539940.106: [scrub string table, 0.0009312 secs][1 CMS-remark: 4196282K(5472256K)] 4817141K(6209536K), 0.0847369 secs] [Times: user=0.42 sys=0.00, real=0.09 secs] 
2020-08-02T14:12:36.129+0800: 12539940.107: [CMS-concurrent-sweep-start]
2020-08-02T14:12:37.655+0800: 12539941.633: [CMS-concurrent-sweep: 1.526/1.526 secs] [Times: user=1.69 sys=0.03, real=1.52 secs] 
2020-08-02T14:12:37.655+0800: 12539941.633: [CMS-concurrent-reset-start]
2020-08-02T14:12:37.675+0800: 12539941.653: [CMS-concurrent-reset: 0.020/0.020 secs] [Times: user=0.03 sys=0.00, real=0.02 secs] 
2020-08-02T14:12:39.676+0800: 12539943.654: [GC (CMS Initial Mark) [1 CMS-initial-mark: 4196241K(5472256K)] 4885447K(6209536K), 0.0413513 secs] [Times: user=0.29 sys=0.00, real=0.04 secs] 
2020-08-02T14:12:39.717+0800: 12539943.695: [CMS-concurrent-mark-start]
2020-08-02T14:12:42.283+0800: 12539946.261: [CMS-concurrent-mark: 2.566/2.566 secs] [Times: user=5.45 sys=0.03, real=2.57 secs] 
2020-08-02T14:12:42.283+0800: 12539946.261: [CMS-concurrent-preclean-start]
2020-08-02T14:12:42.291+0800: 12539946.269: [CMS-concurrent-preclean: 0.008/0.008 secs] [Times: user=0.00 sys=0.00, real=0.01 secs] 
2020-08-02T14:12:42.291+0800: 12539946.269: [CMS-concurrent-abortable-preclean-start]
2020-08-02T14:12:43.447+0800: 12539947.425: [GC (Allocation Failure) 2020-08-02T14:12:43.447+0800: 12539947.425: [ParNew: 731203K->81920K(737280K), 0.1022231 secs] 4927445K->4315597K(6209536K), 0.1023828 secs] [Times: user=0.65 sys=0.00, real=0.10 secs] 
 CMS: abort preclean due to time 2020-08-02T14:12:47.627+0800: 12539951.605: [CMS-concurrent-abortable-preclean: 4.029/5.336 secs] [Times: user=5.28 sys=0.28, real=5.34 secs] 
2020-08-02T14:12:47.628+0800: 12539951.606: [GC (CMS Final Remark) [YG occupancy: 198325 K (737280 K)]2020-08-02T14:12:47.629+0800: 12539951.606: [Rescan (parallel) , 0.0153612 secs]2020-08-02T14:12:47.644+0800: 12539951.622: [weak refs processing, 0.0000368 secs]2020-08-02T14:12:47.644+0800: 12539951.622: [class unloading, 0.0175377 secs]2020-08-02T14:12:47.662+0800: 12539951.639: [scrub symbol table, 0.0065323 secs]2020-08-02T14:12:47.668+0800: 12539951.646: [scrub string table, 0.0009059 secs][1 CMS-remark: 4233677K(5472256K)] 4432003K(6209536K), 0.0405896 secs] [Times: user=0.14 sys=0.00, real=0.04 secs] 
2020-08-02T14:12:47.669+0800: 12539951.647: [CMS-concurrent-sweep-start]
2020-08-02T14:12:49.222+0800: 12539953.199: [CMS-concurrent-sweep: 1.552/1.552 secs] [Times: user=1.73 sys=0.10, real=1.55 secs] 
2020-08-02T14:12:49.222+0800: 12539953.200: [CMS-concurrent-reset-start]
2020-08-02T14:12:49.241+0800: 12539953.219: [CMS-concurrent-reset: 0.019/0.019 secs] [Times: user=0.02 sys=0.00, real=0.02 secs] 
2020-08-02T14:12:51.242+0800: 12539955.219: [GC (CMS Initial Mark) [1 CMS-initial-mark: 4233677K(5472256K)] 4476609K(6209536K), 0.0153748 secs] [Times: user=0.11 sys=0.00, real=0.01 secs] 
2020-08-02T14:12:51.257+0800: 12539955.235: [CMS-concurrent-mark-start]
2020-08-02T14:12:53.901+0800: 12539957.879: [CMS-concurrent-mark: 2.644/2.644 secs] [Times: user=5.55 sys=0.03, real=2.65 secs] 
2020-08-02T14:12:53.901+0800: 12539957.879: [CMS-concurrent-preclean-start]
2020-08-02T14:12:53.909+0800: 12539957.887: [CMS-concurrent-preclean: 0.008/0.008 secs] [Times: user=0.00 sys=0.00, real=0.01 secs] 
2020-08-02T14:12:53.909+0800: 12539957.887: [CMS-concurrent-abortable-preclean-start]
 CMS: abort preclean due to time 2020-08-02T14:12:59.054+0800: 12539963.032: [CMS-concurrent-abortable-preclean: 3.941/5.145 secs] [Times: user=4.43 sys=0.22, real=5.14 secs] 
2020-08-02T14:12:59.055+0800: 12539963.033: [GC (CMS Final Remark) [YG occupancy: 349290 K (737280 K)]2020-08-02T14:12:59.056+0800: 12539963.033: [Rescan (parallel) , 0.0317496 secs]2020-08-02T14:12:59.087+0800: 12539963.065: [weak refs processing, 0.0000583 secs]2020-08-02T14:12:59.087+0800: 12539963.065: [class unloading, 0.0174719 secs]2020-08-02T14:12:59.105+0800: 12539963.083: [scrub symbol table, 0.0062402 secs]2020-08-02T14:12:59.111+0800: 12539963.089: [scrub string table, 0.0008732 secs][1 CMS-remark: 4233677K(5472256K)] 4582968K(6209536K), 0.0565753 secs] [Times: user=0.21 sys=0.00, real=0.06 secs] 
2020-08-02T14:12:59.112+0800: 12539963.090: [CMS-concurrent-sweep-start]
2020-08-02T14:13:00.737+0800: 12539964.715: [CMS-concurrent-sweep: 1.625/1.625 secs] [Times: user=1.85 sys=0.05, real=1.62 secs] 
2020-08-02T14:13:00.737+0800: 12539964.715: [CMS-concurrent-reset-start]
2020-08-02T14:13:00.756+0800: 12539964.734: [CMS-concurrent-reset: 0.019/0.019 secs] [Times: user=0.02 sys=0.00, real=0.02 secs] 
2020-08-02T14:13:02.757+0800: 12539966.735: [GC (CMS Initial Mark) [1 CMS-initial-mark: 4232806K(5472256K)] 4659753K(6209536K), 0.0254458 secs] [Times: user=0.18 sys=0.00, real=0.03 secs] 
2020-08-02T14:13:02.782+0800: 12539966.760: [CMS-concurrent-mark-start]
2020-08-02T14:13:05.414+0800: 12539969.391: [CMS-concurrent-mark: 2.630/2.631 secs] [Times: user=5.57 sys=0.04, real=2.63 secs] 
2020-08-02T14:13:05.414+0800: 12539969.391: [CMS-concurrent-preclean-start]
2020-08-02T14:13:05.422+0800: 12539969.399: [CMS-concurrent-preclean: 0.008/0.008 secs] [Times: user=0.01 sys=0.00, real=0.01 secs] 
2020-08-02T14:13:05.422+0800: 12539969.399: [CMS-concurrent-abortable-preclean-start]
 CMS: abort preclean due to time 2020-08-02T14:13:10.678+0800: 12539974.655: [CMS-concurrent-abortable-preclean: 4.155/5.256 secs] [Times: user=4.82 sys=0.38, real=5.25 secs] 
2020-08-02T14:13:10.679+0800: 12539974.657: [GC (CMS Final Remark) [YG occupancy: 619017 K (737280 K)]2020-08-02T14:13:10.679+0800: 12539974.657: [Rescan (parallel) , 0.0526371 secs]2020-08-02T14:13:10.732+0800: 12539974.710: [weak refs processing, 0.0000381 secs]2020-08-02T14:13:10.732+0800: 12539974.710: [class unloading, 0.0174640 secs]2020-08-02T14:13:10.749+0800: 12539974.727: [scrub symbol table, 0.0062512 secs]2020-08-02T14:13:10.756+0800: 12539974.733: [scrub string table, 0.0008598 secs][1 CMS-remark: 4232806K(5472256K)] 4851824K(6209536K), 0.0774057 secs] [Times: user=0.41 sys=0.00, real=0.07 secs] 
2020-08-02T14:13:10.757+0800: 12539974.735: [CMS-concurrent-sweep-start]
2020-08-02T14:13:12.302+0800: 12539976.280: [CMS-concurrent-sweep: 1.541/1.546 secs] [Times: user=1.74 sys=0.06, real=1.55 secs] 
2020-08-02T14:13:12.302+0800: 12539976.280: [CMS-concurrent-reset-start]
2020-08-02T14:13:12.322+0800: 12539976.299: [CMS-concurrent-reset: 0.019/0.019 secs] [Times: user=0.02 sys=0.01, real=0.02 secs] 
2020-08-02T14:13:14.322+0800: 12539978.300: [GC (CMS Initial Mark) [1 CMS-initial-mark: 4232803K(5472256K)] 4923266K(6209536K), 0.0377143 secs] [Times: user=0.29 sys=0.00, real=0.04 secs] 
2020-08-02T14:13:14.360+0800: 12539978.338: [CMS-concurrent-mark-start]
2020-08-02T14:13:16.969+0800: 12539980.947: [CMS-concurrent-mark: 2.609/2.609 secs] [Times: user=5.48 sys=0.00, real=2.61 secs] 
2020-08-02T14:13:16.969+0800: 12539980.947: [CMS-concurrent-preclean-start]
2020-08-02T14:13:16.979+0800: 12539980.957: [CMS-concurrent-preclean: 0.010/0.010 secs] [Times: user=0.01 sys=0.00, real=0.01 secs] 
2020-08-02T14:13:16.979+0800: 12539980.957: [CMS-concurrent-abortable-preclean-start]
2020-08-02T14:13:17.595+0800: 12539981.573: [GC (Allocation Failure) 2020-08-02T14:13:17.595+0800: 12539981.573: [ParNew: 737280K->65428K(737280K), 0.1186938 secs] 4970083K->4366213K(6209536K), 0.1188473 secs] [Times: user=0.78 sys=0.00, real=0.12 secs] 
 CMS: abort preclean due to time 2020-08-02T14:13:22.028+0800: 12539986.006: [CMS-concurrent-abortable-preclean: 3.426/5.049 secs] [Times: user=4.76 sys=0.32, real=5.05 secs] 
2020-08-02T14:13:22.029+0800: 12539986.007: [GC (CMS Final Remark) [YG occupancy: 173467 K (737280 K)]2020-08-02T14:13:22.029+0800: 12539986.007: [Rescan (parallel) , 0.0129411 secs]2020-08-02T14:13:22.042+0800: 12539986.020: [weak refs processing, 0.0000643 secs]2020-08-02T14:13:22.043+0800: 12539986.020: [class unloading, 0.0177120 secs]2020-08-02T14:13:22.060+0800: 12539986.038: [scrub symbol table, 0.0064859 secs]2020-08-02T14:13:22.067+0800: 12539986.045: [scrub string table, 0.0008854 secs][1 CMS-remark: 4300785K(5472256K)] 4474253K(6209536K), 0.0382590 secs] [Times: user=0.09 sys=0.00, real=0.04 secs] 
2020-08-02T14:13:22.068+0800: 12539986.046: [CMS-concurrent-sweep-start]
2020-08-02T14:13:23.595+0800: 12539987.572: [CMS-concurrent-sweep: 1.527/1.527 secs] [Times: user=1.75 sys=0.13, real=1.52 secs] 
2020-08-02T14:13:23.595+0800: 12539987.573: [CMS-concurrent-reset-start]
2020-08-02T14:13:23.614+0800: 12539987.591: [CMS-concurrent-reset: 0.019/0.019 secs] [Times: user=0.02 sys=0.01, real=0.02 secs] 
2020-08-02T14:13:25.615+0800: 12539989.593: [GC (CMS Initial Mark) [1 CMS-initial-mark: 4300774K(5472256K)] 4570426K(6209536K), 0.0137864 secs] [Times: user=0.09 sys=0.00, real=0.02 secs] 
2020-08-02T14:13:25.629+0800: 12539989.607: [CMS-concurrent-mark-start]
2020-08-02T14:13:28.320+0800: 12539992.298: [CMS-concurrent-mark: 2.691/2.691 secs] [Times: user=5.77 sys=0.26, real=2.69 secs] 
2020-08-02T14:13:28.320+0800: 12539992.298: [CMS-concurrent-preclean-start]
2020-08-02T14:13:28.330+0800: 12539992.308: [CMS-concurrent-preclean: 0.010/0.010 secs] [Times: user=0.01 sys=0.00, real=0.01 secs] 
2020-08-02T14:13:28.330+0800: 12539992.308: [CMS-concurrent-abortable-preclean-start]
 CMS: abort preclean due to time 2020-08-02T14:13:33.372+0800: 12539997.350: [CMS-concurrent-abortable-preclean: 3.336/5.042 secs] [Times: user=4.18 sys=0.40, real=5.04 secs] 
2020-08-02T14:13:33.374+0800: 12539997.352: [GC (CMS Final Remark) [YG occupancy: 500942 K (737280 K)]2020-08-02T14:13:33.374+0800: 12539997.352: [Rescan (parallel) , 0.0314141 secs]2020-08-02T14:13:33.405+0800: 12539997.383: [weak refs processing, 0.0000760 secs]2020-08-02T14:13:33.405+0800: 12539997.383: [class unloading, 0.0176226 secs]2020-08-02T14:13:33.423+0800: 12539997.401: [scrub symbol table, 0.0061749 secs]2020-08-02T14:13:33.429+0800: 12539997.407: [scrub string table, 0.0008695 secs][1 CMS-remark: 4300774K(5472256K)] 4801716K(6209536K), 0.0563512 secs] [Times: user=0.24 sys=0.00, real=0.06 secs] 
2020-08-02T14:13:33.430+0800: 12539997.408: [CMS-concurrent-sweep-start]
2020-08-02T14:13:34.950+0800: 12539998.928: [CMS-concurrent-sweep: 1.519/1.519 secs] [Times: user=1.68 sys=0.10, real=1.52 secs] 
2020-08-02T14:13:34.950+0800: 12539998.928: [CMS-concurrent-reset-start]
2020-08-02T14:13:34.968+0800: 12539998.946: [CMS-concurrent-reset: 0.019/0.019 secs] [Times: user=0.02 sys=0.00, real=0.02 secs] 
2020-08-02T14:13:36.969+0800: 12540000.947: [GC (CMS Initial Mark) [1 CMS-initial-mark: 4300620K(5472256K)] 4862874K(6209536K), 0.0293964 secs] [Times: user=0.20 sys=0.00, real=0.02 secs] 
2020-08-02T14:13:36.998+0800: 12540000.976: [CMS-concurrent-mark-start]
2020-08-02T14:13:39.662+0800: 12540003.640: [CMS-concurrent-mark: 2.664/2.664 secs] [Times: user=5.82 sys=0.12, real=2.66 secs] 
2020-08-02T14:13:39.662+0800: 12540003.640: [CMS-concurrent-preclean-start]
2020-08-02T14:13:39.670+0800: 12540003.648: [CMS-concurrent-preclean: 0.008/0.008 secs] [Times: user=0.00 sys=0.00, real=0.01 secs] 
2020-08-02T14:13:39.670+0800: 12540003.648: [CMS-concurrent-abortable-preclean-start]
2020-08-02T14:13:44.191+0800: 12540008.168: [GC (Allocation Failure) 2020-08-02T14:13:44.191+0800: 12540008.168: [ParNew: 720788K->48358K(737280K), 0.0899219 secs] 5021408K->4390171K(6209536K), 0.0900893 secs] [Times: user=0.57 sys=0.00, real=0.09 secs] 
 CMS: abort preclean due to time 2020-08-02T14:13:44.715+0800: 12540008.693: [CMS-concurrent-abortable-preclean: 3.351/5.045 secs] [Times: user=4.31 sys=0.21, real=5.04 secs] 
2020-08-02T14:13:44.717+0800: 12540008.695: [GC (CMS Final Remark) [YG occupancy: 63382 K (737280 K)]2020-08-02T14:13:44.717+0800: 12540008.695: [Rescan (parallel) , 0.0066936 secs]2020-08-02T14:13:44.724+0800: 12540008.701: [weak refs processing, 0.0000451 secs]2020-08-02T14:13:44.724+0800: 12540008.701: [class unloading, 0.0174924 secs]2020-08-02T14:13:44.741+0800: 12540008.719: [scrub symbol table, 0.0067303 secs]2020-08-02T14:13:44.748+0800: 12540008.726: [scrub string table, 0.0010335 secs][1 CMS-remark: 4341813K(5472256K)] 4405195K(6209536K), 0.0321535 secs] [Times: user=0.07 sys=0.00, real=0.04 secs] 
2020-08-02T14:13:44.749+0800: 12540008.727: [CMS-concurrent-sweep-start]
2020-08-02T14:13:46.338+0800: 12540010.316: [CMS-concurrent-sweep: 1.589/1.589 secs] [Times: user=1.69 sys=0.01, real=1.58 secs] 
2020-08-02T14:13:46.338+0800: 12540010.316: [CMS-concurrent-reset-start]
2020-08-02T14:13:46.357+0800: 12540010.335: [CMS-concurrent-reset: 0.019/0.019 secs] [Times: user=0.02 sys=0.00, real=0.02 secs] 
2020-08-02T14:13:48.357+0800: 12540012.335: [GC (CMS Initial Mark) [1 CMS-initial-mark: 4341793K(5472256K)] 4422156K(6209536K), 0.0083028 secs] [Times: user=0.03 sys=0.00, real=0.01 secs] 
2020-08-02T14:13:48.366+0800: 12540012.344: [CMS-concurrent-mark-start]
2020-08-02T14:13:51.055+0800: 12540015.033: [CMS-concurrent-mark: 2.689/2.689 secs] [Times: user=5.69 sys=0.02, real=2.69 secs] 
2020-08-02T14:13:51.055+0800: 12540015.033: [CMS-concurrent-preclean-start]
2020-08-02T14:13:51.065+0800: 12540015.042: [CMS-concurrent-preclean: 0.010/0.010 secs] [Times: user=0.01 sys=0.00, real=0.01 secs] 
2020-08-02T14:13:51.065+0800: 12540015.043: [CMS-concurrent-abortable-preclean-start]
 CMS: abort preclean due to time 2020-08-02T14:13:56.199+0800: 12540020.177: [CMS-concurrent-abortable-preclean: 3.232/5.134 secs] [Times: user=3.79 sys=0.21, real=5.14 secs] 
2020-08-02T14:13:56.200+0800: 12540020.178: [GC (CMS Final Remark) [YG occupancy: 219713 K (737280 K)]2020-08-02T14:13:56.200+0800: 12540020.178: [Rescan (parallel) , 0.0157820 secs]2020-08-02T14:13:56.216+0800: 12540020.194: [weak refs processing, 0.0000836 secs]2020-08-02T14:13:56.216+0800: 12540020.194: [class unloading, 0.0176243 secs]2020-08-02T14:13:56.234+0800: 12540020.212: [scrub symbol table, 0.0061470 secs]2020-08-02T14:13:56.240+0800: 12540020.218: [scrub string table, 0.0008891 secs][1 CMS-remark: 4341793K(5472256K)] 4561507K(6209536K), 0.0407037 secs] [Times: user=0.14 sys=0.00, real=0.04 secs] 
2020-08-02T14:13:56.241+0800: 12540020.219: [CMS-concurrent-sweep-start]
2020-08-02T14:13:57.765+0800: 12540021.743: [CMS-concurrent-sweep: 1.524/1.524 secs] [Times: user=2.00 sys=0.07, real=1.52 secs] 
2020-08-02T14:13:57.765+0800: 12540021.743: [CMS-concurrent-reset-start]
2020-08-02T14:13:57.784+0800: 12540021.762: [CMS-concurrent-reset: 0.019/0.019 secs] [Times: user=0.02 sys=0.00, real=0.02 secs] 
2020-08-02T14:13:59.785+0800: 12540023.763: [GC (CMS Initial Mark) [1 CMS-initial-mark: 4341471K(5472256K)] 4696863K(6209536K), 0.0253984 secs] [Times: user=0.15 sys=0.00, real=0.03 secs] 
2020-08-02T14:13:59.810+0800: 12540023.788: [CMS-concurrent-mark-start]
2020-08-02T14:14:02.601+0800: 12540026.579: [CMS-concurrent-mark: 2.791/2.791 secs] [Times: user=6.17 sys=0.13, real=2.79 secs] 
2020-08-02T14:14:02.601+0800: 12540026.579: [CMS-concurrent-preclean-start]
2020-08-02T14:14:02.608+0800: 12540026.586: [CMS-concurrent-preclean: 0.007/0.007 secs] [Times: user=0.01 sys=0.00, real=0.01 secs] 
2020-08-02T14:14:02.608+0800: 12540026.586: [CMS-concurrent-abortable-preclean-start]
 CMS: abort preclean due to time 2020-08-02T14:14:07.851+0800: 12540031.828: [CMS-concurrent-abortable-preclean: 3.241/5.242 secs] [Times: user=3.55 sys=0.15, real=5.24 secs] 
2020-08-02T14:14:07.852+0800: 12540031.830: [GC (CMS Final Remark) [YG occupancy: 495516 K (737280 K)]2020-08-02T14:14:07.852+0800: 12540031.830: [Rescan (parallel) , 0.0306080 secs]2020-08-02T14:14:07.883+0800: 12540031.861: [weak refs processing, 0.0000376 secs]2020-08-02T14:14:07.883+0800: 12540031.861: [class unloading, 0.0171762 secs]2020-08-02T14:14:07.900+0800: 12540031.878: [scrub symbol table, 0.0061017 secs]2020-08-02T14:14:07.906+0800: 12540031.884: [scrub string table, 0.0008762 secs][1 CMS-remark: 4341471K(5472256K)] 4836987K(6209536K), 0.0549865 secs] [Times: user=0.27 sys=0.00, real=0.06 secs] 
2020-08-02T14:14:07.907+0800: 12540031.885: [CMS-concurrent-sweep-start]
2020-08-02T14:14:09.479+0800: 12540033.457: [CMS-concurrent-sweep: 1.571/1.571 secs] [Times: user=1.74 sys=0.04, real=1.57 secs] 
2020-08-02T14:14:09.479+0800: 12540033.457: [CMS-concurrent-reset-start]
2020-08-02T14:14:09.500+0800: 12540033.477: [CMS-concurrent-reset: 0.021/0.021 secs] [Times: user=0.02 sys=0.00, real=0.02 secs] 
2020-08-02T14:14:11.500+0800: 12540035.478: [GC (CMS Initial Mark) [1 CMS-initial-mark: 4341273K(5472256K)] 4869045K(6209536K), 0.0308134 secs] [Times: user=0.23 sys=0.00, real=0.03 secs] 
2020-08-02T14:14:11.531+0800: 12540035.509: [CMS-concurrent-mark-start]
2020-08-02T14:14:14.125+0800: 12540038.103: [CMS-concurrent-mark: 2.594/2.594 secs] [Times: user=5.52 sys=0.03, real=2.59 secs] 
2020-08-02T14:14:14.126+0800: 12540038.103: [CMS-concurrent-preclean-start]
2020-08-02T14:14:14.133+0800: 12540038.111: [CMS-concurrent-preclean: 0.008/0.008 secs] [Times: user=0.01 sys=0.00, real=0.01 secs] 
2020-08-02T14:14:14.133+0800: 12540038.111: [CMS-concurrent-abortable-preclean-start]
 CMS: abort preclean due to time 2020-08-02T14:14:19.146+0800: 12540043.124: [CMS-concurrent-abortable-preclean: 3.111/5.013 secs] [Times: user=3.54 sys=0.15, real=5.01 secs] 
2020-08-02T14:14:19.148+0800: 12540043.125: [GC (CMS Final Remark) [YG occupancy: 636306 K (737280 K)]2020-08-02T14:14:19.148+0800: 12540043.126: [Rescan (parallel) , 0.0506350 secs]2020-08-02T14:14:19.198+0800: 12540043.176: [weak refs processing, 0.0000382 secs]2020-08-02T14:14:19.198+0800: 12540043.176: [class unloading, 0.0172407 secs]2020-08-02T14:14:19.216+0800: 12540043.194: [scrub symbol table, 0.0062544 secs]2020-08-02T14:14:19.222+0800: 12540043.200: [scrub string table, 0.0009025 secs][1 CMS-remark: 4341273K(5472256K)] 4977579K(6209536K), 0.0752513 secs] [Times: user=0.34 sys=0.00, real=0.07 secs] 
2020-08-02T14:14:19.223+0800: 12540043.201: [CMS-concurrent-sweep-start]
2020-08-02T14:14:20.762+0800: 12540044.740: [CMS-concurrent-sweep: 1.539/1.539 secs] [Times: user=1.66 sys=0.04, real=1.54 secs] 
2020-08-02T14:14:20.762+0800: 12540044.740: [CMS-concurrent-reset-start]
2020-08-02T14:14:20.781+0800: 12540044.759: [CMS-concurrent-reset: 0.019/0.019 secs] [Times: user=0.02 sys=0.00, real=0.02 secs] 
2020-08-02T14:14:22.782+0800: 12540046.760: [GC (CMS Initial Mark) [1 CMS-initial-mark: 4341265K(5472256K)] 5031463K(6209536K), 0.0394356 secs] [Times: user=0.29 sys=0.00, real=0.04 secs] 
2020-08-02T14:14:22.822+0800: 12540046.799: [CMS-concurrent-mark-start]
2020-08-02T14:14:23.526+0800: 12540047.504: [GC (Allocation Failure) 2020-08-02T14:14:23.526+0800: 12540047.504: [ParNew: 703718K->81920K(737280K), 0.0630189 secs] 5044983K->4425434K(6209536K), 0.0632154 secs] [Times: user=0.48 sys=0.00, real=0.07 secs] 
2020-08-02T14:14:26.910+0800: 12540050.888: [CMS-concurrent-mark: 4.024/4.088 secs] [Times: user=9.01 sys=0.01, real=4.09 secs] 
2020-08-02T14:14:26.910+0800: 12540050.888: [CMS-concurrent-preclean-start]
2020-08-02T14:14:26.922+0800: 12540050.900: [CMS-concurrent-preclean: 0.012/0.012 secs] [Times: user=0.02 sys=0.00, real=0.01 secs] 
2020-08-02T14:14:26.922+0800: 12540050.900: [CMS-concurrent-abortable-preclean-start]
 CMS: abort preclean due to time 2020-08-02T14:14:32.144+0800: 12540056.121: [CMS-concurrent-abortable-preclean: 4.119/5.221 secs] [Times: user=4.51 sys=0.10, real=5.22 secs] 
2020-08-02T14:14:32.145+0800: 12540056.123: [GC (CMS Final Remark) [YG occupancy: 187256 K (737280 K)]2020-08-02T14:14:32.145+0800: 12540056.123: [Rescan (parallel) , 0.0143730 secs]2020-08-02T14:14:32.159+0800: 12540056.137: [weak refs processing, 0.0000440 secs]2020-08-02T14:14:32.160+0800: 12540056.137: [class unloading, 0.0170758 secs]2020-08-02T14:14:32.177+0800: 12540056.154: [scrub symbol table, 0.0061753 secs]2020-08-02T14:14:32.183+0800: 12540056.161: [scrub string table, 0.0008642 secs][1 CMS-remark: 4343514K(5472256K)] 4530771K(6209536K), 0.0386998 secs] [Times: user=0.13 sys=0.00, real=0.04 secs] 
2020-08-02T14:14:32.184+0800: 12540056.162: [CMS-concurrent-sweep-start]
2020-08-02T14:14:33.755+0800: 12540057.733: [CMS-concurrent-sweep: 1.571/1.571 secs] [Times: user=1.69 sys=0.05, real=1.57 secs] 
2020-08-02T14:14:33.755+0800: 12540057.733: [CMS-concurrent-reset-start]
2020-08-02T14:14:33.774+0800: 12540057.752: [CMS-concurrent-reset: 0.019/0.019 secs] [Times: user=0.02 sys=0.00, real=0.02 secs] 
2020-08-02T14:14:35.775+0800: 12540059.752: [GC (CMS Initial Mark) [1 CMS-initial-mark: 4343513K(5472256K)] 4570687K(6209536K), 0.0145870 secs] [Times: user=0.09 sys=0.01, real=0.02 secs] 
2020-08-02T14:14:35.789+0800: 12540059.767: [CMS-concurrent-mark-start]
2020-08-02T14:14:39.758+0800: 12540063.736: [CMS-concurrent-mark: 3.969/3.969 secs] [Times: user=8.40 sys=0.08, real=3.96 secs] 
2020-08-02T14:14:39.758+0800: 12540063.736: [CMS-concurrent-preclean-start]
2020-08-02T14:14:39.767+0800: 12540063.745: [CMS-concurrent-preclean: 0.009/0.009 secs] [Times: user=0.01 sys=0.00, real=0.02 secs] 
2020-08-02T14:14:39.767+0800: 12540063.745: [CMS-concurrent-abortable-preclean-start]
 CMS: abort preclean due to time 2020-08-02T14:14:45.124+0800: 12540069.102: [CMS-concurrent-abortable-preclean: 4.156/5.357 secs] [Times: user=4.59 sys=0.23, real=5.35 secs] 
2020-08-02T14:14:45.125+0800: 12540069.103: [GC (CMS Final Remark) [YG occupancy: 387542 K (737280 K)]2020-08-02T14:14:45.126+0800: 12540069.103: [Rescan (parallel) , 0.0256595 secs]2020-08-02T14:14:45.151+0800: 12540069.129: [weak refs processing, 0.0000387 secs]2020-08-02T14:14:45.151+0800: 12540069.129: [class unloading, 0.0175237 secs]2020-08-02T14:14:45.169+0800: 12540069.147: [scrub symbol table, 0.0066618 secs]2020-08-02T14:14:45.176+0800: 12540069.153: [scrub string table, 0.0008930 secs][1 CMS-remark: 4343513K(5472256K)] 4731056K(6209536K), 0.0509729 secs] [Times: user=0.21 sys=0.00, real=0.05 secs] 
2020-08-02T14:14:45.177+0800: 12540069.155: [CMS-concurrent-sweep-start]
2020-08-02T14:14:46.741+0800: 12540070.719: [CMS-concurrent-sweep: 1.564/1.564 secs] [Times: user=1.74 sys=0.04, real=1.57 secs] 
2020-08-02T14:14:46.741+0800: 12540070.719: [CMS-concurrent-reset-start]
2020-08-02T14:14:46.760+0800: 12540070.738: [CMS-concurrent-reset: 0.019/0.019 secs] [Times: user=0.02 sys=0.00, real=0.02 secs] 
2020-08-02T14:14:48.761+0800: 12540072.739: [GC (CMS Initial Mark) [1 CMS-initial-mark: 4342992K(5472256K)] 4777106K(6209536K), 0.0255677 secs] [Times: user=0.18 sys=0.00, real=0.02 secs] 
2020-08-02T14:14:48.787+0800: 12540072.764: [CMS-concurrent-mark-start]
2020-08-02T14:14:51.521+0800: 12540075.499: [CMS-concurrent-mark: 2.735/2.735 secs] [Times: user=5.79 sys=0.03, real=2.73 secs] 
2020-08-02T14:14:51.521+0800: 12540075.499: [CMS-concurrent-preclean-start]
2020-08-02T14:14:51.529+0800: 12540075.507: [CMS-concurrent-preclean: 0.008/0.008 secs] [Times: user=0.01 sys=0.00, real=0.01 secs] 
2020-08-02T14:14:51.529+0800: 12540075.507: [CMS-concurrent-abortable-preclean-start]
 CMS: abort preclean due to time 2020-08-02T14:14:56.943+0800: 12540080.921: [CMS-concurrent-abortable-preclean: 4.213/5.414 secs] [Times: user=4.65 sys=0.15, real=5.41 secs] 
2020-08-02T14:14:56.944+0800: 12540080.922: [GC (CMS Final Remark) [YG occupancy: 533909 K (737280 K)]2020-08-02T14:14:56.945+0800: 12540080.922: [Rescan (parallel) , 0.0370815 secs]2020-08-02T14:14:56.982+0800: 12540080.960: [weak refs processing, 0.0000376 secs]2020-08-02T14:14:56.982+0800: 12540080.960: [class unloading, 0.0180971 secs]2020-08-02T14:14:57.000+0800: 12540080.978: [scrub symbol table, 0.0060509 secs]2020-08-02T14:14:57.006+0800: 12540080.984: [scrub string table, 0.0008718 secs][1 CMS-remark: 4342992K(5472256K)] 4876901K(6209536K), 0.0623248 secs] [Times: user=0.30 sys=0.00, real=0.07 secs] 
2020-08-02T14:14:57.007+0800: 12540080.985: [CMS-concurrent-sweep-start]
2020-08-02T14:14:58.566+0800: 12540082.544: [CMS-concurrent-sweep: 1.559/1.559 secs] [Times: user=1.70 sys=0.01, real=1.55 secs] 
2020-08-02T14:14:58.566+0800: 12540082.544: [CMS-concurrent-reset-start]
2020-08-02T14:14:58.585+0800: 12540082.563: [CMS-concurrent-reset: 0.019/0.019 secs] [Times: user=0.02 sys=0.00, real=0.02 secs] 
2020-08-02T14:15:00.586+0800: 12540084.564: [GC (CMS Initial Mark) [1 CMS-initial-mark: 4342992K(5472256K)] 4913100K(6209536K), 0.0459093 secs] [Times: user=0.24 sys=0.00, real=0.05 secs] 
2020-08-02T14:15:00.632+0800: 12540084.610: [CMS-concurrent-mark-start]
2020-08-02T14:15:05.793+0800: 12540089.771: [CMS-concurrent-mark: 5.162/5.162 secs] [Times: user=5.64 sys=0.04, real=5.16 secs] 
2020-08-02T14:15:05.794+0800: 12540089.771: [CMS-concurrent-preclean-start]
2020-08-02T14:15:05.801+0800: 12540089.779: [CMS-concurrent-preclean: 0.008/0.008 secs] [Times: user=0.01 sys=0.00, real=0.01 secs] 
2020-08-02T14:15:05.801+0800: 12540089.779: [CMS-concurrent-abortable-preclean-start]
 CMS: abort preclean due to time 2020-08-02T14:15:11.123+0800: 12540095.101: [CMS-concurrent-abortable-preclean: 4.120/5.321 secs] [Times: user=4.58 sys=0.17, real=5.32 secs] 
2020-08-02T14:15:11.125+0800: 12540095.102: [GC (CMS Final Remark) [YG occupancy: 663393 K (737280 K)]2020-08-02T14:15:11.125+0800: 12540095.102: [Rescan (parallel) , 0.0556744 secs]2020-08-02T14:15:11.180+0800: 12540095.158: [weak refs processing, 0.0000475 secs]2020-08-02T14:15:11.180+0800: 12540095.158: [class unloading, 0.0176524 secs]2020-08-02T14:15:11.198+0800: 12540095.176: [scrub symbol table, 0.0062673 secs]2020-08-02T14:15:11.204+0800: 12540095.182: [scrub string table, 0.0009008 secs][1 CMS-remark: 4342992K(5472256K)] 5006385K(6209536K), 0.0807210 secs] [Times: user=0.36 sys=0.00, real=0.08 secs] 
2020-08-02T14:15:11.205+0800: 12540095.183: [CMS-concurrent-sweep-start]
2020-08-02T14:15:12.805+0800: 12540096.783: [CMS-concurrent-sweep: 1.600/1.600 secs] [Times: user=1.71 sys=0.05, real=1.60 secs] 
2020-08-02T14:15:12.805+0800: 12540096.783: [CMS-concurrent-reset-start]
2020-08-02T14:15:12.824+0800: 12540096.802: [CMS-concurrent-reset: 0.019/0.019 secs] [Times: user=0.02 sys=0.00, real=0.02 secs] 
2020-08-02T14:15:14.825+0800: 12540098.802: [GC (CMS Initial Mark) [1 CMS-initial-mark: 4342992K(5472256K)] 5064909K(6209536K), 0.0414894 secs] [Times: user=0.30 sys=0.00, real=0.04 secs] 
2020-08-02T14:15:14.866+0800: 12540098.844: [CMS-concurrent-mark-start]
2020-08-02T14:15:15.285+0800: 12540099.262: [GC (Allocation Failure) 2020-08-02T14:15:15.285+0800: 12540099.263: [ParNew: 737280K->67633K(737280K), 0.1288491 secs] 5080272K->4486697K(6209536K), 0.1289992 secs] [Times: user=0.81 sys=0.00, real=0.13 secs] 
2020-08-02T14:15:17.678+0800: 12540101.656: [CMS-concurrent-mark: 2.677/2.812 secs] [Times: user=6.51 sys=0.00, real=2.81 secs] 
2020-08-02T14:15:17.678+0800: 12540101.656: [CMS-concurrent-preclean-start]
2020-08-02T14:15:17.732+0800: 12540101.710: [CMS-concurrent-preclean: 0.054/0.054 secs] [Times: user=0.07 sys=0.00, real=0.06 secs] 
2020-08-02T14:15:17.732+0800: 12540101.710: [CMS-concurrent-abortable-preclean-start]
 CMS: abort preclean due to time 2020-08-02T14:15:23.022+0800: 12540107.000: [CMS-concurrent-abortable-preclean: 3.388/5.290 secs] [Times: user=4.07 sys=0.25, real=5.29 secs] 
2020-08-02T14:15:23.024+0800: 12540107.002: [GC (CMS Final Remark) [YG occupancy: 274331 K (737280 K)]2020-08-02T14:15:23.024+0800: 12540107.002: [Rescan (parallel) , 0.0272535 secs]2020-08-02T14:15:23.051+0800: 12540107.029: [weak refs processing, 0.0000545 secs]2020-08-02T14:15:23.051+0800: 12540107.029: [class unloading, 0.0176691 secs]2020-08-02T14:15:23.069+0800: 12540107.047: [scrub symbol table, 0.0064149 secs]2020-08-02T14:15:23.075+0800: 12540107.053: [scrub string table, 0.0009699 secs][1 CMS-remark: 4419064K(5472256K)] 4693395K(6209536K), 0.0525573 secs] [Times: user=0.17 sys=0.00, real=0.05 secs] 
2020-08-02T14:15:23.076+0800: 12540107.054: [CMS-concurrent-sweep-start]
2020-08-02T14:15:24.721+0800: 12540108.698: [CMS-concurrent-sweep: 1.644/1.644 secs] [Times: user=1.93 sys=0.11, real=1.65 secs] 
2020-08-02T14:15:24.721+0800: 12540108.698: [CMS-concurrent-reset-start]
2020-08-02T14:15:24.740+0800: 12540108.718: [CMS-concurrent-reset: 0.019/0.019 secs] [Times: user=0.03 sys=0.00, real=0.02 secs] 
2020-08-02T14:15:26.741+0800: 12540110.718: [GC (CMS Initial Mark) [1 CMS-initial-mark: 4419063K(5472256K)] 4814020K(6209536K), 0.0235221 secs] [Times: user=0.14 sys=0.00, real=0.02 secs] 
2020-08-02T14:15:26.764+0800: 12540110.742: [CMS-concurrent-mark-start]
2020-08-02T14:15:29.686+0800: 12540113.664: [CMS-concurrent-mark: 2.909/2.922 secs] [Times: user=6.24 sys=0.08, real=2.92 secs] 
2020-08-02T14:15:29.686+0800: 12540113.664: [CMS-concurrent-preclean-start]
2020-08-02T14:15:29.694+0800: 12540113.672: [CMS-concurrent-preclean: 0.008/0.008 secs] [Times: user=0.01 sys=0.00, real=0.00 secs] 
2020-08-02T14:15:29.694+0800: 12540113.672: [CMS-concurrent-abortable-preclean-start]
 CMS: abort preclean due to time 2020-08-02T14:15:34.796+0800: 12540118.774: [CMS-concurrent-abortable-preclean: 3.300/5.102 secs] [Times: user=3.90 sys=0.26, real=5.10 secs] 
2020-08-02T14:15:34.797+0800: 12540118.775: [GC (CMS Final Remark) [YG occupancy: 553785 K (737280 K)]2020-08-02T14:15:34.797+0800: 12540118.775: [Rescan (parallel) , 0.0336111 secs]2020-08-02T14:15:34.831+0800: 12540118.809: [weak refs processing, 0.0000465 secs]2020-08-02T14:15:34.831+0800: 12540118.809: [class unloading, 0.0182976 secs]2020-08-02T14:15:34.850+0800: 12540118.827: [scrub symbol table, 0.0066128 secs]2020-08-02T14:15:34.856+0800: 12540118.834: [scrub string table, 0.0010056 secs][1 CMS-remark: 4419063K(5472256K)] 4972849K(6209536K), 0.0597829 secs] [Times: user=0.26 sys=0.00, real=0.06 secs] 
2020-08-02T14:15:34.857+0800: 12540118.835: [CMS-concurrent-sweep-start]
2020-08-02T14:15:36.495+0800: 12540120.473: [CMS-concurrent-sweep: 1.638/1.638 secs] [Times: user=1.83 sys=0.04, real=1.64 secs] 
2020-08-02T14:15:36.495+0800: 12540120.473: [CMS-concurrent-reset-start]
2020-08-02T14:15:36.515+0800: 12540120.493: [CMS-concurrent-reset: 0.020/0.020 secs] [Times: user=0.02 sys=0.00, real=0.02 secs] 
2020-08-02T14:15:38.517+0800: 12540122.495: [GC (CMS Initial Mark) [1 CMS-initial-mark: 4418966K(5472256K)] 5010245K(6209536K), 0.0360075 secs] [Times: user=0.22 sys=0.00, real=0.04 secs] 
2020-08-02T14:15:38.553+0800: 12540122.531: [CMS-concurrent-mark-start]
2020-08-02T14:15:41.437+0800: 12540125.415: [CMS-concurrent-mark: 2.885/2.885 secs] [Times: user=6.02 sys=0.06, real=2.88 secs] 
2020-08-02T14:15:41.438+0800: 12540125.415: [CMS-concurrent-preclean-start]
2020-08-02T14:15:41.445+0800: 12540125.423: [CMS-concurrent-preclean: 0.008/0.008 secs] [Times: user=0.01 sys=0.00, real=0.01 secs] 
2020-08-02T14:15:41.445+0800: 12540125.423: [CMS-concurrent-abortable-preclean-start]
 CMS: abort preclean due to time 2020-08-02T14:15:46.456+0800: 12540130.434: [CMS-concurrent-abortable-preclean: 3.209/5.010 secs] [Times: user=3.57 sys=0.16, real=5.01 secs] 
2020-08-02T14:15:46.457+0800: 12540130.435: [GC (CMS Final Remark) [YG occupancy: 664607 K (737280 K)]2020-08-02T14:15:46.457+0800: 12540130.435: [Rescan (parallel) , 0.0430990 secs]2020-08-02T14:15:46.501+0800: 12540130.478: [weak refs processing, 0.0000405 secs]2020-08-02T14:15:46.501+0800: 12540130.478: [class unloading, 0.0176547 secs]2020-08-02T14:15:46.518+0800: 12540130.496: [scrub symbol table, 0.0064042 secs]2020-08-02T14:15:46.525+0800: 12540130.503: [scrub string table, 0.0008894 secs][1 CMS-remark: 4418966K(5472256K)] 5083574K(6209536K), 0.0682758 secs] [Times: user=0.32 sys=0.00, real=0.07 secs] 
2020-08-02T14:15:46.526+0800: 12540130.504: [CMS-concurrent-sweep-start]
2020-08-02T14:15:48.146+0800: 12540132.124: [CMS-concurrent-sweep: 1.620/1.620 secs] [Times: user=1.78 sys=0.00, real=1.62 secs] 
2020-08-02T14:15:48.146+0800: 12540132.124: [CMS-concurrent-reset-start]
2020-08-02T14:15:48.165+0800: 12540132.143: [CMS-concurrent-reset: 0.019/0.019 secs] [Times: user=0.02 sys=0.00, real=0.02 secs] 
2020-08-02T14:15:50.166+0800: 12540134.144: [GC (CMS Initial Mark) [1 CMS-initial-mark: 4418951K(5472256K)] 5118781K(6209536K), 0.0344076 secs] [Times: user=0.27 sys=0.00, real=0.04 secs] 
2020-08-02T14:15:50.201+0800: 12540134.179: [CMS-concurrent-mark-start]
2020-08-02T14:15:52.994+0800: 12540136.972: [GC (Allocation Failure) 2020-08-02T14:15:52.994+0800: 12540136.972: [ParNew: 722993K->81920K(737280K), 0.0766296 secs] 5141945K->4503861K(6209536K), 0.0767921 secs] [Times: user=0.49 sys=0.00, real=0.08 secs] 
2020-08-02T14:15:53.093+0800: 12540137.071: [CMS-concurrent-mark: 2.812/2.892 secs] [Times: user=6.35 sys=0.00, real=2.89 secs] 
2020-08-02T14:15:53.093+0800: 12540137.071: [CMS-concurrent-preclean-start]
2020-08-02T14:15:53.114+0800: 12540137.092: [CMS-concurrent-preclean: 0.020/0.021 secs] [Times: user=0.02 sys=0.00, real=0.02 secs] 
2020-08-02T14:15:53.114+0800: 12540137.092: [CMS-concurrent-abortable-preclean-start]
 CMS: abort preclean due to time 2020-08-02T14:15:58.330+0800: 12540142.308: [CMS-concurrent-abortable-preclean: 4.015/5.216 secs] [Times: user=4.56 sys=0.14, real=5.22 secs] 
2020-08-02T14:15:58.332+0800: 12540142.310: [GC (CMS Final Remark) [YG occupancy: 181376 K (737280 K)]2020-08-02T14:15:58.332+0800: 12540142.310: [Rescan (parallel) , 0.0255005 secs]2020-08-02T14:15:58.358+0800: 12540142.335: [weak refs processing, 0.0000547 secs]2020-08-02T14:15:58.358+0800: 12540142.336: [class unloading, 0.0185826 secs]2020-08-02T14:15:58.376+0800: 12540142.354: [scrub symbol table, 0.0063798 secs]2020-08-02T14:15:58.383+0800: 12540142.361: [scrub string table, 0.0009884 secs][1 CMS-remark: 4421941K(5472256K)] 4603317K(6209536K), 0.0516819 secs] [Times: user=0.19 sys=0.00, real=0.05 secs] 
2020-08-02T14:15:58.384+0800: 12540142.362: [CMS-concurrent-sweep-start]
2020-08-02T14:15:59.997+0800: 12540143.974: [CMS-concurrent-sweep: 1.613/1.613 secs] [Times: user=1.77 sys=0.11, real=1.61 secs] 
2020-08-02T14:15:59.997+0800: 12540143.975: [CMS-concurrent-reset-start]
2020-08-02T14:16:00.016+0800: 12540143.994: [CMS-concurrent-reset: 0.019/0.019 secs] [Times: user=0.02 sys=0.00, real=0.02 secs] 
2020-08-02T14:16:02.016+0800: 12540145.994: [GC (CMS Initial Mark) [1 CMS-initial-mark: 4421937K(5472256K)] 4670350K(6209536K), 0.0195674 secs] [Times: user=0.11 sys=0.00, real=0.02 secs] 
2020-08-02T14:16:02.036+0800: 12540146.014: [CMS-concurrent-mark-start]
2020-08-02T14:16:04.797+0800: 12540148.775: [CMS-concurrent-mark: 2.761/2.761 secs] [Times: user=5.80 sys=0.08, real=2.76 secs] 
2020-08-02T14:16:04.797+0800: 12540148.775: [CMS-concurrent-preclean-start]
2020-08-02T14:16:04.805+0800: 12540148.783: [CMS-concurrent-preclean: 0.008/0.008 secs] [Times: user=0.01 sys=0.00, real=0.01 secs] 
2020-08-02T14:16:04.805+0800: 12540148.783: [CMS-concurrent-abortable-preclean-start]
 CMS: abort preclean due to time 2020-08-02T14:16:10.088+0800: 12540154.066: [CMS-concurrent-abortable-preclean: 4.082/5.283 secs] [Times: user=4.58 sys=0.37, real=5.29 secs] 
2020-08-02T14:16:10.090+0800: 12540154.067: [GC (CMS Final Remark) [YG occupancy: 381146 K (737280 K)]2020-08-02T14:16:10.090+0800: 12540154.067: [Rescan (parallel) , 0.0358845 secs]2020-08-02T14:16:10.126+0800: 12540154.103: [weak refs processing, 0.0000503 secs]2020-08-02T14:16:10.126+0800: 12540154.103: [class unloading, 0.0173952 secs]2020-08-02T14:16:10.143+0800: 12540154.121: [scrub symbol table, 0.0068305 secs]2020-08-02T14:16:10.150+0800: 12540154.128: [scrub string table, 0.0010306 secs][1 CMS-remark: 4421937K(5472256K)] 4803083K(6209536K), 0.0613534 secs] [Times: user=0.28 sys=0.00, real=0.06 secs] 
2020-08-02T14:16:10.151+0800: 12540154.129: [CMS-concurrent-sweep-start]
2020-08-02T14:16:11.750+0800: 12540155.728: [CMS-concurrent-sweep: 1.599/1.599 secs] [Times: user=1.75 sys=0.06, real=1.60 secs] 
2020-08-02T14:16:11.750+0800: 12540155.728: [CMS-concurrent-reset-start]
2020-08-02T14:16:11.768+0800: 12540155.746: [CMS-concurrent-reset: 0.018/0.018 secs] [Times: user=0.02 sys=0.00, real=0.02 secs] 
2020-08-02T14:16:13.769+0800: 12540157.747: [GC (CMS Initial Mark) [1 CMS-initial-mark: 4421297K(5472256K)] 4870427K(6209536K), 0.0299617 secs] [Times: user=0.20 sys=0.00, real=0.03 secs] 
2020-08-02T14:16:13.799+0800: 12540157.777: [CMS-concurrent-mark-start]
2020-08-02T14:16:16.538+0800: 12540160.516: [CMS-concurrent-mark: 2.739/2.739 secs] [Times: user=5.86 sys=0.09, real=2.73 secs] 
2020-08-02T14:16:16.538+0800: 12540160.516: [CMS-concurrent-preclean-start]
2020-08-02T14:16:16.547+0800: 12540160.525: [CMS-concurrent-preclean: 0.009/0.009 secs] [Times: user=0.00 sys=0.00, real=0.02 secs] 
2020-08-02T14:16:16.547+0800: 12540160.525: [CMS-concurrent-abortable-preclean-start]
 CMS: abort preclean due to time 2020-08-02T14:16:21.864+0800: 12540165.842: [CMS-concurrent-abortable-preclean: 4.316/5.317 secs] [Times: user=4.78 sys=0.26, real=5.31 secs] 
2020-08-02T14:16:21.866+0800: 12540165.843: [GC (CMS Final Remark) [YG occupancy: 574321 K (737280 K)]2020-08-02T14:16:21.866+0800: 12540165.843: [Rescan (parallel) , 0.0373175 secs]2020-08-02T14:16:21.903+0800: 12540165.881: [weak refs processing, 0.0000437 secs]2020-08-02T14:16:21.903+0800: 12540165.881: [class unloading, 0.0177266 secs]2020-08-02T14:16:21.921+0800: 12540165.899: [scrub symbol table, 0.0060928 secs]2020-08-02T14:16:21.927+0800: 12540165.905: [scrub string table, 0.0008702 secs][1 CMS-remark: 4421297K(5472256K)] 4995619K(6209536K), 0.0622264 secs] [Times: user=0.32 sys=0.00, real=0.07 secs] 
2020-08-02T14:16:21.928+0800: 12540165.906: [CMS-concurrent-sweep-start]
2020-08-02T14:16:23.542+0800: 12540167.520: [CMS-concurrent-sweep: 1.611/1.614 secs] [Times: user=2.08 sys=0.15, real=1.61 secs] 
2020-08-02T14:16:23.542+0800: 12540167.520: [CMS-concurrent-reset-start]
2020-08-02T14:16:23.562+0800: 12540167.540: [CMS-concurrent-reset: 0.020/0.020 secs] [Times: user=0.02 sys=0.00, real=0.02 secs] 
2020-08-02T14:16:25.563+0800: 12540169.540: [GC (CMS Initial Mark) [1 CMS-initial-mark: 4421296K(5472256K)] 5137953K(6209536K), 0.0441813 secs] [Times: user=0.32 sys=0.00, real=0.05 secs] 
2020-08-02T14:16:25.607+0800: 12540169.585: [CMS-concurrent-mark-start]
2020-08-02T14:16:26.722+0800: 12540170.700: [GC (Allocation Failure) 2020-08-02T14:16:26.722+0800: 12540170.700: [ParNew: 737280K->81920K(737280K), 0.1250970 secs] 5158576K->4546283K(6209536K), 0.1252467 secs] [Times: user=0.72 sys=0.00, real=0.13 secs] 
2020-08-02T14:16:28.533+0800: 12540172.511: [CMS-concurrent-mark: 2.799/2.926 secs] [Times: user=6.97 sys=0.14, real=2.92 secs] 
2020-08-02T14:16:28.533+0800: 12540172.511: [CMS-concurrent-preclean-start]
2020-08-02T14:16:28.576+0800: 12540172.554: [CMS-concurrent-preclean: 0.042/0.043 secs] [Times: user=0.06 sys=0.00, real=0.04 secs] 
2020-08-02T14:16:28.576+0800: 12540172.554: [CMS-concurrent-abortable-preclean-start]
 CMS: abort preclean due to time 2020-08-02T14:16:33.841+0800: 12540177.818: [CMS-concurrent-abortable-preclean: 4.359/5.265 secs] [Times: user=4.89 sys=0.27, real=5.27 secs] 
2020-08-02T14:16:33.842+0800: 12540177.820: [GC (CMS Final Remark) [YG occupancy: 239814 K (737280 K)]2020-08-02T14:16:33.842+0800: 12540177.820: [Rescan (parallel) , 0.0296227 secs]2020-08-02T14:16:33.872+0800: 12540177.850: [weak refs processing, 0.0000586 secs]2020-08-02T14:16:33.872+0800: 12540177.850: [class unloading, 0.0184581 secs]2020-08-02T14:16:33.891+0800: 12540177.868: [scrub symbol table, 0.0063763 secs]2020-08-02T14:16:33.897+0800: 12540177.875: [scrub string table, 0.0010163 secs][1 CMS-remark: 4464363K(5472256K)] 4704177K(6209536K), 0.0557110 secs] [Times: user=0.23 sys=0.00, real=0.05 secs] 
2020-08-02T14:16:33.898+0800: 12540177.876: [CMS-concurrent-sweep-start]
2020-08-02T14:16:35.568+0800: 12540179.546: [CMS-concurrent-sweep: 1.669/1.669 secs] [Times: user=1.87 sys=0.14, real=1.68 secs] 
2020-08-02T14:16:35.568+0800: 12540179.546: [CMS-concurrent-reset-start]
2020-08-02T14:16:35.589+0800: 12540179.567: [CMS-concurrent-reset: 0.021/0.021 secs] [Times: user=0.03 sys=0.00, real=0.02 secs] 
2020-08-02T14:16:37.590+0800: 12540181.568: [GC (CMS Initial Mark) [1 CMS-initial-mark: 4464231K(5472256K)] 4766851K(6209536K), 0.0185759 secs] [Times: user=0.13 sys=0.00, real=0.02 secs] 
2020-08-02T14:16:37.609+0800: 12540181.586: [CMS-concurrent-mark-start]
2020-08-02T14:16:40.325+0800: 12540184.303: [CMS-concurrent-mark: 2.716/2.716 secs] [Times: user=5.68 sys=0.03, real=2.71 secs] 
2020-08-02T14:16:40.325+0800: 12540184.303: [CMS-concurrent-preclean-start]
2020-08-02T14:16:40.333+0800: 12540184.311: [CMS-concurrent-preclean: 0.008/0.008 secs] [Times: user=0.01 sys=0.00, real=0.01 secs] 
2020-08-02T14:16:40.333+0800: 12540184.311: [CMS-concurrent-abortable-preclean-start]
 CMS: abort preclean due to time 2020-08-02T14:16:45.546+0800: 12540189.524: [CMS-concurrent-abortable-preclean: 4.113/5.213 secs] [Times: user=4.55 sys=0.19, real=5.21 secs] 
2020-08-02T14:16:45.548+0800: 12540189.526: [GC (CMS Final Remark) [YG occupancy: 403039 K (737280 K)]2020-08-02T14:16:45.548+0800: 12540189.526: [Rescan (parallel) , 0.0287443 secs]2020-08-02T14:16:45.577+0800: 12540189.554: [weak refs processing, 0.0000417 secs]2020-08-02T14:16:45.577+0800: 12540189.555: [class unloading, 0.0186143 secs]2020-08-02T14:16:45.595+0800: 12540189.573: [scrub symbol table, 0.0064997 secs]2020-08-02T14:16:45.602+0800: 12540189.580: [scrub string table, 0.0010239 secs][1 CMS-remark: 4464231K(5472256K)] 4867271K(6209536K), 0.0551059 secs] [Times: user=0.25 sys=0.00, real=0.05 secs] 
2020-08-02T14:16:45.603+0800: 12540189.581: [CMS-concurrent-sweep-start]
2020-08-02T14:16:47.288+0800: 12540191.266: [CMS-concurrent-sweep: 1.684/1.684 secs] [Times: user=1.86 sys=0.06, real=1.69 secs] 
2020-08-02T14:16:47.288+0800: 12540191.266: [CMS-concurrent-reset-start]
2020-08-02T14:16:47.307+0800: 12540191.285: [CMS-concurrent-reset: 0.019/0.019 secs] [Times: user=0.02 sys=0.00, real=0.02 secs] 
2020-08-02T14:16:49.308+0800: 12540193.286: [GC (CMS Initial Mark) [1 CMS-initial-mark: 4463554K(5472256K)] 4930092K(6209536K), 0.0276836 secs] [Times: user=0.18 sys=0.00, real=0.02 secs] 
2020-08-02T14:16:49.336+0800: 12540193.314: [CMS-concurrent-mark-start]
2020-08-02T14:16:52.040+0800: 12540196.017: [CMS-concurrent-mark: 2.704/2.704 secs] [Times: user=5.75 sys=0.09, real=2.71 secs] 
2020-08-02T14:16:52.040+0800: 12540196.017: [CMS-concurrent-preclean-start]
2020-08-02T14:16:52.055+0800: 12540196.033: [CMS-concurrent-preclean: 0.016/0.016 secs] [Times: user=0.01 sys=0.00, real=0.01 secs] 
2020-08-02T14:16:52.055+0800: 12540196.033: [CMS-concurrent-abortable-preclean-start]
 CMS: abort preclean due to time 2020-08-02T14:16:57.199+0800: 12540201.176: [CMS-concurrent-abortable-preclean: 4.042/5.143 secs] [Times: user=4.55 sys=0.27, real=5.15 secs] 
2020-08-02T14:16:57.200+0800: 12540201.178: [GC (CMS Final Remark) [YG occupancy: 619773 K (737280 K)]2020-08-02T14:16:57.200+0800: 12540201.178: [Rescan (parallel) , 0.0371470 secs]2020-08-02T14:16:57.237+0800: 12540201.215: [weak refs processing, 0.0000357 secs]2020-08-02T14:16:57.237+0800: 12540201.215: [class unloading, 0.0179858 secs]2020-08-02T14:16:57.255+0800: 12540201.233: [scrub symbol table, 0.0061610 secs]2020-08-02T14:16:57.262+0800: 12540201.239: [scrub string table, 0.0010438 secs][1 CMS-remark: 4463554K(5472256K)] 5083327K(6209536K), 0.0625346 secs] [Times: user=0.31 sys=0.00, real=0.06 secs] 
2020-08-02T14:16:57.263+0800: 12540201.241: [CMS-concurrent-sweep-start]
2020-08-02T14:16:58.946+0800: 12540202.923: [CMS-concurrent-sweep: 1.683/1.683 secs] [Times: user=1.97 sys=0.08, real=1.68 secs] 
2020-08-02T14:16:58.946+0800: 12540202.924: [CMS-concurrent-reset-start]
2020-08-02T14:16:58.966+0800: 12540202.944: [CMS-concurrent-reset: 0.020/0.020 secs] [Times: user=0.02 sys=0.00, real=0.02 secs] 
2020-08-02T14:17:00.155+0800: 12540204.133: [GC (Allocation Failure) 2020-08-02T14:17:00.156+0800: 12540204.133: [ParNew: 737280K->72651K(737280K), 0.1154951 secs] 5200831K->4609857K(6209536K), 0.1156681 secs] [Times: user=0.70 sys=0.00, real=0.12 secs] 
2020-08-02T14:17:00.273+0800: 12540204.250: [GC (CMS Initial Mark) [1 CMS-initial-mark: 4537206K(5472256K)] 4621530K(6209536K), 0.0065354 secs] [Times: user=0.03 sys=0.00, real=0.01 secs] 
2020-08-02T14:17:00.279+0800: 12540204.257: [CMS-concurrent-mark-start]
2020-08-02T14:17:03.168+0800: 12540207.146: [CMS-concurrent-mark: 2.888/2.889 secs] [Times: user=6.22 sys=0.10, real=2.89 secs] 
2020-08-02T14:17:03.168+0800: 12540207.146: [CMS-concurrent-preclean-start]
2020-08-02T14:17:03.176+0800: 12540207.153: [CMS-concurrent-preclean: 0.008/0.008 secs] [Times: user=0.01 sys=0.00, real=0.00 secs] 
2020-08-02T14:17:03.176+0800: 12540207.153: [CMS-concurrent-abortable-preclean-start]
 CMS: abort preclean due to time 2020-08-02T14:17:08.272+0800: 12540212.250: [CMS-concurrent-abortable-preclean: 3.095/5.097 secs] [Times: user=3.57 sys=0.28, real=5.10 secs] 
2020-08-02T14:17:08.274+0800: 12540212.252: [GC (CMS Final Remark) [YG occupancy: 307599 K (737280 K)]2020-08-02T14:17:08.274+0800: 12540212.252: [Rescan (parallel) , 0.0235234 secs]2020-08-02T14:17:08.297+0800: 12540212.275: [weak refs processing, 0.0000688 secs]2020-08-02T14:17:08.297+0800: 12540212.275: [class unloading, 0.0172799 secs]2020-08-02T14:17:08.315+0800: 12540212.293: [scrub symbol table, 0.0061385 secs]2020-08-02T14:17:08.321+0800: 12540212.299: [scrub string table, 0.0008687 secs][1 CMS-remark: 4537206K(5472256K)] 4844805K(6209536K), 0.0480459 secs] [Times: user=0.20 sys=0.00, real=0.05 secs] 
2020-08-02T14:17:08.322+0800: 12540212.300: [CMS-concurrent-sweep-start]
2020-08-02T14:17:10.039+0800: 12540214.017: [CMS-concurrent-sweep: 1.717/1.717 secs] [Times: user=2.05 sys=0.18, real=1.72 secs] 
2020-08-02T14:17:10.039+0800: 12540214.017: [CMS-concurrent-reset-start]
2020-08-02T14:17:10.058+0800: 12540214.036: [CMS-concurrent-reset: 0.019/0.019 secs] [Times: user=0.02 sys=0.01, real=0.01 secs] 
2020-08-02T14:17:12.059+0800: 12540216.036: [GC (CMS Initial Mark) [1 CMS-initial-mark: 4536673K(5472256K)] 4960825K(6209536K), 0.0191213 secs] [Times: user=0.13 sys=0.01, real=0.01 secs] 
2020-08-02T14:17:12.078+0800: 12540216.056: [CMS-concurrent-mark-start]
2020-08-02T14:17:14.869+0800: 12540218.847: [CMS-concurrent-mark: 2.791/2.791 secs] [Times: user=5.89 sys=0.00, real=2.80 secs] 
2020-08-02T14:17:14.869+0800: 12540218.847: [CMS-concurrent-preclean-start]
2020-08-02T14:17:14.877+0800: 12540218.855: [CMS-concurrent-preclean: 0.008/0.008 secs] [Times: user=0.01 sys=0.00, real=0.00 secs] 
2020-08-02T14:17:14.877+0800: 12540218.855: [CMS-concurrent-abortable-preclean-start]
 CMS: abort preclean due to time 2020-08-02T14:17:20.103+0800: 12540224.081: [CMS-concurrent-abortable-preclean: 3.220/5.226 secs] [Times: user=3.67 sys=0.22, real=5.23 secs] 
2020-08-02T14:17:20.105+0800: 12540224.083: [GC (CMS Final Remark) [YG occupancy: 537673 K (737280 K)]2020-08-02T14:17:20.105+0800: 12540224.083: [Rescan (parallel) , 0.0376489 secs]2020-08-02T14:17:20.143+0800: 12540224.121: [weak refs processing, 0.0000376 secs]2020-08-02T14:17:20.143+0800: 12540224.121: [class unloading, 0.0172524 secs]2020-08-02T14:17:20.160+0800: 12540224.138: [scrub symbol table, 0.0061514 secs]2020-08-02T14:17:20.166+0800: 12540224.144: [scrub string table, 0.0008688 secs][1 CMS-remark: 4536673K(5472256K)] 5074346K(6209536K), 0.0621332 secs] [Times: user=0.25 sys=0.00, real=0.07 secs] 
2020-08-02T14:17:20.167+0800: 12540224.145: [CMS-concurrent-sweep-start]
2020-08-02T14:17:21.802+0800: 12540225.780: [CMS-concurrent-sweep: 1.635/1.635 secs] [Times: user=1.81 sys=0.10, real=1.63 secs] 
2020-08-02T14:17:21.802+0800: 12540225.780: [CMS-concurrent-reset-start]
2020-08-02T14:17:21.820+0800: 12540225.798: [CMS-concurrent-reset: 0.018/0.018 secs] [Times: user=0.02 sys=0.00, real=0.02 secs] 
2020-08-02T14:17:23.821+0800: 12540227.799: [GC (CMS Initial Mark) [1 CMS-initial-mark: 4536598K(5472256K)] 5130677K(6209536K), 0.0304642 secs] [Times: user=0.20 sys=0.00, real=0.03 secs] 
2020-08-02T14:17:23.852+0800: 12540227.829: [CMS-concurrent-mark-start]
2020-08-02T14:17:26.692+0800: 12540230.670: [CMS-concurrent-mark: 2.839/2.840 secs] [Times: user=6.03 sys=0.26, real=2.84 secs] 
2020-08-02T14:17:26.692+0800: 12540230.670: [CMS-concurrent-preclean-start]
2020-08-02T14:17:26.700+0800: 12540230.678: [CMS-concurrent-preclean: 0.008/0.008 secs] [Times: user=0.01 sys=0.00, real=0.01 secs] 
2020-08-02T14:17:26.700+0800: 12540230.678: [CMS-concurrent-abortable-preclean-start]
2020-08-02T14:17:30.671+0800: 12540234.649: [GC (Allocation Failure) 2020-08-02T14:17:30.671+0800: 12540234.649: [ParNew2020-08-02T14:17:30.722+0800: 12540234.700: [CMS-concurrent-abortable-preclean: 2.453/4.022 secs] [Times: user=3.19 sys=0.12, real=4.02 secs] 
: 728011K->81920K(737280K), 0.0654917 secs] 5264610K->4620148K(6209536K), 0.0656529 secs] [Times: user=0.41 sys=0.00, real=0.06 secs] 
2020-08-02T14:17:30.738+0800: 12540234.716: [GC (CMS Final Remark) [YG occupancy: 81927 K (737280 K)]2020-08-02T14:17:30.738+0800: 12540234.716: [Rescan (parallel) , 0.0106407 secs]2020-08-02T14:17:30.749+0800: 12540234.726: [weak refs processing, 0.0000387 secs]2020-08-02T14:17:30.749+0800: 12540234.726: [class unloading, 0.0183205 secs]2020-08-02T14:17:30.767+0800: 12540234.745: [scrub symbol table, 0.0064553 secs]2020-08-02T14:17:30.773+0800: 12540234.751: [scrub string table, 0.0008681 secs][1 CMS-remark: 4538228K(5472256K)] 4620156K(6209536K), 0.0364727 secs] [Times: user=0.10 sys=0.00, real=0.04 secs] 
2020-08-02T14:17:30.775+0800: 12540234.752: [CMS-concurrent-sweep-start]
2020-08-02T14:17:32.482+0800: 12540236.459: [CMS-concurrent-sweep: 1.706/1.707 secs] [Times: user=1.93 sys=0.02, real=1.71 secs] 
2020-08-02T14:17:32.482+0800: 12540236.460: [CMS-concurrent-reset-start]
2020-08-02T14:17:32.501+0800: 12540236.478: [CMS-concurrent-reset: 0.019/0.019 secs] [Times: user=0.02 sys=0.00, real=0.02 secs] 
2020-08-02T14:17:34.501+0800: 12540238.479: [GC (CMS Initial Mark) [1 CMS-initial-mark: 4538087K(5472256K)] 4720322K(6209536K), 0.0146432 secs] [Times: user=0.08 sys=0.00, real=0.01 secs] 
2020-08-02T14:17:34.516+0800: 12540238.494: [CMS-concurrent-mark-start]
2020-08-02T14:17:37.317+0800: 12540241.295: [CMS-concurrent-mark: 2.801/2.801 secs] [Times: user=5.86 sys=0.00, real=2.80 secs] 
2020-08-02T14:17:37.317+0800: 12540241.295: [CMS-concurrent-preclean-start]
2020-08-02T14:17:37.326+0800: 12540241.303: [CMS-concurrent-preclean: 0.008/0.008 secs] [Times: user=0.01 sys=0.00, real=0.01 secs] 
2020-08-02T14:17:37.326+0800: 12540241.303: [CMS-concurrent-abortable-preclean-start]
 CMS: abort preclean due to time 2020-08-02T14:17:42.546+0800: 12540246.524: [CMS-concurrent-abortable-preclean: 4.019/5.221 secs] [Times: user=4.41 sys=0.27, real=5.22 secs] 
2020-08-02T14:17:42.548+0800: 12540246.526: [GC (CMS Final Remark) [YG occupancy: 273589 K (737280 K)]2020-08-02T14:17:42.548+0800: 12540246.526: [Rescan (parallel) , 0.0301166 secs]2020-08-02T14:17:42.578+0800: 12540246.556: [weak refs processing, 0.0000540 secs]2020-08-02T14:17:42.578+0800: 12540246.556: [class unloading, 0.0200708 secs]2020-08-02T14:17:42.598+0800: 12540246.576: [scrub symbol table, 0.0067615 secs]2020-08-02T14:17:42.605+0800: 12540246.583: [scrub string table, 0.0009194 secs][1 CMS-remark: 4538087K(5472256K)] 4811676K(6209536K), 0.0580815 secs] [Times: user=0.19 sys=0.00, real=0.05 secs] 
2020-08-02T14:17:42.606+0800: 12540246.584: [CMS-concurrent-sweep-start]
2020-08-02T14:17:44.252+0800: 12540248.229: [CMS-concurrent-sweep: 1.646/1.646 secs] [Times: user=1.83 sys=0.10, real=1.65 secs] 
2020-08-02T14:17:44.252+0800: 12540248.230: [CMS-concurrent-reset-start]
2020-08-02T14:17:44.270+0800: 12540248.248: [CMS-concurrent-reset: 0.019/0.019 secs] [Times: user=0.02 sys=0.00, real=0.02 secs] 
2020-08-02T14:17:46.271+0800: 12540250.249: [GC (CMS Initial Mark) [1 CMS-initial-mark: 4537029K(5472256K)] 4888413K(6209536K), 0.0220853 secs] [Times: user=0.14 sys=0.00, real=0.02 secs] 
2020-08-02T14:17:46.293+0800: 12540250.271: [CMS-concurrent-mark-start]
2020-08-02T14:17:49.133+0800: 12540253.111: [CMS-concurrent-mark: 2.840/2.840 secs] [Times: user=6.50 sys=0.20, real=2.84 secs] 
2020-08-02T14:17:49.133+0800: 12540253.111: [CMS-concurrent-preclean-start]
2020-08-02T14:17:49.141+0800: 12540253.119: [CMS-concurrent-preclean: 0.008/0.008 secs] [Times: user=0.02 sys=0.00, real=0.01 secs] 
2020-08-02T14:17:49.141+0800: 12540253.119: [CMS-concurrent-abortable-preclean-start]
 CMS: abort preclean due to time 2020-08-02T14:17:54.365+0800: 12540258.343: [CMS-concurrent-abortable-preclean: 4.022/5.224 secs] [Times: user=4.66 sys=0.22, real=5.22 secs] 
2020-08-02T14:17:54.366+0800: 12540258.344: [GC (CMS Final Remark) [YG occupancy: 709003 K (737280 K)]2020-08-02T14:17:54.366+0800: 12540258.344: [Rescan (parallel) , 0.0573562 secs]2020-08-02T14:17:54.424+0800: 12540258.402: [weak refs processing, 0.0000412 secs]2020-08-02T14:17:54.424+0800: 12540258.402: [class unloading, 0.0171027 secs]2020-08-02T14:17:54.441+0800: 12540258.419: [scrub symbol table, 0.0068118 secs]2020-08-02T14:17:54.448+0800: 12540258.426: [scrub string table, 0.0008936 secs][1 CMS-remark: 4537029K(5472256K)] 5246032K(6209536K), 0.0823681 secs] [Times: user=0.38 sys=0.00, real=0.09 secs] 
2020-08-02T14:17:54.449+0800: 12540258.427: [CMS-concurrent-sweep-start]
2020-08-02T14:17:56.078+0800: 12540260.055: [CMS-concurrent-sweep: 1.629/1.629 secs] [Times: user=1.78 sys=0.01, real=1.62 secs] 
2020-08-02T14:17:56.078+0800: 12540260.056: [CMS-concurrent-reset-start]
2020-08-02T14:17:56.097+0800: 12540260.075: [CMS-concurrent-reset: 0.019/0.019 secs] [Times: user=0.02 sys=0.00, real=0.02 secs] 
2020-08-02T14:17:57.130+0800: 12540261.108: [GC (Allocation Failure) 2020-08-02T14:17:57.130+0800: 12540261.108: [ParNew: 737280K->81920K(737280K), 0.1134669 secs] 5274305K->4656392K(6209536K), 0.1136418 secs] [Times: user=0.63 sys=0.00, real=0.11 secs] 
2020-08-02T14:17:57.245+0800: 12540261.223: [GC (CMS Initial Mark) [1 CMS-initial-mark: 4574472K(5472256K)] 4667087K(6209536K), 0.0108638 secs] [Times: user=0.04 sys=0.00, real=0.01 secs] 
2020-08-02T14:17:57.256+0800: 12540261.234: [CMS-concurrent-mark-start]
2020-08-02T14:18:01.436+0800: 12540265.414: [CMS-concurrent-mark: 4.180/4.180 secs] [Times: user=8.95 sys=0.20, real=4.18 secs] 
2020-08-02T14:18:01.436+0800: 12540265.414: [CMS-concurrent-preclean-start]
2020-08-02T14:18:01.444+0800: 12540265.422: [CMS-concurrent-preclean: 0.008/0.008 secs] [Times: user=0.01 sys=0.00, real=0.01 secs] 
2020-08-02T14:18:01.444+0800: 12540265.422: [CMS-concurrent-abortable-preclean-start]
 CMS: abort preclean due to time 2020-08-02T14:18:06.460+0800: 12540270.438: [CMS-concurrent-abortable-preclean: 4.316/5.016 secs] [Times: user=4.82 sys=0.25, real=5.02 secs] 
2020-08-02T14:18:06.462+0800: 12540270.440: [GC (CMS Final Remark) [YG occupancy: 255131 K (737280 K)]2020-08-02T14:18:06.462+0800: 12540270.440: [Rescan (parallel) , 0.0192384 secs]2020-08-02T14:18:06.481+0800: 12540270.459: [weak refs processing, 0.0000531 secs]2020-08-02T14:18:06.481+0800: 12540270.459: [class unloading, 0.0173541 secs]2020-08-02T14:18:06.499+0800: 12540270.476: [scrub symbol table, 0.0066836 secs]2020-08-02T14:18:06.505+0800: 12540270.483: [scrub string table, 0.0008834 secs][1 CMS-remark: 4574472K(5472256K)] 4829604K(6209536K), 0.0443933 secs] [Times: user=0.16 sys=0.00, real=0.04 secs] 
2020-08-02T14:18:06.507+0800: 12540270.484: [CMS-concurrent-sweep-start]
2020-08-02T14:18:08.125+0800: 12540272.103: [CMS-concurrent-sweep: 1.619/1.619 secs] [Times: user=1.79 sys=0.11, real=1.61 secs] 
2020-08-02T14:18:08.125+0800: 12540272.103: [CMS-concurrent-reset-start]
2020-08-02T14:18:08.145+0800: 12540272.123: [CMS-concurrent-reset: 0.019/0.019 secs] [Times: user=0.03 sys=0.00, real=0.02 secs] 
2020-08-02T14:18:10.145+0800: 12540274.123: [GC (CMS Initial Mark) [1 CMS-initial-mark: 4574332K(5472256K)] 4949391K(6209536K), 0.0284996 secs] [Times: user=0.16 sys=0.00, real=0.03 secs] 
2020-08-02T14:18:10.174+0800: 12540274.152: [CMS-concurrent-mark-start]
2020-08-02T14:18:12.911+0800: 12540276.889: [CMS-concurrent-mark: 2.737/2.737 secs] [Times: user=5.89 sys=0.07, real=2.74 secs] 
2020-08-02T14:18:12.911+0800: 12540276.889: [CMS-concurrent-preclean-start]
2020-08-02T14:18:12.920+0800: 12540276.897: [CMS-concurrent-preclean: 0.008/0.008 secs] [Times: user=0.01 sys=0.00, real=0.01 secs] 
2020-08-02T14:18:12.920+0800: 12540276.897: [CMS-concurrent-abortable-preclean-start]
 CMS: abort preclean due to time 2020-08-02T14:18:18.253+0800: 12540282.231: [CMS-concurrent-abortable-preclean: 4.132/5.333 secs] [Times: user=4.54 sys=0.21, real=5.33 secs] 
2020-08-02T14:18:18.254+0800: 12540282.232: [GC (CMS Final Remark) [YG occupancy: 517116 K (737280 K)]2020-08-02T14:18:18.254+0800: 12540282.232: [Rescan (parallel) , 0.0369973 secs]2020-08-02T14:18:18.291+0800: 12540282.269: [weak refs processing, 0.0000457 secs]2020-08-02T14:18:18.291+0800: 12540282.269: [class unloading, 0.0179584 secs]2020-08-02T14:18:18.309+0800: 12540282.287: [scrub symbol table, 0.0061861 secs]2020-08-02T14:18:18.316+0800: 12540282.294: [scrub string table, 0.0008919 secs][1 CMS-remark: 4574332K(5472256K)] 5091448K(6209536K), 0.0622614 secs] [Times: user=0.28 sys=0.00, real=0.06 secs] 
2020-08-02T14:18:18.317+0800: 12540282.295: [CMS-concurrent-sweep-start]
2020-08-02T14:18:20.012+0800: 12540283.990: [CMS-concurrent-sweep: 1.695/1.695 secs] [Times: user=1.88 sys=0.12, real=1.70 secs] 
2020-08-02T14:18:20.012+0800: 12540283.990: [CMS-concurrent-reset-start]
2020-08-02T14:18:20.031+0800: 12540284.009: [CMS-concurrent-reset: 0.019/0.019 secs] [Times: user=0.02 sys=0.00, real=0.02 secs] 
2020-08-02T14:18:22.032+0800: 12540286.009: [GC (CMS Initial Mark) [1 CMS-initial-mark: 4573764K(5472256K)] 5169768K(6209536K), 0.0362362 secs] [Times: user=0.24 sys=0.00, real=0.04 secs] 
2020-08-02T14:18:22.068+0800: 12540286.046: [CMS-concurrent-mark-start]
2020-08-02T14:18:24.784+0800: 12540288.762: [CMS-concurrent-mark: 2.716/2.716 secs] [Times: user=5.75 sys=0.02, real=2.71 secs] 
2020-08-02T14:18:24.784+0800: 12540288.762: [CMS-concurrent-preclean-start]
2020-08-02T14:18:24.792+0800: 12540288.770: [CMS-concurrent-preclean: 0.008/0.008 secs] [Times: user=0.00 sys=0.00, real=0.01 secs] 
2020-08-02T14:18:24.792+0800: 12540288.770: [CMS-concurrent-abortable-preclean-start]
 CMS: abort preclean due to time 2020-08-02T14:18:29.840+0800: 12540293.818: [CMS-concurrent-abortable-preclean: 4.143/5.048 secs] [Times: user=4.56 sys=0.15, real=5.05 secs] 
2020-08-02T14:18:29.842+0800: 12540293.820: [GC (CMS Final Remark) [YG occupancy: 698410 K (737280 K)]2020-08-02T14:18:29.842+0800: 12540293.820: [Rescan (parallel) , 0.0518186 secs]2020-08-02T14:18:29.894+0800: 12540293.872: [weak refs processing, 0.0000459 secs]2020-08-02T14:18:29.894+0800: 12540293.872: [class unloading, 0.0173598 secs]2020-08-02T14:18:29.911+0800: 12540293.889: [scrub symbol table, 0.0064228 secs]2020-08-02T14:18:29.918+0800: 12540293.895: [scrub string table, 0.0009403 secs][1 CMS-remark: 4573764K(5472256K)] 5272174K(6209536K), 0.0767773 secs] [Times: user=0.34 sys=0.00, real=0.08 secs] 
2020-08-02T14:18:29.919+0800: 12540293.897: [CMS-concurrent-sweep-start]
2020-08-02T14:18:31.600+0800: 12540295.578: [CMS-concurrent-sweep: 1.681/1.681 secs] [Times: user=1.84 sys=0.03, real=1.68 secs] 
2020-08-02T14:18:31.600+0800: 12540295.578: [CMS-concurrent-reset-start]
2020-08-02T14:18:31.619+0800: 12540295.597: [CMS-concurrent-reset: 0.019/0.019 secs] [Times: user=0.03 sys=0.00, real=0.02 secs] 
2020-08-02T14:18:32.531+0800: 12540296.509: [GC (Allocation Failure) 2020-08-02T14:18:32.532+0800: 12540296.509: [ParNew: 737280K->81920K(737280K), 0.1109753 secs] 5311043K->4691249K(6209536K), 0.1111670 secs] [Times: user=0.65 sys=0.00, real=0.11 secs] 
2020-08-02T14:18:32.644+0800: 12540296.622: [GC (CMS Initial Mark) [1 CMS-initial-mark: 4609329K(5472256K)] 4701960K(6209536K), 0.0099668 secs] [Times: user=0.05 sys=0.00, real=0.01 secs] 
2020-08-02T14:18:32.654+0800: 12540296.632: [CMS-concurrent-mark-start]
2020-08-02T14:18:35.390+0800: 12540299.368: [CMS-concurrent-mark: 2.734/2.735 secs] [Times: user=5.71 sys=0.00, real=2.74 secs] 
2020-08-02T14:18:35.390+0800: 12540299.368: [CMS-concurrent-preclean-start]
2020-08-02T14:18:35.397+0800: 12540299.375: [CMS-concurrent-preclean: 0.008/0.008 secs] [Times: user=0.01 sys=0.00, real=0.00 secs] 
2020-08-02T14:18:35.397+0800: 12540299.375: [CMS-concurrent-abortable-preclean-start]
 CMS: abort preclean due to time 2020-08-02T14:18:40.572+0800: 12540304.550: [CMS-concurrent-abortable-preclean: 4.074/5.175 secs] [Times: user=4.64 sys=0.21, real=5.18 secs] 
2020-08-02T14:18:40.574+0800: 12540304.552: [GC (CMS Final Remark) [YG occupancy: 238101 K (737280 K)]2020-08-02T14:18:40.574+0800: 12540304.552: [Rescan (parallel) , 0.0153189 secs]2020-08-02T14:18:40.589+0800: 12540304.567: [weak refs processing, 0.0000404 secs]2020-08-02T14:18:40.589+0800: 12540304.567: [class unloading, 0.0180084 secs]2020-08-02T14:18:40.607+0800: 12540304.585: [scrub symbol table, 0.0063910 secs]2020-08-02T14:18:40.614+0800: 12540304.592: [scrub string table, 0.0009357 secs][1 CMS-remark: 4609329K(5472256K)] 4847431K(6209536K), 0.0408672 secs] [Times: user=0.14 sys=0.00, real=0.04 secs] 
2020-08-02T14:18:40.615+0800: 12540304.593: [CMS-concurrent-sweep-start]
2020-08-02T14:18:42.266+0800: 12540306.244: [CMS-concurrent-sweep: 1.651/1.651 secs] [Times: user=1.82 sys=0.07, real=1.65 secs] 
2020-08-02T14:18:42.266+0800: 12540306.244: [CMS-concurrent-reset-start]
2020-08-02T14:18:42.286+0800: 12540306.263: [CMS-concurrent-reset: 0.019/0.019 secs] [Times: user=0.02 sys=0.01, real=0.02 secs] 
2020-08-02T14:18:44.286+0800: 12540308.264: [GC (CMS Initial Mark) [1 CMS-initial-mark: 4608656K(5472256K)] 4967563K(6209536K), 0.0197885 secs] [Times: user=0.15 sys=0.00, real=0.02 secs] 
2020-08-02T14:18:44.306+0800: 12540308.284: [CMS-concurrent-mark-start]
2020-08-02T14:18:48.529+0800: 12540312.507: [CMS-concurrent-mark: 4.223/4.223 secs] [Times: user=8.95 sys=0.02, real=4.23 secs] 
2020-08-02T14:18:48.529+0800: 12540312.507: [CMS-concurrent-preclean-start]
2020-08-02T14:18:48.537+0800: 12540312.514: [CMS-concurrent-preclean: 0.008/0.008 secs] [Times: user=0.01 sys=0.00, real=0.00 secs] 
2020-08-02T14:18:48.537+0800: 12540312.514: [CMS-concurrent-abortable-preclean-start]
 CMS: abort preclean due to time 2020-08-02T14:18:53.903+0800: 12540317.880: [CMS-concurrent-abortable-preclean: 4.165/5.366 secs] [Times: user=4.75 sys=0.21, real=5.37 secs] 
2020-08-02T14:18:53.904+0800: 12540317.882: [GC (CMS Final Remark) [YG occupancy: 512990 K (737280 K)]2020-08-02T14:18:53.904+0800: 12540317.882: [Rescan (parallel) , 0.0309672 secs]2020-08-02T14:18:53.935+0800: 12540317.913: [weak refs processing, 0.0000383 secs]2020-08-02T14:18:53.935+0800: 12540317.913: [class unloading, 0.0183116 secs]2020-08-02T14:18:53.953+0800: 12540317.931: [scrub symbol table, 0.0063253 secs]2020-08-02T14:18:53.960+0800: 12540317.938: [scrub string table, 0.0009447 secs][1 CMS-remark: 4608656K(5472256K)] 5121647K(6209536K), 0.0567601 secs] [Times: user=0.26 sys=0.00, real=0.06 secs] 
2020-08-02T14:18:53.961+0800: 12540317.939: [CMS-concurrent-sweep-start]
2020-08-02T14:18:55.783+0800: 12540319.761: [CMS-concurrent-sweep: 1.822/1.822 secs] [Times: user=2.32 sys=0.15, real=1.82 secs] 
2020-08-02T14:18:55.783+0800: 12540319.761: [CMS-concurrent-reset-start]
2020-08-02T14:18:55.802+0800: 12540319.780: [CMS-concurrent-reset: 0.019/0.019 secs] [Times: user=0.01 sys=0.00, real=0.02 secs] 
2020-08-02T14:18:57.802+0800: 12540321.780: [GC (CMS Initial Mark) [1 CMS-initial-mark: 4608093K(5472256K)] 5237377K(6209536K), 0.0331930 secs] [Times: user=0.24 sys=0.01, real=0.03 secs] 
2020-08-02T14:18:57.836+0800: 12540321.814: [CMS-concurrent-mark-start]
2020-08-02T14:19:02.051+0800: 12540326.029: [CMS-concurrent-mark: 4.215/4.215 secs] [Times: user=8.98 sys=0.05, real=4.22 secs] 
2020-08-02T14:19:02.051+0800: 12540326.029: [CMS-concurrent-preclean-start]
2020-08-02T14:19:02.059+0800: 12540326.037: [CMS-concurrent-preclean: 0.008/0.008 secs] [Times: user=0.01 sys=0.00, real=0.01 secs] 
2020-08-02T14:19:02.059+0800: 12540326.037: [CMS-concurrent-abortable-preclean-start]
2020-08-02T14:19:02.524+0800: 12540326.502: [GC (Allocation Failure) 2020-08-02T14:19:02.524+0800: 12540326.502: [ParNew: 737280K->81920K(737280K), 0.1174300 secs] 5345373K->4730401K(6209536K), 0.1175906 secs] [Times: user=0.67 sys=0.00, real=0.12 secs] 
 CMS: abort preclean due to time 2020-08-02T14:19:07.330+0800: 12540331.308: [CMS-concurrent-abortable-preclean: 4.149/5.271 secs] [Times: user=5.60 sys=0.29, real=5.27 secs] 
2020-08-02T14:19:07.332+0800: 12540331.310: [GC (CMS Final Remark) [YG occupancy: 250937 K (737280 K)]2020-08-02T14:19:07.332+0800: 12540331.310: [Rescan (parallel) , 0.0193293 secs]2020-08-02T14:19:07.352+0800: 12540331.330: [weak refs processing, 0.0000379 secs]2020-08-02T14:19:07.352+0800: 12540331.330: [class unloading, 0.0185684 secs]2020-08-02T14:19:07.370+0800: 12540331.348: [scrub symbol table, 0.0066430 secs]2020-08-02T14:19:07.377+0800: 12540331.355: [scrub string table, 0.0008974 secs][1 CMS-remark: 4648481K(5472256K)] 4899419K(6209536K), 0.0456474 secs] [Times: user=0.15 sys=0.01, real=0.04 secs] 
2020-08-02T14:19:07.378+0800: 12540331.356: [CMS-concurrent-sweep-start]
2020-08-02T14:19:09.038+0800: 12540333.016: [CMS-concurrent-sweep: 1.659/1.659 secs] [Times: user=1.81 sys=0.04, real=1.66 secs] 
2020-08-02T14:19:09.038+0800: 12540333.016: [CMS-concurrent-reset-start]
2020-08-02T14:19:09.057+0800: 12540333.034: [CMS-concurrent-reset: 0.019/0.019 secs] [Times: user=0.02 sys=0.00, real=0.02 secs] 
2020-08-02T14:19:11.057+0800: 12540335.035: [GC (CMS Initial Mark) [1 CMS-initial-mark: 4648481K(5472256K)] 4961645K(6209536K), 0.0304389 secs] [Times: user=0.12 sys=0.00, real=0.04 secs] 
2020-08-02T14:19:11.088+0800: 12540335.066: [CMS-concurrent-mark-start]
2020-08-02T14:19:15.347+0800: 12540339.325: [CMS-concurrent-mark: 4.255/4.259 secs] [Times: user=8.99 sys=0.09, real=4.26 secs] 
2020-08-02T14:19:15.347+0800: 12540339.325: [CMS-concurrent-preclean-start]
2020-08-02T14:19:15.355+0800: 12540339.332: [CMS-concurrent-preclean: 0.007/0.007 secs] [Times: user=0.01 sys=0.00, real=0.00 secs] 
2020-08-02T14:19:15.355+0800: 12540339.332: [CMS-concurrent-abortable-preclean-start]
 CMS: abort preclean due to time 2020-08-02T14:19:20.499+0800: 12540344.477: [CMS-concurrent-abortable-preclean: 4.344/5.145 secs] [Times: user=5.48 sys=0.56, real=5.15 secs] 
2020-08-02T14:19:20.501+0800: 12540344.479: [GC (CMS Final Remark) [YG occupancy: 608166 K (737280 K)]2020-08-02T14:19:20.501+0800: 12540344.479: [Rescan (parallel) , 0.0437188 secs]2020-08-02T14:19:20.545+0800: 12540344.522: [weak refs processing, 0.0000392 secs]2020-08-02T14:19:20.545+0800: 12540344.522: [class unloading, 0.0190033 secs]2020-08-02T14:19:20.564+0800: 12540344.541: [scrub symbol table, 0.0065262 secs]2020-08-02T14:19:20.570+0800: 12540344.548: [scrub string table, 0.0009267 secs][1 CMS-remark: 4648481K(5472256K)] 5256648K(6209536K), 0.0703883 secs] [Times: user=0.33 sys=0.00, real=0.07 secs] 
2020-08-02T14:19:20.572+0800: 12540344.550: [CMS-concurrent-sweep-start]
2020-08-02T14:19:22.376+0800: 12540346.354: [CMS-concurrent-sweep: 1.804/1.804 secs] [Times: user=2.14 sys=0.15, real=1.80 secs] 
2020-08-02T14:19:22.376+0800: 12540346.354: [CMS-concurrent-reset-start]
2020-08-02T14:19:22.396+0800: 12540346.374: [CMS-concurrent-reset: 0.020/0.020 secs] [Times: user=0.03 sys=0.00, real=0.02 secs] 
2020-08-02T14:19:24.397+0800: 12540348.374: [GC (CMS Initial Mark) [1 CMS-initial-mark: 4647665K(5472256K)] 5349748K(6209536K), 0.0408886 secs] [Times: user=0.28 sys=0.00, real=0.04 secs] 
2020-08-02T14:19:24.438+0800: 12540348.416: [CMS-concurrent-mark-start]
2020-08-02T14:19:25.544+0800: 12540349.522: [GC (Allocation Failure) 2020-08-02T14:19:25.545+0800: 12540349.522: [ParNew: 737280K->81920K(737280K), 0.1047837 secs] 5384945K->4765360K(6209536K), 0.1049487 secs] [Times: user=0.68 sys=0.00, real=0.11 secs] 
2020-08-02T14:19:27.405+0800: 12540351.383: [CMS-concurrent-mark: 2.858/2.967 secs] [Times: user=7.04 sys=0.25, real=2.97 secs] 
2020-08-02T14:19:27.405+0800: 12540351.383: [CMS-concurrent-preclean-start]
2020-08-02T14:19:27.445+0800: 12540351.423: [CMS-concurrent-preclean: 0.038/0.039 secs] [Times: user=0.04 sys=0.00, real=0.04 secs] 
2020-08-02T14:19:27.445+0800: 12540351.423: [CMS-concurrent-abortable-preclean-start]
 CMS: abort preclean due to time 2020-08-02T14:19:32.610+0800: 12540356.588: [CMS-concurrent-abortable-preclean: 4.572/5.165 secs] [Times: user=5.39 sys=0.61, real=5.17 secs] 
2020-08-02T14:19:32.612+0800: 12540356.589: [GC (CMS Final Remark) [YG occupancy: 326610 K (737280 K)]2020-08-02T14:19:32.612+0800: 12540356.589: [Rescan (parallel) , 0.0257095 secs]2020-08-02T14:19:32.637+0800: 12540356.615: [weak refs processing, 0.0000485 secs]2020-08-02T14:19:32.637+0800: 12540356.615: [class unloading, 0.0190750 secs]2020-08-02T14:19:32.657+0800: 12540356.634: [scrub symbol table, 0.0068330 secs]2020-08-02T14:19:32.663+0800: 12540356.641: [scrub string table, 0.0009363 secs][1 CMS-remark: 4683440K(5472256K)] 5010051K(6209536K), 0.0528234 secs] [Times: user=0.20 sys=0.01, real=0.05 secs] 
2020-08-02T14:19:32.665+0800: 12540356.642: [CMS-concurrent-sweep-start]
2020-08-02T14:19:34.413+0800: 12540358.391: [CMS-concurrent-sweep: 1.749/1.749 secs] [Times: user=2.22 sys=0.24, real=1.75 secs] 
2020-08-02T14:19:34.414+0800: 12540358.391: [CMS-concurrent-reset-start]
2020-08-02T14:19:34.432+0800: 12540358.410: [CMS-concurrent-reset: 0.019/0.019 secs] [Times: user=0.02 sys=0.00, real=0.02 secs] 
2020-08-02T14:19:36.433+0800: 12540360.411: [GC (CMS Initial Mark) [1 CMS-initial-mark: 4683389K(5472256K)] 5183563K(6209536K), 0.0301294 secs] [Times: user=0.22 sys=0.00, real=0.03 secs] 
2020-08-02T14:19:36.463+0800: 12540360.441: [CMS-concurrent-mark-start]
2020-08-02T14:19:39.334+0800: 12540363.312: [CMS-concurrent-mark: 2.870/2.870 secs] [Times: user=6.34 sys=0.27, real=2.87 secs] 
2020-08-02T14:19:39.334+0800: 12540363.312: [CMS-concurrent-preclean-start]
2020-08-02T14:19:39.342+0800: 12540363.320: [CMS-concurrent-preclean: 0.008/0.008 secs] [Times: user=0.00 sys=0.01, real=0.01 secs] 
2020-08-02T14:19:39.342+0800: 12540363.320: [CMS-concurrent-abortable-preclean-start]
2020-08-02T14:19:42.888+0800: 12540366.866: [GC (Allocation Failure) 2020-08-02T14:19:42.888+0800: 12540366.866: [ParNew: 737280K->81920K(737280K), 0.1149238 secs] 5420669K->4807254K(6209536K), 0.1150865 secs] [Times: user=0.68 sys=0.00, real=0.11 secs] 
 CMS: abort preclean due to time 2020-08-02T14:19:44.619+0800: 12540368.597: [CMS-concurrent-abortable-preclean: 4.556/5.277 secs] [Times: user=6.44 sys=0.64, real=5.28 secs] 
2020-08-02T14:19:44.620+0800: 12540368.598: [GC (CMS Final Remark) [YG occupancy: 199416 K (737280 K)]2020-08-02T14:19:44.620+0800: 12540368.598: [Rescan (parallel) , 0.0263311 secs]2020-08-02T14:19:44.647+0800: 12540368.625: [weak refs processing, 0.0000474 secs]2020-08-02T14:19:44.647+0800: 12540368.625: [class unloading, 0.0184143 secs]2020-08-02T14:19:44.665+0800: 12540368.643: [scrub symbol table, 0.0062327 secs]2020-08-02T14:19:44.671+0800: 12540368.649: [scrub string table, 0.0008761 secs][1 CMS-remark: 4725334K(5472256K)] 4924751K(6209536K), 0.0520678 secs] [Times: user=0.18 sys=0.00, real=0.05 secs] 
2020-08-02T14:19:44.673+0800: 12540368.650: [CMS-concurrent-sweep-start]
2020-08-02T14:19:46.378+0800: 12540370.356: [CMS-concurrent-sweep: 1.706/1.706 secs] [Times: user=2.02 sys=0.16, real=1.70 secs] 
2020-08-02T14:19:46.378+0800: 12540370.356: [CMS-concurrent-reset-start]
2020-08-02T14:19:46.397+0800: 12540370.375: [CMS-concurrent-reset: 0.019/0.019 secs] [Times: user=0.02 sys=0.00, real=0.02 secs] 
2020-08-02T14:19:48.398+0800: 12540372.375: [GC (CMS Initial Mark) [1 CMS-initial-mark: 4724782K(5472256K)] 5031475K(6209536K), 0.0210849 secs] [Times: user=0.13 sys=0.00, real=0.03 secs] 
2020-08-02T14:19:48.419+0800: 12540372.397: [CMS-concurrent-mark-start]
2020-08-02T14:19:51.438+0800: 12540375.416: [CMS-concurrent-mark: 3.019/3.019 secs] [Times: user=6.88 sys=0.31, real=3.01 secs] 
2020-08-02T14:19:51.438+0800: 12540375.416: [CMS-concurrent-preclean-start]
2020-08-02T14:19:51.450+0800: 12540375.428: [CMS-concurrent-preclean: 0.012/0.012 secs] [Times: user=0.01 sys=0.00, real=0.02 secs] 
2020-08-02T14:19:51.450+0800: 12540375.428: [CMS-concurrent-abortable-preclean-start]
 CMS: abort preclean due to time 2020-08-02T14:19:56.564+0800: 12540380.542: [CMS-concurrent-abortable-preclean: 4.013/5.114 secs] [Times: user=4.79 sys=0.46, real=5.11 secs] 
2020-08-02T14:19:56.565+0800: 12540380.543: [GC (CMS Final Remark) [YG occupancy: 559679 K (737280 K)]2020-08-02T14:19:56.565+0800: 12540380.543: [Rescan (parallel) , 0.0352738 secs]2020-08-02T14:19:56.601+0800: 12540380.579: [weak refs processing, 0.0000389 secs]2020-08-02T14:19:56.601+0800: 12540380.579: [class unloading, 0.0171125 secs]2020-08-02T14:19:56.618+0800: 12540380.596: [scrub symbol table, 0.0060471 secs]2020-08-02T14:19:56.624+0800: 12540380.602: [scrub string table, 0.0008630 secs][1 CMS-remark: 4724782K(5472256K)] 5284462K(6209536K), 0.0595072 secs] [Times: user=0.30 sys=0.00, real=0.06 secs] 
2020-08-02T14:19:56.625+0800: 12540380.603: [CMS-concurrent-sweep-start]
2020-08-02T14:19:58.336+0800: 12540382.314: [CMS-concurrent-sweep: 1.711/1.711 secs] [Times: user=2.25 sys=0.25, real=1.71 secs] 
2020-08-02T14:19:58.336+0800: 12540382.314: [CMS-concurrent-reset-start]
2020-08-02T14:19:58.355+0800: 12540382.332: [CMS-concurrent-reset: 0.019/0.019 secs] [Times: user=0.02 sys=0.01, real=0.02 secs] 
2020-08-02T14:19:59.860+0800: 12540383.837: [GC (Allocation Failure) 2020-08-02T14:19:59.860+0800: 12540383.837: [ParNew: 737280K->81920K(737280K), 0.1440254 secs] 5461573K->4842050K(6209536K), 0.1441979 secs] [Times: user=0.88 sys=0.00, real=0.14 secs] 
2020-08-02T14:20:00.005+0800: 12540383.983: [GC (CMS Initial Mark) [1 CMS-initial-mark: 4760130K(5472256K)] 4842056K(6209536K), 0.0102599 secs] [Times: user=0.05 sys=0.00, real=0.01 secs] 
2020-08-02T14:20:00.016+0800: 12540383.994: [CMS-concurrent-mark-start]
2020-08-02T14:20:02.912+0800: 12540386.890: [CMS-concurrent-mark: 2.897/2.897 secs] [Times: user=6.72 sys=0.33, real=2.90 secs] 
2020-08-02T14:20:02.912+0800: 12540386.890: [CMS-concurrent-preclean-start]
2020-08-02T14:20:02.921+0800: 12540386.899: [CMS-concurrent-preclean: 0.008/0.008 secs] [Times: user=0.01 sys=0.00, real=0.01 secs] 
2020-08-02T14:20:02.921+0800: 12540386.899: [CMS-concurrent-abortable-preclean-start]
 CMS: abort preclean due to time 2020-08-02T14:20:07.995+0800: 12540391.972: [CMS-concurrent-abortable-preclean: 4.173/5.074 secs] [Times: user=4.86 sys=0.47, real=5.07 secs] 
2020-08-02T14:20:07.996+0800: 12540391.974: [GC (CMS Final Remark) [YG occupancy: 414416 K (737280 K)]2020-08-02T14:20:07.996+0800: 12540391.974: [Rescan (parallel) , 0.0276327 secs]2020-08-02T14:20:08.024+0800: 12540392.002: [weak refs processing, 0.0000452 secs]2020-08-02T14:20:08.024+0800: 12540392.002: [class unloading, 0.0175963 secs]2020-08-02T14:20:08.041+0800: 12540392.019: [scrub symbol table, 0.0066238 secs]2020-08-02T14:20:08.048+0800: 12540392.026: [scrub string table, 0.0008897 secs][1 CMS-remark: 4760130K(5472256K)] 5174547K(6209536K), 0.0529660 secs] [Times: user=0.24 sys=0.00, real=0.06 secs] 
2020-08-02T14:20:08.049+0800: 12540392.027: [CMS-concurrent-sweep-start]
2020-08-02T14:20:09.776+0800: 12540393.754: [CMS-concurrent-sweep: 1.727/1.727 secs] [Times: user=2.01 sys=0.13, real=1.72 secs] 
2020-08-02T14:20:09.776+0800: 12540393.754: [CMS-concurrent-reset-start]
2020-08-02T14:20:09.795+0800: 12540393.773: [CMS-concurrent-reset: 0.019/0.019 secs] [Times: user=0.02 sys=0.01, real=0.02 secs] 
2020-08-02T14:20:11.796+0800: 12540395.774: [GC (CMS Initial Mark) [1 CMS-initial-mark: 4759898K(5472256K)] 5324033K(6209536K), 0.0325547 secs] [Times: user=0.23 sys=0.00, real=0.04 secs] 
2020-08-02T14:20:11.829+0800: 12540395.806: [CMS-concurrent-mark-start]
2020-08-02T14:20:14.693+0800: 12540398.671: [CMS-concurrent-mark: 2.865/2.865 secs] [Times: user=6.15 sys=0.19, real=2.86 secs] 
2020-08-02T14:20:14.694+0800: 12540398.671: [CMS-concurrent-preclean-start]
2020-08-02T14:20:14.701+0800: 12540398.679: [CMS-concurrent-preclean: 0.008/0.008 secs] [Times: user=0.01 sys=0.00, real=0.01 secs] 
2020-08-02T14:20:14.702+0800: 12540398.679: [CMS-concurrent-abortable-preclean-start]
2020-08-02T14:20:19.205+0800: 12540403.183: [GC (Allocation Failure) 2020-08-02T14:20:19.205+0800: 12540403.183: [ParNew: 737280K->76021K(737280K), 0.1256454 secs] 5497178K->4912703K(6209536K), 0.1258537 secs] [Times: user=0.85 sys=0.00, real=0.13 secs] 
 CMS: abort preclean due to time 2020-08-02T14:20:19.817+0800: 12540403.795: [CMS-concurrent-abortable-preclean: 3.986/5.116 secs] [Times: user=5.47 sys=0.43, real=5.11 secs] 
2020-08-02T14:20:19.819+0800: 12540403.797: [GC (CMS Final Remark) [YG occupancy: 100913 K (737280 K)]2020-08-02T14:20:19.819+0800: 12540403.797: [Rescan (parallel) , 0.0134691 secs]2020-08-02T14:20:19.833+0800: 12540403.810: [weak refs processing, 0.0000413 secs]2020-08-02T14:20:19.833+0800: 12540403.810: [class unloading, 0.0183229 secs]2020-08-02T14:20:19.851+0800: 12540403.829: [scrub symbol table, 0.0062494 secs]2020-08-02T14:20:19.857+0800: 12540403.835: [scrub string table, 0.0009059 secs][1 CMS-remark: 4836681K(5472256K)] 4937594K(6209536K), 0.0391455 secs] [Times: user=0.11 sys=0.01, real=0.03 secs] 
2020-08-02T14:20:19.858+0800: 12540403.836: [CMS-concurrent-sweep-start]
2020-08-02T14:20:21.625+0800: 12540405.602: [CMS-concurrent-sweep: 1.766/1.766 secs] [Times: user=2.28 sys=0.25, real=1.77 secs] 
2020-08-02T14:20:21.625+0800: 12540405.602: [CMS-concurrent-reset-start]
2020-08-02T14:20:21.643+0800: 12540405.621: [CMS-concurrent-reset: 0.019/0.019 secs] [Times: user=0.02 sys=0.00, real=0.02 secs] 
2020-08-02T14:20:23.644+0800: 12540407.622: [GC (CMS Initial Mark) [1 CMS-initial-mark: 4836495K(5472256K)] 5150715K(6209536K), 0.0312150 secs] [Times: user=0.11 sys=0.01, real=0.03 secs] 
2020-08-02T14:20:23.676+0800: 12540407.653: [CMS-concurrent-mark-start]
2020-08-02T14:20:26.718+0800: 12540410.696: [CMS-concurrent-mark: 3.040/3.043 secs] [Times: user=6.73 sys=0.33, real=3.04 secs] 
2020-08-02T14:20:26.718+0800: 12540410.696: [CMS-concurrent-preclean-start]
2020-08-02T14:20:26.727+0800: 12540410.705: [CMS-concurrent-preclean: 0.008/0.008 secs] [Times: user=0.01 sys=0.00, real=0.02 secs] 
2020-08-02T14:20:26.727+0800: 12540410.705: [CMS-concurrent-abortable-preclean-start]
 CMS: abort preclean due to time 2020-08-02T14:20:31.784+0800: 12540415.762: [CMS-concurrent-abortable-preclean: 3.450/5.057 secs] [Times: user=4.06 sys=0.54, real=5.05 secs] 
2020-08-02T14:20:31.785+0800: 12540415.763: [GC (CMS Final Remark) [YG occupancy: 534945 K (737280 K)]2020-08-02T14:20:31.785+0800: 12540415.763: [Rescan (parallel) , 0.0315169 secs]2020-08-02T14:20:31.817+0800: 12540415.795: [weak refs processing, 0.0000605 secs]2020-08-02T14:20:31.817+0800: 12540415.795: [class unloading, 0.0176336 secs]2020-08-02T14:20:31.835+0800: 12540415.812: [scrub symbol table, 0.0063035 secs]2020-08-02T14:20:31.841+0800: 12540415.819: [scrub string table, 0.0008964 secs][1 CMS-remark: 4836495K(5472256K)] 5371440K(6209536K), 0.0566029 secs] [Times: user=0.27 sys=0.00, real=0.06 secs] 
2020-08-02T14:20:31.842+0800: 12540415.820: [CMS-concurrent-sweep-start]
2020-08-02T14:20:33.582+0800: 12540417.560: [CMS-concurrent-sweep: 1.740/1.740 secs] [Times: user=2.01 sys=0.17, real=1.74 secs] 
2020-08-02T14:20:33.582+0800: 12540417.560: [CMS-concurrent-reset-start]
2020-08-02T14:20:33.602+0800: 12540417.580: [CMS-concurrent-reset: 0.020/0.020 secs] [Times: user=0.02 sys=0.00, real=0.02 secs] 
2020-08-02T14:20:35.603+0800: 12540419.580: [GC (CMS Initial Mark) [1 CMS-initial-mark: 4836039K(5472256K)] 5467738K(6209536K), 0.0339415 secs] [Times: user=0.24 sys=0.01, real=0.03 secs] 
2020-08-02T14:20:35.637+0800: 12540419.615: [CMS-concurrent-mark-start]
2020-08-02T14:20:38.492+0800: 12540422.470: [CMS-concurrent-mark: 2.855/2.855 secs] [Times: user=6.23 sys=0.15, real=2.86 secs] 
2020-08-02T14:20:38.492+0800: 12540422.470: [CMS-concurrent-preclean-start]
2020-08-02T14:20:38.500+0800: 12540422.477: [CMS-concurrent-preclean: 0.008/0.008 secs] [Times: user=0.01 sys=0.01, real=0.01 secs] 
2020-08-02T14:20:38.500+0800: 12540422.478: [CMS-concurrent-abortable-preclean-start]
2020-08-02T14:20:39.994+0800: 12540423.972: [GC (Allocation Failure) 2020-08-02T14:20:39.994+0800: 12540423.972: [ParNew: 731381K->56013K(737280K), 0.1074930 secs] 5567421K->4932527K(6209536K), 0.1076546 secs] [Times: user=0.61 sys=0.00, real=0.11 secs] 
 CMS: abort preclean due to time 2020-08-02T14:20:43.731+0800: 12540427.708: [CMS-concurrent-abortable-preclean: 3.518/5.231 secs] [Times: user=4.78 sys=0.47, real=5.23 secs] 
2020-08-02T14:20:43.732+0800: 12540427.710: [GC (CMS Final Remark) [YG occupancy: 154055 K (737280 K)]2020-08-02T14:20:43.732+0800: 12540427.710: [Rescan (parallel) , 0.0122693 secs]2020-08-02T14:20:43.744+0800: 12540427.722: [weak refs processing, 0.0000376 secs]2020-08-02T14:20:43.744+0800: 12540427.722: [class unloading, 0.0168393 secs]2020-08-02T14:20:43.761+0800: 12540427.739: [scrub symbol table, 0.0079549 secs]2020-08-02T14:20:43.769+0800: 12540427.747: [scrub string table, 0.0008909 secs][1 CMS-remark: 4876514K(5472256K)] 5030569K(6209536K), 0.0381548 secs] [Times: user=0.12 sys=0.00, real=0.04 secs] 
2020-08-02T14:20:43.770+0800: 12540427.748: [CMS-concurrent-sweep-start]
2020-08-02T14:20:45.543+0800: 12540429.520: [CMS-concurrent-sweep: 1.772/1.772 secs] [Times: user=2.00 sys=0.13, real=1.77 secs] 
2020-08-02T14:20:45.543+0800: 12540429.520: [CMS-concurrent-reset-start]
2020-08-02T14:20:45.562+0800: 12540429.540: [CMS-concurrent-reset: 0.020/0.020 secs] [Times: user=0.02 sys=0.01, real=0.02 secs] 
2020-08-02T14:20:47.563+0800: 12540431.541: [GC (CMS Initial Mark) [1 CMS-initial-mark: 4876342K(5472256K)] 5137854K(6209536K), 0.0183035 secs] [Times: user=0.11 sys=0.00, real=0.02 secs] 
2020-08-02T14:20:47.581+0800: 12540431.559: [CMS-concurrent-mark-start]
2020-08-02T14:20:50.577+0800: 12540434.555: [CMS-concurrent-mark: 2.996/2.996 secs] [Times: user=6.61 sys=0.24, real=2.99 secs] 
2020-08-02T14:20:50.577+0800: 12540434.555: [CMS-concurrent-preclean-start]
2020-08-02T14:20:50.585+0800: 12540434.563: [CMS-concurrent-preclean: 0.008/0.008 secs] [Times: user=0.01 sys=0.00, real=0.01 secs] 
2020-08-02T14:20:50.585+0800: 12540434.563: [CMS-concurrent-abortable-preclean-start]
 CMS: abort preclean due to time 2020-08-02T14:20:55.594+0800: 12540439.572: [CMS-concurrent-abortable-preclean: 3.307/5.009 secs] [Times: user=4.31 sys=0.47, real=5.01 secs] 
2020-08-02T14:20:55.596+0800: 12540439.574: [GC (CMS Final Remark) [YG occupancy: 574237 K (737280 K)]2020-08-02T14:20:55.596+0800: 12540439.574: [Rescan (parallel) , 0.0488220 secs]2020-08-02T14:20:55.645+0800: 12540439.623: [weak refs processing, 0.0000577 secs]2020-08-02T14:20:55.645+0800: 12540439.623: [class unloading, 0.0174293 secs]2020-08-02T14:20:55.662+0800: 12540439.640: [scrub symbol table, 0.0061333 secs]2020-08-02T14:20:55.668+0800: 12540439.646: [scrub string table, 0.0008698 secs][1 CMS-remark: 4876342K(5472256K)] 5450579K(6209536K), 0.0735052 secs] [Times: user=0.32 sys=0.00, real=0.08 secs] 
2020-08-02T14:20:55.670+0800: 12540439.647: [CMS-concurrent-sweep-start]
2020-08-02T14:20:56.337+0800: 12540440.315: [GC (Allocation Failure) 2020-08-02T14:20:56.337+0800: 12540440.315: [ParNew: 711373K->81920K(737280K), 0.3526042 secs] 5587705K->5065499K(6209536K), 0.3527618 secs] [Times: user=2.54 sys=0.00, real=0.36 secs] 
2020-08-02T14:20:57.882+0800: 12540441.859: [CMS-concurrent-sweep: 1.858/2.212 secs] [Times: user=5.79 sys=0.08, real=2.21 secs] 
2020-08-02T14:20:57.882+0800: 12540441.860: [CMS-concurrent-reset-start]
2020-08-02T14:20:57.901+0800: 12540441.878: [CMS-concurrent-reset: 0.019/0.019 secs] [Times: user=0.03 sys=0.00, real=0.02 secs] 
2020-08-02T14:20:59.901+0800: 12540443.879: [GC (CMS Initial Mark) [1 CMS-initial-mark: 4983240K(5472256K)] 5337422K(6209536K), 0.3155981 secs] [Times: user=1.08 sys=0.00, real=0.31 secs] 
2020-08-02T14:21:00.217+0800: 12540444.195: [CMS-concurrent-mark-start]
2020-08-02T14:21:04.529+0800: 12540448.506: [GC (Allocation Failure) 2020-08-02T14:21:04.529+0800: 12540448.506: [ParNew: 737280K->81920K(737280K), 0.5092946 secs] 5720520K->5245627K(6209536K), 0.5094594 secs] [Times: user=3.32 sys=0.00, real=0.50 secs] 
2020-08-02T14:21:05.515+0800: 12540449.493: [GC (Allocation Failure) 2020-08-02T14:21:05.515+0800: 12540449.493: [ParNew: 737280K->62080K(737280K), 0.2937126 secs] 5900987K->5299733K(6209536K), 0.2938523 secs] [Times: user=2.05 sys=0.00, real=0.30 secs] 
2020-08-02T14:21:06.287+0800: 12540450.265: [GC (Allocation Failure) 2020-08-02T14:21:06.287+0800: 12540450.265: [ParNew: 717440K->17738K(737280K), 0.0067724 secs] 5955093K->5255391K(6209536K), 0.0069037 secs] [Times: user=0.05 sys=0.00, real=0.00 secs] 
2020-08-02T14:21:06.760+0800: 12540450.738: [GC (Allocation Failure) 2020-08-02T14:21:06.760+0800: 12540450.738: [ParNew: 673098K->4435K(737280K), 0.0067462 secs] 5910751K->5242088K(6209536K), 0.0068594 secs] [Times: user=0.05 sys=0.00, real=0.01 secs] 
2020-08-02T14:21:07.220+0800: 12540451.198: [GC (Allocation Failure) 2020-08-02T14:21:07.220+0800: 12540451.198: [ParNew: 659795K->1110K(737280K), 0.0094557 secs] 5897448K->5238763K(6209536K), 0.0096108 secs] [Times: user=0.07 sys=0.00, real=0.01 secs] 
2020-08-02T14:21:07.730+0800: 12540451.708: [GC (Allocation Failure) 2020-08-02T14:21:07.731+0800: 12540451.708: [ParNew: 656470K->280K(737280K), 0.0249398 secs] 5894123K->5237933K(6209536K), 0.0251371 secs] [Times: user=0.10 sys=0.00, real=0.02 secs] 
2020-08-02T14:21:07.938+0800: 12540451.916: [CMS-concurrent-mark: 6.857/7.721 secs] [Times: user=18.52 sys=0.00, real=7.72 secs] 
2020-08-02T14:21:07.938+0800: 12540451.916: [CMS-concurrent-preclean-start]
2020-08-02T14:21:08.419+0800: 12540452.397: [GC (Allocation Failure) 2020-08-02T14:21:08.419+0800: 12540452.397: [ParNew: 655640K->64K(737280K), 0.0100885 secs] 5893293K->5237717K(6209536K), 0.0102310 secs] [Times: user=0.06 sys=0.00, real=0.01 secs] 
2020-08-02T14:21:08.482+0800: 12540452.460: [CMS-concurrent-preclean: 0.531/0.544 secs] [Times: user=1.06 sys=0.00, real=0.55 secs] 
2020-08-02T14:21:08.482+0800: 12540452.460: [CMS-concurrent-abortable-preclean-start]
2020-08-02T14:21:08.804+0800: 12540452.782: [CMS-concurrent-abortable-preclean: 0.021/0.322 secs] [Times: user=0.35 sys=0.00, real=0.32 secs] 
2020-08-02T14:21:08.805+0800: 12540452.783: [GC (CMS Final Remark) [YG occupancy: 539829 K (737280 K)]2020-08-02T14:21:08.805+0800: 12540452.783: [Rescan (parallel) , 0.0396384 secs]2020-08-02T14:21:08.845+0800: 12540452.823: [weak refs processing, 0.0000473 secs]2020-08-02T14:21:08.845+0800: 12540452.823: [class unloading, 0.0172193 secs]2020-08-02T14:21:08.862+0800: 12540452.840: [scrub symbol table, 0.0062092 secs]2020-08-02T14:21:08.869+0800: 12540452.846: [scrub string table, 0.0008647 secs][1 CMS-remark: 5237652K(5472256K)] 5777482K(6209536K), 0.0641237 secs] [Times: user=0.32 sys=0.00, real=0.07 secs] 
2020-08-02T14:21:08.870+0800: 12540452.848: [CMS-concurrent-sweep-start]
2020-08-02T14:21:08.957+0800: 12540452.935: [GC (Allocation Failure) 2020-08-02T14:21:08.957+0800: 12540452.935: [ParNew: 655424K->33K(737280K), 0.0097565 secs] 5893070K->5237684K(6209536K), 0.0098578 secs] [Times: user=0.06 sys=0.00, real=0.02 secs] 
2020-08-02T14:21:09.419+0800: 12540453.397: [GC (Allocation Failure) 2020-08-02T14:21:09.419+0800: 12540453.397: [ParNew: 655393K->22K(737280K), 0.0070899 secs] 5892897K->5237527K(6209536K), 0.0072146 secs] [Times: user=0.05 sys=0.00, real=0.00 secs] 
2020-08-02T14:21:09.883+0800: 12540453.861: [GC (Allocation Failure) 2020-08-02T14:21:09.883+0800: 12540453.861: [ParNew: 655382K->26K(737280K), 0.0100187 secs] 5892838K->5237483K(6209536K), 0.0101537 secs] [Times: user=0.05 sys=0.00, real=0.01 secs] 
2020-08-02T14:21:10.352+0800: 12540454.330: [GC (Allocation Failure) 2020-08-02T14:21:10.353+0800: 12540454.330: [ParNew: 655386K->12K(737280K), 0.0115840 secs] 5892722K->5237359K(6209536K), 0.0117084 secs] [Times: user=0.06 sys=0.00, real=0.01 secs] 
2020-08-02T14:21:10.812+0800: 12540454.790: [GC (Allocation Failure) 2020-08-02T14:21:10.812+0800: 12540454.790: [ParNew: 655372K->16K(737280K), 0.0069754 secs] 5892636K->5237281K(6209536K), 0.0070919 secs] [Times: user=0.05 sys=0.00, real=0.01 secs] 
2020-08-02T14:21:10.873+0800: 12540454.851: [CMS-concurrent-sweep: 1.950/2.004 secs] [Times: user=4.20 sys=0.00, real=2.00 secs] 
2020-08-02T14:21:10.873+0800: 12540454.851: [CMS-concurrent-reset-start]
2020-08-02T14:21:10.892+0800: 12540454.870: [CMS-concurrent-reset: 0.019/0.019 secs] [Times: user=0.04 sys=0.00, real=0.02 secs] 
2020-08-02T14:21:11.257+0800: 12540455.235: [GC (Allocation Failure) 2020-08-02T14:21:11.257+0800: 12540455.235: [ParNew: 655376K->16K(737280K), 0.0093314 secs] 5892640K->5237280K(6209536K), 0.0094545 secs] [Times: user=0.06 sys=0.00, real=0.01 secs] 
2020-08-02T14:21:11.268+0800: 12540455.245: [GC (CMS Initial Mark) [1 CMS-initial-mark: 5237264K(5472256K)] 5250345K(6209536K), 0.0008971 secs] [Times: user=0.00 sys=0.00, real=0.00 secs] 
2020-08-02T14:21:11.269+0800: 12540455.246: [CMS-concurrent-mark-start]
2020-08-02T14:21:11.708+0800: 12540455.685: [GC (Allocation Failure) 2020-08-02T14:21:11.708+0800: 12540455.686: [ParNew: 655376K->16K(737280K), 0.0068351 secs] 5892640K->5237280K(6209536K), 0.0069572 secs] [Times: user=0.06 sys=0.00, real=0.00 secs] 
2020-08-02T14:21:12.172+0800: 12540456.150: [GC (Allocation Failure) 2020-08-02T14:21:12.172+0800: 12540456.150: [ParNew: 655376K->16K(737280K), 0.0250831 secs] 5892640K->5237280K(6209536K), 0.0252398 secs] [Times: user=0.17 sys=0.00, real=0.02 secs] 
2020-08-02T14:21:12.853+0800: 12540456.831: [GC (Allocation Failure) 2020-08-02T14:21:12.853+0800: 12540456.831: [ParNew: 655376K->16K(737280K), 0.0087616 secs] 5892640K->5237280K(6209536K), 0.0088801 secs] [Times: user=0.06 sys=0.00, real=0.01 secs] 
2020-08-02T14:21:13.309+0800: 12540457.287: [GC (Allocation Failure) 2020-08-02T14:21:13.309+0800: 12540457.287: [ParNew: 655376K->16K(737280K), 0.0096033 secs] 5892640K->5237280K(6209536K), 0.0097320 secs] [Times: user=0.06 sys=0.00, real=0.01 secs] 
2020-08-02T14:21:13.935+0800: 12540457.913: [GC (Allocation Failure) 2020-08-02T14:21:13.935+0800: 12540457.913: [ParNew: 655376K->16K(737280K), 0.0132142 secs] 5892640K->5237282K(6209536K), 0.0133427 secs] [Times: user=0.08 sys=0.00, real=0.02 secs] 
2020-08-02T14:21:14.385+0800: 12540458.363: [GC (Allocation Failure) 2020-08-02T14:21:14.385+0800: 12540458.363: [ParNew: 655376K->16K(737280K), 0.0077561 secs] 5892642K->5237282K(6209536K), 0.0078709 secs] [Times: user=0.06 sys=0.00, real=0.01 secs] 
2020-08-02T14:21:14.845+0800: 12540458.823: [GC (Allocation Failure) 2020-08-02T14:21:14.845+0800: 12540458.823: [ParNew: 655376K->16K(737280K), 0.0067735 secs] 5892642K->5237283K(6209536K), 0.0068827 secs] [Times: user=0.05 sys=0.00, real=0.01 secs] 
2020-08-02T14:21:15.298+0800: 12540459.276: [GC (Allocation Failure) 2020-08-02T14:21:15.298+0800: 12540459.276: [ParNew: 655376K->16K(737280K), 0.0066380 secs] 5892643K->5237284K(6209536K), 0.0067506 secs] [Times: user=0.05 sys=0.00, real=0.01 secs] 
2020-08-02T14:21:15.772+0800: 12540459.750: [GC (Allocation Failure) 2020-08-02T14:21:15.772+0800: 12540459.750: [ParNew: 655376K->16K(737280K), 0.0095688 secs] 5892644K->5237286K(6209536K), 0.0096841 secs] [Times: user=0.06 sys=0.00, real=0.01 secs] 
2020-08-02T14:21:16.230+0800: 12540460.208: [GC (Allocation Failure) 2020-08-02T14:21:16.230+0800: 12540460.208: [ParNew: 655376K->16K(737280K), 0.0069944 secs] 5892646K->5237286K(6209536K), 0.0071582 secs] [Times: user=0.06 sys=0.00, real=0.00 secs] 
2020-08-02T14:21:16.640+0800: 12540460.618: [CMS-concurrent-mark: 5.254/5.372 secs] [Times: user=16.53 sys=0.00, real=5.37 secs] 
2020-08-02T14:21:16.640+0800: 12540460.618: [CMS-concurrent-preclean-start]
2020-08-02T14:21:16.648+0800: 12540460.625: [CMS-concurrent-preclean: 0.007/0.007 secs] [Times: user=0.01 sys=0.00, real=0.01 secs] 
2020-08-02T14:21:16.648+0800: 12540460.625: [CMS-concurrent-abortable-preclean-start]
2020-08-02T14:21:16.678+0800: 12540460.656: [GC (Allocation Failure) 2020-08-02T14:21:16.678+0800: 12540460.656: [ParNew: 655376K->16K(737280K), 0.0068196 secs] 5892646K->5237287K(6209536K), 0.0069285 secs] [Times: user=0.05 sys=0.00, real=0.01 secs] 
2020-08-02T14:21:17.005+0800: 12540460.983: [CMS-concurrent-abortable-preclean: 0.026/0.358 secs] [Times: user=0.43 sys=0.00, real=0.35 secs] 
2020-08-02T14:21:17.007+0800: 12540460.985: [GC (CMS Final Remark) [YG occupancy: 498064 K (737280 K)]2020-08-02T14:21:17.007+0800: 12540460.985: [Rescan (parallel) , 0.0382348 secs]2020-08-02T14:21:17.045+0800: 12540461.023: [weak refs processing, 0.0000534 secs]2020-08-02T14:21:17.045+0800: 12540461.023: [class unloading, 0.0169971 secs]2020-08-02T14:21:17.062+0800: 12540461.040: [scrub symbol table, 0.0063083 secs]2020-08-02T14:21:17.068+0800: 12540461.046: [scrub string table, 0.0008708 secs][1 CMS-remark: 5237271K(5472256K)] 5735335K(6209536K), 0.0626144 secs] [Times: user=0.31 sys=0.00, real=0.06 secs] 
2020-08-02T14:21:17.070+0800: 12540461.047: [CMS-concurrent-sweep-start]
2020-08-02T14:21:17.169+0800: 12540461.147: [GC (Allocation Failure) 2020-08-02T14:21:17.169+0800: 12540461.147: [ParNew: 655376K->16K(737280K), 0.0067774 secs] 5892620K->5237261K(6209536K), 0.0068861 secs] [Times: user=0.05 sys=0.00, real=0.00 secs] 
2020-08-02T14:21:17.610+0800: 12540461.588: [GC (Allocation Failure) 2020-08-02T14:21:17.610+0800: 12540461.588: [ParNew: 655376K->14K(737280K), 0.0098288 secs] 5847852K->5192491K(6209536K), 0.0099621 secs] [Times: user=0.06 sys=0.00, real=0.01 secs] 
2020-08-02T14:21:18.072+0800: 12540462.050: [GC (Allocation Failure) 2020-08-02T14:21:18.072+0800: 12540462.050: [ParNew: 655374K->16K(737280K), 0.0068326 secs] 5805189K->5149831K(6209536K), 0.0069451 secs] [Times: user=0.05 sys=0.00, real=0.01 secs] 
2020-08-02T14:21:18.536+0800: 12540462.513: [GC (Allocation Failure) 2020-08-02T14:21:18.536+0800: 12540462.513: [ParNew: 655376K->16K(737280K), 0.0070431 secs] 5766124K->5110764K(6209536K), 0.0071651 secs] [Times: user=0.04 sys=0.00, real=0.01 secs] 
2020-08-02T14:21:19.211+0800: 12540463.188: [GC (Allocation Failure) 2020-08-02T14:21:19.211+0800: 12540463.188: [ParNew: 655376K->16K(737280K), 0.0103889 secs] 5721517K->5066157K(6209536K), 0.0105490 secs] [Times: user=0.06 sys=0.00, real=0.01 secs] 
2020-08-02T14:21:19.898+0800: 12540463.876: [GC (Allocation Failure) 2020-08-02T14:21:19.898+0800: 12540463.876: [ParNew: 655376K->16K(737280K), 0.0246063 secs] 5666691K->5011331K(6209536K), 0.0247366 secs] [Times: user=0.12 sys=0.00, real=0.03 secs] 
2020-08-02T14:21:20.364+0800: 12540464.341: [GC (Allocation Failure) 2020-08-02T14:21:20.364+0800: 12540464.341: [ParNew: 655376K->16K(737280K), 0.0067695 secs] 5624453K->4969093K(6209536K), 0.0069113 secs] [Times: user=0.06 sys=0.00, real=0.01 secs] 
2020-08-02T14:21:20.810+0800: 12540464.788: [GC (Allocation Failure) 2020-08-02T14:21:20.810+0800: 12540464.788: [ParNew: 655376K->16K(737280K), 0.0068816 secs] 5550433K->4895073K(6209536K), 0.0070052 secs] [Times: user=0.05 sys=0.00, real=0.00 secs] 
2020-08-02T14:21:21.279+0800: 12540465.257: [GC (Allocation Failure) 2020-08-02T14:21:21.279+0800: 12540465.257: [ParNew: 655376K->14K(737280K), 0.0140014 secs] 5469082K->4813721K(6209536K), 0.0141283 secs] [Times: user=0.09 sys=0.00, real=0.01 secs] 
2020-08-02T14:21:21.537+0800: 12540465.515: [CMS-concurrent-sweep: 4.359/4.468 secs] [Times: user=9.36 sys=0.00, real=4.46 secs] 
2020-08-02T14:21:21.537+0800: 12540465.515: [CMS-concurrent-reset-start]
2020-08-02T14:21:21.556+0800: 12540465.534: [CMS-concurrent-reset: 0.019/0.019 secs] [Times: user=0.04 sys=0.00, real=0.02 secs] 
2020-08-02T14:21:21.741+0800: 12540465.719: [GC (Allocation Failure) 2020-08-02T14:21:21.741+0800: 12540465.719: [ParNew: 655374K->16K(737280K), 0.0067560 secs] 5428574K->4773216K(6209536K), 0.0068813 secs] [Times: user=0.06 sys=0.00, real=0.01 secs] 
2020-08-02T14:21:21.749+0800: 12540465.727: [GC (CMS Initial Mark) [1 CMS-initial-mark: 4773200K(5472256K)] 4786323K(6209536K), 0.0008679 secs] [Times: user=0.00 sys=0.00, real=0.00 secs] 
2020-08-02T14:21:21.750+0800: 12540465.728: [CMS-concurrent-mark-start]
2020-08-02T14:21:22.413+0800: 12540466.391: [GC (Allocation Failure) 2020-08-02T14:21:22.413+0800: 12540466.391: [ParNew: 655376K->16K(737280K), 0.0067507 secs] 5428576K->4773216K(6209536K), 0.0068794 secs] [Times: user=0.05 sys=0.00, real=0.01 secs] 
2020-08-02T14:21:23.095+0800: 12540467.072: [GC (Allocation Failure) 2020-08-02T14:21:23.095+0800: 12540467.072: [ParNew: 655376K->18K(737280K), 0.0066369 secs] 5428576K->4773218K(6209536K), 0.0067586 secs] [Times: user=0.05 sys=0.00, real=0.01 secs] 
2020-08-02T14:21:23.774+0800: 12540467.752: [GC (Allocation Failure) 2020-08-02T14:21:23.774+0800: 12540467.752: [ParNew: 655378K->18K(737280K), 0.0069757 secs] 5428578K->4773218K(6209536K), 0.0070970 secs] [Times: user=0.05 sys=0.00, real=0.01 secs] 
2020-08-02T14:21:24.266+0800: 12540468.244: [GC (Allocation Failure) 2020-08-02T14:21:24.266+0800: 12540468.244: [ParNew: 655378K->16K(737280K), 0.0077704 secs] 5428578K->4773217K(6209536K), 0.0079353 secs] [Times: user=0.06 sys=0.00, real=0.01 secs] 
2020-08-02T14:21:24.939+0800: 12540468.917: [GC (Allocation Failure) 2020-08-02T14:21:24.939+0800: 12540468.917: [ParNew: 655376K->16K(737280K), 0.0097571 secs] 5428577K->4773219K(6209536K), 0.0099272 secs] [Times: user=0.07 sys=0.00, real=0.01 secs] 
2020-08-02T14:21:25.607+0800: 12540469.584: [GC (Allocation Failure) 2020-08-02T14:21:25.607+0800: 12540469.584: [ParNew: 655376K->16K(737280K), 0.0068902 secs] 5428579K->4773220K(6209536K), 0.0070124 secs] [Times: user=0.06 sys=0.00, real=0.00 secs] 
2020-08-02T14:21:26.287+0800: 12540470.265: [GC (Allocation Failure) 2020-08-02T14:21:26.287+0800: 12540470.265: [ParNew: 655376K->16K(737280K), 0.0214359 secs] 5428580K->4773222K(6209536K), 0.0215787 secs] [Times: user=0.14 sys=0.00, real=0.02 secs] 
2020-08-02T14:21:26.970+0800: 12540470.947: [GC (Allocation Failure) 2020-08-02T14:21:26.970+0800: 12540470.947: [ParNew: 655376K->16K(737280K), 0.0067594 secs] 5428582K->4773223K(6209536K), 0.0068814 secs] [Times: user=0.05 sys=0.00, real=0.00 secs] 
2020-08-02T14:21:27.327+0800: 12540471.305: [CMS-concurrent-mark: 5.490/5.577 secs] [Times: user=16.92 sys=0.00, real=5.58 secs] 
2020-08-02T14:21:27.327+0800: 12540471.305: [CMS-concurrent-preclean-start]
2020-08-02T14:21:27.334+0800: 12540471.312: [CMS-concurrent-preclean: 0.008/0.008 secs] [Times: user=0.01 sys=0.00, real=0.00 secs] 
2020-08-02T14:21:27.334+0800: 12540471.312: [CMS-concurrent-abortable-preclean-start]
 CMS: abort preclean due to time 2020-08-02T14:21:32.355+0800: 12540476.333: [CMS-concurrent-abortable-preclean: 0.371/5.020 secs] [Times: user=0.74 sys=0.00, real=5.02 secs] 
2020-08-02T14:21:32.356+0800: 12540476.334: [GC (CMS Final Remark) [YG occupancy: 333636 K (737280 K)]2020-08-02T14:21:32.356+0800: 12540476.334: [Rescan (parallel) , 0.0263044 secs]2020-08-02T14:21:32.383+0800: 12540476.360: [weak refs processing, 0.0000338 secs]2020-08-02T14:21:32.383+0800: 12540476.360: [class unloading, 0.0183489 secs]2020-08-02T14:21:32.401+0800: 12540476.379: [scrub symbol table, 0.0062086 secs]2020-08-02T14:21:32.407+0800: 12540476.385: [scrub string table, 0.0009050 secs][1 CMS-remark: 4773207K(5472256K)] 5106843K(6209536K), 0.0519672 secs] [Times: user=0.21 sys=0.00, real=0.06 secs] 
2020-08-02T14:21:32.408+0800: 12540476.386: [CMS-concurrent-sweep-start]
2020-08-02T14:21:34.279+0800: 12540478.256: [CMS-concurrent-sweep: 1.870/1.870 secs] [Times: user=1.90 sys=0.00, real=1.87 secs] 
2020-08-02T14:21:34.279+0800: 12540478.256: [CMS-concurrent-reset-start]
2020-08-02T14:21:34.298+0800: 12540478.276: [CMS-concurrent-reset: 0.019/0.019 secs] [Times: user=0.02 sys=0.00, real=0.01 secs] 
2020-08-02T14:21:36.298+0800: 12540480.276: [GC (CMS Initial Mark) [1 CMS-initial-mark: 4773128K(5472256K)] 5130536K(6209536K), 0.0185759 secs] [Times: user=0.13 sys=0.00, real=0.02 secs] 
2020-08-02T14:21:36.317+0800: 12540480.295: [CMS-concurrent-mark-start]
2020-08-02T14:21:37.265+0800: 12540481.243: [CMS-concurrent-mark: 0.948/0.948 secs] [Times: user=1.92 sys=0.00, real=0.95 secs] 
2020-08-02T14:21:37.265+0800: 12540481.243: [CMS-concurrent-preclean-start]
2020-08-02T14:21:37.274+0800: 12540481.252: [CMS-concurrent-preclean: 0.008/0.008 secs] [Times: user=0.00 sys=0.00, real=0.01 secs] 
2020-08-02T14:21:37.274+0800: 12540481.252: [CMS-concurrent-abortable-preclean-start]
 CMS: abort preclean due to time 2020-08-02T14:21:42.335+0800: 12540486.313: [CMS-concurrent-abortable-preclean: 0.355/5.061 secs] [Times: user=0.48 sys=0.00, real=5.06 secs] 
2020-08-02T14:21:42.337+0800: 12540486.314: [GC (CMS Final Remark) [YG occupancy: 399760 K (737280 K)]2020-08-02T14:21:42.337+0800: 12540486.315: [Rescan (parallel) , 0.0203670 secs]2020-08-02T14:21:42.357+0800: 12540486.335: [weak refs processing, 0.0000457 secs]2020-08-02T14:21:42.357+0800: 12540486.335: [class unloading, 0.0168930 secs]2020-08-02T14:21:42.374+0800: 12540486.352: [scrub symbol table, 0.0061446 secs]2020-08-02T14:21:42.380+0800: 12540486.358: [scrub string table, 0.0008418 secs][1 CMS-remark: 4773128K(5472256K)] 5172888K(6209536K), 0.0444525 secs] [Times: user=0.18 sys=0.00, real=0.05 secs] 
2020-08-02T14:21:42.381+0800: 12540486.359: [CMS-concurrent-sweep-start]
2020-08-02T14:21:55.528+0800: 12540499.506: [CMS-concurrent-sweep: 13.147/13.147 secs] [Times: user=13.41 sys=0.00, real=13.15 secs] 
2020-08-02T14:21:55.528+0800: 12540499.506: [CMS-concurrent-reset-start]
2020-08-02T14:21:55.549+0800: 12540499.526: [CMS-concurrent-reset: 0.020/0.020 secs] [Times: user=0.02 sys=0.00, real=0.02 secs] 
2020-08-02T14:22:34.865+0800: 12540538.843: [GC (Allocation Failure) 2020-08-02T14:22:34.865+0800: 12540538.843: [ParNew: 655376K->3114K(737280K), 0.0089156 secs] 1423945K->771683K(6209536K), 0.0091106 secs] [Times: user=0.05 sys=0.00, real=0.01 secs] 
2020-08-02T14:25:23.755+0800: 12540707.733: [GC (Allocation Failure) 2020-08-02T14:25:23.755+0800: 12540707.733: [ParNew: 658474K->5754K(737280K), 0.0114437 secs] 1427043K->774323K(6209536K), 0.0115983 secs] [Times: user=0.04 sys=0.02, real=0.02 secs] 
2020-08-02T14:28:04.154+0800: 12540868.132: [GC (Allocation Failure) 2020-08-02T14:28:04.154+0800: 12540868.132: [ParNew: 661114K->7106K(737280K), 0.0128584 secs] 1429683K->775675K(6209536K), 0.0130188 secs] [Times: user=0.05 sys=0.01, real=0.02 secs] 
2020-08-02T14:30:15.835+0800: 12540999.813: [GC (Allocation Failure) 2020-08-02T14:30:15.835+0800: 12540999.813: [ParNew: 662460K->8389K(737280K), 0.0171331 secs] 1431030K->776958K(6209536K), 0.0173394 secs] [Times: user=0.08 sys=0.00, real=0.02 secs] 
2020-08-02T14:32:01.066+0800: 12541105.044: [GC (Allocation Failure) 2020-08-02T14:32:01.066+0800: 12541105.044: [ParNew: 663749K->9200K(737280K), 0.0156573 secs] 1432318K->777770K(6209536K), 0.0158232 secs] [Times: user=0.07 sys=0.00, real=0.02 secs] 
2020-08-02T14:33:54.154+0800: 12541218.132: [GC (Allocation Failure) 2020-08-02T14:33:54.154+0800: 12541218.132: [ParNew: 664560K->8379K(737280K), 0.0164491 secs] 1433130K->776949K(6209536K), 0.0166115 secs] [Times: user=0.06 sys=0.00, real=0.02 secs] 
2020-08-02T14:35:49.397+0800: 12541333.375: [GC (Allocation Failure) 2020-08-02T14:35:49.397+0800: 12541333.375: [ParNew: 663739K->9109K(737280K), 0.0180862 secs] 1432309K->778337K(6209536K), 0.0182736 secs] [Times: user=0.09 sys=0.00, real=0.02 secs] 
2020-08-02T14:38:20.522+0800: 12541484.500: [GC (Allocation Failure) 2020-08-02T14:38:20.522+0800: 12541484.500: [ParNew: 664469K->9474K(737280K), 0.0166692 secs] 1433697K->778904K(6209536K), 0.0168446 secs] [Times: user=0.07 sys=0.00, real=0.02 secs] 
2020-08-02T14:41:11.075+0800: 12541655.053: [GC (Allocation Failure) 2020-08-02T14:41:11.076+0800: 12541655.053: [ParNew: 664834K->10562K(737280K), 0.0160676 secs] 1434264K->780129K(6209536K), 0.0162552 secs] [Times: user=0.07 sys=0.00, real=0.02 secs] 
2020-08-02T14:42:59.838+0800: 12541763.816: [GC (Allocation Failure) 2020-08-02T14:42:59.838+0800: 12541763.816: [ParNew: 665922K->9211K(737280K), 0.0209245 secs] 1435489K->779020K(6209536K), 0.0211080 secs] [Times: user=0.08 sys=0.00, real=0.03 secs] 
2020-08-02T14:45:39.929+0800: 12541923.907: [GC (Allocation Failure) 2020-08-02T14:45:39.929+0800: 12541923.907: [ParNew: 664571K->11644K(737280K), 0.0186982 secs] 1434380K->781579K(6209536K), 0.0188785 secs] [Times: user=0.07 sys=0.00, real=0.02 secs] 
2020-08-02T14:49:33.360+0800: 12542157.337: [GC (Allocation Failure) 2020-08-02T14:49:33.360+0800: 12542157.338: [ParNew: 666932K->12122K(737280K), 0.0152282 secs] 1436867K->782061K(6209536K), 0.0153865 secs] [Times: user=0.07 sys=0.00, real=0.01 secs] 
2020-08-02T14:51:44.550+0800: 12542288.528: [GC (Allocation Failure) 2020-08-02T14:51:44.551+0800: 12542288.528: [ParNew: 667482K->10977K(737280K), 0.0158211 secs] 1437421K->780944K(6209536K), 0.0160315 secs] [Times: user=0.07 sys=0.00, real=0.02 secs] 
2020-08-02T14:53:03.270+0800: 12542367.248: [GC (Allocation Failure) 2020-08-02T14:53:03.270+0800: 12542367.248: [ParNew: 666337K->11938K(737280K), 0.0164014 secs] 1436304K->782034K(6209536K), 0.0166626 secs] [Times: user=0.07 sys=0.00, real=0.02 secs] 
2020-08-02T14:55:45.351+0800: 12542529.329: [GC (Allocation Failure) 2020-08-02T14:55:45.351+0800: 12542529.329: [ParNew: 667270K->10779K(737280K), 0.0162776 secs] 1437365K->781240K(6209536K), 0.0164532 secs] [Times: user=0.08 sys=0.00, real=0.02 secs] 
2020-08-02T15:00:07.201+0800: 12542791.179: [GC (Allocation Failure) 2020-08-02T15:00:07.207+0800: 12542791.185: [ParNew: 666138K->13544K(737280K), 0.0187393 secs] 1436600K->784020K(6209536K), 0.0248871 secs] [Times: user=0.07 sys=0.00, real=0.02 secs] 
2020-08-02T15:02:30.758+0800: 12542934.736: [GC (Allocation Failure) 2020-08-02T15:02:30.759+0800: 12542934.736: [ParNew: 668904K->14249K(737280K), 0.0209791 secs] 1439380K->784990K(6209536K), 0.0212277 secs] [Times: user=0.08 sys=0.00, real=0.03 secs] 
2020-08-02T15:04:21.520+0800: 12543045.498: [GC (Allocation Failure) 2020-08-02T15:04:21.520+0800: 12543045.498: [ParNew: 669609K->17597K(737280K), 0.0305790 secs] 1440350K->788551K(6209536K), 0.0308007 secs] [Times: user=0.10 sys=0.00, real=0.03 secs] 
2020-08-02T15:06:17.752+0800: 12543161.730: [GC (Allocation Failure) 2020-08-02T15:06:17.752+0800: 12543161.730: [ParNew: 672957K->23085K(737280K), 0.0342611 secs] 1443911K->794064K(6209536K), 0.0344831 secs] [Times: user=0.12 sys=0.00, real=0.04 secs] 
2020-08-02T15:08:04.496+0800: 12543268.473: [GC (Allocation Failure) 2020-08-02T15:08:04.496+0800: 12543268.474: [ParNew: 678405K->16691K(737280K), 0.0212628 secs] 1449384K->788624K(6209536K), 0.0215200 secs] [Times: user=0.07 sys=0.00, real=0.02 secs] 
2020-08-02T15:09:16.056+0800: 12543340.034: [GC (Allocation Failure) 2020-08-02T15:09:16.056+0800: 12543340.034: [ParNew: 672051K->12628K(737280K), 0.0173436 secs] 1443984K->785211K(6209536K), 0.0175176 secs] [Times: user=0.07 sys=0.00, real=0.02 secs] 
2020-08-02T15:10:51.737+0800: 12543435.715: [GC (Allocation Failure) 2020-08-02T15:10:51.744+0800: 12543435.721: [ParNew: 667988K->12542K(737280K), 0.0339004 secs] 1440571K->785290K(6209536K), 0.0403652 secs] [Times: user=0.13 sys=0.00, real=0.04 secs] 
2020-08-02T15:13:35.892+0800: 12543599.869: [GC (Allocation Failure) 2020-08-02T15:13:35.892+0800: 12543599.870: [ParNew: 667902K->12869K(737280K), 0.0153729 secs] 1440650K->785861K(6209536K), 0.0155236 secs] [Times: user=0.08 sys=0.00, real=0.02 secs] 
2020-08-02T15:15:53.002+0800: 12543736.980: [GC (Allocation Failure) 2020-08-02T15:15:53.002+0800: 12543736.980: [ParNew: 668229K->10807K(737280K), 0.0196803 secs] 1441221K->783802K(6209536K), 0.0198406 secs] [Times: user=0.11 sys=0.00, real=0.02 secs] 
2020-08-02T15:18:16.472+0800: 12543880.450: [GC (Allocation Failure) 2020-08-02T15:18:16.472+0800: 12543880.450: [ParNew: 666167K->9195K(737280K), 0.0158757 secs] 1439162K->782532K(6209536K), 0.0160463 secs] [Times: user=0.08 sys=0.00, real=0.02 secs] 
2020-08-02T15:20:12.507+0800: 12543996.484: [GC (Allocation Failure) 2020-08-02T15:20:12.507+0800: 12543996.485: [ParNew: 664555K->9868K(737280K), 0.0164066 secs] 1437892K->783396K(6209536K), 0.0165789 secs] [Times: user=0.06 sys=0.00, real=0.01 secs] 
2020-08-02T15:22:12.603+0800: 12544116.581: [GC (Allocation Failure) 2020-08-02T15:22:12.603+0800: 12544116.581: [ParNew: 665228K->10091K(737280K), 0.0157744 secs] 1438756K->783875K(6209536K), 0.0159729 secs] [Times: user=0.07 sys=0.00, real=0.02 secs] 
2020-08-02T15:24:11.407+0800: 12544235.385: [GC (Allocation Failure) 2020-08-02T15:24:11.408+0800: 12544235.385: [ParNew: 665451K->11446K(737280K), 0.0159972 secs] 1439235K->785371K(6209536K), 0.0162113 secs] [Times: user=0.07 sys=0.00, real=0.01 secs] 
2020-08-02T15:25:50.138+0800: 12544334.116: [GC (Allocation Failure) 2020-08-02T15:25:50.144+0800: 12544334.122: [ParNew: 666806K->11318K(737280K), 0.0169784 secs] 1440731K->785897K(6209536K), 0.0229905 secs] [Times: user=0.06 sys=0.01, real=0.03 secs] 
2020-08-02T15:27:38.817+0800: 12544442.794: [GC (Allocation Failure) 2020-08-02T15:27:38.817+0800: 12544442.795: [ParNew: 666678K->9412K(737280K), 0.0315826 secs] 1441257K->783990K(6209536K), 0.0317784 secs] [Times: user=0.10 sys=0.00, real=0.04 secs] 
2020-08-02T15:30:13.444+0800: 12544597.422: [GC (Allocation Failure) 2020-08-02T15:30:13.449+0800: 12544597.427: [ParNew: 664772K->9382K(737280K), 0.0171830 secs] 1439350K->784377K(6209536K), 0.0224515 secs] [Times: user=0.07 sys=0.00, real=0.03 secs] 
2020-08-02T15:33:34.741+0800: 12544798.719: [GC (Allocation Failure) 2020-08-02T15:33:34.741+0800: 12544798.719: [ParNew: 664742K->9822K(737280K), 0.0161499 secs] 1439737K->784965K(6209536K), 0.0163173 secs] [Times: user=0.07 sys=0.00, real=0.01 secs] 
2020-08-02T15:36:15.541+0800: 12544959.519: [GC (Allocation Failure) 2020-08-02T15:36:15.541+0800: 12544959.519: [ParNew: 665182K->10579K(737280K), 0.0167348 secs] 1440325K->785743K(6209536K), 0.0169503 secs] [Times: user=0.06 sys=0.00, real=0.01 secs] 
2020-08-02T15:38:26.956+0800: 12545090.934: [GC (Allocation Failure) 2020-08-02T15:38:26.956+0800: 12545090.934: [ParNew: 665939K->9381K(737280K), 0.0340375 secs] 1441103K->784748K(6209536K), 0.0342079 secs] [Times: user=0.20 sys=0.00, real=0.04 secs] 
2020-08-02T15:41:26.694+0800: 12545270.672: [GC (Allocation Failure) 2020-08-02T15:41:26.694+0800: 12545270.672: [ParNew: 664741K->10821K(737280K), 0.0184018 secs] 1440108K->786319K(6209536K), 0.0185976 secs] [Times: user=0.08 sys=0.00, real=0.02 secs] 
2020-08-02T15:48:45.310+0800: 12545709.288: [GC (Allocation Failure) 2020-08-02T15:48:45.315+0800: 12545709.293: [ParNew: 666181K->11156K(737280K), 0.0361692 secs] 1441679K->786900K(6209536K), 0.0413695 secs] [Times: user=0.16 sys=0.01, real=0.04 secs] 
2020-08-02T15:50:35.434+0800: 12545819.412: [GC (Allocation Failure) 2020-08-02T15:50:35.435+0800: 12545819.412: [ParNew: 666516K->12037K(737280K), 0.0179590 secs] 1442260K->787847K(6209536K), 0.0181754 secs] [Times: user=0.08 sys=0.00, real=0.02 secs] 
2020-08-02T15:54:11.858+0800: 12546035.836: [GC (Allocation Failure) 2020-08-02T15:54:11.863+0800: 12546035.841: [ParNew: 667397K->15199K(737280K), 0.0369838 secs] 1443207K->791077K(6209536K), 0.0421715 secs] [Times: user=0.14 sys=0.01, real=0.05 secs] 
2020-08-02T15:58:00.138+0800: 12546264.116: [GC (Allocation Failure) 2020-08-02T15:58:00.138+0800: 12546264.116: [ParNew: 670559K->15288K(737280K), 0.0124666 secs] 1446437K->791188K(6209536K), 0.0126456 secs] [Times: user=0.06 sys=0.01, real=0.02 secs] 
2020-08-02T16:01:46.691+0800: 12546490.669: [GC (Allocation Failure) 2020-08-02T16:01:46.691+0800: 12546490.669: [ParNew: 670648K->15296K(737280K), 0.0212698 secs] 1446548K->791329K(6209536K), 0.0214426 secs] [Times: user=0.07 sys=0.00, real=0.02 secs] 
2020-08-02T16:03:37.013+0800: 12546600.991: [GC (Allocation Failure) 2020-08-02T16:03:37.013+0800: 12546600.991: [ParNew: 670656K->15949K(737280K), 0.0422903 secs] 1446689K->792329K(6209536K), 0.0425174 secs] [Times: user=0.10 sys=0.00, real=0.04 secs] 
2020-08-02T16:05:32.470+0800: 12546716.448: [GC (Allocation Failure) 2020-08-02T16:05:32.471+0800: 12546716.448: [ParNew: 671309K->24267K(737280K), 0.0453475 secs] 1447689K->800757K(6209536K), 0.0455521 secs] [Times: user=0.15 sys=0.00, real=0.04 secs] 
2020-08-02T16:07:44.582+0800: 12546848.560: [GC (Allocation Failure) 2020-08-02T16:07:44.582+0800: 12546848.560: [ParNew: 679627K->20443K(737280K), 0.0181687 secs] 1456116K->796935K(6209536K), 0.0183529 secs] [Times: user=0.07 sys=0.00, real=0.02 secs] 
2020-08-02T16:09:42.580+0800: 12546966.558: [GC (Allocation Failure) 2020-08-02T16:09:42.580+0800: 12546966.558: [ParNew: 675803K->14737K(737280K), 0.0205830 secs] 1452295K->792721K(6209536K), 0.0207411 secs] [Times: user=0.08 sys=0.00, real=0.02 secs] 
2020-08-02T16:11:35.321+0800: 12547079.299: [GC (Allocation Failure) 2020-08-02T16:11:35.323+0800: 12547079.301: [ParNew: 670071K->12639K(737280K), 0.0183993 secs] 1448056K->790697K(6209536K), 0.0205515 secs] [Times: user=0.07 sys=0.01, real=0.02 secs] 
2020-08-02T16:13:11.311+0800: 12547175.289: [GC (Allocation Failure) 2020-08-02T16:13:11.311+0800: 12547175.289: [ParNew: 667999K->13262K(737280K), 0.0195953 secs] 1446057K->791836K(6209536K), 0.0197522 secs] [Times: user=0.08 sys=0.00, real=0.02 secs] 
2020-08-02T16:15:10.396+0800: 12547294.374: [GC (Allocation Failure) 2020-08-02T16:15:10.401+0800: 12547294.378: [ParNew: 668622K->13808K(737280K), 0.0212650 secs] 1447196K->792562K(6209536K), 0.0261335 secs] [Times: user=0.08 sys=0.00, real=0.03 secs] 
2020-08-02T16:17:15.178+0800: 12547419.156: [GC (Allocation Failure) 2020-08-02T16:17:15.178+0800: 12547419.156: [ParNew: 669168K->10860K(737280K), 0.0178369 secs] 1447922K->789840K(6209536K), 0.0180174 secs] [Times: user=0.08 sys=0.00, real=0.02 secs] 
2020-08-02T16:17:39.671+0800: 12547443.649: [GC (Allocation Failure) 2020-08-02T16:17:39.671+0800: 12547443.649: [ParNew: 615058K->81920K(737280K), 0.0280075 secs] 1394038K->973895K(6209536K), 0.0281806 secs] [Times: user=0.11 sys=0.02, real=0.03 secs] 
2020-08-02T16:19:24.404+0800: 12547548.382: [GC (Allocation Failure) 2020-08-02T16:19:24.404+0800: 12547548.382: [ParNew: 737280K->7616K(737280K), 0.0312401 secs] 1629255K->902642K(6209536K), 0.0314137 secs] [Times: user=0.12 sys=0.00, real=0.03 secs] 
2020-08-02T16:21:31.032+0800: 12547675.010: [GC (Allocation Failure) 2020-08-02T16:21:31.033+0800: 12547675.010: [ParNew: 662976K->9221K(737280K), 0.0222540 secs] 1558002K->904248K(6209536K), 0.0224123 secs] [Times: user=0.06 sys=0.00, real=0.02 secs] 
2020-08-02T16:23:43.814+0800: 12547807.792: [GC (Allocation Failure) 2020-08-02T16:23:43.814+0800: 12547807.792: [ParNew: 664581K->9223K(737280K), 0.0186476 secs] 1559608K->904249K(6209536K), 0.0187957 secs] [Times: user=0.09 sys=0.00, real=0.02 secs] 
2020-08-02T16:25:30.793+0800: 12547914.771: [GC (Allocation Failure) 2020-08-02T16:25:30.793+0800: 12547914.771: [ParNew: 664583K->8792K(737280K), 0.0166775 secs] 1559609K->903818K(6209536K), 0.0168347 secs] [Times: user=0.08 sys=0.01, real=0.02 secs] 
2020-08-02T16:27:26.102+0800: 12548030.080: [GC (Allocation Failure) 2020-08-02T16:27:26.103+0800: 12548030.080: [ParNew: 664152K->8945K(737280K), 0.0169880 secs] 1559178K->903971K(6209536K), 0.0171998 secs] [Times: user=0.07 sys=0.00, real=0.02 secs] 
2020-08-02T16:29:21.274+0800: 12548145.252: [GC (Allocation Failure) 2020-08-02T16:29:21.274+0800: 12548145.252: [ParNew: 664305K->8757K(737280K), 0.0162559 secs] 1559331K->903783K(6209536K), 0.0164644 secs] [Times: user=0.08 sys=0.00, real=0.02 secs] 
2020-08-02T16:31:37.844+0800: 12548281.822: [GC (Allocation Failure) 2020-08-02T16:31:37.844+0800: 12548281.822: [ParNew: 664117K->9304K(737280K), 0.0164623 secs] 1559143K->904606K(6209536K), 0.0166214 secs] [Times: user=0.08 sys=0.00, real=0.02 secs] 
2020-08-02T16:34:14.224+0800: 12548438.202: [GC (Allocation Failure) 2020-08-02T16:34:14.224+0800: 12548438.202: [ParNew: 664664K->10533K(737280K), 0.0156983 secs] 1559966K->905949K(6209536K), 0.0158799 secs] [Times: user=0.08 sys=0.00, real=0.02 secs] 
2020-08-02T16:40:01.418+0800: 12548785.395: [GC (Allocation Failure) 2020-08-02T16:40:01.424+0800: 12548785.401: [ParNew: 665893K->11673K(737280K), 0.0353368 secs] 1561309K->907191K(6209536K), 0.0413363 secs] [Times: user=0.20 sys=0.00, real=0.05 secs] 
2020-08-02T16:42:51.893+0800: 12548955.870: [GC (Allocation Failure) 2020-08-02T16:42:51.893+0800: 12548955.871: [ParNew: 667033K->11454K(737280K), 0.0350389 secs] 1562551K->907104K(6209536K), 0.0352355 secs] [Times: user=0.15 sys=0.00, real=0.04 secs] 
2020-08-02T16:48:51.523+0800: 12549315.501: [GC (Allocation Failure) 2020-08-02T16:48:51.523+0800: 12549315.501: [ParNew: 666814K->10429K(737280K), 0.0132745 secs] 1562464K->906151K(6209536K), 0.0134544 secs] [Times: user=0.06 sys=0.00, real=0.01 secs] 
2020-08-02T16:53:19.654+0800: 12549583.632: [GC (Allocation Failure) 2020-08-02T16:53:19.654+0800: 12549583.632: [ParNew: 665789K->11508K(737280K), 0.0188109 secs] 1561511K->907297K(6209536K), 0.0190310 secs] [Times: user=0.06 sys=0.00, real=0.02 secs] 
2020-08-02T16:59:01.584+0800: 12549925.562: [GC (Allocation Failure) 2020-08-02T16:59:01.590+0800: 12549925.568: [ParNew: 666868K->13708K(737280K), 0.0166004 secs] 1562657K->910550K(6209536K), 0.0230278 secs] [Times: user=0.07 sys=0.00, real=0.03 secs] 
2020-08-02T17:03:11.780+0800: 12550175.758: [GC (Allocation Failure) 2020-08-02T17:03:11.786+0800: 12550175.764: [ParNew: 669068K->13743K(737280K), 0.0297602 secs] 1565910K->910635K(6209536K), 0.0355963 secs] [Times: user=0.10 sys=0.00, real=0.03 secs] 
2020-08-02T17:05:06.140+0800: 12550290.118: [GC (Allocation Failure) 2020-08-02T17:05:06.140+0800: 12550290.118: [ParNew: 669103K->22828K(737280K), 0.0235501 secs] 1565995K->919788K(6209536K), 0.0238323 secs] [Times: user=0.07 sys=0.00, real=0.02 secs] 
2020-08-02T17:07:30.407+0800: 12550434.385: [GC (Allocation Failure) 2020-08-02T17:07:30.407+0800: 12550434.385: [ParNew: 678154K->18905K(737280K), 0.0444317 secs] 1575113K->916015K(6209536K), 0.0446355 secs] [Times: user=0.17 sys=0.01, real=0.04 secs] 
2020-08-02T17:09:46.967+0800: 12550570.945: [GC (Allocation Failure) 2020-08-02T17:09:46.967+0800: 12550570.945: [ParNew: 674185K->14295K(737280K), 0.0198716 secs] 1571295K->911539K(6209536K), 0.0200403 secs] [Times: user=0.08 sys=0.01, real=0.02 secs] 
2020-08-02T17:11:15.559+0800: 12550659.537: [GC (Allocation Failure) 2020-08-02T17:11:15.559+0800: 12550659.537: [ParNew: 669655K->14610K(737280K), 0.0232995 secs] 1566899K->911927K(6209536K), 0.0235143 secs] [Times: user=0.08 sys=0.00, real=0.02 secs] 
2020-08-02T17:13:42.014+0800: 12550805.991: [GC (Allocation Failure) 2020-08-02T17:13:42.014+0800: 12550805.992: [ParNew: 669970K->15037K(737280K), 0.0202922 secs] 1567287K->912637K(6209536K), 0.0205325 secs] [Times: user=0.08 sys=0.00, real=0.02 secs] 
2020-08-02T17:16:41.460+0800: 12550985.438: [GC (Allocation Failure) 2020-08-02T17:16:41.460+0800: 12550985.438: [ParNew: 670397K->15752K(737280K), 0.0216469 secs] 1567997K->913667K(6209536K), 0.0218246 secs] [Times: user=0.07 sys=0.02, real=0.02 secs] 
2020-08-02T17:19:47.636+0800: 12551171.614: [GC (Allocation Failure) 2020-08-02T17:19:47.636+0800: 12551171.614: [ParNew: 671056K->12609K(737280K), 0.0170227 secs] 1568971K->910608K(6209536K), 0.0172092 secs] [Times: user=0.08 sys=0.01, real=0.02 secs] 
2020-08-02T17:21:51.781+0800: 12551295.759: [GC (Allocation Failure) 2020-08-02T17:21:51.781+0800: 12551295.759: [ParNew: 667969K->12381K(737280K), 0.0169734 secs] 1565968K->910644K(6209536K), 0.0171755 secs] [Times: user=0.07 sys=0.00, real=0.01 secs] 
2020-08-02T17:23:43.786+0800: 12551407.764: [GC (Allocation Failure) 2020-08-02T17:23:43.786+0800: 12551407.764: [ParNew: 667741K->9606K(737280K), 0.0168990 secs] 1566004K->908463K(6209536K), 0.0170602 secs] [Times: user=0.07 sys=0.00, real=0.02 secs] 
2020-08-02T17:27:57.230+0800: 12551661.208: [GC (Allocation Failure) 2020-08-02T17:27:57.235+0800: 12551661.213: [ParNew: 664966K->10406K(737280K), 0.0226269 secs] 1563823K->909365K(6209536K), 0.0284522 secs] [Times: user=0.12 sys=0.00, real=0.02 secs] 
2020-08-02T17:31:27.780+0800: 12551871.758: [GC (Allocation Failure) 2020-08-02T17:31:27.787+0800: 12551871.764: [ParNew: 665766K->9941K(737280K), 0.0168943 secs] 1564725K->908917K(6209536K), 0.0236153 secs] [Times: user=0.08 sys=0.00, real=0.02 secs] 
2020-08-02T17:33:49.616+0800: 12552013.594: [GC (Allocation Failure) 2020-08-02T17:33:49.616+0800: 12552013.594: [ParNew: 665301K->11302K(737280K), 0.0174985 secs] 1564277K->910433K(6209536K), 0.0176658 secs] [Times: user=0.07 sys=0.01, real=0.02 secs] 
2020-08-02T17:35:29.819+0800: 12552113.797: [GC (Allocation Failure) 2020-08-02T17:35:29.819+0800: 12552113.797: [ParNew: 666662K->9987K(737280K), 0.0160520 secs] 1565793K->909350K(6209536K), 0.0162693 secs] [Times: user=0.07 sys=0.00, real=0.01 secs] 
2020-08-02T17:37:45.029+0800: 12552249.007: [GC (Allocation Failure) 2020-08-02T17:37:45.029+0800: 12552249.007: [ParNew: 665347K->12104K(737280K), 0.0176483 secs] 1564710K->911505K(6209536K), 0.0187686 secs] [Times: user=0.08 sys=0.00, real=0.02 secs] 
2020-08-02T17:43:38.167+0800: 12552602.144: [GC (Allocation Failure) 2020-08-02T17:43:38.167+0800: 12552602.144: [ParNew: 667464K->13263K(737280K), 0.0156175 secs] 1566865K->912730K(6209536K), 0.0157745 secs] [Times: user=0.06 sys=0.01, real=0.01 secs] 
2020-08-02T17:50:24.864+0800: 12553008.842: [GC (Allocation Failure) 2020-08-02T17:50:24.870+0800: 12553008.848: [ParNew: 668623K->13586K(737280K), 0.0141330 secs] 1568090K->913136K(6209536K), 0.0200766 secs] [Times: user=0.06 sys=0.00, real=0.02 secs] 
2020-08-02T17:52:50.850+0800: 12553154.827: [GC (Allocation Failure) 2020-08-02T17:52:50.850+0800: 12553154.828: [ParNew: 668860K->11510K(737280K), 0.0175793 secs] 1568410K->911267K(6209536K), 0.0177758 secs] [Times: user=0.06 sys=0.01, real=0.02 secs] 
2020-08-02T17:55:08.648+0800: 12553292.626: [GC (Allocation Failure) 2020-08-02T17:55:08.648+0800: 12553292.626: [ParNew: 666798K->12446K(737280K), 0.0168511 secs] 1566555K->912342K(6209536K), 0.0170359 secs] [Times: user=0.08 sys=0.00, real=0.01 secs] 
2020-08-02T17:57:36.081+0800: 12553440.059: [GC (Allocation Failure) 2020-08-02T17:57:36.081+0800: 12553440.059: [ParNew: 667806K->13759K(737280K), 0.0328615 secs] 1567702K->913655K(6209536K), 0.0330414 secs] [Times: user=0.10 sys=0.01, real=0.03 secs] 
2020-08-02T18:00:24.107+0800: 12553608.085: [GC (Allocation Failure) 2020-08-02T18:00:24.107+0800: 12553608.085: [ParNew: 669119K->12968K(737280K), 0.0168321 secs] 1569015K->913417K(6209536K), 0.0169903 secs] [Times: user=0.07 sys=0.01, real=0.01 secs] 
2020-08-02T18:02:38.409+0800: 12553742.387: [GC (Allocation Failure) 2020-08-02T18:02:38.409+0800: 12553742.387: [ParNew: 668328K->16674K(737280K), 0.0401937 secs] 1568777K->918048K(6209536K), 0.0404834 secs] [Times: user=0.09 sys=0.00, real=0.04 secs] 
2020-08-02T18:05:00.306+0800: 12553884.284: [GC (Allocation Failure) 2020-08-02T18:05:00.306+0800: 12553884.284: [ParNew: 671949K->18048K(737280K), 0.0416717 secs] 1573323K->919602K(6209536K), 0.0418993 secs] [Times: user=0.06 sys=0.01, real=0.05 secs] 
2020-08-02T18:06:58.919+0800: 12554002.897: [GC (Allocation Failure) 2020-08-02T18:06:58.919+0800: 12554002.897: [ParNew: 673359K->24126K(737280K), 0.0210107 secs] 1574912K->925680K(6209536K), 0.0211755 secs] [Times: user=0.08 sys=0.01, real=0.02 secs] 
2020-08-02T18:08:39.642+0800: 12554103.620: [GC (Allocation Failure) 2020-08-02T18:08:39.642+0800: 12554103.620: [ParNew: 679486K->18409K(737280K), 0.0226334 secs] 1581040K->920524K(6209536K), 0.0227865 secs] [Times: user=0.07 sys=0.00, real=0.02 secs] 
2020-08-02T18:10:16.120+0800: 12554200.098: [GC (Allocation Failure) 2020-08-02T18:10:16.121+0800: 12554200.098: [ParNew: 673769K->14429K(737280K), 0.0246691 secs] 1575884K->917074K(6209536K), 0.0248234 secs] [Times: user=0.07 sys=0.01, real=0.02 secs] 
2020-08-02T18:11:46.702+0800: 12554290.680: [GC (Allocation Failure) 2020-08-02T18:11:46.702+0800: 12554290.680: [ParNew: 669789K->10712K(737280K), 0.0157817 secs] 1572434K->913574K(6209536K), 0.0159505 secs] [Times: user=0.06 sys=0.00, real=0.01 secs] 
2020-08-02T18:14:22.643+0800: 12554446.621: [GC (Allocation Failure) 2020-08-02T18:14:22.643+0800: 12554446.621: [ParNew: 666072K->12832K(737280K), 0.0277405 secs] 1568934K->915789K(6209536K), 0.0278925 secs] [Times: user=0.08 sys=0.00, real=0.03 secs] 
2020-08-02T18:18:23.963+0800: 12554687.941: [GC (Allocation Failure) 2020-08-02T18:18:23.963+0800: 12554687.941: [ParNew: 668192K->13172K(737280K), 0.0207799 secs] 1571149K->916349K(6209536K), 0.0209492 secs] [Times: user=0.08 sys=0.00, real=0.02 secs] 
2020-08-02T18:20:46.412+0800: 12554830.390: [GC (Allocation Failure) 2020-08-02T18:20:46.412+0800: 12554830.390: [ParNew: 668532K->12193K(737280K), 0.0151677 secs] 1571709K->915417K(6209536K), 0.0153140 secs] [Times: user=0.07 sys=0.00, real=0.02 secs] 
2020-08-02T18:22:23.725+0800: 12554927.702: [GC (Allocation Failure) 2020-08-02T18:22:23.725+0800: 12554927.702: [ParNew: 667553K->12153K(737280K), 0.0162941 secs] 1570777K->915475K(6209536K), 0.0164476 secs] [Times: user=0.06 sys=0.00, real=0.02 secs] 
2020-08-02T18:25:04.375+0800: 12555088.353: [GC (Allocation Failure) 2020-08-02T18:25:04.375+0800: 12555088.353: [ParNew: 667513K->11106K(737280K), 0.0144328 secs] 1570835K->914497K(6209536K), 0.0145783 secs] [Times: user=0.07 sys=0.00, real=0.02 secs] 
2020-08-02T18:28:26.642+0800: 12555290.620: [GC (Allocation Failure) 2020-08-02T18:28:26.642+0800: 12555290.620: [ParNew: 666466K->8955K(737280K), 0.0143747 secs] 1569857K->912826K(6209536K), 0.0145277 secs] [Times: user=0.07 sys=0.00, real=0.01 secs] 
2020-08-02T18:33:52.431+0800: 12555616.408: [GC (Allocation Failure) 2020-08-02T18:33:52.435+0800: 12555616.413: [ParNew: 664315K->9288K(737280K), 0.0146413 secs] 1568186K->913652K(6209536K), 0.0192400 secs] [Times: user=0.07 sys=0.00, real=0.02 secs] 
2020-08-02T18:38:30.137+0800: 12555894.115: [GC (Allocation Failure) 2020-08-02T18:38:30.142+0800: 12555894.120: [ParNew: 664648K->13137K(737280K), 0.0206591 secs] 1569012K->917698K(6209536K), 0.0258657 secs] [Times: user=0.10 sys=0.00, real=0.03 secs] 
2020-08-02T18:42:04.712+0800: 12556108.690: [GC (Allocation Failure) 2020-08-02T18:42:04.713+0800: 12556108.690: [ParNew: 668464K->8870K(737280K), 0.0146676 secs] 1573025K->913792K(6209536K), 0.0148249 secs] [Times: user=0.07 sys=0.00, real=0.02 secs] 
2020-08-02T18:47:29.455+0800: 12556433.433: [GC (Allocation Failure) 2020-08-02T18:47:29.456+0800: 12556433.433: [ParNew: 664230K->8870K(737280K), 0.0141993 secs] 1569152K->913921K(6209536K), 0.0143699 secs] [Times: user=0.07 sys=0.00, real=0.02 secs] 
2020-08-02T18:51:05.032+0800: 12556649.010: [GC (Allocation Failure) 2020-08-02T18:51:05.032+0800: 12556649.010: [ParNew: 664230K->9833K(737280K), 0.0162654 secs] 1569281K->914954K(6209536K), 0.0164287 secs] [Times: user=0.07 sys=0.00, real=0.02 secs] 
2020-08-02T18:53:04.638+0800: 12556768.616: [GC (Allocation Failure) 2020-08-02T18:53:04.638+0800: 12556768.616: [ParNew: 665193K->8866K(737280K), 0.0159371 secs] 1570314K->914118K(6209536K), 0.0161198 secs] [Times: user=0.07 sys=0.00, real=0.02 secs] 
2020-08-02T18:55:51.493+0800: 12556935.470: [GC (Allocation Failure) 2020-08-02T18:55:51.493+0800: 12556935.471: [ParNew: 664226K->10503K(737280K), 0.0170381 secs] 1569478K->915758K(6209536K), 0.0172016 secs] [Times: user=0.07 sys=0.00, real=0.02 secs] 
2020-08-02T18:57:46.554+0800: 12557050.532: [GC (Allocation Failure) 2020-08-02T18:57:46.554+0800: 12557050.532: [ParNew: 665863K->11041K(737280K), 0.0159961 secs] 1571118K->916365K(6209536K), 0.0161858 secs] [Times: user=0.06 sys=0.01, real=0.02 secs] 
2020-08-02T19:00:33.445+0800: 12557217.423: [GC (Allocation Failure) 2020-08-02T19:00:33.445+0800: 12557217.423: [ParNew: 666401K->10198K(737280K), 0.0195609 secs] 1571725K->915559K(6209536K), 0.0197656 secs] [Times: user=0.06 sys=0.00, real=0.02 secs] 
2020-08-02T19:02:40.250+0800: 12557344.228: [GC (Allocation Failure) 2020-08-02T19:02:40.250+0800: 12557344.228: [ParNew: 665558K->11902K(737280K), 0.0155520 secs] 1570919K->917398K(6209536K), 0.0157284 secs] [Times: user=0.06 sys=0.00, real=0.01 secs] 
2020-08-02T19:04:31.634+0800: 12557455.612: [GC (Allocation Failure) 2020-08-02T19:04:31.634+0800: 12557455.612: [ParNew: 667262K->13001K(737280K), 0.0204970 secs] 1572758K->918664K(6209536K), 0.0206569 secs] [Times: user=0.08 sys=0.00, real=0.02 secs] 
2020-08-02T19:06:17.290+0800: 12557561.268: [GC (Allocation Failure) 2020-08-02T19:06:17.290+0800: 12557561.268: [ParNew: 668361K->21134K(737280K), 0.0192491 secs] 1574024K->926806K(6209536K), 0.0194184 secs] [Times: user=0.08 sys=0.00, real=0.02 secs] 
2020-08-02T19:08:04.566+0800: 12557668.544: [GC (Allocation Failure) 2020-08-02T19:08:04.566+0800: 12557668.544: [ParNew: 676494K->16203K(737280K), 0.0330228 secs] 1582166K->922031K(6209536K), 0.0332237 secs] [Times: user=0.14 sys=0.00, real=0.04 secs] 
2020-08-02T19:09:55.611+0800: 12557779.589: [GC (Allocation Failure) 2020-08-02T19:09:55.611+0800: 12557779.589: [ParNew: 671563K->12041K(737280K), 0.0155387 secs] 1577391K->917876K(6209536K), 0.0157093 secs] [Times: user=0.07 sys=0.00, real=0.02 secs] 
2020-08-02T19:11:14.410+0800: 12557858.388: [GC (Allocation Failure) 2020-08-02T19:11:14.410+0800: 12557858.388: [ParNew: 667401K->10840K(737280K), 0.0153254 secs] 1573236K->917144K(6209536K), 0.0154840 secs] [Times: user=0.06 sys=0.00, real=0.01 secs] 
2020-08-02T19:14:09.808+0800: 12558033.786: [GC (Allocation Failure) 2020-08-02T19:14:09.808+0800: 12558033.786: [ParNew: 666200K->9351K(737280K), 0.0140583 secs] 1572504K->915741K(6209536K), 0.0142034 secs] [Times: user=0.07 sys=0.00, real=0.01 secs] 
2020-08-02T19:19:21.940+0800: 12558345.918: [GC (Allocation Failure) 2020-08-02T19:19:21.940+0800: 12558345.918: [ParNew: 664711K->9163K(737280K), 0.0143203 secs] 1571101K->915728K(6209536K), 0.0144835 secs] [Times: user=0.07 sys=0.00, real=0.01 secs] 
2020-08-02T19:24:36.792+0800: 12558660.770: [GC (Allocation Failure) 2020-08-02T19:24:36.797+0800: 12558660.775: [ParNew: 664523K->9663K(737280K), 0.0171653 secs] 1571088K->916370K(6209536K), 0.0224782 secs] [Times: user=0.06 sys=0.00, real=0.02 secs] 
2020-08-02T19:27:18.240+0800: 12558822.218: [GC (Allocation Failure) 2020-08-02T19:27:18.240+0800: 12558822.218: [ParNew: 665023K->8890K(737280K), 0.0153404 secs] 1571730K->915874K(6209536K), 0.0154941 secs] [Times: user=0.06 sys=0.00, real=0.01 secs] 
2020-08-02T19:29:35.161+0800: 12558959.139: [GC (Allocation Failure) 2020-08-02T19:29:35.161+0800: 12558959.139: [ParNew: 664250K->12650K(737280K), 0.0275421 secs] 1571234K->919776K(6209536K), 0.0276922 secs] [Times: user=0.13 sys=0.00, real=0.03 secs] 
2020-08-02T19:30:16.486+0800: 12559000.464: [GC (Allocation Failure) 2020-08-02T19:30:16.487+0800: 12559000.464: [ParNew: 668010K->44917K(737280K), 0.0454444 secs] 1575136K->952235K(6209536K), 0.0456552 secs] [Times: user=0.30 sys=0.00, real=0.05 secs] 
2020-08-02T19:30:50.102+0800: 12559034.080: [GC (Allocation Failure) 2020-08-02T19:30:50.102+0800: 12559034.080: [ParNew: 700277K->81920K(737280K), 0.0715557 secs] 1607595K->992641K(6209536K), 0.0717146 secs] [Times: user=0.42 sys=0.00, real=0.07 secs] 
2020-08-02T19:31:23.646+0800: 12559067.624: [GC (Allocation Failure) 2020-08-02T19:31:23.646+0800: 12559067.624: [ParNew: 737280K->81920K(737280K), 0.1237215 secs] 1648001K->1034073K(6209536K), 0.1238793 secs] [Times: user=0.71 sys=0.00, real=0.13 secs] 
2020-08-02T19:31:43.509+0800: 12559087.486: [GC (Allocation Failure) 2020-08-02T19:31:43.509+0800: 12559087.486: [ParNew: 737280K->73797K(737280K), 0.1252453 secs] 1689433K->1101703K(6209536K), 0.1253995 secs] [Times: user=0.80 sys=0.01, real=0.12 secs] 
2020-08-02T19:32:05.179+0800: 12559109.157: [GC (Allocation Failure) 2020-08-02T19:32:05.179+0800: 12559109.157: [ParNew: 729157K->59650K(737280K), 0.0869040 secs] 1757063K->1128421K(6209536K), 0.0870535 secs] [Times: user=0.53 sys=0.00, real=0.08 secs] 
2020-08-02T19:32:31.495+0800: 12559135.473: [GC (Allocation Failure) 2020-08-02T19:32:31.496+0800: 12559135.473: [ParNew: 715010K->60716K(737280K), 0.0903839 secs] 1783781K->1171922K(6209536K), 0.0905605 secs] [Times: user=0.55 sys=0.00, real=0.09 secs] 
2020-08-02T19:33:06.627+0800: 12559170.605: [GC (Allocation Failure) 2020-08-02T19:33:06.627+0800: 12559170.605: [ParNew: 716076K->76117K(737280K), 0.1048936 secs] 1827282K->1231629K(6209536K), 0.1050787 secs] [Times: user=0.60 sys=0.01, real=0.10 secs] 
2020-08-02T19:33:33.022+0800: 12559197.000: [GC (Allocation Failure) 2020-08-02T19:33:33.022+0800: 12559197.000: [ParNew: 731477K->54690K(737280K), 0.0932776 secs] 1886989K->1253757K(6209536K), 0.0934305 secs] [Times: user=0.57 sys=0.00, real=0.09 secs] 
2020-08-02T19:34:13.334+0800: 12559237.312: [GC (Allocation Failure) 2020-08-02T19:34:13.334+0800: 12559237.312: [ParNew: 710050K->49946K(737280K), 0.0845618 secs] 1909117K->1292658K(6209536K), 0.0847352 secs] [Times: user=0.57 sys=0.00, real=0.09 secs] 
2020-08-02T19:34:46.307+0800: 12559270.285: [GC (Allocation Failure) 2020-08-02T19:34:46.308+0800: 12559270.285: [ParNew: 705306K->81920K(737280K), 0.0700003 secs] 1948018K->1327561K(6209536K), 0.0701468 secs] [Times: user=0.51 sys=0.00, real=0.06 secs] 
2020-08-02T19:35:20.139+0800: 12559304.116: [GC (Allocation Failure) 2020-08-02T19:35:20.139+0800: 12559304.116: [ParNew: 737280K->81920K(737280K), 0.1081836 secs] 1982921K->1370942K(6209536K), 0.1083633 secs] [Times: user=0.68 sys=0.00, real=0.11 secs] 
2020-08-02T19:35:45.453+0800: 12559329.431: [GC (Allocation Failure) 2020-08-02T19:35:45.453+0800: 12559329.431: [ParNew: 737280K->76878K(737280K), 0.1199146 secs] 2026302K->1444179K(6209536K), 0.1200732 secs] [Times: user=0.80 sys=0.00, real=0.12 secs] 
2020-08-02T19:36:13.557+0800: 12559357.535: [GC (Allocation Failure) 2020-08-02T19:36:13.558+0800: 12559357.535: [ParNew: 732238K->81920K(737280K), 0.0779720 secs] 2099539K->1450724K(6209536K), 0.0781294 secs] [Times: user=0.43 sys=0.00, real=0.08 secs] 
2020-08-02T19:36:34.676+0800: 12559378.654: [GC (Allocation Failure) 2020-08-02T19:36:34.676+0800: 12559378.654: [ParNew: 737280K->81920K(737280K), 0.1029265 secs] 2106084K->1489575K(6209536K), 0.1030902 secs] [Times: user=0.69 sys=0.00, real=0.11 secs] 
2020-08-02T19:36:58.663+0800: 12559402.640: [GC (Allocation Failure) 2020-08-02T19:36:58.663+0800: 12559402.640: [ParNew: 737280K->81920K(737280K), 0.1120401 secs] 2144935K->1531944K(6209536K), 0.1122105 secs] [Times: user=0.71 sys=0.00, real=0.11 secs] 
2020-08-02T19:37:12.113+0800: 12559416.091: [GC (Allocation Failure) 2020-08-02T19:37:12.113+0800: 12559416.091: [ParNew: 737280K->73767K(737280K), 0.1221634 secs] 2187304K->1597616K(6209536K), 0.1223152 secs] [Times: user=0.81 sys=0.00, real=0.12 secs] 
2020-08-02T19:37:34.384+0800: 12559438.362: [GC (Allocation Failure) 2020-08-02T19:37:34.384+0800: 12559438.362: [ParNew: 729127K->59132K(737280K), 0.0805074 secs] 2252976K->1627425K(6209536K), 0.0806584 secs] [Times: user=0.54 sys=0.01, real=0.08 secs] 
2020-08-02T19:37:46.673+0800: 12559450.651: [GC (Allocation Failure) 2020-08-02T19:37:46.673+0800: 12559450.651: [ParNew: 714492K->81920K(737280K), 0.0661194 secs] 2282785K->1653318K(6209536K), 0.0662583 secs] [Times: user=0.44 sys=0.00, real=0.07 secs] 
2020-08-02T19:37:55.311+0800: 12559459.289: [GC (Allocation Failure) 2020-08-02T19:37:55.311+0800: 12559459.289: [ParNew: 737280K->81920K(737280K), 0.1080825 secs] 2308678K->1695433K(6209536K), 0.1082542 secs] [Times: user=0.67 sys=0.00, real=0.11 secs] 
2020-08-02T19:38:05.421+0800: 12559469.399: [GC (Allocation Failure) 2020-08-02T19:38:05.421+0800: 12559469.399: [ParNew: 737280K->81920K(737280K), 0.1533107 secs] 2350793K->1772509K(6209536K), 0.1534525 secs] [Times: user=0.74 sys=0.00, real=0.15 secs] 
2020-08-02T19:38:15.510+0800: 12559479.488: [GC (Allocation Failure) 2020-08-02T19:38:15.511+0800: 12559479.488: [ParNew: 737185K->67374K(737280K), 0.0901167 secs] 2427775K->1803336K(6209536K), 0.0902796 secs] [Times: user=0.55 sys=0.01, real=0.09 secs] 
2020-08-02T19:38:24.676+0800: 12559488.654: [GC (Allocation Failure) 2020-08-02T19:38:24.677+0800: 12559488.654: [ParNew: 722734K->65683K(737280K), 0.0835015 secs] 2458696K->1842972K(6209536K), 0.0836469 secs] [Times: user=0.57 sys=0.00, real=0.09 secs] 
2020-08-02T19:38:32.984+0800: 12559496.961: [GC (Allocation Failure) 2020-08-02T19:38:32.984+0800: 12559496.961: [ParNew: 721043K->65807K(737280K), 0.0911180 secs] 2498332K->1887719K(6209536K), 0.0912808 secs] [Times: user=0.63 sys=0.00, real=0.09 secs] 
2020-08-02T19:38:39.913+0800: 12559503.891: [GC (Allocation Failure) 2020-08-02T19:38:39.913+0800: 12559503.891: [ParNew: 721167K->72990K(737280K), 0.0919235 secs] 2543079K->1940050K(6209536K), 0.0920686 secs] [Times: user=0.61 sys=0.00, real=0.09 secs] 
2020-08-02T19:38:44.568+0800: 12559508.546: [GC (Allocation Failure) 2020-08-02T19:38:44.568+0800: 12559508.546: [ParNew: 728350K->56688K(737280K), 0.0899917 secs] 2595410K->1969012K(6209536K), 0.0901395 secs] [Times: user=0.60 sys=0.00, real=0.09 secs] 
2020-08-02T19:39:40.857+0800: 12559564.835: [GC (Allocation Failure) 2020-08-02T19:39:40.857+0800: 12559564.835: [ParNew: 712048K->57156K(737280K), 0.0710432 secs] 2624372K->2013895K(6209536K), 0.0711935 secs] [Times: user=0.48 sys=0.00, real=0.08 secs] 
2020-08-02T19:40:20.806+0800: 12559604.784: [GC (Allocation Failure) 2020-08-02T19:40:20.806+0800: 12559604.784: [ParNew: 712516K->81920K(737280K), 0.0585845 secs] 2669255K->2039503K(6209536K), 0.0587344 secs] [Times: user=0.42 sys=0.00, real=0.06 secs] 
2020-08-02T19:40:58.946+0800: 12559642.924: [GC (Allocation Failure) 2020-08-02T19:40:58.946+0800: 12559642.924: [ParNew: 737280K->81920K(737280K), 0.1137684 secs] 2694863K->2078500K(6209536K), 0.1139586 secs] [Times: user=0.62 sys=0.00, real=0.12 secs] 
2020-08-02T19:41:33.152+0800: 12559677.130: [GC (Allocation Failure) 2020-08-02T19:41:33.152+0800: 12559677.130: [ParNew: 737280K->81920K(737280K), 0.1002174 secs] 2733860K->2113362K(6209536K), 0.1003761 secs] [Times: user=0.61 sys=0.00, real=0.10 secs] 
2020-08-02T19:42:00.887+0800: 12559704.865: [GC (Allocation Failure) 2020-08-02T19:42:00.887+0800: 12559704.865: [ParNew: 737280K->81920K(737280K), 0.1076793 secs] 2768722K->2155989K(6209536K), 0.1078512 secs] [Times: user=0.66 sys=0.00, real=0.10 secs] 
2020-08-02T19:42:33.919+0800: 12559737.897: [GC (Allocation Failure) 2020-08-02T19:42:33.919+0800: 12559737.897: [ParNew: 737280K->81920K(737280K), 0.1234615 secs] 2811349K->2193645K(6209536K), 0.1236049 secs] [Times: user=0.67 sys=0.00, real=0.12 secs] 
2020-08-02T19:42:53.870+0800: 12559757.848: [GC (Allocation Failure) 2020-08-02T19:42:53.871+0800: 12559757.848: [ParNew: 737280K->81920K(737280K), 0.1028328 secs] 2849005K->2228184K(6209536K), 0.1030458 secs] [Times: user=0.71 sys=0.00, real=0.10 secs] 
2020-08-02T19:43:06.314+0800: 12559770.292: [GC (Allocation Failure) 2020-08-02T19:43:06.314+0800: 12559770.292: [ParNew: 737280K->78925K(737280K), 0.1670296 secs] 2883544K->2305504K(6209536K), 0.1671738 secs] [Times: user=0.84 sys=0.00, real=0.17 secs] 
2020-08-02T19:43:31.561+0800: 12559795.539: [GC (Allocation Failure) 2020-08-02T19:43:31.561+0800: 12559795.539: [ParNew: 734285K->64315K(737280K), 0.0866223 secs] 2960864K->2335350K(6209536K), 0.0867698 secs] [Times: user=0.58 sys=0.00, real=0.09 secs] 
2020-08-02T19:44:06.739+0800: 12559830.717: [GC (Allocation Failure) 2020-08-02T19:44:06.739+0800: 12559830.717: [ParNew: 719675K->81920K(737280K), 0.0882592 secs] 2990710K->2355751K(6209536K), 0.0884604 secs] [Times: user=0.48 sys=0.00, real=0.09 secs] 
2020-08-02T19:44:46.029+0800: 12559870.007: [GC (Allocation Failure) 2020-08-02T19:44:46.029+0800: 12559870.007: [ParNew: 737280K->81920K(737280K), 0.1085290 secs] 3011111K->2394909K(6209536K), 0.1087103 secs] [Times: user=0.67 sys=0.00, real=0.10 secs] 
2020-08-02T19:45:16.706+0800: 12559900.684: [GC (Allocation Failure) 2020-08-02T19:45:16.706+0800: 12559900.684: [ParNew: 737280K->81920K(737280K), 0.1287880 secs] 3050269K->2431341K(6209536K), 0.1289452 secs] [Times: user=0.80 sys=0.00, real=0.13 secs] 
2020-08-02T19:45:53.185+0800: 12559937.163: [GC (Allocation Failure) 2020-08-02T19:45:53.185+0800: 12559937.163: [ParNew: 737280K->81920K(737280K), 0.1138139 secs] 3086701K->2471528K(6209536K), 0.1139824 secs] [Times: user=0.66 sys=0.00, real=0.12 secs] 
2020-08-02T19:46:35.997+0800: 12559979.974: [GC (Allocation Failure) 2020-08-02T19:46:35.997+0800: 12559979.975: [ParNew: 737280K->81920K(737280K), 0.1049436 secs] 3126888K->2507547K(6209536K), 0.1051074 secs] [Times: user=0.71 sys=0.00, real=0.11 secs] 
2020-08-02T19:47:08.080+0800: 12560012.058: [GC (Allocation Failure) 2020-08-02T19:47:08.080+0800: 12560012.058: [ParNew: 737280K->75492K(737280K), 0.1214201 secs] 3162907K->2577441K(6209536K), 0.1215866 secs] [Times: user=0.76 sys=0.00, real=0.12 secs] 
2020-08-02T19:47:39.138+0800: 12560043.116: [GC (Allocation Failure) 2020-08-02T19:47:39.138+0800: 12560043.116: [ParNew: 730852K->47945K(737280K), 0.0781072 secs] 3232801K->2590372K(6209536K), 0.0783272 secs] [Times: user=0.47 sys=0.00, real=0.08 secs] 
2020-08-02T19:48:13.759+0800: 12560077.736: [GC (Allocation Failure) 2020-08-02T19:48:13.759+0800: 12560077.737: [ParNew: 703305K->79213K(737280K), 0.0512647 secs] 3245732K->2621641K(6209536K), 0.0514241 secs] [Times: user=0.36 sys=0.00, real=0.05 secs] 
2020-08-02T19:48:46.725+0800: 12560110.702: [GC (Allocation Failure) 2020-08-02T19:48:46.726+0800: 12560110.704: [ParNew: 734573K->81920K(737280K), 0.1016985 secs] 3277001K->2659570K(6209536K), 0.1029110 secs] [Times: user=0.57 sys=0.00, real=0.11 secs] 
2020-08-02T19:49:23.209+0800: 12560147.187: [GC (Allocation Failure) 2020-08-02T19:49:23.210+0800: 12560147.187: [ParNew: 737280K->81920K(737280K), 0.0975332 secs] 3314930K->2688593K(6209536K), 0.0976946 secs] [Times: user=0.64 sys=0.00, real=0.10 secs] 
2020-08-02T19:50:01.333+0800: 12560185.311: [GC (Allocation Failure) 2020-08-02T19:50:01.333+0800: 12560185.311: [ParNew: 737280K->81920K(737280K), 0.1031580 secs] 3343953K->2728603K(6209536K), 0.1033250 secs] [Times: user=0.69 sys=0.00, real=0.10 secs] 
2020-08-02T19:50:36.382+0800: 12560220.359: [GC (Allocation Failure) 2020-08-02T19:50:36.382+0800: 12560220.359: [ParNew: 737280K->81791K(737280K), 0.0869964 secs] 3383963K->2761811K(6209536K), 0.0871423 secs] [Times: user=0.58 sys=0.00, real=0.09 secs] 
2020-08-02T19:51:04.860+0800: 12560248.837: [GC (Allocation Failure) 2020-08-02T19:51:04.860+0800: 12560248.838: [ParNew: 737151K->81920K(737280K), 0.0952179 secs] 3417171K->2802232K(6209536K), 0.0953862 secs] [Times: user=0.59 sys=0.00, real=0.09 secs] 
2020-08-02T19:51:42.864+0800: 12560286.841: [GC (Allocation Failure) 2020-08-02T19:51:42.864+0800: 12560286.842: [ParNew: 737280K->81920K(737280K), 0.0882330 secs] 3457592K->2831897K(6209536K), 0.0883931 secs] [Times: user=0.57 sys=0.00, real=0.09 secs] 
2020-08-02T19:52:15.710+0800: 12560319.688: [GC (Allocation Failure) 2020-08-02T19:52:15.710+0800: 12560319.688: [ParNew: 737280K->81482K(737280K), 0.0831300 secs] 3487257K->2863813K(6209536K), 0.0833064 secs] [Times: user=0.52 sys=0.00, real=0.08 secs] 
2020-08-02T19:52:49.077+0800: 12560353.055: [GC (Allocation Failure) 2020-08-02T19:52:49.077+0800: 12560353.055: [ParNew: 736842K->81919K(737280K), 0.0944038 secs] 3519173K->2895408K(6209536K), 0.0945601 secs] [Times: user=0.55 sys=0.00, real=0.10 secs] 
2020-08-02T19:53:30.641+0800: 12560394.618: [GC (Allocation Failure) 2020-08-02T19:53:30.641+0800: 12560394.619: [ParNew: 737279K->81920K(737280K), 0.0896884 secs] 3550768K->2924569K(6209536K), 0.0898768 secs] [Times: user=0.60 sys=0.00, real=0.09 secs] 
2020-08-02T19:54:08.374+0800: 12560432.352: [GC (Allocation Failure) 2020-08-02T19:54:08.374+0800: 12560432.352: [ParNew: 737280K->81920K(737280K), 0.0878113 secs] 3579929K->2956680K(6209536K), 0.0879658 secs] [Times: user=0.60 sys=0.00, real=0.09 secs] 
2020-08-02T19:54:43.576+0800: 12560467.554: [GC (Allocation Failure) 2020-08-02T19:54:43.576+0800: 12560467.554: [ParNew: 737280K->81920K(737280K), 0.0879603 secs] 3612040K->2993166K(6209536K), 0.0881397 secs] [Times: user=0.60 sys=0.00, real=0.09 secs] 
2020-08-02T19:55:28.516+0800: 12560512.494: [GC (Allocation Failure) 2020-08-02T19:55:28.516+0800: 12560512.494: [ParNew: 737280K->81920K(737280K), 0.0906386 secs] 3648526K->3028643K(6209536K), 0.0908202 secs] [Times: user=0.57 sys=0.00, real=0.10 secs] 
2020-08-02T19:56:02.766+0800: 12560546.744: [GC (Allocation Failure) 2020-08-02T19:56:02.766+0800: 12560546.744: [ParNew: 737280K->81920K(737280K), 0.0848774 secs] 3684003K->3061018K(6209536K), 0.0850443 secs] [Times: user=0.56 sys=0.00, real=0.09 secs] 
2020-08-02T19:56:25.857+0800: 12560569.835: [GC (Allocation Failure) 2020-08-02T19:56:25.857+0800: 12560569.835: [ParNew: 737280K->81920K(737280K), 0.1023998 secs] 3716378K->3099258K(6209536K), 0.1025931 secs] [Times: user=0.52 sys=0.01, real=0.11 secs] 
2020-08-02T19:56:44.915+0800: 12560588.893: [GC (Allocation Failure) 2020-08-02T19:56:44.915+0800: 12560588.893: [ParNew: 737280K->81920K(737280K), 0.0900448 secs] 3754618K->3129701K(6209536K), 0.0902073 secs] [Times: user=0.56 sys=0.00, real=0.09 secs] 
2020-08-02T19:57:10.729+0800: 12560614.707: [GC (Allocation Failure) 2020-08-02T19:57:10.729+0800: 12560614.707: [ParNew: 737280K->74097K(737280K), 0.1205108 secs] 3785061K->3197627K(6209536K), 0.1206851 secs] [Times: user=0.73 sys=0.00, real=0.12 secs] 
2020-08-02T19:57:31.023+0800: 12560635.001: [GC (Allocation Failure) 2020-08-02T19:57:31.024+0800: 12560635.002: [ParNew: 729457K->81920K(737280K), 0.0847488 secs] 3852987K->3209224K(6209536K), 0.0856718 secs] [Times: user=0.47 sys=0.00, real=0.09 secs] 
2020-08-02T19:57:45.635+0800: 12560649.613: [GC (Allocation Failure) 2020-08-02T19:57:45.635+0800: 12560649.613: [ParNew: 737280K->81920K(737280K), 0.1021605 secs] 3864584K->3251082K(6209536K), 0.1023024 secs] [Times: user=0.68 sys=0.00, real=0.10 secs] 
2020-08-02T19:58:06.884+0800: 12560670.862: [GC (Allocation Failure) 2020-08-02T19:58:06.884+0800: 12560670.862: [ParNew: 737280K->76448K(737280K), 0.1283553 secs] 3906442K->3324495K(6209536K), 0.1285217 secs] [Times: user=0.73 sys=0.02, real=0.13 secs] 
2020-08-02T19:58:24.856+0800: 12560688.834: [GC (Allocation Failure) 2020-08-02T19:58:24.857+0800: 12560688.834: [ParNew: 731808K->61714K(737280K), 0.0842233 secs] 3979855K->3352153K(6209536K), 0.0843918 secs] [Times: user=0.52 sys=0.00, real=0.09 secs] 
2020-08-02T19:58:45.634+0800: 12560709.612: [GC (Allocation Failure) 2020-08-02T19:58:45.634+0800: 12560709.612: [ParNew: 717074K->69190K(737280K), 0.0978760 secs] 4007513K->3400205K(6209536K), 0.0980409 secs] [Times: user=0.56 sys=0.00, real=0.10 secs] 
2020-08-02T19:59:10.431+0800: 12560734.408: [GC (Allocation Failure) 2020-08-02T19:59:10.431+0800: 12560734.408: [ParNew: 724550K->69720K(737280K), 0.1027620 secs] 4055565K->3444375K(6209536K), 0.1029143 secs] [Times: user=0.56 sys=0.00, real=0.10 secs] 
2020-08-02T19:59:32.565+0800: 12560756.542: [GC (Allocation Failure) 2020-08-02T19:59:32.565+0800: 12560756.542: [ParNew: 725080K->52540K(737280K), 0.0893059 secs] 4099735K->3467990K(6209536K), 0.0895018 secs] [Times: user=0.52 sys=0.00, real=0.09 secs] 
2020-08-02T19:59:52.106+0800: 12560776.084: [GC (Allocation Failure) 2020-08-02T19:59:52.107+0800: 12560776.084: [ParNew: 707900K->53133K(737280K), 0.0848604 secs] 4123350K->3510348K(6209536K), 0.0850515 secs] [Times: user=0.52 sys=0.00, real=0.08 secs] 
2020-08-02T20:00:14.381+0800: 12560798.359: [GC (Allocation Failure) 2020-08-02T20:00:14.382+0800: 12560798.359: [ParNew: 708493K->81920K(737280K), 0.0680105 secs] 4165708K->3543812K(6209536K), 0.0681819 secs] [Times: user=0.46 sys=0.00, real=0.07 secs] 
2020-08-02T20:00:37.389+0800: 12560821.366: [GC (Allocation Failure) 2020-08-02T20:00:37.389+0800: 12560821.367: [ParNew: 737280K->81920K(737280K), 0.1072211 secs] 4199172K->3580927K(6209536K), 0.1073798 secs] [Times: user=0.71 sys=0.00, real=0.10 secs] 
2020-08-02T20:00:57.959+0800: 12560841.937: [GC (Allocation Failure) 2020-08-02T20:00:57.959+0800: 12560841.937: [ParNew: 737280K->81920K(737280K), 0.1151786 secs] 4236287K->3621862K(6209536K), 0.1153371 secs] [Times: user=0.71 sys=0.00, real=0.11 secs] 
2020-08-02T20:01:17.874+0800: 12560861.852: [GC (Allocation Failure) 2020-08-02T20:01:17.874+0800: 12560861.852: [ParNew: 737280K->81920K(737280K), 0.1063190 secs] 4277222K->3658980K(6209536K), 0.1064721 secs] [Times: user=0.70 sys=0.00, real=0.11 secs] 
2020-08-02T20:01:40.927+0800: 12560884.905: [GC (Allocation Failure) 2020-08-02T20:01:40.927+0800: 12560884.905: [ParNew: 737280K->81920K(737280K), 0.1000907 secs] 4314340K->3698672K(6209536K), 0.1002599 secs] [Times: user=0.70 sys=0.00, real=0.10 secs] 
2020-08-02T20:01:58.739+0800: 12560902.717: [GC (Allocation Failure) 2020-08-02T20:01:58.739+0800: 12560902.717: [ParNew: 737279K->81920K(737280K), 0.1033544 secs] 4354032K->3737404K(6209536K), 0.1035146 secs] [Times: user=0.66 sys=0.00, real=0.10 secs] 
2020-08-02T20:02:20.512+0800: 12560924.490: [GC (Allocation Failure) 2020-08-02T20:02:20.512+0800: 12560924.490: [ParNew: 737210K->81920K(737280K), 0.1215473 secs] 4392695K->3777413K(6209536K), 0.1217438 secs] [Times: user=0.68 sys=0.00, real=0.12 secs] 
2020-08-02T20:02:43.537+0800: 12560947.515: [GC (Allocation Failure) 2020-08-02T20:02:43.537+0800: 12560947.515: [ParNew: 737280K->81920K(737280K), 0.0923146 secs] 4432773K->3816274K(6209536K), 0.0924885 secs] [Times: user=0.60 sys=0.00, real=0.10 secs] 
2020-08-02T20:03:16.335+0800: 12560980.313: [GC (Allocation Failure) 2020-08-02T20:03:16.336+0800: 12560980.314: [ParNew: 737280K->80206K(737280K), 0.1354267 secs] 4471634K->3848911K(6209536K), 0.1368817 secs] [Times: user=0.63 sys=0.00, real=0.14 secs] 
2020-08-02T20:03:36.740+0800: 12561000.717: [GC (Allocation Failure) 2020-08-02T20:03:36.740+0800: 12561000.717: [ParNew: 735566K->81920K(737280K), 0.1072622 secs] 4504271K->3884784K(6209536K), 0.1074294 secs] [Times: user=0.55 sys=0.00, real=0.11 secs] 
2020-08-02T20:04:19.671+0800: 12561043.648: [GC (Allocation Failure) 2020-08-02T20:04:19.671+0800: 12561043.648: [ParNew: 737280K->81592K(737280K), 0.0972471 secs] 4540144K->3911678K(6209536K), 0.0974397 secs] [Times: user=0.58 sys=0.00, real=0.10 secs] 
2020-08-02T20:04:54.679+0800: 12561078.657: [GC (Allocation Failure) 2020-08-02T20:04:54.679+0800: 12561078.657: [ParNew: 736952K->81920K(737280K), 0.0950855 secs] 4567038K->3956505K(6209536K), 0.0952606 secs] [Times: user=0.53 sys=0.00, real=0.09 secs] 
2020-08-02T20:04:54.778+0800: 12561078.756: [GC (CMS Initial Mark) [1 CMS-initial-mark: 3874585K(5472256K)] 3965460K(6209536K), 0.0081055 secs] [Times: user=0.03 sys=0.01, real=0.02 secs] 
2020-08-02T20:04:54.787+0800: 12561078.765: [CMS-concurrent-mark-start]
2020-08-02T20:04:58.213+0800: 12561082.191: [CMS-concurrent-mark: 3.426/3.426 secs] [Times: user=7.27 sys=0.43, real=3.42 secs] 
2020-08-02T20:04:58.213+0800: 12561082.191: [CMS-concurrent-preclean-start]
2020-08-02T20:04:58.221+0800: 12561082.199: [CMS-concurrent-preclean: 0.008/0.008 secs] [Times: user=0.01 sys=0.01, real=0.01 secs] 
2020-08-02T20:04:58.221+0800: 12561082.199: [CMS-concurrent-abortable-preclean-start]
 CMS: abort preclean due to time 2020-08-02T20:05:03.317+0800: 12561087.295: [CMS-concurrent-abortable-preclean: 4.094/5.095 secs] [Times: user=4.68 sys=0.71, real=5.09 secs] 
2020-08-02T20:05:03.318+0800: 12561087.296: [GC (CMS Final Remark) [YG occupancy: 240614 K (737280 K)]2020-08-02T20:05:03.319+0800: 12561087.296: [Rescan (parallel) , 0.0292026 secs]2020-08-02T20:05:03.348+0800: 12561087.326: [weak refs processing, 0.0012986 secs]2020-08-02T20:05:03.349+0800: 12561087.327: [class unloading, 0.0249593 secs]2020-08-02T20:05:03.374+0800: 12561087.352: [scrub symbol table, 0.0070337 secs]2020-08-02T20:05:03.381+0800: 12561087.359: [scrub string table, 0.0008776 secs][1 CMS-remark: 3874585K(5472256K)] 4115199K(6209536K), 0.0637511 secs] [Times: user=0.19 sys=0.01, real=0.06 secs] 
2020-08-02T20:05:03.383+0800: 12561087.360: [CMS-concurrent-sweep-start]
2020-08-02T20:05:05.111+0800: 12561089.089: [CMS-concurrent-sweep: 1.729/1.729 secs] [Times: user=2.04 sys=0.39, real=1.73 secs] 
2020-08-02T20:05:05.112+0800: 12561089.089: [CMS-concurrent-reset-start]
2020-08-02T20:05:05.131+0800: 12561089.109: [CMS-concurrent-reset: 0.020/0.020 secs] [Times: user=0.02 sys=0.02, real=0.02 secs] 
2020-08-02T20:05:25.556+0800: 12561109.533: [GC (Allocation Failure) 2020-08-02T20:05:25.556+0800: 12561109.533: [ParNew: 737280K->81920K(737280K), 0.1032475 secs] 4415228K->3791820K(6209536K), 0.1034335 secs] [Times: user=0.58 sys=0.00, real=0.11 secs] 
2020-08-02T20:05:52.056+0800: 12561136.034: [GC (Allocation Failure) 2020-08-02T20:05:52.056+0800: 12561136.034: [ParNew: 737280K->81920K(737280K), 0.1173316 secs] 4447180K->3825106K(6209536K), 0.1175059 secs] [Times: user=0.60 sys=0.00, real=0.12 secs] 
2020-08-02T20:06:12.887+0800: 12561156.865: [GC (Allocation Failure) 2020-08-02T20:06:12.887+0800: 12561156.865: [ParNew: 737280K->81920K(737280K), 0.1103864 secs] 4480466K->3859329K(6209536K), 0.1105443 secs] [Times: user=0.67 sys=0.00, real=0.10 secs] 
2020-08-02T20:06:44.409+0800: 12561188.386: [GC (Allocation Failure) 2020-08-02T20:06:44.409+0800: 12561188.386: [ParNew: 737280K->81920K(737280K), 0.1015299 secs] 4514689K->3896717K(6209536K), 0.1017671 secs] [Times: user=0.70 sys=0.00, real=0.10 secs] 
2020-08-02T20:07:14.628+0800: 12561218.606: [GC (Allocation Failure) 2020-08-02T20:07:14.628+0800: 12561218.606: [ParNew: 737280K->81920K(737280K), 0.0961556 secs] 4552077K->3939050K(6209536K), 0.0963321 secs] [Times: user=0.63 sys=0.00, real=0.09 secs] 
2020-08-02T20:07:14.726+0800: 12561218.704: [GC (CMS Initial Mark) [1 CMS-initial-mark: 3857130K(5472256K)] 3939052K(6209536K), 0.0105725 secs] [Times: user=0.04 sys=0.00, real=0.01 secs] 
2020-08-02T20:07:14.736+0800: 12561218.714: [CMS-concurrent-mark-start]
2020-08-02T20:07:17.135+0800: 12561221.113: [CMS-concurrent-mark: 2.398/2.398 secs] [Times: user=5.13 sys=0.20, real=2.40 secs] 
2020-08-02T20:07:17.135+0800: 12561221.113: [CMS-concurrent-preclean-start]
2020-08-02T20:07:17.143+0800: 12561221.121: [CMS-concurrent-preclean: 0.008/0.008 secs] [Times: user=0.01 sys=0.01, real=0.01 secs] 
2020-08-02T20:07:17.143+0800: 12561221.121: [CMS-concurrent-abortable-preclean-start]
 CMS: abort preclean due to time 2020-08-02T20:07:22.156+0800: 12561226.133: [CMS-concurrent-abortable-preclean: 4.212/5.012 secs] [Times: user=4.88 sys=0.93, real=5.01 secs] 
2020-08-02T20:07:22.157+0800: 12561226.135: [GC (CMS Final Remark) [YG occupancy: 259342 K (737280 K)]2020-08-02T20:07:22.157+0800: 12561226.135: [Rescan (parallel) , 0.0173070 secs]2020-08-02T20:07:22.174+0800: 12561226.152: [weak refs processing, 0.0001300 secs]2020-08-02T20:07:22.174+0800: 12561226.152: [class unloading, 0.0169767 secs]2020-08-02T20:07:22.192+0800: 12561226.169: [scrub symbol table, 0.0063682 secs]2020-08-02T20:07:22.198+0800: 12561226.176: [scrub string table, 0.0008823 secs][1 CMS-remark: 3857130K(5472256K)] 4116472K(6209536K), 0.0418443 secs] [Times: user=0.15 sys=0.00, real=0.05 secs] 
2020-08-02T20:07:22.199+0800: 12561226.177: [CMS-concurrent-sweep-start]
2020-08-02T20:07:23.605+0800: 12561227.583: [CMS-concurrent-sweep: 1.406/1.406 secs] [Times: user=1.46 sys=0.17, real=1.40 secs] 
2020-08-02T20:07:23.605+0800: 12561227.583: [CMS-concurrent-reset-start]
2020-08-02T20:07:23.624+0800: 12561227.602: [CMS-concurrent-reset: 0.019/0.019 secs] [Times: user=0.02 sys=0.00, real=0.02 secs] 
2020-08-02T20:07:25.625+0800: 12561229.602: [GC (CMS Initial Mark) [1 CMS-initial-mark: 3831224K(5472256K)] 4161161K(6209536K), 0.0190766 secs] [Times: user=0.13 sys=0.00, real=0.02 secs] 
2020-08-02T20:07:25.644+0800: 12561229.622: [CMS-concurrent-mark-start]
2020-08-02T20:07:28.125+0800: 12561232.102: [CMS-concurrent-mark: 2.481/2.481 secs] [Times: user=5.34 sys=0.33, real=2.48 secs] 
2020-08-02T20:07:28.125+0800: 12561232.102: [CMS-concurrent-preclean-start]
2020-08-02T20:07:28.133+0800: 12561232.111: [CMS-concurrent-preclean: 0.008/0.008 secs] [Times: user=0.02 sys=0.00, real=0.01 secs] 
2020-08-02T20:07:28.133+0800: 12561232.111: [CMS-concurrent-abortable-preclean-start]
 CMS: abort preclean due to time 2020-08-02T20:07:33.408+0800: 12561237.386: [CMS-concurrent-abortable-preclean: 4.364/5.275 secs] [Times: user=4.94 sys=0.62, real=5.28 secs] 
2020-08-02T20:07:33.410+0800: 12561237.387: [GC (CMS Final Remark) [YG occupancy: 507488 K (737280 K)]2020-08-02T20:07:33.410+0800: 12561237.387: [Rescan (parallel) , 0.0304554 secs]2020-08-02T20:07:33.440+0800: 12561237.418: [weak refs processing, 0.0000381 secs]2020-08-02T20:07:33.440+0800: 12561237.418: [class unloading, 0.0169491 secs]2020-08-02T20:07:33.457+0800: 12561237.435: [scrub symbol table, 0.0060366 secs]2020-08-02T20:07:33.463+0800: 12561237.441: [scrub string table, 0.0008295 secs][1 CMS-remark: 3831224K(5472256K)] 4338713K(6209536K), 0.0544537 secs] [Times: user=0.27 sys=0.00, real=0.05 secs] 
2020-08-02T20:07:33.464+0800: 12561237.442: [CMS-concurrent-sweep-start]
2020-08-02T20:07:34.929+0800: 12561238.907: [CMS-concurrent-sweep: 1.465/1.465 secs] [Times: user=1.55 sys=0.22, real=1.47 secs] 
2020-08-02T20:07:34.929+0800: 12561238.907: [CMS-concurrent-reset-start]
2020-08-02T20:07:34.948+0800: 12561238.925: [CMS-concurrent-reset: 0.018/0.018 secs] [Times: user=0.02 sys=0.00, real=0.02 secs] 
2020-08-02T20:07:46.782+0800: 12561250.760: [GC (Allocation Failure) 2020-08-02T20:07:46.782+0800: 12561250.760: [ParNew: 737280K->81920K(737280K), 0.1019457 secs] 4566059K->3951076K(6209536K), 0.1021138 secs] [Times: user=0.56 sys=0.00, real=0.10 secs] 
2020-08-02T20:07:46.886+0800: 12561250.864: [GC (CMS Initial Mark) [1 CMS-initial-mark: 3869156K(5472256K)] 3960442K(6209536K), 0.0081505 secs] [Times: user=0.03 sys=0.00, real=0.01 secs] 
2020-08-02T20:07:46.894+0800: 12561250.872: [CMS-concurrent-mark-start]
2020-08-02T20:07:49.329+0800: 12561253.307: [CMS-concurrent-mark: 2.432/2.435 secs] [Times: user=5.25 sys=0.25, real=2.44 secs] 
2020-08-02T20:07:49.329+0800: 12561253.307: [CMS-concurrent-preclean-start]
2020-08-02T20:07:49.338+0800: 12561253.316: [CMS-concurrent-preclean: 0.009/0.009 secs] [Times: user=0.01 sys=0.00, real=0.00 secs] 
2020-08-02T20:07:49.338+0800: 12561253.316: [CMS-concurrent-abortable-preclean-start]
 CMS: abort preclean due to time 2020-08-02T20:07:54.478+0800: 12561258.456: [CMS-concurrent-abortable-preclean: 3.939/5.140 secs] [Times: user=4.56 sys=0.46, real=5.14 secs] 
2020-08-02T20:07:54.480+0800: 12561258.457: [GC (CMS Final Remark) [YG occupancy: 237952 K (737280 K)]2020-08-02T20:07:54.480+0800: 12561258.457: [Rescan (parallel) , 0.0189266 secs]2020-08-02T20:07:54.499+0800: 12561258.476: [weak refs processing, 0.0000544 secs]2020-08-02T20:07:54.499+0800: 12561258.476: [class unloading, 0.0176895 secs]2020-08-02T20:07:54.516+0800: 12561258.494: [scrub symbol table, 0.0067268 secs]2020-08-02T20:07:54.523+0800: 12561258.501: [scrub string table, 0.0008549 secs][1 CMS-remark: 3869156K(5472256K)] 4107108K(6209536K), 0.0443999 secs] [Times: user=0.14 sys=0.02, real=0.04 secs] 
2020-08-02T20:07:54.524+0800: 12561258.502: [CMS-concurrent-sweep-start]
2020-08-02T20:07:55.980+0800: 12561259.957: [CMS-concurrent-sweep: 1.455/1.455 secs] [Times: user=1.74 sys=0.13, real=1.46 secs] 
2020-08-02T20:07:55.980+0800: 12561259.957: [CMS-concurrent-reset-start]
2020-08-02T20:07:55.998+0800: 12561259.976: [CMS-concurrent-reset: 0.018/0.018 secs] [Times: user=0.02 sys=0.00, real=0.01 secs] 
2020-08-02T20:07:57.999+0800: 12561261.976: [GC (CMS Initial Mark) [1 CMS-initial-mark: 3867970K(5472256K)] 4180975K(6209536K), 0.0184992 secs] [Times: user=0.13 sys=0.00, real=0.01 secs] 
2020-08-02T20:07:58.017+0800: 12561261.995: [CMS-concurrent-mark-start]
2020-08-02T20:08:00.480+0800: 12561264.458: [CMS-concurrent-mark: 2.463/2.463 secs] [Times: user=5.42 sys=0.31, real=2.47 secs] 
2020-08-02T20:08:00.480+0800: 12561264.458: [CMS-concurrent-preclean-start]
2020-08-02T20:08:00.488+0800: 12561264.466: [CMS-concurrent-preclean: 0.008/0.008 secs] [Times: user=0.00 sys=0.00, real=0.01 secs] 
2020-08-02T20:08:00.488+0800: 12561264.466: [CMS-concurrent-abortable-preclean-start]
 CMS: abort preclean due to time 2020-08-02T20:08:05.726+0800: 12561269.703: [CMS-concurrent-abortable-preclean: 4.437/5.238 secs] [Times: user=5.32 sys=0.55, real=5.23 secs] 
2020-08-02T20:08:05.727+0800: 12561269.705: [GC (CMS Final Remark) [YG occupancy: 551640 K (737280 K)]2020-08-02T20:08:05.727+0800: 12561269.705: [Rescan (parallel) , 0.0391485 secs]2020-08-02T20:08:05.766+0800: 12561269.744: [weak refs processing, 0.0000389 secs]2020-08-02T20:08:05.766+0800: 12561269.744: [class unloading, 0.0169308 secs]2020-08-02T20:08:05.783+0800: 12561269.761: [scrub symbol table, 0.0060594 secs]2020-08-02T20:08:05.789+0800: 12561269.767: [scrub string table, 0.0008564 secs][1 CMS-remark: 3867970K(5472256K)] 4419610K(6209536K), 0.0631832 secs] [Times: user=0.28 sys=0.00, real=0.06 secs] 
2020-08-02T20:08:05.790+0800: 12561269.768: [CMS-concurrent-sweep-start]
2020-08-02T20:08:07.316+0800: 12561271.294: [CMS-concurrent-sweep: 1.526/1.526 secs] [Times: user=1.75 sys=0.17, real=1.52 secs] 
2020-08-02T20:08:07.316+0800: 12561271.294: [CMS-concurrent-reset-start]
2020-08-02T20:08:07.336+0800: 12561271.313: [CMS-concurrent-reset: 0.019/0.019 secs] [Times: user=0.03 sys=0.00, real=0.02 secs] 
2020-08-02T20:08:09.336+0800: 12561273.314: [GC (CMS Initial Mark) [1 CMS-initial-mark: 3862138K(5472256K)] 4488307K(6209536K), 0.0349294 secs] [Times: user=0.26 sys=0.00, real=0.04 secs] 
2020-08-02T20:08:09.371+0800: 12561273.349: [CMS-concurrent-mark-start]
2020-08-02T20:08:11.854+0800: 12561275.832: [CMS-concurrent-mark: 2.483/2.483 secs] [Times: user=5.46 sys=0.24, real=2.48 secs] 
2020-08-02T20:08:11.854+0800: 12561275.832: [CMS-concurrent-preclean-start]
2020-08-02T20:08:11.862+0800: 12561275.840: [CMS-concurrent-preclean: 0.008/0.008 secs] [Times: user=0.02 sys=0.00, real=0.01 secs] 
2020-08-02T20:08:11.863+0800: 12561275.840: [CMS-concurrent-abortable-preclean-start]
2020-08-02T20:08:13.290+0800: 12561277.268: [GC (Allocation Failure) 2020-08-02T20:08:13.290+0800: 12561277.268: [ParNew: 737280K->81920K(737280K), 0.0870603 secs] 4599418K->3981482K(6209536K), 0.0872121 secs] [Times: user=0.57 sys=0.00, real=0.08 secs] 
 CMS: abort preclean due to time 2020-08-02T20:08:16.892+0800: 12561280.870: [CMS-concurrent-abortable-preclean: 4.037/5.030 secs] [Times: user=5.24 sys=0.45, real=5.03 secs] 
2020-08-02T20:08:16.894+0800: 12561280.872: [GC (CMS Final Remark) [YG occupancy: 162164 K (737280 K)]2020-08-02T20:08:16.894+0800: 12561280.872: [Rescan (parallel) , 0.0116452 secs]2020-08-02T20:08:16.905+0800: 12561280.883: [weak refs processing, 0.0000356 secs]2020-08-02T20:08:16.906+0800: 12561280.883: [class unloading, 0.0170267 secs]2020-08-02T20:08:16.923+0800: 12561280.900: [scrub symbol table, 0.0062015 secs]2020-08-02T20:08:16.929+0800: 12561280.907: [scrub string table, 0.0008691 secs][1 CMS-remark: 3899562K(5472256K)] 4061726K(6209536K), 0.0359255 secs] [Times: user=0.12 sys=0.00, real=0.04 secs] 
2020-08-02T20:08:16.930+0800: 12561280.908: [CMS-concurrent-sweep-start]
2020-08-02T20:08:18.425+0800: 12561282.403: [CMS-concurrent-sweep: 1.495/1.495 secs] [Times: user=1.70 sys=0.15, real=1.49 secs] 
2020-08-02T20:08:18.425+0800: 12561282.403: [CMS-concurrent-reset-start]
2020-08-02T20:08:18.444+0800: 12561282.422: [CMS-concurrent-reset: 0.019/0.019 secs] [Times: user=0.02 sys=0.00, real=0.02 secs] 
2020-08-02T20:08:20.445+0800: 12561284.423: [GC (CMS Initial Mark) [1 CMS-initial-mark: 3899555K(5472256K)] 4168238K(6209536K), 0.0165280 secs] [Times: user=0.11 sys=0.00, real=0.02 secs] 
2020-08-02T20:08:20.462+0800: 12561284.440: [CMS-concurrent-mark-start]
2020-08-02T20:08:22.990+0800: 12561286.968: [CMS-concurrent-mark: 2.528/2.528 secs] [Times: user=5.67 sys=0.29, real=2.53 secs] 
2020-08-02T20:08:22.990+0800: 12561286.968: [CMS-concurrent-preclean-start]
2020-08-02T20:08:22.998+0800: 12561286.976: [CMS-concurrent-preclean: 0.008/0.008 secs] [Times: user=0.01 sys=0.00, real=0.00 secs] 
2020-08-02T20:08:22.998+0800: 12561286.976: [CMS-concurrent-abortable-preclean-start]
 CMS: abort preclean due to time 2020-08-02T20:08:28.049+0800: 12561292.026: [CMS-concurrent-abortable-preclean: 4.650/5.050 secs] [Times: user=5.43 sys=0.66, real=5.06 secs] 
2020-08-02T20:08:28.050+0800: 12561292.028: [GC (CMS Final Remark) [YG occupancy: 528662 K (737280 K)]2020-08-02T20:08:28.050+0800: 12561292.028: [Rescan (parallel) , 0.0329186 secs]2020-08-02T20:08:28.083+0800: 12561292.061: [weak refs processing, 0.0000511 secs]2020-08-02T20:08:28.083+0800: 12561292.061: [class unloading, 0.0172634 secs]2020-08-02T20:08:28.100+0800: 12561292.078: [scrub symbol table, 0.0061740 secs]2020-08-02T20:08:28.107+0800: 12561292.084: [scrub string table, 0.0008448 secs][1 CMS-remark: 3899555K(5472256K)] 4428218K(6209536K), 0.0574035 secs] [Times: user=0.29 sys=0.00, real=0.06 secs] 
2020-08-02T20:08:28.108+0800: 12561292.086: [CMS-concurrent-sweep-start]
2020-08-02T20:08:29.563+0800: 12561293.541: [CMS-concurrent-sweep: 1.452/1.455 secs] [Times: user=1.69 sys=0.21, real=1.45 secs] 
2020-08-02T20:08:29.563+0800: 12561293.541: [CMS-concurrent-reset-start]
2020-08-02T20:08:29.582+0800: 12561293.559: [CMS-concurrent-reset: 0.019/0.019 secs] [Times: user=0.02 sys=0.00, real=0.02 secs] 
2020-08-02T20:08:31.582+0800: 12561295.560: [GC (CMS Initial Mark) [1 CMS-initial-mark: 3898259K(5472256K)] 4510919K(6209536K), 0.0403705 secs] [Times: user=0.26 sys=0.00, real=0.04 secs] 
2020-08-02T20:08:31.623+0800: 12561295.600: [CMS-concurrent-mark-start]
2020-08-02T20:08:34.245+0800: 12561298.223: [CMS-concurrent-mark: 2.622/2.622 secs] [Times: user=5.69 sys=0.11, real=2.62 secs] 
2020-08-02T20:08:34.245+0800: 12561298.223: [CMS-concurrent-preclean-start]
2020-08-02T20:08:34.256+0800: 12561298.234: [CMS-concurrent-preclean: 0.011/0.011 secs] [Times: user=0.02 sys=0.00, real=0.01 secs] 
2020-08-02T20:08:34.256+0800: 12561298.234: [CMS-concurrent-abortable-preclean-start]
2020-08-02T20:08:37.367+0800: 12561301.345: [GC (Allocation Failure) 2020-08-02T20:08:37.367+0800: 12561301.345: [ParNew: 737280K->81920K(737280K), 0.0908086 secs] 4635539K->4010786K(6209536K), 0.0909712 secs] [Times: user=0.62 sys=0.00, real=0.08 secs] 
 CMS: abort preclean due to time 2020-08-02T20:08:39.672+0800: 12561303.650: [CMS-concurrent-abortable-preclean: 4.420/5.416 secs] [Times: user=5.88 sys=0.30, real=5.42 secs] 
2020-08-02T20:08:39.674+0800: 12561303.652: [GC (CMS Final Remark) [YG occupancy: 153252 K (737280 K)]2020-08-02T20:08:39.674+0800: 12561303.652: [Rescan (parallel) , 0.0261521 secs]2020-08-02T20:08:39.700+0800: 12561303.678: [weak refs processing, 0.0000452 secs]2020-08-02T20:08:39.700+0800: 12561303.678: [class unloading, 0.0177296 secs]2020-08-02T20:08:39.718+0800: 12561303.696: [scrub symbol table, 0.0061040 secs]2020-08-02T20:08:39.724+0800: 12561303.702: [scrub string table, 0.0008513 secs][1 CMS-remark: 3928866K(5472256K)] 4082119K(6209536K), 0.0510301 secs] [Times: user=0.17 sys=0.00, real=0.05 secs] 
2020-08-02T20:08:39.725+0800: 12561303.703: [CMS-concurrent-sweep-start]
2020-08-02T20:08:41.210+0800: 12561305.188: [CMS-concurrent-sweep: 1.485/1.485 secs] [Times: user=1.69 sys=0.12, real=1.49 secs] 
2020-08-02T20:08:41.210+0800: 12561305.188: [CMS-concurrent-reset-start]
2020-08-02T20:08:41.229+0800: 12561305.207: [CMS-concurrent-reset: 0.019/0.019 secs] [Times: user=0.02 sys=0.00, real=0.02 secs] 
2020-08-02T20:08:43.230+0800: 12561307.208: [GC (CMS Initial Mark) [1 CMS-initial-mark: 3928865K(5472256K)] 4193873K(6209536K), 0.0175547 secs] [Times: user=0.12 sys=0.00, real=0.02 secs] 
2020-08-02T20:08:43.247+0800: 12561307.225: [CMS-concurrent-mark-start]
2020-08-02T20:08:45.882+0800: 12561309.860: [CMS-concurrent-mark: 2.635/2.635 secs] [Times: user=5.87 sys=0.26, real=2.63 secs] 
2020-08-02T20:08:45.882+0800: 12561309.860: [CMS-concurrent-preclean-start]
2020-08-02T20:08:45.890+0800: 12561309.868: [CMS-concurrent-preclean: 0.008/0.008 secs] [Times: user=0.01 sys=0.00, real=0.01 secs] 
2020-08-02T20:08:45.890+0800: 12561309.868: [CMS-concurrent-abortable-preclean-start]
 CMS: abort preclean due to time 2020-08-02T20:08:51.117+0800: 12561315.095: [CMS-concurrent-abortable-preclean: 4.826/5.227 secs] [Times: user=5.80 sys=0.77, real=5.22 secs] 
2020-08-02T20:08:51.119+0800: 12561315.097: [GC (CMS Final Remark) [YG occupancy: 541957 K (737280 K)]2020-08-02T20:08:51.119+0800: 12561315.097: [Rescan (parallel) , 0.0590441 secs]2020-08-02T20:08:51.178+0800: 12561315.156: [weak refs processing, 0.0000558 secs]2020-08-02T20:08:51.178+0800: 12561315.156: [class unloading, 0.0188486 secs]2020-08-02T20:08:51.197+0800: 12561315.175: [scrub symbol table, 0.0061550 secs]2020-08-02T20:08:51.203+0800: 12561315.181: [scrub string table, 0.0008889 secs][1 CMS-remark: 3928865K(5472256K)] 4470822K(6209536K), 0.0851643 secs] [Times: user=0.37 sys=0.00, real=0.08 secs] 
2020-08-02T20:08:51.204+0800: 12561315.182: [CMS-concurrent-sweep-start]
2020-08-02T20:08:52.610+0800: 12561316.588: [CMS-concurrent-sweep: 1.406/1.406 secs] [Times: user=1.66 sys=0.27, real=1.41 secs] 
2020-08-02T20:08:52.610+0800: 12561316.588: [CMS-concurrent-reset-start]
2020-08-02T20:08:52.629+0800: 12561316.607: [CMS-concurrent-reset: 0.019/0.019 secs] [Times: user=0.01 sys=0.01, real=0.02 secs] 
2020-08-02T20:08:54.629+0800: 12561318.607: [GC (CMS Initial Mark) [1 CMS-initial-mark: 3927575K(5472256K)] 4619193K(6209536K), 0.0420890 secs] [Times: user=0.28 sys=0.00, real=0.04 secs] 
2020-08-02T20:08:54.672+0800: 12561318.649: [CMS-concurrent-mark-start]
2020-08-02T20:08:56.500+0800: 12561320.478: [GC (Allocation Failure) 2020-08-02T20:08:56.500+0800: 12561320.478: [ParNew: 737280K->81920K(737280K), 0.1183089 secs] 4664855K->4049054K(6209536K), 0.1184638 secs] [Times: user=0.69 sys=0.00, real=0.12 secs] 
2020-08-02T20:08:57.799+0800: 12561321.777: [CMS-concurrent-mark: 3.007/3.127 secs] [Times: user=6.94 sys=0.79, real=3.13 secs] 
2020-08-02T20:08:57.799+0800: 12561321.777: [CMS-concurrent-preclean-start]
2020-08-02T20:08:57.847+0800: 12561321.825: [CMS-concurrent-preclean: 0.046/0.048 secs] [Times: user=0.05 sys=0.01, real=0.05 secs] 
2020-08-02T20:08:57.847+0800: 12561321.825: [CMS-concurrent-abortable-preclean-start]
 CMS: abort preclean due to time 2020-08-02T20:09:04.823+0800: 12561328.801: [CMS-concurrent-abortable-preclean: 6.671/6.976 secs] [Times: user=5.14 sys=1.25, real=6.97 secs] 
2020-08-02T20:09:04.824+0800: 12561328.802: [GC (CMS Final Remark) [YG occupancy: 276803 K (737280 K)]2020-08-02T20:09:04.824+0800: 12561328.802: [Rescan (parallel) , 0.0185802 secs]2020-08-02T20:09:04.843+0800: 12561328.821: [weak refs processing, 0.0000393 secs]2020-08-02T20:09:04.843+0800: 12561328.821: [class unloading, 0.0170320 secs]2020-08-02T20:09:04.860+0800: 12561328.838: [scrub symbol table, 0.0062172 secs]2020-08-02T20:09:04.866+0800: 12561328.844: [scrub string table, 0.0008832 secs][1 CMS-remark: 3967134K(5472256K)] 4243937K(6209536K), 0.0429080 secs] [Times: user=0.18 sys=0.00, real=0.05 secs] 
2020-08-02T20:09:04.867+0800: 12561328.845: [CMS-concurrent-sweep-start]
2020-08-02T20:09:06.310+0800: 12561330.288: [CMS-concurrent-sweep: 1.443/1.443 secs] [Times: user=1.60 sys=0.22, real=1.44 secs] 
2020-08-02T20:09:06.310+0800: 12561330.288: [CMS-concurrent-reset-start]
2020-08-02T20:09:06.329+0800: 12561330.307: [CMS-concurrent-reset: 0.019/0.019 secs] [Times: user=0.02 sys=0.01, real=0.02 secs] 
2020-08-02T20:09:08.330+0800: 12561332.307: [GC (CMS Initial Mark) [1 CMS-initial-mark: 3967129K(5472256K)] 4308148K(6209536K), 0.0187121 secs] [Times: user=0.14 sys=0.00, real=0.02 secs] 
2020-08-02T20:09:08.348+0800: 12561332.326: [CMS-concurrent-mark-start]
2020-08-02T20:09:11.012+0800: 12561334.990: [CMS-concurrent-mark: 2.663/2.663 secs] [Times: user=5.72 sys=0.52, real=2.66 secs] 
2020-08-02T20:09:11.012+0800: 12561334.990: [CMS-concurrent-preclean-start]
2020-08-02T20:09:11.020+0800: 12561334.997: [CMS-concurrent-preclean: 0.008/0.008 secs] [Times: user=0.01 sys=0.00, real=0.01 secs] 
2020-08-02T20:09:11.020+0800: 12561334.997: [CMS-concurrent-abortable-preclean-start]
 CMS: abort preclean due to time 2020-08-02T20:09:16.125+0800: 12561340.103: [CMS-concurrent-abortable-preclean: 4.217/5.105 secs] [Times: user=4.97 sys=0.80, real=5.10 secs] 
2020-08-02T20:09:16.126+0800: 12561340.104: [GC (CMS Final Remark) [YG occupancy: 535268 K (737280 K)]2020-08-02T20:09:16.126+0800: 12561340.104: [Rescan (parallel) , 0.0376792 secs]2020-08-02T20:09:16.164+0800: 12561340.142: [weak refs processing, 0.0000453 secs]2020-08-02T20:09:16.164+0800: 12561340.142: [class unloading, 0.0178850 secs]2020-08-02T20:09:16.182+0800: 12561340.160: [scrub symbol table, 0.0061097 secs]2020-08-02T20:09:16.188+0800: 12561340.166: [scrub string table, 0.0008335 secs][1 CMS-remark: 3967129K(5472256K)] 4502398K(6209536K), 0.0627131 secs] [Times: user=0.32 sys=0.00, real=0.07 secs] 
2020-08-02T20:09:16.189+0800: 12561340.167: [CMS-concurrent-sweep-start]
2020-08-02T20:09:17.607+0800: 12561341.585: [CMS-concurrent-sweep: 1.418/1.418 secs] [Times: user=1.53 sys=0.12, real=1.42 secs] 
2020-08-02T20:09:17.607+0800: 12561341.585: [CMS-concurrent-reset-start]
2020-08-02T20:09:17.626+0800: 12561341.604: [CMS-concurrent-reset: 0.019/0.019 secs] [Times: user=0.02 sys=0.00, real=0.01 secs] 
2020-08-02T20:09:19.626+0800: 12561343.604: [GC (CMS Initial Mark) [1 CMS-initial-mark: 3964778K(5472256K)] 4582185K(6209536K), 0.0401481 secs] [Times: user=0.23 sys=0.00, real=0.04 secs] 
2020-08-02T20:09:19.667+0800: 12561343.644: [CMS-concurrent-mark-start]
2020-08-02T20:09:22.144+0800: 12561346.122: [CMS-concurrent-mark: 2.478/2.478 secs] [Times: user=5.49 sys=0.25, real=2.47 secs] 
2020-08-02T20:09:22.144+0800: 12561346.122: [CMS-concurrent-preclean-start]
2020-08-02T20:09:22.152+0800: 12561346.130: [CMS-concurrent-preclean: 0.008/0.008 secs] [Times: user=0.01 sys=0.00, real=0.01 secs] 
2020-08-02T20:09:22.152+0800: 12561346.130: [CMS-concurrent-abortable-preclean-start]
2020-08-02T20:09:22.693+0800: 12561346.671: [GC (Allocation Failure) 2020-08-02T20:09:22.693+0800: 12561346.671: [ParNew: 737280K->81920K(737280K), 0.0950770 secs] 4702058K->4085094K(6209536K), 0.0952268 secs] [Times: user=0.60 sys=0.00, real=0.10 secs] 
 CMS: abort preclean due to time 2020-08-02T20:09:27.217+0800: 12561351.195: [CMS-concurrent-abortable-preclean: 4.064/5.064 secs] [Times: user=5.51 sys=0.48, real=5.06 secs] 
2020-08-02T20:09:27.218+0800: 12561351.196: [GC (CMS Final Remark) [YG occupancy: 237460 K (737280 K)]2020-08-02T20:09:27.218+0800: 12561351.196: [Rescan (parallel) , 0.0167883 secs]2020-08-02T20:09:27.235+0800: 12561351.213: [weak refs processing, 0.0000356 secs]2020-08-02T20:09:27.235+0800: 12561351.213: [class unloading, 0.0170070 secs]2020-08-02T20:09:27.252+0800: 12561351.230: [scrub symbol table, 0.0060652 secs]2020-08-02T20:09:27.258+0800: 12561351.236: [scrub string table, 0.0008402 secs][1 CMS-remark: 4003174K(5472256K)] 4240634K(6209536K), 0.0408838 secs] [Times: user=0.15 sys=0.00, real=0.05 secs] 
2020-08-02T20:09:27.259+0800: 12561351.237: [CMS-concurrent-sweep-start]
2020-08-02T20:09:28.712+0800: 12561352.690: [CMS-concurrent-sweep: 1.445/1.453 secs] [Times: user=1.64 sys=0.10, real=1.45 secs] 
2020-08-02T20:09:28.712+0800: 12561352.690: [CMS-concurrent-reset-start]
2020-08-02T20:09:28.731+0800: 12561352.709: [CMS-concurrent-reset: 0.019/0.019 secs] [Times: user=0.01 sys=0.00, real=0.02 secs] 
2020-08-02T20:09:30.732+0800: 12561354.709: [GC (CMS Initial Mark) [1 CMS-initial-mark: 4003154K(5472256K)] 4334971K(6209536K), 0.0212423 secs] [Times: user=0.13 sys=0.00, real=0.02 secs] 
2020-08-02T20:09:30.753+0800: 12561354.731: [CMS-concurrent-mark-start]
2020-08-02T20:09:33.517+0800: 12561357.495: [CMS-concurrent-mark: 2.764/2.764 secs] [Times: user=5.90 sys=0.09, real=2.76 secs] 
2020-08-02T20:09:33.517+0800: 12561357.495: [CMS-concurrent-preclean-start]
2020-08-02T20:09:33.526+0800: 12561357.504: [CMS-concurrent-preclean: 0.008/0.008 secs] [Times: user=0.01 sys=0.00, real=0.01 secs] 
2020-08-02T20:09:33.526+0800: 12561357.504: [CMS-concurrent-abortable-preclean-start]
 CMS: abort preclean due to time 2020-08-02T20:09:38.811+0800: 12561362.789: [CMS-concurrent-abortable-preclean: 4.184/5.285 secs] [Times: user=5.02 sys=0.50, real=5.29 secs] 
2020-08-02T20:09:38.812+0800: 12561362.790: [GC (CMS Final Remark) [YG occupancy: 543973 K (737280 K)]2020-08-02T20:09:38.812+0800: 12561362.790: [Rescan (parallel) , 0.0484302 secs]2020-08-02T20:09:38.861+0800: 12561362.839: [weak refs processing, 0.0000528 secs]2020-08-02T20:09:38.861+0800: 12561362.839: [class unloading, 0.0177317 secs]2020-08-02T20:09:38.879+0800: 12561362.856: [scrub symbol table, 0.0063072 secs]2020-08-02T20:09:38.885+0800: 12561362.863: [scrub string table, 0.0008468 secs][1 CMS-remark: 4003154K(5472256K)] 4547128K(6209536K), 0.0735207 secs] [Times: user=0.38 sys=0.00, real=0.07 secs] 
2020-08-02T20:09:38.886+0800: 12561362.864: [CMS-concurrent-sweep-start]
2020-08-02T20:09:40.358+0800: 12561364.335: [CMS-concurrent-sweep: 1.471/1.471 secs] [Times: user=1.75 sys=0.19, real=1.47 secs] 
2020-08-02T20:09:40.358+0800: 12561364.335: [CMS-concurrent-reset-start]
2020-08-02T20:09:40.377+0800: 12561364.355: [CMS-concurrent-reset: 0.020/0.020 secs] [Times: user=0.03 sys=0.00, real=0.02 secs] 
2020-08-02T20:09:42.378+0800: 12561366.356: [GC (CMS Initial Mark) [1 CMS-initial-mark: 3998591K(5472256K)] 4734576K(6209536K), 0.0431582 secs] [Times: user=0.30 sys=0.00, real=0.05 secs] 
2020-08-02T20:09:42.421+0800: 12561366.399: [CMS-concurrent-mark-start]
2020-08-02T20:09:42.449+0800: 12561366.427: [GC (Allocation Failure) 2020-08-02T20:09:42.449+0800: 12561366.427: [ParNew: 737280K->81920K(737280K), 0.1051679 secs] 4735871K->4117605K(6209536K), 0.1053264 secs] [Times: user=0.69 sys=0.00, real=0.10 secs] 
2020-08-02T20:09:45.077+0800: 12561369.054: [CMS-concurrent-mark: 2.546/2.655 secs] [Times: user=6.35 sys=0.21, real=2.65 secs] 
2020-08-02T20:09:45.077+0800: 12561369.055: [CMS-concurrent-preclean-start]
2020-08-02T20:09:45.128+0800: 12561369.105: [CMS-concurrent-preclean: 0.049/0.051 secs] [Times: user=0.06 sys=0.01, real=0.06 secs] 
2020-08-02T20:09:45.128+0800: 12561369.106: [CMS-concurrent-abortable-preclean-start]
 CMS: abort preclean due to time 2020-08-02T20:09:50.398+0800: 12561374.376: [CMS-concurrent-abortable-preclean: 4.470/5.271 secs] [Times: user=5.25 sys=0.52, real=5.27 secs] 
2020-08-02T20:09:50.400+0800: 12561374.378: [GC (CMS Final Remark) [YG occupancy: 342238 K (737280 K)]2020-08-02T20:09:50.400+0800: 12561374.378: [Rescan (parallel) , 0.0278074 secs]2020-08-02T20:09:50.428+0800: 12561374.406: [weak refs processing, 0.0000555 secs]2020-08-02T20:09:50.428+0800: 12561374.406: [class unloading, 0.0191947 secs]2020-08-02T20:09:50.447+0800: 12561374.425: [scrub symbol table, 0.0077656 secs]2020-08-02T20:09:50.455+0800: 12561374.433: [scrub string table, 0.0011293 secs][1 CMS-remark: 4035685K(5472256K)] 4377924K(6209536K), 0.0561350 secs] [Times: user=0.22 sys=0.00, real=0.05 secs] 
2020-08-02T20:09:50.456+0800: 12561374.434: [CMS-concurrent-sweep-start]
2020-08-02T20:09:51.929+0800: 12561375.907: [CMS-concurrent-sweep: 1.472/1.472 secs] [Times: user=1.77 sys=0.19, real=1.48 secs] 
2020-08-02T20:09:51.929+0800: 12561375.907: [CMS-concurrent-reset-start]
2020-08-02T20:09:51.948+0800: 12561375.926: [CMS-concurrent-reset: 0.019/0.019 secs] [Times: user=0.03 sys=0.00, real=0.02 secs] 
2020-08-02T20:09:53.949+0800: 12561377.927: [GC (CMS Initial Mark) [1 CMS-initial-mark: 4035679K(5472256K)] 4512757K(6209536K), 0.0260686 secs] [Times: user=0.19 sys=0.01, real=0.02 secs] 
2020-08-02T20:09:53.975+0800: 12561377.953: [CMS-concurrent-mark-start]
2020-08-02T20:09:57.737+0800: 12561381.715: [CMS-concurrent-mark: 3.762/3.762 secs] [Times: user=7.98 sys=0.55, real=3.76 secs] 
2020-08-02T20:09:57.738+0800: 12561381.715: [CMS-concurrent-preclean-start]
2020-08-02T20:09:57.746+0800: 12561381.724: [CMS-concurrent-preclean: 0.008/0.008 secs] [Times: user=0.01 sys=0.01, real=0.01 secs] 
2020-08-02T20:09:57.746+0800: 12561381.724: [CMS-concurrent-abortable-preclean-start]
 CMS: abort preclean due to time 2020-08-02T20:10:03.023+0800: 12561387.001: [CMS-concurrent-abortable-preclean: 5.177/5.277 secs] [Times: user=6.11 sys=0.79, real=5.28 secs] 
2020-08-02T20:10:03.025+0800: 12561387.003: [GC (CMS Final Remark) [YG occupancy: 707611 K (737280 K)]2020-08-02T20:10:03.025+0800: 12561387.003: [Rescan (parallel) , 0.0593551 secs]2020-08-02T20:10:03.084+0800: 12561387.062: [weak refs processing, 0.0000502 secs]2020-08-02T20:10:03.084+0800: 12561387.062: [class unloading, 0.0241718 secs]2020-08-02T20:10:03.109+0800: 12561387.086: [scrub symbol table, 0.0070179 secs]2020-08-02T20:10:03.116+0800: 12561387.093: [scrub string table, 0.0008883 secs][1 CMS-remark: 4035679K(5472256K)] 4743291K(6209536K), 0.0917003 secs] [Times: user=0.36 sys=0.00, real=0.09 secs] 
2020-08-02T20:10:03.118+0800: 12561387.096: [CMS-concurrent-sweep-start]
2020-08-02T20:10:04.409+0800: 12561388.387: [GC (Allocation Failure) 2020-08-02T20:10:04.409+0800: 12561388.387: [ParNew: 737280K->81920K(737280K), 0.0967579 secs] 4772505K->4150254K(6209536K), 0.0969162 secs] [Times: user=0.57 sys=0.00, real=0.09 secs] 
2020-08-02T20:10:04.725+0800: 12561388.702: [CMS-concurrent-sweep: 1.508/1.607 secs] [Times: user=2.32 sys=0.13, real=1.61 secs] 
2020-08-02T20:10:04.725+0800: 12561388.702: [CMS-concurrent-reset-start]
2020-08-02T20:10:04.743+0800: 12561388.721: [CMS-concurrent-reset: 0.019/0.019 secs] [Times: user=0.02 sys=0.00, real=0.02 secs] 
2020-08-02T20:10:06.744+0800: 12561390.722: [GC (CMS Initial Mark) [1 CMS-initial-mark: 4067780K(5472256K)] 4223543K(6209536K), 0.0114729 secs] [Times: user=0.07 sys=0.00, real=0.01 secs] 
2020-08-02T20:10:06.755+0800: 12561390.733: [CMS-concurrent-mark-start]
2020-08-02T20:10:10.421+0800: 12561394.399: [CMS-concurrent-mark: 3.666/3.666 secs] [Times: user=8.03 sys=0.32, real=3.67 secs] 
2020-08-02T20:10:10.421+0800: 12561394.399: [CMS-concurrent-preclean-start]
2020-08-02T20:10:10.430+0800: 12561394.408: [CMS-concurrent-preclean: 0.008/0.009 secs] [Times: user=0.01 sys=0.01, real=0.01 secs] 
2020-08-02T20:10:10.430+0800: 12561394.408: [CMS-concurrent-abortable-preclean-start]
 CMS: abort preclean due to time 2020-08-02T20:10:15.517+0800: 12561399.495: [CMS-concurrent-abortable-preclean: 4.186/5.087 secs] [Times: user=4.81 sys=0.37, real=5.08 secs] 
2020-08-02T20:10:15.523+0800: 12561399.501: [GC (CMS Final Remark) [YG occupancy: 399910 K (737280 K)]2020-08-02T20:10:15.523+0800: 12561399.501: [Rescan (parallel) , 0.0353479 secs]2020-08-02T20:10:15.559+0800: 12561399.537: [weak refs processing, 0.0000359 secs]2020-08-02T20:10:15.559+0800: 12561399.537: [class unloading, 0.0171401 secs]2020-08-02T20:10:15.576+0800: 12561399.554: [scrub symbol table, 0.0061690 secs]2020-08-02T20:10:15.582+0800: 12561399.560: [scrub string table, 0.0009711 secs][1 CMS-remark: 4067780K(5472256K)] 4467690K(6209536K), 0.0598205 secs] [Times: user=0.22 sys=0.01, real=0.06 secs] 
2020-08-02T20:10:15.583+0800: 12561399.561: [CMS-concurrent-sweep-start]
2020-08-02T20:10:17.174+0800: 12561401.151: [CMS-concurrent-sweep: 1.590/1.590 secs] [Times: user=1.94 sys=0.26, real=1.59 secs] 
2020-08-02T20:10:17.174+0800: 12561401.152: [CMS-concurrent-reset-start]
2020-08-02T20:10:17.194+0800: 12561401.172: [CMS-concurrent-reset: 0.020/0.020 secs] [Times: user=0.02 sys=0.00, real=0.02 secs] 
2020-08-02T20:10:19.195+0800: 12561403.173: [GC (CMS Initial Mark) [1 CMS-initial-mark: 4065880K(5472256K)] 4613608K(6209536K), 0.0305185 secs] [Times: user=0.22 sys=0.00, real=0.03 secs] 
2020-08-02T20:10:19.225+0800: 12561403.203: [CMS-concurrent-mark-start]
2020-08-02T20:10:21.921+0800: 12561405.899: [CMS-concurrent-mark: 2.696/2.696 secs] [Times: user=5.90 sys=0.52, real=2.70 secs] 
2020-08-02T20:10:21.921+0800: 12561405.899: [CMS-concurrent-preclean-start]
2020-08-02T20:10:21.929+0800: 12561405.907: [CMS-concurrent-preclean: 0.008/0.008 secs] [Times: user=0.00 sys=0.00, real=0.01 secs] 
2020-08-02T20:10:21.929+0800: 12561405.907: [CMS-concurrent-abortable-preclean-start]
2020-08-02T20:10:24.396+0800: 12561408.373: [GC (Allocation Failure) 2020-08-02T20:10:24.396+0800: 12561408.374: [ParNew: 737280K->81920K(737280K), 0.1078659 secs] 4803160K->4185584K(6209536K), 0.1080211 secs] [Times: user=0.68 sys=0.00, real=0.11 secs] 
 CMS: abort preclean due to time 2020-08-02T20:10:27.036+0800: 12561411.014: [CMS-concurrent-abortable-preclean: 4.095/5.107 secs] [Times: user=5.50 sys=0.47, real=5.10 secs] 
2020-08-02T20:10:27.038+0800: 12561411.016: [GC (CMS Final Remark) [YG occupancy: 150732 K (737280 K)]2020-08-02T20:10:27.038+0800: 12561411.016: [Rescan (parallel) , 0.0118193 secs]2020-08-02T20:10:27.050+0800: 12561411.028: [weak refs processing, 0.0000481 secs]2020-08-02T20:10:27.050+0800: 12561411.028: [class unloading, 0.0184106 secs]2020-08-02T20:10:27.068+0800: 12561411.046: [scrub symbol table, 0.0066040 secs]2020-08-02T20:10:27.075+0800: 12561411.053: [scrub string table, 0.0010152 secs][1 CMS-remark: 4103664K(5472256K)] 4254397K(6209536K), 0.0380679 secs] [Times: user=0.12 sys=0.00, real=0.04 secs] 
2020-08-02T20:10:27.076+0800: 12561411.054: [CMS-concurrent-sweep-start]
2020-08-02T20:10:28.558+0800: 12561412.536: [CMS-concurrent-sweep: 1.482/1.482 secs] [Times: user=1.65 sys=0.06, real=1.48 secs] 
2020-08-02T20:10:28.558+0800: 12561412.536: [CMS-concurrent-reset-start]
2020-08-02T20:10:28.576+0800: 12561412.554: [CMS-concurrent-reset: 0.018/0.018 secs] [Times: user=0.02 sys=0.00, real=0.02 secs] 
2020-08-02T20:10:30.578+0800: 12561414.556: [GC (CMS Initial Mark) [1 CMS-initial-mark: 4103283K(5472256K)] 4336286K(6209536K), 0.0142558 secs] [Times: user=0.11 sys=0.00, real=0.02 secs] 
2020-08-02T20:10:30.592+0800: 12561414.570: [CMS-concurrent-mark-start]
2020-08-02T20:10:34.166+0800: 12561418.143: [CMS-concurrent-mark: 3.570/3.573 secs] [Times: user=7.84 sys=0.32, real=3.57 secs] 
2020-08-02T20:10:34.166+0800: 12561418.143: [CMS-concurrent-preclean-start]
2020-08-02T20:10:34.175+0800: 12561418.153: [CMS-concurrent-preclean: 0.009/0.009 secs] [Times: user=0.01 sys=0.00, real=0.01 secs] 
2020-08-02T20:10:34.175+0800: 12561418.153: [CMS-concurrent-abortable-preclean-start]
 CMS: abort preclean due to time 2020-08-02T20:10:39.302+0800: 12561423.280: [CMS-concurrent-abortable-preclean: 4.226/5.127 secs] [Times: user=4.87 sys=0.44, real=5.13 secs] 
2020-08-02T20:10:39.303+0800: 12561423.281: [GC (CMS Final Remark) [YG occupancy: 491903 K (737280 K)]2020-08-02T20:10:39.303+0800: 12561423.281: [Rescan (parallel) , 0.0333836 secs]2020-08-02T20:10:39.337+0800: 12561423.315: [weak refs processing, 0.0000430 secs]2020-08-02T20:10:39.337+0800: 12561423.315: [class unloading, 0.0168465 secs]2020-08-02T20:10:39.354+0800: 12561423.332: [scrub symbol table, 0.0060657 secs]2020-08-02T20:10:39.360+0800: 12561423.338: [scrub string table, 0.0008207 secs][1 CMS-remark: 4103283K(5472256K)] 4595187K(6209536K), 0.0573012 secs] [Times: user=0.27 sys=0.00, real=0.06 secs] 
2020-08-02T20:10:39.361+0800: 12561423.339: [CMS-concurrent-sweep-start]
2020-08-02T20:10:40.885+0800: 12561424.863: [CMS-concurrent-sweep: 1.524/1.524 secs] [Times: user=1.79 sys=0.13, real=1.52 secs] 
2020-08-02T20:10:40.885+0800: 12561424.863: [CMS-concurrent-reset-start]
2020-08-02T20:10:40.904+0800: 12561424.882: [CMS-concurrent-reset: 0.019/0.019 secs] [Times: user=0.03 sys=0.00, real=0.02 secs] 
2020-08-02T20:10:42.905+0800: 12561426.883: [GC (CMS Initial Mark) [1 CMS-initial-mark: 4101438K(5472256K)] 4689939K(6209536K), 0.0324960 secs] [Times: user=0.25 sys=0.00, real=0.03 secs] 
2020-08-02T20:10:42.938+0800: 12561426.915: [CMS-concurrent-mark-start]
2020-08-02T20:10:45.373+0800: 12561429.351: [CMS-concurrent-mark: 2.432/2.435 secs] [Times: user=5.25 sys=0.13, real=2.44 secs] 
2020-08-02T20:10:45.373+0800: 12561429.351: [CMS-concurrent-preclean-start]
2020-08-02T20:10:45.383+0800: 12561429.361: [CMS-concurrent-preclean: 0.010/0.010 secs] [Times: user=0.02 sys=0.00, real=0.01 secs] 
2020-08-02T20:10:45.383+0800: 12561429.361: [CMS-concurrent-abortable-preclean-start]
2020-08-02T20:10:48.190+0800: 12561432.168: [GC (Allocation Failure) 2020-08-02T20:10:48.190+0800: 12561432.168: [ParNew2020-08-02T20:10:48.214+0800: 12561432.192: [CMS-concurrent-abortable-preclean: 2.330/2.831 secs] [Times: user=2.93 sys=0.29, real=2.83 secs] 
: 737280K->81920K(737280K), 0.0992145 secs] 4838718K->4215715K(6209536K), 0.0994151 secs] [Times: user=0.65 sys=0.01, real=0.10 secs] 
2020-08-02T20:10:48.291+0800: 12561432.269: [GC (CMS Final Remark) [YG occupancy: 82108 K (737280 K)]2020-08-02T20:10:48.291+0800: 12561432.269: [Rescan (parallel) , 0.0152164 secs]2020-08-02T20:10:48.306+0800: 12561432.284: [weak refs processing, 0.0000405 secs]2020-08-02T20:10:48.306+0800: 12561432.284: [class unloading, 0.0173228 secs]2020-08-02T20:10:48.323+0800: 12561432.301: [scrub symbol table, 0.0061061 secs]2020-08-02T20:10:48.329+0800: 12561432.307: [scrub string table, 0.0008582 secs][1 CMS-remark: 4133795K(5472256K)] 4215904K(6209536K), 0.0396968 secs] [Times: user=0.14 sys=0.00, real=0.04 secs] 
2020-08-02T20:10:48.331+0800: 12561432.308: [CMS-concurrent-sweep-start]
2020-08-02T20:10:49.840+0800: 12561433.818: [CMS-concurrent-sweep: 1.508/1.509 secs] [Times: user=1.69 sys=0.11, real=1.51 secs] 
2020-08-02T20:10:49.840+0800: 12561433.818: [CMS-concurrent-reset-start]
2020-08-02T20:10:49.859+0800: 12561433.837: [CMS-concurrent-reset: 0.019/0.019 secs] [Times: user=0.02 sys=0.01, real=0.02 secs] 
2020-08-02T20:10:51.860+0800: 12561435.837: [GC (CMS Initial Mark) [1 CMS-initial-mark: 4133497K(5472256K)] 4334160K(6209536K), 0.0131493 secs] [Times: user=0.09 sys=0.01, real=0.01 secs] 
2020-08-02T20:10:51.873+0800: 12561435.851: [CMS-concurrent-mark-start]
2020-08-02T20:10:54.515+0800: 12561438.493: [CMS-concurrent-mark: 2.642/2.642 secs] [Times: user=5.81 sys=0.32, real=2.64 secs] 
2020-08-02T20:10:54.515+0800: 12561438.493: [CMS-concurrent-preclean-start]
2020-08-02T20:10:54.523+0800: 12561438.501: [CMS-concurrent-preclean: 0.008/0.008 secs] [Times: user=0.01 sys=0.00, real=0.01 secs] 
2020-08-02T20:10:54.523+0800: 12561438.501: [CMS-concurrent-abortable-preclean-start]
 CMS: abort preclean due to time 2020-08-02T20:10:59.792+0800: 12561443.770: [CMS-concurrent-abortable-preclean: 4.468/5.269 secs] [Times: user=5.26 sys=0.58, real=5.27 secs] 
2020-08-02T20:10:59.794+0800: 12561443.772: [GC (CMS Final Remark) [YG occupancy: 469423 K (737280 K)]2020-08-02T20:10:59.794+0800: 12561443.772: [Rescan (parallel) , 0.0337575 secs]2020-08-02T20:10:59.828+0800: 12561443.805: [weak refs processing, 0.0000765 secs]2020-08-02T20:10:59.828+0800: 12561443.806: [class unloading, 0.0172163 secs]2020-08-02T20:10:59.845+0800: 12561443.823: [scrub symbol table, 0.0063789 secs]2020-08-02T20:10:59.851+0800: 12561443.829: [scrub string table, 0.0008768 secs][1 CMS-remark: 4133497K(5472256K)] 4602920K(6209536K), 0.0584827 secs] [Times: user=0.25 sys=0.00, real=0.06 secs] 
2020-08-02T20:10:59.852+0800: 12561443.830: [CMS-concurrent-sweep-start]
2020-08-02T20:11:01.334+0800: 12561445.311: [CMS-concurrent-sweep: 1.481/1.481 secs] [Times: user=1.68 sys=0.09, real=1.48 secs] 
2020-08-02T20:11:01.334+0800: 12561445.312: [CMS-concurrent-reset-start]
2020-08-02T20:11:01.352+0800: 12561445.330: [CMS-concurrent-reset: 0.018/0.018 secs] [Times: user=0.02 sys=0.00, real=0.02 secs] 
2020-08-02T20:11:03.353+0800: 12561447.331: [GC (CMS Initial Mark) [1 CMS-initial-mark: 4131688K(5472256K)] 4709870K(6209536K), 0.0314268 secs] [Times: user=0.24 sys=0.00, real=0.03 secs] 
2020-08-02T20:11:03.384+0800: 12561447.362: [CMS-concurrent-mark-start]
2020-08-02T20:11:05.995+0800: 12561449.972: [CMS-concurrent-mark: 2.608/2.610 secs] [Times: user=5.68 sys=0.20, real=2.61 secs] 
2020-08-02T20:11:05.995+0800: 12561449.972: [CMS-concurrent-preclean-start]
2020-08-02T20:11:06.003+0800: 12561449.980: [CMS-concurrent-preclean: 0.008/0.008 secs] [Times: user=0.01 sys=0.00, real=0.01 secs] 
2020-08-02T20:11:06.003+0800: 12561449.981: [CMS-concurrent-abortable-preclean-start]
2020-08-02T20:11:10.531+0800: 12561454.509: [GC (Allocation Failure) 2020-08-02T20:11:10.531+0800: 12561454.509: [ParNew: 737280K->81920K(737280K), 0.1065680 secs] 4868968K->4255990K(6209536K), 0.1067280 secs] [Times: user=0.64 sys=0.00, real=0.10 secs] 
 CMS: abort preclean due to time 2020-08-02T20:11:11.228+0800: 12561455.206: [CMS-concurrent-abortable-preclean: 4.313/5.225 secs] [Times: user=5.51 sys=0.31, real=5.23 secs] 
2020-08-02T20:11:11.229+0800: 12561455.207: [GC (CMS Final Remark) [YG occupancy: 107492 K (737280 K)]2020-08-02T20:11:11.229+0800: 12561455.207: [Rescan (parallel) , 0.0146224 secs]2020-08-02T20:11:11.244+0800: 12561455.222: [weak refs processing, 0.0000361 secs]2020-08-02T20:11:11.244+0800: 12561455.222: [class unloading, 0.0173117 secs]2020-08-02T20:11:11.261+0800: 12561455.239: [scrub symbol table, 0.0061850 secs]2020-08-02T20:11:11.268+0800: 12561455.246: [scrub string table, 0.0008744 secs][1 CMS-remark: 4174070K(5472256K)] 4281563K(6209536K), 0.0391774 secs] [Times: user=0.14 sys=0.00, real=0.04 secs] 
2020-08-02T20:11:11.269+0800: 12561455.247: [CMS-concurrent-sweep-start]
2020-08-02T20:11:12.751+0800: 12561456.729: [CMS-concurrent-sweep: 1.482/1.482 secs] [Times: user=1.71 sys=0.11, real=1.48 secs] 
2020-08-02T20:11:12.751+0800: 12561456.729: [CMS-concurrent-reset-start]
2020-08-02T20:11:12.769+0800: 12561456.747: [CMS-concurrent-reset: 0.018/0.018 secs] [Times: user=0.01 sys=0.01, real=0.02 secs] 
2020-08-02T20:11:14.770+0800: 12561458.748: [GC (CMS Initial Mark) [1 CMS-initial-mark: 4173990K(5472256K)] 4376114K(6209536K), 0.0133972 secs] [Times: user=0.09 sys=0.00, real=0.01 secs] 
2020-08-02T20:11:14.784+0800: 12561458.761: [CMS-concurrent-mark-start]
2020-08-02T20:11:17.410+0800: 12561461.388: [CMS-concurrent-mark: 2.626/2.626 secs] [Times: user=5.76 sys=0.43, real=2.63 secs] 
2020-08-02T20:11:17.410+0800: 12561461.388: [CMS-concurrent-preclean-start]
2020-08-02T20:11:17.418+0800: 12561461.396: [CMS-concurrent-preclean: 0.008/0.008 secs] [Times: user=0.01 sys=0.01, real=0.00 secs] 
2020-08-02T20:11:17.418+0800: 12561461.396: [CMS-concurrent-abortable-preclean-start]
 CMS: abort preclean due to time 2020-08-02T20:11:22.437+0800: 12561466.415: [CMS-concurrent-abortable-preclean: 4.419/5.019 secs] [Times: user=5.13 sys=0.66, real=5.02 secs] 
2020-08-02T20:11:22.439+0800: 12561466.417: [GC (CMS Final Remark) [YG occupancy: 430236 K (737280 K)]2020-08-02T20:11:22.439+0800: 12561466.417: [Rescan (parallel) , 0.0266125 secs]2020-08-02T20:11:22.466+0800: 12561466.444: [weak refs processing, 0.0000608 secs]2020-08-02T20:11:22.466+0800: 12561466.444: [class unloading, 0.0168530 secs]2020-08-02T20:11:22.483+0800: 12561466.461: [scrub symbol table, 0.0061401 secs]2020-08-02T20:11:22.489+0800: 12561466.467: [scrub string table, 0.0008914 secs][1 CMS-remark: 4173990K(5472256K)] 4604226K(6209536K), 0.0507052 secs] [Times: user=0.23 sys=0.01, real=0.05 secs] 
2020-08-02T20:11:22.490+0800: 12561466.468: [CMS-concurrent-sweep-start]
2020-08-02T20:11:23.999+0800: 12561467.976: [CMS-concurrent-sweep: 1.509/1.509 secs] [Times: user=1.67 sys=0.09, real=1.51 secs] 
2020-08-02T20:11:23.999+0800: 12561467.976: [CMS-concurrent-reset-start]
2020-08-02T20:11:24.017+0800: 12561467.995: [CMS-concurrent-reset: 0.019/0.019 secs] [Times: user=0.01 sys=0.01, real=0.01 secs] 
2020-08-02T20:11:26.018+0800: 12561469.996: [GC (CMS Initial Mark) [1 CMS-initial-mark: 4170931K(5472256K)] 4645639K(6209536K), 0.0268398 secs] [Times: user=0.20 sys=0.00, real=0.03 secs] 
2020-08-02T20:11:26.045+0800: 12561470.023: [CMS-concurrent-mark-start]
2020-08-02T20:11:28.572+0800: 12561472.550: [CMS-concurrent-mark: 2.527/2.527 secs] [Times: user=5.43 sys=0.09, real=2.53 secs] 
2020-08-02T20:11:28.572+0800: 12561472.550: [CMS-concurrent-preclean-start]
2020-08-02T20:11:28.580+0800: 12561472.558: [CMS-concurrent-preclean: 0.008/0.008 secs] [Times: user=0.01 sys=0.00, real=0.01 secs] 
2020-08-02T20:11:28.580+0800: 12561472.558: [CMS-concurrent-abortable-preclean-start]
 CMS: abort preclean due to time 2020-08-02T20:11:33.673+0800: 12561477.650: [CMS-concurrent-abortable-preclean: 4.462/5.093 secs] [Times: user=5.23 sys=0.59, real=5.09 secs] 
2020-08-02T20:11:33.674+0800: 12561477.652: [GC (CMS Final Remark) [YG occupancy: 714595 K (737280 K)]2020-08-02T20:11:33.674+0800: 12561477.652: [Rescan (parallel) , 0.0640215 secs]2020-08-02T20:11:33.738+0800: 12561477.716: [weak refs processing, 0.0000332 secs]2020-08-02T20:11:33.738+0800: 12561477.716: [class unloading, 0.0174808 secs]2020-08-02T20:11:33.756+0800: 12561477.733: [scrub symbol table, 0.0061853 secs]2020-08-02T20:11:33.762+0800: 12561477.740: [scrub string table, 0.0008503 secs][1 CMS-remark: 4170931K(5472256K)] 4885527K(6209536K), 0.0887094 secs] [Times: user=0.41 sys=0.00, real=0.09 secs] 
2020-08-02T20:11:33.763+0800: 12561477.741: [CMS-concurrent-sweep-start]
2020-08-02T20:11:34.420+0800: 12561478.398: [GC (Allocation Failure) 2020-08-02T20:11:34.420+0800: 12561478.398: [ParNew: 737280K->81920K(737280K), 0.0927572 secs] 4908199K->4286750K(6209536K), 0.0929158 secs] [Times: user=0.64 sys=0.00, real=0.09 secs] 
2020-08-02T20:11:35.372+0800: 12561479.350: [CMS-concurrent-sweep: 1.513/1.609 secs] [Times: user=2.47 sys=0.20, real=1.61 secs] 
2020-08-02T20:11:35.372+0800: 12561479.350: [CMS-concurrent-reset-start]
2020-08-02T20:11:35.391+0800: 12561479.369: [CMS-concurrent-reset: 0.019/0.019 secs] [Times: user=0.02 sys=0.00, real=0.02 secs] 
2020-08-02T20:11:37.392+0800: 12561481.370: [GC (CMS Initial Mark) [1 CMS-initial-mark: 4204568K(5472256K)] 4411374K(6209536K), 0.0129226 secs] [Times: user=0.09 sys=0.00, real=0.01 secs] 
2020-08-02T20:11:37.406+0800: 12561481.383: [CMS-concurrent-mark-start]
2020-08-02T20:11:39.991+0800: 12561483.968: [CMS-concurrent-mark: 2.585/2.585 secs] [Times: user=5.71 sys=0.27, real=2.59 secs] 
2020-08-02T20:11:39.991+0800: 12561483.969: [CMS-concurrent-preclean-start]
2020-08-02T20:11:39.998+0800: 12561483.976: [CMS-concurrent-preclean: 0.007/0.007 secs] [Times: user=0.00 sys=0.00, real=0.00 secs] 
2020-08-02T20:11:39.998+0800: 12561483.976: [CMS-concurrent-abortable-preclean-start]
 CMS: abort preclean due to time 2020-08-02T20:11:45.251+0800: 12561489.229: [CMS-concurrent-abortable-preclean: 4.650/5.253 secs] [Times: user=5.60 sys=0.89, real=5.26 secs] 
2020-08-02T20:11:45.252+0800: 12561489.230: [GC (CMS Final Remark) [YG occupancy: 490174 K (737280 K)]2020-08-02T20:11:45.252+0800: 12561489.230: [Rescan (parallel) , 0.0413394 secs]2020-08-02T20:11:45.294+0800: 12561489.271: [weak refs processing, 0.0000620 secs]2020-08-02T20:11:45.294+0800: 12561489.272: [class unloading, 0.0170333 secs]2020-08-02T20:11:45.311+0800: 12561489.289: [scrub symbol table, 0.0059762 secs]2020-08-02T20:11:45.317+0800: 12561489.295: [scrub string table, 0.0008396 secs][1 CMS-remark: 4204568K(5472256K)] 4694743K(6209536K), 0.0654039 secs] [Times: user=0.30 sys=0.00, real=0.06 secs] 
2020-08-02T20:11:45.318+0800: 12561489.296: [CMS-concurrent-sweep-start]
2020-08-02T20:11:46.841+0800: 12561490.818: [CMS-concurrent-sweep: 1.523/1.523 secs] [Times: user=1.77 sys=0.19, real=1.53 secs] 
2020-08-02T20:11:46.841+0800: 12561490.819: [CMS-concurrent-reset-start]
2020-08-02T20:11:46.859+0800: 12561490.837: [CMS-concurrent-reset: 0.019/0.019 secs] [Times: user=0.02 sys=0.00, real=0.02 secs] 
2020-08-02T20:11:48.860+0800: 12561492.838: [GC (CMS Initial Mark) [1 CMS-initial-mark: 4202530K(5472256K)] 4831294K(6209536K), 0.0445678 secs] [Times: user=0.27 sys=0.00, real=0.04 secs] 
2020-08-02T20:11:48.905+0800: 12561492.883: [CMS-concurrent-mark-start]
2020-08-02T20:11:52.396+0800: 12561496.374: [GC (Allocation Failure) 2020-08-02T20:11:52.396+0800: 12561496.374: [ParNew: 737280K->81920K(737280K), 0.0997405 secs] 4939810K->4321043K(6209536K), 0.0999039 secs] [Times: user=0.63 sys=0.00, real=0.10 secs] 
2020-08-02T20:11:52.732+0800: 12561496.710: [CMS-concurrent-mark: 3.726/3.828 secs] [Times: user=8.81 sys=0.42, real=3.83 secs] 
2020-08-02T20:11:52.733+0800: 12561496.710: [CMS-concurrent-preclean-start]
2020-08-02T20:11:52.774+0800: 12561496.751: [CMS-concurrent-preclean: 0.040/0.041 secs] [Times: user=0.05 sys=0.00, real=0.04 secs] 
2020-08-02T20:11:52.774+0800: 12561496.751: [CMS-concurrent-abortable-preclean-start]
 CMS: abort preclean due to time 2020-08-02T20:11:58.023+0800: 12561502.000: [CMS-concurrent-abortable-preclean: 4.548/5.249 secs] [Times: user=5.24 sys=0.75, real=5.25 secs] 
2020-08-02T20:11:58.024+0800: 12561502.002: [GC (CMS Final Remark) [YG occupancy: 238944 K (737280 K)]2020-08-02T20:11:58.024+0800: 12561502.002: [Rescan (parallel) , 0.0259743 secs]2020-08-02T20:11:58.050+0800: 12561502.028: [weak refs processing, 0.0000367 secs]2020-08-02T20:11:58.050+0800: 12561502.028: [class unloading, 0.0176539 secs]2020-08-02T20:11:58.068+0800: 12561502.046: [scrub symbol table, 0.0063565 secs]2020-08-02T20:11:58.074+0800: 12561502.052: [scrub string table, 0.0009164 secs][1 CMS-remark: 4239123K(5472256K)] 4478068K(6209536K), 0.0511055 secs] [Times: user=0.20 sys=0.01, real=0.05 secs] 
2020-08-02T20:11:58.075+0800: 12561502.053: [CMS-concurrent-sweep-start]
2020-08-02T20:11:59.648+0800: 12561503.626: [CMS-concurrent-sweep: 1.573/1.573 secs] [Times: user=1.86 sys=0.32, real=1.58 secs] 
2020-08-02T20:11:59.648+0800: 12561503.626: [CMS-concurrent-reset-start]
2020-08-02T20:11:59.668+0800: 12561503.645: [CMS-concurrent-reset: 0.019/0.019 secs] [Times: user=0.02 sys=0.00, real=0.02 secs] 
2020-08-02T20:12:01.668+0800: 12561505.646: [GC (CMS Initial Mark) [1 CMS-initial-mark: 4239111K(5472256K)] 4612770K(6209536K), 0.0231121 secs] [Times: user=0.16 sys=0.00, real=0.02 secs] 
2020-08-02T20:12:01.691+0800: 12561505.669: [CMS-concurrent-mark-start]
2020-08-02T20:12:06.813+0800: 12561510.791: [CMS-concurrent-mark: 5.122/5.122 secs] [Times: user=6.16 sys=0.40, real=5.12 secs] 
2020-08-02T20:12:06.814+0800: 12561510.791: [CMS-concurrent-preclean-start]
2020-08-02T20:12:06.824+0800: 12561510.801: [CMS-concurrent-preclean: 0.010/0.010 secs] [Times: user=0.01 sys=0.01, real=0.01 secs] 
2020-08-02T20:12:06.824+0800: 12561510.801: [CMS-concurrent-abortable-preclean-start]
 CMS: abort preclean due to time 2020-08-02T20:12:11.993+0800: 12561515.971: [CMS-concurrent-abortable-preclean: 4.369/5.170 secs] [Times: user=5.21 sys=0.99, real=5.17 secs] 
2020-08-02T20:12:11.995+0800: 12561515.973: [GC (CMS Final Remark) [YG occupancy: 632581 K (737280 K)]2020-08-02T20:12:11.995+0800: 12561515.973: [Rescan (parallel) , 0.0393876 secs]2020-08-02T20:12:12.034+0800: 12561516.012: [weak refs processing, 0.0000473 secs]2020-08-02T20:12:12.034+0800: 12561516.012: [class unloading, 0.0171252 secs]2020-08-02T20:12:12.051+0800: 12561516.029: [scrub symbol table, 0.0067696 secs]2020-08-02T20:12:12.058+0800: 12561516.036: [scrub string table, 0.0008703 secs][1 CMS-remark: 4239111K(5472256K)] 4871693K(6209536K), 0.0643745 secs] [Times: user=0.34 sys=0.01, real=0.07 secs] 
2020-08-02T20:12:12.059+0800: 12561516.037: [CMS-concurrent-sweep-start]
2020-08-02T20:12:13.620+0800: 12561517.598: [CMS-concurrent-sweep: 1.561/1.561 secs] [Times: user=1.77 sys=0.21, real=1.56 secs] 
2020-08-02T20:12:13.620+0800: 12561517.598: [CMS-concurrent-reset-start]
2020-08-02T20:12:13.638+0800: 12561517.616: [CMS-concurrent-reset: 0.018/0.018 secs] [Times: user=0.01 sys=0.01, real=0.01 secs] 
2020-08-02T20:12:15.639+0800: 12561519.617: [GC (CMS Initial Mark) [1 CMS-initial-mark: 4237171K(5472256K)] 4962622K(6209536K), 0.0437081 secs] [Times: user=0.30 sys=0.00, real=0.04 secs] 
2020-08-02T20:12:15.683+0800: 12561519.661: [CMS-concurrent-mark-start]
2020-08-02T20:12:15.852+0800: 12561519.830: [GC (Allocation Failure) 2020-08-02T20:12:15.852+0800: 12561519.830: [ParNew: 737280K->81920K(737280K), 0.0991080 secs] 4974451K->4357220K(6209536K), 0.0992793 secs] [Times: user=0.68 sys=0.00, real=0.10 secs] 
2020-08-02T20:12:18.522+0800: 12561522.500: [CMS-concurrent-mark: 2.738/2.839 secs] [Times: user=6.59 sys=0.36, real=2.84 secs] 
2020-08-02T20:12:18.522+0800: 12561522.500: [CMS-concurrent-preclean-start]
2020-08-02T20:12:18.560+0800: 12561522.538: [CMS-concurrent-preclean: 0.037/0.038 secs] [Times: user=0.04 sys=0.00, real=0.04 secs] 
2020-08-02T20:12:18.560+0800: 12561522.538: [CMS-concurrent-abortable-preclean-start]
 CMS: abort preclean due to time 2020-08-02T20:12:23.835+0800: 12561527.813: [CMS-concurrent-abortable-preclean: 4.774/5.275 secs] [Times: user=5.59 sys=0.61, real=5.27 secs] 
2020-08-02T20:12:23.836+0800: 12561527.814: [GC (CMS Final Remark) [YG occupancy: 260732 K (737280 K)]2020-08-02T20:12:23.836+0800: 12561527.814: [Rescan (parallel) , 0.0188738 secs]2020-08-02T20:12:23.855+0800: 12561527.833: [weak refs processing, 0.0000354 secs]2020-08-02T20:12:23.855+0800: 12561527.833: [class unloading, 0.0177583 secs]2020-08-02T20:12:23.873+0800: 12561527.851: [scrub symbol table, 0.0063307 secs]2020-08-02T20:12:23.879+0800: 12561527.857: [scrub string table, 0.0009565 secs][1 CMS-remark: 4275300K(5472256K)] 4536033K(6209536K), 0.0441065 secs] [Times: user=0.17 sys=0.00, real=0.05 secs] 
2020-08-02T20:12:23.881+0800: 12561527.858: [CMS-concurrent-sweep-start]
2020-08-02T20:12:25.429+0800: 12561529.407: [CMS-concurrent-sweep: 1.548/1.548 secs] [Times: user=1.71 sys=0.15, real=1.55 secs] 
2020-08-02T20:12:25.429+0800: 12561529.407: [CMS-concurrent-reset-start]
2020-08-02T20:12:25.448+0800: 12561529.426: [CMS-concurrent-reset: 0.019/0.019 secs] [Times: user=0.02 sys=0.01, real=0.02 secs] 
2020-08-02T20:12:27.448+0800: 12561531.426: [GC (CMS Initial Mark) [1 CMS-initial-mark: 4275158K(5472256K)] 4610194K(6209536K), 0.0197791 secs] [Times: user=0.15 sys=0.00, real=0.02 secs] 
2020-08-02T20:12:27.468+0800: 12561531.446: [CMS-concurrent-mark-start]
2020-08-02T20:12:31.352+0800: 12561535.330: [CMS-concurrent-mark: 3.880/3.884 secs] [Times: user=8.23 sys=0.14, real=3.88 secs] 
2020-08-02T20:12:31.352+0800: 12561535.330: [CMS-concurrent-preclean-start]
2020-08-02T20:12:31.360+0800: 12561535.338: [CMS-concurrent-preclean: 0.008/0.008 secs] [Times: user=0.01 sys=0.00, real=0.01 secs] 
2020-08-02T20:12:31.361+0800: 12561535.338: [CMS-concurrent-abortable-preclean-start]
 CMS: abort preclean due to time 2020-08-02T20:12:36.529+0800: 12561540.507: [CMS-concurrent-abortable-preclean: 4.568/5.169 secs] [Times: user=5.22 sys=0.43, real=5.17 secs] 
2020-08-02T20:12:36.531+0800: 12561540.509: [GC (CMS Final Remark) [YG occupancy: 518741 K (737280 K)]2020-08-02T20:12:36.531+0800: 12561540.509: [Rescan (parallel) , 0.0427676 secs]2020-08-02T20:12:36.574+0800: 12561540.552: [weak refs processing, 0.0000596 secs]2020-08-02T20:12:36.574+0800: 12561540.552: [class unloading, 0.0185851 secs]2020-08-02T20:12:36.592+0800: 12561540.570: [scrub symbol table, 0.0063435 secs]2020-08-02T20:12:36.599+0800: 12561540.577: [scrub string table, 0.0009293 secs][1 CMS-remark: 4275158K(5472256K)] 4793900K(6209536K), 0.0688677 secs] [Times: user=0.28 sys=0.00, real=0.07 secs] 
2020-08-02T20:12:36.600+0800: 12561540.578: [CMS-concurrent-sweep-start]
2020-08-02T20:12:38.159+0800: 12561542.137: [CMS-concurrent-sweep: 1.559/1.559 secs] [Times: user=1.75 sys=0.14, real=1.56 secs] 
2020-08-02T20:12:38.159+0800: 12561542.137: [CMS-concurrent-reset-start]
2020-08-02T20:12:38.178+0800: 12561542.155: [CMS-concurrent-reset: 0.018/0.018 secs] [Times: user=0.02 sys=0.00, real=0.01 secs] 
2020-08-02T20:12:40.178+0800: 12561544.156: [GC (CMS Initial Mark) [1 CMS-initial-mark: 4272926K(5472256K)] 4870541K(6209536K), 0.0346529 secs] [Times: user=0.26 sys=0.00, real=0.04 secs] 
2020-08-02T20:12:40.213+0800: 12561544.191: [CMS-concurrent-mark-start]
2020-08-02T20:12:42.773+0800: 12561546.751: [CMS-concurrent-mark: 2.560/2.560 secs] [Times: user=5.67 sys=0.21, real=2.56 secs] 
2020-08-02T20:12:42.773+0800: 12561546.751: [CMS-concurrent-preclean-start]
2020-08-02T20:12:42.782+0800: 12561546.759: [CMS-concurrent-preclean: 0.008/0.008 secs] [Times: user=0.01 sys=0.00, real=0.01 secs] 
2020-08-02T20:12:42.782+0800: 12561546.760: [CMS-concurrent-abortable-preclean-start]
2020-08-02T20:12:44.939+0800: 12561548.917: [GC (Allocation Failure) 2020-08-02T20:12:44.939+0800: 12561548.917: [ParNew: 737280K->81920K(737280K), 0.1271591 secs] 5010206K->4394472K(6209536K), 0.1273475 secs] [Times: user=0.72 sys=0.00, real=0.13 secs] 
 CMS: abort preclean due to time 2020-08-02T20:12:47.968+0800: 12561551.946: [CMS-concurrent-abortable-preclean: 4.053/5.187 secs] [Times: user=5.14 sys=0.35, real=5.19 secs] 
2020-08-02T20:12:47.970+0800: 12561551.948: [GC (CMS Final Remark) [YG occupancy: 110221 K (737280 K)]2020-08-02T20:12:47.970+0800: 12561551.948: [Rescan (parallel) , 0.0131608 secs]2020-08-02T20:12:47.983+0800: 12561551.961: [weak refs processing, 0.0000393 secs]2020-08-02T20:12:47.983+0800: 12561551.961: [class unloading, 0.0168722 secs]2020-08-02T20:12:48.000+0800: 12561551.978: [scrub symbol table, 0.0060871 secs]2020-08-02T20:12:48.006+0800: 12561551.984: [scrub string table, 0.0008743 secs][1 CMS-remark: 4312552K(5472256K)] 4422773K(6209536K), 0.0371785 secs] [Times: user=0.12 sys=0.00, real=0.04 secs] 
2020-08-02T20:12:48.007+0800: 12561551.985: [CMS-concurrent-sweep-start]
2020-08-02T20:12:49.545+0800: 12561553.523: [CMS-concurrent-sweep: 1.538/1.538 secs] [Times: user=1.65 sys=0.05, real=1.53 secs] 
2020-08-02T20:12:49.545+0800: 12561553.523: [CMS-concurrent-reset-start]
2020-08-02T20:12:49.564+0800: 12561553.542: [CMS-concurrent-reset: 0.018/0.018 secs] [Times: user=0.02 sys=0.00, real=0.02 secs] 
2020-08-02T20:12:51.564+0800: 12561555.542: [GC (CMS Initial Mark) [1 CMS-initial-mark: 4312471K(5472256K)] 4462762K(6209536K), 0.0105245 secs] [Times: user=0.07 sys=0.00, real=0.01 secs] 
2020-08-02T20:12:51.575+0800: 12561555.553: [CMS-concurrent-mark-start]
2020-08-02T20:12:54.171+0800: 12561558.149: [CMS-concurrent-mark: 2.596/2.596 secs] [Times: user=5.50 sys=0.10, real=2.60 secs] 
2020-08-02T20:12:54.172+0800: 12561558.149: [CMS-concurrent-preclean-start]
2020-08-02T20:12:54.180+0800: 12561558.158: [CMS-concurrent-preclean: 0.008/0.009 secs] [Times: user=0.01 sys=0.00, real=0.01 secs] 
2020-08-02T20:12:54.180+0800: 12561558.158: [CMS-concurrent-abortable-preclean-start]
 CMS: abort preclean due to time 2020-08-02T20:12:59.473+0800: 12561563.451: [CMS-concurrent-abortable-preclean: 3.991/5.293 secs] [Times: user=4.50 sys=0.38, real=5.29 secs] 
2020-08-02T20:12:59.474+0800: 12561563.452: [GC (CMS Final Remark) [YG occupancy: 259829 K (737280 K)]2020-08-02T20:12:59.474+0800: 12561563.452: [Rescan (parallel) , 0.0188558 secs]2020-08-02T20:12:59.493+0800: 12561563.471: [weak refs processing, 0.0000464 secs]2020-08-02T20:12:59.493+0800: 12561563.471: [class unloading, 0.0170998 secs]2020-08-02T20:12:59.510+0800: 12561563.488: [scrub symbol table, 0.0061596 secs]2020-08-02T20:12:59.516+0800: 12561563.494: [scrub string table, 0.0008487 secs][1 CMS-remark: 4312471K(5472256K)] 4572301K(6209536K), 0.0431746 secs] [Times: user=0.17 sys=0.00, real=0.04 secs] 
2020-08-02T20:12:59.518+0800: 12561563.495: [CMS-concurrent-sweep-start]
2020-08-02T20:13:01.080+0800: 12561565.058: [CMS-concurrent-sweep: 1.562/1.562 secs] [Times: user=1.77 sys=0.10, real=1.57 secs] 
2020-08-02T20:13:01.080+0800: 12561565.058: [CMS-concurrent-reset-start]
2020-08-02T20:13:01.099+0800: 12561565.076: [CMS-concurrent-reset: 0.019/0.019 secs] [Times: user=0.02 sys=0.00, real=0.02 secs] 
2020-08-02T20:13:03.100+0800: 12561567.078: [GC (CMS Initial Mark) [1 CMS-initial-mark: 4310066K(5472256K)] 4618145K(6209536K), 0.0195161 secs] [Times: user=0.14 sys=0.00, real=0.02 secs] 
2020-08-02T20:13:03.119+0800: 12561567.097: [CMS-concurrent-mark-start]
2020-08-02T20:13:05.672+0800: 12561569.650: [CMS-concurrent-mark: 2.553/2.553 secs] [Times: user=5.40 sys=0.16, real=2.55 secs] 
2020-08-02T20:13:05.673+0800: 12561569.650: [CMS-concurrent-preclean-start]
2020-08-02T20:13:05.681+0800: 12561569.659: [CMS-concurrent-preclean: 0.009/0.009 secs] [Times: user=0.01 sys=0.00, real=0.01 secs] 
2020-08-02T20:13:05.681+0800: 12561569.659: [CMS-concurrent-abortable-preclean-start]
 CMS: abort preclean due to time 2020-08-02T20:13:10.761+0800: 12561574.739: [CMS-concurrent-abortable-preclean: 3.978/5.080 secs] [Times: user=4.52 sys=0.37, real=5.08 secs] 
2020-08-02T20:13:10.763+0800: 12561574.741: [GC (CMS Final Remark) [YG occupancy: 435534 K (737280 K)]2020-08-02T20:13:10.763+0800: 12561574.741: [Rescan (parallel) , 0.0315892 secs]2020-08-02T20:13:10.794+0800: 12561574.772: [weak refs processing, 0.0000462 secs]2020-08-02T20:13:10.794+0800: 12561574.772: [class unloading, 0.0172323 secs]2020-08-02T20:13:10.812+0800: 12561574.790: [scrub symbol table, 0.0060746 secs]2020-08-02T20:13:10.818+0800: 12561574.796: [scrub string table, 0.0009032 secs][1 CMS-remark: 4310066K(5472256K)] 4745600K(6209536K), 0.0560351 secs] [Times: user=0.24 sys=0.01, real=0.06 secs] 
2020-08-02T20:13:10.819+0800: 12561574.797: [CMS-concurrent-sweep-start]
2020-08-02T20:13:12.380+0800: 12561576.358: [CMS-concurrent-sweep: 1.561/1.561 secs] [Times: user=1.66 sys=0.07, real=1.56 secs] 
2020-08-02T20:13:12.380+0800: 12561576.358: [CMS-concurrent-reset-start]
2020-08-02T20:13:12.399+0800: 12561576.377: [CMS-concurrent-reset: 0.018/0.018 secs] [Times: user=0.02 sys=0.00, real=0.02 secs] 
2020-08-02T20:13:14.399+0800: 12561578.377: [GC (CMS Initial Mark) [1 CMS-initial-mark: 4309989K(5472256K)] 4798027K(6209536K), 0.0350399 secs] [Times: user=0.19 sys=0.01, real=0.03 secs] 
2020-08-02T20:13:14.435+0800: 12561578.412: [CMS-concurrent-mark-start]
2020-08-02T20:13:16.998+0800: 12561580.976: [CMS-concurrent-mark: 2.564/2.564 secs] [Times: user=5.44 sys=0.08, real=2.56 secs] 
2020-08-02T20:13:16.998+0800: 12561580.976: [CMS-concurrent-preclean-start]
2020-08-02T20:13:17.008+0800: 12561580.986: [CMS-concurrent-preclean: 0.010/0.010 secs] [Times: user=0.01 sys=0.00, real=0.02 secs] 
2020-08-02T20:13:17.008+0800: 12561580.986: [CMS-concurrent-abortable-preclean-start]
 CMS: abort preclean due to time 2020-08-02T20:13:22.164+0800: 12561586.141: [CMS-concurrent-abortable-preclean: 4.055/5.156 secs] [Times: user=4.75 sys=0.38, real=5.15 secs] 
2020-08-02T20:13:22.165+0800: 12561586.143: [GC (CMS Final Remark) [YG occupancy: 672902 K (737280 K)]2020-08-02T20:13:22.165+0800: 12561586.143: [Rescan (parallel) , 0.0485548 secs]2020-08-02T20:13:22.214+0800: 12561586.192: [weak refs processing, 0.0000427 secs]2020-08-02T20:13:22.214+0800: 12561586.192: [class unloading, 0.0171867 secs]2020-08-02T20:13:22.231+0800: 12561586.209: [scrub symbol table, 0.0071560 secs]2020-08-02T20:13:22.238+0800: 12561586.216: [scrub string table, 0.0012815 secs][1 CMS-remark: 4309989K(5472256K)] 4982891K(6209536K), 0.0743873 secs] [Times: user=0.34 sys=0.00, real=0.08 secs] 
2020-08-02T20:13:22.240+0800: 12561586.217: [CMS-concurrent-sweep-start]
2020-08-02T20:13:23.838+0800: 12561587.816: [CMS-concurrent-sweep: 1.599/1.599 secs] [Times: user=1.73 sys=0.12, real=1.59 secs] 
2020-08-02T20:13:23.838+0800: 12561587.816: [CMS-concurrent-reset-start]
2020-08-02T20:13:23.857+0800: 12561587.835: [CMS-concurrent-reset: 0.019/0.019 secs] [Times: user=0.02 sys=0.00, real=0.01 secs] 
2020-08-02T20:13:25.858+0800: 12561589.836: [GC (CMS Initial Mark) [1 CMS-initial-mark: 4309980K(5472256K)] 5032993K(6209536K), 0.0392772 secs] [Times: user=0.30 sys=0.00, real=0.04 secs] 
2020-08-02T20:13:25.897+0800: 12561589.875: [CMS-concurrent-mark-start]
2020-08-02T20:13:26.869+0800: 12561590.847: [GC (Allocation Failure) 2020-08-02T20:13:26.869+0800: 12561590.847: [ParNew: 737280K->81920K(737280K), 0.1055363 secs] 5047260K->4431601K(6209536K), 0.1056948 secs] [Times: user=0.65 sys=0.00, real=0.10 secs] 
2020-08-02T20:13:28.543+0800: 12561592.521: [CMS-concurrent-mark: 2.539/2.646 secs] [Times: user=6.02 sys=0.15, real=2.65 secs] 
2020-08-02T20:13:28.543+0800: 12561592.521: [CMS-concurrent-preclean-start]
2020-08-02T20:13:28.581+0800: 12561592.559: [CMS-concurrent-preclean: 0.037/0.038 secs] [Times: user=0.04 sys=0.00, real=0.04 secs] 
2020-08-02T20:13:28.581+0800: 12561592.559: [CMS-concurrent-abortable-preclean-start]
 CMS: abort preclean due to time 2020-08-02T20:13:33.644+0800: 12561597.621: [CMS-concurrent-abortable-preclean: 4.051/5.062 secs] [Times: user=4.55 sys=0.43, real=5.06 secs] 
2020-08-02T20:13:33.645+0800: 12561597.623: [GC (CMS Final Remark) [YG occupancy: 201638 K (737280 K)]2020-08-02T20:13:33.645+0800: 12561597.623: [Rescan (parallel) , 0.0363967 secs]2020-08-02T20:13:33.682+0800: 12561597.659: [weak refs processing, 0.0000378 secs]2020-08-02T20:13:33.682+0800: 12561597.659: [class unloading, 0.0180136 secs]2020-08-02T20:13:33.700+0800: 12561597.677: [scrub symbol table, 0.0063968 secs]2020-08-02T20:13:33.706+0800: 12561597.684: [scrub string table, 0.0009388 secs][1 CMS-remark: 4349681K(5472256K)] 4551320K(6209536K), 0.0619487 secs] [Times: user=0.29 sys=0.00, real=0.07 secs] 
2020-08-02T20:13:33.707+0800: 12561597.685: [CMS-concurrent-sweep-start]
2020-08-02T20:13:35.323+0800: 12561599.300: [CMS-concurrent-sweep: 1.610/1.615 secs] [Times: user=1.80 sys=0.16, real=1.61 secs] 
2020-08-02T20:13:35.323+0800: 12561599.301: [CMS-concurrent-reset-start]
2020-08-02T20:13:35.342+0800: 12561599.320: [CMS-concurrent-reset: 0.019/0.019 secs] [Times: user=0.01 sys=0.00, real=0.02 secs] 
2020-08-02T20:13:37.342+0800: 12561601.320: [GC (CMS Initial Mark) [1 CMS-initial-mark: 4349679K(5472256K)] 4635367K(6209536K), 0.0163515 secs] [Times: user=0.11 sys=0.01, real=0.02 secs] 
2020-08-02T20:13:37.359+0800: 12561601.337: [CMS-concurrent-mark-start]
2020-08-02T20:13:39.984+0800: 12561603.962: [CMS-concurrent-mark: 2.625/2.625 secs] [Times: user=5.70 sys=0.16, real=2.62 secs] 
2020-08-02T20:13:39.984+0800: 12561603.962: [CMS-concurrent-preclean-start]
2020-08-02T20:13:39.992+0800: 12561603.970: [CMS-concurrent-preclean: 0.008/0.008 secs] [Times: user=0.01 sys=0.00, real=0.01 secs] 
2020-08-02T20:13:39.992+0800: 12561603.970: [CMS-concurrent-abortable-preclean-start]
 CMS: abort preclean due to time 2020-08-02T20:13:45.201+0800: 12561609.179: [CMS-concurrent-abortable-preclean: 4.008/5.209 secs] [Times: user=4.47 sys=0.41, real=5.21 secs] 
2020-08-02T20:13:45.202+0800: 12561609.180: [GC (CMS Final Remark) [YG occupancy: 441247 K (737280 K)]2020-08-02T20:13:45.203+0800: 12561609.180: [Rescan (parallel) , 0.0277906 secs]2020-08-02T20:13:45.230+0800: 12561609.208: [weak refs processing, 0.0000555 secs]2020-08-02T20:13:45.230+0800: 12561609.208: [class unloading, 0.0173587 secs]2020-08-02T20:13:45.248+0800: 12561609.226: [scrub symbol table, 0.0060802 secs]2020-08-02T20:13:45.254+0800: 12561609.232: [scrub string table, 0.0010138 secs][1 CMS-remark: 4349679K(5472256K)] 4790927K(6209536K), 0.0525025 secs] [Times: user=0.23 sys=0.00, real=0.05 secs] 
2020-08-02T20:13:45.255+0800: 12561609.233: [CMS-concurrent-sweep-start]
2020-08-02T20:13:46.869+0800: 12561610.847: [CMS-concurrent-sweep: 1.614/1.614 secs] [Times: user=1.77 sys=0.07, real=1.62 secs] 
2020-08-02T20:13:46.869+0800: 12561610.847: [CMS-concurrent-reset-start]
2020-08-02T20:13:46.888+0800: 12561610.866: [CMS-concurrent-reset: 0.019/0.019 secs] [Times: user=0.02 sys=0.01, real=0.02 secs] 
2020-08-02T20:13:48.888+0800: 12561612.866: [GC (CMS Initial Mark) [1 CMS-initial-mark: 4347409K(5472256K)] 4862484K(6209536K), 0.0284831 secs] [Times: user=0.21 sys=0.00, real=0.02 secs] 
2020-08-02T20:13:48.917+0800: 12561612.895: [CMS-concurrent-mark-start]
2020-08-02T20:13:51.608+0800: 12561615.586: [CMS-concurrent-mark: 2.691/2.691 secs] [Times: user=5.68 sys=0.01, real=2.70 secs] 
2020-08-02T20:13:51.608+0800: 12561615.586: [CMS-concurrent-preclean-start]
2020-08-02T20:13:51.616+0800: 12561615.594: [CMS-concurrent-preclean: 0.008/0.008 secs] [Times: user=0.01 sys=0.01, real=0.00 secs] 
2020-08-02T20:13:51.616+0800: 12561615.594: [CMS-concurrent-abortable-preclean-start]
 CMS: abort preclean due to time 2020-08-02T20:13:56.890+0800: 12561620.868: [CMS-concurrent-abortable-preclean: 3.973/5.274 secs] [Times: user=4.50 sys=0.31, real=5.28 secs] 
2020-08-02T20:13:56.891+0800: 12561620.869: [GC (CMS Final Remark) [YG occupancy: 661052 K (737280 K)]2020-08-02T20:13:56.891+0800: 12561620.869: [Rescan (parallel) , 0.0572049 secs]2020-08-02T20:13:56.949+0800: 12561620.926: [weak refs processing, 0.0000580 secs]2020-08-02T20:13:56.949+0800: 12561620.927: [class unloading, 0.0184837 secs]2020-08-02T20:13:56.967+0800: 12561620.945: [scrub symbol table, 0.0064926 secs]2020-08-02T20:13:56.974+0800: 12561620.952: [scrub string table, 0.0009638 secs][1 CMS-remark: 4347409K(5472256K)] 5008462K(6209536K), 0.0833923 secs] [Times: user=0.37 sys=0.00, real=0.08 secs] 
2020-08-02T20:13:56.975+0800: 12561620.953: [CMS-concurrent-sweep-start]
2020-08-02T20:13:58.614+0800: 12561622.592: [CMS-concurrent-sweep: 1.639/1.639 secs] [Times: user=1.77 sys=0.00, real=1.64 secs] 
2020-08-02T20:13:58.614+0800: 12561622.592: [CMS-concurrent-reset-start]
2020-08-02T20:13:58.633+0800: 12561622.611: [CMS-concurrent-reset: 0.019/0.019 secs] [Times: user=0.02 sys=0.00, real=0.02 secs] 
2020-08-02T20:14:00.634+0800: 12561624.611: [GC (CMS Initial Mark) [1 CMS-initial-mark: 4347407K(5472256K)] 5051937K(6209536K), 0.0417113 secs] [Times: user=0.30 sys=0.00, real=0.04 secs] 
2020-08-02T20:14:00.676+0800: 12561624.653: [CMS-concurrent-mark-start]
2020-08-02T20:14:03.325+0800: 12561627.303: [GC (Allocation Failure) 2020-08-02T20:14:03.326+0800: 12561627.303: [ParNew: 737280K->81920K(737280K), 0.1109778 secs] 5084687K->4464223K(6209536K), 0.1111213 secs] [Times: user=0.69 sys=0.00, real=0.11 secs] 
2020-08-02T20:14:03.487+0800: 12561627.464: [CMS-concurrent-mark: 2.694/2.811 secs] [Times: user=6.38 sys=0.00, real=2.82 secs] 
2020-08-02T20:14:03.487+0800: 12561627.465: [CMS-concurrent-preclean-start]
2020-08-02T20:14:03.520+0800: 12561627.498: [CMS-concurrent-preclean: 0.032/0.033 secs] [Times: user=0.05 sys=0.00, real=0.03 secs] 
2020-08-02T20:14:03.520+0800: 12561627.498: [CMS-concurrent-abortable-preclean-start]
 CMS: abort preclean due to time 2020-08-02T20:14:08.832+0800: 12561632.810: [CMS-concurrent-abortable-preclean: 4.111/5.312 secs] [Times: user=4.85 sys=0.23, real=5.31 secs] 
2020-08-02T20:14:08.834+0800: 12561632.812: [GC (CMS Final Remark) [YG occupancy: 209488 K (737280 K)]2020-08-02T20:14:08.834+0800: 12561632.812: [Rescan (parallel) , 0.0275540 secs]2020-08-02T20:14:08.861+0800: 12561632.839: [weak refs processing, 0.0000320 secs]2020-08-02T20:14:08.861+0800: 12561632.839: [class unloading, 0.0196110 secs]2020-08-02T20:14:08.881+0800: 12561632.859: [scrub symbol table, 0.0080641 secs]2020-08-02T20:14:08.889+0800: 12561632.867: [scrub string table, 0.0011825 secs][1 CMS-remark: 4382303K(5472256K)] 4591792K(6209536K), 0.0566070 secs] [Times: user=0.19 sys=0.00, real=0.06 secs] 
2020-08-02T20:14:08.891+0800: 12561632.868: [CMS-concurrent-sweep-start]
2020-08-02T20:14:10.465+0800: 12561634.443: [CMS-concurrent-sweep: 1.574/1.574 secs] [Times: user=1.69 sys=0.05, real=1.57 secs] 
2020-08-02T20:14:10.465+0800: 12561634.443: [CMS-concurrent-reset-start]
2020-08-02T20:14:10.486+0800: 12561634.463: [CMS-concurrent-reset: 0.020/0.020 secs] [Times: user=0.02 sys=0.00, real=0.02 secs] 
2020-08-02T20:14:12.486+0800: 12561636.464: [GC (CMS Initial Mark) [1 CMS-initial-mark: 4382303K(5472256K)] 4636111K(6209536K), 0.0193450 secs] [Times: user=0.11 sys=0.00, real=0.02 secs] 
2020-08-02T20:14:12.506+0800: 12561636.484: [CMS-concurrent-mark-start]
2020-08-02T20:14:15.189+0800: 12561639.167: [CMS-concurrent-mark: 2.683/2.683 secs] [Times: user=5.71 sys=0.04, real=2.69 secs] 
2020-08-02T20:14:15.189+0800: 12561639.167: [CMS-concurrent-preclean-start]
2020-08-02T20:14:15.197+0800: 12561639.175: [CMS-concurrent-preclean: 0.007/0.007 secs] [Times: user=0.01 sys=0.00, real=0.00 secs] 
2020-08-02T20:14:15.197+0800: 12561639.175: [CMS-concurrent-abortable-preclean-start]
 CMS: abort preclean due to time 2020-08-02T20:14:20.473+0800: 12561644.451: [CMS-concurrent-abortable-preclean: 4.275/5.276 secs] [Times: user=4.73 sys=0.16, real=5.28 secs] 
2020-08-02T20:14:20.475+0800: 12561644.452: [GC (CMS Final Remark) [YG occupancy: 366139 K (737280 K)]2020-08-02T20:14:20.475+0800: 12561644.453: [Rescan (parallel) , 0.0322472 secs]2020-08-02T20:14:20.507+0800: 12561644.485: [weak refs processing, 0.0000488 secs]2020-08-02T20:14:20.507+0800: 12561644.485: [class unloading, 0.0181869 secs]2020-08-02T20:14:20.525+0800: 12561644.503: [scrub symbol table, 0.0066153 secs]2020-08-02T20:14:20.532+0800: 12561644.510: [scrub string table, 0.0009064 secs][1 CMS-remark: 4382303K(5472256K)] 4748442K(6209536K), 0.0581773 secs] [Times: user=0.24 sys=0.00, real=0.06 secs] 
2020-08-02T20:14:20.533+0800: 12561644.511: [CMS-concurrent-sweep-start]
2020-08-02T20:14:22.121+0800: 12561646.099: [CMS-concurrent-sweep: 1.588/1.588 secs] [Times: user=1.75 sys=0.04, real=1.59 secs] 
2020-08-02T20:14:22.121+0800: 12561646.099: [CMS-concurrent-reset-start]
2020-08-02T20:14:22.140+0800: 12561646.118: [CMS-concurrent-reset: 0.019/0.019 secs] [Times: user=0.02 sys=0.00, real=0.02 secs] 
2020-08-02T20:14:24.140+0800: 12561648.118: [GC (CMS Initial Mark) [1 CMS-initial-mark: 4380639K(5472256K)] 4805651K(6209536K), 0.0283036 secs] [Times: user=0.19 sys=0.00, real=0.03 secs] 
2020-08-02T20:14:24.169+0800: 12561648.147: [CMS-concurrent-mark-start]
2020-08-02T20:14:26.868+0800: 12561650.846: [CMS-concurrent-mark: 2.699/2.699 secs] [Times: user=5.78 sys=0.18, real=2.70 secs] 
2020-08-02T20:14:26.868+0800: 12561650.846: [CMS-concurrent-preclean-start]
2020-08-02T20:14:26.876+0800: 12561650.854: [CMS-concurrent-preclean: 0.007/0.007 secs] [Times: user=0.01 sys=0.00, real=0.00 secs] 
2020-08-02T20:14:26.876+0800: 12561650.854: [CMS-concurrent-abortable-preclean-start]
 CMS: abort preclean due to time 2020-08-02T20:14:31.996+0800: 12561655.974: [CMS-concurrent-abortable-preclean: 4.012/5.120 secs] [Times: user=4.55 sys=0.94, real=5.12 secs] 
2020-08-02T20:14:31.997+0800: 12561655.975: [GC (CMS Final Remark) [YG occupancy: 542287 K (737280 K)]2020-08-02T20:14:31.997+0800: 12561655.975: [Rescan (parallel) , 0.0355659 secs]2020-08-02T20:14:32.033+0800: 12561656.011: [weak refs processing, 0.0000361 secs]2020-08-02T20:14:32.033+0800: 12561656.011: [class unloading, 0.0175029 secs]2020-08-02T20:14:32.050+0800: 12561656.028: [scrub symbol table, 0.0061813 secs]2020-08-02T20:14:32.057+0800: 12561656.034: [scrub string table, 0.0009071 secs][1 CMS-remark: 4380639K(5472256K)] 4922927K(6209536K), 0.0603464 secs] [Times: user=0.30 sys=0.00, real=0.06 secs] 
2020-08-02T20:14:32.058+0800: 12561656.036: [CMS-concurrent-sweep-start]
2020-08-02T20:14:33.656+0800: 12561657.634: [CMS-concurrent-sweep: 1.598/1.598 secs] [Times: user=1.78 sys=0.24, real=1.60 secs] 
2020-08-02T20:14:33.656+0800: 12561657.634: [CMS-concurrent-reset-start]
2020-08-02T20:14:33.676+0800: 12561657.654: [CMS-concurrent-reset: 0.020/0.020 secs] [Times: user=0.03 sys=0.00, real=0.02 secs] 
2020-08-02T20:14:35.677+0800: 12561659.655: [GC (CMS Initial Mark) [1 CMS-initial-mark: 4380638K(5472256K)] 4975499K(6209536K), 0.0455661 secs] [Times: user=0.26 sys=0.00, real=0.05 secs] 
2020-08-02T20:14:35.723+0800: 12561659.701: [CMS-concurrent-mark-start]
2020-08-02T20:14:38.417+0800: 12561662.395: [CMS-concurrent-mark: 2.694/2.694 secs] [Times: user=5.78 sys=0.30, real=2.69 secs] 
2020-08-02T20:14:38.417+0800: 12561662.395: [CMS-concurrent-preclean-start]
2020-08-02T20:14:38.425+0800: 12561662.402: [CMS-concurrent-preclean: 0.007/0.008 secs] [Times: user=0.01 sys=0.00, real=0.01 secs] 
2020-08-02T20:14:38.425+0800: 12561662.402: [CMS-concurrent-abortable-preclean-start]
 CMS: abort preclean due to time 2020-08-02T20:14:43.429+0800: 12561667.407: [CMS-concurrent-abortable-preclean: 4.004/5.005 secs] [Times: user=4.44 sys=0.43, real=5.01 secs] 
2020-08-02T20:14:43.431+0800: 12561667.409: [GC (CMS Final Remark) [YG occupancy: 706163 K (737280 K)]2020-08-02T20:14:43.431+0800: 12561667.409: [Rescan (parallel) , 0.0544611 secs]2020-08-02T20:14:43.485+0800: 12561667.463: [weak refs processing, 0.0000367 secs]2020-08-02T20:14:43.486+0800: 12561667.463: [class unloading, 0.0170844 secs]2020-08-02T20:14:43.503+0800: 12561667.480: [scrub symbol table, 0.0061829 secs]2020-08-02T20:14:43.509+0800: 12561667.487: [scrub string table, 0.0008366 secs][1 CMS-remark: 4380638K(5472256K)] 5086801K(6209536K), 0.0787595 secs] [Times: user=0.42 sys=0.00, real=0.08 secs] 
2020-08-02T20:14:43.510+0800: 12561667.488: [CMS-concurrent-sweep-start]
2020-08-02T20:14:45.117+0800: 12561669.094: [CMS-concurrent-sweep: 1.607/1.607 secs] [Times: user=1.75 sys=0.17, real=1.60 secs] 
2020-08-02T20:14:45.117+0800: 12561669.094: [CMS-concurrent-reset-start]
2020-08-02T20:14:45.135+0800: 12561669.113: [CMS-concurrent-reset: 0.018/0.018 secs] [Times: user=0.02 sys=0.00, real=0.02 secs] 
2020-08-02T20:14:46.704+0800: 12561670.682: [GC (Allocation Failure) 2020-08-02T20:14:46.704+0800: 12561670.682: [ParNew: 737280K->81920K(737280K), 0.1479285 secs] 5117788K->4506510K(6209536K), 0.1481043 secs] [Times: user=0.70 sys=0.00, real=0.15 secs] 
2020-08-02T20:14:46.853+0800: 12561670.831: [GC (CMS Initial Mark) [1 CMS-initial-mark: 4424590K(5472256K)] 4506655K(6209536K), 0.0142463 secs] [Times: user=0.05 sys=0.00, real=0.02 secs] 
2020-08-02T20:14:46.868+0800: 12561670.846: [CMS-concurrent-mark-start]
2020-08-02T20:14:49.636+0800: 12561673.613: [CMS-concurrent-mark: 2.766/2.768 secs] [Times: user=5.81 sys=0.04, real=2.76 secs] 
2020-08-02T20:14:49.636+0800: 12561673.613: [CMS-concurrent-preclean-start]
2020-08-02T20:14:49.645+0800: 12561673.623: [CMS-concurrent-preclean: 0.009/0.009 secs] [Times: user=0.01 sys=0.00, real=0.01 secs] 
2020-08-02T20:14:49.645+0800: 12561673.623: [CMS-concurrent-abortable-preclean-start]
 CMS: abort preclean due to time 2020-08-02T20:14:54.752+0800: 12561678.730: [CMS-concurrent-abortable-preclean: 3.906/5.107 secs] [Times: user=4.34 sys=0.40, real=5.11 secs] 
2020-08-02T20:14:54.754+0800: 12561678.731: [GC (CMS Final Remark) [YG occupancy: 169936 K (737280 K)]2020-08-02T20:14:54.754+0800: 12561678.731: [Rescan (parallel) , 0.0160856 secs]2020-08-02T20:14:54.770+0800: 12561678.748: [weak refs processing, 0.0000557 secs]2020-08-02T20:14:54.770+0800: 12561678.748: [class unloading, 0.0172896 secs]2020-08-02T20:14:54.787+0800: 12561678.765: [scrub symbol table, 0.0060771 secs]2020-08-02T20:14:54.793+0800: 12561678.771: [scrub string table, 0.0008864 secs][1 CMS-remark: 4424590K(5472256K)] 4594527K(6209536K), 0.0405505 secs] [Times: user=0.14 sys=0.00, real=0.04 secs] 
2020-08-02T20:14:54.794+0800: 12561678.772: [CMS-concurrent-sweep-start]
2020-08-02T20:14:56.431+0800: 12561680.409: [CMS-concurrent-sweep: 1.636/1.636 secs] [Times: user=1.83 sys=0.18, real=1.64 secs] 
2020-08-02T20:14:56.431+0800: 12561680.409: [CMS-concurrent-reset-start]
2020-08-02T20:14:56.449+0800: 12561680.427: [CMS-concurrent-reset: 0.018/0.018 secs] [Times: user=0.02 sys=0.00, real=0.02 secs] 
2020-08-02T20:14:58.450+0800: 12561682.427: [GC (CMS Initial Mark) [1 CMS-initial-mark: 4424392K(5472256K)] 4646086K(6209536K), 0.0151555 secs] [Times: user=0.10 sys=0.00, real=0.01 secs] 
2020-08-02T20:14:58.465+0800: 12561682.443: [CMS-concurrent-mark-start]
2020-08-02T20:15:01.184+0800: 12561685.162: [CMS-concurrent-mark: 2.719/2.719 secs] [Times: user=5.90 sys=0.29, real=2.72 secs] 
2020-08-02T20:15:01.184+0800: 12561685.162: [CMS-concurrent-preclean-start]
2020-08-02T20:15:01.192+0800: 12561685.170: [CMS-concurrent-preclean: 0.008/0.008 secs] [Times: user=0.01 sys=0.00, real=0.01 secs] 
2020-08-02T20:15:01.192+0800: 12561685.170: [CMS-concurrent-abortable-preclean-start]
 CMS: abort preclean due to time 2020-08-02T20:15:06.385+0800: 12561690.363: [CMS-concurrent-abortable-preclean: 4.993/5.193 secs] [Times: user=2.88 sys=0.38, real=5.19 secs] 
2020-08-02T20:15:06.387+0800: 12561690.364: [GC (CMS Final Remark) [YG occupancy: 325241 K (737280 K)]2020-08-02T20:15:06.387+0800: 12561690.365: [Rescan (parallel) , 0.0239349 secs]2020-08-02T20:15:06.411+0800: 12561690.388: [weak refs processing, 0.0000425 secs]2020-08-02T20:15:06.411+0800: 12561690.389: [class unloading, 0.0172523 secs]2020-08-02T20:15:06.428+0800: 12561690.406: [scrub symbol table, 0.0060643 secs]2020-08-02T20:15:06.434+0800: 12561690.412: [scrub string table, 0.0009068 secs][1 CMS-remark: 4424392K(5472256K)] 4749634K(6209536K), 0.0483686 secs] [Times: user=0.20 sys=0.01, real=0.04 secs] 
2020-08-02T20:15:06.435+0800: 12561690.413: [CMS-concurrent-sweep-start]
2020-08-02T20:15:08.064+0800: 12561692.042: [CMS-concurrent-sweep: 1.629/1.629 secs] [Times: user=1.81 sys=0.24, real=1.63 secs] 
2020-08-02T20:15:08.065+0800: 12561692.042: [CMS-concurrent-reset-start]
2020-08-02T20:15:08.085+0800: 12561692.063: [CMS-concurrent-reset: 0.020/0.020 secs] [Times: user=0.03 sys=0.02, real=0.02 secs] 
2020-08-02T20:15:10.085+0800: 12561694.063: [GC (CMS Initial Mark) [1 CMS-initial-mark: 4422789K(5472256K)] 4894657K(6209536K), 0.0300571 secs] [Times: user=0.21 sys=0.00, real=0.03 secs] 
2020-08-02T20:15:10.116+0800: 12561694.094: [CMS-concurrent-mark-start]
2020-08-02T20:15:12.743+0800: 12561696.721: [CMS-concurrent-mark: 2.628/2.628 secs] [Times: user=5.66 sys=0.31, real=2.63 secs] 
2020-08-02T20:15:12.744+0800: 12561696.721: [CMS-concurrent-preclean-start]
2020-08-02T20:15:12.752+0800: 12561696.729: [CMS-concurrent-preclean: 0.008/0.008 secs] [Times: user=0.01 sys=0.01, real=0.01 secs] 
2020-08-02T20:15:12.752+0800: 12561696.729: [CMS-concurrent-abortable-preclean-start]
 CMS: abort preclean due to time 2020-08-02T20:15:17.847+0800: 12561701.825: [CMS-concurrent-abortable-preclean: 3.995/5.096 secs] [Times: user=4.82 sys=0.42, real=5.10 secs] 
2020-08-02T20:15:17.849+0800: 12561701.826: [GC (CMS Final Remark) [YG occupancy: 709320 K (737280 K)]2020-08-02T20:15:17.849+0800: 12561701.827: [Rescan (parallel) , 0.0451860 secs]2020-08-02T20:15:17.894+0800: 12561701.872: [weak refs processing, 0.0000425 secs]2020-08-02T20:15:17.894+0800: 12561701.872: [class unloading, 0.0176621 secs]2020-08-02T20:15:17.912+0800: 12561701.889: [scrub symbol table, 0.0061541 secs]2020-08-02T20:15:17.918+0800: 12561701.896: [scrub string table, 0.0009012 secs][1 CMS-remark: 4422789K(5472256K)] 5132109K(6209536K), 0.0701209 secs] [Times: user=0.38 sys=0.00, real=0.07 secs] 
2020-08-02T20:15:17.919+0800: 12561701.897: [CMS-concurrent-sweep-start]
2020-08-02T20:15:19.537+0800: 12561703.515: [CMS-concurrent-sweep: 1.618/1.618 secs] [Times: user=1.84 sys=0.07, real=1.61 secs] 
2020-08-02T20:15:19.537+0800: 12561703.515: [CMS-concurrent-reset-start]
2020-08-02T20:15:19.556+0800: 12561703.533: [CMS-concurrent-reset: 0.019/0.019 secs] [Times: user=0.02 sys=0.00, real=0.02 secs] 
2020-08-02T20:15:19.682+0800: 12561703.659: [GC (Allocation Failure) 2020-08-02T20:15:19.682+0800: 12561703.659: [ParNew: 737280K->73371K(737280K), 0.1179381 secs] 5160068K->4568259K(6209536K), 0.1181021 secs] [Times: user=0.76 sys=0.00, real=0.12 secs] 
2020-08-02T20:15:19.801+0800: 12561703.779: [GC (CMS Initial Mark) [1 CMS-initial-mark: 4494888K(5472256K)] 4579558K(6209536K), 0.0072457 secs] [Times: user=0.02 sys=0.00, real=0.01 secs] 
2020-08-02T20:15:19.809+0800: 12561703.786: [CMS-concurrent-mark-start]
2020-08-02T20:15:22.511+0800: 12561706.489: [CMS-concurrent-mark: 2.703/2.703 secs] [Times: user=5.93 sys=0.06, real=2.70 secs] 
2020-08-02T20:15:22.511+0800: 12561706.489: [CMS-concurrent-preclean-start]
2020-08-02T20:15:22.519+0800: 12561706.497: [CMS-concurrent-preclean: 0.007/0.008 secs] [Times: user=0.00 sys=0.01, real=0.01 secs] 
2020-08-02T20:15:22.519+0800: 12561706.497: [CMS-concurrent-abortable-preclean-start]
 CMS: abort preclean due to time 2020-08-02T20:15:27.570+0800: 12561711.547: [CMS-concurrent-abortable-preclean: 3.349/5.051 secs] [Times: user=3.65 sys=0.13, real=5.05 secs] 
2020-08-02T20:15:27.571+0800: 12561711.549: [GC (CMS Final Remark) [YG occupancy: 205613 K (737280 K)]2020-08-02T20:15:27.571+0800: 12561711.549: [Rescan (parallel) , 0.0131204 secs]2020-08-02T20:15:27.584+0800: 12561711.562: [weak refs processing, 0.0000768 secs]2020-08-02T20:15:27.584+0800: 12561711.562: [class unloading, 0.0168043 secs]2020-08-02T20:15:27.601+0800: 12561711.579: [scrub symbol table, 0.0060431 secs]2020-08-02T20:15:27.607+0800: 12561711.585: [scrub string table, 0.0008355 secs][1 CMS-remark: 4494888K(5472256K)] 4700501K(6209536K), 0.0370146 secs] [Times: user=0.13 sys=0.00, real=0.04 secs] 
2020-08-02T20:15:27.608+0800: 12561711.586: [CMS-concurrent-sweep-start]
2020-08-02T20:15:29.217+0800: 12561713.195: [CMS-concurrent-sweep: 1.602/1.609 secs] [Times: user=1.76 sys=0.08, real=1.60 secs] 
2020-08-02T20:15:29.217+0800: 12561713.195: [CMS-concurrent-reset-start]
2020-08-02T20:15:29.236+0800: 12561713.213: [CMS-concurrent-reset: 0.018/0.018 secs] [Times: user=0.03 sys=0.00, real=0.02 secs] 
2020-08-02T20:15:31.236+0800: 12561715.214: [GC (CMS Initial Mark) [1 CMS-initial-mark: 4494622K(5472256K)] 4817322K(6209536K), 0.0305106 secs] [Times: user=0.12 sys=0.01, real=0.04 secs] 
2020-08-02T20:15:31.267+0800: 12561715.245: [CMS-concurrent-mark-start]
2020-08-02T20:15:34.001+0800: 12561717.979: [CMS-concurrent-mark: 2.734/2.734 secs] [Times: user=5.85 sys=0.02, real=2.73 secs] 
2020-08-02T20:15:34.001+0800: 12561717.979: [CMS-concurrent-preclean-start]
2020-08-02T20:15:34.009+0800: 12561717.987: [CMS-concurrent-preclean: 0.008/0.008 secs] [Times: user=0.00 sys=0.00, real=0.01 secs] 
2020-08-02T20:15:34.009+0800: 12561717.987: [CMS-concurrent-abortable-preclean-start]
 CMS: abort preclean due to time 2020-08-02T20:15:39.129+0800: 12561723.107: [CMS-concurrent-abortable-preclean: 3.419/5.120 secs] [Times: user=3.92 sys=0.34, real=5.12 secs] 
2020-08-02T20:15:39.131+0800: 12561723.109: [GC (CMS Final Remark) [YG occupancy: 431131 K (737280 K)]2020-08-02T20:15:39.131+0800: 12561723.109: [Rescan (parallel) , 0.0309227 secs]2020-08-02T20:15:39.162+0800: 12561723.140: [weak refs processing, 0.0000507 secs]2020-08-02T20:15:39.162+0800: 12561723.140: [class unloading, 0.0172311 secs]2020-08-02T20:15:39.179+0800: 12561723.157: [scrub symbol table, 0.0060984 secs]2020-08-02T20:15:39.185+0800: 12561723.163: [scrub string table, 0.0008530 secs][1 CMS-remark: 4494622K(5472256K)] 4925753K(6209536K), 0.0553138 secs] [Times: user=0.23 sys=0.01, real=0.05 secs] 
2020-08-02T20:15:39.186+0800: 12561723.164: [CMS-concurrent-sweep-start]
2020-08-02T20:15:40.842+0800: 12561724.820: [CMS-concurrent-sweep: 1.655/1.655 secs] [Times: user=1.85 sys=0.13, real=1.66 secs] 
2020-08-02T20:15:40.842+0800: 12561724.820: [CMS-concurrent-reset-start]
2020-08-02T20:15:40.861+0800: 12561724.838: [CMS-concurrent-reset: 0.019/0.019 secs] [Times: user=0.02 sys=0.00, real=0.02 secs] 
2020-08-02T20:15:42.861+0800: 12561726.839: [GC (CMS Initial Mark) [1 CMS-initial-mark: 4494180K(5472256K)] 4987048K(6209536K), 0.0289897 secs] [Times: user=0.21 sys=0.00, real=0.03 secs] 
2020-08-02T20:15:42.890+0800: 12561726.868: [CMS-concurrent-mark-start]
2020-08-02T20:15:45.529+0800: 12561729.506: [CMS-concurrent-mark: 2.638/2.638 secs] [Times: user=5.63 sys=0.09, real=2.64 secs] 
2020-08-02T20:15:45.529+0800: 12561729.506: [CMS-concurrent-preclean-start]
2020-08-02T20:15:45.537+0800: 12561729.514: [CMS-concurrent-preclean: 0.008/0.008 secs] [Times: user=0.01 sys=0.00, real=0.00 secs] 
2020-08-02T20:15:45.537+0800: 12561729.514: [CMS-concurrent-abortable-preclean-start]
 CMS: abort preclean due to time 2020-08-02T20:15:50.617+0800: 12561734.595: [CMS-concurrent-abortable-preclean: 3.479/5.080 secs] [Times: user=4.04 sys=0.55, real=5.08 secs] 
2020-08-02T20:15:50.618+0800: 12561734.596: [GC (CMS Final Remark) [YG occupancy: 623194 K (737280 K)]2020-08-02T20:15:50.618+0800: 12561734.596: [Rescan (parallel) , 0.0408249 secs]2020-08-02T20:15:50.659+0800: 12561734.637: [weak refs processing, 0.0000363 secs]2020-08-02T20:15:50.659+0800: 12561734.637: [class unloading, 0.0173082 secs]2020-08-02T20:15:50.677+0800: 12561734.654: [scrub symbol table, 0.0063258 secs]2020-08-02T20:15:50.683+0800: 12561734.661: [scrub string table, 0.0008408 secs][1 CMS-remark: 4494180K(5472256K)] 5117374K(6209536K), 0.0655016 secs] [Times: user=0.33 sys=0.00, real=0.07 secs] 
2020-08-02T20:15:50.684+0800: 12561734.662: [CMS-concurrent-sweep-start]
2020-08-02T20:15:52.314+0800: 12561736.292: [CMS-concurrent-sweep: 1.630/1.630 secs] [Times: user=1.79 sys=0.13, real=1.63 secs] 
2020-08-02T20:15:52.314+0800: 12561736.292: [CMS-concurrent-reset-start]
2020-08-02T20:15:52.333+0800: 12561736.310: [CMS-concurrent-reset: 0.018/0.018 secs] [Times: user=0.02 sys=0.00, real=0.02 secs] 
2020-08-02T20:15:54.333+0800: 12561738.311: [GC (CMS Initial Mark) [1 CMS-initial-mark: 4494178K(5472256K)] 5172077K(6209536K), 0.0436061 secs] [Times: user=0.28 sys=0.00, real=0.04 secs] 
2020-08-02T20:15:54.377+0800: 12561738.355: [CMS-concurrent-mark-start]
2020-08-02T20:15:57.155+0800: 12561741.133: [CMS-concurrent-mark: 2.778/2.778 secs] [Times: user=5.98 sys=0.20, real=2.78 secs] 
2020-08-02T20:15:57.156+0800: 12561741.133: [CMS-concurrent-preclean-start]
2020-08-02T20:15:57.163+0800: 12561741.141: [CMS-concurrent-preclean: 0.008/0.008 secs] [Times: user=0.01 sys=0.00, real=0.01 secs] 
2020-08-02T20:15:57.164+0800: 12561741.141: [CMS-concurrent-abortable-preclean-start]
2020-08-02T20:15:57.263+0800: 12561741.241: [GC (Allocation Failure) 2020-08-02T20:15:57.263+0800: 12561741.241: [ParNew: 728731K->64412K(737280K), 0.0941992 secs] 5222910K->4600443K(6209536K), 0.0943532 secs] [Times: user=0.56 sys=0.00, real=0.09 secs] 
 CMS: abort preclean due to time 2020-08-02T20:16:02.291+0800: 12561746.269: [CMS-concurrent-abortable-preclean: 3.328/5.127 secs] [Times: user=4.42 sys=0.42, real=5.13 secs] 
2020-08-02T20:16:02.292+0800: 12561746.270: [GC (CMS Final Remark) [YG occupancy: 141445 K (737280 K)]2020-08-02T20:16:02.292+0800: 12561746.270: [Rescan (parallel) , 0.0103765 secs]2020-08-02T20:16:02.303+0800: 12561746.281: [weak refs processing, 0.0000359 secs]2020-08-02T20:16:02.303+0800: 12561746.281: [class unloading, 0.0176938 secs]2020-08-02T20:16:02.321+0800: 12561746.298: [scrub symbol table, 0.0061996 secs]2020-08-02T20:16:02.327+0800: 12561746.305: [scrub string table, 0.0008671 secs][1 CMS-remark: 4536031K(5472256K)] 4677477K(6209536K), 0.0353328 secs] [Times: user=0.10 sys=0.00, real=0.04 secs] 
2020-08-02T20:16:02.328+0800: 12561746.306: [CMS-concurrent-sweep-start]
2020-08-02T20:16:04.008+0800: 12561747.986: [CMS-concurrent-sweep: 1.680/1.680 secs] [Times: user=1.85 sys=0.13, real=1.68 secs] 
2020-08-02T20:16:04.008+0800: 12561747.986: [CMS-concurrent-reset-start]
2020-08-02T20:16:04.027+0800: 12561748.005: [CMS-concurrent-reset: 0.019/0.019 secs] [Times: user=0.02 sys=0.01, real=0.02 secs] 
2020-08-02T20:16:06.028+0800: 12561750.006: [GC (CMS Initial Mark) [1 CMS-initial-mark: 4536029K(5472256K)] 4743653K(6209536K), 0.0142045 secs] [Times: user=0.08 sys=0.00, real=0.01 secs] 
2020-08-02T20:16:06.042+0800: 12561750.020: [CMS-concurrent-mark-start]
2020-08-02T20:16:08.748+0800: 12561752.726: [CMS-concurrent-mark: 2.706/2.706 secs] [Times: user=5.76 sys=0.18, real=2.71 secs] 
2020-08-02T20:16:08.748+0800: 12561752.726: [CMS-concurrent-preclean-start]
2020-08-02T20:16:08.756+0800: 12561752.734: [CMS-concurrent-preclean: 0.008/0.008 secs] [Times: user=0.01 sys=0.00, real=0.00 secs] 
2020-08-02T20:16:08.756+0800: 12561752.734: [CMS-concurrent-abortable-preclean-start]
 CMS: abort preclean due to time 2020-08-02T20:16:13.949+0800: 12561757.927: [CMS-concurrent-abortable-preclean: 3.391/5.193 secs] [Times: user=3.93 sys=0.45, real=5.20 secs] 
2020-08-02T20:16:13.950+0800: 12561757.928: [GC (CMS Final Remark) [YG occupancy: 325179 K (737280 K)]2020-08-02T20:16:13.950+0800: 12561757.928: [Rescan (parallel) , 0.0211158 secs]2020-08-02T20:16:13.971+0800: 12561757.949: [weak refs processing, 0.0000436 secs]2020-08-02T20:16:13.971+0800: 12561757.949: [class unloading, 0.0183343 secs]2020-08-02T20:16:13.990+0800: 12561757.968: [scrub symbol table, 0.0062588 secs]2020-08-02T20:16:13.996+0800: 12561757.974: [scrub string table, 0.0008419 secs][1 CMS-remark: 4536029K(5472256K)] 4861209K(6209536K), 0.0467454 secs] [Times: user=0.20 sys=0.00, real=0.04 secs] 
2020-08-02T20:16:13.997+0800: 12561757.975: [CMS-concurrent-sweep-start]
2020-08-02T20:16:15.685+0800: 12561759.663: [CMS-concurrent-sweep: 1.688/1.688 secs] [Times: user=1.96 sys=0.17, real=1.69 secs] 
2020-08-02T20:16:15.685+0800: 12561759.663: [CMS-concurrent-reset-start]
2020-08-02T20:16:15.706+0800: 12561759.683: [CMS-concurrent-reset: 0.020/0.020 secs] [Times: user=0.03 sys=0.01, real=0.02 secs] 
2020-08-02T20:16:17.706+0800: 12561761.684: [GC (CMS Initial Mark) [1 CMS-initial-mark: 4535792K(5472256K)] 4972076K(6209536K), 0.0266710 secs] [Times: user=0.19 sys=0.00, real=0.03 secs] 
2020-08-02T20:16:17.733+0800: 12561761.711: [CMS-concurrent-mark-start]
2020-08-02T20:16:20.545+0800: 12561764.523: [CMS-concurrent-mark: 2.812/2.812 secs] [Times: user=6.13 sys=0.27, real=2.81 secs] 
2020-08-02T20:16:20.545+0800: 12561764.523: [CMS-concurrent-preclean-start]
2020-08-02T20:16:20.553+0800: 12561764.531: [CMS-concurrent-preclean: 0.008/0.008 secs] [Times: user=0.00 sys=0.00, real=0.01 secs] 
2020-08-02T20:16:20.553+0800: 12561764.531: [CMS-concurrent-abortable-preclean-start]
 CMS: abort preclean due to time 2020-08-02T20:16:25.803+0800: 12561769.781: [CMS-concurrent-abortable-preclean: 3.549/5.250 secs] [Times: user=3.98 sys=0.53, real=5.25 secs] 
2020-08-02T20:16:25.804+0800: 12561769.782: [GC (CMS Final Remark) [YG occupancy: 583696 K (737280 K)]2020-08-02T20:16:25.804+0800: 12561769.782: [Rescan (parallel) , 0.0500768 secs]2020-08-02T20:16:25.854+0800: 12561769.832: [weak refs processing, 0.0000436 secs]2020-08-02T20:16:25.855+0800: 12561769.832: [class unloading, 0.0177353 secs]2020-08-02T20:16:25.872+0800: 12561769.850: [scrub symbol table, 0.0064176 secs]2020-08-02T20:16:25.879+0800: 12561769.857: [scrub string table, 0.0008517 secs][1 CMS-remark: 4535792K(5472256K)] 5119489K(6209536K), 0.0753169 secs] [Times: user=0.37 sys=0.02, real=0.08 secs] 
2020-08-02T20:16:25.880+0800: 12561769.858: [CMS-concurrent-sweep-start]
2020-08-02T20:16:27.559+0800: 12561771.537: [CMS-concurrent-sweep: 1.679/1.679 secs] [Times: user=1.86 sys=0.09, real=1.68 secs] 
2020-08-02T20:16:27.559+0800: 12561771.537: [CMS-concurrent-reset-start]
2020-08-02T20:16:27.578+0800: 12561771.556: [CMS-concurrent-reset: 0.018/0.018 secs] [Times: user=0.02 sys=0.00, real=0.01 secs] 
2020-08-02T20:16:29.579+0800: 12561773.557: [GC (CMS Initial Mark) [1 CMS-initial-mark: 4535662K(5472256K)] 5175058K(6209536K), 0.0443490 secs] [Times: user=0.25 sys=0.00, real=0.04 secs] 
2020-08-02T20:16:29.623+0800: 12561773.601: [CMS-concurrent-mark-start]
2020-08-02T20:16:32.401+0800: 12561776.379: [CMS-concurrent-mark: 2.778/2.778 secs] [Times: user=5.91 sys=0.02, real=2.78 secs] 
2020-08-02T20:16:32.401+0800: 12561776.379: [CMS-concurrent-preclean-start]
2020-08-02T20:16:32.410+0800: 12561776.388: [CMS-concurrent-preclean: 0.009/0.009 secs] [Times: user=0.02 sys=0.00, real=0.01 secs] 
2020-08-02T20:16:32.410+0800: 12561776.388: [CMS-concurrent-abortable-preclean-start]
2020-08-02T20:16:35.346+0800: 12561779.324: [GC (Allocation Failure) 2020-08-02T20:16:35.346+0800: 12561779.324: [ParNew: 719772K->60773K(737280K), 0.0931807 secs] 5255434K->4637798K(6209536K), 0.0933668 secs] [Times: user=0.55 sys=0.00, real=0.10 secs] 
 CMS: abort preclean due to time 2020-08-02T20:16:37.477+0800: 12561781.455: [CMS-concurrent-abortable-preclean: 3.269/5.067 secs] [Times: user=4.20 sys=0.13, real=5.06 secs] 
2020-08-02T20:16:37.479+0800: 12561781.457: [GC (CMS Final Remark) [YG occupancy: 89692 K (737280 K)]2020-08-02T20:16:37.479+0800: 12561781.457: [Rescan (parallel) , 0.0205028 secs]2020-08-02T20:16:37.500+0800: 12561781.477: [weak refs processing, 0.0000554 secs]2020-08-02T20:16:37.500+0800: 12561781.477: [class unloading, 0.0176033 secs]2020-08-02T20:16:37.517+0800: 12561781.495: [scrub symbol table, 0.0063083 secs]2020-08-02T20:16:37.524+0800: 12561781.501: [scrub string table, 0.0011735 secs][1 CMS-remark: 4577025K(5472256K)] 4666717K(6209536K), 0.0457989 secs] [Times: user=0.14 sys=0.00, real=0.04 secs] 
2020-08-02T20:16:37.525+0800: 12561781.503: [CMS-concurrent-sweep-start]
2020-08-02T20:16:39.246+0800: 12561783.224: [CMS-concurrent-sweep: 1.721/1.721 secs] [Times: user=1.90 sys=0.12, real=1.72 secs] 
2020-08-02T20:16:39.246+0800: 12561783.224: [CMS-concurrent-reset-start]
2020-08-02T20:16:39.265+0800: 12561783.243: [CMS-concurrent-reset: 0.018/0.018 secs] [Times: user=0.02 sys=0.00, real=0.01 secs] 
2020-08-02T20:16:41.265+0800: 12561785.243: [GC (CMS Initial Mark) [1 CMS-initial-mark: 4577024K(5472256K)] 4723335K(6209536K), 0.0090042 secs] [Times: user=0.06 sys=0.00, real=0.01 secs] 
2020-08-02T20:16:41.275+0800: 12561785.253: [CMS-concurrent-mark-start]
2020-08-02T20:16:44.114+0800: 12561788.092: [CMS-concurrent-mark: 2.840/2.840 secs] [Times: user=6.34 sys=0.35, real=2.84 secs] 
2020-08-02T20:16:44.115+0800: 12561788.092: [CMS-concurrent-preclean-start]
2020-08-02T20:16:44.122+0800: 12561788.100: [CMS-concurrent-preclean: 0.008/0.008 secs] [Times: user=0.01 sys=0.01, real=0.01 secs] 
2020-08-02T20:16:44.122+0800: 12561788.100: [CMS-concurrent-abortable-preclean-start]
 CMS: abort preclean due to time 2020-08-02T20:16:49.298+0800: 12561793.275: [CMS-concurrent-abortable-preclean: 3.374/5.175 secs] [Times: user=3.85 sys=0.45, real=5.17 secs] 
2020-08-02T20:16:49.299+0800: 12561793.277: [GC (CMS Final Remark) [YG occupancy: 370523 K (737280 K)]2020-08-02T20:16:49.299+0800: 12561793.277: [Rescan (parallel) , 0.0514318 secs]2020-08-02T20:16:49.351+0800: 12561793.329: [weak refs processing, 0.0000539 secs]2020-08-02T20:16:49.351+0800: 12561793.329: [class unloading, 0.0170433 secs]2020-08-02T20:16:49.368+0800: 12561793.346: [scrub symbol table, 0.0065141 secs]2020-08-02T20:16:49.374+0800: 12561793.352: [scrub string table, 0.0009263 secs][1 CMS-remark: 4577024K(5472256K)] 4947548K(6209536K), 0.0761186 secs] [Times: user=0.29 sys=0.00, real=0.07 secs] 
2020-08-02T20:16:49.376+0800: 12561793.353: [CMS-concurrent-sweep-start]
2020-08-02T20:16:51.064+0800: 12561795.042: [CMS-concurrent-sweep: 1.689/1.689 secs] [Times: user=1.85 sys=0.09, real=1.69 secs] 
2020-08-02T20:16:51.065+0800: 12561795.042: [CMS-concurrent-reset-start]
2020-08-02T20:16:51.084+0800: 12561795.062: [CMS-concurrent-reset: 0.020/0.020 secs] [Times: user=0.02 sys=0.01, real=0.02 secs] 
2020-08-02T20:16:53.085+0800: 12561797.063: [GC (CMS Initial Mark) [1 CMS-initial-mark: 4576385K(5472256K)] 5007981K(6209536K), 0.0260278 secs] [Times: user=0.17 sys=0.00, real=0.03 secs] 
2020-08-02T20:16:53.111+0800: 12561797.089: [CMS-concurrent-mark-start]
2020-08-02T20:16:55.952+0800: 12561799.930: [CMS-concurrent-mark: 2.841/2.841 secs] [Times: user=6.06 sys=0.21, real=2.84 secs] 
2020-08-02T20:16:55.952+0800: 12561799.930: [CMS-concurrent-preclean-start]
2020-08-02T20:16:55.961+0800: 12561799.938: [CMS-concurrent-preclean: 0.008/0.008 secs] [Times: user=0.01 sys=0.00, real=0.01 secs] 
2020-08-02T20:16:55.961+0800: 12561799.938: [CMS-concurrent-abortable-preclean-start]
 CMS: abort preclean due to time 2020-08-02T20:17:01.101+0800: 12561805.079: [CMS-concurrent-abortable-preclean: 3.439/5.140 secs] [Times: user=4.02 sys=0.58, real=5.14 secs] 
2020-08-02T20:17:01.102+0800: 12561805.080: [GC (CMS Final Remark) [YG occupancy: 583230 K (737280 K)]2020-08-02T20:17:01.102+0800: 12561805.080: [Rescan (parallel) , 0.0361661 secs]2020-08-02T20:17:01.139+0800: 12561805.116: [weak refs processing, 0.0000529 secs]2020-08-02T20:17:01.139+0800: 12561805.117: [class unloading, 0.0175666 secs]2020-08-02T20:17:01.156+0800: 12561805.134: [scrub symbol table, 0.0064440 secs]2020-08-02T20:17:01.163+0800: 12561805.141: [scrub string table, 0.0008518 secs][1 CMS-remark: 4576385K(5472256K)] 5159615K(6209536K), 0.0612593 secs] [Times: user=0.29 sys=0.00, real=0.06 secs] 
2020-08-02T20:17:01.164+0800: 12561805.142: [CMS-concurrent-sweep-start]
2020-08-02T20:17:02.808+0800: 12561806.786: [CMS-concurrent-sweep: 1.644/1.644 secs] [Times: user=1.89 sys=0.18, real=1.65 secs] 
2020-08-02T20:17:02.808+0800: 12561806.786: [CMS-concurrent-reset-start]
2020-08-02T20:17:02.827+0800: 12561806.804: [CMS-concurrent-reset: 0.019/0.019 secs] [Times: user=0.02 sys=0.00, real=0.02 secs] 
2020-08-02T20:17:04.827+0800: 12561808.805: [GC (CMS Initial Mark) [1 CMS-initial-mark: 4576372K(5472256K)] 5253674K(6209536K), 0.0371897 secs] [Times: user=0.27 sys=0.00, real=0.03 secs] 
2020-08-02T20:17:04.864+0800: 12561808.842: [CMS-concurrent-mark-start]
2020-08-02T20:17:07.698+0800: 12561811.676: [CMS-concurrent-mark: 2.833/2.833 secs] [Times: user=5.99 sys=0.23, real=2.83 secs] 
2020-08-02T20:17:07.698+0800: 12561811.676: [CMS-concurrent-preclean-start]
2020-08-02T20:17:07.706+0800: 12561811.683: [CMS-concurrent-preclean: 0.008/0.008 secs] [Times: user=0.01 sys=0.00, real=0.01 secs] 
2020-08-02T20:17:07.706+0800: 12561811.683: [CMS-concurrent-abortable-preclean-start]
2020-08-02T20:17:07.714+0800: 12561811.692: [GC (Allocation Failure) 2020-08-02T20:17:07.715+0800: 12561811.692: [ParNew: 716133K->81920K(737280K), 0.0638713 secs] 5292506K->4659989K(6209536K), 0.0640754 secs] [Times: user=0.47 sys=0.00, real=0.07 secs] 
 CMS: abort preclean due to time 2020-08-02T20:17:12.935+0800: 12561816.913: [CMS-concurrent-abortable-preclean: 4.163/5.229 secs] [Times: user=5.24 sys=0.47, real=5.23 secs] 
2020-08-02T20:17:12.936+0800: 12561816.914: [GC (CMS Final Remark) [YG occupancy: 185200 K (737280 K)]2020-08-02T20:17:12.936+0800: 12561816.914: [Rescan (parallel) , 0.0186657 secs]2020-08-02T20:17:12.955+0800: 12561816.933: [weak refs processing, 0.0000350 secs]2020-08-02T20:17:12.955+0800: 12561816.933: [class unloading, 0.0169082 secs]2020-08-02T20:17:12.972+0800: 12561816.950: [scrub symbol table, 0.0064405 secs]2020-08-02T20:17:12.979+0800: 12561816.956: [scrub string table, 0.0009118 secs][1 CMS-remark: 4578069K(5472256K)] 4763270K(6209536K), 0.0431116 secs] [Times: user=0.15 sys=0.00, real=0.05 secs] 
2020-08-02T20:17:12.980+0800: 12561816.958: [CMS-concurrent-sweep-start]
2020-08-02T20:17:14.641+0800: 12561818.618: [CMS-concurrent-sweep: 1.661/1.661 secs] [Times: user=1.87 sys=0.09, real=1.66 secs] 
2020-08-02T20:17:14.641+0800: 12561818.619: [CMS-concurrent-reset-start]
2020-08-02T20:17:14.659+0800: 12561818.637: [CMS-concurrent-reset: 0.019/0.019 secs] [Times: user=0.02 sys=0.00, real=0.02 secs] 
2020-08-02T20:17:16.660+0800: 12561820.638: [GC (CMS Initial Mark) [1 CMS-initial-mark: 4578068K(5472256K)] 4825191K(6209536K), 0.0155267 secs] [Times: user=0.11 sys=0.00, real=0.01 secs] 
2020-08-02T20:17:16.676+0800: 12561820.653: [CMS-concurrent-mark-start]
2020-08-02T20:17:19.392+0800: 12561823.370: [CMS-concurrent-mark: 2.717/2.717 secs] [Times: user=5.78 sys=0.01, real=2.72 secs] 
2020-08-02T20:17:19.393+0800: 12561823.370: [CMS-concurrent-preclean-start]
2020-08-02T20:17:19.401+0800: 12561823.379: [CMS-concurrent-preclean: 0.008/0.008 secs] [Times: user=0.01 sys=0.00, real=0.01 secs] 
2020-08-02T20:17:19.401+0800: 12561823.379: [CMS-concurrent-abortable-preclean-start]
 CMS: abort preclean due to time 2020-08-02T20:17:24.777+0800: 12561828.755: [CMS-concurrent-abortable-preclean: 4.375/5.376 secs] [Times: user=4.82 sys=0.28, real=5.37 secs] 
2020-08-02T20:17:24.778+0800: 12561828.756: [GC (CMS Final Remark) [YG occupancy: 379738 K (737280 K)]2020-08-02T20:17:24.779+0800: 12561828.756: [Rescan (parallel) , 0.0352511 secs]2020-08-02T20:17:24.814+0800: 12561828.792: [weak refs processing, 0.0000440 secs]2020-08-02T20:17:24.814+0800: 12561828.792: [class unloading, 0.0175541 secs]2020-08-02T20:17:24.831+0800: 12561828.809: [scrub symbol table, 0.0062603 secs]2020-08-02T20:17:24.838+0800: 12561828.816: [scrub string table, 0.0008583 secs][1 CMS-remark: 4578068K(5472256K)] 4957807K(6209536K), 0.0601209 secs] [Times: user=0.22 sys=0.00, real=0.06 secs] 
2020-08-02T20:17:24.839+0800: 12561828.817: [CMS-concurrent-sweep-start]
2020-08-02T20:17:26.516+0800: 12561830.494: [CMS-concurrent-sweep: 1.678/1.678 secs] [Times: user=1.79 sys=0.03, real=1.67 secs] 
2020-08-02T20:17:26.517+0800: 12561830.494: [CMS-concurrent-reset-start]
2020-08-02T20:17:26.536+0800: 12561830.514: [CMS-concurrent-reset: 0.019/0.019 secs] [Times: user=0.02 sys=0.00, real=0.02 secs] 
2020-08-02T20:17:28.536+0800: 12561832.514: [GC (CMS Initial Mark) [1 CMS-initial-mark: 4577365K(5472256K)] 5000105K(6209536K), 0.0267889 secs] [Times: user=0.18 sys=0.00, real=0.03 secs] 
2020-08-02T20:17:28.563+0800: 12561832.541: [CMS-concurrent-mark-start]
2020-08-02T20:17:32.664+0800: 12561836.642: [CMS-concurrent-mark: 4.092/4.101 secs] [Times: user=8.60 sys=0.01, real=4.10 secs] 
2020-08-02T20:17:32.665+0800: 12561836.642: [CMS-concurrent-preclean-start]
2020-08-02T20:17:32.672+0800: 12561836.650: [CMS-concurrent-preclean: 0.008/0.008 secs] [Times: user=0.01 sys=0.00, real=0.01 secs] 
2020-08-02T20:17:32.673+0800: 12561836.650: [CMS-concurrent-abortable-preclean-start]
 CMS: abort preclean due to time 2020-08-02T20:17:38.001+0800: 12561841.979: [CMS-concurrent-abortable-preclean: 4.128/5.329 secs] [Times: user=4.77 sys=0.31, real=5.33 secs] 
2020-08-02T20:17:38.003+0800: 12561841.980: [GC (CMS Final Remark) [YG occupancy: 578522 K (737280 K)]2020-08-02T20:17:38.003+0800: 12561841.981: [Rescan (parallel) , 0.0374505 secs]2020-08-02T20:17:38.040+0800: 12561842.018: [weak refs processing, 0.0000366 secs]2020-08-02T20:17:38.040+0800: 12561842.018: [class unloading, 0.0172496 secs]2020-08-02T20:17:38.057+0800: 12561842.035: [scrub symbol table, 0.0060644 secs]2020-08-02T20:17:38.064+0800: 12561842.041: [scrub string table, 0.0008524 secs][1 CMS-remark: 4577365K(5472256K)] 5155887K(6209536K), 0.0618266 secs] [Times: user=0.31 sys=0.00, real=0.06 secs] 
2020-08-02T20:17:38.065+0800: 12561842.042: [CMS-concurrent-sweep-start]
2020-08-02T20:17:39.765+0800: 12561843.742: [CMS-concurrent-sweep: 1.700/1.700 secs] [Times: user=1.83 sys=0.13, real=1.70 secs] 
2020-08-02T20:17:39.765+0800: 12561843.743: [CMS-concurrent-reset-start]
2020-08-02T20:17:39.784+0800: 12561843.761: [CMS-concurrent-reset: 0.019/0.019 secs] [Times: user=0.02 sys=0.00, real=0.02 secs] 
2020-08-02T20:17:41.784+0800: 12561845.762: [GC (CMS Initial Mark) [1 CMS-initial-mark: 4577363K(5472256K)] 5193345K(6209536K), 0.0356212 secs] [Times: user=0.26 sys=0.00, real=0.04 secs] 
2020-08-02T20:17:41.820+0800: 12561845.798: [CMS-concurrent-mark-start]
2020-08-02T20:17:45.977+0800: 12561849.955: [CMS-concurrent-mark: 4.157/4.157 secs] [Times: user=8.82 sys=0.40, real=4.15 secs] 
2020-08-02T20:17:45.977+0800: 12561849.955: [CMS-concurrent-preclean-start]
2020-08-02T20:17:45.986+0800: 12561849.963: [CMS-concurrent-preclean: 0.008/0.008 secs] [Times: user=0.02 sys=0.00, real=0.01 secs] 
2020-08-02T20:17:45.986+0800: 12561849.963: [CMS-concurrent-abortable-preclean-start]
2020-08-02T20:17:46.055+0800: 12561850.033: [GC (Allocation Failure) 2020-08-02T20:17:46.055+0800: 12561850.033: [ParNew: 737280K->81920K(737280K), 0.1155299 secs] 5314643K->4699610K(6209536K), 0.1156851 secs] [Times: user=0.74 sys=0.00, real=0.12 secs] 
 CMS: abort preclean due to time 2020-08-02T20:17:51.008+0800: 12561854.986: [CMS-concurrent-abortable-preclean: 4.302/5.022 secs] [Times: user=5.76 sys=0.66, real=5.03 secs] 
2020-08-02T20:17:51.009+0800: 12561854.987: [GC (CMS Final Remark) [YG occupancy: 209529 K (737280 K)]2020-08-02T20:17:51.009+0800: 12561854.987: [Rescan (parallel) , 0.0191821 secs]2020-08-02T20:17:51.029+0800: 12561855.006: [weak refs processing, 0.0000422 secs]2020-08-02T20:17:51.029+0800: 12561855.006: [class unloading, 0.0172255 secs]2020-08-02T20:17:51.046+0800: 12561855.024: [scrub symbol table, 0.0064456 secs]2020-08-02T20:17:51.052+0800: 12561855.030: [scrub string table, 0.0008635 secs][1 CMS-remark: 4617690K(5472256K)] 4827220K(6209536K), 0.0439163 secs] [Times: user=0.13 sys=0.00, real=0.04 secs] 
2020-08-02T20:17:51.053+0800: 12561855.031: [CMS-concurrent-sweep-start]
2020-08-02T20:17:52.872+0800: 12561856.850: [CMS-concurrent-sweep: 1.819/1.819 secs] [Times: user=2.40 sys=0.34, real=1.82 secs] 
2020-08-02T20:17:52.872+0800: 12561856.850: [CMS-concurrent-reset-start]
2020-08-02T20:17:52.891+0800: 12561856.868: [CMS-concurrent-reset: 0.019/0.019 secs] [Times: user=0.03 sys=0.00, real=0.02 secs] 
2020-08-02T20:17:54.891+0800: 12561858.869: [GC (CMS Initial Mark) [1 CMS-initial-mark: 4617686K(5472256K)] 4955064K(6209536K), 0.0197736 secs] [Times: user=0.14 sys=0.00, real=0.02 secs] 
2020-08-02T20:17:54.911+0800: 12561858.889: [CMS-concurrent-mark-start]
2020-08-02T20:17:57.735+0800: 12561861.713: [CMS-concurrent-mark: 2.824/2.824 secs] [Times: user=6.09 sys=0.31, real=2.82 secs] 
2020-08-02T20:17:57.735+0800: 12561861.713: [CMS-concurrent-preclean-start]
2020-08-02T20:17:57.744+0800: 12561861.721: [CMS-concurrent-preclean: 0.008/0.008 secs] [Times: user=0.01 sys=0.00, real=0.01 secs] 
2020-08-02T20:17:57.744+0800: 12561861.721: [CMS-concurrent-abortable-preclean-start]
 CMS: abort preclean due to time 2020-08-02T20:18:04.933+0800: 12561868.911: [CMS-concurrent-abortable-preclean: 6.389/7.189 secs] [Times: user=4.54 sys=0.44, real=7.19 secs] 
2020-08-02T20:18:04.935+0800: 12561868.912: [GC (CMS Final Remark) [YG occupancy: 491706 K (737280 K)]2020-08-02T20:18:04.935+0800: 12561868.912: [Rescan (parallel) , 0.0303425 secs]2020-08-02T20:18:04.965+0800: 12561868.943: [weak refs processing, 0.0000506 secs]2020-08-02T20:18:04.965+0800: 12561868.943: [class unloading, 0.0177784 secs]2020-08-02T20:18:04.983+0800: 12561868.961: [scrub symbol table, 0.0064431 secs]2020-08-02T20:18:04.989+0800: 12561868.967: [scrub string table, 0.0008369 secs][1 CMS-remark: 4617686K(5472256K)] 5109393K(6209536K), 0.0556065 secs] [Times: user=0.26 sys=0.01, real=0.06 secs] 
2020-08-02T20:18:04.990+0800: 12561868.968: [CMS-concurrent-sweep-start]
2020-08-02T20:18:06.684+0800: 12561870.662: [CMS-concurrent-sweep: 1.694/1.694 secs] [Times: user=1.88 sys=0.12, real=1.69 secs] 
2020-08-02T20:18:06.684+0800: 12561870.662: [CMS-concurrent-reset-start]
2020-08-02T20:18:06.703+0800: 12561870.681: [CMS-concurrent-reset: 0.018/0.018 secs] [Times: user=0.02 sys=0.00, real=0.02 secs] 
2020-08-02T20:18:08.703+0800: 12561872.681: [GC (CMS Initial Mark) [1 CMS-initial-mark: 4616911K(5472256K)] 5147802K(6209536K), 0.0304237 secs] [Times: user=0.22 sys=0.01, real=0.03 secs] 
2020-08-02T20:18:08.734+0800: 12561872.712: [CMS-concurrent-mark-start]
2020-08-02T20:18:11.475+0800: 12561875.453: [CMS-concurrent-mark: 2.741/2.741 secs] [Times: user=5.77 sys=0.14, real=2.74 secs] 
2020-08-02T20:18:11.475+0800: 12561875.453: [CMS-concurrent-preclean-start]
2020-08-02T20:18:11.483+0800: 12561875.461: [CMS-concurrent-preclean: 0.008/0.008 secs] [Times: user=0.01 sys=0.01, real=0.01 secs] 
2020-08-02T20:18:11.483+0800: 12561875.461: [CMS-concurrent-abortable-preclean-start]
 CMS: abort preclean due to time 2020-08-02T20:18:16.859+0800: 12561880.837: [CMS-concurrent-abortable-preclean: 4.173/5.376 secs] [Times: user=4.67 sys=0.38, real=5.38 secs] 
2020-08-02T20:18:16.861+0800: 12561880.838: [GC (CMS Final Remark) [YG occupancy: 647483 K (737280 K)]2020-08-02T20:18:16.861+0800: 12561880.838: [Rescan (parallel) , 0.0433812 secs]2020-08-02T20:18:16.904+0800: 12561880.882: [weak refs processing, 0.0000386 secs]2020-08-02T20:18:16.904+0800: 12561880.882: [class unloading, 0.0172163 secs]2020-08-02T20:18:16.921+0800: 12561880.899: [scrub symbol table, 0.0061500 secs]2020-08-02T20:18:16.927+0800: 12561880.905: [scrub string table, 0.0008690 secs][1 CMS-remark: 4616911K(5472256K)] 5264395K(6209536K), 0.0678175 secs] [Times: user=0.35 sys=0.00, real=0.07 secs] 
2020-08-02T20:18:16.929+0800: 12561880.906: [CMS-concurrent-sweep-start]
2020-08-02T20:18:18.648+0800: 12561882.626: [CMS-concurrent-sweep: 1.719/1.719 secs] [Times: user=1.94 sys=0.04, real=1.72 secs] 
2020-08-02T20:18:18.648+0800: 12561882.626: [CMS-concurrent-reset-start]
2020-08-02T20:18:18.666+0800: 12561882.644: [CMS-concurrent-reset: 0.019/0.019 secs] [Times: user=0.02 sys=0.00, real=0.02 secs] 
2020-08-02T20:18:20.667+0800: 12561884.645: [GC (CMS Initial Mark) [1 CMS-initial-mark: 4616779K(5472256K)] 5311129K(6209536K), 0.0399190 secs] [Times: user=0.28 sys=0.01, real=0.04 secs] 
2020-08-02T20:18:20.707+0800: 12561884.685: [CMS-concurrent-mark-start]
2020-08-02T20:18:23.407+0800: 12561887.385: [CMS-concurrent-mark: 2.700/2.700 secs] [Times: user=5.70 sys=0.03, real=2.70 secs] 
2020-08-02T20:18:23.407+0800: 12561887.385: [CMS-concurrent-preclean-start]
2020-08-02T20:18:23.418+0800: 12561887.396: [CMS-concurrent-preclean: 0.011/0.011 secs] [Times: user=0.01 sys=0.00, real=0.00 secs] 
2020-08-02T20:18:23.418+0800: 12561887.396: [CMS-concurrent-abortable-preclean-start]
2020-08-02T20:18:23.446+0800: 12561887.424: [GC (Allocation Failure) 2020-08-02T20:18:23.446+0800: 12561887.424: [ParNew: 737280K->81920K(737280K), 0.1222942 secs] 5354059K->4754195K(6209536K), 0.1224472 secs] [Times: user=0.61 sys=0.00, real=0.13 secs] 
 CMS: abort preclean due to time 2020-08-02T20:18:28.672+0800: 12561892.649: [CMS-concurrent-abortable-preclean: 3.824/5.253 secs] [Times: user=4.97 sys=0.24, real=5.26 secs] 
2020-08-02T20:18:28.673+0800: 12561892.651: [GC (CMS Final Remark) [YG occupancy: 197984 K (737280 K)]2020-08-02T20:18:28.673+0800: 12561892.651: [Rescan (parallel) , 0.0156948 secs]2020-08-02T20:18:28.689+0800: 12561892.667: [weak refs processing, 0.0000396 secs]2020-08-02T20:18:28.689+0800: 12561892.667: [class unloading, 0.0168779 secs]2020-08-02T20:18:28.706+0800: 12561892.684: [scrub symbol table, 0.0060698 secs]2020-08-02T20:18:28.712+0800: 12561892.690: [scrub string table, 0.0008463 secs][1 CMS-remark: 4672275K(5472256K)] 4870259K(6209536K), 0.0396755 secs] [Times: user=0.15 sys=0.00, real=0.04 secs] 
2020-08-02T20:18:28.713+0800: 12561892.691: [CMS-concurrent-sweep-start]
2020-08-02T20:18:30.384+0800: 12561894.362: [CMS-concurrent-sweep: 1.672/1.672 secs] [Times: user=1.81 sys=0.07, real=1.67 secs] 
2020-08-02T20:18:30.385+0800: 12561894.362: [CMS-concurrent-reset-start]
2020-08-02T20:18:30.403+0800: 12561894.380: [CMS-concurrent-reset: 0.018/0.018 secs] [Times: user=0.02 sys=0.00, real=0.02 secs] 
2020-08-02T20:18:32.403+0800: 12561896.381: [GC (CMS Initial Mark) [1 CMS-initial-mark: 4672274K(5472256K)] 4899403K(6209536K), 0.0137623 secs] [Times: user=0.10 sys=0.00, real=0.01 secs] 
2020-08-02T20:18:32.417+0800: 12561896.395: [CMS-concurrent-mark-start]
2020-08-02T20:18:35.237+0800: 12561899.215: [CMS-concurrent-mark: 2.820/2.820 secs] [Times: user=5.98 sys=0.17, real=2.82 secs] 
2020-08-02T20:18:35.237+0800: 12561899.215: [CMS-concurrent-preclean-start]
2020-08-02T20:18:35.245+0800: 12561899.222: [CMS-concurrent-preclean: 0.008/0.008 secs] [Times: user=0.00 sys=0.00, real=0.01 secs] 
2020-08-02T20:18:35.245+0800: 12561899.222: [CMS-concurrent-abortable-preclean-start]
 CMS: abort preclean due to time 2020-08-02T20:18:40.391+0800: 12561904.369: [CMS-concurrent-abortable-preclean: 3.845/5.146 secs] [Times: user=4.24 sys=0.16, real=5.15 secs] 
2020-08-02T20:18:40.392+0800: 12561904.370: [GC (CMS Final Remark) [YG occupancy: 312545 K (737280 K)]2020-08-02T20:18:40.392+0800: 12561904.370: [Rescan (parallel) , 0.0422437 secs]2020-08-02T20:18:40.435+0800: 12561904.413: [weak refs processing, 0.0000766 secs]2020-08-02T20:18:40.435+0800: 12561904.413: [class unloading, 0.0181205 secs]2020-08-02T20:18:40.453+0800: 12561904.431: [scrub symbol table, 0.0080236 secs]2020-08-02T20:18:40.461+0800: 12561904.439: [scrub string table, 0.0012136 secs][1 CMS-remark: 4672274K(5472256K)] 4984819K(6209536K), 0.0698709 secs] [Times: user=0.22 sys=0.00, real=0.07 secs] 
2020-08-02T20:18:40.463+0800: 12561904.440: [CMS-concurrent-sweep-start]
2020-08-02T20:18:42.170+0800: 12561906.148: [CMS-concurrent-sweep: 1.707/1.707 secs] [Times: user=1.83 sys=0.01, real=1.71 secs] 
2020-08-02T20:18:42.170+0800: 12561906.148: [CMS-concurrent-reset-start]
2020-08-02T20:18:42.188+0800: 12561906.166: [CMS-concurrent-reset: 0.018/0.018 secs] [Times: user=0.02 sys=0.00, real=0.02 secs] 
2020-08-02T20:18:44.189+0800: 12561908.166: [GC (CMS Initial Mark) [1 CMS-initial-mark: 4661790K(5472256K)] 5020628K(6209536K), 0.0243161 secs] [Times: user=0.13 sys=0.00, real=0.02 secs] 
2020-08-02T20:18:44.213+0800: 12561908.191: [CMS-concurrent-mark-start]
2020-08-02T20:18:47.015+0800: 12561910.993: [CMS-concurrent-mark: 2.802/2.802 secs] [Times: user=5.87 sys=0.00, real=2.80 secs] 
2020-08-02T20:18:47.015+0800: 12561910.993: [CMS-concurrent-preclean-start]
2020-08-02T20:18:47.024+0800: 12561911.002: [CMS-concurrent-preclean: 0.009/0.009 secs] [Times: user=0.01 sys=0.00, real=0.01 secs] 
2020-08-02T20:18:47.024+0800: 12561911.002: [CMS-concurrent-abortable-preclean-start]
 CMS: abort preclean due to time 2020-08-02T20:18:52.187+0800: 12561916.165: [CMS-concurrent-abortable-preclean: 3.862/5.163 secs] [Times: user=4.22 sys=0.28, real=5.17 secs] 
2020-08-02T20:18:52.189+0800: 12561916.166: [GC (CMS Final Remark) [YG occupancy: 441600 K (737280 K)]2020-08-02T20:18:52.189+0800: 12561916.167: [Rescan (parallel) , 0.0284813 secs]2020-08-02T20:18:52.217+0800: 12561916.195: [weak refs processing, 0.0000372 secs]2020-08-02T20:18:52.217+0800: 12561916.195: [class unloading, 0.0174335 secs]2020-08-02T20:18:52.235+0800: 12561916.213: [scrub symbol table, 0.0063933 secs]2020-08-02T20:18:52.241+0800: 12561916.219: [scrub string table, 0.0008915 secs][1 CMS-remark: 4661790K(5472256K)] 5103390K(6209536K), 0.0534048 secs] [Times: user=0.24 sys=0.00, real=0.05 secs] 
2020-08-02T20:18:52.260+0800: 12561916.237: [CMS-concurrent-sweep-start]
2020-08-02T20:18:53.955+0800: 12561917.933: [CMS-concurrent-sweep: 1.695/1.695 secs] [Times: user=1.87 sys=0.18, real=1.69 secs] 
2020-08-02T20:18:53.955+0800: 12561917.933: [CMS-concurrent-reset-start]
2020-08-02T20:18:53.974+0800: 12561917.952: [CMS-concurrent-reset: 0.019/0.019 secs] [Times: user=0.03 sys=0.00, real=0.02 secs] 
2020-08-02T20:18:55.974+0800: 12561919.952: [GC (CMS Initial Mark) [1 CMS-initial-mark: 4661789K(5472256K)] 5166287K(6209536K), 0.0286226 secs] [Times: user=0.22 sys=0.01, real=0.03 secs] 
2020-08-02T20:18:56.003+0800: 12561919.981: [CMS-concurrent-mark-start]
2020-08-02T20:18:58.806+0800: 12561922.784: [CMS-concurrent-mark: 2.803/2.803 secs] [Times: user=6.01 sys=0.12, real=2.80 secs] 
2020-08-02T20:18:58.806+0800: 12561922.784: [CMS-concurrent-preclean-start]
2020-08-02T20:18:58.814+0800: 12561922.792: [CMS-concurrent-preclean: 0.008/0.008 secs] [Times: user=0.01 sys=0.00, real=0.01 secs] 
2020-08-02T20:18:58.814+0800: 12561922.792: [CMS-concurrent-abortable-preclean-start]
 CMS: abort preclean due to time 2020-08-02T20:19:03.894+0800: 12561927.872: [CMS-concurrent-abortable-preclean: 3.779/5.080 secs] [Times: user=4.22 sys=0.36, real=5.08 secs] 
2020-08-02T20:19:03.896+0800: 12561927.873: [GC (CMS Final Remark) [YG occupancy: 623850 K (737280 K)]2020-08-02T20:19:03.896+0800: 12561927.873: [Rescan (parallel) , 0.0470390 secs]2020-08-02T20:19:03.943+0800: 12561927.920: [weak refs processing, 0.0000370 secs]2020-08-02T20:19:03.943+0800: 12561927.921: [class unloading, 0.0195753 secs]2020-08-02T20:19:03.962+0800: 12561927.940: [scrub symbol table, 0.0061533 secs]2020-08-02T20:19:03.968+0800: 12561927.946: [scrub string table, 0.0008942 secs][1 CMS-remark: 4661789K(5472256K)] 5285639K(6209536K), 0.0738835 secs] [Times: user=0.36 sys=0.00, real=0.08 secs] 
2020-08-02T20:19:03.970+0800: 12561927.947: [CMS-concurrent-sweep-start]
2020-08-02T20:19:05.654+0800: 12561929.632: [CMS-concurrent-sweep: 1.685/1.685 secs] [Times: user=1.85 sys=0.10, real=1.68 secs] 
2020-08-02T20:19:05.654+0800: 12561929.632: [CMS-concurrent-reset-start]
2020-08-02T20:19:05.673+0800: 12561929.650: [CMS-concurrent-reset: 0.018/0.018 secs] [Times: user=0.02 sys=0.00, real=0.02 secs] 
2020-08-02T20:19:07.673+0800: 12561931.651: [GC (CMS Initial Mark) [1 CMS-initial-mark: 4661660K(5472256K)] 5334831K(6209536K), 0.0375205 secs] [Times: user=0.26 sys=0.00, real=0.04 secs] 
2020-08-02T20:19:07.711+0800: 12561931.689: [CMS-concurrent-mark-start]
2020-08-02T20:19:10.511+0800: 12561934.489: [CMS-concurrent-mark: 2.800/2.801 secs] [Times: user=5.91 sys=0.11, real=2.80 secs] 
2020-08-02T20:19:10.511+0800: 12561934.489: [CMS-concurrent-preclean-start]
2020-08-02T20:19:10.519+0800: 12561934.497: [CMS-concurrent-preclean: 0.008/0.008 secs] [Times: user=0.01 sys=0.00, real=0.01 secs] 
2020-08-02T20:19:10.519+0800: 12561934.497: [CMS-concurrent-abortable-preclean-start]
2020-08-02T20:19:13.052+0800: 12561937.030: [GC (Allocation Failure) 2020-08-02T20:19:13.052+0800: 12561937.030: [ParNew2020-08-02T20:19:13.098+0800: 12561937.076: [CMS-concurrent-abortable-preclean: 1.878/2.579 secs] [Times: user=2.38 sys=0.08, real=2.57 secs] 
: 737280K->81920K(737280K), 0.1083141 secs] 5398940K->4779142K(6209536K), 0.1084846 secs] [Times: user=0.62 sys=0.02, real=0.11 secs] 
2020-08-02T20:19:13.162+0800: 12561937.140: [GC (CMS Final Remark) [YG occupancy: 93821 K (737280 K)]2020-08-02T20:19:13.162+0800: 12561937.140: [Rescan (parallel) , 0.0172991 secs]2020-08-02T20:19:13.179+0800: 12561937.157: [weak refs processing, 0.0000372 secs]2020-08-02T20:19:13.179+0800: 12561937.157: [class unloading, 0.0172575 secs]2020-08-02T20:19:13.197+0800: 12561937.175: [scrub symbol table, 0.0063920 secs]2020-08-02T20:19:13.203+0800: 12561937.181: [scrub string table, 0.0008512 secs][1 CMS-remark: 4697222K(5472256K)] 4791044K(6209536K), 0.0419809 secs] [Times: user=0.14 sys=0.00, real=0.04 secs] 
2020-08-02T20:19:13.204+0800: 12561937.182: [CMS-concurrent-sweep-start]
2020-08-02T20:19:14.904+0800: 12561938.882: [CMS-concurrent-sweep: 1.699/1.700 secs] [Times: user=1.94 sys=0.03, real=1.70 secs] 
2020-08-02T20:19:14.904+0800: 12561938.882: [CMS-concurrent-reset-start]
2020-08-02T20:19:14.923+0800: 12561938.901: [CMS-concurrent-reset: 0.019/0.019 secs] [Times: user=0.01 sys=0.01, real=0.02 secs] 
2020-08-02T20:19:16.923+0800: 12561940.901: [GC (CMS Initial Mark) [1 CMS-initial-mark: 4697218K(5472256K)] 4843588K(6209536K), 0.0094743 secs] [Times: user=0.06 sys=0.00, real=0.01 secs] 
2020-08-02T20:19:16.933+0800: 12561940.911: [CMS-concurrent-mark-start]
2020-08-02T20:19:19.725+0800: 12561943.702: [CMS-concurrent-mark: 2.792/2.792 secs] [Times: user=5.92 sys=0.08, real=2.79 secs] 
2020-08-02T20:19:19.725+0800: 12561943.703: [CMS-concurrent-preclean-start]
2020-08-02T20:19:19.732+0800: 12561943.710: [CMS-concurrent-preclean: 0.007/0.007 secs] [Times: user=0.01 sys=0.00, real=0.01 secs] 
2020-08-02T20:19:19.732+0800: 12561943.710: [CMS-concurrent-abortable-preclean-start]
 CMS: abort preclean due to time 2020-08-02T20:19:25.079+0800: 12561949.056: [CMS-concurrent-abortable-preclean: 4.145/5.346 secs] [Times: user=4.68 sys=0.59, real=5.35 secs] 
2020-08-02T20:19:25.080+0800: 12561949.058: [GC (CMS Final Remark) [YG occupancy: 319376 K (737280 K)]2020-08-02T20:19:25.080+0800: 12561949.058: [Rescan (parallel) , 0.0293441 secs]2020-08-02T20:19:25.110+0800: 12561949.087: [weak refs processing, 0.0000879 secs]2020-08-02T20:19:25.110+0800: 12561949.088: [class unloading, 0.0189534 secs]2020-08-02T20:19:25.129+0800: 12561949.107: [scrub symbol table, 0.0061572 secs]2020-08-02T20:19:25.135+0800: 12561949.113: [scrub string table, 0.0008541 secs][1 CMS-remark: 4697218K(5472256K)] 5016595K(6209536K), 0.0555559 secs] [Times: user=0.21 sys=0.00, real=0.05 secs] 
2020-08-02T20:19:25.136+0800: 12561949.114: [CMS-concurrent-sweep-start]
2020-08-02T20:19:26.878+0800: 12561950.855: [CMS-concurrent-sweep: 1.742/1.742 secs] [Times: user=1.94 sys=0.15, real=1.74 secs] 
2020-08-02T20:19:26.878+0800: 12561950.856: [CMS-concurrent-reset-start]
2020-08-02T20:19:26.896+0800: 12561950.874: [CMS-concurrent-reset: 0.018/0.018 secs] [Times: user=0.02 sys=0.00, real=0.02 secs] 
2020-08-02T20:19:28.897+0800: 12561952.875: [GC (CMS Initial Mark) [1 CMS-initial-mark: 4696041K(5472256K)] 5080798K(6209536K), 0.0225342 secs] [Times: user=0.17 sys=0.00, real=0.03 secs] 
2020-08-02T20:19:28.920+0800: 12561952.897: [CMS-concurrent-mark-start]
2020-08-02T20:19:31.739+0800: 12561955.717: [CMS-concurrent-mark: 2.820/2.820 secs] [Times: user=6.11 sys=0.22, real=2.82 secs] 
2020-08-02T20:19:31.739+0800: 12561955.717: [CMS-concurrent-preclean-start]
2020-08-02T20:19:31.747+0800: 12561955.725: [CMS-concurrent-preclean: 0.008/0.008 secs] [Times: user=0.02 sys=0.00, real=0.01 secs] 
2020-08-02T20:19:31.747+0800: 12561955.725: [CMS-concurrent-abortable-preclean-start]
 CMS: abort preclean due to time 2020-08-02T20:19:37.000+0800: 12561960.978: [CMS-concurrent-abortable-preclean: 4.052/5.253 secs] [Times: user=4.53 sys=0.43, real=5.25 secs] 
2020-08-02T20:19:37.001+0800: 12561960.979: [GC (CMS Final Remark) [YG occupancy: 547399 K (737280 K)]2020-08-02T20:19:37.001+0800: 12561960.979: [Rescan (parallel) , 0.0354125 secs]2020-08-02T20:19:37.037+0800: 12561961.015: [weak refs processing, 0.0000419 secs]2020-08-02T20:19:37.037+0800: 12561961.015: [class unloading, 0.0176206 secs]2020-08-02T20:19:37.055+0800: 12561961.032: [scrub symbol table, 0.0064783 secs]2020-08-02T20:19:37.061+0800: 12561961.039: [scrub string table, 0.0008687 secs][1 CMS-remark: 4696041K(5472256K)] 5243441K(6209536K), 0.0605931 secs] [Times: user=0.29 sys=0.00, real=0.06 secs] 
2020-08-02T20:19:37.062+0800: 12561961.040: [CMS-concurrent-sweep-start]
2020-08-02T20:19:38.802+0800: 12561962.780: [CMS-concurrent-sweep: 1.740/1.740 secs] [Times: user=1.94 sys=0.11, real=1.74 secs] 
2020-08-02T20:19:38.802+0800: 12561962.780: [CMS-concurrent-reset-start]
2020-08-02T20:19:38.821+0800: 12561962.799: [CMS-concurrent-reset: 0.019/0.019 secs] [Times: user=0.02 sys=0.00, real=0.02 secs] 
2020-08-02T20:19:40.822+0800: 12561964.800: [GC (CMS Initial Mark) [1 CMS-initial-mark: 4696029K(5472256K)] 5304966K(6209536K), 0.0449003 secs] [Times: user=0.25 sys=0.00, real=0.05 secs] 
2020-08-02T20:19:40.867+0800: 12561964.845: [CMS-concurrent-mark-start]
2020-08-02T20:19:43.738+0800: 12561967.715: [CMS-concurrent-mark: 2.868/2.871 secs] [Times: user=6.13 sys=0.06, real=2.86 secs] 
2020-08-02T20:19:43.738+0800: 12561967.716: [CMS-concurrent-preclean-start]
2020-08-02T20:19:43.745+0800: 12561967.723: [CMS-concurrent-preclean: 0.007/0.008 secs] [Times: user=0.01 sys=0.00, real=0.01 secs] 
2020-08-02T20:19:43.745+0800: 12561967.723: [CMS-concurrent-abortable-preclean-start]
2020-08-02T20:19:48.454+0800: 12561972.432: [GC (Allocation Failure) 2020-08-02T20:19:48.454+0800: 12561972.432: [ParNew: 737280K->81920K(737280K), 0.0906898 secs] 5433309K->4806196K(6209536K), 0.0908747 secs] [Times: user=0.62 sys=0.00, real=0.09 secs] 
 CMS: abort preclean due to time 2020-08-02T20:19:48.876+0800: 12561972.853: [CMS-concurrent-abortable-preclean: 3.933/5.130 secs] [Times: user=4.99 sys=0.25, real=5.13 secs] 
2020-08-02T20:19:48.883+0800: 12561972.861: [GC (CMS Final Remark) [YG occupancy: 95304 K (737280 K)]2020-08-02T20:19:48.883+0800: 12561972.861: [Rescan (parallel) , 0.0162759 secs]2020-08-02T20:19:48.900+0800: 12561972.878: [weak refs processing, 0.0000389 secs]2020-08-02T20:19:48.900+0800: 12561972.878: [class unloading, 0.0179276 secs]2020-08-02T20:19:48.918+0800: 12561972.896: [scrub symbol table, 0.0063943 secs]2020-08-02T20:19:48.924+0800: 12561972.902: [scrub string table, 0.0008575 secs][1 CMS-remark: 4724276K(5472256K)] 4819581K(6209536K), 0.0416444 secs] [Times: user=0.11 sys=0.00, real=0.04 secs] 
2020-08-02T20:19:48.925+0800: 12561972.903: [CMS-concurrent-sweep-start]
2020-08-02T20:19:50.676+0800: 12561974.654: [CMS-concurrent-sweep: 1.751/1.751 secs] [Times: user=1.98 sys=0.05, real=1.75 secs] 
2020-08-02T20:19:50.676+0800: 12561974.654: [CMS-concurrent-reset-start]
2020-08-02T20:19:50.695+0800: 12561974.673: [CMS-concurrent-reset: 0.019/0.019 secs] [Times: user=0.02 sys=0.00, real=0.02 secs] 
2020-08-02T20:19:52.695+0800: 12561976.673: [GC (CMS Initial Mark) [1 CMS-initial-mark: 4724143K(5472256K)] 4962702K(6209536K), 0.0173206 secs] [Times: user=0.11 sys=0.00, real=0.02 secs] 
2020-08-02T20:19:52.713+0800: 12561976.691: [CMS-concurrent-mark-start]
2020-08-02T20:19:55.460+0800: 12561979.438: [CMS-concurrent-mark: 2.746/2.747 secs] [Times: user=5.76 sys=0.13, real=2.75 secs] 
2020-08-02T20:19:55.460+0800: 12561979.438: [CMS-concurrent-preclean-start]
2020-08-02T20:19:55.468+0800: 12561979.446: [CMS-concurrent-preclean: 0.008/0.008 secs] [Times: user=0.00 sys=0.00, real=0.01 secs] 
2020-08-02T20:19:55.468+0800: 12561979.446: [CMS-concurrent-abortable-preclean-start]
 CMS: abort preclean due to time 2020-08-02T20:20:00.761+0800: 12561984.739: [CMS-concurrent-abortable-preclean: 4.291/5.293 secs] [Times: user=4.73 sys=0.37, real=5.29 secs] 
2020-08-02T20:20:00.763+0800: 12561984.741: [GC (CMS Final Remark) [YG occupancy: 323850 K (737280 K)]2020-08-02T20:20:00.763+0800: 12561984.741: [Rescan (parallel) , 0.0216767 secs]2020-08-02T20:20:00.785+0800: 12561984.762: [weak refs processing, 0.0000621 secs]2020-08-02T20:20:00.785+0800: 12561984.762: [class unloading, 0.0178451 secs]2020-08-02T20:20:00.803+0800: 12561984.780: [scrub symbol table, 0.0062382 secs]2020-08-02T20:20:00.809+0800: 12561984.787: [scrub string table, 0.0008710 secs][1 CMS-remark: 4724143K(5472256K)] 5047994K(6209536K), 0.0468644 secs] [Times: user=0.19 sys=0.00, real=0.05 secs] 
2020-08-02T20:20:00.810+0800: 12561984.788: [CMS-concurrent-sweep-start]
2020-08-02T20:20:02.545+0800: 12561986.522: [CMS-concurrent-sweep: 1.735/1.735 secs] [Times: user=1.95 sys=0.19, real=1.73 secs] 
2020-08-02T20:20:02.545+0800: 12561986.523: [CMS-concurrent-reset-start]
2020-08-02T20:20:02.565+0800: 12561986.543: [CMS-concurrent-reset: 0.020/0.020 secs] [Times: user=0.04 sys=0.01, real=0.02 secs] 
2020-08-02T20:20:04.565+0800: 12561988.543: [GC (CMS Initial Mark) [1 CMS-initial-mark: 4723007K(5472256K)] 5119854K(6209536K), 0.0235409 secs] [Times: user=0.17 sys=0.00, real=0.03 secs] 
2020-08-02T20:20:04.589+0800: 12561988.567: [CMS-concurrent-mark-start]
2020-08-02T20:20:07.333+0800: 12561991.311: [CMS-concurrent-mark: 2.744/2.744 secs] [Times: user=5.90 sys=0.16, real=2.74 secs] 
2020-08-02T20:20:07.333+0800: 12561991.311: [CMS-concurrent-preclean-start]
2020-08-02T20:20:07.341+0800: 12561991.319: [CMS-concurrent-preclean: 0.008/0.008 secs] [Times: user=0.01 sys=0.00, real=0.01 secs] 
2020-08-02T20:20:07.341+0800: 12561991.319: [CMS-concurrent-abortable-preclean-start]
 CMS: abort preclean due to time 2020-08-02T20:20:12.726+0800: 12561996.703: [CMS-concurrent-abortable-preclean: 4.384/5.385 secs] [Times: user=4.95 sys=0.49, real=5.38 secs] 
2020-08-02T20:20:12.727+0800: 12561996.705: [GC (CMS Final Remark) [YG occupancy: 539489 K (737280 K)]2020-08-02T20:20:12.727+0800: 12561996.705: [Rescan (parallel) , 0.0344245 secs]2020-08-02T20:20:12.762+0800: 12561996.739: [weak refs processing, 0.0000363 secs]2020-08-02T20:20:12.762+0800: 12561996.739: [class unloading, 0.0183675 secs]2020-08-02T20:20:12.780+0800: 12561996.758: [scrub symbol table, 0.0062064 secs]2020-08-02T20:20:12.786+0800: 12561996.764: [scrub string table, 0.0009129 secs][1 CMS-remark: 4723007K(5472256K)] 5262497K(6209536K), 0.0601126 secs] [Times: user=0.29 sys=0.00, real=0.06 secs] 
2020-08-02T20:20:12.787+0800: 12561996.765: [CMS-concurrent-sweep-start]
2020-08-02T20:20:14.504+0800: 12561998.482: [CMS-concurrent-sweep: 1.717/1.717 secs] [Times: user=1.85 sys=0.15, real=1.71 secs] 
2020-08-02T20:20:14.504+0800: 12561998.482: [CMS-concurrent-reset-start]
2020-08-02T20:20:14.523+0800: 12561998.501: [CMS-concurrent-reset: 0.019/0.019 secs] [Times: user=0.03 sys=0.00, real=0.02 secs] 
2020-08-02T20:20:16.524+0800: 12562000.502: [GC (CMS Initial Mark) [1 CMS-initial-mark: 4723005K(5472256K)] 5339295K(6209536K), 0.0380861 secs] [Times: user=0.25 sys=0.00, real=0.04 secs] 
2020-08-02T20:20:16.562+0800: 12562000.540: [CMS-concurrent-mark-start]
2020-08-02T20:20:19.370+0800: 12562003.348: [CMS-concurrent-mark: 2.808/2.808 secs] [Times: user=6.12 sys=0.24, real=2.81 secs] 
2020-08-02T20:20:19.370+0800: 12562003.348: [CMS-concurrent-preclean-start]
2020-08-02T20:20:19.378+0800: 12562003.356: [CMS-concurrent-preclean: 0.008/0.008 secs] [Times: user=0.00 sys=0.01, real=0.01 secs] 
2020-08-02T20:20:19.379+0800: 12562003.356: [CMS-concurrent-abortable-preclean-start]
2020-08-02T20:20:21.978+0800: 12562005.956: [GC (Allocation Failure) 2020-08-02T20:20:21.978+0800: 12562005.956: [ParNew2020-08-02T20:20:21.994+0800: 12562005.972: [CMS-concurrent-abortable-preclean: 2.215/2.616 secs] [Times: user=2.53 sys=0.32, real=2.61 secs] 
: 737280K->81920K(737280K), 0.1037630 secs] 5460285K->4845117K(6209536K), 0.1039336 secs] [Times: user=0.66 sys=0.00, real=0.11 secs] 
2020-08-02T20:20:22.084+0800: 12562006.061: [GC (CMS Final Remark) [YG occupancy: 82069 K (737280 K)]2020-08-02T20:20:22.084+0800: 12562006.062: [Rescan (parallel) , 0.0206542 secs]2020-08-02T20:20:22.104+0800: 12562006.082: [weak refs processing, 0.0000364 secs]2020-08-02T20:20:22.104+0800: 12562006.082: [class unloading, 0.0185423 secs]2020-08-02T20:20:22.123+0800: 12562006.101: [scrub symbol table, 0.0067314 secs]2020-08-02T20:20:22.130+0800: 12562006.108: [scrub string table, 0.0009206 secs][1 CMS-remark: 4763197K(5472256K)] 4845266K(6209536K), 0.0470585 secs] [Times: user=0.17 sys=0.00, real=0.05 secs] 
2020-08-02T20:20:22.131+0800: 12562006.109: [CMS-concurrent-sweep-start]
2020-08-02T20:20:23.888+0800: 12562007.865: [CMS-concurrent-sweep: 1.757/1.757 secs] [Times: user=2.02 sys=0.25, real=1.76 secs] 
2020-08-02T20:20:23.888+0800: 12562007.866: [CMS-concurrent-reset-start]
2020-08-02T20:20:23.906+0800: 12562007.884: [CMS-concurrent-reset: 0.019/0.019 secs] [Times: user=0.03 sys=0.01, real=0.02 secs] 
2020-08-02T20:20:25.907+0800: 12562009.885: [GC (CMS Initial Mark) [1 CMS-initial-mark: 4763194K(5472256K)] 4930480K(6209536K), 0.0142805 secs] [Times: user=0.08 sys=0.00, real=0.01 secs] 
2020-08-02T20:20:25.922+0800: 12562009.900: [CMS-concurrent-mark-start]
2020-08-02T20:20:28.739+0800: 12562012.716: [CMS-concurrent-mark: 2.811/2.817 secs] [Times: user=6.07 sys=0.21, real=2.82 secs] 
2020-08-02T20:20:28.739+0800: 12562012.717: [CMS-concurrent-preclean-start]
2020-08-02T20:20:28.747+0800: 12562012.725: [CMS-concurrent-preclean: 0.008/0.009 secs] [Times: user=0.02 sys=0.00, real=0.01 secs] 
2020-08-02T20:20:28.747+0800: 12562012.725: [CMS-concurrent-abortable-preclean-start]
 CMS: abort preclean due to time 2020-08-02T20:20:34.018+0800: 12562017.996: [CMS-concurrent-abortable-preclean: 4.468/5.271 secs] [Times: user=4.95 sys=0.35, real=5.26 secs] 
2020-08-02T20:20:34.020+0800: 12562017.997: [GC (CMS Final Remark) [YG occupancy: 331870 K (737280 K)]2020-08-02T20:20:34.020+0800: 12562017.997: [Rescan (parallel) , 0.0230112 secs]2020-08-02T20:20:34.043+0800: 12562018.020: [weak refs processing, 0.0000651 secs]2020-08-02T20:20:34.043+0800: 12562018.020: [class unloading, 0.0168841 secs]2020-08-02T20:20:34.060+0800: 12562018.037: [scrub symbol table, 0.0061738 secs]2020-08-02T20:20:34.066+0800: 12562018.044: [scrub string table, 0.0008896 secs][1 CMS-remark: 4763194K(5472256K)] 5095065K(6209536K), 0.0471764 secs] [Times: user=0.19 sys=0.00, real=0.05 secs] 
2020-08-02T20:20:34.067+0800: 12562018.045: [CMS-concurrent-sweep-start]
2020-08-02T20:20:35.771+0800: 12562019.749: [CMS-concurrent-sweep: 1.704/1.704 secs] [Times: user=1.93 sys=0.04, real=1.70 secs] 
2020-08-02T20:20:35.771+0800: 12562019.749: [CMS-concurrent-reset-start]
2020-08-02T20:20:35.790+0800: 12562019.767: [CMS-concurrent-reset: 0.018/0.018 secs] [Times: user=0.02 sys=0.00, real=0.02 secs] 
2020-08-02T20:20:37.791+0800: 12562021.768: [GC (CMS Initial Mark) [1 CMS-initial-mark: 4761191K(5472256K)] 5169563K(6209536K), 0.0229986 secs] [Times: user=0.16 sys=0.01, real=0.02 secs] 
2020-08-02T20:20:37.814+0800: 12562021.792: [CMS-concurrent-mark-start]
2020-08-02T20:20:42.050+0800: 12562026.028: [CMS-concurrent-mark: 4.236/4.236 secs] [Times: user=8.98 sys=0.21, real=4.24 secs] 
2020-08-02T20:20:42.050+0800: 12562026.028: [CMS-concurrent-preclean-start]
2020-08-02T20:20:42.059+0800: 12562026.037: [CMS-concurrent-preclean: 0.008/0.009 secs] [Times: user=0.00 sys=0.00, real=0.01 secs] 
2020-08-02T20:20:42.059+0800: 12562026.037: [CMS-concurrent-abortable-preclean-start]
 CMS: abort preclean due to time 2020-08-02T20:20:47.324+0800: 12562031.302: [CMS-concurrent-abortable-preclean: 4.863/5.265 secs] [Times: user=5.39 sys=0.35, real=5.26 secs] 
2020-08-02T20:20:47.325+0800: 12562031.303: [GC (CMS Final Remark) [YG occupancy: 593747 K (737280 K)]2020-08-02T20:20:47.325+0800: 12562031.303: [Rescan (parallel) , 0.0333886 secs]2020-08-02T20:20:47.359+0800: 12562031.336: [weak refs processing, 0.0000430 secs]2020-08-02T20:20:47.359+0800: 12562031.336: [class unloading, 0.0174552 secs]2020-08-02T20:20:47.376+0800: 12562031.354: [scrub symbol table, 0.0060661 secs]2020-08-02T20:20:47.382+0800: 12562031.360: [scrub string table, 0.0008567 secs][1 CMS-remark: 4761191K(5472256K)] 5354938K(6209536K), 0.0579797 secs] [Times: user=0.28 sys=0.00, real=0.06 secs] 
2020-08-02T20:20:47.383+0800: 12562031.361: [CMS-concurrent-sweep-start]
2020-08-02T20:20:49.177+0800: 12562033.155: [CMS-concurrent-sweep: 1.794/1.794 secs] [Times: user=1.99 sys=0.07, real=1.79 secs] 
2020-08-02T20:20:49.177+0800: 12562033.155: [CMS-concurrent-reset-start]
2020-08-02T20:20:49.196+0800: 12562033.174: [CMS-concurrent-reset: 0.019/0.019 secs] [Times: user=0.02 sys=0.01, real=0.02 secs] 
2020-08-02T20:20:51.196+0800: 12562035.174: [GC (CMS Initial Mark) [1 CMS-initial-mark: 4761172K(5472256K)] 5446566K(6209536K), 0.0359122 secs] [Times: user=0.26 sys=0.00, real=0.04 secs] 
2020-08-02T20:20:51.232+0800: 12562035.210: [CMS-concurrent-mark-start]
2020-08-02T20:20:53.723+0800: 12562037.701: [GC (Allocation Failure) 2020-08-02T20:20:53.723+0800: 12562037.701: [ParNew: 737280K->81920K(737280K), 0.1333250 secs] 5498452K->4886104K(6209536K), 0.1335153 secs] [Times: user=0.64 sys=0.00, real=0.13 secs] 
2020-08-02T20:20:54.243+0800: 12562038.221: [CMS-concurrent-mark: 2.872/3.011 secs] [Times: user=6.84 sys=0.06, real=3.01 secs] 
2020-08-02T20:20:54.243+0800: 12562038.221: [CMS-concurrent-preclean-start]
2020-08-02T20:20:54.282+0800: 12562038.260: [CMS-concurrent-preclean: 0.038/0.039 secs] [Times: user=0.04 sys=0.00, real=0.04 secs] 
2020-08-02T20:20:54.282+0800: 12562038.260: [CMS-concurrent-abortable-preclean-start]
 CMS: abort preclean due to time 2020-08-02T20:20:59.291+0800: 12562043.269: [CMS-concurrent-abortable-preclean: 4.308/5.009 secs] [Times: user=5.01 sys=0.24, real=5.01 secs] 
2020-08-02T20:20:59.293+0800: 12562043.270: [GC (CMS Final Remark) [YG occupancy: 210572 K (737280 K)]2020-08-02T20:20:59.293+0800: 12562043.270: [Rescan (parallel) , 0.0195229 secs]2020-08-02T20:20:59.312+0800: 12562043.290: [weak refs processing, 0.0000475 secs]2020-08-02T20:20:59.312+0800: 12562043.290: [class unloading, 0.0205627 secs]2020-08-02T20:20:59.333+0800: 12562043.311: [scrub symbol table, 0.0062453 secs]2020-08-02T20:20:59.339+0800: 12562043.317: [scrub string table, 0.0008597 secs][1 CMS-remark: 4804184K(5472256K)] 5014756K(6209536K), 0.0474055 secs] [Times: user=0.15 sys=0.00, real=0.05 secs] 
2020-08-02T20:20:59.340+0800: 12562043.318: [CMS-concurrent-sweep-start]
2020-08-02T20:21:01.060+0800: 12562045.038: [CMS-concurrent-sweep: 1.718/1.720 secs] [Times: user=1.88 sys=0.05, real=1.72 secs] 
2020-08-02T20:21:01.060+0800: 12562045.038: [CMS-concurrent-reset-start]
2020-08-02T20:21:01.079+0800: 12562045.057: [CMS-concurrent-reset: 0.019/0.019 secs] [Times: user=0.02 sys=0.01, real=0.02 secs] 
2020-08-02T20:21:05.103+0800: 12562049.081: [GC (CMS Initial Mark) [1 CMS-initial-mark: 4804163K(5472256K)] 5083542K(6209536K), 0.0235502 secs] [Times: user=0.11 sys=0.00, real=0.03 secs] 
2020-08-02T20:21:05.127+0800: 12562049.105: [CMS-concurrent-mark-start]
2020-08-02T20:21:07.942+0800: 12562051.920: [CMS-concurrent-mark: 2.816/2.816 secs] [Times: user=6.04 sys=0.15, real=2.81 secs] 
2020-08-02T20:21:07.943+0800: 12562051.920: [CMS-concurrent-preclean-start]
2020-08-02T20:21:07.951+0800: 12562051.929: [CMS-concurrent-preclean: 0.008/0.008 secs] [Times: user=0.01 sys=0.00, real=0.01 secs] 
2020-08-02T20:21:07.951+0800: 12562051.929: [CMS-concurrent-abortable-preclean-start]
 CMS: abort preclean due to time 2020-08-02T20:21:12.984+0800: 12562056.962: [CMS-concurrent-abortable-preclean: 4.032/5.033 secs] [Times: user=4.61 sys=0.80, real=5.03 secs] 
2020-08-02T20:21:12.985+0800: 12562056.963: [GC (CMS Final Remark) [YG occupancy: 411078 K (737280 K)]2020-08-02T20:21:12.985+0800: 12562056.963: [Rescan (parallel) , 0.0435394 secs]2020-08-02T20:21:13.029+0800: 12562057.007: [weak refs processing, 0.0000965 secs]2020-08-02T20:21:13.029+0800: 12562057.007: [class unloading, 0.0177685 secs]2020-08-02T20:21:13.047+0800: 12562057.025: [scrub symbol table, 0.0063630 secs]2020-08-02T20:21:13.053+0800: 12562057.031: [scrub string table, 0.0009339 secs][1 CMS-remark: 4804163K(5472256K)] 5215242K(6209536K), 0.0688636 secs] [Times: user=0.26 sys=0.00, real=0.07 secs] 
2020-08-02T20:21:13.054+0800: 12562057.032: [CMS-concurrent-sweep-start]
2020-08-02T20:21:14.805+0800: 12562058.782: [CMS-concurrent-sweep: 1.750/1.750 secs] [Times: user=1.95 sys=0.24, real=1.75 secs] 
2020-08-02T20:21:14.805+0800: 12562058.783: [CMS-concurrent-reset-start]
2020-08-02T20:21:14.825+0800: 12562058.803: [CMS-concurrent-reset: 0.021/0.021 secs] [Times: user=0.03 sys=0.02, real=0.02 secs] 
2020-08-02T20:21:16.826+0800: 12562060.804: [GC (CMS Initial Mark) [1 CMS-initial-mark: 4797654K(5472256K)] 5296375K(6209536K), 0.0281092 secs] [Times: user=0.21 sys=0.00, real=0.03 secs] 
2020-08-02T20:21:16.854+0800: 12562060.832: [CMS-concurrent-mark-start]
2020-08-02T20:21:19.685+0800: 12562063.663: [CMS-concurrent-mark: 2.831/2.831 secs] [Times: user=5.98 sys=0.19, real=2.83 secs] 
2020-08-02T20:21:19.685+0800: 12562063.663: [CMS-concurrent-preclean-start]
2020-08-02T20:21:19.693+0800: 12562063.671: [CMS-concurrent-preclean: 0.008/0.008 secs] [Times: user=0.01 sys=0.00, real=0.01 secs] 
2020-08-02T20:21:19.693+0800: 12562063.671: [CMS-concurrent-abortable-preclean-start]
 CMS: abort preclean due to time 2020-08-02T20:21:24.922+0800: 12562068.900: [CMS-concurrent-abortable-preclean: 4.524/5.229 secs] [Times: user=4.94 sys=1.21, real=5.23 secs] 
2020-08-02T20:21:24.923+0800: 12562068.901: [GC (CMS Final Remark) [YG occupancy: 624178 K (737280 K)]2020-08-02T20:21:24.923+0800: 12562068.901: [Rescan (parallel) , 0.0368880 secs]2020-08-02T20:21:24.960+0800: 12562068.938: [weak refs processing, 0.0000361 secs]2020-08-02T20:21:24.960+0800: 12562068.938: [class unloading, 0.0176329 secs]2020-08-02T20:21:24.978+0800: 12562068.956: [scrub symbol table, 0.0062477 secs]2020-08-02T20:21:24.984+0800: 12562068.962: [scrub string table, 0.0008623 secs][1 CMS-remark: 4797654K(5472256K)] 5421832K(6209536K), 0.0618411 secs] [Times: user=0.31 sys=0.00, real=0.06 secs] 
2020-08-02T20:21:24.985+0800: 12562068.963: [CMS-concurrent-sweep-start]
2020-08-02T20:21:26.748+0800: 12562070.726: [CMS-concurrent-sweep: 1.763/1.763 secs] [Times: user=1.94 sys=0.15, real=1.77 secs] 
2020-08-02T20:21:26.748+0800: 12562070.726: [CMS-concurrent-reset-start]
2020-08-02T20:21:26.766+0800: 12562070.744: [CMS-concurrent-reset: 0.018/0.018 secs] [Times: user=0.02 sys=0.00, real=0.02 secs] 
2020-08-02T20:21:28.768+0800: 12562072.745: [GC (CMS Initial Mark) [1 CMS-initial-mark: 4797649K(5472256K)] 5479165K(6209536K), 0.0380240 secs] [Times: user=0.28 sys=0.00, real=0.03 secs] 
2020-08-02T20:21:28.806+0800: 12562072.784: [CMS-concurrent-mark-start]
2020-08-02T20:21:31.605+0800: 12562075.583: [CMS-concurrent-mark: 2.800/2.800 secs] [Times: user=6.03 sys=0.23, real=2.80 secs] 
2020-08-02T20:21:31.606+0800: 12562075.583: [CMS-concurrent-preclean-start]
2020-08-02T20:21:31.614+0800: 12562075.592: [CMS-concurrent-preclean: 0.009/0.009 secs] [Times: user=0.01 sys=0.01, real=0.01 secs] 
2020-08-02T20:21:31.614+0800: 12562075.592: [CMS-concurrent-abortable-preclean-start]
2020-08-02T20:21:31.734+0800: 12562075.712: [GC (Allocation Failure) 2020-08-02T20:21:31.734+0800: 12562075.712: [ParNew: 737280K->81920K(737280K), 0.0903444 secs] 5534929K->4923100K(6209536K), 0.0905110 secs] [Times: user=0.52 sys=0.00, real=0.09 secs] 
 CMS: abort preclean due to time 2020-08-02T20:21:36.858+0800: 12562080.835: [CMS-concurrent-abortable-preclean: 4.148/5.243 secs] [Times: user=5.56 sys=0.72, real=5.24 secs] 
2020-08-02T20:21:36.859+0800: 12562080.837: [GC (CMS Final Remark) [YG occupancy: 273841 K (737280 K)]2020-08-02T20:21:36.860+0800: 12562080.837: [Rescan (parallel) , 0.0333293 secs]2020-08-02T20:21:36.893+0800: 12562080.871: [weak refs processing, 0.0000510 secs]2020-08-02T20:21:36.893+0800: 12562080.871: [class unloading, 0.0171290 secs]2020-08-02T20:21:36.910+0800: 12562080.888: [scrub symbol table, 0.0060138 secs]2020-08-02T20:21:36.916+0800: 12562080.894: [scrub string table, 0.0009238 secs][1 CMS-remark: 4841180K(5472256K)] 5115022K(6209536K), 0.0576107 secs] [Times: user=0.22 sys=0.00, real=0.05 secs] 
2020-08-02T20:21:36.917+0800: 12562080.895: [CMS-concurrent-sweep-start]
2020-08-02T20:21:38.775+0800: 12562082.753: [CMS-concurrent-sweep: 1.858/1.858 secs] [Times: user=2.11 sys=0.32, real=1.86 secs] 
2020-08-02T20:21:38.775+0800: 12562082.753: [CMS-concurrent-reset-start]
2020-08-02T20:21:38.794+0800: 12562082.772: [CMS-concurrent-reset: 0.019/0.019 secs] [Times: user=0.02 sys=0.00, real=0.02 secs] 
2020-08-02T20:21:40.794+0800: 12562084.772: [GC (CMS Initial Mark) [1 CMS-initial-mark: 4841162K(5472256K)] 5184306K(6209536K), 0.0216591 secs] [Times: user=0.12 sys=0.00, real=0.02 secs] 
2020-08-02T20:21:40.816+0800: 12562084.794: [CMS-concurrent-mark-start]
2020-08-02T20:21:43.977+0800: 12562087.955: [CMS-concurrent-mark: 3.159/3.161 secs] [Times: user=6.85 sys=0.54, real=3.16 secs] 
2020-08-02T20:21:43.977+0800: 12562087.955: [CMS-concurrent-preclean-start]
2020-08-02T20:21:43.986+0800: 12562087.963: [CMS-concurrent-preclean: 0.009/0.009 secs] [Times: user=0.01 sys=0.00, real=0.01 secs] 
2020-08-02T20:21:43.986+0800: 12562087.963: [CMS-concurrent-abortable-preclean-start]
 CMS: abort preclean due to time 2020-08-02T20:21:49.136+0800: 12562093.114: [CMS-concurrent-abortable-preclean: 3.948/5.151 secs] [Times: user=4.44 sys=0.47, real=5.15 secs] 
2020-08-02T20:21:49.138+0800: 12562093.116: [GC (CMS Final Remark) [YG occupancy: 492772 K (737280 K)]2020-08-02T20:21:49.138+0800: 12562093.116: [Rescan (parallel) , 0.0392321 secs]2020-08-02T20:21:49.177+0800: 12562093.155: [weak refs processing, 0.0001088 secs]2020-08-02T20:21:49.177+0800: 12562093.155: [class unloading, 0.0195595 secs]2020-08-02T20:21:49.197+0800: 12562093.175: [scrub symbol table, 0.0062845 secs]2020-08-02T20:21:49.203+0800: 12562093.181: [scrub string table, 0.0010298 secs][1 CMS-remark: 4841162K(5472256K)] 5333934K(6209536K), 0.0663781 secs] [Times: user=0.25 sys=0.00, real=0.07 secs] 
2020-08-02T20:21:49.204+0800: 12562093.182: [CMS-concurrent-sweep-start]
2020-08-02T20:21:51.037+0800: 12562095.015: [CMS-concurrent-sweep: 1.833/1.833 secs] [Times: user=2.11 sys=0.51, real=1.83 secs] 
2020-08-02T20:21:51.037+0800: 12562095.015: [CMS-concurrent-reset-start]
2020-08-02T20:21:51.056+0800: 12562095.034: [CMS-concurrent-reset: 0.019/0.019 secs] [Times: user=0.02 sys=0.00, real=0.02 secs] 
2020-08-02T20:21:53.057+0800: 12562097.034: [GC (CMS Initial Mark) [1 CMS-initial-mark: 4832086K(5472256K)] 5380934K(6209536K), 0.0304646 secs] [Times: user=0.22 sys=0.00, real=0.04 secs] 
2020-08-02T20:21:53.087+0800: 12562097.065: [CMS-concurrent-mark-start]
2020-08-02T20:21:56.098+0800: 12562100.076: [CMS-concurrent-mark: 3.011/3.011 secs] [Times: user=6.24 sys=0.41, real=3.00 secs] 
2020-08-02T20:21:56.098+0800: 12562100.076: [CMS-concurrent-preclean-start]
2020-08-02T20:21:56.106+0800: 12562100.084: [CMS-concurrent-preclean: 0.008/0.008 secs] [Times: user=0.00 sys=0.00, real=0.01 secs] 
2020-08-02T20:21:56.106+0800: 12562100.084: [CMS-concurrent-abortable-preclean-start]
 CMS: abort preclean due to time 2020-08-02T20:22:01.276+0800: 12562105.254: [CMS-concurrent-abortable-preclean: 3.765/5.170 secs] [Times: user=4.23 sys=0.79, real=5.17 secs] 
2020-08-02T20:22:01.277+0800: 12562105.255: [GC (CMS Final Remark) [YG occupancy: 640438 K (737280 K)]2020-08-02T20:22:01.277+0800: 12562105.255: [Rescan (parallel) , 0.0453853 secs]2020-08-02T20:22:01.323+0800: 12562105.300: [weak refs processing, 0.0000418 secs]2020-08-02T20:22:01.323+0800: 12562105.301: [class unloading, 0.0189730 secs]2020-08-02T20:22:01.342+0800: 12562105.320: [scrub symbol table, 0.0061244 secs]2020-08-02T20:22:01.348+0800: 12562105.326: [scrub string table, 0.0008496 secs][1 CMS-remark: 4832086K(5472256K)] 5472525K(6209536K), 0.0715387 secs] [Times: user=0.33 sys=0.00, real=0.08 secs] 
2020-08-02T20:22:01.349+0800: 12562105.327: [CMS-concurrent-sweep-start]
2020-08-02T20:22:03.104+0800: 12562107.081: [CMS-concurrent-sweep: 1.752/1.755 secs] [Times: user=1.90 sys=0.06, real=1.75 secs] 
2020-08-02T20:22:03.104+0800: 12562107.081: [CMS-concurrent-reset-start]
2020-08-02T20:22:03.123+0800: 12562107.101: [CMS-concurrent-reset: 0.019/0.019 secs] [Times: user=0.02 sys=0.00, real=0.02 secs] 
2020-08-02T20:22:05.123+0800: 12562109.101: [GC (CMS Initial Mark) [1 CMS-initial-mark: 4832083K(5472256K)] 5519314K(6209536K), 0.0365598 secs] [Times: user=0.26 sys=0.01, real=0.04 secs] 
2020-08-02T20:22:05.160+0800: 12562109.138: [CMS-concurrent-mark-start]
2020-08-02T20:22:08.156+0800: 12562112.134: [CMS-concurrent-mark: 2.994/2.996 secs] [Times: user=6.28 sys=0.43, real=2.99 secs] 
2020-08-02T20:22:08.156+0800: 12562112.134: [CMS-concurrent-preclean-start]
2020-08-02T20:22:08.165+0800: 12562112.143: [CMS-concurrent-preclean: 0.009/0.009 secs] [Times: user=0.01 sys=0.01, real=0.01 secs] 
2020-08-02T20:22:08.165+0800: 12562112.143: [CMS-concurrent-abortable-preclean-start]
2020-08-02T20:22:12.193+0800: 12562116.171: [GC (Allocation Failure) 2020-08-02T20:22:12.193+0800: 12562116.171: [ParNew: 737280K->80884K(737280K), 0.0822252 secs] 5569363K->4941395K(6209536K), 0.0823990 secs] [Times: user=0.52 sys=0.00, real=0.08 secs] 
 CMS: abort preclean due to time 2020-08-02T20:22:13.239+0800: 12562117.217: [CMS-concurrent-abortable-preclean: 3.789/5.074 secs] [Times: user=4.62 sys=0.23, real=5.08 secs] 
2020-08-02T20:22:13.241+0800: 12562117.219: [GC (CMS Final Remark) [YG occupancy: 95183 K (737280 K)]2020-08-02T20:22:13.241+0800: 12562117.219: [Rescan (parallel) , 0.0120116 secs]2020-08-02T20:22:13.253+0800: 12562117.231: [weak refs processing, 0.0000421 secs]2020-08-02T20:22:13.253+0800: 12562117.231: [class unloading, 0.0188966 secs]2020-08-02T20:22:13.272+0800: 12562117.250: [scrub symbol table, 0.0079017 secs]2020-08-02T20:22:13.280+0800: 12562117.258: [scrub string table, 0.0010147 secs][1 CMS-remark: 4860511K(5472256K)] 4955694K(6209536K), 0.0400316 secs] [Times: user=0.11 sys=0.00, real=0.04 secs] 
2020-08-02T20:22:13.281+0800: 12562117.259: [CMS-concurrent-sweep-start]
2020-08-02T20:22:15.124+0800: 12562119.102: [CMS-concurrent-sweep: 1.843/1.843 secs] [Times: user=2.04 sys=0.37, real=1.84 secs] 
2020-08-02T20:22:15.124+0800: 12562119.102: [CMS-concurrent-reset-start]
2020-08-02T20:22:15.142+0800: 12562119.120: [CMS-concurrent-reset: 0.018/0.018 secs] [Times: user=0.02 sys=0.01, real=0.02 secs] 
2020-08-02T20:22:17.143+0800: 12562121.121: [GC (CMS Initial Mark) [1 CMS-initial-mark: 4860498K(5472256K)] 5013182K(6209536K), 0.0106937 secs] [Times: user=0.06 sys=0.00, real=0.01 secs] 
2020-08-02T20:22:17.154+0800: 12562121.131: [CMS-concurrent-mark-start]
2020-08-02T20:22:20.093+0800: 12562124.071: [CMS-concurrent-mark: 2.938/2.939 secs] [Times: user=6.49 sys=0.33, real=2.94 secs] 
2020-08-02T20:22:20.093+0800: 12562124.071: [CMS-concurrent-preclean-start]
2020-08-02T20:22:20.103+0800: 12562124.081: [CMS-concurrent-preclean: 0.010/0.010 secs] [Times: user=0.01 sys=0.00, real=0.01 secs] 
2020-08-02T20:22:20.103+0800: 12562124.081: [CMS-concurrent-abortable-preclean-start]
 CMS: abort preclean due to time 2020-08-02T20:22:25.325+0800: 12562129.303: [CMS-concurrent-abortable-preclean: 4.020/5.221 secs] [Times: user=4.57 sys=0.75, real=5.22 secs] 
2020-08-02T20:22:25.326+0800: 12562129.304: [GC (CMS Final Remark) [YG occupancy: 318125 K (737280 K)]2020-08-02T20:22:25.326+0800: 12562129.304: [Rescan (parallel) , 0.0265755 secs]2020-08-02T20:22:25.353+0800: 12562129.331: [weak refs processing, 0.0000428 secs]2020-08-02T20:22:25.353+0800: 12562129.331: [class unloading, 0.0186004 secs]2020-08-02T20:22:25.372+0800: 12562129.349: [scrub symbol table, 0.0063757 secs]2020-08-02T20:22:25.378+0800: 12562129.356: [scrub string table, 0.0009110 secs][1 CMS-remark: 4860498K(5472256K)] 5178624K(6209536K), 0.0526893 secs] [Times: user=0.19 sys=0.00, real=0.06 secs] 
2020-08-02T20:22:25.379+0800: 12562129.357: [CMS-concurrent-sweep-start]
2020-08-02T20:22:27.173+0800: 12562131.150: [CMS-concurrent-sweep: 1.793/1.793 secs] [Times: user=1.99 sys=0.12, real=1.79 secs] 
2020-08-02T20:22:27.173+0800: 12562131.150: [CMS-concurrent-reset-start]
2020-08-02T20:22:27.192+0800: 12562131.170: [CMS-concurrent-reset: 0.020/0.020 secs] [Times: user=0.02 sys=0.00, real=0.02 secs] 
2020-08-02T20:22:29.194+0800: 12562133.171: [GC (CMS Initial Mark) [1 CMS-initial-mark: 4860025K(5472256K)] 5226773K(6209536K), 0.0214352 secs] [Times: user=0.16 sys=0.00, real=0.02 secs] 
2020-08-02T20:22:29.215+0800: 12562133.193: [CMS-concurrent-mark-start]
2020-08-02T20:22:33.015+0800: 12562136.993: [CMS-concurrent-mark: 3.797/3.800 secs] [Times: user=8.03 sys=0.66, real=3.80 secs] 
2020-08-02T20:22:33.015+0800: 12562136.993: [CMS-concurrent-preclean-start]
2020-08-02T20:22:33.023+0800: 12562137.001: [CMS-concurrent-preclean: 0.008/0.008 secs] [Times: user=0.01 sys=0.00, real=0.01 secs] 
2020-08-02T20:22:33.023+0800: 12562137.001: [CMS-concurrent-abortable-preclean-start]
 CMS: abort preclean due to time 2020-08-02T20:22:38.122+0800: 12562142.100: [CMS-concurrent-abortable-preclean: 3.797/5.098 secs] [Times: user=4.69 sys=0.56, real=5.10 secs] 
2020-08-02T20:22:38.123+0800: 12562142.101: [GC (CMS Final Remark) [YG occupancy: 597953 K (737280 K)]2020-08-02T20:22:38.123+0800: 12562142.101: [Rescan (parallel) , 0.0384510 secs]2020-08-02T20:22:38.162+0800: 12562142.140: [weak refs processing, 0.0000418 secs]2020-08-02T20:22:38.162+0800: 12562142.140: [class unloading, 0.0176904 secs]2020-08-02T20:22:38.180+0800: 12562142.158: [scrub symbol table, 0.0061914 secs]2020-08-02T20:22:38.186+0800: 12562142.164: [scrub string table, 0.0008688 secs][1 CMS-remark: 4860025K(5472256K)] 5457978K(6209536K), 0.0634232 secs] [Times: user=0.31 sys=0.00, real=0.07 secs] 
2020-08-02T20:22:38.187+0800: 12562142.165: [CMS-concurrent-sweep-start]
2020-08-02T20:22:40.086+0800: 12562144.064: [CMS-concurrent-sweep: 1.899/1.899 secs] [Times: user=2.19 sys=0.32, real=1.89 secs] 
2020-08-02T20:22:40.086+0800: 12562144.064: [CMS-concurrent-reset-start]
2020-08-02T20:22:40.108+0800: 12562144.085: [CMS-concurrent-reset: 0.022/0.022 secs] [Times: user=0.03 sys=0.02, real=0.03 secs] 
2020-08-02T20:22:42.108+0800: 12562146.086: [GC (CMS Initial Mark) [1 CMS-initial-mark: 4859996K(5472256K)] 5532193K(6209536K), 0.0377975 secs] [Times: user=0.28 sys=0.00, real=0.03 secs] 
2020-08-02T20:22:42.146+0800: 12562146.124: [CMS-concurrent-mark-start]
2020-08-02T20:22:46.619+0800: 12562150.597: [CMS-concurrent-mark: 4.473/4.473 secs] [Times: user=9.35 sys=0.33, real=4.48 secs] 
2020-08-02T20:22:46.619+0800: 12562150.597: [CMS-concurrent-preclean-start]
2020-08-02T20:22:46.627+0800: 12562150.605: [CMS-concurrent-preclean: 0.008/0.008 secs] [Times: user=0.01 sys=0.00, real=0.01 secs] 
2020-08-02T20:22:46.627+0800: 12562150.605: [CMS-concurrent-abortable-preclean-start]
2020-08-02T20:22:47.761+0800: 12562151.739: [GC (Allocation Failure) 2020-08-02T20:22:47.761+0800: 12562151.739: [ParNew2020-08-02T20:22:47.839+0800: 12562151.817: [CMS-concurrent-abortable-preclean: 0.912/1.212 secs] [Times: user=1.55 sys=0.08, real=1.21 secs] 
: 736244K->81919K(737280K), 0.0842582 secs] 5596240K->4968589K(6209536K), 0.0844193 secs] [Times: user=0.56 sys=0.00, real=0.08 secs] 
2020-08-02T20:22:47.847+0800: 12562151.825: [GC (CMS Final Remark) [YG occupancy: 91034 K (737280 K)]2020-08-02T20:22:47.847+0800: 12562151.825: [Rescan (parallel) , 0.0126984 secs]2020-08-02T20:22:47.860+0800: 12562151.838: [weak refs processing, 0.0000429 secs]2020-08-02T20:22:47.860+0800: 12562151.838: [class unloading, 0.0184622 secs]2020-08-02T20:22:47.879+0800: 12562151.857: [scrub symbol table, 0.0066782 secs]2020-08-02T20:22:47.885+0800: 12562151.863: [scrub string table, 0.0012065 secs][1 CMS-remark: 4886669K(5472256K)] 4977704K(6209536K), 0.0392546 secs] [Times: user=0.12 sys=0.00, real=0.04 secs] 
2020-08-02T20:22:47.887+0800: 12562151.865: [CMS-concurrent-sweep-start]
2020-08-02T20:22:49.705+0800: 12562153.683: [CMS-concurrent-sweep: 1.817/1.818 secs] [Times: user=2.06 sys=0.25, real=1.81 secs] 
2020-08-02T20:22:49.706+0800: 12562153.683: [CMS-concurrent-reset-start]
2020-08-02T20:22:49.727+0800: 12562153.705: [CMS-concurrent-reset: 0.021/0.021 secs] [Times: user=0.03 sys=0.02, real=0.03 secs] 
2020-08-02T20:22:51.728+0800: 12562155.705: [GC (CMS Initial Mark) [1 CMS-initial-mark: 4886666K(5472256K)] 5029389K(6209536K), 0.0095885 secs] [Times: user=0.07 sys=0.00, real=0.00 secs] 
2020-08-02T20:22:51.737+0800: 12562155.715: [CMS-concurrent-mark-start]
2020-08-02T20:22:54.840+0800: 12562158.818: [CMS-concurrent-mark: 3.103/3.103 secs] [Times: user=7.40 sys=0.42, real=3.11 secs] 
2020-08-02T20:22:54.840+0800: 12562158.818: [CMS-concurrent-preclean-start]
2020-08-02T20:22:54.848+0800: 12562158.826: [CMS-concurrent-preclean: 0.008/0.008 secs] [Times: user=0.02 sys=0.00, real=0.01 secs] 
2020-08-02T20:22:54.848+0800: 12562158.826: [CMS-concurrent-abortable-preclean-start]
2020-08-02T20:22:58.937+0800: 12562162.914: [GC (Allocation Failure) 2020-08-02T20:22:58.937+0800: 12562162.915: [ParNew: 737279K->81920K(737280K), 1.2828578 secs] 5623946K->5246858K(6209536K), 1.2830370 secs] [Times: user=8.60 sys=0.00, real=1.29 secs] 
2020-08-02T20:23:00.928+0800: 12562164.906: [GC (Allocation Failure) 2020-08-02T20:23:00.928+0800: 12562164.906: [ParNew: 737280K->737280K(737280K), 0.0000263 secs]2020-08-02T20:23:00.928+0800: 12562164.906: [CMS CMS: abort preclean due to time 2020-08-02T20:23:00.955+0800: 12562164.933: [CMS-concurrent-abortable-preclean: 3.918/6.107 secs] [Times: user=17.75 sys=0.40, real=6.10 secs] 
 (concurrent mode failure): 5164938K->4710083K(5472256K), 12.0450301 secs] 5902218K->4710083K(6209536K), [Metaspace: 46724K->46724K(1091584K)], 12.0452603 secs] [Times: user=12.05 sys=0.00, real=12.04 secs] 
2020-08-02T20:23:13.582+0800: 12562177.560: [GC (Allocation Failure) 2020-08-02T20:23:13.582+0800: 12562177.560: [ParNew: 655360K->76838K(737280K), 0.0096893 secs] 5365443K->4786922K(6209536K), 0.0098235 secs] [Times: user=0.05 sys=0.00, real=0.01 secs] 
2020-08-02T20:23:13.593+0800: 12562177.571: [GC (CMS Initial Mark) [1 CMS-initial-mark: 4710083K(5472256K)] 4796427K(6209536K), 0.0009653 secs] [Times: user=0.00 sys=0.00, real=0.00 secs] 
2020-08-02T20:23:13.594+0800: 12562177.572: [CMS-concurrent-mark-start]
2020-08-02T20:23:14.094+0800: 12562178.072: [GC (Allocation Failure) 2020-08-02T20:23:14.094+0800: 12562178.072: [ParNew: 732198K->19229K(737280K), 0.0068639 secs] 5442282K->4729312K(6209536K), 0.0069833 secs] [Times: user=0.05 sys=0.00, real=0.01 secs] 
2020-08-02T20:23:14.777+0800: 12562178.755: [GC (Allocation Failure) 2020-08-02T20:23:14.777+0800: 12562178.755: [ParNew: 674589K->4826K(737280K), 0.0071864 secs] 5384672K->4714909K(6209536K), 0.0073263 secs] [Times: user=0.05 sys=0.00, real=0.01 secs] 
2020-08-02T20:23:15.252+0800: 12562179.229: [GC (Allocation Failure) 2020-08-02T20:23:15.252+0800: 12562179.229: [ParNew: 660186K->1228K(737280K), 0.0067809 secs] 5370269K->4711311K(6209536K), 0.0069018 secs] [Times: user=0.05 sys=0.00, real=0.00 secs] 
2020-08-02T20:23:15.747+0800: 12562179.725: [GC (Allocation Failure) 2020-08-02T20:23:15.747+0800: 12562179.725: [ParNew: 656588K->328K(737280K), 0.0068654 secs] 5366671K->4710411K(6209536K), 0.0069876 secs] [Times: user=0.05 sys=0.00, real=0.00 secs] 
2020-08-02T20:23:16.224+0800: 12562180.202: [GC (Allocation Failure) 2020-08-02T20:23:16.224+0800: 12562180.202: [ParNew: 655688K->178K(737280K), 0.0123362 secs] 5365771K->4710261K(6209536K), 0.0124661 secs] [Times: user=0.07 sys=0.00, real=0.01 secs] 
2020-08-02T20:23:16.733+0800: 12562180.711: [GC (Allocation Failure) 2020-08-02T20:23:16.733+0800: 12562180.711: [ParNew: 655538K->104K(737280K), 0.0075836 secs] 5365621K->4710304K(6209536K), 0.0077244 secs] [Times: user=0.06 sys=0.00, real=0.01 secs] 
2020-08-02T20:23:17.197+0800: 12562181.175: [GC (Allocation Failure) 2020-08-02T20:23:17.197+0800: 12562181.175: [ParNew: 655464K->41K(737280K), 0.0095015 secs] 5365664K->4710243K(6209536K), 0.0096317 secs] [Times: user=0.07 sys=0.00, real=0.01 secs] 
2020-08-02T20:23:17.684+0800: 12562181.662: [GC (Allocation Failure) 2020-08-02T20:23:17.684+0800: 12562181.662: [ParNew: 655401K->21K(737280K), 0.0108316 secs] 5365603K->4710234K(6209536K), 0.0109538 secs] [Times: user=0.06 sys=0.00, real=0.01 secs] 
2020-08-02T20:23:18.182+0800: 12562182.159: [GC (Allocation Failure) 2020-08-02T20:23:18.182+0800: 12562182.159: [ParNew: 655381K->21K(737280K), 0.0140665 secs] 5365594K->4710235K(6209536K), 0.0142362 secs] [Times: user=0.05 sys=0.00, real=0.01 secs] 
2020-08-02T20:23:18.641+0800: 12562182.619: [CMS-concurrent-mark: 4.950/5.047 secs] [Times: user=15.52 sys=0.00, real=5.05 secs] 
2020-08-02T20:23:18.642+0800: 12562182.619: [CMS-concurrent-preclean-start]
2020-08-02T20:23:18.650+0800: 12562182.628: [CMS-concurrent-preclean: 0.008/0.008 secs] [Times: user=0.02 sys=0.00, real=0.01 secs] 
2020-08-02T20:23:18.650+0800: 12562182.628: [CMS-concurrent-abortable-preclean-start]
2020-08-02T20:23:18.737+0800: 12562182.715: [GC (Allocation Failure) 2020-08-02T20:23:18.738+0800: 12562182.715: [ParNew: 655381K->20K(737280K), 0.0070255 secs] 5365595K->4710234K(6209536K), 0.0071756 secs] [Times: user=0.05 sys=0.00, real=0.01 secs] 
2020-08-02T20:23:19.177+0800: 12562183.155: [CMS-concurrent-abortable-preclean: 0.039/0.527 secs] [Times: user=0.61 sys=0.00, real=0.52 secs] 
2020-08-02T20:23:19.179+0800: 12562183.156: [GC (CMS Final Remark) [YG occupancy: 600627 K (737280 K)]2020-08-02T20:23:19.179+0800: 12562183.157: [Rescan (parallel) , 0.0598682 secs]2020-08-02T20:23:19.239+0800: 12562183.216: [weak refs processing, 0.0000375 secs]2020-08-02T20:23:19.239+0800: 12562183.216: [class unloading, 0.0169831 secs]2020-08-02T20:23:19.256+0800: 12562183.233: [scrub symbol table, 0.0061253 secs]2020-08-02T20:23:19.262+0800: 12562183.240: [scrub string table, 0.0008512 secs][1 CMS-remark: 4710214K(5472256K)] 5310841K(6209536K), 0.0839977 secs] [Times: user=0.40 sys=0.00, real=0.08 secs] 
2020-08-02T20:23:19.263+0800: 12562183.241: [CMS-concurrent-sweep-start]
2020-08-02T20:23:19.306+0800: 12562183.283: [GC (Allocation Failure) 2020-08-02T20:23:19.306+0800: 12562183.283: [ParNew: 655380K->21K(737280K), 0.0069284 secs] 5365594K->4710234K(6209536K), 0.0070701 secs] [Times: user=0.05 sys=0.00, real=0.01 secs] 
2020-08-02T20:23:19.784+0800: 12562183.762: [GC (Allocation Failure) 2020-08-02T20:23:19.784+0800: 12562183.762: [ParNew: 655381K->20K(737280K), 0.0067142 secs] 5365526K->4710165K(6209536K), 0.0068267 secs] [Times: user=0.05 sys=0.00, real=0.01 secs] 
2020-08-02T20:23:20.272+0800: 12562184.250: [GC (Allocation Failure) 2020-08-02T20:23:20.272+0800: 12562184.250: [ParNew: 655380K->14K(737280K), 0.0093477 secs] 5365394K->4710038K(6209536K), 0.0094645 secs] [Times: user=0.05 sys=0.00, real=0.01 secs] 
2020-08-02T20:23:20.742+0800: 12562184.720: [GC (Allocation Failure) 2020-08-02T20:23:20.742+0800: 12562184.720: [ParNew: 655374K->21K(737280K), 0.0076690 secs] 5365009K->4709656K(6209536K), 0.0077910 secs] [Times: user=0.05 sys=0.00, real=0.01 secs] 
2020-08-02T20:23:20.889+0800: 12562184.867: [CMS-concurrent-sweep: 1.589/1.627 secs] [Times: user=3.40 sys=0.00, real=1.63 secs] 
2020-08-02T20:23:20.890+0800: 12562184.867: [CMS-concurrent-reset-start]
2020-08-02T20:23:20.908+0800: 12562184.886: [CMS-concurrent-reset: 0.019/0.019 secs] [Times: user=0.04 sys=0.00, real=0.02 secs] 
2020-08-02T20:23:21.212+0800: 12562185.190: [GC (Allocation Failure) 2020-08-02T20:23:21.212+0800: 12562185.190: [ParNew: 655381K->26K(737280K), 0.0097349 secs] 5364415K->4709061K(6209536K), 0.0098640 secs] [Times: user=0.05 sys=0.00, real=0.01 secs] 
2020-08-02T20:23:21.224+0800: 12562185.201: [GC (CMS Initial Mark) [1 CMS-initial-mark: 4709034K(5472256K)] 4722157K(6209536K), 0.0010032 secs] [Times: user=0.00 sys=0.00, real=0.00 secs] 
2020-08-02T20:23:21.225+0800: 12562185.203: [CMS-concurrent-mark-start]
2020-08-02T20:23:21.673+0800: 12562185.651: [GC (Allocation Failure) 2020-08-02T20:23:21.673+0800: 12562185.651: [ParNew: 655386K->23K(737280K), 0.0069139 secs] 5364421K->4709057K(6209536K), 0.0070604 secs] [Times: user=0.05 sys=0.00, real=0.01 secs] 
2020-08-02T20:23:22.121+0800: 12562186.099: [GC (Allocation Failure) 2020-08-02T20:23:22.122+0800: 12562186.099: [ParNew: 655383K->25K(737280K), 0.0069122 secs] 5364417K->4709059K(6209536K), 0.0070410 secs] [Times: user=0.05 sys=0.00, real=0.01 secs] 
2020-08-02T20:23:22.595+0800: 12562186.573: [GC (Allocation Failure) 2020-08-02T20:23:22.596+0800: 12562186.573: [ParNew: 655385K->27K(737280K), 0.0073056 secs] 5364419K->4709061K(6209536K), 0.0074327 secs] [Times: user=0.06 sys=0.00, real=0.01 secs] 
2020-08-02T20:23:23.246+0800: 12562187.224: [GC (Allocation Failure) 2020-08-02T20:23:23.246+0800: 12562187.224: [ParNew: 655387K->27K(737280K), 0.0130292 secs] 5364421K->4709062K(6209536K), 0.0131587 secs] [Times: user=0.05 sys=0.00, real=0.02 secs] 
2020-08-02T20:23:23.731+0800: 12562187.709: [GC (Allocation Failure) 2020-08-02T20:23:23.731+0800: 12562187.709: [ParNew: 655387K->16K(737280K), 0.0226550 secs] 5364422K->4709061K(6209536K), 0.0227945 secs] [Times: user=0.09 sys=0.00, real=0.02 secs] 
2020-08-02T20:23:24.365+0800: 12562188.343: [GC (Allocation Failure) 2020-08-02T20:23:24.365+0800: 12562188.343: [ParNew: 655376K->16K(737280K), 0.0075329 secs] 5364421K->4709063K(6209536K), 0.0076608 secs] [Times: user=0.05 sys=0.00, real=0.01 secs] 
2020-08-02T20:23:24.828+0800: 12562188.806: [GC (Allocation Failure) 2020-08-02T20:23:24.829+0800: 12562188.806: [ParNew: 655376K->16K(737280K), 0.0094163 secs] 5364423K->4709064K(6209536K), 0.0095382 secs] [Times: user=0.06 sys=0.00, real=0.00 secs] 
2020-08-02T20:23:25.285+0800: 12562189.263: [GC (Allocation Failure) 2020-08-02T20:23:25.285+0800: 12562189.263: [ParNew: 655376K->16K(737280K), 0.0076755 secs] 5364424K->4709065K(6209536K), 0.0078033 secs] [Times: user=0.05 sys=0.00, real=0.01 secs] 
2020-08-02T20:23:25.756+0800: 12562189.734: [GC (Allocation Failure) 2020-08-02T20:23:25.756+0800: 12562189.734: [ParNew: 655376K->16K(737280K), 0.0067474 secs] 5364425K->4709066K(6209536K), 0.0068908 secs] [Times: user=0.05 sys=0.00, real=0.01 secs] 
2020-08-02T20:23:26.224+0800: 12562190.201: [GC (Allocation Failure) 2020-08-02T20:23:26.224+0800: 12562190.201: [ParNew: 655376K->14K(737280K), 0.0113490 secs] 5364426K->4709065K(6209536K), 0.0114858 secs] [Times: user=0.07 sys=0.00, real=0.01 secs] 
2020-08-02T20:23:26.461+0800: 12562190.439: [CMS-concurrent-mark: 5.120/5.236 secs] [Times: user=15.99 sys=0.00, real=5.24 secs] 
2020-08-02T20:23:26.461+0800: 12562190.439: [CMS-concurrent-preclean-start]
2020-08-02T20:23:26.469+0800: 12562190.447: [CMS-concurrent-preclean: 0.008/0.008 secs] [Times: user=0.02 sys=0.00, real=0.01 secs] 
2020-08-02T20:23:26.469+0800: 12562190.447: [CMS-concurrent-abortable-preclean-start]
2020-08-02T20:23:26.691+0800: 12562190.669: [GC (Allocation Failure) 2020-08-02T20:23:26.691+0800: 12562190.669: [ParNew: 655374K->16K(737280K), 0.0068285 secs] 5364425K->4709067K(6209536K), 0.0069579 secs] [Times: user=0.05 sys=0.00, real=0.00 secs] 
2020-08-02T20:23:27.020+0800: 12562190.998: [CMS-concurrent-abortable-preclean: 0.040/0.550 secs] [Times: user=0.64 sys=0.00, real=0.55 secs] 
2020-08-02T20:23:27.021+0800: 12562190.999: [GC (CMS Final Remark) [YG occupancy: 484992 K (737280 K)]2020-08-02T20:23:27.021+0800: 12562190.999: [Rescan (parallel) , 0.0444003 secs]2020-08-02T20:23:27.066+0800: 12562191.044: [weak refs processing, 0.0000368 secs]2020-08-02T20:23:27.066+0800: 12562191.044: [class unloading, 0.0180290 secs]2020-08-02T20:23:27.084+0800: 12562191.062: [scrub symbol table, 0.0061982 secs]2020-08-02T20:23:27.090+0800: 12562191.068: [scrub string table, 0.0008907 secs][1 CMS-remark: 4709051K(5472256K)] 5194044K(6209536K), 0.0697055 secs] [Times: user=0.31 sys=0.00, real=0.07 secs] 
2020-08-02T20:23:27.091+0800: 12562191.069: [CMS-concurrent-sweep-start]
2020-08-02T20:23:27.206+0800: 12562191.184: [GC (Allocation Failure) 2020-08-02T20:23:27.206+0800: 12562191.184: [ParNew: 655376K->14K(737280K), 0.0091440 secs] 5364427K->4709066K(6209536K), 0.0092652 secs] [Times: user=0.06 sys=0.00, real=0.01 secs] 
2020-08-02T20:23:27.684+0800: 12562191.662: [GC (Allocation Failure) 2020-08-02T20:23:27.684+0800: 12562191.662: [ParNew: 655374K->16K(737280K), 0.0072932 secs] 5364360K->4709003K(6209536K), 0.0074306 secs] [Times: user=0.06 sys=0.00, real=0.01 secs] 
2020-08-02T20:23:28.160+0800: 12562192.138: [GC (Allocation Failure) 2020-08-02T20:23:28.160+0800: 12562192.138: [ParNew: 655376K->16K(737280K), 0.0099199 secs] 5364362K->4709004K(6209536K), 0.0100510 secs] [Times: user=0.06 sys=0.00, real=0.01 secs] 
2020-08-02T20:23:28.655+0800: 12562192.633: [GC (Allocation Failure) 2020-08-02T20:23:28.655+0800: 12562192.633: [ParNew: 655376K->334K(737280K), 0.0096034 secs] 5364299K->4709258K(6209536K), 0.0097386 secs] [Times: user=0.06 sys=0.00, real=0.01 secs] 
2020-08-02T20:23:28.768+0800: 12562192.746: [CMS-concurrent-sweep: 1.626/1.677 secs] [Times: user=3.53 sys=0.00, real=1.68 secs] 
2020-08-02T20:23:28.768+0800: 12562192.746: [CMS-concurrent-reset-start]
2020-08-02T20:23:28.787+0800: 12562192.765: [CMS-concurrent-reset: 0.019/0.019 secs] [Times: user=0.04 sys=0.00, real=0.02 secs] 
2020-08-02T20:23:29.149+0800: 12562193.127: [GC (Allocation Failure) 2020-08-02T20:23:29.149+0800: 12562193.127: [ParNew: 655694K->334K(737280K), 0.0069709 secs] 5364605K->4709245K(6209536K), 0.0071032 secs] [Times: user=0.05 sys=0.00, real=0.00 secs] 
2020-08-02T20:23:29.158+0800: 12562193.136: [GC (CMS Initial Mark) [1 CMS-initial-mark: 4708910K(5472256K)] 4722338K(6209536K), 0.0009152 secs] [Times: user=0.01 sys=0.00, real=0.01 secs] 
2020-08-02T20:23:29.159+0800: 12562193.137: [CMS-concurrent-mark-start]
2020-08-02T20:23:29.813+0800: 12562193.791: [GC (Allocation Failure) 2020-08-02T20:23:29.813+0800: 12562193.791: [ParNew: 655694K->341K(737280K), 0.0102254 secs] 5364605K->4709252K(6209536K), 0.0103749 secs] [Times: user=0.06 sys=0.00, real=0.01 secs] 
2020-08-02T20:23:30.483+0800: 12562194.461: [GC (Allocation Failure) 2020-08-02T20:23:30.483+0800: 12562194.461: [ParNew: 655701K->335K(737280K), 0.0068443 secs] 5364612K->4709247K(6209536K), 0.0069656 secs] [Times: user=0.05 sys=0.00, real=0.01 secs] 
2020-08-02T20:23:30.990+0800: 12562194.968: [GC (Allocation Failure) 2020-08-02T20:23:30.990+0800: 12562194.968: [ParNew: 655695K->343K(737280K), 0.0139117 secs] 5364607K->4709255K(6209536K), 0.0140530 secs] [Times: user=0.07 sys=0.00, real=0.01 secs] 
2020-08-02T20:23:31.498+0800: 12562195.476: [GC (Allocation Failure) 2020-08-02T20:23:31.498+0800: 12562195.476: [ParNew: 655703K->332K(737280K), 0.0066959 secs] 5364615K->4709245K(6209536K), 0.0068036 secs] [Times: user=0.05 sys=0.00, real=0.01 secs] 
2020-08-02T20:23:32.005+0800: 12562195.983: [GC (Allocation Failure) 2020-08-02T20:23:32.005+0800: 12562195.983: [ParNew: 655692K->28K(737280K), 0.0067592 secs] 5364605K->4709260K(6209536K), 0.0068752 secs] [Times: user=0.05 sys=0.00, real=0.01 secs] 
2020-08-02T20:23:32.512+0800: 12562196.490: [GC (Allocation Failure) 2020-08-02T20:23:32.512+0800: 12562196.490: [ParNew: 655388K->16K(737280K), 0.0070233 secs] 5364620K->4709248K(6209536K), 0.0071607 secs] [Times: user=0.05 sys=0.00, real=0.01 secs] 
2020-08-02T20:23:33.047+0800: 12562197.025: [GC (Allocation Failure) 2020-08-02T20:23:33.047+0800: 12562197.025: [ParNew: 655376K->16K(737280K), 0.0418265 secs] 5364608K->4709248K(6209536K), 0.0419786 secs] [Times: user=0.24 sys=0.00, real=0.04 secs] 
2020-08-02T20:23:33.594+0800: 12562197.571: [GC (Allocation Failure) 2020-08-02T20:23:33.594+0800: 12562197.571: [ParNew: 655376K->18K(737280K), 0.0071124 secs] 5364608K->4709251K(6209536K), 0.0072384 secs] [Times: user=0.05 sys=0.00, real=0.01 secs] 
2020-08-02T20:23:34.494+0800: 12562198.472: [CMS-concurrent-mark: 5.214/5.335 secs] [Times: user=16.02 sys=0.00, real=5.33 secs] 
2020-08-02T20:23:34.494+0800: 12562198.472: [CMS-concurrent-preclean-start]
2020-08-02T20:23:34.503+0800: 12562198.481: [CMS-concurrent-preclean: 0.009/0.009 secs] [Times: user=0.01 sys=0.00, real=0.01 secs] 
2020-08-02T20:23:34.503+0800: 12562198.481: [CMS-concurrent-abortable-preclean-start]
 CMS: abort preclean due to time 2020-08-02T20:23:39.564+0800: 12562203.542: [CMS-concurrent-abortable-preclean: 0.362/5.061 secs] [Times: user=0.54 sys=0.00, real=5.06 secs] 
2020-08-02T20:23:39.565+0800: 12562203.543: [GC (CMS Final Remark) [YG occupancy: 626808 K (737280 K)]2020-08-02T20:23:39.565+0800: 12562203.543: [Rescan (parallel) , 0.0401469 secs]2020-08-02T20:23:39.606+0800: 12562203.583: [weak refs processing, 0.0000516 secs]2020-08-02T20:23:39.606+0800: 12562203.583: [class unloading, 0.0175380 secs]2020-08-02T20:23:39.623+0800: 12562203.601: [scrub symbol table, 0.0062932 secs]2020-08-02T20:23:39.629+0800: 12562203.607: [scrub string table, 0.0008480 secs][1 CMS-remark: 4709233K(5472256K)] 5336041K(6209536K), 0.0650317 secs] [Times: user=0.33 sys=0.00, real=0.07 secs] 
2020-08-02T20:23:39.631+0800: 12562203.608: [CMS-concurrent-sweep-start]
2020-08-02T20:23:40.045+0800: 12562204.023: [GC (Allocation Failure) 2020-08-02T20:23:40.045+0800: 12562204.023: [ParNew: 655378K->4274K(737280K), 0.0087654 secs] 5364589K->4713486K(6209536K), 0.0088969 secs] [Times: user=0.06 sys=0.00, real=0.01 secs] 
2020-08-02T20:23:41.285+0800: 12562205.263: [CMS-concurrent-sweep: 1.644/1.655 secs] [Times: user=1.98 sys=0.00, real=1.65 secs] 
2020-08-02T20:23:41.285+0800: 12562205.263: [CMS-concurrent-reset-start]
2020-08-02T20:23:41.304+0800: 12562205.282: [CMS-concurrent-reset: 0.018/0.018 secs] [Times: user=0.02 sys=0.00, real=0.02 secs] 
2020-08-02T20:23:43.304+0800: 12562207.282: [GC (CMS Initial Mark) [1 CMS-initial-mark: 4708840K(5472256K)] 4777174K(6209536K), 0.0034211 secs] [Times: user=0.02 sys=0.00, real=0.01 secs] 
2020-08-02T20:23:43.308+0800: 12562207.286: [CMS-concurrent-mark-start]
2020-08-02T20:23:44.310+0800: 12562208.288: [CMS-concurrent-mark: 1.002/1.002 secs] [Times: user=2.22 sys=0.00, real=1.00 secs] 
2020-08-02T20:23:44.310+0800: 12562208.288: [CMS-concurrent-preclean-start]
2020-08-02T20:23:44.318+0800: 12562208.296: [CMS-concurrent-preclean: 0.008/0.008 secs] [Times: user=0.01 sys=0.00, real=0.00 secs] 
2020-08-02T20:23:44.318+0800: 12562208.296: [CMS-concurrent-abortable-preclean-start]
 CMS: abort preclean due to time 2020-08-02T20:23:49.400+0800: 12562213.378: [CMS-concurrent-abortable-preclean: 0.576/5.082 secs] [Times: user=1.23 sys=0.00, real=5.09 secs] 
2020-08-02T20:23:49.401+0800: 12562213.379: [GC (CMS Final Remark) [YG occupancy: 162152 K (737280 K)]2020-08-02T20:23:49.401+0800: 12562213.379: [Rescan (parallel) , 0.0064362 secs]2020-08-02T20:23:49.408+0800: 12562213.386: [weak refs processing, 0.0000689 secs]2020-08-02T20:23:49.408+0800: 12562213.386: [class unloading, 0.0170492 secs]2020-08-02T20:23:49.425+0800: 12562213.403: [scrub symbol table, 0.0062564 secs]2020-08-02T20:23:49.431+0800: 12562213.409: [scrub string table, 0.0009368 secs][1 CMS-remark: 4708840K(5472256K)] 4870993K(6209536K), 0.0309046 secs] [Times: user=0.07 sys=0.00, real=0.03 secs] 
2020-08-02T20:23:49.433+0800: 12562213.410: [CMS-concurrent-sweep-start]
2020-08-02T20:23:55.325+0800: 12562219.303: [CMS-concurrent-sweep: 5.891/5.893 secs] [Times: user=6.42 sys=0.18, real=5.89 secs] 
2020-08-02T20:23:55.325+0800: 12562219.303: [CMS-concurrent-reset-start]
2020-08-02T20:23:55.345+0800: 12562219.323: [CMS-concurrent-reset: 0.018/0.020 secs] [Times: user=0.02 sys=0.00, real=0.02 secs] 
2020-08-02T20:25:31.173+0800: 12562315.151: [GC (Allocation Failure) 2020-08-02T20:25:31.174+0800: 12562315.151: [ParNew: 659618K->17361K(737280K), 0.0342518 secs] 1362839K->720582K(6209536K), 0.0345050 secs] [Times: user=0.11 sys=0.00, real=0.04 secs] 
2020-08-02T20:26:50.819+0800: 12562394.797: [GC (Allocation Failure) 2020-08-02T20:26:50.819+0800: 12562394.797: [ParNew: 672721K->11722K(737280K), 0.0178985 secs] 1375942K->714943K(6209536K), 0.0180899 secs] [Times: user=0.08 sys=0.01, real=0.01 secs] 
2020-08-02T20:27:55.233+0800: 12562459.210: [GC (Allocation Failure) 2020-08-02T20:27:55.233+0800: 12562459.210: [ParNew: 667002K->13782K(737280K), 0.0193126 secs] 1370223K->717003K(6209536K), 0.0194745 secs] [Times: user=0.08 sys=0.00, real=0.02 secs] 
2020-08-02T20:29:18.371+0800: 12562542.349: [GC (Allocation Failure) 2020-08-02T20:29:18.371+0800: 12562542.349: [ParNew: 669083K->15178K(737280K), 0.0207012 secs] 1372304K->718400K(6209536K), 0.0208785 secs] [Times: user=0.08 sys=0.00, real=0.02 secs] 
2020-08-02T20:31:57.750+0800: 12562701.728: [GC (Allocation Failure) 2020-08-02T20:31:57.750+0800: 12562701.728: [ParNew: 670478K->14589K(737280K), 0.0155112 secs] 1373700K->717811K(6209536K), 0.0156804 secs] [Times: user=0.07 sys=0.00, real=0.01 secs] 
2020-08-02T20:36:53.956+0800: 12562997.933: [GC (Allocation Failure) 2020-08-02T20:36:53.956+0800: 12562997.933: [ParNew: 669949K->15807K(737280K), 0.0179367 secs] 1373171K->720295K(6209536K), 0.0181001 secs] [Times: user=0.08 sys=0.00, real=0.02 secs] 
2020-08-02T20:39:06.748+0800: 12563130.725: [GC (Allocation Failure) 2020-08-02T20:39:06.748+0800: 12563130.726: [ParNew: 671167K->9210K(737280K), 0.0167984 secs] 1375655K->714152K(6209536K), 0.0169581 secs] [Times: user=0.07 sys=0.00, real=0.01 secs] 
2020-08-02T20:40:37.252+0800: 12563221.230: [GC (Allocation Failure) 2020-08-02T20:40:37.252+0800: 12563221.230: [ParNew: 664570K->9185K(737280K), 0.0182838 secs] 1369512K->714369K(6209536K), 0.0184518 secs] [Times: user=0.07 sys=0.00, real=0.02 secs] 
2020-08-02T20:43:22.143+0800: 12563386.121: [GC (Allocation Failure) 2020-08-02T20:43:22.147+0800: 12563386.125: [ParNew: 664545K->11074K(737280K), 0.0168689 secs] 1369729K->716398K(6209536K), 0.0209227 secs] [Times: user=0.06 sys=0.00, real=0.02 secs] 
2020-08-02T20:44:23.317+0800: 12563447.295: [GC (Allocation Failure) 2020-08-02T20:44:23.317+0800: 12563447.295: [ParNew: 666434K->8043K(737280K), 0.0153050 secs] 1371758K->713503K(6209536K), 0.0154426 secs] [Times: user=0.06 sys=0.00, real=0.02 secs] 
2020-08-02T20:47:43.162+0800: 12563647.140: [GC (Allocation Failure) 2020-08-02T20:47:43.168+0800: 12563647.145: [ParNew: 663403K->10428K(737280K), 0.0161007 secs] 1368863K->715981K(6209536K), 0.0212589 secs] [Times: user=0.07 sys=0.01, real=0.02 secs] 
2020-08-02T20:51:22.149+0800: 12563866.127: [GC (Allocation Failure) 2020-08-02T20:51:22.155+0800: 12563866.132: [ParNew: 665689K->10844K(737280K), 0.0162303 secs] 1371243K->716478K(6209536K), 0.0216049 secs] [Times: user=0.07 sys=0.00, real=0.02 secs] 
2020-08-02T20:53:28.597+0800: 12563992.575: [GC (Allocation Failure) 2020-08-02T20:53:28.597+0800: 12563992.575: [ParNew: 666204K->10775K(737280K), 0.0197866 secs] 1371838K->716498K(6209536K), 0.0199941 secs] [Times: user=0.08 sys=0.00, real=0.02 secs] 
2020-08-02T20:55:18.511+0800: 12564102.488: [GC (Allocation Failure) 2020-08-02T20:55:18.511+0800: 12564102.489: [ParNew: 666135K->10942K(737280K), 0.0165563 secs] 1371858K->716667K(6209536K), 0.0167253 secs] [Times: user=0.07 sys=0.00, real=0.02 secs] 
2020-08-02T20:57:22.976+0800: 12564226.954: [GC (Allocation Failure) 2020-08-02T20:57:22.976+0800: 12564226.954: [ParNew: 666302K->9741K(737280K), 0.0170255 secs] 1372027K->715578K(6209536K), 0.0171670 secs] [Times: user=0.08 sys=0.00, real=0.02 secs] 
2020-08-02T21:01:14.710+0800: 12564458.687: [GC (Allocation Failure) 2020-08-02T21:01:14.710+0800: 12564458.688: [ParNew: 665089K->13790K(737280K), 0.0160571 secs] 1370926K->719742K(6209536K), 0.0162403 secs] [Times: user=0.07 sys=0.01, real=0.01 secs] 
2020-08-02T21:04:58.393+0800: 12564682.371: [GC (Allocation Failure) 2020-08-02T21:04:58.393+0800: 12564682.371: [ParNew: 669150K->15021K(737280K), 0.0365581 secs] 1375102K->721247K(6209536K), 0.0367711 secs] [Times: user=0.17 sys=0.00, real=0.04 secs] 
2020-08-02T21:07:24.003+0800: 12564827.981: [GC (Allocation Failure) 2020-08-02T21:07:24.003+0800: 12564827.981: [ParNew: 670381K->24880K(737280K), 0.0256455 secs] 1376607K->731180K(6209536K), 0.0267988 secs] [Times: user=0.07 sys=0.01, real=0.03 secs] 
2020-08-02T21:11:31.377+0800: 12565075.354: [GC (Allocation Failure) 2020-08-02T21:11:31.383+0800: 12565075.360: [ParNew: 680240K->15050K(737280K), 0.0169291 secs] 1386540K->721393K(6209536K), 0.0230516 secs] [Times: user=0.07 sys=0.00, real=0.03 secs] 
2020-08-02T21:14:51.831+0800: 12565275.808: [GC (Allocation Failure) 2020-08-02T21:14:51.831+0800: 12565275.808: [ParNew: 670410K->10622K(737280K), 0.0156689 secs] 1376753K->716968K(6209536K), 0.0158320 secs] [Times: user=0.06 sys=0.00, real=0.01 secs] 
2020-08-02T21:19:32.240+0800: 12565556.218: [GC (Allocation Failure) 2020-08-02T21:19:32.240+0800: 12565556.218: [ParNew: 665907K->10028K(737280K), 0.0140780 secs] 1372253K->716459K(6209536K), 0.0142598 secs] [Times: user=0.07 sys=0.00, real=0.01 secs] 
2020-08-02T21:23:59.723+0800: 12565823.701: [GC (Allocation Failure) 2020-08-02T21:23:59.723+0800: 12565823.701: [ParNew: 665339K->13046K(737280K), 0.0183363 secs] 1371771K->719774K(6209536K), 0.0185540 secs] [Times: user=0.06 sys=0.00, real=0.02 secs] 
2020-08-02T21:29:41.578+0800: 12566165.556: [GC (Allocation Failure) 2020-08-02T21:29:41.585+0800: 12566165.563: [ParNew: 668406K->11530K(737280K), 0.0230883 secs] 1375134K->718263K(6209536K), 0.0300424 secs] [Times: user=0.09 sys=0.00, real=0.04 secs] 
2020-08-02T21:32:01.247+0800: 12566305.225: [GC (Allocation Failure) 2020-08-02T21:32:01.248+0800: 12566305.225: [ParNew: 666890K->10548K(737280K), 0.0187188 secs] 1373623K->717365K(6209536K), 0.0188886 secs] [Times: user=0.07 sys=0.01, real=0.01 secs] 
2020-08-02T21:35:26.278+0800: 12566510.255: [GC (Allocation Failure) 2020-08-02T21:35:26.283+0800: 12566510.261: [ParNew: 665908K->12762K(737280K), 0.0173659 secs] 1372725K->719732K(6209536K), 0.0227276 secs] [Times: user=0.06 sys=0.00, real=0.03 secs] 
2020-08-02T21:38:50.746+0800: 12566714.724: [GC (Allocation Failure) 2020-08-02T21:38:50.746+0800: 12566714.724: [ParNew: 668122K->11864K(737280K), 0.0157215 secs] 1375092K->718871K(6209536K), 0.0158862 secs] [Times: user=0.07 sys=0.00, real=0.02 secs] 
2020-08-02T21:41:27.794+0800: 12566871.772: [GC (Allocation Failure) 2020-08-02T21:41:27.794+0800: 12566871.772: [ParNew: 667224K->12233K(737280K), 0.0348120 secs] 1374231K->719823K(6209536K), 0.0350036 secs] [Times: user=0.13 sys=0.00, real=0.04 secs] 
2020-08-02T21:43:11.535+0800: 12566975.513: [GC (Allocation Failure) 2020-08-02T21:43:11.535+0800: 12566975.513: [ParNew: 667593K->9318K(737280K), 0.0157896 secs] 1375183K->717046K(6209536K), 0.0159460 secs] [Times: user=0.07 sys=0.01, real=0.02 secs] 
2020-08-02T21:45:26.561+0800: 12567110.538: [GC (Allocation Failure) 2020-08-02T21:45:26.561+0800: 12567110.539: [ParNew: 664678K->10207K(737280K), 0.0317247 secs] 1372406K->717998K(6209536K), 0.0318779 secs] [Times: user=0.10 sys=0.01, real=0.03 secs] 
2020-08-02T21:48:20.247+0800: 12567284.225: [GC (Allocation Failure) 2020-08-02T21:48:20.251+0800: 12567284.229: [ParNew: 665567K->11886K(737280K), 0.0331678 secs] 1373358K->719820K(6209536K), 0.0378969 secs] [Times: user=0.14 sys=0.00, real=0.03 secs] 
2020-08-02T21:49:22.900+0800: 12567346.878: [GC (Allocation Failure) 2020-08-02T21:49:22.900+0800: 12567346.878: [ParNew: 667123K->10320K(737280K), 0.0143567 secs] 1375056K->718519K(6209536K), 0.0145290 secs] [Times: user=0.07 sys=0.00, real=0.01 secs] 
2020-08-02T21:50:25.663+0800: 12567409.641: [GC (Allocation Failure) 2020-08-02T21:50:25.663+0800: 12567409.641: [ParNew: 665680K->11590K(737280K), 0.0157245 secs] 1373879K->719857K(6209536K), 0.0158744 secs] [Times: user=0.06 sys=0.00, real=0.02 secs] 
2020-08-02T21:51:41.530+0800: 12567485.507: [GC (Allocation Failure) 2020-08-02T21:51:41.530+0800: 12567485.507: [ParNew: 666950K->9303K(737280K), 0.0131051 secs] 1375217K->717940K(6209536K), 0.0132663 secs] [Times: user=0.06 sys=0.00, real=0.01 secs] 
2020-08-02T21:53:36.093+0800: 12567600.071: [GC (Allocation Failure) 2020-08-02T21:53:36.093+0800: 12567600.071: [ParNew: 664663K->11319K(737280K), 0.0300956 secs] 1373300K->720391K(6209536K), 0.0302413 secs] [Times: user=0.11 sys=0.00, real=0.03 secs] 
2020-08-02T21:55:55.185+0800: 12567739.163: [GC (Allocation Failure) 2020-08-02T21:55:55.185+0800: 12567739.163: [ParNew: 666679K->11088K(737280K), 0.0308957 secs] 1375751K->720247K(6209536K), 0.0310581 secs] [Times: user=0.12 sys=0.01, real=0.03 secs] 
2020-08-02T21:57:04.908+0800: 12567808.886: [GC (Allocation Failure) 2020-08-02T21:57:04.908+0800: 12567808.886: [ParNew: 666448K->11525K(737280K), 0.0182102 secs] 1375607K->720952K(6209536K), 0.0183861 secs] [Times: user=0.06 sys=0.00, real=0.01 secs] 
2020-08-02T21:58:23.830+0800: 12567887.808: [GC (Allocation Failure) 2020-08-02T21:58:23.831+0800: 12567887.808: [ParNew: 666885K->10288K(737280K), 0.0157152 secs] 1376312K->719783K(6209536K), 0.0158897 secs] [Times: user=0.07 sys=0.00, real=0.01 secs] 
2020-08-02T22:00:34.178+0800: 12568018.155: [GC (Allocation Failure) 2020-08-02T22:00:34.183+0800: 12568018.161: [ParNew: 665648K->11624K(737280K), 0.0178811 secs] 1375143K->721327K(6209536K), 0.0238390 secs] [Times: user=0.05 sys=0.01, real=0.03 secs] 
2020-08-02T22:02:17.782+0800: 12568121.760: [GC (Allocation Failure) 2020-08-02T22:02:17.782+0800: 12568121.760: [ParNew: 666984K->11173K(737280K), 0.0254036 secs] 1376687K->721042K(6209536K), 0.0256083 secs] [Times: user=0.08 sys=0.01, real=0.03 secs] 
2020-08-02T22:03:05.382+0800: 12568169.360: [GC (Allocation Failure) 2020-08-02T22:03:05.382+0800: 12568169.360: [ParNew: 666533K->12175K(737280K), 0.0645043 secs] 1376402K->722683K(6209536K), 0.0647255 secs] [Times: user=0.08 sys=0.00, real=0.07 secs] 
2020-08-02T22:04:26.822+0800: 12568250.800: [GC (Allocation Failure) 2020-08-02T22:04:26.822+0800: 12568250.800: [ParNew: 667535K->10457K(737280K), 0.0359707 secs] 1378043K->721100K(6209536K), 0.0362180 secs] [Times: user=0.11 sys=0.00, real=0.04 secs] 
2020-08-02T22:06:22.596+0800: 12568366.574: [GC (Allocation Failure) 2020-08-02T22:06:22.596+0800: 12568366.574: [ParNew: 665817K->18299K(737280K), 0.0187552 secs] 1376460K->728946K(6209536K), 0.0189125 secs] [Times: user=0.08 sys=0.00, real=0.02 secs] 
2020-08-02T22:08:59.030+0800: 12568523.008: [GC (Allocation Failure) 2020-08-02T22:08:59.030+0800: 12568523.008: [ParNew: 673659K->15721K(737280K), 0.0303340 secs] 1384306K->726435K(6209536K), 0.0305074 secs] [Times: user=0.09 sys=0.00, real=0.03 secs] 
2020-08-02T22:11:05.335+0800: 12568649.312: [GC (Allocation Failure) 2020-08-02T22:11:05.335+0800: 12568649.313: [ParNew: 671081K->9936K(737280K), 0.0139174 secs] 1381795K->720831K(6209536K), 0.0140690 secs] [Times: user=0.05 sys=0.01, real=0.02 secs] 
2020-08-02T22:13:44.726+0800: 12568808.703: [GC (Allocation Failure) 2020-08-02T22:13:44.726+0800: 12568808.704: [ParNew: 665296K->11707K(737280K), 0.0187649 secs] 1376191K->722710K(6209536K), 0.0189341 secs] [Times: user=0.07 sys=0.00, real=0.02 secs] 
2020-08-02T22:16:31.367+0800: 12568975.345: [GC (Allocation Failure) 2020-08-02T22:16:31.372+0800: 12568975.350: [ParNew: 667067K->11458K(737280K), 0.0153655 secs] 1378070K->722593K(6209536K), 0.0201024 secs] [Times: user=0.07 sys=0.00, real=0.02 secs] 
2020-08-02T22:17:37.720+0800: 12569041.698: [GC (Allocation Failure) 2020-08-02T22:17:37.720+0800: 12569041.698: [ParNew: 612091K->81920K(737280K), 0.0239117 secs] 1323226K->889661K(6209536K), 0.0240708 secs] [Times: user=0.13 sys=0.00, real=0.02 secs] 
2020-08-02T22:21:13.432+0800: 12569257.410: [GC (Allocation Failure) 2020-08-02T22:21:13.437+0800: 12569257.415: [ParNew: 737280K->7078K(737280K), 0.0132853 secs] 1545021K->817062K(6209536K), 0.0179420 secs] [Times: user=0.07 sys=0.00, real=0.02 secs] 
2020-08-02T22:24:35.132+0800: 12569459.110: [GC (Allocation Failure) 2020-08-02T22:24:35.136+0800: 12569459.114: [ParNew: 662438K->9453K(737280K), 0.0180454 secs] 1472422K->819437K(6209536K), 0.0226895 secs] [Times: user=0.06 sys=0.00, real=0.02 secs] 
2020-08-02T22:28:24.482+0800: 12569688.460: [GC (Allocation Failure) 2020-08-02T22:28:24.482+0800: 12569688.460: [ParNew: 664813K->9527K(737280K), 0.0345984 secs] 1474797K->819511K(6209536K), 0.0348261 secs] [Times: user=0.08 sys=0.00, real=0.03 secs] 
2020-08-02T22:32:14.411+0800: 12569918.389: [GC (Allocation Failure) 2020-08-02T22:32:14.412+0800: 12569918.390: [ParNew: 664887K->10039K(737280K), 0.0161028 secs] 1474871K->820023K(6209536K), 0.0171848 secs] [Times: user=0.06 sys=0.00, real=0.02 secs] 
2020-08-02T22:37:00.642+0800: 12570204.620: [GC (Allocation Failure) 2020-08-02T22:37:00.642+0800: 12570204.620: [ParNew: 665399K->11794K(737280K), 0.0156482 secs] 1475383K->821778K(6209536K), 0.0158180 secs] [Times: user=0.07 sys=0.00, real=0.01 secs] 
2020-08-02T22:39:52.169+0800: 12570376.147: [GC (Allocation Failure) 2020-08-02T22:39:52.170+0800: 12570376.147: [ParNew: 667154K->11401K(737280K), 0.0169988 secs] 1477138K->821385K(6209536K), 0.0171793 secs] [Times: user=0.07 sys=0.00, real=0.02 secs] 
2020-08-02T22:44:04.203+0800: 12570628.181: [GC (Allocation Failure) 2020-08-02T22:44:04.203+0800: 12570628.181: [ParNew: 666761K->12164K(737280K), 0.0150824 secs] 1476745K->822285K(6209536K), 0.0152966 secs] [Times: user=0.07 sys=0.00, real=0.02 secs] 
2020-08-02T22:47:15.769+0800: 12570819.747: [GC (Allocation Failure) 2020-08-02T22:47:15.774+0800: 12570819.752: [ParNew: 667524K->11648K(737280K), 0.0152307 secs] 1477645K->822088K(6209536K), 0.0200264 secs] [Times: user=0.06 sys=0.00, real=0.02 secs] 
2020-08-02T22:50:14.683+0800: 12570998.661: [GC (Allocation Failure) 2020-08-02T22:50:14.684+0800: 12570998.661: [ParNew: 667008K->12865K(737280K), 0.0191710 secs] 1477448K->823354K(6209536K), 0.0193573 secs] [Times: user=0.06 sys=0.00, real=0.02 secs] 
2020-08-02T22:51:51.790+0800: 12571095.768: [GC (Allocation Failure) 2020-08-02T22:51:51.791+0800: 12571095.768: [ParNew: 668225K->12198K(737280K), 0.0271205 secs] 1478714K->822709K(6209536K), 0.0273564 secs] [Times: user=0.10 sys=0.00, real=0.02 secs] 
2020-08-02T22:53:56.615+0800: 12571220.593: [GC (Allocation Failure) 2020-08-02T22:53:56.615+0800: 12571220.593: [ParNew: 667558K->11373K(737280K), 0.0145135 secs] 1478069K->821944K(6209536K), 0.0146785 secs] [Times: user=0.06 sys=0.00, real=0.02 secs] 
2020-08-02T22:58:57.965+0800: 12571521.943: [GC (Allocation Failure) 2020-08-02T22:58:57.965+0800: 12571521.943: [ParNew: 666733K->12609K(737280K), 0.0177266 secs] 1477304K->823267K(6209536K), 0.0179326 secs] [Times: user=0.06 sys=0.00, real=0.02 secs] 
2020-08-02T23:02:50.361+0800: 12571754.339: [GC (Allocation Failure) 2020-08-02T23:02:50.361+0800: 12571754.339: [ParNew: 667969K->14470K(737280K), 0.0170013 secs] 1478627K->825307K(6209536K), 0.0172163 secs] [Times: user=0.07 sys=0.00, real=0.01 secs] 
2020-08-02T23:04:58.646+0800: 12571882.624: [GC (Allocation Failure) 2020-08-02T23:04:58.646+0800: 12571882.624: [ParNew: 669830K->22661K(737280K), 0.0260191 secs] 1480667K->833690K(6209536K), 0.0262066 secs] [Times: user=0.09 sys=0.00, real=0.03 secs] 
2020-08-02T23:07:46.984+0800: 12572050.962: [GC (Allocation Failure) 2020-08-02T23:07:46.989+0800: 12572050.967: [ParNew: 678021K->19144K(737280K), 0.0204689 secs] 1489050K->830245K(6209536K), 0.0257963 secs] [Times: user=0.08 sys=0.00, real=0.03 secs] 
2020-08-02T23:11:27.713+0800: 12572271.691: [GC (Allocation Failure) 2020-08-02T23:11:27.713+0800: 12572271.691: [ParNew: 674504K->13114K(737280K), 0.0166780 secs] 1485605K->824221K(6209536K), 0.0168497 secs] [Times: user=0.07 sys=0.00, real=0.02 secs] 
2020-08-02T23:17:43.004+0800: 12572646.982: [GC (Allocation Failure) 2020-08-02T23:17:43.010+0800: 12572646.988: [ParNew: 668474K->13849K(737280K), 0.0172295 secs] 1479581K->824958K(6209536K), 0.0226979 secs] [Times: user=0.08 sys=0.00, real=0.03 secs] 
2020-08-02T23:22:17.824+0800: 12572921.802: [GC (Allocation Failure) 2020-08-02T23:22:17.825+0800: 12572921.802: [ParNew: 669193K->11776K(737280K), 0.0159802 secs] 1480302K->822889K(6209536K), 0.0161452 secs] [Times: user=0.07 sys=0.00, real=0.02 secs] 
2020-08-02T23:26:40.021+0800: 12573183.999: [GC (Allocation Failure) 2020-08-02T23:26:40.022+0800: 12573183.999: [ParNew: 667136K->13604K(737280K), 0.0172627 secs] 1478249K->825026K(6209536K), 0.0174266 secs] [Times: user=0.07 sys=0.01, real=0.02 secs] 
2020-08-02T23:30:49.852+0800: 12573433.830: [GC (Allocation Failure) 2020-08-02T23:30:49.858+0800: 12573433.836: [ParNew: 668964K->12155K(737280K), 0.0155032 secs] 1480386K->823673K(6209536K), 0.0215779 secs] [Times: user=0.06 sys=0.00, real=0.02 secs] 
2020-08-02T23:32:56.797+0800: 12573560.775: [GC (Allocation Failure) 2020-08-02T23:32:56.797+0800: 12573560.775: [ParNew: 667417K->12068K(737280K), 0.0227146 secs] 1478935K->824077K(6209536K), 0.0229057 secs] [Times: user=0.08 sys=0.00, real=0.03 secs] 
2020-08-02T23:34:58.672+0800: 12573682.650: [GC (Allocation Failure) 2020-08-02T23:34:58.672+0800: 12573682.650: [ParNew: 667428K->12047K(737280K), 0.0158843 secs] 1479437K->824125K(6209536K), 0.0160552 secs] [Times: user=0.07 sys=0.00, real=0.02 secs] 
2020-08-02T23:37:33.241+0800: 12573837.219: [GC (Allocation Failure) 2020-08-02T23:37:33.241+0800: 12573837.219: [ParNew: 667295K->12216K(737280K), 0.0209305 secs] 1479373K->824404K(6209536K), 0.0210983 secs] [Times: user=0.09 sys=0.00, real=0.02 secs] 
2020-08-02T23:38:47.142+0800: 12573911.120: [GC (Allocation Failure) 2020-08-02T23:38:47.143+0800: 12573911.120: [ParNew: 667576K->11653K(737280K), 0.0160835 secs] 1479764K->823990K(6209536K), 0.0162582 secs] [Times: user=0.07 sys=0.00, real=0.02 secs] 
2020-08-02T23:41:55.954+0800: 12574099.932: [GC (Allocation Failure) 2020-08-02T23:41:55.955+0800: 12574099.932: [ParNew: 666949K->10827K(737280K), 0.0155243 secs] 1479286K->823298K(6209536K), 0.0156987 secs] [Times: user=0.07 sys=0.00, real=0.02 secs] 
2020-08-02T23:44:25.300+0800: 12574249.278: [GC (Allocation Failure) 2020-08-02T23:44:25.301+0800: 12574249.278: [ParNew: 666187K->10669K(737280K), 0.0200214 secs] 1478658K->823426K(6209536K), 0.0202146 secs] [Times: user=0.08 sys=0.00, real=0.02 secs] 
2020-08-02T23:46:29.790+0800: 12574373.768: [GC (Allocation Failure) 2020-08-02T23:46:29.790+0800: 12574373.768: [ParNew: 665941K->10562K(737280K), 0.0278705 secs] 1478698K->824077K(6209536K), 0.0280311 secs] [Times: user=0.13 sys=0.00, real=0.02 secs] 
2020-08-02T23:48:07.798+0800: 12574471.776: [GC (Allocation Failure) 2020-08-02T23:48:07.798+0800: 12574471.776: [ParNew: 665922K->11519K(737280K), 0.0147129 secs] 1479437K->825549K(6209536K), 0.0148983 secs] [Times: user=0.06 sys=0.00, real=0.02 secs] 
2020-08-02T23:51:48.636+0800: 12574692.614: [GC (Allocation Failure) 2020-08-02T23:51:48.636+0800: 12574692.614: [ParNew: 666879K->12188K(737280K), 0.0335061 secs] 1480909K->826367K(6209536K), 0.0337290 secs] [Times: user=0.10 sys=0.00, real=0.04 secs] 
2020-08-02T23:52:36.694+0800: 12574740.672: [GC (Allocation Failure) 2020-08-02T23:52:36.694+0800: 12574740.672: [ParNew: 667548K->10597K(737280K), 0.0157732 secs] 1481727K->824776K(6209536K), 0.0159573 secs] [Times: user=0.07 sys=0.01, real=0.02 secs] 
2020-08-02T23:54:06.504+0800: 12574830.482: [GC (Allocation Failure) 2020-08-02T23:54:06.504+0800: 12574830.482: [ParNew: 665957K->11658K(737280K), 0.0200090 secs] 1480136K->826440K(6209536K), 0.0201664 secs] [Times: user=0.08 sys=0.01, real=0.02 secs] 
2020-08-02T23:55:39.163+0800: 12574923.141: [GC (Allocation Failure) 2020-08-02T23:55:39.163+0800: 12574923.141: [ParNew: 667018K->11536K(737280K), 0.0185266 secs] 1481800K->826661K(6209536K), 0.0187087 secs] [Times: user=0.07 sys=0.00, real=0.02 secs] 
2020-08-03T00:00:04.442+0800: 12575188.420: [GC (Allocation Failure) 2020-08-03T00:00:04.448+0800: 12575188.426: [ParNew: 666860K->13663K(737280K), 0.0220728 secs] 1481984K->828885K(6209536K), 0.0280718 secs] [Times: user=0.08 sys=0.00, real=0.03 secs] 
2020-08-03T00:03:24.331+0800: 12575388.309: [GC (Allocation Failure) 2020-08-03T00:03:24.331+0800: 12575388.309: [ParNew: 669023K->17244K(737280K), 0.0183819 secs] 1484245K->833117K(6209536K), 0.0186390 secs] [Times: user=0.08 sys=0.01, real=0.02 secs] 
2020-08-03T00:05:28.006+0800: 12575511.984: [GC (Allocation Failure) 2020-08-03T00:05:28.006+0800: 12575511.984: [ParNew: 672482K->18834K(737280K), 0.0209451 secs] 1488355K->835042K(6209536K), 0.0212066 secs] [Times: user=0.08 sys=0.01, real=0.03 secs] 
2020-08-03T00:07:20.766+0800: 12575624.744: [GC (Allocation Failure) 2020-08-03T00:07:20.766+0800: 12575624.744: [ParNew: 674194K->22722K(737280K), 0.0220657 secs] 1490402K->838932K(6209536K), 0.0222926 secs] [Times: user=0.09 sys=0.00, real=0.03 secs] 
2020-08-03T00:08:19.553+0800: 12575683.531: [GC (Allocation Failure) 2020-08-03T00:08:19.553+0800: 12575683.531: [ParNew: 678082K->21110K(737280K), 0.0190642 secs] 1494292K->837393K(6209536K), 0.0192795 secs] [Times: user=0.07 sys=0.00, real=0.02 secs] 
2020-08-03T00:09:48.680+0800: 12575772.658: [GC (Allocation Failure) 2020-08-03T00:09:48.681+0800: 12575772.658: [ParNew: 676470K->27623K(737280K), 0.0209698 secs] 1492753K->844125K(6209536K), 0.0211573 secs] [Times: user=0.07 sys=0.00, real=0.02 secs] 
2020-08-03T00:11:06.198+0800: 12575850.175: [GC (Allocation Failure) 2020-08-03T00:11:06.202+0800: 12575850.180: [ParNew: 682983K->29503K(737280K), 0.0220372 secs] 1499485K->846625K(6209536K), 0.0266613 secs] [Times: user=0.07 sys=0.01, real=0.03 secs] 
2020-08-03T00:12:39.905+0800: 12575943.883: [GC (Allocation Failure) 2020-08-03T00:12:39.905+0800: 12575943.883: [ParNew: 684863K->24311K(737280K), 0.0213385 secs] 1501985K->842586K(6209536K), 0.0215292 secs] [Times: user=0.09 sys=0.00, real=0.03 secs] 
2020-08-03T00:14:03.471+0800: 12576027.449: [GC (Allocation Failure) 2020-08-03T00:14:03.471+0800: 12576027.449: [ParNew: 679671K->25190K(737280K), 0.0396006 secs] 1497946K->843869K(6209536K), 0.0398259 secs] [Times: user=0.12 sys=0.01, real=0.04 secs] 
2020-08-03T00:15:41.124+0800: 12576125.102: [GC (Allocation Failure) 2020-08-03T00:15:41.124+0800: 12576125.102: [ParNew: 680436K->27668K(737280K), 0.0286840 secs] 1499115K->846923K(6209536K), 0.0288816 secs] [Times: user=0.07 sys=0.01, real=0.03 secs] 
2020-08-03T00:17:07.840+0800: 12576211.818: [GC (Allocation Failure) 2020-08-03T00:17:07.840+0800: 12576211.818: [ParNew: 682944K->24598K(737280K), 0.0279260 secs] 1502199K->844404K(6209536K), 0.0281108 secs] [Times: user=0.09 sys=0.01, real=0.03 secs] 
2020-08-03T00:18:10.466+0800: 12576274.444: [GC (Allocation Failure) 2020-08-03T00:18:10.467+0800: 12576274.444: [ParNew: 679865K->39004K(737280K), 0.0369597 secs] 1499671K->858972K(6209536K), 0.0372175 secs] [Times: user=0.12 sys=0.01, real=0.04 secs] 
2020-08-03T00:18:58.505+0800: 12576322.483: [GC (Allocation Failure) 2020-08-03T00:18:58.505+0800: 12576322.483: [ParNew: 694364K->18120K(737280K), 0.0220084 secs] 1514332K->838207K(6209536K), 0.0222414 secs] [Times: user=0.09 sys=0.00, real=0.03 secs] 
2020-08-03T00:20:00.074+0800: 12576384.052: [GC (Allocation Failure) 2020-08-03T00:20:00.074+0800: 12576384.052: [ParNew: 673480K->22232K(737280K), 0.0203831 secs] 1493567K->842998K(6209536K), 0.0205990 secs] [Times: user=0.08 sys=0.00, real=0.02 secs] 
2020-08-03T00:20:44.820+0800: 12576428.798: [GC (Allocation Failure) 2020-08-03T00:20:44.820+0800: 12576428.798: [ParNew: 677592K->13754K(737280K), 0.0172766 secs] 1498358K->834752K(6209536K), 0.0174689 secs] [Times: user=0.08 sys=0.00, real=0.01 secs] 
2020-08-03T00:21:20.441+0800: 12576464.418: [GC (Allocation Failure) 2020-08-03T00:21:20.441+0800: 12576464.419: [ParNew: 669114K->13465K(737280K), 0.0188885 secs] 1490112K->835162K(6209536K), 0.0190767 secs] [Times: user=0.08 sys=0.00, real=0.02 secs] 
2020-08-03T00:22:08.473+0800: 12576512.451: [GC (Allocation Failure) 2020-08-03T00:22:08.473+0800: 12576512.451: [ParNew: 668825K->12461K(737280K), 0.0138002 secs] 1490522K->834468K(6209536K), 0.0139828 secs] [Times: user=0.08 sys=0.00, real=0.02 secs] 
2020-08-03T00:23:09.969+0800: 12576573.947: [GC (Allocation Failure) 2020-08-03T00:23:09.970+0800: 12576573.947: [ParNew: 667768K->13399K(737280K), 0.0115961 secs] 1489775K->835960K(6209536K), 0.0117648 secs] [Times: user=0.06 sys=0.00, real=0.01 secs] 
2020-08-03T00:24:38.918+0800: 12576662.896: [GC (Allocation Failure) 2020-08-03T00:24:38.918+0800: 12576662.896: [ParNew: 668759K->16186K(737280K), 0.0439208 secs] 1491319K->839088K(6209536K), 0.0441793 secs] [Times: user=0.12 sys=0.01, real=0.05 secs] 
2020-08-03T00:26:39.457+0800: 12576783.435: [GC (Allocation Failure) 2020-08-03T00:26:39.457+0800: 12576783.435: [ParNew: 671546K->14586K(737280K), 0.0209007 secs] 1494448K->837773K(6209536K), 0.0210630 secs] [Times: user=0.08 sys=0.00, real=0.02 secs] 
2020-08-03T00:28:34.266+0800: 12576898.244: [GC (Allocation Failure) 2020-08-03T00:28:34.266+0800: 12576898.244: [ParNew: 669946K->21233K(737280K), 0.0193970 secs] 1493133K->844728K(6209536K), 0.0195884 secs] [Times: user=0.07 sys=0.00, real=0.02 secs] 
2020-08-03T00:29:28.441+0800: 12576952.418: [GC (Allocation Failure) 2020-08-03T00:29:28.441+0800: 12576952.418: [ParNew: 676593K->14131K(737280K), 0.0181365 secs] 1500088K->837805K(6209536K), 0.0183163 secs] [Times: user=0.10 sys=0.00, real=0.02 secs] 
2020-08-03T00:30:31.997+0800: 12577015.975: [GC (Allocation Failure) 2020-08-03T00:30:31.997+0800: 12577015.975: [ParNew: 669491K->14028K(737280K), 0.0105349 secs] 1493165K->837909K(6209536K), 0.0107021 secs] [Times: user=0.06 sys=0.00, real=0.02 secs] 
2020-08-03T00:31:48.388+0800: 12577092.366: [GC (Allocation Failure) 2020-08-03T00:31:48.389+0800: 12577092.366: [ParNew: 669388K->12103K(737280K), 0.0354090 secs] 1493269K->836423K(6209536K), 0.0356090 secs] [Times: user=0.13 sys=0.00, real=0.03 secs] 
2020-08-03T00:33:00.910+0800: 12577164.887: [GC (Allocation Failure) 2020-08-03T00:33:00.910+0800: 12577164.888: [ParNew: 667463K->10195K(737280K), 0.0115494 secs] 1491783K->834844K(6209536K), 0.0117373 secs] [Times: user=0.06 sys=0.00, real=0.01 secs] 
2020-08-03T00:34:20.883+0800: 12577244.861: [GC (Allocation Failure) 2020-08-03T00:34:20.883+0800: 12577244.861: [ParNew: 665555K->13156K(737280K), 0.0182170 secs] 1490204K->838181K(6209536K), 0.0184171 secs] [Times: user=0.08 sys=0.00, real=0.02 secs] 
2020-08-03T00:35:29.923+0800: 12577313.901: [GC (Allocation Failure) 2020-08-03T00:35:29.923+0800: 12577313.901: [ParNew: 668516K->15839K(737280K), 0.0313403 secs] 1493541K->841140K(6209536K), 0.0315201 secs] [Times: user=0.10 sys=0.01, real=0.03 secs] 
2020-08-03T00:36:38.113+0800: 12577382.091: [GC (Allocation Failure) 2020-08-03T00:36:38.114+0800: 12577382.091: [ParNew: 671199K->12761K(737280K), 0.0273161 secs] 1496500K->838328K(6209536K), 0.0274904 secs] [Times: user=0.08 sys=0.01, real=0.03 secs] 
2020-08-03T00:37:39.506+0800: 12577443.484: [GC (Allocation Failure) 2020-08-03T00:37:39.506+0800: 12577443.484: [ParNew: 668121K->16002K(737280K), 0.0213114 secs] 1493688K->841827K(6209536K), 0.0215029 secs] [Times: user=0.08 sys=0.00, real=0.03 secs] 
2020-08-03T00:38:57.613+0800: 12577521.591: [GC (Allocation Failure) 2020-08-03T00:38:57.613+0800: 12577521.591: [ParNew: 671362K->17237K(737280K), 0.0151257 secs] 1497187K->843725K(6209536K), 0.0153272 secs] [Times: user=0.07 sys=0.00, real=0.02 secs] 
2020-08-03T00:41:17.421+0800: 12577661.399: [GC (Allocation Failure) 2020-08-03T00:41:17.422+0800: 12577661.399: [ParNew: 672597K->15205K(737280K), 0.0178068 secs] 1499085K->842090K(6209536K), 0.0179841 secs] [Times: user=0.07 sys=0.00, real=0.02 secs] 
2020-08-03T00:42:37.669+0800: 12577741.647: [GC (Allocation Failure) 2020-08-03T00:42:37.669+0800: 12577741.647: [ParNew: 670565K->22973K(737280K), 0.0169910 secs] 1497450K->850713K(6209536K), 0.0171679 secs] [Times: user=0.07 sys=0.01, real=0.01 secs] 
2020-08-03T00:43:38.668+0800: 12577802.646: [GC (Allocation Failure) 2020-08-03T00:43:38.668+0800: 12577802.646: [ParNew: 678333K->15097K(737280K), 0.0353754 secs] 1506073K->843648K(6209536K), 0.0355678 secs] [Times: user=0.20 sys=0.00, real=0.03 secs] 
2020-08-03T00:45:00.493+0800: 12577884.471: [GC (Allocation Failure) 2020-08-03T00:45:00.493+0800: 12577884.471: [ParNew: 670457K->9615K(737280K), 0.0100913 secs] 1499008K->838238K(6209536K), 0.0102662 secs] [Times: user=0.05 sys=0.00, real=0.01 secs] 
2020-08-03T00:47:22.685+0800: 12578026.663: [GC (Allocation Failure) 2020-08-03T00:47:22.688+0800: 12578026.666: [ParNew: 664975K->10859K(737280K), 0.0114740 secs] 1493598K->839629K(6209536K), 0.0152537 secs] [Times: user=0.06 sys=0.00, real=0.02 secs] 
2020-08-03T00:48:59.380+0800: 12578123.358: [GC (Allocation Failure) 2020-08-03T00:48:59.380+0800: 12578123.358: [ParNew: 666198K->11896K(737280K), 0.0156044 secs] 1494967K->840879K(6209536K), 0.0157761 secs] [Times: user=0.06 sys=0.00, real=0.01 secs] 
2020-08-03T00:50:30.939+0800: 12578214.917: [GC (Allocation Failure) 2020-08-03T00:50:30.940+0800: 12578214.918: [ParNew: 667135K->10008K(737280K), 0.0123067 secs] 1496117K->839455K(6209536K), 0.0134082 secs] [Times: user=0.06 sys=0.00, real=0.01 secs] 
2020-08-03T00:51:36.469+0800: 12578280.447: [GC (Allocation Failure) 2020-08-03T00:51:36.469+0800: 12578280.447: [ParNew: 665368K->30751K(737280K), 0.0217854 secs] 1494815K->860611K(6209536K), 0.0219565 secs] [Times: user=0.07 sys=0.00, real=0.02 secs] 
2020-08-03T00:54:34.082+0800: 12578458.060: [GC (Allocation Failure) 2020-08-03T00:54:34.085+0800: 12578458.063: [ParNew: 686111K->20352K(737280K), 0.0192274 secs] 1515971K->850285K(6209536K), 0.0224477 secs] [Times: user=0.08 sys=0.00, real=0.02 secs] 
2020-08-03T00:56:00.792+0800: 12578544.770: [GC (Allocation Failure) 2020-08-03T00:56:00.792+0800: 12578544.770: [ParNew: 675623K->11601K(737280K), 0.0120781 secs] 1505555K->841616K(6209536K), 0.0122580 secs] [Times: user=0.07 sys=0.00, real=0.01 secs] 
2020-08-03T00:57:00.906+0800: 12578604.884: [GC (Allocation Failure) 2020-08-03T00:57:00.907+0800: 12578604.884: [ParNew: 666961K->12508K(737280K), 0.0157969 secs] 1496976K->842936K(6209536K), 0.0160090 secs] [Times: user=0.05 sys=0.02, real=0.02 secs] 
2020-08-03T00:58:09.621+0800: 12578673.599: [GC (Allocation Failure) 2020-08-03T00:58:09.621+0800: 12578673.599: [ParNew: 667868K->11804K(737280K), 0.0145397 secs] 1498296K->842510K(6209536K), 0.0147207 secs] [Times: user=0.06 sys=0.01, real=0.01 secs] 
2020-08-03T00:59:12.424+0800: 12578736.401: [GC (Allocation Failure) 2020-08-03T00:59:12.424+0800: 12578736.401: [ParNew: 667164K->11461K(737280K), 0.0309349 secs] 1497870K->842177K(6209536K), 0.0311349 secs] [Times: user=0.11 sys=0.01, real=0.03 secs] 
2020-08-03T01:01:03.689+0800: 12578847.667: [GC (Allocation Failure) 2020-08-03T01:01:03.695+0800: 12578847.672: [ParNew: 666821K->13952K(737280K), 0.0128112 secs] 1497537K->844885K(6209536K), 0.0185076 secs] [Times: user=0.07 sys=0.00, real=0.02 secs] 
2020-08-03T01:03:39.454+0800: 12579003.432: [GC (Allocation Failure) 2020-08-03T01:03:39.454+0800: 12579003.432: [ParNew: 669312K->12662K(737280K), 0.0139563 secs] 1500245K->843883K(6209536K), 0.0141378 secs] [Times: user=0.06 sys=0.00, real=0.02 secs] 
2020-08-03T01:05:51.426+0800: 12579135.404: [GC (Allocation Failure) 2020-08-03T01:05:51.426+0800: 12579135.404: [ParNew: 668022K->21592K(737280K), 0.0203105 secs] 1499243K->853153K(6209536K), 0.0205132 secs] [Times: user=0.07 sys=0.00, real=0.03 secs] 
2020-08-03T01:06:57.622+0800: 12579201.600: [GC (Allocation Failure) 2020-08-03T01:06:57.622+0800: 12579201.600: [ParNew: 676952K->14172K(737280K), 0.0132574 secs] 1508513K->846272K(6209536K), 0.0134164 secs] [Times: user=0.06 sys=0.00, real=0.01 secs] 
2020-08-03T01:08:04.797+0800: 12579268.774: [GC (Allocation Failure) 2020-08-03T01:08:04.797+0800: 12579268.774: [ParNew: 669532K->11314K(737280K), 0.0148906 secs] 1501632K->843548K(6209536K), 0.0150670 secs] [Times: user=0.07 sys=0.00, real=0.02 secs] 
2020-08-03T01:09:12.801+0800: 12579336.779: [GC (Allocation Failure) 2020-08-03T01:09:12.801+0800: 12579336.779: [ParNew: 666674K->12463K(737280K), 0.0142419 secs] 1498908K->844785K(6209536K), 0.0144199 secs] [Times: user=0.07 sys=0.00, real=0.01 secs] 
2020-08-03T01:10:23.343+0800: 12579407.320: [GC (Allocation Failure) 2020-08-03T01:10:23.343+0800: 12579407.320: [ParNew: 667823K->14813K(737280K), 0.0140557 secs] 1500145K->847756K(6209536K), 0.0142288 secs] [Times: user=0.06 sys=0.01, real=0.01 secs] 
2020-08-03T01:11:43.718+0800: 12579487.696: [GC (Allocation Failure) 2020-08-03T01:11:43.718+0800: 12579487.696: [ParNew: 670133K->13767K(737280K), 0.0139229 secs] 1503077K->846809K(6209536K), 0.0141243 secs] [Times: user=0.08 sys=0.00, real=0.02 secs] 
2020-08-03T01:12:40.865+0800: 12579544.843: [GC (Allocation Failure) 2020-08-03T01:12:40.865+0800: 12579544.843: [ParNew: 669127K->18604K(737280K), 0.0168111 secs] 1502169K->852268K(6209536K), 0.0169956 secs] [Times: user=0.06 sys=0.00, real=0.02 secs] 
2020-08-03T01:13:56.235+0800: 12579620.213: [GC (Allocation Failure) 2020-08-03T01:13:56.235+0800: 12579620.213: [ParNew: 673964K->14428K(737280K), 0.0183225 secs] 1507628K->848456K(6209536K), 0.0184955 secs] [Times: user=0.06 sys=0.01, real=0.02 secs] 
2020-08-03T01:15:12.306+0800: 12579696.284: [GC (Allocation Failure) 2020-08-03T01:15:12.306+0800: 12579696.284: [ParNew: 669788K->14274K(737280K), 0.0139948 secs] 1503816K->848465K(6209536K), 0.0141978 secs] [Times: user=0.06 sys=0.01, real=0.02 secs] 
2020-08-03T01:18:13.292+0800: 12579877.270: [GC (Allocation Failure) 2020-08-03T01:18:13.292+0800: 12579877.270: [ParNew: 669634K->14658K(737280K), 0.0202542 secs] 1503825K->849255K(6209536K), 0.0204232 secs] [Times: user=0.08 sys=0.00, real=0.02 secs] 
2020-08-03T01:19:28.679+0800: 12579952.657: [GC (Allocation Failure) 2020-08-03T01:19:28.679+0800: 12579952.657: [ParNew: 670018K->17568K(737280K), 0.0140318 secs] 1504615K->852250K(6209536K), 0.0142051 secs] [Times: user=0.07 sys=0.00, real=0.01 secs] 
2020-08-03T01:20:44.414+0800: 12580028.392: [GC (Allocation Failure) 2020-08-03T01:20:44.414+0800: 12580028.392: [ParNew: 672928K->10241K(737280K), 0.0103423 secs] 1507610K->845856K(6209536K), 0.0105291 secs] [Times: user=0.06 sys=0.00, real=0.01 secs] 
2020-08-03T01:22:00.605+0800: 12580104.583: [GC (Allocation Failure) 2020-08-03T01:22:00.605+0800: 12580104.583: [ParNew: 665601K->12154K(737280K), 0.0131705 secs] 1501216K->847838K(6209536K), 0.0133560 secs] [Times: user=0.05 sys=0.00, real=0.02 secs] 
2020-08-03T01:23:09.539+0800: 12580173.516: [GC (Allocation Failure) 2020-08-03T01:23:09.539+0800: 12580173.516: [ParNew: 667514K->11690K(737280K), 0.0133444 secs] 1503198K->847515K(6209536K), 0.0135111 secs] [Times: user=0.06 sys=0.00, real=0.01 secs] 
2020-08-03T01:24:20.109+0800: 12580244.087: [GC (Allocation Failure) 2020-08-03T01:24:20.109+0800: 12580244.087: [ParNew: 667050K->11691K(737280K), 0.0117035 secs] 1502875K->847734K(6209536K), 0.0118941 secs] [Times: user=0.06 sys=0.00, real=0.01 secs] 
2020-08-03T01:25:33.024+0800: 12580317.002: [GC (Allocation Failure) 2020-08-03T01:25:33.025+0800: 12580317.002: [ParNew: 667051K->10368K(737280K), 0.0187926 secs] 1503094K->846728K(6209536K), 0.0189570 secs] [Times: user=0.09 sys=0.00, real=0.02 secs] 
2020-08-03T01:27:34.216+0800: 12580438.194: [GC (Allocation Failure) 2020-08-03T01:27:34.219+0800: 12580438.197: [ParNew: 665728K->15928K(737280K), 0.0182629 secs] 1502088K->852626K(6209536K), 0.0209732 secs] [Times: user=0.08 sys=0.00, real=0.02 secs] 
2020-08-03T01:28:29.180+0800: 12580493.158: [GC (Allocation Failure) 2020-08-03T01:28:29.180+0800: 12580493.158: [ParNew: 671288K->16148K(737280K), 0.0134136 secs] 1507986K->852992K(6209536K), 0.0135811 secs] [Times: user=0.06 sys=0.00, real=0.01 secs] 
2020-08-03T01:29:39.027+0800: 12580563.005: [GC (Allocation Failure) 2020-08-03T01:29:39.028+0800: 12580563.005: [ParNew: 671508K->19713K(737280K), 0.0272046 secs] 1508352K->856932K(6209536K), 0.0273847 secs] [Times: user=0.14 sys=0.00, real=0.02 secs] 
2020-08-03T01:30:16.189+0800: 12580600.167: [GC (Allocation Failure) 2020-08-03T01:30:16.189+0800: 12580600.167: [ParNew: 675073K->41791K(737280K), 0.0316467 secs] 1512292K->879097K(6209536K), 0.0318367 secs] [Times: user=0.24 sys=0.00, real=0.03 secs] 
2020-08-03T01:30:37.986+0800: 12580621.963: [GC (Allocation Failure) 2020-08-03T01:30:37.986+0800: 12580621.964: [ParNew: 697151K->81920K(737280K), 0.0658250 secs] 1534457K->921084K(6209536K), 0.0659885 secs] [Times: user=0.42 sys=0.00, real=0.07 secs] 
2020-08-03T01:31:03.245+0800: 12580647.223: [GC (Allocation Failure) 2020-08-03T01:31:03.245+0800: 12580647.223: [ParNew: 737280K->81920K(737280K), 0.2484336 secs] 1576444K->961663K(6209536K), 0.2486467 secs] [Times: user=0.57 sys=0.06, real=0.25 secs] 
2020-08-03T01:31:20.358+0800: 12580664.336: [GC (Allocation Failure) 2020-08-03T01:31:20.358+0800: 12580664.336: [ParNew: 737280K->80688K(737280K), 0.0907615 secs] 1617023K->994997K(6209536K), 0.0909542 secs] [Times: user=0.62 sys=0.00, real=0.10 secs] 
2020-08-03T01:31:36.176+0800: 12580680.154: [GC (Allocation Failure) 2020-08-03T01:31:36.176+0800: 12580680.154: [ParNew: 736048K->81920K(737280K), 0.0994238 secs] 1650357K->1032873K(6209536K), 0.0996051 secs] [Times: user=0.66 sys=0.00, real=0.10 secs] 
2020-08-03T01:31:55.038+0800: 12580699.016: [GC (Allocation Failure) 2020-08-03T01:31:55.038+0800: 12580699.016: [ParNew: 737280K->73316K(737280K), 0.1254548 secs] 1688233K->1102101K(6209536K), 0.1256612 secs] [Times: user=0.77 sys=0.00, real=0.13 secs] 
2020-08-03T01:32:25.900+0800: 12580729.878: [GC (Allocation Failure) 2020-08-03T01:32:25.900+0800: 12580729.878: [ParNew: 728676K->64343K(737280K), 0.1008788 secs] 1757461K->1135939K(6209536K), 0.1010527 secs] [Times: user=0.62 sys=0.00, real=0.10 secs] 
2020-08-03T01:32:48.262+0800: 12580752.240: [GC (Allocation Failure) 2020-08-03T01:32:48.262+0800: 12580752.240: [ParNew: 719703K->65793K(737280K), 0.1116784 secs] 1791299K->1180819K(6209536K), 0.1118574 secs] [Times: user=0.53 sys=0.01, real=0.11 secs] 
2020-08-03T01:33:05.877+0800: 12580769.855: [GC (Allocation Failure) 2020-08-03T01:33:05.877+0800: 12580769.855: [ParNew: 721153K->75318K(737280K), 0.0893806 secs] 1836179K->1234465K(6209536K), 0.0895439 secs] [Times: user=0.59 sys=0.00, real=0.09 secs] 
2020-08-03T01:33:28.616+0800: 12580792.594: [GC (Allocation Failure) 2020-08-03T01:33:28.616+0800: 12580792.594: [ParNew: 730678K->58933K(737280K), 0.1055423 secs] 1889825K->1263974K(6209536K), 0.1057107 secs] [Times: user=0.60 sys=0.00, real=0.11 secs] 
2020-08-03T01:33:45.076+0800: 12580809.054: [GC (Allocation Failure) 2020-08-03T01:33:45.076+0800: 12580809.054: [ParNew: 714293K->70657K(737280K), 0.1022647 secs] 1919334K->1319870K(6209536K), 0.1024577 secs] [Times: user=0.71 sys=0.00, real=0.10 secs] 
2020-08-03T01:34:02.695+0800: 12580826.672: [GC (Allocation Failure) 2020-08-03T01:34:02.695+0800: 12580826.673: [ParNew: 726017K->49845K(737280K), 0.0871602 secs] 1975230K->1343739K(6209536K), 0.0873200 secs] [Times: user=0.61 sys=0.00, real=0.09 secs] 
2020-08-03T01:34:11.116+0800: 12580835.094: [GC (Allocation Failure) 2020-08-03T01:34:11.116+0800: 12580835.094: [ParNew: 705205K->81719K(737280K), 0.1202480 secs] 1999099K->1420584K(6209536K), 0.1204278 secs] [Times: user=0.58 sys=0.01, real=0.12 secs] 
2020-08-03T01:34:19.827+0800: 12580843.805: [GC (Allocation Failure) 2020-08-03T01:34:19.827+0800: 12580843.805: [ParNew: 737079K->54425K(737280K), 0.0870648 secs] 2075944K->1435349K(6209536K), 0.0872445 secs] [Times: user=0.58 sys=0.00, real=0.08 secs] 
2020-08-03T01:34:28.241+0800: 12580852.219: [GC (Allocation Failure) 2020-08-03T01:34:28.241+0800: 12580852.219: [ParNew: 709785K->68766K(737280K), 0.1044488 secs] 2090709K->1493441K(6209536K), 0.1046245 secs] [Times: user=0.65 sys=0.00, real=0.10 secs] 
2020-08-03T01:34:40.006+0800: 12580863.984: [GC (Allocation Failure) 2020-08-03T01:34:40.007+0800: 12580863.984: [ParNew: 724126K->53916K(737280K), 0.0880004 secs] 2148801K->1519143K(6209536K), 0.0881925 secs] [Times: user=0.51 sys=0.00, real=0.09 secs] 
2020-08-03T01:34:50.887+0800: 12580874.865: [GC (Allocation Failure) 2020-08-03T01:34:50.887+0800: 12580874.865: [ParNew: 709276K->81920K(737280K), 0.0666517 secs] 2174503K->1551014K(6209536K), 0.0668112 secs] [Times: user=0.48 sys=0.00, real=0.06 secs] 
2020-08-03T01:35:03.029+0800: 12580887.007: [GC (Allocation Failure) 2020-08-03T01:35:03.029+0800: 12580887.007: [ParNew: 737280K->81920K(737280K), 0.1051668 secs] 2206374K->1590754K(6209536K), 0.1053417 secs] [Times: user=0.72 sys=0.00, real=0.10 secs] 
2020-08-03T01:35:18.132+0800: 12580902.110: [GC (Allocation Failure) 2020-08-03T01:35:18.132+0800: 12580902.110: [ParNew: 737280K->81920K(737280K), 0.1062539 secs] 2246114K->1630919K(6209536K), 0.1064478 secs] [Times: user=0.73 sys=0.00, real=0.11 secs] 
2020-08-03T01:35:34.157+0800: 12580918.134: [GC (Allocation Failure) 2020-08-03T01:35:34.157+0800: 12580918.134: [ParNew: 737280K->81920K(737280K), 0.1047061 secs] 2286279K->1674662K(6209536K), 0.1048806 secs] [Times: user=0.67 sys=0.01, real=0.11 secs] 
2020-08-03T01:35:46.693+0800: 12580930.671: [GC (Allocation Failure) 2020-08-03T01:35:46.693+0800: 12580930.671: [ParNew: 737280K->81920K(737280K), 0.1027851 secs] 2330022K->1710523K(6209536K), 0.1029467 secs] [Times: user=0.64 sys=0.00, real=0.10 secs] 
2020-08-03T01:35:56.769+0800: 12580940.747: [GC (Allocation Failure) 2020-08-03T01:35:56.769+0800: 12580940.747: [ParNew: 737280K->81920K(737280K), 0.1366204 secs] 2365883K->1748325K(6209536K), 0.1368356 secs] [Times: user=0.66 sys=0.00, real=0.13 secs] 
2020-08-03T01:36:17.160+0800: 12580961.137: [GC (Allocation Failure) 2020-08-03T01:36:17.160+0800: 12580961.138: [ParNew: 737280K->74002K(737280K), 0.1111759 secs] 2403685K->1814829K(6209536K), 0.1113422 secs] [Times: user=0.73 sys=0.00, real=0.11 secs] 
2020-08-03T01:36:28.281+0800: 12580972.259: [GC (Allocation Failure) 2020-08-03T01:36:28.281+0800: 12580972.259: [ParNew: 729362K->81920K(737280K), 0.0603102 secs] 2470189K->1824701K(6209536K), 0.0604734 secs] [Times: user=0.47 sys=0.00, real=0.06 secs] 
2020-08-03T01:36:43.447+0800: 12580987.425: [GC (Allocation Failure) 2020-08-03T01:36:43.447+0800: 12580987.425: [ParNew: 737280K->81920K(737280K), 0.1039865 secs] 2480061K->1861648K(6209536K), 0.1041432 secs] [Times: user=0.71 sys=0.00, real=0.10 secs] 
2020-08-03T01:36:57.068+0800: 12581001.046: [GC (Allocation Failure) 2020-08-03T01:36:57.068+0800: 12581001.046: [ParNew: 737280K->81920K(737280K), 0.0985846 secs] 2517008K->1900290K(6209536K), 0.0987525 secs] [Times: user=0.68 sys=0.00, real=0.10 secs] 
2020-08-03T01:37:18.862+0800: 12581022.840: [GC (Allocation Failure) 2020-08-03T01:37:18.862+0800: 12581022.840: [ParNew: 737280K->81920K(737280K), 0.0994222 secs] 2555650K->1939871K(6209536K), 0.0996314 secs] [Times: user=0.67 sys=0.00, real=0.10 secs] 
2020-08-03T01:37:50.839+0800: 12581054.817: [GC (Allocation Failure) 2020-08-03T01:37:50.839+0800: 12581054.817: [ParNew: 737280K->81920K(737280K), 0.0832817 secs] 2595231K->1983446K(6209536K), 0.0834539 secs] [Times: user=0.54 sys=0.00, real=0.08 secs] 
2020-08-03T01:38:27.044+0800: 12581091.022: [GC (Allocation Failure) 2020-08-03T01:38:27.044+0800: 12581091.022: [ParNew: 737280K->81920K(737280K), 0.0811113 secs] 2638806K->2017048K(6209536K), 0.0812876 secs] [Times: user=0.55 sys=0.00, real=0.08 secs] 
2020-08-03T01:39:13.612+0800: 12581137.590: [GC (Allocation Failure) 2020-08-03T01:39:13.612+0800: 12581137.590: [ParNew: 737280K->81919K(737280K), 0.0818757 secs] 2672408K->2049605K(6209536K), 0.0820770 secs] [Times: user=0.50 sys=0.00, real=0.08 secs] 
2020-08-03T01:39:52.170+0800: 12581176.148: [GC (Allocation Failure) 2020-08-03T01:39:52.170+0800: 12581176.148: [ParNew: 737279K->75854K(737280K), 0.0756836 secs] 2704965K->2074784K(6209536K), 0.0758651 secs] [Times: user=0.54 sys=0.00, real=0.07 secs] 
2020-08-03T01:40:34.499+0800: 12581218.477: [GC (Allocation Failure) 2020-08-03T01:40:34.499+0800: 12581218.477: [ParNew: 731214K->81920K(737280K), 0.0888012 secs] 2730144K->2109136K(6209536K), 0.0890059 secs] [Times: user=0.52 sys=0.00, real=0.09 secs] 
2020-08-03T01:41:05.935+0800: 12581249.913: [GC (Allocation Failure) 2020-08-03T01:41:05.935+0800: 12581249.913: [ParNew: 737280K->74222K(737280K), 0.0820979 secs] 2764496K->2130964K(6209536K), 0.0822978 secs] [Times: user=0.52 sys=0.00, real=0.08 secs] 
2020-08-03T01:41:37.062+0800: 12581281.040: [GC (Allocation Failure) 2020-08-03T01:41:37.063+0800: 12581281.040: [ParNew: 729484K->81920K(737280K), 0.0857634 secs] 2786225K->2170490K(6209536K), 0.0859811 secs] [Times: user=0.57 sys=0.00, real=0.09 secs] 
2020-08-03T01:42:00.619+0800: 12581304.597: [GC (Allocation Failure) 2020-08-03T01:42:00.619+0800: 12581304.597: [ParNew: 737280K->81920K(737280K), 0.0957481 secs] 2825850K->2200920K(6209536K), 0.0959919 secs] [Times: user=0.61 sys=0.00, real=0.09 secs] 
2020-08-03T01:42:21.414+0800: 12581325.392: [GC (Allocation Failure) 2020-08-03T01:42:21.414+0800: 12581325.392: [ParNew: 737280K->81920K(737280K), 0.1044397 secs] 2856280K->2235535K(6209536K), 0.1046303 secs] [Times: user=0.61 sys=0.00, real=0.11 secs] 
2020-08-03T01:42:42.588+0800: 12581346.566: [GC (Allocation Failure) 2020-08-03T01:42:42.588+0800: 12581346.566: [ParNew: 737280K->81920K(737280K), 0.0992427 secs] 2890895K->2271221K(6209536K), 0.0994601 secs] [Times: user=0.64 sys=0.00, real=0.10 secs] 
2020-08-03T01:43:10.956+0800: 12581374.934: [GC (Allocation Failure) 2020-08-03T01:43:10.956+0800: 12581374.934: [ParNew: 737280K->81920K(737280K), 0.1068955 secs] 2926581K->2313047K(6209536K), 0.1070989 secs] [Times: user=0.61 sys=0.00, real=0.11 secs] 
2020-08-03T01:43:50.585+0800: 12581414.562: [GC (Allocation Failure) 2020-08-03T01:43:50.585+0800: 12581414.562: [ParNew: 737280K->74453K(737280K), 0.1310223 secs] 2968407K->2380140K(6209536K), 0.1312223 secs] [Times: user=0.74 sys=0.00, real=0.13 secs] 
2020-08-03T01:44:30.071+0800: 12581454.049: [GC (Allocation Failure) 2020-08-03T01:44:30.071+0800: 12581454.049: [ParNew: 729813K->68538K(737280K), 0.0892770 secs] 3035500K->2415504K(6209536K), 0.0894787 secs] [Times: user=0.54 sys=0.00, real=0.09 secs] 
2020-08-03T01:45:12.120+0800: 12581496.097: [GC (Allocation Failure) 2020-08-03T01:45:12.120+0800: 12581496.098: [ParNew: 723898K->71901K(737280K), 0.0884292 secs] 3070864K->2460713K(6209536K), 0.0886350 secs] [Times: user=0.57 sys=0.00, real=0.09 secs] 
2020-08-03T01:45:55.889+0800: 12581539.867: [GC (Allocation Failure) 2020-08-03T01:45:55.889+0800: 12581539.867: [ParNew: 727261K->57022K(737280K), 0.0796680 secs] 3116073K->2486953K(6209536K), 0.0798660 secs] [Times: user=0.52 sys=0.00, real=0.08 secs] 
2020-08-03T01:46:34.062+0800: 12581578.040: [GC (Allocation Failure) 2020-08-03T01:46:34.062+0800: 12581578.040: [ParNew: 712382K->78909K(737280K), 0.0626554 secs] 3142313K->2508839K(6209536K), 0.0628708 secs] [Times: user=0.32 sys=0.00, real=0.06 secs] 
2020-08-03T01:47:07.855+0800: 12581611.832: [GC (Allocation Failure) 2020-08-03T01:47:07.855+0800: 12581611.833: [ParNew: 734269K->74599K(737280K), 0.0775001 secs] 3164199K->2538617K(6209536K), 0.0777003 secs] [Times: user=0.52 sys=0.01, real=0.08 secs] 
2020-08-03T01:47:41.524+0800: 12581645.502: [GC (Allocation Failure) 2020-08-03T01:47:41.524+0800: 12581645.502: [ParNew: 729959K->81022K(737280K), 0.0774377 secs] 3193977K->2570131K(6209536K), 0.0776134 secs] [Times: user=0.42 sys=0.00, real=0.08 secs] 
2020-08-03T01:48:20.352+0800: 12581684.329: [GC (Allocation Failure) 2020-08-03T01:48:20.352+0800: 12581684.330: [ParNew: 736382K->77647K(737280K), 0.0692738 secs] 3225491K->2593970K(6209536K), 0.0694568 secs] [Times: user=0.45 sys=0.00, real=0.07 secs] 
2020-08-03T01:48:54.145+0800: 12581718.123: [GC (Allocation Failure) 2020-08-03T01:48:54.145+0800: 12581718.123: [ParNew: 733007K->81920K(737280K), 0.0804650 secs] 3249330K->2627779K(6209536K), 0.0806389 secs] [Times: user=0.55 sys=0.00, real=0.08 secs] 
2020-08-03T01:49:28.973+0800: 12581752.951: [GC (Allocation Failure) 2020-08-03T01:49:28.973+0800: 12581752.951: [ParNew: 737280K->73177K(737280K), 0.0850599 secs] 3283139K->2646158K(6209536K), 0.0852457 secs] [Times: user=0.50 sys=0.00, real=0.08 secs] 
2020-08-03T01:50:08.547+0800: 12581792.525: [GC (Allocation Failure) 2020-08-03T01:50:08.547+0800: 12581792.525: [ParNew: 728537K->71402K(737280K), 0.0759992 secs] 3301518K->2673740K(6209536K), 0.0761877 secs] [Times: user=0.51 sys=0.00, real=0.07 secs] 
2020-08-03T01:50:45.898+0800: 12581829.876: [GC (Allocation Failure) 2020-08-03T01:50:45.898+0800: 12581829.876: [ParNew: 726762K->81920K(737280K), 0.0851947 secs] 3329100K->2711745K(6209536K), 0.0853640 secs] [Times: user=0.45 sys=0.00, real=0.09 secs] 
2020-08-03T01:51:21.259+0800: 12581865.236: [GC (Allocation Failure) 2020-08-03T01:51:21.259+0800: 12581865.237: [ParNew: 737280K->72438K(737280K), 0.0781133 secs] 3367105K->2732309K(6209536K), 0.0783318 secs] [Times: user=0.54 sys=0.00, real=0.07 secs] 
2020-08-03T01:51:52.859+0800: 12581896.837: [GC (Allocation Failure) 2020-08-03T01:51:52.859+0800: 12581896.837: [ParNew: 727798K->81920K(737280K), 0.0809861 secs] 3387669K->2769387K(6209536K), 0.0811872 secs] [Times: user=0.51 sys=0.00, real=0.08 secs] 
2020-08-03T01:52:28.184+0800: 12581932.162: [GC (Allocation Failure) 2020-08-03T01:52:28.184+0800: 12581932.162: [ParNew: 737280K->78382K(737280K), 0.0752114 secs] 3424747K->2796338K(6209536K), 0.0754031 secs] [Times: user=0.52 sys=0.00, real=0.08 secs] 
2020-08-03T01:53:08.453+0800: 12581972.430: [GC (Allocation Failure) 2020-08-03T01:53:08.453+0800: 12581972.430: [ParNew: 733742K->76288K(737280K), 0.0784569 secs] 3451698K->2825295K(6209536K), 0.0786410 secs] [Times: user=0.50 sys=0.00, real=0.08 secs] 
2020-08-03T01:53:40.212+0800: 12582004.190: [GC (Allocation Failure) 2020-08-03T01:53:40.212+0800: 12582004.190: [ParNew: 731648K->81920K(737280K), 0.0769043 secs] 3480655K->2859130K(6209536K), 0.0770982 secs] [Times: user=0.48 sys=0.01, real=0.08 secs] 
2020-08-03T01:54:10.183+0800: 12582034.161: [GC (Allocation Failure) 2020-08-03T01:54:10.183+0800: 12582034.161: [ParNew: 737280K->74140K(737280K), 0.0772388 secs] 3514490K->2878685K(6209536K), 0.0774187 secs] [Times: user=0.52 sys=0.00, real=0.08 secs] 
2020-08-03T01:54:39.276+0800: 12582063.253: [GC (Allocation Failure) 2020-08-03T01:54:39.276+0800: 12582063.253: [ParNew: 729500K->81920K(737280K), 0.0896545 secs] 3534045K->2918896K(6209536K), 0.0898348 secs] [Times: user=0.57 sys=0.01, real=0.09 secs] 
2020-08-03T01:55:08.209+0800: 12582092.187: [GC (Allocation Failure) 2020-08-03T01:55:08.209+0800: 12582092.187: [ParNew: 737280K->81808K(737280K), 0.0852807 secs] 3574256K->2948888K(6209536K), 0.0854503 secs] [Times: user=0.59 sys=0.02, real=0.08 secs] 
2020-08-03T01:55:44.996+0800: 12582128.974: [GC (Allocation Failure) 2020-08-03T01:55:44.996+0800: 12582128.974: [ParNew: 737168K->81920K(737280K), 0.1048370 secs] 3604248K->2986724K(6209536K), 0.1050151 secs] [Times: user=0.68 sys=0.00, real=0.11 secs] 
2020-08-03T01:56:27.137+0800: 12582171.115: [GC (Allocation Failure) 2020-08-03T01:56:27.138+0800: 12582171.115: [ParNew: 737280K->81920K(737280K), 0.1029495 secs] 3642084K->3026858K(6209536K), 0.1031338 secs] [Times: user=0.61 sys=0.00, real=0.11 secs] 
2020-08-03T01:56:57.306+0800: 12582201.284: [GC (Allocation Failure) 2020-08-03T01:56:57.306+0800: 12582201.284: [ParNew: 737280K->81920K(737280K), 0.1002664 secs] 3682218K->3100206K(6209536K), 0.1004648 secs] [Times: user=0.64 sys=0.00, real=0.10 secs] 
2020-08-03T01:57:24.262+0800: 12582228.240: [GC (Allocation Failure) 2020-08-03T01:57:24.262+0800: 12582228.240: [ParNew: 737280K->62986K(737280K), 0.0998448 secs] 3755566K->3121953K(6209536K), 0.1000364 secs] [Times: user=0.55 sys=0.00, real=0.10 secs] 
2020-08-03T01:57:45.927+0800: 12582249.905: [GC (Allocation Failure) 2020-08-03T01:57:45.927+0800: 12582249.905: [ParNew: 718346K->59115K(737280K), 0.1018894 secs] 3777313K->3159638K(6209536K), 0.1020685 secs] [Times: user=0.48 sys=0.00, real=0.10 secs] 
2020-08-03T01:58:05.101+0800: 12582269.079: [GC (Allocation Failure) 2020-08-03T01:58:05.101+0800: 12582269.079: [ParNew: 714475K->48510K(737280K), 0.0787418 secs] 3814998K->3185293K(6209536K), 0.0789211 secs] [Times: user=0.44 sys=0.00, real=0.08 secs] 
2020-08-03T01:58:21.495+0800: 12582285.473: [GC (Allocation Failure) 2020-08-03T01:58:21.495+0800: 12582285.473: [ParNew: 703870K->81920K(737280K), 0.0557164 secs] 3840653K->3220192K(6209536K), 0.0559023 secs] [Times: user=0.41 sys=0.00, real=0.06 secs] 
2020-08-03T01:58:37.199+0800: 12582301.177: [GC (Allocation Failure) 2020-08-03T01:58:37.199+0800: 12582301.177: [ParNew: 737280K->81920K(737280K), 0.0994974 secs] 3875552K->3257269K(6209536K), 0.0996803 secs] [Times: user=0.67 sys=0.00, real=0.09 secs] 
2020-08-03T01:58:54.043+0800: 12582318.021: [GC (Allocation Failure) 2020-08-03T01:58:54.043+0800: 12582318.021: [ParNew: 737280K->81920K(737280K), 0.0900333 secs] 3912629K->3291190K(6209536K), 0.0902062 secs] [Times: user=0.59 sys=0.00, real=0.09 secs] 
2020-08-03T01:59:11.579+0800: 12582335.557: [GC (Allocation Failure) 2020-08-03T01:59:11.579+0800: 12582335.557: [ParNew: 737280K->81920K(737280K), 0.0882417 secs] 3946550K->3329529K(6209536K), 0.0884361 secs] [Times: user=0.58 sys=0.00, real=0.09 secs] 
2020-08-03T01:59:28.846+0800: 12582352.824: [GC (Allocation Failure) 2020-08-03T01:59:28.847+0800: 12582352.824: [ParNew: 737280K->81920K(737280K), 0.0907156 secs] 3984889K->3361042K(6209536K), 0.0909413 secs] [Times: user=0.58 sys=0.00, real=0.09 secs] 
2020-08-03T01:59:51.965+0800: 12582375.943: [GC (Allocation Failure) 2020-08-03T01:59:51.965+0800: 12582375.943: [ParNew: 737280K->81920K(737280K), 0.1195925 secs] 4016402K->3405221K(6209536K), 0.1198073 secs] [Times: user=0.57 sys=0.01, real=0.12 secs] 
2020-08-03T02:00:10.130+0800: 12582394.108: [GC (Allocation Failure) 2020-08-03T02:00:10.130+0800: 12582394.108: [ParNew: 737280K->81919K(737280K), 0.0785215 secs] 4060581K->3435522K(6209536K), 0.0787066 secs] [Times: user=0.56 sys=0.00, real=0.08 secs] 
2020-08-03T02:00:47.646+0800: 12582431.624: [GC (Allocation Failure) 2020-08-03T02:00:47.647+0800: 12582431.624: [ParNew: 737279K->75703K(737280K), 0.0846440 secs] 4090882K->3462203K(6209536K), 0.0848604 secs] [Times: user=0.50 sys=0.01, real=0.09 secs] 
2020-08-03T02:01:19.742+0800: 12582463.720: [GC (Allocation Failure) 2020-08-03T02:01:19.742+0800: 12582463.720: [ParNew: 731036K->81446K(737280K), 0.1062552 secs] 4117537K->3498964K(6209536K), 0.1064451 secs] [Times: user=0.57 sys=0.00, real=0.11 secs] 
2020-08-03T02:01:52.968+0800: 12582496.945: [GC (Allocation Failure) 2020-08-03T02:01:52.968+0800: 12582496.946: [ParNew: 736806K->81920K(737280K), 0.0772920 secs] 4154324K->3524519K(6209536K), 0.0774719 secs] [Times: user=0.50 sys=0.00, real=0.07 secs] 
2020-08-03T02:02:33.576+0800: 12582537.554: [GC (Allocation Failure) 2020-08-03T02:02:33.576+0800: 12582537.554: [ParNew: 737280K->73166K(737280K), 0.0703365 secs] 4179879K->3543241K(6209536K), 0.0705250 secs] [Times: user=0.47 sys=0.00, real=0.07 secs] 
2020-08-03T02:03:21.302+0800: 12582585.280: [GC (Allocation Failure) 2020-08-03T02:03:21.302+0800: 12582585.280: [ParNew: 728526K->70256K(737280K), 0.0629292 secs] 4198601K->3565168K(6209536K), 0.0631190 secs] [Times: user=0.41 sys=0.00, real=0.06 secs] 
2020-08-03T02:04:13.512+0800: 12582637.490: [GC (Allocation Failure) 2020-08-03T02:04:13.513+0800: 12582637.490: [ParNew: 725616K->64367K(737280K), 0.0541533 secs] 4220528K->3582883K(6209536K), 0.0543715 secs] [Times: user=0.36 sys=0.00, real=0.06 secs] 
2020-08-03T02:05:07.711+0800: 12582691.689: [GC (Allocation Failure) 2020-08-03T02:05:07.711+0800: 12582691.689: [ParNew: 719727K->53925K(737280K), 0.0565715 secs] 4238243K->3593303K(6209536K), 0.0567693 secs] [Times: user=0.36 sys=0.00, real=0.06 secs] 
2020-08-03T02:06:31.500+0800: 12582775.478: [GC (Allocation Failure) 2020-08-03T02:06:31.501+0800: 12582775.478: [ParNew: 709285K->81919K(737280K), 0.0545488 secs] 4248663K->3625169K(6209536K), 0.0547423 secs] [Times: user=0.36 sys=0.00, real=0.05 secs] 
2020-08-03T02:07:25.498+0800: 12582829.476: [GC (Allocation Failure) 2020-08-03T02:07:25.499+0800: 12582829.476: [ParNew: 737279K->81919K(737280K), 0.0974668 secs] 4280529K->3661113K(6209536K), 0.0977472 secs] [Times: user=0.53 sys=0.00, real=0.10 secs] 
2020-08-03T02:07:58.807+0800: 12582862.785: [GC (Allocation Failure) 2020-08-03T02:07:58.807+0800: 12582862.785: [ParNew: 737279K->81920K(737280K), 0.0809985 secs] 4316473K->3685081K(6209536K), 0.0811844 secs] [Times: user=0.55 sys=0.01, real=0.08 secs] 
2020-08-03T02:08:33.881+0800: 12582897.859: [GC (Allocation Failure) 2020-08-03T02:08:33.881+0800: 12582897.859: [ParNew: 737280K->81920K(737280K), 0.1611809 secs] 4340441K->3714541K(6209536K), 0.1613544 secs] [Times: user=0.83 sys=0.00, real=0.16 secs] 
2020-08-03T02:08:56.855+0800: 12582920.833: [GC (Allocation Failure) 2020-08-03T02:08:56.855+0800: 12582920.833: [ParNew: 737280K->81920K(737280K), 0.0996136 secs] 4369901K->3755649K(6209536K), 0.0998069 secs] [Times: user=0.66 sys=0.00, real=0.10 secs] 
2020-08-03T02:09:21.878+0800: 12582945.856: [GC (Allocation Failure) 2020-08-03T02:09:21.878+0800: 12582945.856: [ParNew: 737280K->77507K(737280K), 0.1273443 secs] 4411009K->3826483K(6209536K), 0.1275514 secs] [Times: user=0.74 sys=0.00, real=0.13 secs] 
2020-08-03T02:09:47.463+0800: 12582971.440: [GC (Allocation Failure) 2020-08-03T02:09:47.463+0800: 12582971.441: [ParNew: 732867K->62038K(737280K), 0.0918087 secs] 4481843K->3849930K(6209536K), 0.0920248 secs] [Times: user=0.51 sys=0.00, real=0.09 secs] 
2020-08-03T02:10:06.094+0800: 12582990.071: [GC (Allocation Failure) 2020-08-03T02:10:06.094+0800: 12582990.072: [ParNew: 717398K->69346K(737280K), 0.0845566 secs] 4505290K->3896567K(6209536K), 0.0847299 secs] [Times: user=0.56 sys=0.00, real=0.08 secs] 
2020-08-03T02:10:25.427+0800: 12583009.405: [GC (Allocation Failure) 2020-08-03T02:10:25.427+0800: 12583009.405: [ParNew: 724706K->68037K(737280K), 0.1051662 secs] 4551927K->3935753K(6209536K), 0.1053439 secs] [Times: user=0.54 sys=0.00, real=0.10 secs] 
2020-08-03T02:10:25.567+0800: 12583009.545: [GC (CMS Initial Mark) [1 CMS-initial-mark: 3867716K(5472256K)] 3947723K(6209536K), 0.0072662 secs] [Times: user=0.02 sys=0.00, real=0.00 secs] 
2020-08-03T02:10:25.575+0800: 12583009.553: [CMS-concurrent-mark-start]
2020-08-03T02:10:28.473+0800: 12583012.450: [CMS-concurrent-mark: 2.898/2.898 secs] [Times: user=6.67 sys=0.68, real=2.90 secs] 
2020-08-03T02:10:28.473+0800: 12583012.451: [CMS-concurrent-preclean-start]
2020-08-03T02:10:28.481+0800: 12583012.459: [CMS-concurrent-preclean: 0.008/0.008 secs] [Times: user=0.00 sys=0.01, real=0.01 secs] 
2020-08-03T02:10:28.481+0800: 12583012.459: [CMS-concurrent-abortable-preclean-start]
 CMS: abort preclean due to time 2020-08-03T02:10:33.535+0800: 12583017.513: [CMS-concurrent-abortable-preclean: 3.446/5.054 secs] [Times: user=4.07 sys=1.02, real=5.05 secs] 
2020-08-03T02:10:33.537+0800: 12583017.514: [GC (CMS Final Remark) [YG occupancy: 290985 K (737280 K)]2020-08-03T02:10:33.537+0800: 12583017.514: [Rescan (parallel) , 0.0345760 secs]2020-08-03T02:10:33.571+0800: 12583017.549: [weak refs processing, 0.0010044 secs]2020-08-03T02:10:33.572+0800: 12583017.550: [class unloading, 0.0174807 secs]2020-08-03T02:10:33.590+0800: 12583017.568: [scrub symbol table, 0.0078162 secs]2020-08-03T02:10:33.598+0800: 12583017.575: [scrub string table, 0.0011654 secs][1 CMS-remark: 3867716K(5472256K)] 4158701K(6209536K), 0.0624135 secs] [Times: user=0.20 sys=0.00, real=0.07 secs] 
2020-08-03T02:10:33.599+0800: 12583017.577: [CMS-concurrent-sweep-start]
2020-08-03T02:10:35.031+0800: 12583019.009: [CMS-concurrent-sweep: 1.424/1.432 secs] [Times: user=1.53 sys=0.17, real=1.43 secs] 
2020-08-03T02:10:35.031+0800: 12583019.009: [CMS-concurrent-reset-start]
2020-08-03T02:10:35.052+0800: 12583019.030: [CMS-concurrent-reset: 0.021/0.021 secs] [Times: user=0.03 sys=0.00, real=0.02 secs] 
2020-08-03T02:10:49.534+0800: 12583033.512: [GC (Allocation Failure) 2020-08-03T02:10:49.534+0800: 12583033.512: [ParNew: 723397K->72193K(737280K), 0.1274493 secs] 4361485K->3752642K(6209536K), 0.1276467 secs] [Times: user=0.61 sys=0.00, real=0.13 secs] 
2020-08-03T02:11:06.574+0800: 12583050.552: [GC (Allocation Failure) 2020-08-03T02:11:06.574+0800: 12583050.552: [ParNew: 727553K->52479K(737280K), 0.0855485 secs] 4408002K->3773106K(6209536K), 0.0857645 secs] [Times: user=0.52 sys=0.00, real=0.09 secs] 
2020-08-03T02:11:20.300+0800: 12583064.278: [GC (Allocation Failure) 2020-08-03T02:11:20.300+0800: 12583064.278: [ParNew: 707839K->60892K(737280K), 0.0929502 secs] 4428466K->3823312K(6209536K), 0.0931345 secs] [Times: user=0.56 sys=0.00, real=0.09 secs] 
2020-08-03T02:11:38.681+0800: 12583082.659: [GC (Allocation Failure) 2020-08-03T02:11:38.681+0800: 12583082.659: [ParNew: 716252K->46161K(737280K), 0.0722815 secs] 4478672K->3843159K(6209536K), 0.0724624 secs] [Times: user=0.46 sys=0.00, real=0.07 secs] 
2020-08-03T02:12:02.760+0800: 12583106.738: [GC (Allocation Failure) 2020-08-03T02:12:02.760+0800: 12583106.738: [ParNew: 701521K->71233K(737280K), 0.0518425 secs] 4498519K->3868231K(6209536K), 0.0520588 secs] [Times: user=0.35 sys=0.00, real=0.05 secs] 
2020-08-03T02:12:34.635+0800: 12583138.613: [GC (Allocation Failure) 2020-08-03T02:12:34.636+0800: 12583138.613: [ParNew: 726593K->74248K(737280K), 0.0809036 secs] 4523591K->3901814K(6209536K), 0.0810927 secs] [Times: user=0.54 sys=0.00, real=0.08 secs] 
2020-08-03T02:13:12.544+0800: 12583176.522: [GC (Allocation Failure) 2020-08-03T02:13:12.544+0800: 12583176.522: [ParNew: 729608K->75022K(737280K), 0.0715020 secs] 4557174K->3928495K(6209536K), 0.0716867 secs] [Times: user=0.35 sys=0.00, real=0.07 secs] 
2020-08-03T02:13:12.617+0800: 12583176.595: [GC (CMS Initial Mark) [1 CMS-initial-mark: 3853472K(5472256K)] 3928689K(6209536K), 0.0046217 secs] [Times: user=0.03 sys=0.00, real=0.01 secs] 
2020-08-03T02:13:12.622+0800: 12583176.600: [CMS-concurrent-mark-start]
2020-08-03T02:13:15.464+0800: 12583179.442: [CMS-concurrent-mark: 2.841/2.841 secs] [Times: user=5.68 sys=1.61, real=2.84 secs] 
2020-08-03T02:13:15.464+0800: 12583179.442: [CMS-concurrent-preclean-start]
2020-08-03T02:13:15.472+0800: 12583179.450: [CMS-concurrent-preclean: 0.008/0.008 secs] [Times: user=0.00 sys=0.00, real=0.01 secs] 
2020-08-03T02:13:15.472+0800: 12583179.450: [CMS-concurrent-abortable-preclean-start]
 CMS: abort preclean due to time 2020-08-03T02:13:20.543+0800: 12583184.521: [CMS-concurrent-abortable-preclean: 3.770/5.072 secs] [Times: user=4.80 sys=2.71, real=5.07 secs] 
2020-08-03T02:13:20.545+0800: 12583184.523: [GC (CMS Final Remark) [YG occupancy: 293747 K (737280 K)]2020-08-03T02:13:20.545+0800: 12583184.523: [Rescan (parallel) , 0.0297432 secs]2020-08-03T02:13:20.575+0800: 12583184.553: [weak refs processing, 0.0001659 secs]2020-08-03T02:13:20.575+0800: 12583184.553: [class unloading, 0.0219320 secs]2020-08-03T02:13:20.597+0800: 12583184.575: [scrub symbol table, 0.0064530 secs]2020-08-03T02:13:20.604+0800: 12583184.581: [scrub string table, 0.0011648 secs][1 CMS-remark: 3853472K(5472256K)] 4147219K(6209536K), 0.0596953 secs] [Times: user=0.18 sys=0.00, real=0.06 secs] 
2020-08-03T02:13:20.605+0800: 12583184.583: [CMS-concurrent-sweep-start]
2020-08-03T02:13:22.096+0800: 12583186.074: [CMS-concurrent-sweep: 1.491/1.491 secs] [Times: user=1.92 sys=0.56, real=1.49 secs] 
2020-08-03T02:13:22.097+0800: 12583186.074: [CMS-concurrent-reset-start]
2020-08-03T02:13:22.115+0800: 12583186.093: [CMS-concurrent-reset: 0.019/0.019 secs] [Times: user=0.02 sys=0.00, real=0.02 secs] 
2020-08-03T02:13:24.116+0800: 12583188.094: [GC (CMS Initial Mark) [1 CMS-initial-mark: 3840092K(5472256K)] 4261695K(6209536K), 0.0247201 secs] [Times: user=0.18 sys=0.00, real=0.03 secs] 
2020-08-03T02:13:24.141+0800: 12583188.119: [CMS-concurrent-mark-start]
2020-08-03T02:13:26.923+0800: 12583190.901: [CMS-concurrent-mark: 2.782/2.782 secs] [Times: user=5.65 sys=1.12, real=2.78 secs] 
2020-08-03T02:13:26.923+0800: 12583190.901: [CMS-concurrent-preclean-start]
2020-08-03T02:13:26.931+0800: 12583190.909: [CMS-concurrent-preclean: 0.008/0.008 secs] [Times: user=0.01 sys=0.00, real=0.01 secs] 
2020-08-03T02:13:26.931+0800: 12583190.909: [CMS-concurrent-abortable-preclean-start]
 CMS: abort preclean due to time 2020-08-03T02:13:32.112+0800: 12583196.090: [CMS-concurrent-abortable-preclean: 3.671/5.181 secs] [Times: user=4.93 sys=2.09, real=5.18 secs] 
2020-08-03T02:13:32.114+0800: 12583196.092: [GC (CMS Final Remark) [YG occupancy: 658821 K (737280 K)]2020-08-03T02:13:32.114+0800: 12583196.092: [Rescan (parallel) , 0.0512122 secs]2020-08-03T02:13:32.165+0800: 12583196.143: [weak refs processing, 0.0000320 secs]2020-08-03T02:13:32.165+0800: 12583196.143: [class unloading, 0.0180593 secs]2020-08-03T02:13:32.183+0800: 12583196.161: [scrub symbol table, 0.0060906 secs]2020-08-03T02:13:32.190+0800: 12583196.167: [scrub string table, 0.0008416 secs][1 CMS-remark: 3840092K(5472256K)] 4498914K(6209536K), 0.0764188 secs] [Times: user=0.36 sys=0.00, real=0.08 secs] 
2020-08-03T02:13:32.191+0800: 12583196.169: [CMS-concurrent-sweep-start]
2020-08-03T02:13:33.739+0800: 12583197.717: [CMS-concurrent-sweep: 1.549/1.549 secs] [Times: user=1.76 sys=0.88, real=1.55 secs] 
2020-08-03T02:13:33.739+0800: 12583197.717: [CMS-concurrent-reset-start]
2020-08-03T02:13:33.758+0800: 12583197.736: [CMS-concurrent-reset: 0.019/0.019 secs] [Times: user=0.02 sys=0.00, real=0.01 secs] 
2020-08-03T02:13:34.970+0800: 12583198.948: [GC (Allocation Failure) 2020-08-03T02:13:34.971+0800: 12583198.948: [ParNew: 730382K->65163K(737280K), 0.0676256 secs] 4570112K->3930498K(6209536K), 0.0678725 secs] [Times: user=0.38 sys=0.00, real=0.06 secs] 
2020-08-03T02:13:35.041+0800: 12583199.019: [GC (CMS Initial Mark) [1 CMS-initial-mark: 3865335K(5472256K)] 3938739K(6209536K), 0.0054108 secs] [Times: user=0.03 sys=0.00, real=0.01 secs] 
2020-08-03T02:13:35.047+0800: 12583199.025: [CMS-concurrent-mark-start]
2020-08-03T02:13:37.643+0800: 12583201.621: [CMS-concurrent-mark: 2.596/2.596 secs] [Times: user=5.48 sys=0.87, real=2.59 secs] 
2020-08-03T02:13:37.643+0800: 12583201.621: [CMS-concurrent-preclean-start]
2020-08-03T02:13:37.650+0800: 12583201.628: [CMS-concurrent-preclean: 0.007/0.007 secs] [Times: user=0.00 sys=0.00, real=0.01 secs] 
2020-08-03T02:13:37.650+0800: 12583201.628: [CMS-concurrent-abortable-preclean-start]
 CMS: abort preclean due to time 2020-08-03T02:13:42.670+0800: 12583206.647: [CMS-concurrent-abortable-preclean: 3.818/5.019 secs] [Times: user=4.53 sys=2.31, real=5.02 secs] 
2020-08-03T02:13:42.671+0800: 12583206.649: [GC (CMS Final Remark) [YG occupancy: 194054 K (737280 K)]2020-08-03T02:13:42.671+0800: 12583206.649: [Rescan (parallel) , 0.0145339 secs]2020-08-03T02:13:42.686+0800: 12583206.664: [weak refs processing, 0.0000502 secs]2020-08-03T02:13:42.686+0800: 12583206.664: [class unloading, 0.0182117 secs]2020-08-03T02:13:42.704+0800: 12583206.682: [scrub symbol table, 0.0061242 secs]2020-08-03T02:13:42.710+0800: 12583206.688: [scrub string table, 0.0008746 secs][1 CMS-remark: 3865335K(5472256K)] 4059390K(6209536K), 0.0399553 secs] [Times: user=0.14 sys=0.00, real=0.04 secs] 
2020-08-03T02:13:42.711+0800: 12583206.689: [CMS-concurrent-sweep-start]
2020-08-03T02:13:44.165+0800: 12583208.143: [CMS-concurrent-sweep: 1.453/1.453 secs] [Times: user=1.51 sys=0.06, real=1.45 secs] 
2020-08-03T02:13:44.165+0800: 12583208.143: [CMS-concurrent-reset-start]
2020-08-03T02:13:44.184+0800: 12583208.162: [CMS-concurrent-reset: 0.019/0.019 secs] [Times: user=0.02 sys=0.00, real=0.02 secs] 
2020-08-03T02:13:46.184+0800: 12583210.162: [GC (CMS Initial Mark) [1 CMS-initial-mark: 3865235K(5472256K)] 4103610K(6209536K), 0.0164801 secs] [Times: user=0.10 sys=0.00, real=0.02 secs] 
2020-08-03T02:13:46.201+0800: 12583210.179: [CMS-concurrent-mark-start]
2020-08-03T02:13:48.757+0800: 12583212.735: [CMS-concurrent-mark: 2.556/2.556 secs] [Times: user=5.44 sys=0.13, real=2.55 secs] 
2020-08-03T02:13:48.757+0800: 12583212.735: [CMS-concurrent-preclean-start]
2020-08-03T02:13:48.765+0800: 12583212.743: [CMS-concurrent-preclean: 0.008/0.008 secs] [Times: user=0.01 sys=0.00, real=0.01 secs] 
2020-08-03T02:13:48.765+0800: 12583212.743: [CMS-concurrent-abortable-preclean-start]
 CMS: abort preclean due to time 2020-08-03T02:13:53.885+0800: 12583217.863: [CMS-concurrent-abortable-preclean: 3.719/5.120 secs] [Times: user=4.98 sys=3.93, real=5.12 secs] 
2020-08-03T02:13:53.887+0800: 12583217.865: [GC (CMS Final Remark) [YG occupancy: 412725 K (737280 K)]2020-08-03T02:13:53.887+0800: 12583217.865: [Rescan (parallel) , 0.0462364 secs]2020-08-03T02:13:53.934+0800: 12583217.911: [weak refs processing, 0.0000440 secs]2020-08-03T02:13:53.934+0800: 12583217.911: [class unloading, 0.0195260 secs]2020-08-03T02:13:53.953+0800: 12583217.931: [scrub symbol table, 0.0066662 secs]2020-08-03T02:13:53.960+0800: 12583217.938: [scrub string table, 0.0008948 secs][1 CMS-remark: 3865235K(5472256K)] 4277961K(6209536K), 0.0735764 secs] [Times: user=0.25 sys=0.01, real=0.07 secs] 
2020-08-03T02:13:53.961+0800: 12583217.939: [CMS-concurrent-sweep-start]
2020-08-03T02:13:55.452+0800: 12583219.430: [CMS-concurrent-sweep: 1.491/1.491 secs] [Times: user=1.63 sys=0.26, real=1.49 secs] 
2020-08-03T02:13:55.452+0800: 12583219.430: [CMS-concurrent-reset-start]
2020-08-03T02:13:55.472+0800: 12583219.449: [CMS-concurrent-reset: 0.020/0.020 secs] [Times: user=0.02 sys=0.00, real=0.02 secs] 
2020-08-03T02:13:57.473+0800: 12583221.451: [GC (CMS Initial Mark) [1 CMS-initial-mark: 3865167K(5472256K)] 4316230K(6209536K), 0.0300279 secs] [Times: user=0.21 sys=0.00, real=0.03 secs] 
2020-08-03T02:13:57.503+0800: 12583221.481: [CMS-concurrent-mark-start]
2020-08-03T02:14:00.394+0800: 12583224.371: [CMS-concurrent-mark: 2.891/2.891 secs] [Times: user=6.33 sys=1.12, real=2.89 secs] 
2020-08-03T02:14:00.394+0800: 12583224.372: [CMS-concurrent-preclean-start]
2020-08-03T02:14:00.402+0800: 12583224.379: [CMS-concurrent-preclean: 0.008/0.008 secs] [Times: user=0.01 sys=0.00, real=0.01 secs] 
2020-08-03T02:14:00.402+0800: 12583224.379: [CMS-concurrent-abortable-preclean-start]
 CMS: abort preclean due to time 2020-08-03T02:14:05.509+0800: 12583229.487: [CMS-concurrent-abortable-preclean: 3.775/5.107 secs] [Times: user=4.59 sys=2.61, real=5.11 secs] 
2020-08-03T02:14:05.511+0800: 12583229.489: [GC (CMS Final Remark) [YG occupancy: 623449 K (737280 K)]2020-08-03T02:14:05.511+0800: 12583229.489: [Rescan (parallel) , 0.0583199 secs]2020-08-03T02:14:05.569+0800: 12583229.547: [weak refs processing, 0.0000413 secs]2020-08-03T02:14:05.569+0800: 12583229.547: [class unloading, 0.0167332 secs]2020-08-03T02:14:05.586+0800: 12583229.564: [scrub symbol table, 0.0071297 secs]2020-08-03T02:14:05.593+0800: 12583229.571: [scrub string table, 0.0008261 secs][1 CMS-remark: 3865167K(5472256K)] 4488616K(6209536K), 0.0832414 secs] [Times: user=0.34 sys=0.00, real=0.08 secs] 
2020-08-03T02:14:05.594+0800: 12583229.572: [CMS-concurrent-sweep-start]
2020-08-03T02:14:07.081+0800: 12583231.059: [CMS-concurrent-sweep: 1.487/1.487 secs] [Times: user=1.73 sys=0.54, real=1.49 secs] 
2020-08-03T02:14:07.082+0800: 12583231.059: [CMS-concurrent-reset-start]
2020-08-03T02:14:07.100+0800: 12583231.078: [CMS-concurrent-reset: 0.018/0.018 secs] [Times: user=0.02 sys=0.00, real=0.02 secs] 
2020-08-03T02:14:09.101+0800: 12583233.078: [GC (CMS Initial Mark) [1 CMS-initial-mark: 3865155K(5472256K)] 4574803K(6209536K), 0.0460791 secs] [Times: user=0.31 sys=0.00, real=0.05 secs] 
2020-08-03T02:14:09.147+0800: 12583233.125: [CMS-concurrent-mark-start]
2020-08-03T02:14:09.764+0800: 12583233.742: [GC (Allocation Failure) 2020-08-03T02:14:09.765+0800: 12583233.742: [ParNew: 720523K->81353K(737280K), 0.0772452 secs] 4585679K->3963638K(6209536K), 0.0774195 secs] [Times: user=0.45 sys=0.00, real=0.08 secs] 
2020-08-03T02:14:11.993+0800: 12583235.971: [CMS-concurrent-mark: 2.766/2.846 secs] [Times: user=6.44 sys=0.95, real=2.84 secs] 
2020-08-03T02:14:11.993+0800: 12583235.971: [CMS-concurrent-preclean-start]
2020-08-03T02:14:12.019+0800: 12583235.997: [CMS-concurrent-preclean: 0.025/0.026 secs] [Times: user=0.02 sys=0.00, real=0.03 secs] 
2020-08-03T02:14:12.019+0800: 12583235.997: [CMS-concurrent-abortable-preclean-start]
 CMS: abort preclean due to time 2020-08-03T02:14:17.182+0800: 12583241.160: [CMS-concurrent-abortable-preclean: 3.861/5.163 secs] [Times: user=4.73 sys=1.71, real=5.16 secs] 
2020-08-03T02:14:17.184+0800: 12583241.161: [GC (CMS Final Remark) [YG occupancy: 261244 K (737280 K)]2020-08-03T02:14:17.184+0800: 12583241.161: [Rescan (parallel) , 0.0186783 secs]2020-08-03T02:14:17.202+0800: 12583241.180: [weak refs processing, 0.0000363 secs]2020-08-03T02:14:17.202+0800: 12583241.180: [class unloading, 0.0172313 secs]2020-08-03T02:14:17.220+0800: 12583241.197: [scrub symbol table, 0.0061160 secs]2020-08-03T02:14:17.226+0800: 12583241.204: [scrub string table, 0.0008845 secs][1 CMS-remark: 3882284K(5472256K)] 4143528K(6209536K), 0.0431051 secs] [Times: user=0.16 sys=0.01, real=0.05 secs] 
2020-08-03T02:14:17.227+0800: 12583241.205: [CMS-concurrent-sweep-start]
2020-08-03T02:14:18.779+0800: 12583242.757: [CMS-concurrent-sweep: 1.552/1.552 secs] [Times: user=2.00 sys=1.09, real=1.55 secs] 
2020-08-03T02:14:18.779+0800: 12583242.757: [CMS-concurrent-reset-start]
2020-08-03T02:14:18.799+0800: 12583242.777: [CMS-concurrent-reset: 0.020/0.020 secs] [Times: user=0.03 sys=0.04, real=0.02 secs] 
2020-08-03T02:14:20.800+0800: 12583244.777: [GC (CMS Initial Mark) [1 CMS-initial-mark: 3882273K(5472256K)] 4237798K(6209536K), 0.0216760 secs] [Times: user=0.16 sys=0.00, real=0.02 secs] 
2020-08-03T02:14:20.821+0800: 12583244.799: [CMS-concurrent-mark-start]
2020-08-03T02:14:23.387+0800: 12583247.365: [CMS-concurrent-mark: 2.566/2.566 secs] [Times: user=5.54 sys=0.23, real=2.57 secs] 
2020-08-03T02:14:23.387+0800: 12583247.365: [CMS-concurrent-preclean-start]
2020-08-03T02:14:23.395+0800: 12583247.373: [CMS-concurrent-preclean: 0.008/0.008 secs] [Times: user=0.00 sys=0.01, real=0.00 secs] 
2020-08-03T02:14:23.395+0800: 12583247.373: [CMS-concurrent-abortable-preclean-start]
 CMS: abort preclean due to time 2020-08-03T02:14:28.461+0800: 12583252.439: [CMS-concurrent-abortable-preclean: 3.664/5.066 secs] [Times: user=4.41 sys=2.34, real=5.07 secs] 
2020-08-03T02:14:28.462+0800: 12583252.440: [GC (CMS Final Remark) [YG occupancy: 480851 K (737280 K)]2020-08-03T02:14:28.462+0800: 12583252.440: [Rescan (parallel) , 0.0318527 secs]2020-08-03T02:14:28.494+0800: 12583252.472: [weak refs processing, 0.0000569 secs]2020-08-03T02:14:28.494+0800: 12583252.472: [class unloading, 0.0171587 secs]2020-08-03T02:14:28.512+0800: 12583252.489: [scrub symbol table, 0.0061870 secs]2020-08-03T02:14:28.518+0800: 12583252.496: [scrub string table, 0.0012102 secs][1 CMS-remark: 3882273K(5472256K)] 4363125K(6209536K), 0.0566295 secs] [Times: user=0.27 sys=0.00, real=0.06 secs] 
2020-08-03T02:14:28.520+0800: 12583252.497: [CMS-concurrent-sweep-start]
2020-08-03T02:14:29.961+0800: 12583253.939: [CMS-concurrent-sweep: 1.433/1.441 secs] [Times: user=1.54 sys=0.08, real=1.44 secs] 
2020-08-03T02:14:29.961+0800: 12583253.939: [CMS-concurrent-reset-start]
2020-08-03T02:14:29.994+0800: 12583253.972: [CMS-concurrent-reset: 0.033/0.033 secs] [Times: user=0.02 sys=0.04, real=0.03 secs] 
2020-08-03T02:14:31.995+0800: 12583255.973: [GC (CMS Initial Mark) [1 CMS-initial-mark: 3881136K(5472256K)] 4414266K(6209536K), 0.0317667 secs] [Times: user=0.23 sys=0.01, real=0.04 secs] 
2020-08-03T02:14:32.027+0800: 12583256.005: [CMS-concurrent-mark-start]
2020-08-03T02:14:34.658+0800: 12583258.636: [CMS-concurrent-mark: 2.627/2.631 secs] [Times: user=5.74 sys=0.69, real=2.62 secs] 
2020-08-03T02:14:34.658+0800: 12583258.636: [CMS-concurrent-preclean-start]
2020-08-03T02:14:34.666+0800: 12583258.643: [CMS-concurrent-preclean: 0.008/0.008 secs] [Times: user=0.01 sys=0.00, real=0.01 secs] 
2020-08-03T02:14:34.666+0800: 12583258.643: [CMS-concurrent-abortable-preclean-start]
 CMS: abort preclean due to time 2020-08-03T02:14:39.845+0800: 12583263.822: [CMS-concurrent-abortable-preclean: 4.078/5.179 secs] [Times: user=5.03 sys=2.17, real=5.18 secs] 
2020-08-03T02:14:39.846+0800: 12583263.824: [GC (CMS Final Remark) [YG occupancy: 664917 K (737280 K)]2020-08-03T02:14:39.846+0800: 12583263.824: [Rescan (parallel) , 0.0503203 secs]2020-08-03T02:14:39.897+0800: 12583263.875: [weak refs processing, 0.0000364 secs]2020-08-03T02:14:39.897+0800: 12583263.875: [class unloading, 0.0174204 secs]2020-08-03T02:14:39.914+0800: 12583263.892: [scrub symbol table, 0.0072867 secs]2020-08-03T02:14:39.921+0800: 12583263.899: [scrub string table, 0.0008820 secs][1 CMS-remark: 3881136K(5472256K)] 4546053K(6209536K), 0.0761369 secs] [Times: user=0.36 sys=0.00, real=0.08 secs] 
2020-08-03T02:14:39.923+0800: 12583263.900: [CMS-concurrent-sweep-start]
2020-08-03T02:14:41.449+0800: 12583265.427: [CMS-concurrent-sweep: 1.527/1.527 secs] [Times: user=1.86 sys=0.77, real=1.53 secs] 
2020-08-03T02:14:41.450+0800: 12583265.427: [CMS-concurrent-reset-start]
2020-08-03T02:14:41.468+0800: 12583265.446: [CMS-concurrent-reset: 0.018/0.018 secs] [Times: user=0.02 sys=0.00, real=0.02 secs] 
2020-08-03T02:14:43.469+0800: 12583267.446: [GC (CMS Initial Mark) [1 CMS-initial-mark: 3881127K(5472256K)] 4610282K(6209536K), 0.0502026 secs] [Times: user=0.34 sys=0.00, real=0.05 secs] 
2020-08-03T02:14:43.519+0800: 12583267.497: [CMS-concurrent-mark-start]
2020-08-03T02:14:43.688+0800: 12583267.666: [GC (Allocation Failure) 2020-08-03T02:14:43.688+0800: 12583267.666: [ParNew: 736713K->63029K(737280K), 0.0742071 secs] 4617841K->3973194K(6209536K), 0.0743807 secs] [Times: user=0.50 sys=0.00, real=0.07 secs] 
2020-08-03T02:14:46.329+0800: 12583270.307: [CMS-concurrent-mark: 2.732/2.810 secs] [Times: user=6.59 sys=1.30, real=2.81 secs] 
2020-08-03T02:14:46.329+0800: 12583270.307: [CMS-concurrent-preclean-start]
2020-08-03T02:14:46.355+0800: 12583270.333: [CMS-concurrent-preclean: 0.025/0.026 secs] [Times: user=0.03 sys=0.00, real=0.02 secs] 
2020-08-03T02:14:46.355+0800: 12583270.333: [CMS-concurrent-abortable-preclean-start]
 CMS: abort preclean due to time 2020-08-03T02:14:51.632+0800: 12583275.610: [CMS-concurrent-abortable-preclean: 3.675/5.277 secs] [Times: user=4.09 sys=0.13, real=5.28 secs] 
2020-08-03T02:14:51.633+0800: 12583275.611: [GC (CMS Final Remark) [YG occupancy: 185755 K (737280 K)]2020-08-03T02:14:51.633+0800: 12583275.611: [Rescan (parallel) , 0.0230553 secs]2020-08-03T02:14:51.656+0800: 12583275.634: [weak refs processing, 0.0000367 secs]2020-08-03T02:14:51.657+0800: 12583275.634: [class unloading, 0.0175129 secs]2020-08-03T02:14:51.674+0800: 12583275.652: [scrub symbol table, 0.0060736 secs]2020-08-03T02:14:51.680+0800: 12583275.658: [scrub string table, 0.0008392 secs][1 CMS-remark: 3910164K(5472256K)] 4095920K(6209536K), 0.0476843 secs] [Times: user=0.16 sys=0.00, real=0.05 secs] 
2020-08-03T02:14:51.681+0800: 12583275.659: [CMS-concurrent-sweep-start]
2020-08-03T02:14:53.372+0800: 12583277.350: [CMS-concurrent-sweep: 1.691/1.691 secs] [Times: user=2.41 sys=1.00, real=1.69 secs] 
2020-08-03T02:14:53.373+0800: 12583277.350: [CMS-concurrent-reset-start]
2020-08-03T02:14:53.392+0800: 12583277.370: [CMS-concurrent-reset: 0.020/0.020 secs] [Times: user=0.02 sys=0.05, real=0.02 secs] 
2020-08-03T02:14:55.393+0800: 12583279.371: [GC (CMS Initial Mark) [1 CMS-initial-mark: 3910163K(5472256K)] 4237931K(6209536K), 0.0212194 secs] [Times: user=0.14 sys=0.00, real=0.02 secs] 
2020-08-03T02:14:55.414+0800: 12583279.392: [CMS-concurrent-mark-start]
2020-08-03T02:14:58.232+0800: 12583282.210: [CMS-concurrent-mark: 2.818/2.818 secs] [Times: user=6.60 sys=2.43, real=2.82 secs] 
2020-08-03T02:14:58.232+0800: 12583282.210: [CMS-concurrent-preclean-start]
2020-08-03T02:14:58.240+0800: 12583282.218: [CMS-concurrent-preclean: 0.008/0.008 secs] [Times: user=0.01 sys=0.00, real=0.01 secs] 
2020-08-03T02:14:58.240+0800: 12583282.218: [CMS-concurrent-abortable-preclean-start]
 CMS: abort preclean due to time 2020-08-03T02:15:04.414+0800: 12583288.392: [CMS-concurrent-abortable-preclean: 5.373/6.174 secs] [Times: user=3.32 sys=1.65, real=6.17 secs] 
2020-08-03T02:15:04.416+0800: 12583288.394: [GC (CMS Final Remark) [YG occupancy: 547610 K (737280 K)]2020-08-03T02:15:04.416+0800: 12583288.394: [Rescan (parallel) , 0.0380383 secs]2020-08-03T02:15:04.454+0800: 12583288.432: [weak refs processing, 0.0000366 secs]2020-08-03T02:15:04.454+0800: 12583288.432: [class unloading, 0.0174465 secs]2020-08-03T02:15:04.471+0800: 12583288.449: [scrub symbol table, 0.0064099 secs]2020-08-03T02:15:04.478+0800: 12583288.456: [scrub string table, 0.0009115 secs][1 CMS-remark: 3910163K(5472256K)] 4457773K(6209536K), 0.0630073 secs] [Times: user=0.30 sys=0.00, real=0.07 secs] 
2020-08-03T02:15:04.479+0800: 12583288.457: [CMS-concurrent-sweep-start]
2020-08-03T02:15:06.118+0800: 12583290.096: [CMS-concurrent-sweep: 1.637/1.639 secs] [Times: user=2.39 sys=2.58, real=1.64 secs] 
2020-08-03T02:15:06.119+0800: 12583290.096: [CMS-concurrent-reset-start]
2020-08-03T02:15:06.140+0800: 12583290.118: [CMS-concurrent-reset: 0.021/0.021 secs] [Times: user=0.05 sys=0.04, real=0.02 secs] 
2020-08-03T02:15:08.140+0800: 12583292.118: [GC (CMS Initial Mark) [1 CMS-initial-mark: 3909641K(5472256K)] 4590306K(6209536K), 0.0402784 secs] [Times: user=0.31 sys=0.00, real=0.04 secs] 
2020-08-03T02:15:08.181+0800: 12583292.159: [CMS-concurrent-mark-start]
2020-08-03T02:15:09.217+0800: 12583293.195: [GC (Allocation Failure) 2020-08-03T02:15:09.217+0800: 12583293.195: [ParNew: 718389K->81920K(737280K), 0.0724099 secs] 4628031K->4016831K(6209536K), 0.0725717 secs] [Times: user=0.49 sys=0.00, real=0.08 secs] 
2020-08-03T02:15:10.845+0800: 12583294.822: [CMS-concurrent-mark: 2.590/2.664 secs] [Times: user=6.32 sys=0.60, real=2.66 secs] 
2020-08-03T02:15:10.845+0800: 12583294.823: [CMS-concurrent-preclean-start]
2020-08-03T02:15:10.879+0800: 12583294.857: [CMS-concurrent-preclean: 0.033/0.034 secs] [Times: user=0.06 sys=0.04, real=0.04 secs] 
2020-08-03T02:15:10.879+0800: 12583294.857: [CMS-concurrent-abortable-preclean-start]
 CMS: abort preclean due to time 2020-08-03T02:15:16.183+0800: 12583300.161: [CMS-concurrent-abortable-preclean: 4.203/5.304 secs] [Times: user=5.13 sys=1.31, real=5.30 secs] 
2020-08-03T02:15:16.184+0800: 12583300.162: [GC (CMS Final Remark) [YG occupancy: 257187 K (737280 K)]2020-08-03T02:15:16.184+0800: 12583300.162: [Rescan (parallel) , 0.0225493 secs]2020-08-03T02:15:16.207+0800: 12583300.185: [weak refs processing, 0.0000444 secs]2020-08-03T02:15:16.207+0800: 12583300.185: [class unloading, 0.0174256 secs]2020-08-03T02:15:16.225+0800: 12583300.202: [scrub symbol table, 0.0060566 secs]2020-08-03T02:15:16.231+0800: 12583300.208: [scrub string table, 0.0011807 secs][1 CMS-remark: 3934911K(5472256K)] 4192099K(6209536K), 0.0474270 secs] [Times: user=0.18 sys=0.00, real=0.05 secs] 
2020-08-03T02:15:16.232+0800: 12583300.210: [CMS-concurrent-sweep-start]
2020-08-03T02:15:17.755+0800: 12583301.733: [CMS-concurrent-sweep: 1.523/1.523 secs] [Times: user=1.97 sys=0.85, real=1.52 secs] 
2020-08-03T02:15:17.755+0800: 12583301.733: [CMS-concurrent-reset-start]
2020-08-03T02:15:17.774+0800: 12583301.751: [CMS-concurrent-reset: 0.019/0.019 secs] [Times: user=0.02 sys=0.00, real=0.02 secs] 
2020-08-03T02:15:19.774+0800: 12583303.752: [GC (CMS Initial Mark) [1 CMS-initial-mark: 3934901K(5472256K)] 4304620K(6209536K), 0.0222474 secs] [Times: user=0.14 sys=0.00, real=0.02 secs] 
2020-08-03T02:15:19.797+0800: 12583303.775: [CMS-concurrent-mark-start]
2020-08-03T02:15:22.378+0800: 12583306.356: [CMS-concurrent-mark: 2.582/2.582 secs] [Times: user=5.74 sys=0.85, real=2.59 secs] 
2020-08-03T02:15:22.379+0800: 12583306.356: [CMS-concurrent-preclean-start]
2020-08-03T02:15:22.386+0800: 12583306.364: [CMS-concurrent-preclean: 0.008/0.008 secs] [Times: user=0.01 sys=0.01, real=0.00 secs] 
2020-08-03T02:15:22.386+0800: 12583306.364: [CMS-concurrent-abortable-preclean-start]
 CMS: abort preclean due to time 2020-08-03T02:15:27.638+0800: 12583311.616: [CMS-concurrent-abortable-preclean: 4.250/5.251 secs] [Times: user=5.26 sys=2.38, real=5.25 secs] 
2020-08-03T02:15:27.639+0800: 12583311.617: [GC (CMS Final Remark) [YG occupancy: 586656 K (737280 K)]2020-08-03T02:15:27.640+0800: 12583311.617: [Rescan (parallel) , 0.0519244 secs]2020-08-03T02:15:27.691+0800: 12583311.669: [weak refs processing, 0.0000617 secs]2020-08-03T02:15:27.692+0800: 12583311.669: [class unloading, 0.0181541 secs]2020-08-03T02:15:27.710+0800: 12583311.688: [scrub symbol table, 0.0060284 secs]2020-08-03T02:15:27.716+0800: 12583311.694: [scrub string table, 0.0010964 secs][1 CMS-remark: 3934901K(5472256K)] 4521557K(6209536K), 0.0774351 secs] [Times: user=0.39 sys=0.00, real=0.07 secs] 
2020-08-03T02:15:27.717+0800: 12583311.695: [CMS-concurrent-sweep-start]
2020-08-03T02:15:29.239+0800: 12583313.217: [CMS-concurrent-sweep: 1.515/1.522 secs] [Times: user=1.76 sys=0.42, real=1.53 secs] 
2020-08-03T02:15:29.240+0800: 12583313.217: [CMS-concurrent-reset-start]
2020-08-03T02:15:29.260+0800: 12583313.238: [CMS-concurrent-reset: 0.021/0.021 secs] [Times: user=0.02 sys=0.02, real=0.02 secs] 
2020-08-03T02:15:31.261+0800: 12583315.239: [GC (CMS Initial Mark) [1 CMS-initial-mark: 3929674K(5472256K)] 4594304K(6209536K), 0.0369955 secs] [Times: user=0.28 sys=0.00, real=0.03 secs] 
2020-08-03T02:15:31.298+0800: 12583315.276: [CMS-concurrent-mark-start]
2020-08-03T02:15:33.703+0800: 12583317.681: [CMS-concurrent-mark: 2.405/2.405 secs] [Times: user=5.09 sys=0.35, real=2.41 secs] 
2020-08-03T02:15:33.704+0800: 12583317.681: [CMS-concurrent-preclean-start]
2020-08-03T02:15:33.711+0800: 12583317.689: [CMS-concurrent-preclean: 0.008/0.008 secs] [Times: user=0.00 sys=0.00, real=0.01 secs] 
2020-08-03T02:15:33.711+0800: 12583317.689: [CMS-concurrent-abortable-preclean-start]
2020-08-03T02:15:37.080+0800: 12583321.058: [GC (Allocation Failure) 2020-08-03T02:15:37.080+0800: 12583321.058: [ParNew2020-08-03T02:15:37.088+0800: 12583321.065: [CMS-concurrent-abortable-preclean: 2.575/3.376 secs] [Times: user=3.16 sys=0.74, real=3.38 secs] 
: 737280K->79285K(737280K), 0.0767279 secs] 4666954K->4033648K(6209536K), 0.0769106 secs] [Times: user=0.48 sys=0.00, real=0.07 secs] 
2020-08-03T02:15:37.159+0800: 12583321.136: [GC (CMS Final Remark) [YG occupancy: 86740 K (737280 K)]2020-08-03T02:15:37.159+0800: 12583321.136: [Rescan (parallel) , 0.0112773 secs]2020-08-03T02:15:37.170+0800: 12583321.148: [weak refs processing, 0.0000419 secs]2020-08-03T02:15:37.170+0800: 12583321.148: [class unloading, 0.0176276 secs]2020-08-03T02:15:37.188+0800: 12583321.165: [scrub symbol table, 0.0062909 secs]2020-08-03T02:15:37.194+0800: 12583321.172: [scrub string table, 0.0008497 secs][1 CMS-remark: 3954362K(5472256K)] 4041103K(6209536K), 0.0362333 secs] [Times: user=0.11 sys=0.00, real=0.03 secs] 
2020-08-03T02:15:37.195+0800: 12583321.173: [CMS-concurrent-sweep-start]
2020-08-03T02:15:38.776+0800: 12583322.754: [CMS-concurrent-sweep: 1.580/1.581 secs] [Times: user=1.85 sys=0.54, real=1.58 secs] 
2020-08-03T02:15:38.776+0800: 12583322.754: [CMS-concurrent-reset-start]
2020-08-03T02:15:38.795+0800: 12583322.773: [CMS-concurrent-reset: 0.019/0.019 secs] [Times: user=0.02 sys=0.00, real=0.02 secs] 
2020-08-03T02:15:40.796+0800: 12583324.773: [GC (CMS Initial Mark) [1 CMS-initial-mark: 3954212K(5472256K)] 4141475K(6209536K), 0.0151626 secs] [Times: user=0.08 sys=0.00, real=0.02 secs] 
2020-08-03T02:15:40.811+0800: 12583324.789: [CMS-concurrent-mark-start]
2020-08-03T02:15:43.437+0800: 12583327.415: [CMS-concurrent-mark: 2.626/2.626 secs] [Times: user=5.99 sys=0.90, real=2.62 secs] 
2020-08-03T02:15:43.437+0800: 12583327.415: [CMS-concurrent-preclean-start]
2020-08-03T02:15:43.446+0800: 12583327.423: [CMS-concurrent-preclean: 0.008/0.008 secs] [Times: user=0.01 sys=0.00, real=0.01 secs] 
2020-08-03T02:15:43.446+0800: 12583327.423: [CMS-concurrent-abortable-preclean-start]
 CMS: abort preclean due to time 2020-08-03T02:15:48.797+0800: 12583332.775: [CMS-concurrent-abortable-preclean: 4.050/5.352 secs] [Times: user=4.97 sys=2.03, real=5.35 secs] 
2020-08-03T02:15:48.799+0800: 12583332.777: [GC (CMS Final Remark) [YG occupancy: 409042 K (737280 K)]2020-08-03T02:15:48.799+0800: 12583332.777: [Rescan (parallel) , 0.0294098 secs]2020-08-03T02:15:48.828+0800: 12583332.806: [weak refs processing, 0.0000457 secs]2020-08-03T02:15:48.828+0800: 12583332.806: [class unloading, 0.0170810 secs]2020-08-03T02:15:48.845+0800: 12583332.823: [scrub symbol table, 0.0060883 secs]2020-08-03T02:15:48.852+0800: 12583332.829: [scrub string table, 0.0008258 secs][1 CMS-remark: 3954212K(5472256K)] 4363254K(6209536K), 0.0536096 secs] [Times: user=0.23 sys=0.00, real=0.05 secs] 
2020-08-03T02:15:48.853+0800: 12583332.830: [CMS-concurrent-sweep-start]
2020-08-03T02:15:50.297+0800: 12583334.275: [CMS-concurrent-sweep: 1.445/1.445 secs] [Times: user=1.58 sys=0.05, real=1.44 secs] 
2020-08-03T02:15:50.297+0800: 12583334.275: [CMS-concurrent-reset-start]
2020-08-03T02:15:50.317+0800: 12583334.295: [CMS-concurrent-reset: 0.020/0.020 secs] [Times: user=0.03 sys=0.01, real=0.02 secs] 
2020-08-03T02:15:52.318+0800: 12583336.296: [GC (CMS Initial Mark) [1 CMS-initial-mark: 3953587K(5472256K)] 4426194K(6209536K), 0.0397597 secs] [Times: user=0.22 sys=0.00, real=0.04 secs] 
2020-08-03T02:15:52.358+0800: 12583336.336: [CMS-concurrent-mark-start]
2020-08-03T02:15:56.017+0800: 12583339.995: [CMS-concurrent-mark: 3.660/3.660 secs] [Times: user=7.73 sys=0.60, real=3.66 secs] 
2020-08-03T02:15:56.018+0800: 12583339.995: [CMS-concurrent-preclean-start]
2020-08-03T02:15:56.026+0800: 12583340.004: [CMS-concurrent-preclean: 0.009/0.009 secs] [Times: user=0.01 sys=0.00, real=0.02 secs] 
2020-08-03T02:15:56.027+0800: 12583340.004: [CMS-concurrent-abortable-preclean-start]
 CMS: abort preclean due to time 2020-08-03T02:16:01.119+0800: 12583345.096: [CMS-concurrent-abortable-preclean: 4.191/5.092 secs] [Times: user=4.68 sys=0.98, real=5.09 secs] 
2020-08-03T02:16:01.120+0800: 12583345.098: [GC (CMS Final Remark) [YG occupancy: 571845 K (737280 K)]2020-08-03T02:16:01.120+0800: 12583345.098: [Rescan (parallel) , 0.0373201 secs]2020-08-03T02:16:01.157+0800: 12583345.135: [weak refs processing, 0.0000490 secs]2020-08-03T02:16:01.157+0800: 12583345.135: [class unloading, 0.0166046 secs]2020-08-03T02:16:01.174+0800: 12583345.152: [scrub symbol table, 0.0060313 secs]2020-08-03T02:16:01.180+0800: 12583345.158: [scrub string table, 0.0008374 secs][1 CMS-remark: 3953587K(5472256K)] 4525433K(6209536K), 0.0609995 secs] [Times: user=0.32 sys=0.00, real=0.06 secs] 
2020-08-03T02:16:01.181+0800: 12583345.159: [CMS-concurrent-sweep-start]
2020-08-03T02:16:02.699+0800: 12583346.677: [CMS-concurrent-sweep: 1.518/1.518 secs] [Times: user=1.66 sys=0.23, real=1.52 secs] 
2020-08-03T02:16:02.700+0800: 12583346.677: [CMS-concurrent-reset-start]
2020-08-03T02:16:02.721+0800: 12583346.699: [CMS-concurrent-reset: 0.021/0.021 secs] [Times: user=0.02 sys=0.00, real=0.02 secs] 
2020-08-03T02:16:04.722+0800: 12583348.699: [GC (CMS Initial Mark) [1 CMS-initial-mark: 3953511K(5472256K)] 4557766K(6209536K), 0.0424240 secs] [Times: user=0.27 sys=0.00, real=0.04 secs] 
2020-08-03T02:16:04.764+0800: 12583348.742: [CMS-concurrent-mark-start]
2020-08-03T02:16:08.418+0800: 12583352.395: [CMS-concurrent-mark: 3.653/3.653 secs] [Times: user=7.70 sys=0.33, real=3.65 secs] 
2020-08-03T02:16:08.418+0800: 12583352.396: [CMS-concurrent-preclean-start]
2020-08-03T02:16:08.425+0800: 12583352.403: [CMS-concurrent-preclean: 0.008/0.008 secs] [Times: user=0.01 sys=0.01, real=0.01 secs] 
2020-08-03T02:16:08.425+0800: 12583352.403: [CMS-concurrent-abortable-preclean-start]
 CMS: abort preclean due to time 2020-08-03T02:16:13.663+0800: 12583357.641: [CMS-concurrent-abortable-preclean: 4.235/5.238 secs] [Times: user=4.80 sys=0.97, real=5.24 secs] 
2020-08-03T02:16:13.665+0800: 12583357.643: [GC (CMS Final Remark) [YG occupancy: 707737 K (737280 K)]2020-08-03T02:16:13.665+0800: 12583357.643: [Rescan (parallel) , 0.0492853 secs]2020-08-03T02:16:13.714+0800: 12583357.692: [weak refs processing, 0.0000410 secs]2020-08-03T02:16:13.714+0800: 12583357.692: [class unloading, 0.0169649 secs]2020-08-03T02:16:13.731+0800: 12583357.709: [scrub symbol table, 0.0061202 secs]2020-08-03T02:16:13.738+0800: 12583357.715: [scrub string table, 0.0008577 secs][1 CMS-remark: 3953511K(5472256K)] 4661249K(6209536K), 0.0734562 secs] [Times: user=0.36 sys=0.00, real=0.08 secs] 
2020-08-03T02:16:13.739+0800: 12583357.717: [CMS-concurrent-sweep-start]
2020-08-03T02:16:14.475+0800: 12583358.452: [GC (Allocation Failure) 2020-08-03T02:16:14.475+0800: 12583358.453: [ParNew: 734645K->81920K(737280K), 0.1151841 secs] 4688156K->4068449K(6209536K), 0.1153669 secs] [Times: user=0.63 sys=0.00, real=0.12 secs] 
2020-08-03T02:16:15.428+0800: 12583359.405: [CMS-concurrent-sweep: 1.572/1.689 secs] [Times: user=2.54 sys=0.83, real=1.69 secs] 
2020-08-03T02:16:15.428+0800: 12583359.405: [CMS-concurrent-reset-start]
2020-08-03T02:16:15.446+0800: 12583359.424: [CMS-concurrent-reset: 0.019/0.019 secs] [Times: user=0.02 sys=0.01, real=0.01 secs] 
2020-08-03T02:16:17.447+0800: 12583361.425: [GC (CMS Initial Mark) [1 CMS-initial-mark: 3986528K(5472256K)] 4135502K(6209536K), 0.0098952 secs] [Times: user=0.05 sys=0.00, real=0.00 secs] 
2020-08-03T02:16:17.457+0800: 12583361.435: [CMS-concurrent-mark-start]
2020-08-03T02:16:20.121+0800: 12583364.098: [CMS-concurrent-mark: 2.661/2.664 secs] [Times: user=6.06 sys=0.96, real=2.67 secs] 
2020-08-03T02:16:20.121+0800: 12583364.099: [CMS-concurrent-preclean-start]
2020-08-03T02:16:20.129+0800: 12583364.106: [CMS-concurrent-preclean: 0.008/0.008 secs] [Times: user=0.01 sys=0.00, real=0.01 secs] 
2020-08-03T02:16:20.129+0800: 12583364.106: [CMS-concurrent-abortable-preclean-start]
 CMS: abort preclean due to time 2020-08-03T02:16:25.268+0800: 12583369.246: [CMS-concurrent-abortable-preclean: 4.036/5.139 secs] [Times: user=4.79 sys=1.97, real=5.14 secs] 
2020-08-03T02:16:25.270+0800: 12583369.247: [GC (CMS Final Remark) [YG occupancy: 358653 K (737280 K)]2020-08-03T02:16:25.270+0800: 12583369.247: [Rescan (parallel) , 0.0236005 secs]2020-08-03T02:16:25.293+0800: 12583369.271: [weak refs processing, 0.0000404 secs]2020-08-03T02:16:25.293+0800: 12583369.271: [class unloading, 0.0170072 secs]2020-08-03T02:16:25.310+0800: 12583369.288: [scrub symbol table, 0.0063980 secs]2020-08-03T02:16:25.317+0800: 12583369.295: [scrub string table, 0.0008530 secs][1 CMS-remark: 3986528K(5472256K)] 4345182K(6209536K), 0.0480557 secs] [Times: user=0.21 sys=0.00, real=0.04 secs] 
2020-08-03T02:16:25.318+0800: 12583369.296: [CMS-concurrent-sweep-start]
2020-08-03T02:16:26.839+0800: 12583370.817: [CMS-concurrent-sweep: 1.521/1.521 secs] [Times: user=1.64 sys=0.03, real=1.53 secs] 
2020-08-03T02:16:26.839+0800: 12583370.817: [CMS-concurrent-reset-start]
2020-08-03T02:16:26.858+0800: 12583370.835: [CMS-concurrent-reset: 0.018/0.018 secs] [Times: user=0.01 sys=0.00, real=0.01 secs] 
2020-08-03T02:16:28.859+0800: 12583372.837: [GC (CMS Initial Mark) [1 CMS-initial-mark: 3982445K(5472256K)] 4370581K(6209536K), 0.0224664 secs] [Times: user=0.16 sys=0.00, real=0.02 secs] 
2020-08-03T02:16:28.882+0800: 12583372.859: [CMS-concurrent-mark-start]
2020-08-03T02:16:31.605+0800: 12583375.582: [CMS-concurrent-mark: 2.721/2.723 secs] [Times: user=6.01 sys=1.28, real=2.72 secs] 
2020-08-03T02:16:31.605+0800: 12583375.582: [CMS-concurrent-preclean-start]
2020-08-03T02:16:31.612+0800: 12583375.590: [CMS-concurrent-preclean: 0.008/0.008 secs] [Times: user=0.01 sys=0.00, real=0.01 secs] 
2020-08-03T02:16:31.612+0800: 12583375.590: [CMS-concurrent-abortable-preclean-start]
 CMS: abort preclean due to time 2020-08-03T02:16:36.799+0800: 12583380.777: [CMS-concurrent-abortable-preclean: 4.309/5.186 secs] [Times: user=4.83 sys=0.66, real=5.19 secs] 
2020-08-03T02:16:36.801+0800: 12583380.778: [GC (CMS Final Remark) [YG occupancy: 527839 K (737280 K)]2020-08-03T02:16:36.801+0800: 12583380.779: [Rescan (parallel) , 0.0436046 secs]2020-08-03T02:16:36.844+0800: 12583380.822: [weak refs processing, 0.0000363 secs]2020-08-03T02:16:36.844+0800: 12583380.822: [class unloading, 0.0184998 secs]2020-08-03T02:16:36.863+0800: 12583380.841: [scrub symbol table, 0.0068774 secs]2020-08-03T02:16:36.870+0800: 12583380.848: [scrub string table, 0.0012641 secs][1 CMS-remark: 3982445K(5472256K)] 4510285K(6209536K), 0.0704601 secs] [Times: user=0.28 sys=0.00, real=0.07 secs] 
2020-08-03T02:16:36.872+0800: 12583380.850: [CMS-concurrent-sweep-start]
2020-08-03T02:16:38.352+0800: 12583382.330: [CMS-concurrent-sweep: 1.480/1.480 secs] [Times: user=1.60 sys=0.13, real=1.48 secs] 
2020-08-03T02:16:38.352+0800: 12583382.330: [CMS-concurrent-reset-start]
2020-08-03T02:16:38.371+0800: 12583382.349: [CMS-concurrent-reset: 0.018/0.018 secs] [Times: user=0.02 sys=0.00, real=0.02 secs] 
2020-08-03T02:16:40.372+0800: 12583384.349: [GC (CMS Initial Mark) [1 CMS-initial-mark: 3982443K(5472256K)] 4565962K(6209536K), 0.0355856 secs] [Times: user=0.24 sys=0.01, real=0.04 secs] 
2020-08-03T02:16:40.407+0800: 12583384.385: [CMS-concurrent-mark-start]
2020-08-03T02:16:42.933+0800: 12583386.911: [CMS-concurrent-mark: 2.526/2.526 secs] [Times: user=5.41 sys=0.17, real=2.52 secs] 
2020-08-03T02:16:42.933+0800: 12583386.911: [CMS-concurrent-preclean-start]
2020-08-03T02:16:42.943+0800: 12583386.921: [CMS-concurrent-preclean: 0.010/0.010 secs] [Times: user=0.02 sys=0.00, real=0.01 secs] 
2020-08-03T02:16:42.943+0800: 12583386.921: [CMS-concurrent-abortable-preclean-start]
 CMS: abort preclean due to time 2020-08-03T02:16:48.055+0800: 12583392.033: [CMS-concurrent-abortable-preclean: 4.111/5.112 secs] [Times: user=4.33 sys=1.59, real=5.11 secs] 
2020-08-03T02:16:48.057+0800: 12583392.035: [GC (CMS Final Remark) [YG occupancy: 721624 K (737280 K)]2020-08-03T02:16:48.057+0800: 12583392.035: [Rescan (parallel) , 0.0547310 secs]2020-08-03T02:16:48.112+0800: 12583392.090: [weak refs processing, 0.0000456 secs]2020-08-03T02:16:48.112+0800: 12583392.090: [class unloading, 0.0181085 secs]2020-08-03T02:16:48.130+0800: 12583392.108: [scrub symbol table, 0.0065798 secs]2020-08-03T02:16:48.137+0800: 12583392.115: [scrub string table, 0.0008756 secs][1 CMS-remark: 3982443K(5472256K)] 4704068K(6209536K), 0.0805326 secs] [Times: user=0.38 sys=0.00, real=0.08 secs] 
2020-08-03T02:16:48.138+0800: 12583392.116: [CMS-concurrent-sweep-start]
2020-08-03T02:16:49.316+0800: 12583393.294: [GC (Allocation Failure) 2020-08-03T02:16:49.316+0800: 12583393.294: [ParNew: 737280K->72868K(737280K), 0.0736739 secs] 4719704K->4082712K(6209536K), 0.0738448 secs] [Times: user=0.48 sys=0.00, real=0.08 secs] 
2020-08-03T02:16:49.742+0800: 12583393.719: [CMS-concurrent-sweep: 1.527/1.604 secs] [Times: user=2.20 sys=0.17, real=1.61 secs] 
2020-08-03T02:16:49.742+0800: 12583393.719: [CMS-concurrent-reset-start]
2020-08-03T02:16:49.760+0800: 12583393.738: [CMS-concurrent-reset: 0.019/0.019 secs] [Times: user=0.02 sys=0.00, real=0.02 secs] 
2020-08-03T02:16:51.761+0800: 12583395.739: [GC (CMS Initial Mark) [1 CMS-initial-mark: 4009839K(5472256K)] 4100503K(6209536K), 0.0108614 secs] [Times: user=0.04 sys=0.00, real=0.01 secs] 
2020-08-03T02:16:51.772+0800: 12583395.750: [CMS-concurrent-mark-start]
2020-08-03T02:16:54.713+0800: 12583398.691: [CMS-concurrent-mark: 2.941/2.941 secs] [Times: user=6.33 sys=1.40, real=2.94 secs] 
2020-08-03T02:16:54.713+0800: 12583398.691: [CMS-concurrent-preclean-start]
2020-08-03T02:16:54.721+0800: 12583398.699: [CMS-concurrent-preclean: 0.008/0.008 secs] [Times: user=0.01 sys=0.00, real=0.01 secs] 
2020-08-03T02:16:54.721+0800: 12583398.699: [CMS-concurrent-abortable-preclean-start]
 CMS: abort preclean due to time 2020-08-03T02:17:00.019+0800: 12583403.997: [CMS-concurrent-abortable-preclean: 4.197/5.299 secs] [Times: user=5.05 sys=2.66, real=5.30 secs] 
2020-08-03T02:17:00.021+0800: 12583403.999: [GC (CMS Final Remark) [YG occupancy: 250814 K (737280 K)]2020-08-03T02:17:00.021+0800: 12583403.999: [Rescan (parallel) , 0.0177299 secs]2020-08-03T02:17:00.039+0800: 12583404.017: [weak refs processing, 0.0000489 secs]2020-08-03T02:17:00.039+0800: 12583404.017: [class unloading, 0.0167552 secs]2020-08-03T02:17:00.056+0800: 12583404.033: [scrub symbol table, 0.0061250 secs]2020-08-03T02:17:00.062+0800: 12583404.040: [scrub string table, 0.0008486 secs][1 CMS-remark: 4009839K(5472256K)] 4260653K(6209536K), 0.0416580 secs] [Times: user=0.16 sys=0.00, real=0.04 secs] 
2020-08-03T02:17:00.063+0800: 12583404.041: [CMS-concurrent-sweep-start]
2020-08-03T02:17:01.541+0800: 12583405.519: [CMS-concurrent-sweep: 1.478/1.478 secs] [Times: user=1.64 sys=0.02, real=1.48 secs] 
2020-08-03T02:17:01.541+0800: 12583405.519: [CMS-concurrent-reset-start]
2020-08-03T02:17:01.559+0800: 12583405.537: [CMS-concurrent-reset: 0.018/0.018 secs] [Times: user=0.03 sys=0.00, real=0.02 secs] 
2020-08-03T02:17:03.560+0800: 12583407.538: [GC (CMS Initial Mark) [1 CMS-initial-mark: 4009113K(5472256K)] 4315698K(6209536K), 0.0177775 secs] [Times: user=0.14 sys=0.00, real=0.01 secs] 
2020-08-03T02:17:03.578+0800: 12583407.556: [CMS-concurrent-mark-start]
2020-08-03T02:17:07.308+0800: 12583411.286: [CMS-concurrent-mark: 3.731/3.731 secs] [Times: user=8.14 sys=0.88, real=3.74 secs] 
2020-08-03T02:17:07.309+0800: 12583411.286: [CMS-concurrent-preclean-start]
2020-08-03T02:17:07.316+0800: 12583411.294: [CMS-concurrent-preclean: 0.008/0.008 secs] [Times: user=0.01 sys=0.00, real=0.00 secs] 
2020-08-03T02:17:07.316+0800: 12583411.294: [CMS-concurrent-abortable-preclean-start]
 CMS: abort preclean due to time 2020-08-03T02:17:12.578+0800: 12583416.556: [CMS-concurrent-abortable-preclean: 4.061/5.262 secs] [Times: user=5.33 sys=1.54, real=5.27 secs] 
2020-08-03T02:17:12.580+0800: 12583416.558: [GC (CMS Final Remark) [YG occupancy: 576917 K (737280 K)]2020-08-03T02:17:12.580+0800: 12583416.558: [Rescan (parallel) , 0.0518394 secs]2020-08-03T02:17:12.632+0800: 12583416.610: [weak refs processing, 0.0000370 secs]2020-08-03T02:17:12.632+0800: 12583416.610: [class unloading, 0.0177083 secs]2020-08-03T02:17:12.650+0800: 12583416.628: [scrub symbol table, 0.0061358 secs]2020-08-03T02:17:12.656+0800: 12583416.634: [scrub string table, 0.0009696 secs][1 CMS-remark: 4009113K(5472256K)] 4586031K(6209536K), 0.0768684 secs] [Times: user=0.41 sys=0.00, real=0.07 secs] 
2020-08-03T02:17:12.657+0800: 12583416.635: [CMS-concurrent-sweep-start]
2020-08-03T02:17:14.162+0800: 12583418.140: [CMS-concurrent-sweep: 1.505/1.505 secs] [Times: user=1.67 sys=0.53, real=1.51 secs] 
2020-08-03T02:17:14.162+0800: 12583418.140: [CMS-concurrent-reset-start]
2020-08-03T02:17:14.184+0800: 12583418.162: [CMS-concurrent-reset: 0.022/0.022 secs] [Times: user=0.03 sys=0.02, real=0.02 secs] 
2020-08-03T02:17:16.186+0800: 12583420.164: [GC (CMS Initial Mark) [1 CMS-initial-mark: 4009107K(5472256K)] 4625456K(6209536K), 0.0423602 secs] [Times: user=0.27 sys=0.00, real=0.05 secs] 
2020-08-03T02:17:16.229+0800: 12583420.206: [CMS-concurrent-mark-start]
2020-08-03T02:17:18.631+0800: 12583422.608: [CMS-concurrent-mark: 2.402/2.402 secs] [Times: user=5.11 sys=0.00, real=2.40 secs] 
2020-08-03T02:17:18.631+0800: 12583422.608: [CMS-concurrent-preclean-start]
2020-08-03T02:17:18.638+0800: 12583422.616: [CMS-concurrent-preclean: 0.007/0.007 secs] [Times: user=0.01 sys=0.00, real=0.00 secs] 
2020-08-03T02:17:18.638+0800: 12583422.616: [CMS-concurrent-abortable-preclean-start]
2020-08-03T02:17:22.922+0800: 12583426.900: [GC (Allocation Failure) 2020-08-03T02:17:22.922+0800: 12583426.900: [ParNew: 728143K->81920K(737280K), 0.1002572 secs] 4737250K->4127092K(6209536K), 0.1005466 secs] [Times: user=0.54 sys=0.00, real=0.10 secs] 
 CMS: abort preclean due to time 2020-08-03T02:17:23.964+0800: 12583427.942: [CMS-concurrent-abortable-preclean: 4.221/5.326 secs] [Times: user=5.12 sys=1.78, real=5.33 secs] 
2020-08-03T02:17:23.966+0800: 12583427.944: [GC (CMS Final Remark) [YG occupancy: 111791 K (737280 K)]2020-08-03T02:17:23.966+0800: 12583427.944: [Rescan (parallel) , 0.0182735 secs]2020-08-03T02:17:23.985+0800: 12583427.962: [weak refs processing, 0.0000526 secs]2020-08-03T02:17:23.985+0800: 12583427.962: [class unloading, 0.0248991 secs]2020-08-03T02:17:24.010+0800: 12583427.987: [scrub symbol table, 0.0085149 secs]2020-08-03T02:17:24.018+0800: 12583427.996: [scrub string table, 0.0012674 secs][1 CMS-remark: 4045172K(5472256K)] 4156963K(6209536K), 0.0531794 secs] [Times: user=0.14 sys=0.00, real=0.06 secs] 
2020-08-03T02:17:24.020+0800: 12583427.998: [CMS-concurrent-sweep-start]
2020-08-03T02:17:25.762+0800: 12583429.740: [CMS-concurrent-sweep: 1.742/1.742 secs] [Times: user=2.21 sys=0.73, real=1.74 secs] 
2020-08-03T02:17:25.762+0800: 12583429.740: [CMS-concurrent-reset-start]
2020-08-03T02:17:25.781+0800: 12583429.759: [CMS-concurrent-reset: 0.019/0.019 secs] [Times: user=0.02 sys=0.00, real=0.02 secs] 
2020-08-03T02:17:27.781+0800: 12583431.759: [GC (CMS Initial Mark) [1 CMS-initial-mark: 4045042K(5472256K)] 4260911K(6209536K), 0.0150407 secs] [Times: user=0.09 sys=0.00, real=0.01 secs] 
2020-08-03T02:17:27.797+0800: 12583431.775: [CMS-concurrent-mark-start]
2020-08-03T02:17:30.225+0800: 12583434.203: [CMS-concurrent-mark: 2.418/2.428 secs] [Times: user=5.14 sys=0.01, real=2.43 secs] 
2020-08-03T02:17:30.225+0800: 12583434.203: [CMS-concurrent-preclean-start]
2020-08-03T02:17:30.233+0800: 12583434.211: [CMS-concurrent-preclean: 0.008/0.008 secs] [Times: user=0.01 sys=0.00, real=0.01 secs] 
2020-08-03T02:17:30.233+0800: 12583434.211: [CMS-concurrent-abortable-preclean-start]
 CMS: abort preclean due to time 2020-08-03T02:17:35.437+0800: 12583439.414: [CMS-concurrent-abortable-preclean: 3.999/5.204 secs] [Times: user=4.62 sys=0.72, real=5.20 secs] 
2020-08-03T02:17:35.438+0800: 12583439.416: [GC (CMS Final Remark) [YG occupancy: 375374 K (737280 K)]2020-08-03T02:17:35.438+0800: 12583439.416: [Rescan (parallel) , 0.0247485 secs]2020-08-03T02:17:35.463+0800: 12583439.441: [weak refs processing, 0.0000667 secs]2020-08-03T02:17:35.463+0800: 12583439.441: [class unloading, 0.0172934 secs]2020-08-03T02:17:35.480+0800: 12583439.458: [scrub symbol table, 0.0059875 secs]2020-08-03T02:17:35.486+0800: 12583439.464: [scrub string table, 0.0008848 secs][1 CMS-remark: 4045042K(5472256K)] 4420416K(6209536K), 0.0491655 secs] [Times: user=0.19 sys=0.00, real=0.06 secs] 
2020-08-03T02:17:35.487+0800: 12583439.465: [CMS-concurrent-sweep-start]
2020-08-03T02:17:36.971+0800: 12583440.949: [CMS-concurrent-sweep: 1.484/1.484 secs] [Times: user=1.68 sys=0.36, real=1.48 secs] 
2020-08-03T02:17:36.972+0800: 12583440.949: [CMS-concurrent-reset-start]
2020-08-03T02:17:36.990+0800: 12583440.968: [CMS-concurrent-reset: 0.019/0.019 secs] [Times: user=0.03 sys=0.01, real=0.02 secs] 
2020-08-03T02:17:38.991+0800: 12583442.969: [GC (CMS Initial Mark) [1 CMS-initial-mark: 4037126K(5472256K)] 4476536K(6209536K), 0.0250592 secs] [Times: user=0.17 sys=0.00, real=0.02 secs] 
2020-08-03T02:17:39.017+0800: 12583442.994: [CMS-concurrent-mark-start]
2020-08-03T02:17:41.656+0800: 12583445.633: [CMS-concurrent-mark: 2.639/2.639 secs] [Times: user=5.55 sys=0.84, real=2.64 secs] 
2020-08-03T02:17:41.656+0800: 12583445.634: [CMS-concurrent-preclean-start]
2020-08-03T02:17:41.666+0800: 12583445.644: [CMS-concurrent-preclean: 0.010/0.010 secs] [Times: user=0.01 sys=0.00, real=0.01 secs] 
2020-08-03T02:17:41.666+0800: 12583445.644: [CMS-concurrent-abortable-preclean-start]
 CMS: abort preclean due to time 2020-08-03T02:17:46.688+0800: 12583450.666: [CMS-concurrent-abortable-preclean: 4.022/5.023 secs] [Times: user=4.64 sys=2.83, real=5.03 secs] 
2020-08-03T02:17:46.690+0800: 12583450.668: [GC (CMS Final Remark) [YG occupancy: 579211 K (737280 K)]2020-08-03T02:17:46.690+0800: 12583450.668: [Rescan (parallel) , 0.0340937 secs]2020-08-03T02:17:46.724+0800: 12583450.702: [weak refs processing, 0.0000359 secs]2020-08-03T02:17:46.724+0800: 12583450.702: [class unloading, 0.0167111 secs]2020-08-03T02:17:46.741+0800: 12583450.719: [scrub symbol table, 0.0060640 secs]2020-08-03T02:17:46.747+0800: 12583450.725: [scrub string table, 0.0008553 secs][1 CMS-remark: 4037126K(5472256K)] 4616337K(6209536K), 0.0579331 secs] [Times: user=0.29 sys=0.00, real=0.06 secs] 
2020-08-03T02:17:46.748+0800: 12583450.726: [CMS-concurrent-sweep-start]
2020-08-03T02:17:48.209+0800: 12583452.187: [CMS-concurrent-sweep: 1.461/1.461 secs] [Times: user=1.63 sys=0.05, real=1.46 secs] 
2020-08-03T02:17:48.209+0800: 12583452.187: [CMS-concurrent-reset-start]
2020-08-03T02:17:48.228+0800: 12583452.206: [CMS-concurrent-reset: 0.019/0.019 secs] [Times: user=0.02 sys=0.00, real=0.02 secs] 
2020-08-03T02:17:50.229+0800: 12583454.206: [GC (CMS Initial Mark) [1 CMS-initial-mark: 4037073K(5472256K)] 4664403K(6209536K), 0.0346219 secs] [Times: user=0.25 sys=0.00, real=0.03 secs] 
2020-08-03T02:17:50.263+0800: 12583454.241: [CMS-concurrent-mark-start]
2020-08-03T02:17:52.944+0800: 12583456.922: [CMS-concurrent-mark: 2.680/2.680 secs] [Times: user=5.87 sys=0.69, real=2.68 secs] 
2020-08-03T02:17:52.944+0800: 12583456.922: [CMS-concurrent-preclean-start]
2020-08-03T02:17:52.953+0800: 12583456.931: [CMS-concurrent-preclean: 0.009/0.009 secs] [Times: user=0.02 sys=0.01, real=0.01 secs] 
2020-08-03T02:17:52.953+0800: 12583456.931: [CMS-concurrent-abortable-preclean-start]
2020-08-03T02:17:56.292+0800: 12583460.269: [GC (Allocation Failure) 2020-08-03T02:17:56.292+0800: 12583460.270: [ParNew: 737280K->78438K(737280K), 0.0754398 secs] 4774353K->4142687K(6209536K), 0.0756207 secs] [Times: user=0.49 sys=0.00, real=0.08 secs] 
 CMS: abort preclean due to time 2020-08-03T02:17:58.004+0800: 12583461.982: [CMS-concurrent-abortable-preclean: 3.944/5.051 secs] [Times: user=5.25 sys=1.71, real=5.05 secs] 
2020-08-03T02:17:58.005+0800: 12583461.983: [GC (CMS Final Remark) [YG occupancy: 133985 K (737280 K)]2020-08-03T02:17:58.005+0800: 12583461.983: [Rescan (parallel) , 0.0107866 secs]2020-08-03T02:17:58.016+0800: 12583461.994: [weak refs processing, 0.0000351 secs]2020-08-03T02:17:58.016+0800: 12583461.994: [class unloading, 0.0185659 secs]2020-08-03T02:17:58.035+0800: 12583462.013: [scrub symbol table, 0.0060172 secs]2020-08-03T02:17:58.041+0800: 12583462.019: [scrub string table, 0.0008403 secs][1 CMS-remark: 4064248K(5472256K)] 4198234K(6209536K), 0.0363804 secs] [Times: user=0.10 sys=0.00, real=0.04 secs] 
2020-08-03T02:17:58.042+0800: 12583462.020: [CMS-concurrent-sweep-start]
2020-08-03T02:17:59.556+0800: 12583463.534: [CMS-concurrent-sweep: 1.514/1.514 secs] [Times: user=1.83 sys=0.62, real=1.51 secs] 
2020-08-03T02:17:59.556+0800: 12583463.534: [CMS-concurrent-reset-start]
2020-08-03T02:17:59.575+0800: 12583463.553: [CMS-concurrent-reset: 0.018/0.018 secs] [Times: user=0.02 sys=0.00, real=0.02 secs] 
2020-08-03T02:18:01.576+0800: 12583465.553: [GC (CMS Initial Mark) [1 CMS-initial-mark: 4064241K(5472256K)] 4263984K(6209536K), 0.0142286 secs] [Times: user=0.08 sys=0.00, real=0.02 secs] 
2020-08-03T02:18:01.590+0800: 12583465.568: [CMS-concurrent-mark-start]
2020-08-03T02:18:06.916+0800: 12583470.894: [CMS-concurrent-mark: 5.326/5.326 secs] [Times: user=5.89 sys=0.99, real=5.32 secs] 
2020-08-03T02:18:06.916+0800: 12583470.894: [CMS-concurrent-preclean-start]
2020-08-03T02:18:06.925+0800: 12583470.902: [CMS-concurrent-preclean: 0.008/0.008 secs] [Times: user=0.00 sys=0.00, real=0.01 secs] 
2020-08-03T02:18:06.925+0800: 12583470.903: [CMS-concurrent-abortable-preclean-start]
 CMS: abort preclean due to time 2020-08-03T02:18:11.993+0800: 12583475.970: [CMS-concurrent-abortable-preclean: 3.965/5.068 secs] [Times: user=4.62 sys=1.35, real=5.07 secs] 
2020-08-03T02:18:11.994+0800: 12583475.972: [GC (CMS Final Remark) [YG occupancy: 358874 K (737280 K)]2020-08-03T02:18:11.994+0800: 12583475.972: [Rescan (parallel) , 0.0363922 secs]2020-08-03T02:18:12.031+0800: 12583476.008: [weak refs processing, 0.0000507 secs]2020-08-03T02:18:12.031+0800: 12583476.008: [class unloading, 0.0177876 secs]2020-08-03T02:18:12.048+0800: 12583476.026: [scrub symbol table, 0.0061341 secs]2020-08-03T02:18:12.055+0800: 12583476.032: [scrub string table, 0.0008388 secs][1 CMS-remark: 4064241K(5472256K)] 4423116K(6209536K), 0.0613599 secs] [Times: user=0.27 sys=0.00, real=0.06 secs] 
2020-08-03T02:18:12.056+0800: 12583476.034: [CMS-concurrent-sweep-start]
2020-08-03T02:18:13.617+0800: 12583477.595: [CMS-concurrent-sweep: 1.561/1.561 secs] [Times: user=2.05 sys=0.75, real=1.56 secs] 
2020-08-03T02:18:13.617+0800: 12583477.595: [CMS-concurrent-reset-start]
2020-08-03T02:18:13.637+0800: 12583477.615: [CMS-concurrent-reset: 0.020/0.020 secs] [Times: user=0.04 sys=0.02, real=0.02 secs] 
2020-08-03T02:18:15.637+0800: 12583479.615: [GC (CMS Initial Mark) [1 CMS-initial-mark: 4062466K(5472256K)] 4545777K(6209536K), 0.0283849 secs] [Times: user=0.20 sys=0.00, real=0.03 secs] 
2020-08-03T02:18:15.666+0800: 12583479.644: [CMS-concurrent-mark-start]
2020-08-03T02:18:18.231+0800: 12583482.209: [CMS-concurrent-mark: 2.565/2.565 secs] [Times: user=5.68 sys=0.42, real=2.57 secs] 
2020-08-03T02:18:18.231+0800: 12583482.209: [CMS-concurrent-preclean-start]
2020-08-03T02:18:18.242+0800: 12583482.219: [CMS-concurrent-preclean: 0.009/0.010 secs] [Times: user=0.02 sys=0.00, real=0.01 secs] 
2020-08-03T02:18:18.242+0800: 12583482.219: [CMS-concurrent-abortable-preclean-start]
 CMS: abort preclean due to time 2020-08-03T02:18:23.303+0800: 12583487.281: [CMS-concurrent-abortable-preclean: 3.960/5.061 secs] [Times: user=4.51 sys=2.48, real=5.06 secs] 
2020-08-03T02:18:23.305+0800: 12583487.282: [GC (CMS Final Remark) [YG occupancy: 694929 K (737280 K)]2020-08-03T02:18:23.305+0800: 12583487.282: [Rescan (parallel) , 0.0479175 secs]2020-08-03T02:18:23.353+0800: 12583487.330: [weak refs processing, 0.0000378 secs]2020-08-03T02:18:23.353+0800: 12583487.330: [class unloading, 0.0175777 secs]2020-08-03T02:18:23.370+0800: 12583487.348: [scrub symbol table, 0.0063206 secs]2020-08-03T02:18:23.377+0800: 12583487.354: [scrub string table, 0.0008585 secs][1 CMS-remark: 4062466K(5472256K)] 4757395K(6209536K), 0.0728930 secs] [Times: user=0.35 sys=0.00, real=0.07 secs] 
2020-08-03T02:18:23.378+0800: 12583487.356: [CMS-concurrent-sweep-start]
2020-08-03T02:18:25.077+0800: 12583489.054: [GC (Allocation Failure) 2020-08-03T02:18:25.077+0800: 12583489.054: [ParNew: 733798K->81919K(737280K), 0.0795829 secs] 4796185K->4170847K(6209536K), 0.0797408 secs] [Times: user=0.45 sys=0.00, real=0.08 secs] 
2020-08-03T02:18:25.169+0800: 12583489.146: [CMS-concurrent-sweep: 1.710/1.791 secs] [Times: user=2.37 sys=0.66, real=1.80 secs] 
2020-08-03T02:18:25.169+0800: 12583489.146: [CMS-concurrent-reset-start]
2020-08-03T02:18:25.188+0800: 12583489.165: [CMS-concurrent-reset: 0.019/0.019 secs] [Times: user=0.02 sys=0.00, real=0.02 secs] 
2020-08-03T02:18:27.188+0800: 12583491.166: [GC (CMS Initial Mark) [1 CMS-initial-mark: 4088927K(5472256K)] 4206937K(6209536K), 0.0083054 secs] [Times: user=0.04 sys=0.00, real=0.00 secs] 
2020-08-03T02:18:27.197+0800: 12583491.174: [CMS-concurrent-mark-start]
2020-08-03T02:18:29.852+0800: 12583493.830: [CMS-concurrent-mark: 2.652/2.656 secs] [Times: user=5.83 sys=0.57, real=2.66 secs] 
2020-08-03T02:18:29.852+0800: 12583493.830: [CMS-concurrent-preclean-start]
2020-08-03T02:18:29.860+0800: 12583493.838: [CMS-concurrent-preclean: 0.008/0.008 secs] [Times: user=0.01 sys=0.00, real=0.01 secs] 
2020-08-03T02:18:29.860+0800: 12583493.838: [CMS-concurrent-abortable-preclean-start]
 CMS: abort preclean due to time 2020-08-03T02:18:35.015+0800: 12583498.993: [CMS-concurrent-abortable-preclean: 3.853/5.154 secs] [Times: user=4.64 sys=1.42, real=5.15 secs] 
2020-08-03T02:18:35.016+0800: 12583498.994: [GC (CMS Final Remark) [YG occupancy: 237158 K (737280 K)]2020-08-03T02:18:35.016+0800: 12583498.994: [Rescan (parallel) , 0.0229463 secs]2020-08-03T02:18:35.039+0800: 12583499.017: [weak refs processing, 0.0000845 secs]2020-08-03T02:18:35.039+0800: 12583499.017: [class unloading, 0.0173189 secs]2020-08-03T02:18:35.057+0800: 12583499.035: [scrub symbol table, 0.0065580 secs]2020-08-03T02:18:35.063+0800: 12583499.041: [scrub string table, 0.0008594 secs][1 CMS-remark: 4088927K(5472256K)] 4326086K(6209536K), 0.0479392 secs] [Times: user=0.17 sys=0.00, real=0.05 secs] 
2020-08-03T02:18:35.064+0800: 12583499.042: [CMS-concurrent-sweep-start]
2020-08-03T02:18:36.590+0800: 12583500.568: [CMS-concurrent-sweep: 1.526/1.526 secs] [Times: user=1.80 sys=0.50, real=1.53 secs] 
2020-08-03T02:18:36.591+0800: 12583500.568: [CMS-concurrent-reset-start]
2020-08-03T02:18:36.610+0800: 12583500.588: [CMS-concurrent-reset: 0.019/0.019 secs] [Times: user=0.02 sys=0.02, real=0.02 secs] 
2020-08-03T02:18:38.611+0800: 12583502.588: [GC (CMS Initial Mark) [1 CMS-initial-mark: 4088835K(5472256K)] 4384536K(6209536K), 0.0188376 secs] [Times: user=0.13 sys=0.01, real=0.02 secs] 
2020-08-03T02:18:38.630+0800: 12583502.607: [CMS-concurrent-mark-start]
2020-08-03T02:18:41.327+0800: 12583505.305: [CMS-concurrent-mark: 2.698/2.698 secs] [Times: user=5.82 sys=0.90, real=2.70 secs] 
2020-08-03T02:18:41.327+0800: 12583505.305: [CMS-concurrent-preclean-start]
2020-08-03T02:18:41.335+0800: 12583505.313: [CMS-concurrent-preclean: 0.008/0.008 secs] [Times: user=0.01 sys=0.00, real=0.00 secs] 
2020-08-03T02:18:41.335+0800: 12583505.313: [CMS-concurrent-abortable-preclean-start]
 CMS: abort preclean due to time 2020-08-03T02:18:46.626+0800: 12583510.603: [CMS-concurrent-abortable-preclean: 3.785/5.290 secs] [Times: user=4.26 sys=0.40, real=5.29 secs] 
2020-08-03T02:18:46.627+0800: 12583510.605: [GC (CMS Final Remark) [YG occupancy: 422830 K (737280 K)]2020-08-03T02:18:46.627+0800: 12583510.605: [Rescan (parallel) , 0.0375573 secs]2020-08-03T02:18:46.665+0800: 12583510.643: [weak refs processing, 0.0000504 secs]2020-08-03T02:18:46.665+0800: 12583510.643: [class unloading, 0.0178247 secs]2020-08-03T02:18:46.683+0800: 12583510.661: [scrub symbol table, 0.0064163 secs]2020-08-03T02:18:46.689+0800: 12583510.667: [scrub string table, 0.0008360 secs][1 CMS-remark: 4088835K(5472256K)] 4511666K(6209536K), 0.0628419 secs] [Times: user=0.26 sys=0.00, real=0.06 secs] 
2020-08-03T02:18:46.690+0800: 12583510.668: [CMS-concurrent-sweep-start]
2020-08-03T02:18:48.209+0800: 12583512.187: [CMS-concurrent-sweep: 1.519/1.519 secs] [Times: user=1.73 sys=0.50, real=1.52 secs] 
2020-08-03T02:18:48.209+0800: 12583512.187: [CMS-concurrent-reset-start]
2020-08-03T02:18:48.227+0800: 12583512.205: [CMS-concurrent-reset: 0.018/0.018 secs] [Times: user=0.02 sys=0.00, real=0.02 secs] 
2020-08-03T02:18:50.228+0800: 12583514.206: [GC (CMS Initial Mark) [1 CMS-initial-mark: 4088566K(5472256K)] 4587377K(6209536K), 0.0311969 secs] [Times: user=0.22 sys=0.00, real=0.03 secs] 
2020-08-03T02:18:50.259+0800: 12583514.237: [CMS-concurrent-mark-start]
2020-08-03T02:18:53.180+0800: 12583517.158: [CMS-concurrent-mark: 2.916/2.920 secs] [Times: user=6.57 sys=2.31, real=2.92 secs] 
2020-08-03T02:18:53.180+0800: 12583517.158: [CMS-concurrent-preclean-start]
2020-08-03T02:18:53.188+0800: 12583517.166: [CMS-concurrent-preclean: 0.008/0.008 secs] [Times: user=0.01 sys=0.00, real=0.01 secs] 
2020-08-03T02:18:53.188+0800: 12583517.166: [CMS-concurrent-abortable-preclean-start]
2020-08-03T02:18:58.403+0800: 12583522.380: [GC (Allocation Failure) 2020-08-03T02:18:58.403+0800: 12583522.380: [ParNew: 737279K->81920K(737280K), 0.0827389 secs] 4825846K->4196154K(6209536K), 0.0829217 secs] [Times: user=0.50 sys=0.00, real=0.08 secs] 
 CMS: abort preclean due to time 2020-08-03T02:18:58.520+0800: 12583522.498: [CMS-concurrent-abortable-preclean: 4.043/5.332 secs] [Times: user=5.15 sys=1.12, real=5.33 secs] 
2020-08-03T02:18:58.521+0800: 12583522.499: [GC (CMS Final Remark) [YG occupancy: 91487 K (737280 K)]2020-08-03T02:18:58.522+0800: 12583522.499: [Rescan (parallel) , 0.0115820 secs]2020-08-03T02:18:58.533+0800: 12583522.511: [weak refs processing, 0.0000361 secs]2020-08-03T02:18:58.533+0800: 12583522.511: [class unloading, 0.0173496 secs]2020-08-03T02:18:58.551+0800: 12583522.528: [scrub symbol table, 0.0061012 secs]2020-08-03T02:18:58.557+0800: 12583522.535: [scrub string table, 0.0008525 secs][1 CMS-remark: 4114234K(5472256K)] 4205722K(6209536K), 0.0360602 secs] [Times: user=0.12 sys=0.00, real=0.03 secs] 
2020-08-03T02:18:58.558+0800: 12583522.536: [CMS-concurrent-sweep-start]
2020-08-03T02:19:00.136+0800: 12583524.114: [CMS-concurrent-sweep: 1.579/1.579 secs] [Times: user=1.78 sys=0.30, real=1.58 secs] 
2020-08-03T02:19:00.137+0800: 12583524.114: [CMS-concurrent-reset-start]
2020-08-03T02:19:00.155+0800: 12583524.133: [CMS-concurrent-reset: 0.019/0.019 secs] [Times: user=0.02 sys=0.00, real=0.02 secs] 
2020-08-03T02:19:02.156+0800: 12583526.134: [GC (CMS Initial Mark) [1 CMS-initial-mark: 4114232K(5472256K)] 4273271K(6209536K), 0.0121437 secs] [Times: user=0.06 sys=0.00, real=0.02 secs] 
2020-08-03T02:19:02.168+0800: 12583526.146: [CMS-concurrent-mark-start]
2020-08-03T02:19:04.942+0800: 12583528.920: [CMS-concurrent-mark: 2.773/2.773 secs] [Times: user=6.17 sys=1.24, real=2.77 secs] 
2020-08-03T02:19:04.942+0800: 12583528.920: [CMS-concurrent-preclean-start]
2020-08-03T02:19:04.950+0800: 12583528.928: [CMS-concurrent-preclean: 0.008/0.008 secs] [Times: user=0.01 sys=0.00, real=0.01 secs] 
2020-08-03T02:19:04.950+0800: 12583528.928: [CMS-concurrent-abortable-preclean-start]
 CMS: abort preclean due to time 2020-08-03T02:19:09.952+0800: 12583533.930: [CMS-concurrent-abortable-preclean: 3.893/5.002 secs] [Times: user=4.63 sys=1.39, real=5.00 secs] 
2020-08-03T02:19:09.954+0800: 12583533.932: [GC (CMS Final Remark) [YG occupancy: 355830 K (737280 K)]2020-08-03T02:19:09.954+0800: 12583533.932: [Rescan (parallel) , 0.0243391 secs]2020-08-03T02:19:09.978+0800: 12583533.956: [weak refs processing, 0.0000577 secs]2020-08-03T02:19:09.978+0800: 12583533.956: [class unloading, 0.0171373 secs]2020-08-03T02:19:09.996+0800: 12583533.973: [scrub symbol table, 0.0062292 secs]2020-08-03T02:19:10.002+0800: 12583533.980: [scrub string table, 0.0008615 secs][1 CMS-remark: 4114232K(5472256K)] 4470063K(6209536K), 0.0487827 secs] [Times: user=0.19 sys=0.00, real=0.05 secs] 
2020-08-03T02:19:10.003+0800: 12583533.981: [CMS-concurrent-sweep-start]
2020-08-03T02:19:11.577+0800: 12583535.555: [CMS-concurrent-sweep: 1.574/1.574 secs] [Times: user=1.89 sys=0.53, real=1.57 secs] 
2020-08-03T02:19:11.577+0800: 12583535.555: [CMS-concurrent-reset-start]
2020-08-03T02:19:11.596+0800: 12583535.574: [CMS-concurrent-reset: 0.019/0.019 secs] [Times: user=0.03 sys=0.01, real=0.02 secs] 
2020-08-03T02:19:13.597+0800: 12583537.575: [GC (CMS Initial Mark) [1 CMS-initial-mark: 4112459K(5472256K)] 4547663K(6209536K), 0.0446056 secs] [Times: user=0.17 sys=0.01, real=0.05 secs] 
2020-08-03T02:19:13.642+0800: 12583537.620: [CMS-concurrent-mark-start]
2020-08-03T02:19:16.288+0800: 12583540.266: [CMS-concurrent-mark: 2.646/2.646 secs] [Times: user=5.89 sys=1.30, real=2.65 secs] 
2020-08-03T02:19:16.288+0800: 12583540.266: [CMS-concurrent-preclean-start]
2020-08-03T02:19:16.296+0800: 12583540.274: [CMS-concurrent-preclean: 0.008/0.008 secs] [Times: user=0.01 sys=0.00, real=0.00 secs] 
2020-08-03T02:19:16.296+0800: 12583540.274: [CMS-concurrent-abortable-preclean-start]
 CMS: abort preclean due to time 2020-08-03T02:19:21.463+0800: 12583545.441: [CMS-concurrent-abortable-preclean: 3.864/5.167 secs] [Times: user=4.18 sys=1.15, real=5.17 secs] 
2020-08-03T02:19:21.465+0800: 12583545.443: [GC (CMS Final Remark) [YG occupancy: 580229 K (737280 K)]2020-08-03T02:19:21.465+0800: 12583545.443: [Rescan (parallel) , 0.0367093 secs]2020-08-03T02:19:21.502+0800: 12583545.480: [weak refs processing, 0.0000484 secs]2020-08-03T02:19:21.502+0800: 12583545.480: [class unloading, 0.0175573 secs]2020-08-03T02:19:21.519+0800: 12583545.497: [scrub symbol table, 0.0061280 secs]2020-08-03T02:19:21.525+0800: 12583545.503: [scrub string table, 0.0009958 secs][1 CMS-remark: 4112459K(5472256K)] 4692689K(6209536K), 0.0616239 secs] [Times: user=0.30 sys=0.00, real=0.07 secs] 
2020-08-03T02:19:21.527+0800: 12583545.505: [CMS-concurrent-sweep-start]
2020-08-03T02:19:22.993+0800: 12583546.971: [CMS-concurrent-sweep: 1.466/1.466 secs] [Times: user=1.60 sys=0.03, real=1.46 secs] 
2020-08-03T02:19:22.993+0800: 12583546.971: [CMS-concurrent-reset-start]
2020-08-03T02:19:23.012+0800: 12583546.990: [CMS-concurrent-reset: 0.019/0.019 secs] [Times: user=0.03 sys=0.00, real=0.02 secs] 
2020-08-03T02:19:25.013+0800: 12583548.991: [GC (CMS Initial Mark) [1 CMS-initial-mark: 4112257K(5472256K)] 4751406K(6209536K), 0.0412277 secs] [Times: user=0.24 sys=0.00, real=0.04 secs] 
2020-08-03T02:19:25.055+0800: 12583549.032: [CMS-concurrent-mark-start]
2020-08-03T02:19:27.624+0800: 12583551.601: [CMS-concurrent-mark: 2.569/2.569 secs] [Times: user=5.51 sys=0.35, real=2.57 secs] 
2020-08-03T02:19:27.624+0800: 12583551.602: [CMS-concurrent-preclean-start]
2020-08-03T02:19:27.632+0800: 12583551.610: [CMS-concurrent-preclean: 0.008/0.008 secs] [Times: user=0.01 sys=0.01, real=0.01 secs] 
2020-08-03T02:19:27.632+0800: 12583551.610: [CMS-concurrent-abortable-preclean-start]
2020-08-03T02:19:30.402+0800: 12583554.380: [GC (Allocation Failure) 2020-08-03T02:19:30.402+0800: 12583554.380: [ParNew2020-08-03T02:19:30.461+0800: 12583554.439: [CMS-concurrent-abortable-preclean: 2.145/2.829 secs] [Times: user=2.84 sys=0.81, real=2.83 secs] 
: 737280K->81919K(737280K), 0.0902720 secs] 4849537K->4219276K(6209536K), 0.0904520 secs] [Times: user=0.46 sys=0.00, real=0.09 secs] 
2020-08-03T02:19:30.494+0800: 12583554.472: [GC (CMS Final Remark) [YG occupancy: 88933 K (737280 K)]2020-08-03T02:19:30.494+0800: 12583554.472: [Rescan (parallel) , 0.0170693 secs]2020-08-03T02:19:30.511+0800: 12583554.489: [weak refs processing, 0.0000586 secs]2020-08-03T02:19:30.511+0800: 12583554.489: [class unloading, 0.0178507 secs]2020-08-03T02:19:30.529+0800: 12583554.507: [scrub symbol table, 0.0062012 secs]2020-08-03T02:19:30.535+0800: 12583554.513: [scrub string table, 0.0008501 secs][1 CMS-remark: 4137356K(5472256K)] 4226290K(6209536K), 0.0421775 secs] [Times: user=0.13 sys=0.00, real=0.04 secs] 
2020-08-03T02:19:30.537+0800: 12583554.514: [CMS-concurrent-sweep-start]
2020-08-03T02:19:32.177+0800: 12583556.155: [CMS-concurrent-sweep: 1.637/1.640 secs] [Times: user=1.95 sys=0.82, real=1.64 secs] 
2020-08-03T02:19:32.177+0800: 12583556.155: [CMS-concurrent-reset-start]
2020-08-03T02:19:32.214+0800: 12583556.192: [CMS-concurrent-reset: 0.037/0.037 secs] [Times: user=0.03 sys=0.05, real=0.04 secs] 
2020-08-03T02:19:34.219+0800: 12583558.196: [GC (CMS Initial Mark) [1 CMS-initial-mark: 4137355K(5472256K)] 4335402K(6209536K), 0.0154718 secs] [Times: user=0.08 sys=0.00, real=0.01 secs] 
2020-08-03T02:19:34.234+0800: 12583558.212: [CMS-concurrent-mark-start]
2020-08-03T02:19:37.120+0800: 12583561.098: [CMS-concurrent-mark: 2.886/2.886 secs] [Times: user=6.40 sys=1.26, real=2.89 secs] 
2020-08-03T02:19:37.120+0800: 12583561.098: [CMS-concurrent-preclean-start]
2020-08-03T02:19:37.128+0800: 12583561.106: [CMS-concurrent-preclean: 0.008/0.008 secs] [Times: user=0.01 sys=0.00, real=0.01 secs] 
2020-08-03T02:19:37.128+0800: 12583561.106: [CMS-concurrent-abortable-preclean-start]
 CMS: abort preclean due to time 2020-08-03T02:19:42.352+0800: 12583566.330: [CMS-concurrent-abortable-preclean: 3.820/5.224 secs] [Times: user=4.34 sys=0.81, real=5.22 secs] 
2020-08-03T02:19:42.354+0800: 12583566.332: [GC (CMS Final Remark) [YG occupancy: 323423 K (737280 K)]2020-08-03T02:19:42.354+0800: 12583566.332: [Rescan (parallel) , 0.0236271 secs]2020-08-03T02:19:42.378+0800: 12583566.356: [weak refs processing, 0.0000413 secs]2020-08-03T02:19:42.378+0800: 12583566.356: [class unloading, 0.0175306 secs]2020-08-03T02:19:42.395+0800: 12583566.373: [scrub symbol table, 0.0078831 secs]2020-08-03T02:19:42.403+0800: 12583566.381: [scrub string table, 0.0008590 secs][1 CMS-remark: 4137355K(5472256K)] 4460779K(6209536K), 0.0501333 secs] [Times: user=0.19 sys=0.00, real=0.05 secs] 
2020-08-03T02:19:42.404+0800: 12583566.382: [CMS-concurrent-sweep-start]
2020-08-03T02:19:43.972+0800: 12583567.950: [CMS-concurrent-sweep: 1.568/1.568 secs] [Times: user=1.89 sys=0.67, real=1.57 secs] 
2020-08-03T02:19:43.972+0800: 12583567.950: [CMS-concurrent-reset-start]
2020-08-03T02:19:43.992+0800: 12583567.970: [CMS-concurrent-reset: 0.020/0.020 secs] [Times: user=0.03 sys=0.01, real=0.02 secs] 
2020-08-03T02:19:45.993+0800: 12583569.971: [GC (CMS Initial Mark) [1 CMS-initial-mark: 4136207K(5472256K)] 4514280K(6209536K), 0.0244979 secs] [Times: user=0.16 sys=0.00, real=0.02 secs] 
2020-08-03T02:19:46.018+0800: 12583569.995: [CMS-concurrent-mark-start]
2020-08-03T02:19:48.860+0800: 12583572.838: [CMS-concurrent-mark: 2.840/2.842 secs] [Times: user=6.38 sys=1.19, real=2.85 secs] 
2020-08-03T02:19:48.860+0800: 12583572.838: [CMS-concurrent-preclean-start]
2020-08-03T02:19:48.868+0800: 12583572.846: [CMS-concurrent-preclean: 0.008/0.008 secs] [Times: user=0.01 sys=0.00, real=0.01 secs] 
2020-08-03T02:19:48.868+0800: 12583572.846: [CMS-concurrent-abortable-preclean-start]
 CMS: abort preclean due to time 2020-08-03T02:19:54.029+0800: 12583578.007: [CMS-concurrent-abortable-preclean: 4.359/5.161 secs] [Times: user=5.30 sys=2.71, real=5.16 secs] 
2020-08-03T02:19:54.031+0800: 12583578.008: [GC (CMS Final Remark) [YG occupancy: 553951 K (737280 K)]2020-08-03T02:19:54.031+0800: 12583578.009: [Rescan (parallel) , 0.0409130 secs]2020-08-03T02:19:54.072+0800: 12583578.049: [weak refs processing, 0.0000355 secs]2020-08-03T02:19:54.072+0800: 12583578.049: [class unloading, 0.0171768 secs]2020-08-03T02:19:54.089+0800: 12583578.067: [scrub symbol table, 0.0062099 secs]2020-08-03T02:19:54.095+0800: 12583578.073: [scrub string table, 0.0008724 secs][1 CMS-remark: 4136207K(5472256K)] 4690158K(6209536K), 0.0653711 secs] [Times: user=0.31 sys=0.00, real=0.06 secs] 
2020-08-03T02:19:54.096+0800: 12583578.074: [CMS-concurrent-sweep-start]
2020-08-03T02:19:55.685+0800: 12583579.663: [CMS-concurrent-sweep: 1.589/1.589 secs] [Times: user=1.77 sys=0.47, real=1.59 secs] 
2020-08-03T02:19:55.685+0800: 12583579.663: [CMS-concurrent-reset-start]
2020-08-03T02:19:55.703+0800: 12583579.681: [CMS-concurrent-reset: 0.018/0.018 secs] [Times: user=0.02 sys=0.00, real=0.02 secs] 
2020-08-03T02:19:57.704+0800: 12583581.682: [GC (CMS Initial Mark) [1 CMS-initial-mark: 4136013K(5472256K)] 4739229K(6209536K), 0.0402606 secs] [Times: user=0.27 sys=0.00, real=0.04 secs] 
2020-08-03T02:19:57.745+0800: 12583581.723: [CMS-concurrent-mark-start]
2020-08-03T02:20:00.543+0800: 12583584.521: [CMS-concurrent-mark: 2.798/2.798 secs] [Times: user=5.68 sys=1.09, real=2.80 secs] 
2020-08-03T02:20:00.543+0800: 12583584.521: [CMS-concurrent-preclean-start]
2020-08-03T02:20:00.551+0800: 12583584.529: [CMS-concurrent-preclean: 0.008/0.009 secs] [Times: user=0.01 sys=0.01, real=0.01 secs] 
2020-08-03T02:20:00.551+0800: 12583584.529: [CMS-concurrent-abortable-preclean-start]
 CMS: abort preclean due to time 2020-08-03T02:20:05.673+0800: 12583589.650: [CMS-concurrent-abortable-preclean: 4.420/5.121 secs] [Times: user=5.08 sys=1.75, real=5.12 secs] 
2020-08-03T02:20:05.674+0800: 12583589.652: [GC (CMS Final Remark) [YG occupancy: 722022 K (737280 K)]2020-08-03T02:20:05.674+0800: 12583589.652: [Rescan (parallel) , 0.0480484 secs]2020-08-03T02:20:05.722+0800: 12583589.700: [weak refs processing, 0.0000364 secs]2020-08-03T02:20:05.722+0800: 12583589.700: [class unloading, 0.0171927 secs]2020-08-03T02:20:05.740+0800: 12583589.717: [scrub symbol table, 0.0063807 secs]2020-08-03T02:20:05.746+0800: 12583589.724: [scrub string table, 0.0009121 secs][1 CMS-remark: 4136013K(5472256K)] 4858035K(6209536K), 0.0727298 secs] [Times: user=0.39 sys=0.00, real=0.08 secs] 
2020-08-03T02:20:05.747+0800: 12583589.725: [CMS-concurrent-sweep-start]
2020-08-03T02:20:06.587+0800: 12583590.565: [GC (Allocation Failure) 2020-08-03T02:20:06.587+0800: 12583590.565: [ParNew: 737279K->66580K(737280K), 0.0658387 secs] 4873275K->4226343K(6209536K), 0.0660154 secs] [Times: user=0.43 sys=0.00, real=0.06 secs] 
2020-08-03T02:20:07.336+0800: 12583591.314: [CMS-concurrent-sweep: 1.521/1.589 secs] [Times: user=2.11 sys=0.03, real=1.58 secs] 
2020-08-03T02:20:07.336+0800: 12583591.314: [CMS-concurrent-reset-start]
2020-08-03T02:20:07.355+0800: 12583591.332: [CMS-concurrent-reset: 0.018/0.018 secs] [Times: user=0.02 sys=0.00, real=0.02 secs] 
2020-08-03T02:20:09.357+0800: 12583593.335: [GC (CMS Initial Mark) [1 CMS-initial-mark: 4159763K(5472256K)] 4256025K(6209536K), 0.0072968 secs] [Times: user=0.04 sys=0.00, real=0.01 secs] 
2020-08-03T02:20:09.364+0800: 12583593.342: [CMS-concurrent-mark-start]
2020-08-03T02:20:11.905+0800: 12583595.883: [CMS-concurrent-mark: 2.541/2.541 secs] [Times: user=5.35 sys=0.19, real=2.54 secs] 
2020-08-03T02:20:11.906+0800: 12583595.883: [CMS-concurrent-preclean-start]
2020-08-03T02:20:11.913+0800: 12583595.891: [CMS-concurrent-preclean: 0.008/0.008 secs] [Times: user=0.01 sys=0.00, real=0.01 secs] 
2020-08-03T02:20:11.913+0800: 12583595.891: [CMS-concurrent-abortable-preclean-start]
 CMS: abort preclean due to time 2020-08-03T02:20:16.948+0800: 12583600.926: [CMS-concurrent-abortable-preclean: 4.030/5.034 secs] [Times: user=4.44 sys=0.65, real=5.04 secs] 
2020-08-03T02:20:16.950+0800: 12583600.927: [GC (CMS Final Remark) [YG occupancy: 168595 K (737280 K)]2020-08-03T02:20:16.950+0800: 12583600.928: [Rescan (parallel) , 0.0128987 secs]2020-08-03T02:20:16.963+0800: 12583600.940: [weak refs processing, 0.0000548 secs]2020-08-03T02:20:16.963+0800: 12583600.941: [class unloading, 0.0178062 secs]2020-08-03T02:20:16.981+0800: 12583600.958: [scrub symbol table, 0.0069629 secs]2020-08-03T02:20:16.988+0800: 12583600.965: [scrub string table, 0.0009465 secs][1 CMS-remark: 4159763K(5472256K)] 4328358K(6209536K), 0.0388903 secs] [Times: user=0.12 sys=0.00, real=0.04 secs] 
2020-08-03T02:20:16.989+0800: 12583600.967: [CMS-concurrent-sweep-start]
2020-08-03T02:20:18.702+0800: 12583602.680: [CMS-concurrent-sweep: 1.713/1.713 secs] [Times: user=2.28 sys=1.91, real=1.71 secs] 
2020-08-03T02:20:18.702+0800: 12583602.680: [CMS-concurrent-reset-start]
2020-08-03T02:20:18.721+0800: 12583602.699: [CMS-concurrent-reset: 0.019/0.019 secs] [Times: user=0.02 sys=0.00, real=0.02 secs] 
2020-08-03T02:20:20.722+0800: 12583604.700: [GC (CMS Initial Mark) [1 CMS-initial-mark: 4159060K(5472256K)] 4410833K(6209536K), 0.0169754 secs] [Times: user=0.11 sys=0.00, real=0.02 secs] 
2020-08-03T02:20:20.739+0800: 12583604.717: [CMS-concurrent-mark-start]
2020-08-03T02:20:23.171+0800: 12583607.149: [CMS-concurrent-mark: 2.432/2.432 secs] [Times: user=5.01 sys=0.00, real=2.43 secs] 
2020-08-03T02:20:23.171+0800: 12583607.149: [CMS-concurrent-preclean-start]
2020-08-03T02:20:23.182+0800: 12583607.160: [CMS-concurrent-preclean: 0.011/0.011 secs] [Times: user=0.01 sys=0.00, real=0.01 secs] 
2020-08-03T02:20:23.182+0800: 12583607.160: [CMS-concurrent-abortable-preclean-start]
 CMS: abort preclean due to time 2020-08-03T02:20:28.381+0800: 12583612.359: [CMS-concurrent-abortable-preclean: 3.697/5.198 secs] [Times: user=4.42 sys=1.36, real=5.20 secs] 
2020-08-03T02:20:28.383+0800: 12583612.361: [GC (CMS Final Remark) [YG occupancy: 363315 K (737280 K)]2020-08-03T02:20:28.383+0800: 12583612.361: [Rescan (parallel) , 0.0220891 secs]2020-08-03T02:20:28.405+0800: 12583612.383: [weak refs processing, 0.0000376 secs]2020-08-03T02:20:28.405+0800: 12583612.383: [class unloading, 0.0172354 secs]2020-08-03T02:20:28.422+0800: 12583612.400: [scrub symbol table, 0.0065117 secs]2020-08-03T02:20:28.429+0800: 12583612.407: [scrub string table, 0.0008284 secs][1 CMS-remark: 4159060K(5472256K)] 4522375K(6209536K), 0.0468823 secs] [Times: user=0.19 sys=0.00, real=0.05 secs] 
2020-08-03T02:20:28.430+0800: 12583612.408: [CMS-concurrent-sweep-start]
2020-08-03T02:20:30.245+0800: 12583614.223: [CMS-concurrent-sweep: 1.812/1.815 secs] [Times: user=1.91 sys=0.76, real=1.81 secs] 
2020-08-03T02:20:30.245+0800: 12583614.223: [CMS-concurrent-reset-start]
2020-08-03T02:20:30.263+0800: 12583614.241: [CMS-concurrent-reset: 0.018/0.018 secs] [Times: user=0.02 sys=0.00, real=0.02 secs] 
2020-08-03T02:20:32.264+0800: 12583616.242: [GC (CMS Initial Mark) [1 CMS-initial-mark: 4159055K(5472256K)] 4601918K(6209536K), 0.0232682 secs] [Times: user=0.17 sys=0.00, real=0.03 secs] 
2020-08-03T02:20:32.287+0800: 12583616.265: [CMS-concurrent-mark-start]
2020-08-03T02:20:35.383+0800: 12583619.361: [CMS-concurrent-mark: 3.061/3.095 secs] [Times: user=6.66 sys=1.42, real=3.09 secs] 
2020-08-03T02:20:35.383+0800: 12583619.361: [CMS-concurrent-preclean-start]
2020-08-03T02:20:35.391+0800: 12583619.368: [CMS-concurrent-preclean: 0.008/0.008 secs] [Times: user=0.01 sys=0.00, real=0.01 secs] 
2020-08-03T02:20:35.391+0800: 12583619.368: [CMS-concurrent-abortable-preclean-start]
 CMS: abort preclean due to time 2020-08-03T02:20:40.714+0800: 12583624.691: [CMS-concurrent-abortable-preclean: 3.822/5.323 secs] [Times: user=4.29 sys=0.74, real=5.32 secs] 
2020-08-03T02:20:40.715+0800: 12583624.693: [GC (CMS Final Remark) [YG occupancy: 606625 K (737280 K)]2020-08-03T02:20:40.715+0800: 12583624.693: [Rescan (parallel) , 0.0397314 secs]2020-08-03T02:20:40.755+0800: 12583624.733: [weak refs processing, 0.0000363 secs]2020-08-03T02:20:40.755+0800: 12583624.733: [class unloading, 0.0175065 secs]2020-08-03T02:20:40.773+0800: 12583624.750: [scrub symbol table, 0.0063851 secs]2020-08-03T02:20:40.779+0800: 12583624.757: [scrub string table, 0.0009188 secs][1 CMS-remark: 4159055K(5472256K)] 4765680K(6209536K), 0.0647633 secs] [Times: user=0.29 sys=0.00, real=0.07 secs] 
2020-08-03T02:20:40.780+0800: 12583624.758: [CMS-concurrent-sweep-start]
2020-08-03T02:20:42.384+0800: 12583626.362: [CMS-concurrent-sweep: 1.602/1.603 secs] [Times: user=1.90 sys=0.60, real=1.60 secs] 
2020-08-03T02:20:42.384+0800: 12583626.362: [CMS-concurrent-reset-start]
2020-08-03T02:20:42.403+0800: 12583626.381: [CMS-concurrent-reset: 0.019/0.019 secs] [Times: user=0.02 sys=0.00, real=0.02 secs] 
2020-08-03T02:20:44.403+0800: 12583628.381: [GC (CMS Initial Mark) [1 CMS-initial-mark: 4159049K(5472256K)] 4849816K(6209536K), 0.0349273 secs] [Times: user=0.26 sys=0.00, real=0.03 secs] 
2020-08-03T02:20:44.438+0800: 12583628.416: [CMS-concurrent-mark-start]
2020-08-03T02:20:45.528+0800: 12583629.505: [GC (Allocation Failure) 2020-08-03T02:20:45.528+0800: 12583629.505: [ParNew: 721940K->58961K(737280K), 0.0691420 secs] 4880989K->4243550K(6209536K), 0.0693151 secs] [Times: user=0.44 sys=0.00, real=0.06 secs] 
2020-08-03T02:20:47.159+0800: 12583631.136: [CMS-concurrent-mark: 2.640/2.720 secs] [Times: user=6.19 sys=0.84, real=2.73 secs] 
2020-08-03T02:20:47.159+0800: 12583631.136: [CMS-concurrent-preclean-start]
2020-08-03T02:20:47.183+0800: 12583631.161: [CMS-concurrent-preclean: 0.024/0.024 secs] [Times: user=0.03 sys=0.00, real=0.02 secs] 
2020-08-03T02:20:47.183+0800: 12583631.161: [CMS-concurrent-abortable-preclean-start]
 CMS: abort preclean due to time 2020-08-03T02:20:52.337+0800: 12583636.314: [CMS-concurrent-abortable-preclean: 3.452/5.154 secs] [Times: user=4.15 sys=1.77, real=5.15 secs] 
2020-08-03T02:20:52.338+0800: 12583636.316: [GC (CMS Final Remark) [YG occupancy: 245871 K (737280 K)]2020-08-03T02:20:52.338+0800: 12583636.316: [Rescan (parallel) , 0.0178150 secs]2020-08-03T02:20:52.356+0800: 12583636.334: [weak refs processing, 0.0000397 secs]2020-08-03T02:20:52.356+0800: 12583636.334: [class unloading, 0.0179037 secs]2020-08-03T02:20:52.374+0800: 12583636.352: [scrub symbol table, 0.0061668 secs]2020-08-03T02:20:52.380+0800: 12583636.358: [scrub string table, 0.0008392 secs][1 CMS-remark: 4184589K(5472256K)] 4430461K(6209536K), 0.0429410 secs] [Times: user=0.15 sys=0.00, real=0.05 secs] 
2020-08-03T02:20:52.381+0800: 12583636.359: [CMS-concurrent-sweep-start]
2020-08-03T02:20:53.975+0800: 12583637.953: [CMS-concurrent-sweep: 1.594/1.594 secs] [Times: user=1.68 sys=0.04, real=1.59 secs] 
2020-08-03T02:20:53.975+0800: 12583637.953: [CMS-concurrent-reset-start]
2020-08-03T02:20:53.994+0800: 12583637.971: [CMS-concurrent-reset: 0.018/0.018 secs] [Times: user=0.02 sys=0.01, real=0.02 secs] 
2020-08-03T02:20:55.994+0800: 12583639.972: [GC (CMS Initial Mark) [1 CMS-initial-mark: 4184588K(5472256K)] 4513868K(6209536K), 0.0165499 secs] [Times: user=0.12 sys=0.00, real=0.02 secs] 
2020-08-03T02:20:56.011+0800: 12583639.989: [CMS-concurrent-mark-start]
2020-08-03T02:20:58.495+0800: 12583642.473: [CMS-concurrent-mark: 2.484/2.484 secs] [Times: user=5.26 sys=0.06, real=2.48 secs] 
2020-08-03T02:20:58.495+0800: 12583642.473: [CMS-concurrent-preclean-start]
2020-08-03T02:20:58.503+0800: 12583642.481: [CMS-concurrent-preclean: 0.009/0.009 secs] [Times: user=0.01 sys=0.00, real=0.01 secs] 
2020-08-03T02:20:58.503+0800: 12583642.481: [CMS-concurrent-abortable-preclean-start]
 CMS: abort preclean due to time 2020-08-03T02:21:04.767+0800: 12583648.745: [CMS-concurrent-abortable-preclean: 5.063/6.264 secs] [Times: user=2.97 sys=0.75, real=6.27 secs] 
2020-08-03T02:21:04.769+0800: 12583648.747: [GC (CMS Final Remark) [YG occupancy: 427023 K (737280 K)]2020-08-03T02:21:04.769+0800: 12583648.747: [Rescan (parallel) , 0.0252924 secs]2020-08-03T02:21:04.794+0800: 12583648.772: [weak refs processing, 0.0000542 secs]2020-08-03T02:21:04.794+0800: 12583648.772: [class unloading, 0.0175142 secs]2020-08-03T02:21:04.812+0800: 12583648.790: [scrub symbol table, 0.0062225 secs]2020-08-03T02:21:04.818+0800: 12583648.796: [scrub string table, 0.0008703 secs][1 CMS-remark: 4184588K(5472256K)] 4611611K(6209536K), 0.0501235 secs] [Times: user=0.21 sys=0.00, real=0.05 secs] 
2020-08-03T02:21:04.819+0800: 12583648.797: [CMS-concurrent-sweep-start]
2020-08-03T02:21:06.624+0800: 12583650.602: [CMS-concurrent-sweep: 1.805/1.805 secs] [Times: user=2.48 sys=2.47, real=1.80 secs] 
2020-08-03T02:21:06.624+0800: 12583650.602: [CMS-concurrent-reset-start]
2020-08-03T02:21:06.644+0800: 12583650.622: [CMS-concurrent-reset: 0.019/0.019 secs] [Times: user=0.04 sys=0.03, real=0.02 secs] 
2020-08-03T02:21:08.645+0800: 12583652.622: [GC (CMS Initial Mark) [1 CMS-initial-mark: 4184215K(5472256K)] 4719043K(6209536K), 0.0321413 secs] [Times: user=0.20 sys=0.00, real=0.03 secs] 
2020-08-03T02:21:08.677+0800: 12583652.655: [CMS-concurrent-mark-start]
2020-08-03T02:21:12.513+0800: 12583656.491: [CMS-concurrent-mark: 3.835/3.836 secs] [Times: user=8.16 sys=0.18, real=3.84 secs] 
2020-08-03T02:21:12.513+0800: 12583656.491: [CMS-concurrent-preclean-start]
2020-08-03T02:21:12.522+0800: 12583656.500: [CMS-concurrent-preclean: 0.008/0.008 secs] [Times: user=0.00 sys=0.00, real=0.01 secs] 
2020-08-03T02:21:12.522+0800: 12583656.500: [CMS-concurrent-abortable-preclean-start]
 CMS: abort preclean due to time 2020-08-03T02:21:17.608+0800: 12583661.586: [CMS-concurrent-abortable-preclean: 3.385/5.086 secs] [Times: user=3.84 sys=0.88, real=5.09 secs] 
2020-08-03T02:21:17.610+0800: 12583661.588: [GC (CMS Final Remark) [YG occupancy: 650912 K (737280 K)]2020-08-03T02:21:17.610+0800: 12583661.588: [Rescan (parallel) , 0.0374536 secs]2020-08-03T02:21:17.647+0800: 12583661.625: [weak refs processing, 0.0000344 secs]2020-08-03T02:21:17.648+0800: 12583661.625: [class unloading, 0.0166885 secs]2020-08-03T02:21:17.664+0800: 12583661.642: [scrub symbol table, 0.0060565 secs]2020-08-03T02:21:17.670+0800: 12583661.648: [scrub string table, 0.0008399 secs][1 CMS-remark: 4184215K(5472256K)] 4835128K(6209536K), 0.0612312 secs] [Times: user=0.32 sys=0.00, real=0.06 secs] 
2020-08-03T02:21:17.671+0800: 12583661.649: [CMS-concurrent-sweep-start]
2020-08-03T02:21:19.225+0800: 12583663.202: [CMS-concurrent-sweep: 1.553/1.553 secs] [Times: user=1.71 sys=0.26, real=1.55 secs] 
2020-08-03T02:21:19.225+0800: 12583663.203: [CMS-concurrent-reset-start]
2020-08-03T02:21:19.243+0800: 12583663.221: [CMS-concurrent-reset: 0.018/0.018 secs] [Times: user=0.02 sys=0.00, real=0.02 secs] 
2020-08-03T02:21:21.143+0800: 12583665.120: [GC (Allocation Failure) 2020-08-03T02:21:21.143+0800: 12583665.120: [ParNew: 714321K->60850K(737280K), 0.0647629 secs] 4898404K->4267317K(6209536K), 0.0649637 secs] [Times: user=0.40 sys=0.00, real=0.07 secs] 
2020-08-03T02:21:21.209+0800: 12583665.187: [GC (CMS Initial Mark) [1 CMS-initial-mark: 4206466K(5472256K)] 4268681K(6209536K), 0.0060517 secs] [Times: user=0.03 sys=0.00, real=0.00 secs] 
2020-08-03T02:21:21.215+0800: 12583665.193: [CMS-concurrent-mark-start]
2020-08-03T02:21:24.036+0800: 12583668.014: [CMS-concurrent-mark: 2.821/2.821 secs] [Times: user=6.26 sys=1.08, real=2.82 secs] 
2020-08-03T02:21:24.036+0800: 12583668.014: [CMS-concurrent-preclean-start]
2020-08-03T02:21:24.044+0800: 12583668.021: [CMS-concurrent-preclean: 0.007/0.007 secs] [Times: user=0.01 sys=0.00, real=0.01 secs] 
2020-08-03T02:21:24.044+0800: 12583668.021: [CMS-concurrent-abortable-preclean-start]
 CMS: abort preclean due to time 2020-08-03T02:21:29.196+0800: 12583673.174: [CMS-concurrent-abortable-preclean: 3.438/5.153 secs] [Times: user=4.04 sys=0.58, real=5.15 secs] 
2020-08-03T02:21:29.198+0800: 12583673.176: [GC (CMS Final Remark) [YG occupancy: 211751 K (737280 K)]2020-08-03T02:21:29.198+0800: 12583673.176: [Rescan (parallel) , 0.0150177 secs]2020-08-03T02:21:29.213+0800: 12583673.191: [weak refs processing, 0.0000586 secs]2020-08-03T02:21:29.214+0800: 12583673.191: [class unloading, 0.0177114 secs]2020-08-03T02:21:29.231+0800: 12583673.209: [scrub symbol table, 0.0062693 secs]2020-08-03T02:21:29.238+0800: 12583673.215: [scrub string table, 0.0008527 secs][1 CMS-remark: 4206466K(5472256K)] 4418218K(6209536K), 0.0400663 secs] [Times: user=0.14 sys=0.01, real=0.05 secs] 
2020-08-03T02:21:29.239+0800: 12583673.217: [CMS-concurrent-sweep-start]
2020-08-03T02:21:30.781+0800: 12583674.758: [CMS-concurrent-sweep: 1.542/1.542 secs] [Times: user=1.76 sys=0.19, real=1.54 secs] 
2020-08-03T02:21:30.781+0800: 12583674.758: [CMS-concurrent-reset-start]
2020-08-03T02:21:30.800+0800: 12583674.777: [CMS-concurrent-reset: 0.019/0.019 secs] [Times: user=0.02 sys=0.00, real=0.02 secs] 
2020-08-03T02:21:32.800+0800: 12583676.778: [GC (CMS Initial Mark) [1 CMS-initial-mark: 4206203K(5472256K)] 4516117K(6209536K), 0.0186216 secs] [Times: user=0.13 sys=0.00, real=0.02 secs] 
2020-08-03T02:21:32.819+0800: 12583676.797: [CMS-concurrent-mark-start]
2020-08-03T02:21:35.587+0800: 12583679.565: [CMS-concurrent-mark: 2.766/2.768 secs] [Times: user=6.12 sys=1.04, real=2.77 secs] 
2020-08-03T02:21:35.587+0800: 12583679.565: [CMS-concurrent-preclean-start]
2020-08-03T02:21:35.595+0800: 12583679.573: [CMS-concurrent-preclean: 0.008/0.008 secs] [Times: user=0.00 sys=0.00, real=0.00 secs] 
2020-08-03T02:21:35.595+0800: 12583679.573: [CMS-concurrent-abortable-preclean-start]
 CMS: abort preclean due to time 2020-08-03T02:21:40.859+0800: 12583684.837: [CMS-concurrent-abortable-preclean: 3.661/5.264 secs] [Times: user=4.12 sys=1.36, real=5.27 secs] 
2020-08-03T02:21:40.860+0800: 12583684.838: [GC (CMS Final Remark) [YG occupancy: 452152 K (737280 K)]2020-08-03T02:21:40.861+0800: 12583684.838: [Rescan (parallel) , 0.0288937 secs]2020-08-03T02:21:40.889+0800: 12583684.867: [weak refs processing, 0.0000360 secs]2020-08-03T02:21:40.890+0800: 12583684.867: [class unloading, 0.0228917 secs]2020-08-03T02:21:40.912+0800: 12583684.890: [scrub symbol table, 0.0083916 secs]2020-08-03T02:21:40.921+0800: 12583684.899: [scrub string table, 0.0012127 secs][1 CMS-remark: 4206203K(5472256K)] 4658355K(6209536K), 0.0616214 secs] [Times: user=0.26 sys=0.00, real=0.06 secs] 
2020-08-03T02:21:40.922+0800: 12583684.900: [CMS-concurrent-sweep-start]
2020-08-03T02:21:42.548+0800: 12583686.526: [CMS-concurrent-sweep: 1.626/1.626 secs] [Times: user=1.92 sys=0.82, real=1.63 secs] 
2020-08-03T02:21:42.549+0800: 12583686.526: [CMS-concurrent-reset-start]
2020-08-03T02:21:42.567+0800: 12583686.545: [CMS-concurrent-reset: 0.019/0.019 secs] [Times: user=0.02 sys=0.00, real=0.02 secs] 
2020-08-03T02:21:44.568+0800: 12583688.546: [GC (CMS Initial Mark) [1 CMS-initial-mark: 4205741K(5472256K)] 4717725K(6209536K), 0.0344374 secs] [Times: user=0.21 sys=0.00, real=0.03 secs] 
2020-08-03T02:21:44.603+0800: 12583688.581: [CMS-concurrent-mark-start]
2020-08-03T02:21:47.455+0800: 12583691.432: [CMS-concurrent-mark: 2.852/2.852 secs] [Times: user=6.36 sys=1.41, real=2.85 secs] 
2020-08-03T02:21:47.455+0800: 12583691.433: [CMS-concurrent-preclean-start]
2020-08-03T02:21:47.466+0800: 12583691.444: [CMS-concurrent-preclean: 0.011/0.011 secs] [Times: user=0.02 sys=0.00, real=0.01 secs] 
2020-08-03T02:21:47.466+0800: 12583691.444: [CMS-concurrent-abortable-preclean-start]
2020-08-03T02:21:49.955+0800: 12583693.933: [GC (Allocation Failure) 2020-08-03T02:21:49.955+0800: 12583693.933: [ParNew: 716210K->77966K(737280K), 0.0863708 secs] 4921951K->4300794K(6209536K), 0.0865954 secs] [Times: user=0.46 sys=0.00, real=0.09 secs] 
 CMS: abort preclean due to time 2020-08-03T02:21:52.569+0800: 12583696.547: [CMS-concurrent-abortable-preclean: 3.708/5.103 secs] [Times: user=5.12 sys=1.68, real=5.11 secs] 
2020-08-03T02:21:52.571+0800: 12583696.549: [GC (CMS Final Remark) [YG occupancy: 155637 K (737280 K)]2020-08-03T02:21:52.571+0800: 12583696.549: [Rescan (parallel) , 0.0109149 secs]2020-08-03T02:21:52.582+0800: 12583696.560: [weak refs processing, 0.0000478 secs]2020-08-03T02:21:52.582+0800: 12583696.560: [class unloading, 0.0167544 secs]2020-08-03T02:21:52.599+0800: 12583696.577: [scrub symbol table, 0.0061654 secs]2020-08-03T02:21:52.605+0800: 12583696.583: [scrub string table, 0.0008293 secs][1 CMS-remark: 4222827K(5472256K)] 4378465K(6209536K), 0.0348535 secs] [Times: user=0.10 sys=0.01, real=0.03 secs] 
2020-08-03T02:21:52.606+0800: 12583696.584: [CMS-concurrent-sweep-start]
2020-08-03T02:21:54.240+0800: 12583698.217: [CMS-concurrent-sweep: 1.634/1.634 secs] [Times: user=1.86 sys=0.58, real=1.64 secs] 
2020-08-03T02:21:54.240+0800: 12583698.218: [CMS-concurrent-reset-start]
2020-08-03T02:21:54.258+0800: 12583698.236: [CMS-concurrent-reset: 0.019/0.019 secs] [Times: user=0.02 sys=0.00, real=0.02 secs] 
2020-08-03T02:21:56.259+0800: 12583700.237: [GC (CMS Initial Mark) [1 CMS-initial-mark: 4222825K(5472256K)] 4432058K(6209536K), 0.0136739 secs] [Times: user=0.09 sys=0.00, real=0.01 secs] 
2020-08-03T02:21:56.273+0800: 12583700.251: [CMS-concurrent-mark-start]
2020-08-03T02:21:58.851+0800: 12583702.829: [CMS-concurrent-mark: 2.577/2.578 secs] [Times: user=5.73 sys=1.13, real=2.58 secs] 
2020-08-03T02:21:58.851+0800: 12583702.829: [CMS-concurrent-preclean-start]
2020-08-03T02:21:58.859+0800: 12583702.837: [CMS-concurrent-preclean: 0.008/0.008 secs] [Times: user=0.01 sys=0.00, real=0.01 secs] 
2020-08-03T02:21:58.859+0800: 12583702.837: [CMS-concurrent-abortable-preclean-start]
 CMS: abort preclean due to time 2020-08-03T02:22:04.096+0800: 12583708.074: [CMS-concurrent-abortable-preclean: 3.798/5.237 secs] [Times: user=4.46 sys=1.02, real=5.23 secs] 
2020-08-03T02:22:04.098+0800: 12583708.076: [GC (CMS Final Remark) [YG occupancy: 344308 K (737280 K)]2020-08-03T02:22:04.098+0800: 12583708.076: [Rescan (parallel) , 0.0256266 secs]2020-08-03T02:22:04.123+0800: 12583708.101: [weak refs processing, 0.0000473 secs]2020-08-03T02:22:04.123+0800: 12583708.101: [class unloading, 0.0170531 secs]2020-08-03T02:22:04.141+0800: 12583708.118: [scrub symbol table, 0.0061434 secs]2020-08-03T02:22:04.147+0800: 12583708.125: [scrub string table, 0.0008405 secs][1 CMS-remark: 4222825K(5472256K)] 4567133K(6209536K), 0.0498875 secs] [Times: user=0.20 sys=0.00, real=0.06 secs] 
2020-08-03T02:22:04.148+0800: 12583708.126: [CMS-concurrent-sweep-start]
2020-08-03T02:22:05.835+0800: 12583709.813: [CMS-concurrent-sweep: 1.688/1.688 secs] [Times: user=2.12 sys=1.25, real=1.68 secs] 
2020-08-03T02:22:05.835+0800: 12583709.813: [CMS-concurrent-reset-start]
2020-08-03T02:22:05.855+0800: 12583709.832: [CMS-concurrent-reset: 0.019/0.019 secs] [Times: user=0.03 sys=0.03, real=0.02 secs] 
2020-08-03T02:22:07.855+0800: 12583711.833: [GC (CMS Initial Mark) [1 CMS-initial-mark: 4222338K(5472256K)] 4701912K(6209536K), 0.0284924 secs] [Times: user=0.21 sys=0.00, real=0.03 secs] 
2020-08-03T02:22:07.884+0800: 12583711.862: [CMS-concurrent-mark-start]
2020-08-03T02:22:10.362+0800: 12583714.340: [CMS-concurrent-mark: 2.478/2.478 secs] [Times: user=5.30 sys=0.06, real=2.48 secs] 
2020-08-03T02:22:10.362+0800: 12583714.340: [CMS-concurrent-preclean-start]
2020-08-03T02:22:10.370+0800: 12583714.348: [CMS-concurrent-preclean: 0.008/0.008 secs] [Times: user=0.01 sys=0.00, real=0.01 secs] 
2020-08-03T02:22:10.370+0800: 12583714.348: [CMS-concurrent-abortable-preclean-start]
 CMS: abort preclean due to time 2020-08-03T02:22:15.539+0800: 12583719.517: [CMS-concurrent-abortable-preclean: 3.767/5.168 secs] [Times: user=4.17 sys=0.28, real=5.17 secs] 
2020-08-03T02:22:15.541+0800: 12583719.518: [GC (CMS Final Remark) [YG occupancy: 594682 K (737280 K)]2020-08-03T02:22:15.541+0800: 12583719.518: [Rescan (parallel) , 0.0392545 secs]2020-08-03T02:22:15.580+0800: 12583719.558: [weak refs processing, 0.0000358 secs]2020-08-03T02:22:15.580+0800: 12583719.558: [class unloading, 0.0172347 secs]2020-08-03T02:22:15.597+0800: 12583719.575: [scrub symbol table, 0.0062430 secs]2020-08-03T02:22:15.603+0800: 12583719.581: [scrub string table, 0.0008548 secs][1 CMS-remark: 4222338K(5472256K)] 4817020K(6209536K), 0.0637954 secs] [Times: user=0.32 sys=0.00, real=0.06 secs] 
2020-08-03T02:22:15.605+0800: 12583719.582: [CMS-concurrent-sweep-start]
2020-08-03T02:22:17.175+0800: 12583721.153: [CMS-concurrent-sweep: 1.570/1.570 secs] [Times: user=1.74 sys=0.10, real=1.57 secs] 
2020-08-03T02:22:17.175+0800: 12583721.153: [CMS-concurrent-reset-start]
2020-08-03T02:22:17.193+0800: 12583721.171: [CMS-concurrent-reset: 0.018/0.018 secs] [Times: user=0.01 sys=0.00, real=0.02 secs] 
2020-08-03T02:22:19.194+0800: 12583723.172: [GC (CMS Initial Mark) [1 CMS-initial-mark: 4222333K(5472256K)] 4890413K(6209536K), 0.0415619 secs] [Times: user=0.27 sys=0.00, real=0.04 secs] 
2020-08-03T02:22:19.236+0800: 12583723.214: [CMS-concurrent-mark-start]
2020-08-03T02:22:21.712+0800: 12583725.690: [CMS-concurrent-mark: 2.477/2.477 secs] [Times: user=5.28 sys=0.08, real=2.48 secs] 
2020-08-03T02:22:21.713+0800: 12583725.690: [CMS-concurrent-preclean-start]
2020-08-03T02:22:21.722+0800: 12583725.699: [CMS-concurrent-preclean: 0.009/0.009 secs] [Times: user=0.01 sys=0.00, real=0.01 secs] 
2020-08-03T02:22:21.722+0800: 12583725.700: [CMS-concurrent-abortable-preclean-start]
2020-08-03T02:22:21.792+0800: 12583725.770: [GC (Allocation Failure) 2020-08-03T02:22:21.792+0800: 12583725.770: [ParNew: 733326K->73975K(737280K), 0.0735239 secs] 4955660K->4321269K(6209536K), 0.0737065 secs] [Times: user=0.45 sys=0.00, real=0.07 secs] 
 CMS: abort preclean due to time 2020-08-03T02:22:26.889+0800: 12583730.867: [CMS-concurrent-abortable-preclean: 3.991/5.168 secs] [Times: user=5.13 sys=0.37, real=5.17 secs] 
2020-08-03T02:22:26.891+0800: 12583730.869: [GC (CMS Final Remark) [YG occupancy: 227441 K (737280 K)]2020-08-03T02:22:26.891+0800: 12583730.869: [Rescan (parallel) , 0.0185319 secs]2020-08-03T02:22:26.909+0800: 12583730.887: [weak refs processing, 0.0000568 secs]2020-08-03T02:22:26.910+0800: 12583730.887: [class unloading, 0.0173639 secs]2020-08-03T02:22:26.927+0800: 12583730.905: [scrub symbol table, 0.0060972 secs]2020-08-03T02:22:26.933+0800: 12583730.911: [scrub string table, 0.0008442 secs][1 CMS-remark: 4247293K(5472256K)] 4474735K(6209536K), 0.0430378 secs] [Times: user=0.13 sys=0.01, real=0.04 secs] 
2020-08-03T02:22:26.934+0800: 12583730.912: [CMS-concurrent-sweep-start]
2020-08-03T02:22:28.485+0800: 12583732.463: [CMS-concurrent-sweep: 1.549/1.551 secs] [Times: user=1.81 sys=0.10, real=1.55 secs] 
2020-08-03T02:22:28.485+0800: 12583732.463: [CMS-concurrent-reset-start]
2020-08-03T02:22:28.504+0800: 12583732.481: [CMS-concurrent-reset: 0.018/0.018 secs] [Times: user=0.01 sys=0.00, real=0.02 secs] 
2020-08-03T02:22:30.505+0800: 12583734.483: [GC (CMS Initial Mark) [1 CMS-initial-mark: 4247290K(5472256K)] 4572847K(6209536K), 0.0164237 secs] [Times: user=0.11 sys=0.00, real=0.02 secs] 
2020-08-03T02:22:30.521+0800: 12583734.499: [CMS-concurrent-mark-start]
2020-08-03T02:22:32.999+0800: 12583736.977: [CMS-concurrent-mark: 2.478/2.478 secs] [Times: user=5.35 sys=0.03, real=2.48 secs] 
2020-08-03T02:22:32.999+0800: 12583736.977: [CMS-concurrent-preclean-start]
2020-08-03T02:22:33.007+0800: 12583736.985: [CMS-concurrent-preclean: 0.008/0.008 secs] [Times: user=0.01 sys=0.00, real=0.01 secs] 
2020-08-03T02:22:33.007+0800: 12583736.985: [CMS-concurrent-abortable-preclean-start]
 CMS: abort preclean due to time 2020-08-03T02:22:38.105+0800: 12583742.082: [CMS-concurrent-abortable-preclean: 4.096/5.098 secs] [Times: user=4.74 sys=0.41, real=5.09 secs] 
2020-08-03T02:22:38.106+0800: 12583742.084: [GC (CMS Final Remark) [YG occupancy: 518481 K (737280 K)]2020-08-03T02:22:38.106+0800: 12583742.084: [Rescan (parallel) , 0.0471013 secs]2020-08-03T02:22:38.154+0800: 12583742.131: [weak refs processing, 0.0000503 secs]2020-08-03T02:22:38.154+0800: 12583742.131: [class unloading, 0.0182178 secs]2020-08-03T02:22:38.172+0800: 12583742.150: [scrub symbol table, 0.0062345 secs]2020-08-03T02:22:38.178+0800: 12583742.156: [scrub string table, 0.0008500 secs][1 CMS-remark: 4247290K(5472256K)] 4765771K(6209536K), 0.0726270 secs] [Times: user=0.30 sys=0.00, real=0.08 secs] 
2020-08-03T02:22:38.179+0800: 12583742.157: [CMS-concurrent-sweep-start]
2020-08-03T02:22:39.765+0800: 12583743.743: [CMS-concurrent-sweep: 1.586/1.586 secs] [Times: user=1.73 sys=0.21, real=1.58 secs] 
2020-08-03T02:22:39.765+0800: 12583743.743: [CMS-concurrent-reset-start]
2020-08-03T02:22:39.785+0800: 12583743.763: [CMS-concurrent-reset: 0.020/0.020 secs] [Times: user=0.02 sys=0.01, real=0.02 secs] 
2020-08-03T02:22:41.786+0800: 12583745.764: [GC (CMS Initial Mark) [1 CMS-initial-mark: 4247195K(5472256K)] 4834042K(6209536K), 0.0281048 secs] [Times: user=0.21 sys=0.00, real=0.03 secs] 
2020-08-03T02:22:41.814+0800: 12583745.792: [CMS-concurrent-mark-start]
2020-08-03T02:22:44.285+0800: 12583748.263: [CMS-concurrent-mark: 2.471/2.471 secs] [Times: user=5.28 sys=0.06, real=2.47 secs] 
2020-08-03T02:22:44.285+0800: 12583748.263: [CMS-concurrent-preclean-start]
2020-08-03T02:22:44.293+0800: 12583748.271: [CMS-concurrent-preclean: 0.008/0.008 secs] [Times: user=0.01 sys=0.00, real=0.01 secs] 
2020-08-03T02:22:44.293+0800: 12583748.271: [CMS-concurrent-abortable-preclean-start]
2020-08-03T02:22:48.164+0800: 12583752.142: [GC (Allocation Failure) 2020-08-03T02:22:48.164+0800: 12583752.142: [ParNew: 729219K->70033K(737280K), 0.0766403 secs] 4976414K->4344759K(6209536K), 0.0768168 secs] [Times: user=0.50 sys=0.00, real=0.08 secs] 
 CMS: abort preclean due to time 2020-08-03T02:22:49.469+0800: 12583753.446: [CMS-concurrent-abortable-preclean: 3.895/5.176 secs] [Times: user=4.90 sys=0.29, real=5.18 secs] 
2020-08-03T02:22:49.470+0800: 12583753.448: [GC (CMS Final Remark) [YG occupancy: 105028 K (737280 K)]2020-08-03T02:22:49.470+0800: 12583753.448: [Rescan (parallel) , 0.0100511 secs]2020-08-03T02:22:49.480+0800: 12583753.458: [weak refs processing, 0.0000467 secs]2020-08-03T02:22:49.480+0800: 12583753.458: [class unloading, 0.0175441 secs]2020-08-03T02:22:49.498+0800: 12583753.476: [scrub symbol table, 0.0062434 secs]2020-08-03T02:22:49.504+0800: 12583753.482: [scrub string table, 0.0008469 secs][1 CMS-remark: 4274725K(5472256K)] 4379753K(6209536K), 0.0348879 secs] [Times: user=0.10 sys=0.00, real=0.03 secs] 
2020-08-03T02:22:49.505+0800: 12583753.483: [CMS-concurrent-sweep-start]
2020-08-03T02:22:51.104+0800: 12583755.081: [CMS-concurrent-sweep: 1.598/1.598 secs] [Times: user=1.75 sys=0.06, real=1.60 secs] 
2020-08-03T02:22:51.104+0800: 12583755.081: [CMS-concurrent-reset-start]
2020-08-03T02:22:51.122+0800: 12583755.100: [CMS-concurrent-reset: 0.019/0.019 secs] [Times: user=0.02 sys=0.00, real=0.02 secs] 
2020-08-03T02:22:53.123+0800: 12583757.101: [GC (CMS Initial Mark) [1 CMS-initial-mark: 4274720K(5472256K)] 4444364K(6209536K), 0.0121815 secs] [Times: user=0.07 sys=0.01, real=0.01 secs] 
2020-08-03T02:22:53.135+0800: 12583757.113: [CMS-concurrent-mark-start]
2020-08-03T02:22:55.643+0800: 12583759.620: [CMS-concurrent-mark: 2.507/2.507 secs] [Times: user=5.24 sys=0.01, real=2.51 secs] 
2020-08-03T02:22:55.643+0800: 12583759.620: [CMS-concurrent-preclean-start]
2020-08-03T02:22:55.651+0800: 12583759.628: [CMS-concurrent-preclean: 0.008/0.008 secs] [Times: user=0.01 sys=0.00, real=0.01 secs] 
2020-08-03T02:22:55.651+0800: 12583759.628: [CMS-concurrent-abortable-preclean-start]
 CMS: abort preclean due to time 2020-08-03T02:23:00.747+0800: 12583764.725: [CMS-concurrent-abortable-preclean: 3.695/5.096 secs] [Times: user=4.02 sys=0.21, real=5.10 secs] 
2020-08-03T02:23:00.748+0800: 12583764.726: [GC (CMS Final Remark) [YG occupancy: 285196 K (737280 K)]2020-08-03T02:23:00.748+0800: 12583764.726: [Rescan (parallel) , 0.0208704 secs]2020-08-03T02:23:00.769+0800: 12583764.747: [weak refs processing, 0.0000459 secs]2020-08-03T02:23:00.769+0800: 12583764.747: [class unloading, 0.0174422 secs]2020-08-03T02:23:00.787+0800: 12583764.765: [scrub symbol table, 0.0062505 secs]2020-08-03T02:23:00.793+0800: 12583764.771: [scrub string table, 0.0008319 secs][1 CMS-remark: 4274720K(5472256K)] 4559916K(6209536K), 0.0456077 secs] [Times: user=0.18 sys=0.00, real=0.04 secs] 
2020-08-03T02:23:00.794+0800: 12583764.772: [CMS-concurrent-sweep-start]
2020-08-03T02:23:02.417+0800: 12583766.395: [CMS-concurrent-sweep: 1.623/1.623 secs] [Times: user=1.89 sys=0.21, real=1.62 secs] 
2020-08-03T02:23:02.418+0800: 12583766.395: [CMS-concurrent-reset-start]
2020-08-03T02:23:02.436+0800: 12583766.414: [CMS-concurrent-reset: 0.018/0.018 secs] [Times: user=0.02 sys=0.00, real=0.02 secs] 
2020-08-03T02:23:04.437+0800: 12583768.415: [GC (CMS Initial Mark) [1 CMS-initial-mark: 4274243K(5472256K)] 4673225K(6209536K), 0.0192696 secs] [Times: user=0.15 sys=0.00, real=0.02 secs] 
2020-08-03T02:23:04.456+0800: 12583768.434: [CMS-concurrent-mark-start]
2020-08-03T02:23:07.072+0800: 12583771.049: [CMS-concurrent-mark: 2.615/2.615 secs] [Times: user=5.72 sys=0.17, real=2.62 secs] 
2020-08-03T02:23:07.072+0800: 12583771.050: [CMS-concurrent-preclean-start]
2020-08-03T02:23:07.080+0800: 12583771.058: [CMS-concurrent-preclean: 0.008/0.008 secs] [Times: user=0.01 sys=0.00, real=0.01 secs] 
2020-08-03T02:23:07.080+0800: 12583771.058: [CMS-concurrent-abortable-preclean-start]
 CMS: abort preclean due to time 2020-08-03T02:23:12.418+0800: 12583776.396: [CMS-concurrent-abortable-preclean: 3.937/5.338 secs] [Times: user=4.53 sys=0.38, real=5.34 secs] 
2020-08-03T02:23:12.420+0800: 12583776.398: [GC (CMS Final Remark) [YG occupancy: 653105 K (737280 K)]2020-08-03T02:23:12.420+0800: 12583776.398: [Rescan (parallel) , 0.0309521 secs]2020-08-03T02:23:12.451+0800: 12583776.429: [weak refs processing, 0.0000544 secs]2020-08-03T02:23:12.451+0800: 12583776.429: [class unloading, 0.0167911 secs]2020-08-03T02:23:12.468+0800: 12583776.446: [scrub symbol table, 0.0061326 secs]2020-08-03T02:23:12.474+0800: 12583776.452: [scrub string table, 0.0008467 secs][1 CMS-remark: 4274243K(5472256K)] 4927349K(6209536K), 0.0549451 secs] [Times: user=0.27 sys=0.00, real=0.05 secs] 
2020-08-03T02:23:12.475+0800: 12583776.453: [CMS-concurrent-sweep-start]
2020-08-03T02:23:14.170+0800: 12583778.148: [CMS-concurrent-sweep: 1.695/1.695 secs] [Times: user=2.02 sys=0.17, real=1.70 secs] 
2020-08-03T02:23:14.170+0800: 12583778.148: [CMS-concurrent-reset-start]
2020-08-03T02:23:14.189+0800: 12583778.167: [CMS-concurrent-reset: 0.019/0.019 secs] [Times: user=0.02 sys=0.01, real=0.02 secs] 
2020-08-03T02:23:14.219+0800: 12583778.196: [GC (Allocation Failure) 2020-08-03T02:23:14.219+0800: 12583778.197: [ParNew: 725393K->69647K(737280K), 0.0738861 secs] 4999636K->4369193K(6209536K), 0.0740645 secs] [Times: user=0.43 sys=0.01, real=0.07 secs] 
2020-08-03T02:23:14.294+0800: 12583778.272: [GC (CMS Initial Mark) [1 CMS-initial-mark: 4299545K(5472256K)] 4376398K(6209536K), 0.0067204 secs] [Times: user=0.02 sys=0.01, real=0.01 secs] 
2020-08-03T02:23:14.301+0800: 12583778.279: [CMS-concurrent-mark-start]
2020-08-03T02:23:16.926+0800: 12583780.904: [CMS-concurrent-mark: 2.625/2.625 secs] [Times: user=5.89 sys=0.17, real=2.62 secs] 
2020-08-03T02:23:16.926+0800: 12583780.904: [CMS-concurrent-preclean-start]
2020-08-03T02:23:16.934+0800: 12583780.911: [CMS-concurrent-preclean: 0.007/0.007 secs] [Times: user=0.01 sys=0.00, real=0.01 secs] 
2020-08-03T02:23:16.934+0800: 12583780.912: [CMS-concurrent-abortable-preclean-start]
 CMS: abort preclean due to time 2020-08-03T02:23:22.255+0800: 12583786.233: [CMS-concurrent-abortable-preclean: 4.119/5.322 secs] [Times: user=4.55 sys=0.29, real=5.32 secs] 
2020-08-03T02:23:22.257+0800: 12583786.235: [GC (CMS Final Remark) [YG occupancy: 303595 K (737280 K)]2020-08-03T02:23:22.257+0800: 12583786.235: [Rescan (parallel) , 0.0164088 secs]2020-08-03T02:23:22.273+0800: 12583786.251: [weak refs processing, 0.0000420 secs]2020-08-03T02:23:22.273+0800: 12583786.251: [class unloading, 0.0170555 secs]2020-08-03T02:23:22.291+0800: 12583786.268: [scrub symbol table, 0.0061143 secs]2020-08-03T02:23:22.297+0800: 12583786.274: [scrub string table, 0.0008626 secs][1 CMS-remark: 4299545K(5472256K)] 4603141K(6209536K), 0.0406381 secs] [Times: user=0.15 sys=0.00, real=0.04 secs] 
2020-08-03T02:23:22.298+0800: 12583786.276: [CMS-concurrent-sweep-start]
2020-08-03T02:23:23.880+0800: 12583787.858: [CMS-concurrent-sweep: 1.579/1.582 secs] [Times: user=1.77 sys=0.13, real=1.59 secs] 
2020-08-03T02:23:23.880+0800: 12583787.858: [CMS-concurrent-reset-start]
2020-08-03T02:23:23.899+0800: 12583787.877: [CMS-concurrent-reset: 0.019/0.019 secs] [Times: user=0.02 sys=0.00, real=0.02 secs] 
2020-08-03T02:23:25.899+0800: 12583789.877: [GC (CMS Initial Mark) [1 CMS-initial-mark: 4299410K(5472256K)] 4702089K(6209536K), 0.0234810 secs] [Times: user=0.14 sys=0.00, real=0.02 secs] 
2020-08-03T02:23:25.923+0800: 12583789.901: [CMS-concurrent-mark-start]
2020-08-03T02:23:28.651+0800: 12583792.629: [CMS-concurrent-mark: 2.720/2.727 secs] [Times: user=5.69 sys=0.18, real=2.73 secs] 
2020-08-03T02:23:28.651+0800: 12583792.629: [CMS-concurrent-preclean-start]
2020-08-03T02:23:28.659+0800: 12583792.636: [CMS-concurrent-preclean: 0.008/0.008 secs] [Times: user=0.01 sys=0.00, real=0.01 secs] 
2020-08-03T02:23:28.659+0800: 12583792.636: [CMS-concurrent-abortable-preclean-start]
 CMS: abort preclean due to time 2020-08-03T02:23:33.726+0800: 12583797.704: [CMS-concurrent-abortable-preclean: 4.166/5.067 secs] [Times: user=4.72 sys=0.28, real=5.06 secs] 
2020-08-03T02:23:33.728+0800: 12583797.705: [GC (CMS Final Remark) [YG occupancy: 622242 K (737280 K)]2020-08-03T02:23:33.728+0800: 12583797.705: [Rescan (parallel) , 0.0323030 secs]2020-08-03T02:23:33.760+0800: 12583797.738: [weak refs processing, 0.0000445 secs]2020-08-03T02:23:33.760+0800: 12583797.738: [class unloading, 0.0176542 secs]2020-08-03T02:23:33.778+0800: 12583797.756: [scrub symbol table, 0.0061934 secs]2020-08-03T02:23:33.784+0800: 12583797.762: [scrub string table, 0.0008636 secs][1 CMS-remark: 4299410K(5472256K)] 4921652K(6209536K), 0.0572268 secs] [Times: user=0.23 sys=0.00, real=0.05 secs] 
2020-08-03T02:23:33.785+0800: 12583797.763: [CMS-concurrent-sweep-start]
2020-08-03T02:23:35.414+0800: 12583799.392: [CMS-concurrent-sweep: 1.629/1.629 secs] [Times: user=1.86 sys=0.15, real=1.63 secs] 
2020-08-03T02:23:35.414+0800: 12583799.392: [CMS-concurrent-reset-start]
2020-08-03T02:23:35.433+0800: 12583799.411: [CMS-concurrent-reset: 0.019/0.019 secs] [Times: user=0.02 sys=0.00, real=0.02 secs] 
2020-08-03T02:23:36.928+0800: 12583800.906: [GC (Allocation Failure) 2020-08-03T02:23:36.929+0800: 12583800.906: [ParNew: 725007K->66914K(737280K), 0.0735278 secs] 5024415K->4393949K(6209536K), 0.0737404 secs] [Times: user=0.40 sys=0.01, real=0.07 secs] 
2020-08-03T02:23:37.004+0800: 12583800.982: [GC (CMS Initial Mark) [1 CMS-initial-mark: 4327035K(5472256K)] 4394744K(6209536K), 0.0083157 secs] [Times: user=0.02 sys=0.00, real=0.01 secs] 
2020-08-03T02:23:37.012+0800: 12583800.990: [CMS-concurrent-mark-start]
2020-08-03T02:23:39.616+0800: 12583803.594: [CMS-concurrent-mark: 2.601/2.604 secs] [Times: user=5.68 sys=0.23, real=2.60 secs] 
2020-08-03T02:23:39.616+0800: 12583803.594: [CMS-concurrent-preclean-start]
2020-08-03T02:23:39.624+0800: 12583803.602: [CMS-concurrent-preclean: 0.008/0.008 secs] [Times: user=0.01 sys=0.00, real=0.01 secs] 
2020-08-03T02:23:39.624+0800: 12583803.602: [CMS-concurrent-abortable-preclean-start]
 CMS: abort preclean due to time 2020-08-03T02:23:44.700+0800: 12583808.678: [CMS-concurrent-abortable-preclean: 3.973/5.075 secs] [Times: user=4.52 sys=0.79, real=5.08 secs] 
2020-08-03T02:23:44.701+0800: 12583808.679: [GC (CMS Final Remark) [YG occupancy: 347880 K (737280 K)]2020-08-03T02:23:44.701+0800: 12583808.679: [Rescan (parallel) , 0.0176452 secs]2020-08-03T02:23:44.719+0800: 12583808.697: [weak refs processing, 0.0000550 secs]2020-08-03T02:23:44.719+0800: 12583808.697: [class unloading, 0.0170167 secs]2020-08-03T02:23:44.736+0800: 12583808.714: [scrub symbol table, 0.0065163 secs]2020-08-03T02:23:44.743+0800: 12583808.720: [scrub string table, 0.0009550 secs][1 CMS-remark: 4327035K(5472256K)] 4674915K(6209536K), 0.0423642 secs] [Times: user=0.16 sys=0.00, real=0.04 secs] 
2020-08-03T02:23:44.744+0800: 12583808.722: [CMS-concurrent-sweep-start]
2020-08-03T02:23:46.408+0800: 12583810.386: [CMS-concurrent-sweep: 1.664/1.664 secs] [Times: user=2.01 sys=0.27, real=1.67 secs] 
2020-08-03T02:23:46.408+0800: 12583810.386: [CMS-concurrent-reset-start]
2020-08-03T02:23:46.427+0800: 12583810.405: [CMS-concurrent-reset: 0.019/0.019 secs] [Times: user=0.02 sys=0.00, real=0.02 secs] 
2020-08-03T02:23:48.428+0800: 12583812.405: [GC (CMS Initial Mark) [1 CMS-initial-mark: 4326806K(5472256K)] 4791350K(6209536K), 0.0225337 secs] [Times: user=0.15 sys=0.01, real=0.02 secs] 
2020-08-03T02:23:48.450+0800: 12583812.428: [CMS-concurrent-mark-start]
2020-08-03T02:23:51.006+0800: 12583814.984: [CMS-concurrent-mark: 2.553/2.555 secs] [Times: user=5.37 sys=0.21, real=2.55 secs] 
2020-08-03T02:23:51.006+0800: 12583814.984: [CMS-concurrent-preclean-start]
2020-08-03T02:23:51.013+0800: 12583814.991: [CMS-concurrent-preclean: 0.007/0.008 secs] [Times: user=0.01 sys=0.00, real=0.01 secs] 
2020-08-03T02:23:51.013+0800: 12583814.991: [CMS-concurrent-abortable-preclean-start]
 CMS: abort preclean due to time 2020-08-03T02:23:56.115+0800: 12583820.093: [CMS-concurrent-abortable-preclean: 3.600/5.102 secs] [Times: user=4.01 sys=0.17, real=5.10 secs] 
2020-08-03T02:23:56.116+0800: 12583820.094: [GC (CMS Final Remark) [YG occupancy: 569828 K (737280 K)]2020-08-03T02:23:56.117+0800: 12583820.094: [Rescan (parallel) , 0.0381831 secs]2020-08-03T02:23:56.155+0800: 12583820.133: [weak refs processing, 0.0000368 secs]2020-08-03T02:23:56.155+0800: 12583820.133: [class unloading, 0.0177536 secs]2020-08-03T02:23:56.173+0800: 12583820.150: [scrub symbol table, 0.0061782 secs]2020-08-03T02:23:56.179+0800: 12583820.157: [scrub string table, 0.0008532 secs][1 CMS-remark: 4326806K(5472256K)] 4896634K(6209536K), 0.0631765 secs] [Times: user=0.29 sys=0.00, real=0.07 secs] 
2020-08-03T02:23:56.180+0800: 12583820.158: [CMS-concurrent-sweep-start]
2020-08-03T02:23:57.836+0800: 12583821.814: [CMS-concurrent-sweep: 1.656/1.656 secs] [Times: user=1.90 sys=0.09, real=1.65 secs] 
2020-08-03T02:23:57.836+0800: 12583821.814: [CMS-concurrent-reset-start]
2020-08-03T02:23:57.854+0800: 12583821.832: [CMS-concurrent-reset: 0.018/0.018 secs] [Times: user=0.02 sys=0.00, real=0.02 secs] 
2020-08-03T02:23:59.855+0800: 12583823.833: [GC (CMS Initial Mark) [1 CMS-initial-mark: 4326343K(5472256K)] 4966711K(6209536K), 0.0373027 secs] [Times: user=0.23 sys=0.00, real=0.04 secs] 
2020-08-03T02:23:59.892+0800: 12583823.870: [CMS-concurrent-mark-start]
2020-08-03T02:24:01.558+0800: 12583825.536: [GC (Allocation Failure) 2020-08-03T02:24:01.558+0800: 12583825.536: [ParNew: 722274K->81236K(737280K), 0.0770821 secs] 5048618K->4431865K(6209536K), 0.0772547 secs] [Times: user=0.47 sys=0.00, real=0.08 secs] 
2020-08-03T02:24:05.786+0800: 12583829.764: [CMS-concurrent-mark: 5.812/5.894 secs] [Times: user=7.82 sys=0.17, real=5.90 secs] 
2020-08-03T02:24:05.787+0800: 12583829.764: [CMS-concurrent-preclean-start]
2020-08-03T02:24:05.809+0800: 12583829.787: [CMS-concurrent-preclean: 0.022/0.023 secs] [Times: user=0.02 sys=0.00, real=0.02 secs] 
2020-08-03T02:24:05.809+0800: 12583829.787: [CMS-concurrent-abortable-preclean-start]
 CMS: abort preclean due to time 2020-08-03T02:24:10.959+0800: 12583834.937: [CMS-concurrent-abortable-preclean: 3.947/5.150 secs] [Times: user=4.83 sys=0.41, real=5.15 secs] 
2020-08-03T02:24:10.961+0800: 12583834.939: [GC (CMS Final Remark) [YG occupancy: 355673 K (737280 K)]2020-08-03T02:24:10.961+0800: 12583834.939: [Rescan (parallel) , 0.0175968 secs]2020-08-03T02:24:10.979+0800: 12583834.956: [weak refs processing, 0.0000460 secs]2020-08-03T02:24:10.979+0800: 12583834.957: [class unloading, 0.0180942 secs]2020-08-03T02:24:10.997+0800: 12583834.975: [scrub symbol table, 0.0060919 secs]2020-08-03T02:24:11.003+0800: 12583834.981: [scrub string table, 0.0008445 secs][1 CMS-remark: 4350629K(5472256K)] 4706302K(6209536K), 0.0428257 secs] [Times: user=0.15 sys=0.01, real=0.04 secs] 
2020-08-03T02:24:11.004+0800: 12583834.982: [CMS-concurrent-sweep-start]
2020-08-03T02:24:12.620+0800: 12583836.598: [CMS-concurrent-sweep: 1.616/1.616 secs] [Times: user=1.80 sys=0.08, real=1.62 secs] 
2020-08-03T02:24:12.620+0800: 12583836.598: [CMS-concurrent-reset-start]
2020-08-03T02:24:12.640+0800: 12583836.618: [CMS-concurrent-reset: 0.020/0.020 secs] [Times: user=0.02 sys=0.00, real=0.02 secs] 
2020-08-03T02:24:14.640+0800: 12583838.618: [GC (CMS Initial Mark) [1 CMS-initial-mark: 4350499K(5472256K)] 4856343K(6209536K), 0.0202218 secs] [Times: user=0.14 sys=0.00, real=0.02 secs] 
2020-08-03T02:24:14.661+0800: 12583838.639: [CMS-concurrent-mark-start]
2020-08-03T02:24:17.256+0800: 12583841.234: [CMS-concurrent-mark: 2.595/2.595 secs] [Times: user=5.66 sys=0.09, real=2.59 secs] 
2020-08-03T02:24:17.256+0800: 12583841.234: [CMS-concurrent-preclean-start]
2020-08-03T02:24:17.264+0800: 12583841.242: [CMS-concurrent-preclean: 0.008/0.008 secs] [Times: user=0.01 sys=0.00, real=0.01 secs] 
2020-08-03T02:24:17.264+0800: 12583841.242: [CMS-concurrent-abortable-preclean-start]
 CMS: abort preclean due to time 2020-08-03T02:24:22.559+0800: 12583846.537: [CMS-concurrent-abortable-preclean: 3.793/5.295 secs] [Times: user=4.25 sys=0.21, real=5.30 secs] 
2020-08-03T02:24:22.561+0800: 12583846.538: [GC (CMS Final Remark) [YG occupancy: 679088 K (737280 K)]2020-08-03T02:24:22.561+0800: 12583846.538: [Rescan (parallel) , 0.0462662 secs]2020-08-03T02:24:22.607+0800: 12583846.585: [weak refs processing, 0.0000544 secs]2020-08-03T02:24:22.607+0800: 12583846.585: [class unloading, 0.0223750 secs]2020-08-03T02:24:22.629+0800: 12583846.607: [scrub symbol table, 0.0079746 secs]2020-08-03T02:24:22.637+0800: 12583846.615: [scrub string table, 0.0011716 secs][1 CMS-remark: 4350499K(5472256K)] 5029587K(6209536K), 0.0780332 secs] [Times: user=0.35 sys=0.00, real=0.08 secs] 
2020-08-03T02:24:22.639+0800: 12583846.617: [CMS-concurrent-sweep-start]
2020-08-03T02:24:24.214+0800: 12583848.192: [CMS-concurrent-sweep: 1.576/1.576 secs] [Times: user=1.77 sys=0.07, real=1.57 secs] 
2020-08-03T02:24:24.214+0800: 12583848.192: [CMS-concurrent-reset-start]
2020-08-03T02:24:24.233+0800: 12583848.211: [CMS-concurrent-reset: 0.019/0.019 secs] [Times: user=0.01 sys=0.00, real=0.02 secs] 
2020-08-03T02:24:25.118+0800: 12583849.095: [GC (Allocation Failure) 2020-08-03T02:24:25.118+0800: 12583849.095: [ParNew: 736596K->70888K(737280K), 0.0768224 secs] 5086563K->4436396K(6209536K), 0.0770242 secs] [Times: user=0.39 sys=0.00, real=0.08 secs] 
2020-08-03T02:24:25.197+0800: 12583849.174: [GC (CMS Initial Mark) [1 CMS-initial-mark: 4365508K(5472256K)] 4443293K(6209536K), 0.0115338 secs] [Times: user=0.04 sys=0.00, real=0.02 secs] 
2020-08-03T02:24:25.208+0800: 12583849.186: [CMS-concurrent-mark-start]
2020-08-03T02:24:27.816+0800: 12583851.794: [CMS-concurrent-mark: 2.607/2.607 secs] [Times: user=5.63 sys=0.07, real=2.60 secs] 
2020-08-03T02:24:27.816+0800: 12583851.794: [CMS-concurrent-preclean-start]
2020-08-03T02:24:27.824+0800: 12583851.801: [CMS-concurrent-preclean: 0.008/0.008 secs] [Times: user=0.01 sys=0.00, real=0.01 secs] 
2020-08-03T02:24:27.824+0800: 12583851.801: [CMS-concurrent-abortable-preclean-start]
 CMS: abort preclean due to time 2020-08-03T02:24:33.087+0800: 12583857.065: [CMS-concurrent-abortable-preclean: 4.345/5.263 secs] [Times: user=5.03 sys=0.33, real=5.27 secs] 
2020-08-03T02:24:33.089+0800: 12583857.066: [GC (CMS Final Remark) [YG occupancy: 298971 K (737280 K)]2020-08-03T02:24:33.089+0800: 12583857.066: [Rescan (parallel) , 0.0204138 secs]2020-08-03T02:24:33.109+0800: 12583857.087: [weak refs processing, 0.0000528 secs]2020-08-03T02:24:33.109+0800: 12583857.087: [class unloading, 0.0171037 secs]2020-08-03T02:24:33.126+0800: 12583857.104: [scrub symbol table, 0.0061438 secs]2020-08-03T02:24:33.132+0800: 12583857.110: [scrub string table, 0.0008431 secs][1 CMS-remark: 4365508K(5472256K)] 4664479K(6209536K), 0.0447068 secs] [Times: user=0.16 sys=0.00, real=0.04 secs] 
2020-08-03T02:24:33.134+0800: 12583857.111: [CMS-concurrent-sweep-start]
2020-08-03T02:24:34.757+0800: 12583858.735: [CMS-concurrent-sweep: 1.624/1.624 secs] [Times: user=1.72 sys=0.12, real=1.62 secs] 
2020-08-03T02:24:34.757+0800: 12583858.735: [CMS-concurrent-reset-start]
2020-08-03T02:24:34.776+0800: 12583858.754: [CMS-concurrent-reset: 0.019/0.019 secs] [Times: user=0.02 sys=0.00, real=0.02 secs] 
2020-08-03T02:24:36.777+0800: 12583860.755: [GC (CMS Initial Mark) [1 CMS-initial-mark: 4365333K(5472256K)] 4773489K(6209536K), 0.0260673 secs] [Times: user=0.14 sys=0.00, real=0.03 secs] 
2020-08-03T02:24:36.803+0800: 12583860.781: [CMS-concurrent-mark-start]
2020-08-03T02:24:39.316+0800: 12583863.294: [CMS-concurrent-mark: 2.513/2.513 secs] [Times: user=5.39 sys=0.10, real=2.51 secs] 
2020-08-03T02:24:39.316+0800: 12583863.294: [CMS-concurrent-preclean-start]
2020-08-03T02:24:39.324+0800: 12583863.302: [CMS-concurrent-preclean: 0.008/0.008 secs] [Times: user=0.01 sys=0.00, real=0.01 secs] 
2020-08-03T02:24:39.324+0800: 12583863.302: [CMS-concurrent-abortable-preclean-start]
 CMS: abort preclean due to time 2020-08-03T02:24:44.555+0800: 12583868.533: [CMS-concurrent-abortable-preclean: 3.928/5.231 secs] [Times: user=4.66 sys=0.53, real=5.23 secs] 
2020-08-03T02:24:44.557+0800: 12583868.535: [GC (CMS Final Remark) [YG occupancy: 693442 K (737280 K)]2020-08-03T02:24:44.557+0800: 12583868.535: [Rescan (parallel) , 0.0336065 secs]2020-08-03T02:24:44.591+0800: 12583868.568: [weak refs processing, 0.0000428 secs]2020-08-03T02:24:44.591+0800: 12583868.568: [class unloading, 0.0169142 secs]2020-08-03T02:24:44.608+0800: 12583868.585: [scrub symbol table, 0.0061437 secs]2020-08-03T02:24:44.614+0800: 12583868.592: [scrub string table, 0.0008639 secs][1 CMS-remark: 4365333K(5472256K)] 5058776K(6209536K), 0.0577369 secs] [Times: user=0.29 sys=0.00, real=0.06 secs] 
2020-08-03T02:24:44.615+0800: 12583868.593: [CMS-concurrent-sweep-start]
2020-08-03T02:24:45.516+0800: 12583869.494: [GC (Allocation Failure) 2020-08-03T02:24:45.517+0800: 12583869.494: [ParNew: 726248K->66925K(737280K), 0.0792199 secs] 5091575K->4461817K(6209536K), 0.0794052 secs] [Times: user=0.48 sys=0.00, real=0.08 secs] 
2020-08-03T02:24:46.340+0800: 12583870.318: [CMS-concurrent-sweep: 1.643/1.725 secs] [Times: user=2.38 sys=0.13, real=1.73 secs] 
2020-08-03T02:24:46.340+0800: 12583870.318: [CMS-concurrent-reset-start]
2020-08-03T02:24:46.359+0800: 12583870.337: [CMS-concurrent-reset: 0.019/0.019 secs] [Times: user=0.02 sys=0.00, real=0.02 secs] 
2020-08-03T02:24:48.360+0800: 12583872.338: [GC (CMS Initial Mark) [1 CMS-initial-mark: 4394733K(5472256K)] 4628222K(6209536K), 0.0126325 secs] [Times: user=0.08 sys=0.00, real=0.01 secs] 
2020-08-03T02:24:48.373+0800: 12583872.351: [CMS-concurrent-mark-start]
2020-08-03T02:24:50.902+0800: 12583874.880: [CMS-concurrent-mark: 2.529/2.529 secs] [Times: user=5.42 sys=0.01, real=2.53 secs] 
2020-08-03T02:24:50.902+0800: 12583874.880: [CMS-concurrent-preclean-start]
2020-08-03T02:24:50.910+0800: 12583874.887: [CMS-concurrent-preclean: 0.008/0.008 secs] [Times: user=0.01 sys=0.00, real=0.01 secs] 
2020-08-03T02:24:50.910+0800: 12583874.887: [CMS-concurrent-abortable-preclean-start]
 CMS: abort preclean due to time 2020-08-03T02:24:56.152+0800: 12583880.130: [CMS-concurrent-abortable-preclean: 3.638/5.243 secs] [Times: user=4.16 sys=0.32, real=5.24 secs] 
2020-08-03T02:24:56.154+0800: 12583880.132: [GC (CMS Final Remark) [YG occupancy: 452260 K (737280 K)]2020-08-03T02:24:56.154+0800: 12583880.132: [Rescan (parallel) , 0.0203598 secs]2020-08-03T02:24:56.174+0800: 12583880.152: [weak refs processing, 0.0000407 secs]2020-08-03T02:24:56.175+0800: 12583880.152: [class unloading, 0.0182395 secs]2020-08-03T02:24:56.193+0800: 12583880.171: [scrub symbol table, 0.0064896 secs]2020-08-03T02:24:56.199+0800: 12583880.177: [scrub string table, 0.0008952 secs][1 CMS-remark: 4394733K(5472256K)] 4846994K(6209536K), 0.0462278 secs] [Times: user=0.19 sys=0.00, real=0.05 secs] 
2020-08-03T02:24:56.201+0800: 12583880.178: [CMS-concurrent-sweep-start]
2020-08-03T02:24:57.833+0800: 12583881.811: [CMS-concurrent-sweep: 1.633/1.633 secs] [Times: user=1.81 sys=0.16, real=1.63 secs] 
2020-08-03T02:24:57.833+0800: 12583881.811: [CMS-concurrent-reset-start]
2020-08-03T02:24:57.853+0800: 12583881.831: [CMS-concurrent-reset: 0.019/0.019 secs] [Times: user=0.03 sys=0.00, real=0.02 secs] 
2020-08-03T02:24:59.853+0800: 12583883.831: [GC (CMS Initial Mark) [1 CMS-initial-mark: 4394647K(5472256K)] 4943254K(6209536K), 0.0223628 secs] [Times: user=0.17 sys=0.00, real=0.02 secs] 
2020-08-03T02:24:59.876+0800: 12583883.854: [CMS-concurrent-mark-start]
2020-08-03T02:25:02.406+0800: 12583886.383: [CMS-concurrent-mark: 2.530/2.530 secs] [Times: user=5.42 sys=0.17, real=2.53 secs] 
2020-08-03T02:25:02.406+0800: 12583886.383: [CMS-concurrent-preclean-start]
2020-08-03T02:25:02.414+0800: 12583886.392: [CMS-concurrent-preclean: 0.008/0.008 secs] [Times: user=0.01 sys=0.01, real=0.01 secs] 
2020-08-03T02:25:02.414+0800: 12583886.392: [CMS-concurrent-abortable-preclean-start]
2020-08-03T02:25:05.691+0800: 12583889.669: [GC (Allocation Failure) 2020-08-03T02:25:05.691+0800: 12583889.669: [ParNew: 722275K->54887K(737280K), 0.0670137 secs] 5116922K->4471768K(6209536K), 0.0672686 secs] [Times: user=0.42 sys=0.01, real=0.07 secs] 
 CMS: abort preclean due to time 2020-08-03T02:25:07.491+0800: 12583891.469: [CMS-concurrent-abortable-preclean: 3.805/5.077 secs] [Times: user=4.83 sys=0.44, real=5.08 secs] 
2020-08-03T02:25:07.492+0800: 12583891.470: [GC (CMS Final Remark) [YG occupancy: 136033 K (737280 K)]2020-08-03T02:25:07.492+0800: 12583891.470: [Rescan (parallel) , 0.0107672 secs]2020-08-03T02:25:07.503+0800: 12583891.481: [weak refs processing, 0.0000438 secs]2020-08-03T02:25:07.503+0800: 12583891.481: [class unloading, 0.0176572 secs]2020-08-03T02:25:07.521+0800: 12583891.499: [scrub symbol table, 0.0060343 secs]2020-08-03T02:25:07.527+0800: 12583891.505: [scrub string table, 0.0008412 secs][1 CMS-remark: 4416881K(5472256K)] 4552915K(6209536K), 0.0355089 secs] [Times: user=0.11 sys=0.00, real=0.04 secs] 
2020-08-03T02:25:07.528+0800: 12583891.506: [CMS-concurrent-sweep-start]
2020-08-03T02:25:09.206+0800: 12583893.184: [CMS-concurrent-sweep: 1.678/1.678 secs] [Times: user=1.82 sys=0.12, real=1.67 secs] 
2020-08-03T02:25:09.206+0800: 12583893.184: [CMS-concurrent-reset-start]
2020-08-03T02:25:09.225+0800: 12583893.203: [CMS-concurrent-reset: 0.019/0.019 secs] [Times: user=0.03 sys=0.00, real=0.02 secs] 
2020-08-03T02:25:11.226+0800: 12583895.204: [GC (CMS Initial Mark) [1 CMS-initial-mark: 4416825K(5472256K)] 4677388K(6209536K), 0.0103376 secs] [Times: user=0.08 sys=0.00, real=0.01 secs] 
2020-08-03T02:25:11.237+0800: 12583895.214: [CMS-concurrent-mark-start]
2020-08-03T02:25:13.824+0800: 12583897.802: [CMS-concurrent-mark: 2.582/2.587 secs] [Times: user=6.03 sys=0.31, real=2.59 secs] 
2020-08-03T02:25:13.824+0800: 12583897.802: [CMS-concurrent-preclean-start]
2020-08-03T02:25:13.833+0800: 12583897.811: [CMS-concurrent-preclean: 0.009/0.009 secs] [Times: user=0.01 sys=0.00, real=0.01 secs] 
2020-08-03T02:25:13.833+0800: 12583897.811: [CMS-concurrent-abortable-preclean-start]
2020-08-03T02:25:17.874+0800: 12583901.851: [GC (Allocation Failure) 2020-08-03T02:25:17.874+0800: 12583901.851: [ParNew: 710247K->66520K(737280K), 0.0751269 secs] 5127073K->4503865K(6209536K), 0.0753372 secs] [Times: user=0.46 sys=0.00, real=0.08 secs] 
 CMS: abort preclean due to time 2020-08-03T02:25:19.092+0800: 12583903.070: [CMS-concurrent-abortable-preclean: 4.079/5.259 secs] [Times: user=5.96 sys=0.69, real=5.26 secs] 
2020-08-03T02:25:19.094+0800: 12583903.071: [GC (CMS Final Remark) [YG occupancy: 90944 K (737280 K)]2020-08-03T02:25:19.094+0800: 12583903.072: [Rescan (parallel) , 0.0075773 secs]2020-08-03T02:25:19.101+0800: 12583903.079: [weak refs processing, 0.0000434 secs]2020-08-03T02:25:19.101+0800: 12583903.079: [class unloading, 0.0170205 secs]2020-08-03T02:25:19.118+0800: 12583903.096: [scrub symbol table, 0.0062325 secs]2020-08-03T02:25:19.125+0800: 12583903.102: [scrub string table, 0.0008816 secs][1 CMS-remark: 4437345K(5472256K)] 4528289K(6209536K), 0.0318989 secs] [Times: user=0.08 sys=0.00, real=0.03 secs] 
2020-08-03T02:25:19.126+0800: 12583903.104: [CMS-concurrent-sweep-start]
2020-08-03T02:25:20.800+0800: 12583904.777: [CMS-concurrent-sweep: 1.674/1.674 secs] [Times: user=1.92 sys=0.07, real=1.68 secs] 
2020-08-03T02:25:20.800+0800: 12583904.778: [CMS-concurrent-reset-start]
2020-08-03T02:25:20.819+0800: 12583904.796: [CMS-concurrent-reset: 0.019/0.019 secs] [Times: user=0.02 sys=0.00, real=0.02 secs] 
2020-08-03T02:25:22.819+0800: 12583906.797: [GC (CMS Initial Mark) [1 CMS-initial-mark: 4437168K(5472256K)] 4667114K(6209536K), 0.0110015 secs] [Times: user=0.08 sys=0.00, real=0.01 secs] 
2020-08-03T02:25:22.831+0800: 12583906.808: [CMS-concurrent-mark-start]
2020-08-03T02:25:26.922+0800: 12583910.900: [CMS-concurrent-mark: 4.092/4.092 secs] [Times: user=8.99 sys=0.26, real=4.09 secs] 
2020-08-03T02:25:26.922+0800: 12583910.900: [CMS-concurrent-preclean-start]
2020-08-03T02:25:26.931+0800: 12583910.909: [CMS-concurrent-preclean: 0.009/0.009 secs] [Times: user=0.01 sys=0.00, real=0.01 secs] 
2020-08-03T02:25:26.931+0800: 12583910.909: [CMS-concurrent-abortable-preclean-start]
2020-08-03T02:25:31.780+0800: 12583915.758: [GC (Allocation Failure) 2020-08-03T02:25:31.780+0800: 12583915.758: [ParNew2020-08-03T02:25:31.827+0800: 12583915.805: [CMS-concurrent-abortable-preclean: 3.485/4.896 secs] [Times: user=4.47 sys=0.50, real=4.90 secs] 
: 721846K->75563K(737280K), 0.0653551 secs] 5159014K->4528949K(6209536K), 0.0655770 secs] [Times: user=0.33 sys=0.00, real=0.06 secs] 
2020-08-03T02:25:31.848+0800: 12583915.826: [GC (CMS Final Remark) [YG occupancy: 82152 K (737280 K)]2020-08-03T02:25:31.848+0800: 12583915.826: [Rescan (parallel) , 0.0137896 secs]2020-08-03T02:25:31.862+0800: 12583915.839: [weak refs processing, 0.0000630 secs]2020-08-03T02:25:31.862+0800: 12583915.840: [class unloading, 0.0172213 secs]2020-08-03T02:25:31.879+0800: 12583915.857: [scrub symbol table, 0.0060660 secs]2020-08-03T02:25:31.885+0800: 12583915.863: [scrub string table, 0.0008487 secs][1 CMS-remark: 4453386K(5472256K)] 4535538K(6209536K), 0.0381649 secs] [Times: user=0.09 sys=0.00, real=0.03 secs] 
2020-08-03T02:25:31.886+0800: 12583915.864: [CMS-concurrent-sweep-start]
2020-08-03T02:25:33.548+0800: 12583917.526: [CMS-concurrent-sweep: 1.661/1.662 secs] [Times: user=1.85 sys=0.09, real=1.67 secs] 
2020-08-03T02:25:33.548+0800: 12583917.526: [CMS-concurrent-reset-start]
2020-08-03T02:25:33.567+0800: 12583917.545: [CMS-concurrent-reset: 0.019/0.019 secs] [Times: user=0.03 sys=0.00, real=0.02 secs] 
2020-08-03T02:25:35.568+0800: 12583919.546: [GC (CMS Initial Mark) [1 CMS-initial-mark: 4452358K(5472256K)] 4672508K(6209536K), 0.0091644 secs] [Times: user=0.06 sys=0.00, real=0.00 secs] 
2020-08-03T02:25:35.577+0800: 12583919.555: [CMS-concurrent-mark-start]
2020-08-03T02:25:38.277+0800: 12583922.254: [CMS-concurrent-mark: 2.698/2.699 secs] [Times: user=5.67 sys=0.11, real=2.70 secs] 
2020-08-03T02:25:38.277+0800: 12583922.254: [CMS-concurrent-preclean-start]
2020-08-03T02:25:38.285+0800: 12583922.262: [CMS-concurrent-preclean: 0.008/0.008 secs] [Times: user=0.01 sys=0.00, real=0.01 secs] 
2020-08-03T02:25:38.285+0800: 12583922.262: [CMS-concurrent-abortable-preclean-start]
 CMS: abort preclean due to time 2020-08-03T02:25:43.515+0800: 12583927.493: [CMS-concurrent-abortable-preclean: 4.193/5.230 secs] [Times: user=5.02 sys=0.41, real=5.23 secs] 
2020-08-03T02:25:43.517+0800: 12583927.494: [GC (CMS Final Remark) [YG occupancy: 519689 K (737280 K)]2020-08-03T02:25:43.517+0800: 12583927.495: [Rescan (parallel) , 0.0357404 secs]2020-08-03T02:25:43.552+0800: 12583927.530: [weak refs processing, 0.0000471 secs]2020-08-03T02:25:43.553+0800: 12583927.530: [class unloading, 0.0168872 secs]2020-08-03T02:25:43.569+0800: 12583927.547: [scrub symbol table, 0.0061285 secs]2020-08-03T02:25:43.576+0800: 12583927.553: [scrub string table, 0.0008549 secs][1 CMS-remark: 4452358K(5472256K)] 4972047K(6209536K), 0.0598086 secs] [Times: user=0.28 sys=0.00, real=0.06 secs] 
2020-08-03T02:25:43.577+0800: 12583927.555: [CMS-concurrent-sweep-start]
2020-08-03T02:25:45.258+0800: 12583929.236: [CMS-concurrent-sweep: 1.676/1.682 secs] [Times: user=2.16 sys=0.54, real=1.68 secs] 
2020-08-03T02:25:45.258+0800: 12583929.236: [CMS-concurrent-reset-start]
2020-08-03T02:25:45.277+0800: 12583929.255: [CMS-concurrent-reset: 0.019/0.019 secs] [Times: user=0.02 sys=0.02, real=0.01 secs] 
2020-08-03T02:25:47.278+0800: 12583931.256: [GC (CMS Initial Mark) [1 CMS-initial-mark: 4452041K(5472256K)] 5182137K(6209536K), 0.0267923 secs] [Times: user=0.20 sys=0.00, real=0.03 secs] 
2020-08-03T02:25:47.305+0800: 12583931.283: [CMS-concurrent-mark-start]
2020-08-03T02:25:47.310+0800: 12583931.288: [GC (Allocation Failure) 2020-08-03T02:25:47.310+0800: 12583931.288: [ParNew: 730923K->59185K(737280K), 0.0699141 secs] 5182964K->4540294K(6209536K), 0.0701495 secs] [Times: user=0.38 sys=0.00, real=0.07 secs] 
2020-08-03T02:25:50.110+0800: 12583934.087: [CMS-concurrent-mark: 2.733/2.804 secs] [Times: user=6.38 sys=0.73, real=2.81 secs] 
2020-08-03T02:25:50.110+0800: 12583934.087: [CMS-concurrent-preclean-start]
2020-08-03T02:25:50.134+0800: 12583934.112: [CMS-concurrent-preclean: 0.024/0.025 secs] [Times: user=0.02 sys=0.00, real=0.02 secs] 
2020-08-03T02:25:50.136+0800: 12583934.114: [CMS-concurrent-abortable-preclean-start]
 CMS: abort preclean due to time 2020-08-03T02:25:55.247+0800: 12583939.224: [CMS-concurrent-abortable-preclean: 3.177/5.111 secs] [Times: user=4.15 sys=1.54, real=5.12 secs] 
2020-08-03T02:25:55.248+0800: 12583939.226: [GC (CMS Final Remark) [YG occupancy: 297719 K (737280 K)]2020-08-03T02:25:55.248+0800: 12583939.226: [Rescan (parallel) , 0.0223098 secs]2020-08-03T02:25:55.271+0800: 12583939.249: [weak refs processing, 0.0000349 secs]2020-08-03T02:25:55.271+0800: 12583939.249: [class unloading, 0.0178485 secs]2020-08-03T02:25:55.289+0800: 12583939.266: [scrub symbol table, 0.0061621 secs]2020-08-03T02:25:55.295+0800: 12583939.273: [scrub string table, 0.0008561 secs][1 CMS-remark: 4481109K(5472256K)] 4778828K(6209536K), 0.0473853 secs] [Times: user=0.18 sys=0.00, real=0.04 secs] 
2020-08-03T02:25:55.296+0800: 12583939.274: [CMS-concurrent-sweep-start]
2020-08-03T02:25:56.970+0800: 12583940.948: [CMS-concurrent-sweep: 1.674/1.674 secs] [Times: user=2.02 sys=0.73, real=1.68 secs] 
2020-08-03T02:25:56.970+0800: 12583940.948: [CMS-concurrent-reset-start]
2020-08-03T02:25:56.989+0800: 12583940.967: [CMS-concurrent-reset: 0.019/0.019 secs] [Times: user=0.02 sys=0.00, real=0.02 secs] 
2020-08-03T02:25:58.989+0800: 12583942.967: [GC (CMS Initial Mark) [1 CMS-initial-mark: 4481104K(5472256K)] 4857188K(6209536K), 0.0261747 secs] [Times: user=0.16 sys=0.00, real=0.02 secs] 
2020-08-03T02:25:59.016+0800: 12583942.994: [CMS-concurrent-mark-start]
2020-08-03T02:26:01.703+0800: 12583945.681: [CMS-concurrent-mark: 2.687/2.687 secs] [Times: user=5.90 sys=0.79, real=2.69 secs] 
2020-08-03T02:26:01.703+0800: 12583945.681: [CMS-concurrent-preclean-start]
2020-08-03T02:26:01.711+0800: 12583945.689: [CMS-concurrent-preclean: 0.008/0.008 secs] [Times: user=0.00 sys=0.00, real=0.01 secs] 
2020-08-03T02:26:01.711+0800: 12583945.689: [CMS-concurrent-abortable-preclean-start]
 CMS: abort preclean due to time 2020-08-03T02:26:06.923+0800: 12583950.900: [CMS-concurrent-abortable-preclean: 3.110/5.212 secs] [Times: user=3.88 sys=2.01, real=5.21 secs] 
2020-08-03T02:26:06.924+0800: 12583950.902: [GC (CMS Final Remark) [YG occupancy: 561211 K (737280 K)]2020-08-03T02:26:06.924+0800: 12583950.902: [Rescan (parallel) , 0.0367975 secs]2020-08-03T02:26:06.961+0800: 12583950.939: [weak refs processing, 0.0000613 secs]2020-08-03T02:26:06.961+0800: 12583950.939: [class unloading, 0.0172563 secs]2020-08-03T02:26:06.978+0800: 12583950.956: [scrub symbol table, 0.0061388 secs]2020-08-03T02:26:06.984+0800: 12583950.962: [scrub string table, 0.0008624 secs][1 CMS-remark: 4481104K(5472256K)] 5042316K(6209536K), 0.0612885 secs] [Times: user=0.28 sys=0.01, real=0.06 secs] 
2020-08-03T02:26:06.986+0800: 12583950.963: [CMS-concurrent-sweep-start]
2020-08-03T02:26:08.671+0800: 12583952.648: [CMS-concurrent-sweep: 1.685/1.685 secs] [Times: user=1.98 sys=0.66, real=1.69 secs] 
2020-08-03T02:26:08.671+0800: 12583952.649: [CMS-concurrent-reset-start]
2020-08-03T02:26:08.689+0800: 12583952.667: [CMS-concurrent-reset: 0.018/0.018 secs] [Times: user=0.01 sys=0.00, real=0.02 secs] 
2020-08-03T02:26:10.690+0800: 12583954.667: [GC (CMS Initial Mark) [1 CMS-initial-mark: 4479837K(5472256K)] 5107185K(6209536K), 0.0351181 secs] [Times: user=0.26 sys=0.00, real=0.03 secs] 
2020-08-03T02:26:10.725+0800: 12583954.703: [CMS-concurrent-mark-start]
2020-08-03T02:26:13.459+0800: 12583957.437: [GC (Allocation Failure) 2020-08-03T02:26:13.460+0800: 12583957.437: [ParNew: 714545K->62241K(737280K), 0.0557748 secs] 5194382K->4557401K(6209536K), 0.0559546 secs] [Times: user=0.38 sys=0.00, real=0.05 secs] 
2020-08-03T02:26:13.565+0800: 12583957.543: [CMS-concurrent-mark: 2.782/2.840 secs] [Times: user=6.57 sys=1.00, real=2.84 secs] 
2020-08-03T02:26:13.565+0800: 12583957.543: [CMS-concurrent-preclean-start]
2020-08-03T02:26:13.583+0800: 12583957.561: [CMS-concurrent-preclean: 0.018/0.018 secs] [Times: user=0.02 sys=0.00, real=0.02 secs] 
2020-08-03T02:26:13.583+0800: 12583957.561: [CMS-concurrent-abortable-preclean-start]
 CMS: abort preclean due to time 2020-08-03T02:26:18.751+0800: 12583962.729: [CMS-concurrent-abortable-preclean: 3.867/5.168 secs] [Times: user=4.53 sys=2.93, real=5.17 secs] 
2020-08-03T02:26:18.753+0800: 12583962.730: [GC (CMS Final Remark) [YG occupancy: 214445 K (737280 K)]2020-08-03T02:26:18.753+0800: 12583962.731: [Rescan (parallel) , 0.0131475 secs]2020-08-03T02:26:18.766+0800: 12583962.744: [weak refs processing, 0.0000350 secs]2020-08-03T02:26:18.766+0800: 12583962.744: [class unloading, 0.0167309 secs]2020-08-03T02:26:18.783+0800: 12583962.761: [scrub symbol table, 0.0061343 secs]2020-08-03T02:26:18.789+0800: 12583962.767: [scrub string table, 0.0008245 secs][1 CMS-remark: 4495159K(5472256K)] 4709604K(6209536K), 0.0370173 secs] [Times: user=0.13 sys=0.00, real=0.04 secs] 
2020-08-03T02:26:18.790+0800: 12583962.768: [CMS-concurrent-sweep-start]
2020-08-03T02:26:20.647+0800: 12583964.625: [CMS-concurrent-sweep: 1.857/1.857 secs] [Times: user=2.30 sys=1.27, real=1.86 secs] 
2020-08-03T02:26:20.647+0800: 12583964.625: [CMS-concurrent-reset-start]
2020-08-03T02:26:20.667+0800: 12583964.645: [CMS-concurrent-reset: 0.020/0.020 secs] [Times: user=0.02 sys=0.01, real=0.02 secs] 
2020-08-03T02:26:22.668+0800: 12583966.646: [GC (CMS Initial Mark) [1 CMS-initial-mark: 4495022K(5472256K)] 4802153K(6209536K), 0.0165573 secs] [Times: user=0.13 sys=0.00, real=0.01 secs] 
2020-08-03T02:26:22.685+0800: 12583966.663: [CMS-concurrent-mark-start]
2020-08-03T02:26:25.701+0800: 12583969.679: [CMS-concurrent-mark: 3.016/3.016 secs] [Times: user=6.17 sys=1.42, real=3.02 secs] 
2020-08-03T02:26:25.701+0800: 12583969.679: [CMS-concurrent-preclean-start]
2020-08-03T02:26:25.709+0800: 12583969.687: [CMS-concurrent-preclean: 0.008/0.008 secs] [Times: user=0.00 sys=0.01, real=0.01 secs] 
2020-08-03T02:26:25.709+0800: 12583969.687: [CMS-concurrent-abortable-preclean-start]
 CMS: abort preclean due to time 2020-08-03T02:26:30.771+0800: 12583974.749: [CMS-concurrent-abortable-preclean: 3.457/5.062 secs] [Times: user=4.49 sys=2.21, real=5.06 secs] 
2020-08-03T02:26:30.773+0800: 12583974.751: [GC (CMS Final Remark) [YG occupancy: 576272 K (737280 K)]2020-08-03T02:26:30.773+0800: 12583974.751: [Rescan (parallel) , 0.0362885 secs]2020-08-03T02:26:30.809+0800: 12583974.787: [weak refs processing, 0.0000577 secs]2020-08-03T02:26:30.809+0800: 12583974.787: [class unloading, 0.0169540 secs]2020-08-03T02:26:30.826+0800: 12583974.804: [scrub symbol table, 0.0060488 secs]2020-08-03T02:26:30.832+0800: 12583974.810: [scrub string table, 0.0008655 secs][1 CMS-remark: 4495022K(5472256K)] 5071295K(6209536K), 0.0603872 secs] [Times: user=0.28 sys=0.00, real=0.06 secs] 
2020-08-03T02:26:30.833+0800: 12583974.811: [CMS-concurrent-sweep-start]
2020-08-03T02:26:32.568+0800: 12583976.546: [CMS-concurrent-sweep: 1.735/1.735 secs] [Times: user=2.23 sys=0.61, real=1.74 secs] 
2020-08-03T02:26:32.568+0800: 12583976.546: [CMS-concurrent-reset-start]
2020-08-03T02:26:32.587+0800: 12583976.565: [CMS-concurrent-reset: 0.019/0.019 secs] [Times: user=0.02 sys=0.00, real=0.02 secs] 
2020-08-03T02:26:33.035+0800: 12583977.012: [GC (Allocation Failure) 2020-08-03T02:26:33.035+0800: 12583977.012: [ParNew: 717601K->76784K(737280K), 0.0478109 secs] 5212411K->4571594K(6209536K), 0.0480629 secs] [Times: user=0.30 sys=0.00, real=0.05 secs] 
2020-08-03T02:26:33.085+0800: 12583977.063: [GC (CMS Initial Mark) [1 CMS-initial-mark: 4494810K(5472256K)] 4577693K(6209536K), 0.0074514 secs] [Times: user=0.03 sys=0.00, real=0.01 secs] 
2020-08-03T02:26:33.092+0800: 12583977.070: [CMS-concurrent-mark-start]
2020-08-03T02:26:37.265+0800: 12583981.242: [CMS-concurrent-mark: 4.170/4.172 secs] [Times: user=9.20 sys=1.40, real=4.17 secs] 
2020-08-03T02:26:37.265+0800: 12583981.242: [CMS-concurrent-preclean-start]
2020-08-03T02:26:37.273+0800: 12583981.251: [CMS-concurrent-preclean: 0.009/0.009 secs] [Times: user=0.01 sys=0.00, real=0.01 secs] 
2020-08-03T02:26:37.273+0800: 12583981.251: [CMS-concurrent-abortable-preclean-start]
 CMS: abort preclean due to time 2020-08-03T02:26:42.403+0800: 12583986.380: [CMS-concurrent-abortable-preclean: 4.428/5.129 secs] [Times: user=5.03 sys=2.79, real=5.13 secs] 
2020-08-03T02:26:42.404+0800: 12583986.382: [GC (CMS Final Remark) [YG occupancy: 347348 K (737280 K)]2020-08-03T02:26:42.404+0800: 12583986.382: [Rescan (parallel) , 0.0229307 secs]2020-08-03T02:26:42.427+0800: 12583986.405: [weak refs processing, 0.0000603 secs]2020-08-03T02:26:42.427+0800: 12583986.405: [class unloading, 0.0197353 secs]2020-08-03T02:26:42.447+0800: 12583986.425: [scrub symbol table, 0.0061772 secs]2020-08-03T02:26:42.453+0800: 12583986.431: [scrub string table, 0.0008522 secs][1 CMS-remark: 4494810K(5472256K)] 4842158K(6209536K), 0.0499289 secs] [Times: user=0.21 sys=0.00, real=0.05 secs] 
2020-08-03T02:26:42.454+0800: 12583986.432: [CMS-concurrent-sweep-start]
2020-08-03T02:26:44.094+0800: 12583988.071: [CMS-concurrent-sweep: 1.639/1.639 secs] [Times: user=1.85 sys=0.09, real=1.64 secs] 
2020-08-03T02:26:44.094+0800: 12583988.071: [CMS-concurrent-reset-start]
2020-08-03T02:26:44.114+0800: 12583988.092: [CMS-concurrent-reset: 0.020/0.020 secs] [Times: user=0.03 sys=0.02, real=0.02 secs] 
2020-08-03T02:26:46.115+0800: 12583990.093: [GC (CMS Initial Mark) [1 CMS-initial-mark: 4494466K(5472256K)] 4910305K(6209536K), 0.0242126 secs] [Times: user=0.18 sys=0.00, real=0.03 secs] 
2020-08-03T02:26:46.139+0800: 12583990.117: [CMS-concurrent-mark-start]
2020-08-03T02:26:48.929+0800: 12583992.906: [CMS-concurrent-mark: 2.789/2.789 secs] [Times: user=6.24 sys=1.49, real=2.79 secs] 
2020-08-03T02:26:48.929+0800: 12583992.906: [CMS-concurrent-preclean-start]
2020-08-03T02:26:48.936+0800: 12583992.914: [CMS-concurrent-preclean: 0.007/0.008 secs] [Times: user=0.00 sys=0.00, real=0.00 secs] 
2020-08-03T02:26:48.936+0800: 12583992.914: [CMS-concurrent-abortable-preclean-start]
 CMS: abort preclean due to time 2020-08-03T02:26:54.011+0800: 12583997.989: [CMS-concurrent-abortable-preclean: 4.171/5.075 secs] [Times: user=5.26 sys=2.88, real=5.08 secs] 
2020-08-03T02:26:54.013+0800: 12583997.991: [GC (CMS Final Remark) [YG occupancy: 588749 K (737280 K)]2020-08-03T02:26:54.013+0800: 12583997.991: [Rescan (parallel) , 0.0522406 secs]2020-08-03T02:26:54.065+0800: 12583998.043: [weak refs processing, 0.0000505 secs]2020-08-03T02:26:54.065+0800: 12583998.043: [class unloading, 0.0169339 secs]2020-08-03T02:26:54.082+0800: 12583998.060: [scrub symbol table, 0.0059639 secs]2020-08-03T02:26:54.088+0800: 12583998.066: [scrub string table, 0.0008223 secs][1 CMS-remark: 4494466K(5472256K)] 5083216K(6209536K), 0.0761645 secs] [Times: user=0.41 sys=0.00, real=0.08 secs] 
2020-08-03T02:26:54.089+0800: 12583998.067: [CMS-concurrent-sweep-start]
2020-08-03T02:26:55.769+0800: 12583999.747: [CMS-concurrent-sweep: 1.679/1.679 secs] [Times: user=1.86 sys=0.05, real=1.68 secs] 
2020-08-03T02:26:55.769+0800: 12583999.747: [CMS-concurrent-reset-start]
2020-08-03T02:26:55.789+0800: 12583999.766: [CMS-concurrent-reset: 0.020/0.020 secs] [Times: user=0.02 sys=0.00, real=0.02 secs] 
2020-08-03T02:26:57.789+0800: 12584001.767: [GC (CMS Initial Mark) [1 CMS-initial-mark: 4494455K(5472256K)] 5142027K(6209536K), 0.0409764 secs] [Times: user=0.29 sys=0.00, real=0.04 secs] 
2020-08-03T02:26:57.830+0800: 12584001.808: [CMS-concurrent-mark-start]
2020-08-03T02:27:00.573+0800: 12584004.551: [CMS-concurrent-mark: 2.743/2.743 secs] [Times: user=6.10 sys=1.69, real=2.74 secs] 
2020-08-03T02:27:00.573+0800: 12584004.551: [CMS-concurrent-preclean-start]
2020-08-03T02:27:00.581+0800: 12584004.559: [CMS-concurrent-preclean: 0.008/0.008 secs] [Times: user=0.00 sys=0.00, real=0.01 secs] 
2020-08-03T02:27:00.581+0800: 12584004.559: [CMS-concurrent-abortable-preclean-start]
2020-08-03T02:27:02.190+0800: 12584006.168: [GC (Allocation Failure) 2020-08-03T02:27:02.191+0800: 12584006.168: [ParNew: 732144K->63067K(737280K), 0.0855115 secs] 5226599K->4595073K(6209536K), 0.0857129 secs] [Times: user=0.53 sys=0.01, real=0.08 secs] 
 CMS: abort preclean due to time 2020-08-03T02:27:05.718+0800: 12584009.696: [CMS-concurrent-abortable-preclean: 4.545/5.137 secs] [Times: user=3.28 sys=1.54, real=5.13 secs] 
2020-08-03T02:27:05.720+0800: 12584009.697: [GC (CMS Final Remark) [YG occupancy: 104396 K (737280 K)]2020-08-03T02:27:05.720+0800: 12584009.698: [Rescan (parallel) , 0.0102837 secs]2020-08-03T02:27:05.730+0800: 12584009.708: [weak refs processing, 0.0000371 secs]2020-08-03T02:27:05.730+0800: 12584009.708: [class unloading, 0.0171068 secs]2020-08-03T02:27:05.747+0800: 12584009.725: [scrub symbol table, 0.0060105 secs]2020-08-03T02:27:05.753+0800: 12584009.731: [scrub string table, 0.0008367 secs][1 CMS-remark: 4532005K(5472256K)] 4636402K(6209536K), 0.0344255 secs] [Times: user=0.09 sys=0.01, real=0.03 secs] 
2020-08-03T02:27:05.754+0800: 12584009.732: [CMS-concurrent-sweep-start]
2020-08-03T02:27:07.656+0800: 12584011.634: [CMS-concurrent-sweep: 1.902/1.902 secs] [Times: user=2.29 sys=1.20, real=1.90 secs] 
2020-08-03T02:27:07.656+0800: 12584011.634: [CMS-concurrent-reset-start]
2020-08-03T02:27:07.677+0800: 12584011.655: [CMS-concurrent-reset: 0.021/0.021 secs] [Times: user=0.02 sys=0.03, real=0.02 secs] 
2020-08-03T02:27:09.678+0800: 12584013.655: [GC (CMS Initial Mark) [1 CMS-initial-mark: 4531994K(5472256K)] 4786431K(6209536K), 0.0151108 secs] [Times: user=0.11 sys=0.00, real=0.02 secs] 
2020-08-03T02:27:09.693+0800: 12584013.671: [CMS-concurrent-mark-start]
2020-08-03T02:27:12.867+0800: 12584016.845: [CMS-concurrent-mark: 3.174/3.174 secs] [Times: user=7.16 sys=1.84, real=3.18 secs] 
2020-08-03T02:27:12.867+0800: 12584016.845: [CMS-concurrent-preclean-start]
2020-08-03T02:27:12.877+0800: 12584016.854: [CMS-concurrent-preclean: 0.010/0.010 secs] [Times: user=0.00 sys=0.00, real=0.00 secs] 
2020-08-03T02:27:12.877+0800: 12584016.854: [CMS-concurrent-abortable-preclean-start]
 CMS: abort preclean due to time 2020-08-03T02:27:17.926+0800: 12584021.904: [CMS-concurrent-abortable-preclean: 3.348/5.050 secs] [Times: user=4.06 sys=1.62, real=5.05 secs] 
2020-08-03T02:27:17.928+0800: 12584021.906: [GC (CMS Final Remark) [YG occupancy: 451987 K (737280 K)]2020-08-03T02:27:17.928+0800: 12584021.906: [Rescan (parallel) , 0.0705932 secs]2020-08-03T02:27:17.999+0800: 12584021.976: [weak refs processing, 0.0000797 secs]2020-08-03T02:27:17.999+0800: 12584021.976: [class unloading, 0.0208286 secs]2020-08-03T02:27:18.020+0800: 12584021.997: [scrub symbol table, 0.0061689 secs]2020-08-03T02:27:18.026+0800: 12584022.004: [scrub string table, 0.0008972 secs][1 CMS-remark: 4531994K(5472256K)] 4983981K(6209536K), 0.0987683 secs] [Times: user=0.44 sys=0.00, real=0.10 secs] 
2020-08-03T02:27:18.027+0800: 12584022.005: [CMS-concurrent-sweep-start]
2020-08-03T02:27:19.788+0800: 12584023.765: [CMS-concurrent-sweep: 1.761/1.761 secs] [Times: user=2.05 sys=0.71, real=1.76 secs] 
2020-08-03T02:27:19.788+0800: 12584023.765: [CMS-concurrent-reset-start]
2020-08-03T02:27:19.806+0800: 12584023.784: [CMS-concurrent-reset: 0.018/0.018 secs] [Times: user=0.02 sys=0.01, real=0.01 secs] 
2020-08-03T02:27:21.807+0800: 12584025.785: [GC (CMS Initial Mark) [1 CMS-initial-mark: 4531208K(5472256K)] 5062636K(6209536K), 0.0306465 secs] [Times: user=0.23 sys=0.00, real=0.02 secs] 
2020-08-03T02:27:21.838+0800: 12584025.816: [CMS-concurrent-mark-start]
2020-08-03T02:27:24.550+0800: 12584028.528: [CMS-concurrent-mark: 2.712/2.712 secs] [Times: user=5.81 sys=0.02, real=2.72 secs] 
2020-08-03T02:27:24.550+0800: 12584028.528: [CMS-concurrent-preclean-start]
2020-08-03T02:27:24.558+0800: 12584028.536: [CMS-concurrent-preclean: 0.008/0.008 secs] [Times: user=0.01 sys=0.00, real=0.00 secs] 
2020-08-03T02:27:24.558+0800: 12584028.536: [CMS-concurrent-abortable-preclean-start]
 CMS: abort preclean due to time 2020-08-03T02:27:29.818+0800: 12584033.796: [CMS-concurrent-abortable-preclean: 3.551/5.260 secs] [Times: user=4.41 sys=2.13, real=5.26 secs] 
2020-08-03T02:27:29.820+0800: 12584033.798: [GC (CMS Final Remark) [YG occupancy: 682957 K (737280 K)]2020-08-03T02:27:29.820+0800: 12584033.798: [Rescan (parallel) , 0.0424252 secs]2020-08-03T02:27:29.862+0800: 12584033.840: [weak refs processing, 0.0000361 secs]2020-08-03T02:27:29.862+0800: 12584033.840: [class unloading, 0.0169527 secs]2020-08-03T02:27:29.879+0800: 12584033.857: [scrub symbol table, 0.0061029 secs]2020-08-03T02:27:29.885+0800: 12584033.863: [scrub string table, 0.0009920 secs][1 CMS-remark: 4531208K(5472256K)] 5214166K(6209536K), 0.0667008 secs] [Times: user=0.35 sys=0.00, real=0.07 secs] 
2020-08-03T02:27:29.887+0800: 12584033.865: [CMS-concurrent-sweep-start]
2020-08-03T02:27:30.851+0800: 12584034.829: [GC (Allocation Failure) 2020-08-03T02:27:30.851+0800: 12584034.829: [ParNew: 718427K->70494K(737280K), 0.0626414 secs] 5249631K->4619197K(6209536K), 0.0628164 secs] [Times: user=0.37 sys=0.00, real=0.06 secs] 
2020-08-03T02:27:31.695+0800: 12584035.672: [CMS-concurrent-sweep: 1.742/1.808 secs] [Times: user=2.46 sys=0.70, real=1.80 secs] 
2020-08-03T02:27:31.695+0800: 12584035.673: [CMS-concurrent-reset-start]
2020-08-03T02:27:31.713+0800: 12584035.691: [CMS-concurrent-reset: 0.019/0.019 secs] [Times: user=0.01 sys=0.00, real=0.02 secs] 
2020-08-03T02:27:33.714+0800: 12584037.692: [GC (CMS Initial Mark) [1 CMS-initial-mark: 4548573K(5472256K)] 4694159K(6209536K), 0.0100157 secs] [Times: user=0.06 sys=0.00, real=0.01 secs] 
2020-08-03T02:27:33.724+0800: 12584037.702: [CMS-concurrent-mark-start]
2020-08-03T02:27:36.934+0800: 12584040.912: [CMS-concurrent-mark: 3.210/3.210 secs] [Times: user=7.15 sys=1.31, real=3.21 secs] 
2020-08-03T02:27:36.934+0800: 12584040.912: [CMS-concurrent-preclean-start]
2020-08-03T02:27:36.942+0800: 12584040.920: [CMS-concurrent-preclean: 0.008/0.008 secs] [Times: user=0.02 sys=0.01, real=0.01 secs] 
2020-08-03T02:27:36.942+0800: 12584040.920: [CMS-concurrent-abortable-preclean-start]
 CMS: abort preclean due to time 2020-08-03T02:27:42.207+0800: 12584046.185: [CMS-concurrent-abortable-preclean: 4.062/5.265 secs] [Times: user=4.78 sys=1.65, real=5.27 secs] 
2020-08-03T02:27:42.209+0800: 12584046.187: [GC (CMS Final Remark) [YG occupancy: 344445 K (737280 K)]2020-08-03T02:27:42.209+0800: 12584046.187: [Rescan (parallel) , 0.0222989 secs]2020-08-03T02:27:42.231+0800: 12584046.209: [weak refs processing, 0.0000434 secs]2020-08-03T02:27:42.231+0800: 12584046.209: [class unloading, 0.0168902 secs]2020-08-03T02:27:42.248+0800: 12584046.226: [scrub symbol table, 0.0059848 secs]2020-08-03T02:27:42.254+0800: 12584046.232: [scrub string table, 0.0008421 secs][1 CMS-remark: 4548573K(5472256K)] 4893018K(6209536K), 0.0462296 secs] [Times: user=0.19 sys=0.00, real=0.04 secs] 
2020-08-03T02:27:42.255+0800: 12584046.233: [CMS-concurrent-sweep-start]
2020-08-03T02:27:43.930+0800: 12584047.908: [CMS-concurrent-sweep: 1.674/1.674 secs] [Times: user=1.93 sys=0.20, real=1.68 secs] 
2020-08-03T02:27:43.930+0800: 12584047.908: [CMS-concurrent-reset-start]
2020-08-03T02:27:43.951+0800: 12584047.929: [CMS-concurrent-reset: 0.021/0.021 secs] [Times: user=0.03 sys=0.02, real=0.02 secs] 
2020-08-03T02:27:45.952+0800: 12584049.930: [GC (CMS Initial Mark) [1 CMS-initial-mark: 4547865K(5472256K)] 4944590K(6209536K), 0.0272556 secs] [Times: user=0.17 sys=0.00, real=0.03 secs] 
2020-08-03T02:27:45.979+0800: 12584049.957: [CMS-concurrent-mark-start]
2020-08-03T02:27:48.785+0800: 12584052.763: [CMS-concurrent-mark: 2.806/2.806 secs] [Times: user=6.13 sys=0.96, real=2.80 secs] 
2020-08-03T02:27:48.785+0800: 12584052.763: [CMS-concurrent-preclean-start]
2020-08-03T02:27:48.793+0800: 12584052.771: [CMS-concurrent-preclean: 0.008/0.008 secs] [Times: user=0.01 sys=0.00, real=0.01 secs] 
2020-08-03T02:27:48.793+0800: 12584052.771: [CMS-concurrent-abortable-preclean-start]
 CMS: abort preclean due to time 2020-08-03T02:27:53.900+0800: 12584057.878: [CMS-concurrent-abortable-preclean: 3.804/5.107 secs] [Times: user=5.01 sys=3.30, real=5.11 secs] 
2020-08-03T02:27:53.902+0800: 12584057.880: [GC (CMS Final Remark) [YG occupancy: 654359 K (737280 K)]2020-08-03T02:27:53.902+0800: 12584057.880: [Rescan (parallel) , 0.0578328 secs]2020-08-03T02:27:53.960+0800: 12584057.938: [weak refs processing, 0.0000331 secs]2020-08-03T02:27:53.960+0800: 12584057.938: [class unloading, 0.0184376 secs]2020-08-03T02:27:53.978+0800: 12584057.956: [scrub symbol table, 0.0059892 secs]2020-08-03T02:27:53.984+0800: 12584057.962: [scrub string table, 0.0008313 secs][1 CMS-remark: 4547865K(5472256K)] 5202225K(6209536K), 0.0832755 secs] [Times: user=0.42 sys=0.00, real=0.08 secs] 
2020-08-03T02:27:53.985+0800: 12584057.963: [CMS-concurrent-sweep-start]
2020-08-03T02:27:55.651+0800: 12584059.629: [CMS-concurrent-sweep: 1.666/1.666 secs] [Times: user=1.90 sys=0.11, real=1.67 secs] 
2020-08-03T02:27:55.651+0800: 12584059.629: [CMS-concurrent-reset-start]
2020-08-03T02:27:55.670+0800: 12584059.648: [CMS-concurrent-reset: 0.018/0.018 secs] [Times: user=0.02 sys=0.00, real=0.02 secs] 
2020-08-03T02:27:56.713+0800: 12584060.691: [GC (Allocation Failure) 2020-08-03T02:27:56.713+0800: 12584060.691: [ParNew: 725854K->79631K(737280K), 0.0656442 secs] 5273708K->4648343K(6209536K), 0.0658532 secs] [Times: user=0.46 sys=0.00, real=0.07 secs] 
2020-08-03T02:27:56.781+0800: 12584060.759: [GC (CMS Initial Mark) [1 CMS-initial-mark: 4568712K(5472256K)] 4654852K(6209536K), 0.0066966 secs] [Times: user=0.04 sys=0.00, real=0.01 secs] 
2020-08-03T02:27:56.788+0800: 12584060.766: [CMS-concurrent-mark-start]
2020-08-03T02:28:00.474+0800: 12584064.451: [CMS-concurrent-mark: 3.685/3.685 secs] [Times: user=8.10 sys=1.93, real=3.68 secs] 
2020-08-03T02:28:00.474+0800: 12584064.452: [CMS-concurrent-preclean-start]
2020-08-03T02:28:00.501+0800: 12584064.479: [CMS-concurrent-preclean: 0.027/0.027 secs] [Times: user=0.01 sys=0.06, real=0.03 secs] 
2020-08-03T02:28:00.502+0800: 12584064.479: [CMS-concurrent-abortable-preclean-start]
 CMS: abort preclean due to time 2020-08-03T02:28:05.755+0800: 12584069.733: [CMS-concurrent-abortable-preclean: 3.852/5.254 secs] [Times: user=4.33 sys=2.36, real=5.25 secs] 
2020-08-03T02:28:05.757+0800: 12584069.735: [GC (CMS Final Remark) [YG occupancy: 311758 K (737280 K)]2020-08-03T02:28:05.757+0800: 12584069.735: [Rescan (parallel) , 0.0225534 secs]2020-08-03T02:28:05.780+0800: 12584069.757: [weak refs processing, 0.0000389 secs]2020-08-03T02:28:05.780+0800: 12584069.757: [class unloading, 0.0184693 secs]2020-08-03T02:28:05.798+0800: 12584069.776: [scrub symbol table, 0.0060960 secs]2020-08-03T02:28:05.804+0800: 12584069.782: [scrub string table, 0.0008281 secs][1 CMS-remark: 4568712K(5472256K)] 4880470K(6209536K), 0.0481363 secs] [Times: user=0.20 sys=0.00, real=0.05 secs] 
2020-08-03T02:28:05.805+0800: 12584069.783: [CMS-concurrent-sweep-start]
2020-08-03T02:28:07.605+0800: 12584071.583: [CMS-concurrent-sweep: 1.800/1.800 secs] [Times: user=2.25 sys=1.15, real=1.80 secs] 
2020-08-03T02:28:07.605+0800: 12584071.583: [CMS-concurrent-reset-start]
2020-08-03T02:28:07.623+0800: 12584071.601: [CMS-concurrent-reset: 0.018/0.018 secs] [Times: user=0.02 sys=0.00, real=0.02 secs] 
2020-08-03T02:28:09.624+0800: 12584073.602: [GC (CMS Initial Mark) [1 CMS-initial-mark: 4568549K(5472256K)] 4953615K(6209536K), 0.0240348 secs] [Times: user=0.18 sys=0.00, real=0.03 secs] 
2020-08-03T02:28:09.648+0800: 12584073.626: [CMS-concurrent-mark-start]
2020-08-03T02:28:13.813+0800: 12584077.791: [CMS-concurrent-mark: 4.165/4.165 secs] [Times: user=9.36 sys=2.84, real=4.16 secs] 
2020-08-03T02:28:13.813+0800: 12584077.791: [CMS-concurrent-preclean-start]
2020-08-03T02:28:13.821+0800: 12584077.799: [CMS-concurrent-preclean: 0.008/0.008 secs] [Times: user=0.01 sys=0.00, real=0.01 secs] 
2020-08-03T02:28:13.821+0800: 12584077.799: [CMS-concurrent-abortable-preclean-start]
 CMS: abort preclean due to time 2020-08-03T02:28:19.077+0800: 12584083.055: [CMS-concurrent-abortable-preclean: 3.754/5.256 secs] [Times: user=4.56 sys=2.37, real=5.25 secs] 
2020-08-03T02:28:19.079+0800: 12584083.056: [GC (CMS Final Remark) [YG occupancy: 551790 K (737280 K)]2020-08-03T02:28:19.079+0800: 12584083.056: [Rescan (parallel) , 0.0427101 secs]2020-08-03T02:28:19.121+0800: 12584083.099: [weak refs processing, 0.0000473 secs]2020-08-03T02:28:19.121+0800: 12584083.099: [class unloading, 0.0168450 secs]2020-08-03T02:28:19.138+0800: 12584083.116: [scrub symbol table, 0.0062604 secs]2020-08-03T02:28:19.145+0800: 12584083.122: [scrub string table, 0.0008312 secs][1 CMS-remark: 4568549K(5472256K)] 5120340K(6209536K), 0.0668516 secs] [Times: user=0.34 sys=0.00, real=0.06 secs] 
2020-08-03T02:28:19.146+0800: 12584083.123: [CMS-concurrent-sweep-start]
2020-08-03T02:28:20.821+0800: 12584084.799: [CMS-concurrent-sweep: 1.676/1.676 secs] [Times: user=1.81 sys=0.04, real=1.68 secs] 
2020-08-03T02:28:20.821+0800: 12584084.799: [CMS-concurrent-reset-start]
2020-08-03T02:28:20.840+0800: 12584084.818: [CMS-concurrent-reset: 0.018/0.018 secs] [Times: user=0.02 sys=0.00, real=0.02 secs] 
2020-08-03T02:28:22.840+0800: 12584086.818: [GC (CMS Initial Mark) [1 CMS-initial-mark: 4568352K(5472256K)] 5181809K(6209536K), 0.0374860 secs] [Times: user=0.28 sys=0.00, real=0.03 secs] 
2020-08-03T02:28:22.878+0800: 12584086.856: [CMS-concurrent-mark-start]
2020-08-03T02:28:25.832+0800: 12584089.810: [CMS-concurrent-mark: 2.954/2.954 secs] [Times: user=6.07 sys=0.59, real=2.96 secs] 
2020-08-03T02:28:25.832+0800: 12584089.810: [CMS-concurrent-preclean-start]
2020-08-03T02:28:25.840+0800: 12584089.818: [CMS-concurrent-preclean: 0.008/0.008 secs] [Times: user=0.00 sys=0.00, real=0.01 secs] 
2020-08-03T02:28:25.840+0800: 12584089.818: [CMS-concurrent-abortable-preclean-start]
2020-08-03T02:28:29.638+0800: 12584093.616: [GC (Allocation Failure) 2020-08-03T02:28:29.638+0800: 12584093.616: [ParNew2020-08-03T02:28:29.661+0800: 12584093.639: [CMS-concurrent-abortable-preclean: 2.808/3.821 secs] [Times: user=3.62 sys=1.47, real=3.82 secs] 
: 734991K->68079K(737280K), 0.0720970 secs] 5303343K->4659895K(6209536K), 0.0723069 secs] [Times: user=0.46 sys=0.00, real=0.08 secs] 
