2020-08-09T20:12:27.633+0800: 162014.220: [CMS-concurrent-mark: 1.285/1.285 secs] [Times: user=3.56 sys=0.31, real=1.28 secs] 
2020-08-09T20:12:27.633+0800: 162014.220: [CMS-concurrent-preclean-start]
2020-08-09T20:12:27.647+0800: 162014.235: [CMS-concurrent-preclean: 0.014/0.014 secs] [Times: user=0.03 sys=0.00, real=0.02 secs] 
2020-08-09T20:12:27.647+0800: 162014.235: [CMS-concurrent-abortable-preclean-start]
2020-08-09T20:12:30.387+0800: 162016.975: [GC (Allocation Failure) 2020-08-09T20:12:30.387+0800: 162016.975: [ParNew2020-08-09T20:12:30.421+0800: 162017.008: [CMS-concurrent-abortable-preclean: 1.871/2.773 secs] [Times: user=4.11 sys=0.76, real=2.77 secs] 
: 718436K->79876K(737280K), 0.1059298 secs] 6052566K->5459456K(8306688K), 0.1060782 secs] [Times: user=0.64 sys=0.00, real=0.10 secs] 
2020-08-09T20:12:30.494+0800: 162017.081: [GC (CMS Final Remark) [YG occupancy: 92854 K (737280 K)]2020-08-09T20:12:30.494+0800: 162017.081: [Rescan (parallel) , 0.0163792 secs]2020-08-09T20:12:30.511+0800: 162017.098: [weak refs processing, 0.0002233 secs]2020-08-09T20:12:30.511+0800: 162017.098: [class unloading, 0.0155668 secs]2020-08-09T20:12:30.526+0800: 162017.114: [scrub symbol table, 0.0060110 secs]2020-08-09T20:12:30.533+0800: 162017.120: [scrub string table, 0.0008285 secs][1 CMS-remark: 5379580K(7569408K)] 5472435K(8306688K), 0.0391997 secs] [Times: user=0.13 sys=0.00, real=0.04 secs] 
2020-08-09T20:12:30.534+0800: 162017.121: [CMS-concurrent-sweep-start]
2020-08-09T20:12:33.455+0800: 162020.042: [CMS-concurrent-sweep: 2.919/2.921 secs] [Times: user=5.01 sys=0.88, real=2.92 secs] 
2020-08-09T20:12:33.455+0800: 162020.042: [CMS-concurrent-reset-start]
2020-08-09T20:12:33.481+0800: 162020.069: [CMS-concurrent-reset: 0.026/0.026 secs] [Times: user=0.04 sys=0.01, real=0.03 secs] 
2020-08-09T20:12:34.424+0800: 162021.012: [GC (Allocation Failure) 2020-08-09T20:12:34.424+0800: 162021.012: [ParNew: 735236K->60878K(737280K), 0.0899756 secs] 2052449K->1423970K(8306688K), 0.0901188 secs] [Times: user=0.63 sys=0.00, real=0.09 secs] 
2020-08-09T20:12:38.485+0800: 162025.073: [GC (Allocation Failure) 2020-08-09T20:12:38.485+0800: 162025.073: [ParNew: 716238K->67855K(737280K), 0.0937792 secs] 2079330K->1476939K(8306688K), 0.0939289 secs] [Times: user=0.63 sys=0.00, real=0.10 secs] 
2020-08-09T20:12:42.484+0800: 162029.071: [GC (Allocation Failure) 2020-08-09T20:12:42.484+0800: 162029.071: [ParNew: 723215K->55666K(737280K), 0.0949803 secs] 2132299K->1510027K(8306688K), 0.0951219 secs] [Times: user=0.65 sys=0.00, real=0.10 secs] 
2020-08-09T20:12:46.440+0800: 162033.028: [GC (Allocation Failure) 2020-08-09T20:12:46.440+0800: 162033.028: [ParNew: 711026K->51344K(737280K), 0.0925041 secs] 2165387K->1551596K(8306688K), 0.0926379 secs] [Times: user=0.62 sys=0.00, real=0.09 secs] 
2020-08-09T20:12:50.892+0800: 162037.479: [GC (Allocation Failure) 2020-08-09T20:12:50.892+0800: 162037.479: [ParNew: 706704K->68400K(737280K), 0.1085717 secs] 2206956K->1614110K(8306688K), 0.1087044 secs] [Times: user=0.62 sys=0.00, real=0.11 secs] 
2020-08-09T20:12:55.199+0800: 162041.786: [GC (Allocation Failure) 2020-08-09T20:12:55.199+0800: 162041.786: [ParNew: 723760K->68237K(737280K), 0.0920295 secs] 2269470K->1659300K(8306688K), 0.0921590 secs] [Times: user=0.62 sys=0.00, real=0.09 secs] 
2020-08-09T20:12:59.269+0800: 162045.856: [GC (Allocation Failure) 2020-08-09T20:12:59.269+0800: 162045.856: [ParNew: 723597K->56979K(737280K), 0.0908970 secs] 2314660K->1693542K(8306688K), 0.0910195 secs] [Times: user=0.64 sys=0.00, real=0.09 secs] 
2020-08-09T20:13:03.507+0800: 162050.094: [GC (Allocation Failure) 2020-08-09T20:13:03.507+0800: 162050.094: [ParNew: 712339K->51201K(737280K), 0.0910389 secs] 2348902K->1733093K(8306688K), 0.0911874 secs] [Times: user=0.63 sys=0.00, real=0.08 secs] 
2020-08-09T20:13:07.890+0800: 162054.477: [GC (Allocation Failure) 2020-08-09T20:13:07.890+0800: 162054.478: [ParNew: 706561K->62815K(737280K), 0.1068544 secs] 2388453K->1790275K(8306688K), 0.1070041 secs] [Times: user=0.60 sys=0.00, real=0.10 secs] 
2020-08-09T20:13:12.537+0800: 162059.124: [GC (Allocation Failure) 2020-08-09T20:13:12.537+0800: 162059.124: [ParNew: 718175K->57175K(737280K), 0.0927341 secs] 2445635K->1830312K(8306688K), 0.0943349 secs] [Times: user=0.63 sys=0.00, real=0.10 secs] 
2020-08-09T20:13:18.235+0800: 162064.822: [GC (Allocation Failure) 2020-08-09T20:13:18.235+0800: 162064.822: [ParNew: 712535K->68280K(737280K), 0.0937289 secs] 2485672K->1886731K(8306688K), 0.0938546 secs] [Times: user=0.56 sys=0.00, real=0.10 secs] 
2020-08-09T20:13:26.526+0800: 162073.113: [GC (Allocation Failure) 2020-08-09T20:13:26.526+0800: 162073.113: [ParNew: 723640K->62375K(737280K), 0.0854600 secs] 2542091K->1925999K(8306688K), 0.0855922 secs] [Times: user=0.50 sys=0.00, real=0.09 secs] 
2020-08-09T20:13:35.881+0800: 162082.468: [GC (Allocation Failure) 2020-08-09T20:13:35.881+0800: 162082.468: [ParNew: 717735K->62499K(737280K), 0.0907885 secs] 2581359K->1971506K(8306688K), 0.0909258 secs] [Times: user=0.60 sys=0.00, real=0.09 secs] 
2020-08-09T20:13:44.240+0800: 162090.827: [GC (Allocation Failure) 2020-08-09T20:13:44.240+0800: 162090.827: [ParNew: 717859K->62949K(737280K), 0.1004854 secs] 2626866K->2017638K(8306688K), 0.1006263 secs] [Times: user=0.62 sys=0.00, real=0.10 secs] 
2020-08-09T20:13:50.052+0800: 162096.639: [GC (Allocation Failure) 2020-08-09T20:13:50.052+0800: 162096.639: [ParNew: 718309K->81920K(737280K), 0.0953912 secs] 2672998K->2084789K(8306688K), 0.0955219 secs] [Times: user=0.59 sys=0.00, real=0.10 secs] 
2020-08-09T20:13:53.109+0800: 162099.697: [GC (Allocation Failure) 2020-08-09T20:13:53.109+0800: 162099.697: [ParNew: 727871K->81920K(737280K), 0.0911143 secs] 2730741K->2247381K(8306688K), 0.0912537 secs] [Times: user=0.60 sys=0.00, real=0.09 secs] 
2020-08-09T20:13:57.519+0800: 162104.107: [GC (Allocation Failure) 2020-08-09T20:13:57.519+0800: 162104.107: [ParNew: 737280K->46071K(737280K), 0.0772763 secs] 2902741K->2251722K(8306688K), 0.0774083 secs] [Times: user=0.32 sys=0.00, real=0.07 secs] 
2020-08-09T20:14:07.532+0800: 162114.119: [GC (Allocation Failure) 2020-08-09T20:14:07.532+0800: 162114.119: [ParNew: 701431K->71533K(737280K), 0.0555061 secs] 2907082K->2277184K(8306688K), 0.0556292 secs] [Times: user=0.42 sys=0.00, real=0.06 secs] 
2020-08-09T20:14:16.026+0800: 162122.613: [GC (Allocation Failure) 2020-08-09T20:14:16.026+0800: 162122.613: [ParNew: 726893K->60539K(737280K), 0.1228565 secs] 2932544K->2331488K(8306688K), 0.1230161 secs] [Times: user=0.70 sys=0.00, real=0.13 secs] 
2020-08-09T20:14:23.001+0800: 162129.588: [GC (Allocation Failure) 2020-08-09T20:14:23.001+0800: 162129.588: [ParNew: 715899K->59167K(737280K), 0.1019310 secs] 2986848K->2375212K(8306688K), 0.1020581 secs] [Times: user=0.57 sys=0.00, real=0.10 secs] 
2020-08-09T20:14:31.333+0800: 162137.920: [GC (Allocation Failure) 2020-08-09T20:14:31.333+0800: 162137.920: [ParNew: 714423K->57719K(737280K), 0.1037046 secs] 3030468K->2419345K(8306688K), 0.1038479 secs] [Times: user=0.57 sys=0.00, real=0.10 secs] 
2020-08-09T20:14:38.462+0800: 162145.049: [GC (Allocation Failure) 2020-08-09T20:14:38.462+0800: 162145.049: [ParNew: 713079K->55329K(737280K), 0.0904505 secs] 3074705K->2460332K(8306688K), 0.0905920 secs] [Times: user=0.61 sys=0.00, real=0.09 secs] 
2020-08-09T20:14:45.941+0800: 162152.528: [GC (Allocation Failure) 2020-08-09T20:14:45.941+0800: 162152.528: [ParNew: 710689K->66372K(737280K), 0.0922167 secs] 3115692K->2515507K(8306688K), 0.0923611 secs] [Times: user=0.58 sys=0.00, real=0.09 secs] 
2020-08-09T20:14:54.813+0800: 162161.401: [GC (Allocation Failure) 2020-08-09T20:14:54.813+0800: 162161.401: [ParNew: 721732K->51367K(737280K), 0.0918630 secs] 3170867K->2546141K(8306688K), 0.0920714 secs] [Times: user=0.58 sys=0.00, real=0.09 secs] 
2020-08-09T20:15:03.862+0800: 162170.449: [GC (Allocation Failure) 2020-08-09T20:15:03.862+0800: 162170.450: [ParNew: 706727K->52460K(737280K), 0.0995783 secs] 3201501K->2587939K(8306688K), 0.0997047 secs] [Times: user=0.63 sys=0.00, real=0.10 secs] 
2020-08-09T20:15:11.249+0800: 162177.836: [GC (Allocation Failure) 2020-08-09T20:15:11.249+0800: 162177.836: [ParNew: 707820K->67009K(737280K), 0.1347797 secs] 3243299K->2647979K(8306688K), 0.1349193 secs] [Times: user=0.65 sys=0.00, real=0.13 secs] 
2020-08-09T20:15:18.313+0800: 162184.900: [GC (Allocation Failure) 2020-08-09T20:15:18.313+0800: 162184.900: [ParNew: 722369K->62520K(737280K), 0.0914566 secs] 3303339K->2689069K(8306688K), 0.0915853 secs] [Times: user=0.63 sys=0.00, real=0.09 secs] 
2020-08-09T20:15:24.910+0800: 162191.498: [GC (Allocation Failure) 2020-08-09T20:15:24.910+0800: 162191.498: [ParNew: 717880K->57785K(737280K), 0.0947690 secs] 3344429K->2730646K(8306688K), 0.0949381 secs] [Times: user=0.62 sys=0.00, real=0.09 secs] 
2020-08-09T20:15:33.614+0800: 162200.201: [GC (Allocation Failure) 2020-08-09T20:15:33.614+0800: 162200.201: [ParNew: 713145K->56961K(737280K), 0.0976206 secs] 3386006K->2775033K(8306688K), 0.0977398 secs] [Times: user=0.62 sys=0.00, real=0.10 secs] 
2020-08-09T20:15:44.120+0800: 162210.707: [GC (Allocation Failure) 2020-08-09T20:15:44.120+0800: 162210.707: [ParNew: 712321K->56398K(737280K), 0.0947669 secs] 3430393K->2819355K(8306688K), 0.0949108 secs] [Times: user=0.64 sys=0.00, real=0.09 secs] 
2020-08-09T20:15:51.517+0800: 162218.104: [GC (Allocation Failure) 2020-08-09T20:15:51.517+0800: 162218.104: [ParNew: 711758K->62574K(737280K), 0.0919953 secs] 3474715K->2871077K(8306688K), 0.0921150 secs] [Times: user=0.61 sys=0.00, real=0.10 secs] 
2020-08-09T20:15:59.120+0800: 162225.707: [GC (Allocation Failure) 2020-08-09T20:15:59.120+0800: 162225.707: [ParNew: 717934K->57095K(737280K), 0.0949293 secs] 3526437K->2911176K(8306688K), 0.0950581 secs] [Times: user=0.61 sys=0.00, real=0.09 secs] 
2020-08-09T20:16:07.688+0800: 162234.275: [GC (Allocation Failure) 2020-08-09T20:16:07.688+0800: 162234.275: [ParNew: 712455K->62100K(737280K), 0.1173659 secs] 3566536K->2961071K(8306688K), 0.1174978 secs] [Times: user=0.58 sys=0.00, real=0.11 secs] 
2020-08-09T20:16:16.637+0800: 162243.224: [GC (Allocation Failure) 2020-08-09T20:16:16.637+0800: 162243.224: [ParNew: 717460K->62636K(737280K), 0.1051958 secs] 3616431K->3006945K(8306688K), 0.1053548 secs] [Times: user=0.54 sys=0.00, real=0.11 secs] 
2020-08-09T20:16:26.120+0800: 162252.707: [GC (Allocation Failure) 2020-08-09T20:16:26.120+0800: 162252.707: [ParNew: 717996K->54914K(737280K), 0.0866277 secs] 3662305K->3041795K(8306688K), 0.0867871 secs] [Times: user=0.55 sys=0.00, real=0.09 secs] 
2020-08-09T20:16:39.643+0800: 162266.230: [GC (Allocation Failure) 2020-08-09T20:16:39.643+0800: 162266.230: [ParNew: 710274K->62908K(737280K), 0.0780786 secs] 3697155K->3090015K(8306688K), 0.0782052 secs] [Times: user=0.51 sys=0.00, real=0.08 secs] 
2020-08-09T20:16:52.466+0800: 162279.053: [GC (Allocation Failure) 2020-08-09T20:16:52.466+0800: 162279.053: [ParNew: 718268K->81920K(737280K), 0.0692099 secs] 3745375K->3116136K(8306688K), 0.0693407 secs] [Times: user=0.48 sys=0.00, real=0.07 secs] 
2020-08-09T20:17:07.555+0800: 162294.142: [GC (Allocation Failure) 2020-08-09T20:17:07.555+0800: 162294.142: [ParNew: 737280K->81920K(737280K), 0.0998256 secs] 3771496K->3160721K(8306688K), 0.0999717 secs] [Times: user=0.68 sys=0.00, real=0.10 secs] 
2020-08-09T20:17:23.340+0800: 162309.927: [GC (Allocation Failure) 2020-08-09T20:17:23.340+0800: 162309.927: [ParNew: 737280K->81920K(737280K), 0.1363241 secs] 3816081K->3239536K(8306688K), 0.1364866 secs] [Times: user=0.73 sys=0.00, real=0.13 secs] 
2020-08-09T20:17:31.300+0800: 162317.888: [GC (Allocation Failure) 2020-08-09T20:17:31.301+0800: 162317.888: [ParNew: 737280K->63360K(737280K), 0.0957093 secs] 3894896K->3266500K(8306688K), 0.0958391 secs] [Times: user=0.60 sys=0.00, real=0.09 secs] 
2020-08-09T20:17:43.999+0800: 162330.586: [GC (Allocation Failure) 2020-08-09T20:17:43.999+0800: 162330.586: [ParNew: 718720K->65070K(737280K), 0.0951279 secs] 3921860K->3313889K(8306688K), 0.0952528 secs] [Times: user=0.57 sys=0.00, real=0.09 secs] 
2020-08-09T20:17:52.779+0800: 162339.366: [GC (Allocation Failure) 2020-08-09T20:17:52.779+0800: 162339.366: [ParNew: 720430K->67596K(737280K), 0.0978583 secs] 3969249K->3361924K(8306688K), 0.0979918 secs] [Times: user=0.58 sys=0.00, real=0.09 secs] 
2020-08-09T20:17:57.748+0800: 162344.336: [GC (Allocation Failure) 2020-08-09T20:17:57.748+0800: 162344.336: [ParNew: 722956K->68094K(737280K), 0.0981985 secs] 4017284K->3407818K(8306688K), 0.0983307 secs] [Times: user=0.58 sys=0.00, real=0.10 secs] 
2020-08-09T20:18:12.484+0800: 162359.071: [GC (Allocation Failure) 2020-08-09T20:18:12.484+0800: 162359.071: [ParNew: 723454K->51711K(737280K), 0.0989508 secs] 4063178K->3437432K(8306688K), 0.0990931 secs] [Times: user=0.61 sys=0.00, real=0.10 secs] 
2020-08-09T20:18:19.408+0800: 162365.995: [GC (Allocation Failure) 2020-08-09T20:18:19.408+0800: 162365.995: [ParNew: 707071K->68771K(737280K), 0.1129821 secs] 4092792K->3500226K(8306688K), 0.1131374 secs] [Times: user=0.51 sys=0.00, real=0.11 secs] 
2020-08-09T20:18:29.620+0800: 162376.207: [GC (Allocation Failure) 2020-08-09T20:18:29.620+0800: 162376.207: [ParNew: 724131K->68420K(737280K), 0.1092438 secs] 4155586K->3545297K(8306688K), 0.1093960 secs] [Times: user=0.65 sys=0.00, real=0.11 secs] 
2020-08-09T20:18:37.367+0800: 162383.954: [GC (Allocation Failure) 2020-08-09T20:18:37.367+0800: 162383.954: [ParNew: 723780K->57137K(737280K), 0.0921461 secs] 4200657K->3579683K(8306688K), 0.0922732 secs] [Times: user=0.61 sys=0.00, real=0.09 secs] 
2020-08-09T20:18:45.208+0800: 162391.795: [GC (Allocation Failure) 2020-08-09T20:18:45.208+0800: 162391.795: [ParNew: 712497K->62758K(737280K), 0.0933127 secs] 4235043K->3630821K(8306688K), 0.0934473 secs] [Times: user=0.57 sys=0.00, real=0.09 secs] 
2020-08-09T20:18:50.290+0800: 162396.877: [GC (Allocation Failure) 2020-08-09T20:18:50.290+0800: 162396.877: [ParNew: 718118K->68999K(737280K), 0.1095574 secs] 4286181K->3683061K(8306688K), 0.1096808 secs] [Times: user=0.73 sys=0.00, real=0.11 secs] 
2020-08-09T20:18:55.595+0800: 162402.182: [GC (Allocation Failure) 2020-08-09T20:18:55.595+0800: 162402.183: [ParNew: 724359K->57281K(737280K), 0.0943875 secs] 4338421K->3716955K(8306688K), 0.0945172 secs] [Times: user=0.58 sys=0.00, real=0.10 secs] 
2020-08-09T20:19:02.054+0800: 162408.641: [GC (Allocation Failure) 2020-08-09T20:19:02.054+0800: 162408.641: [ParNew: 712641K->63107K(737280K), 0.1220053 secs] 4372315K->3768625K(8306688K), 0.1221521 secs] [Times: user=0.53 sys=0.00, real=0.12 secs] 
2020-08-09T20:19:06.801+0800: 162413.388: [GC (Allocation Failure) 2020-08-09T20:19:06.801+0800: 162413.388: [ParNew: 718467K->68714K(737280K), 0.1382439 secs] 4423985K->3819878K(8306688K), 0.1383893 secs] [Times: user=0.60 sys=0.00, real=0.14 secs] 
2020-08-09T20:19:11.382+0800: 162417.970: [GC (Allocation Failure) 2020-08-09T20:19:11.382+0800: 162417.970: [ParNew: 724074K->74487K(737280K), 0.1363508 secs] 4475238K->3871360K(8306688K), 0.1364747 secs] [Times: user=0.58 sys=0.00, real=0.14 secs] 
2020-08-09T20:19:17.555+0800: 162424.143: [GC (Allocation Failure) 2020-08-09T20:19:17.555+0800: 162424.143: [ParNew: 729847K->68544K(737280K), 0.1104334 secs] 4526720K->3910927K(8306688K), 0.1106245 secs] [Times: user=0.58 sys=0.00, real=0.11 secs] 
2020-08-09T20:19:22.046+0800: 162428.633: [GC (Allocation Failure) 2020-08-09T20:19:22.046+0800: 162428.633: [ParNew: 723904K->67560K(737280K), 0.1244092 secs] 4566287K->3954638K(8306688K), 0.1245566 secs] [Times: user=0.63 sys=0.00, real=0.13 secs] 
2020-08-09T20:19:26.889+0800: 162433.476: [GC (Allocation Failure) 2020-08-09T20:19:26.889+0800: 162433.476: [ParNew: 722920K->73945K(737280K), 0.1505899 secs] 4609998K->4006581K(8306688K), 0.1507498 secs] [Times: user=0.56 sys=0.00, real=0.15 secs] 
2020-08-09T20:19:31.402+0800: 162437.989: [GC (Allocation Failure) 2020-08-09T20:19:31.402+0800: 162437.989: [ParNew: 729305K->68233K(737280K), 0.1101368 secs] 4661941K->4046245K(8306688K), 0.1102819 secs] [Times: user=0.55 sys=0.00, real=0.11 secs] 
2020-08-09T20:19:35.906+0800: 162442.494: [GC (Allocation Failure) 2020-08-09T20:19:35.907+0800: 162442.494: [ParNew: 723593K->68611K(737280K), 0.1163349 secs] 4701605K->4092349K(8306688K), 0.1164888 secs] [Times: user=0.59 sys=0.00, real=0.12 secs] 
2020-08-09T20:19:40.620+0800: 162447.208: [GC (Allocation Failure) 2020-08-09T20:19:40.621+0800: 162447.208: [ParNew: 723971K->56931K(737280K), 0.0871810 secs] 4747709K->4126047K(8306688K), 0.0873067 secs] [Times: user=0.60 sys=0.00, real=0.09 secs] 
2020-08-09T20:19:45.189+0800: 162451.776: [GC (Allocation Failure) 2020-08-09T20:19:45.189+0800: 162451.776: [ParNew: 712291K->73847K(737280K), 0.0756840 secs] 4781407K->4188269K(8306688K), 0.0758344 secs] [Times: user=0.51 sys=0.00, real=0.07 secs] 
2020-08-09T20:19:52.284+0800: 162458.871: [GC (Allocation Failure) 2020-08-09T20:19:52.284+0800: 162458.871: [ParNew: 729207K->57376K(737280K), 0.1013724 secs] 4843629K->4217711K(8306688K), 0.1015171 secs] [Times: user=0.69 sys=0.00, real=0.10 secs] 
2020-08-09T20:19:56.913+0800: 162463.500: [GC (Allocation Failure) 2020-08-09T20:19:56.913+0800: 162463.500: [ParNew: 712736K->74452K(737280K), 0.1023410 secs] 4873071K->4280478K(8306688K), 0.1024699 secs] [Times: user=0.60 sys=0.00, real=0.10 secs] 
2020-08-09T20:20:04.497+0800: 162471.084: [GC (Allocation Failure) 2020-08-09T20:20:04.497+0800: 162471.084: [ParNew: 729812K->57512K(737280K), 0.0911460 secs] 4935838K->4309497K(8306688K), 0.0912744 secs] [Times: user=0.59 sys=0.00, real=0.10 secs] 
2020-08-09T20:20:08.991+0800: 162475.579: [GC (Allocation Failure) 2020-08-09T20:20:08.991+0800: 162475.579: [ParNew: 712872K->63099K(737280K), 0.0948498 secs] 4964857K->4360836K(8306688K), 0.0949866 secs] [Times: user=0.58 sys=0.00, real=0.09 secs] 
2020-08-09T20:20:13.533+0800: 162480.120: [GC (Allocation Failure) 2020-08-09T20:20:13.533+0800: 162480.120: [ParNew: 718459K->63315K(737280K), 0.1168124 secs] 5016196K->4407017K(8306688K), 0.1169392 secs] [Times: user=0.59 sys=0.00, real=0.12 secs] 
2020-08-09T20:20:18.672+0800: 162485.259: [GC (Allocation Failure) 2020-08-09T20:20:18.672+0800: 162485.259: [ParNew: 718675K->63116K(737280K), 0.1126174 secs] 5062377K->4452595K(8306688K), 0.1127547 secs] [Times: user=0.58 sys=0.00, real=0.11 secs] 
2020-08-09T20:20:23.104+0800: 162489.691: [GC (Allocation Failure) 2020-08-09T20:20:23.104+0800: 162489.691: [ParNew: 718476K->57729K(737280K), 0.0991978 secs] 5107955K->4493361K(8306688K), 0.0993321 secs] [Times: user=0.65 sys=0.00, real=0.10 secs] 
2020-08-09T20:20:27.697+0800: 162494.284: [GC (Allocation Failure) 2020-08-09T20:20:27.697+0800: 162494.284: [ParNew: 713089K->57508K(737280K), 0.0946670 secs] 5148721K->4539007K(8306688K), 0.0947947 secs] [Times: user=0.66 sys=0.00, real=0.10 secs] 
2020-08-09T20:20:32.066+0800: 162498.654: [GC (Allocation Failure) 2020-08-09T20:20:32.067+0800: 162498.654: [ParNew: 712868K->51688K(737280K), 0.0881011 secs] 5194367K->4578958K(8306688K), 0.0882464 secs] [Times: user=0.62 sys=0.00, real=0.09 secs] 
2020-08-09T20:20:36.386+0800: 162502.973: [GC (Allocation Failure) 2020-08-09T20:20:36.386+0800: 162502.973: [ParNew: 707048K->51127K(737280K), 0.0895058 secs] 5234318K->4623561K(8306688K), 0.0896518 secs] [Times: user=0.63 sys=0.00, real=0.09 secs] 
2020-08-09T20:20:41.119+0800: 162507.707: [GC (Allocation Failure) 2020-08-09T20:20:41.120+0800: 162507.707: [ParNew: 706487K->51643K(737280K), 0.0895105 secs] 5278921K->4670021K(8306688K), 0.0896369 secs] [Times: user=0.62 sys=0.00, real=0.09 secs] 
2020-08-09T20:20:45.619+0800: 162512.207: [GC (Allocation Failure) 2020-08-09T20:20:45.620+0800: 162512.207: [ParNew: 707003K->57532K(737280K), 0.0907114 secs] 5325381K->4721854K(8306688K), 0.0908741 secs] [Times: user=0.65 sys=0.00, real=0.09 secs] 
2020-08-09T20:20:50.159+0800: 162516.747: [GC (Allocation Failure) 2020-08-09T20:20:50.159+0800: 162516.747: [ParNew: 712892K->51580K(737280K), 0.0933085 secs] 5377214K->4761613K(8306688K), 0.0934690 secs] [Times: user=0.63 sys=0.00, real=0.09 secs] 
2020-08-09T20:20:54.821+0800: 162521.409: [GC (Allocation Failure) 2020-08-09T20:20:54.821+0800: 162521.409: [ParNew: 706940K->57549K(737280K), 0.0912205 secs] 5416973K->4813504K(8306688K), 0.0913468 secs] [Times: user=0.62 sys=0.00, real=0.09 secs] 
2020-08-09T20:20:59.293+0800: 162525.880: [GC (Allocation Failure) 2020-08-09T20:20:59.293+0800: 162525.880: [ParNew: 712909K->51787K(737280K), 0.0925035 secs] 5468864K->4853682K(8306688K), 0.0926318 secs] [Times: user=0.64 sys=0.00, real=0.09 secs] 
2020-08-09T20:21:03.953+0800: 162530.540: [GC (Allocation Failure) 2020-08-09T20:21:03.953+0800: 162530.540: [ParNew: 707147K->68580K(737280K), 0.1268639 secs] 5509042K->4915942K(8306688K), 0.1270062 secs] [Times: user=0.65 sys=0.00, real=0.13 secs] 
2020-08-09T20:21:08.940+0800: 162535.528: [GC (Allocation Failure) 2020-08-09T20:21:08.941+0800: 162535.528: [ParNew: 723940K->51585K(737280K), 0.0881097 secs] 5571302K->4944721K(8306688K), 0.0882312 secs] [Times: user=0.62 sys=0.00, real=0.09 secs] 
2020-08-09T20:21:13.752+0800: 162540.339: [GC (Allocation Failure) 2020-08-09T20:21:13.752+0800: 162540.339: [ParNew: 706945K->68526K(737280K), 0.1174490 secs] 5600081K->5007104K(8306688K), 0.1175639 secs] [Times: user=0.59 sys=0.00, real=0.12 secs] 
2020-08-09T20:21:18.693+0800: 162545.280: [GC (Allocation Failure) 2020-08-09T20:21:18.693+0800: 162545.280: [ParNew: 723886K->57083K(737280K), 0.0887957 secs] 5662464K->5041191K(8306688K), 0.0889207 secs] [Times: user=0.63 sys=0.00, real=0.09 secs] 
2020-08-09T20:21:23.526+0800: 162550.113: [GC (Allocation Failure) 2020-08-09T20:21:23.526+0800: 162550.113: [ParNew: 712443K->56258K(737280K), 0.0980065 secs] 5696551K->5085020K(8306688K), 0.0981384 secs] [Times: user=0.67 sys=0.00, real=0.10 secs] 
2020-08-09T20:21:28.097+0800: 162554.685: [GC (Allocation Failure) 2020-08-09T20:21:28.097+0800: 162554.685: [ParNew: 711618K->62184K(737280K), 0.0928413 secs] 5740380K->5136132K(8306688K), 0.0929927 secs] [Times: user=0.64 sys=0.00, real=0.10 secs] 
2020-08-09T20:21:32.549+0800: 162559.136: [GC (Allocation Failure) 2020-08-09T20:21:32.549+0800: 162559.137: [ParNew: 717544K->56933K(737280K), 0.0999141 secs] 5791492K->5176360K(8306688K), 0.1000645 secs] [Times: user=0.70 sys=0.00, real=0.10 secs] 
2020-08-09T20:21:36.604+0800: 162563.191: [GC (Allocation Failure) 2020-08-09T20:21:36.604+0800: 162563.191: [ParNew: 712293K->81920K(737280K), 1.0609959 secs] 5831720K->5461906K(8306688K), 1.0611330 secs] [Times: user=7.57 sys=0.00, real=1.06 secs] 
2020-08-09T20:21:37.666+0800: 162564.253: [GC (CMS Initial Mark) [1 CMS-initial-mark: 5379986K(7569408K)] 5467287K(8306688K), 0.1794384 secs] [Times: user=0.24 sys=0.00, real=0.18 secs] 
2020-08-09T20:21:37.846+0800: 162564.433: [CMS-concurrent-mark-start]
2020-08-09T20:21:38.288+0800: 162564.875: [GC (Allocation Failure) 2020-08-09T20:21:38.288+0800: 162564.875: [ParNew: 737280K->29480K(737280K), 0.1490311 secs] 6117266K->5491385K(8306688K), 0.1491534 secs] [Times: user=1.08 sys=0.00, real=0.14 secs] 
2020-08-09T20:21:38.879+0800: 162565.466: [GC (Allocation Failure) 2020-08-09T20:21:38.879+0800: 162565.466: [ParNew: 684840K->9828K(737280K), 0.0090590 secs] 6146745K->5471734K(8306688K), 0.0091648 secs] [Times: user=0.07 sys=0.00, real=0.01 secs] 
2020-08-09T20:21:39.325+0800: 162565.912: [GC (Allocation Failure) 2020-08-09T20:21:39.325+0800: 162565.912: [ParNew: 665188K->2459K(737280K), 0.0092327 secs] 6127094K->5464365K(8306688K), 0.0093524 secs] [Times: user=0.07 sys=0.00, real=0.01 secs] 
2020-08-09T20:21:39.731+0800: 162566.318: [GC (Allocation Failure) 2020-08-09T20:21:39.731+0800: 162566.318: [ParNew: 657819K->617K(737280K), 0.0089513 secs] 6119725K->5462523K(8306688K), 0.0090591 secs] [Times: user=0.06 sys=0.00, real=0.01 secs] 
2020-08-09T20:21:40.359+0800: 162566.947: [GC (Allocation Failure) 2020-08-09T20:21:40.359+0800: 162566.947: [ParNew: 655977K->137K(737280K), 0.0089550 secs] 6117883K->5462043K(8306688K), 0.0090609 secs] [Times: user=0.07 sys=0.00, real=0.01 secs] 
2020-08-09T20:21:40.795+0800: 162567.383: [GC (Allocation Failure) 2020-08-09T20:21:40.795+0800: 162567.383: [ParNew: 655497K->42K(737280K), 0.0090122 secs] 6117403K->5461947K(8306688K), 0.0091347 secs] [Times: user=0.06 sys=0.00, real=0.01 secs] 
2020-08-09T20:21:41.215+0800: 162567.802: [GC (Allocation Failure) 2020-08-09T20:21:41.215+0800: 162567.803: [ParNew: 655402K->22K(737280K), 0.0093964 secs] 6117307K->5461936K(8306688K), 0.0095426 secs] [Times: user=0.07 sys=0.00, real=0.01 secs] 
2020-08-09T20:21:41.631+0800: 162568.218: [GC (Allocation Failure) 2020-08-09T20:21:41.631+0800: 162568.218: [ParNew: 655382K->20K(737280K), 0.0092697 secs] 6117296K->5461938K(8306688K), 0.0093759 secs] [Times: user=0.06 sys=0.00, real=0.01 secs] 
2020-08-09T20:21:42.110+0800: 162568.697: [GC (Allocation Failure) 2020-08-09T20:21:42.110+0800: 162568.697: [ParNew: 655380K->20K(737280K), 0.0160977 secs] 6117298K->5461938K(8306688K), 0.0162164 secs] [Times: user=0.10 sys=0.00, real=0.01 secs] 
2020-08-09T20:21:42.569+0800: 162569.156: [GC (Allocation Failure) 2020-08-09T20:21:42.569+0800: 162569.156: [ParNew: 655380K->18K(737280K), 0.0137271 secs] 6117298K->5461936K(8306688K), 0.0138533 secs] [Times: user=0.10 sys=0.00, real=0.01 secs] 
2020-08-09T20:21:42.894+0800: 162569.481: [CMS-concurrent-mark: 4.796/5.048 secs] [Times: user=16.23 sys=0.00, real=5.05 secs] 
2020-08-09T20:21:42.894+0800: 162569.481: [CMS-concurrent-preclean-start]
2020-08-09T20:21:43.092+0800: 162569.679: [GC (Allocation Failure) 2020-08-09T20:21:43.092+0800: 162569.679: [ParNew: 655378K->18K(737280K), 0.0091217 secs] 6117296K->5461936K(8306688K), 0.0092352 secs] [Times: user=0.07 sys=0.00, real=0.01 secs] 
2020-08-09T20:21:43.115+0800: 162569.702: [CMS-concurrent-preclean: 0.208/0.221 secs] [Times: user=0.44 sys=0.00, real=0.22 secs] 
2020-08-09T20:21:43.115+0800: 162569.703: [CMS-concurrent-abortable-preclean-start]
2020-08-09T20:21:43.459+0800: 162570.047: [CMS-concurrent-abortable-preclean: 0.044/0.344 secs] [Times: user=0.39 sys=0.00, real=0.35 secs] 
2020-08-09T20:21:43.460+0800: 162570.047: [GC (CMS Final Remark) [YG occupancy: 586780 K (737280 K)]2020-08-09T20:21:43.460+0800: 162570.047: [Rescan (parallel) , 0.0422951 secs]2020-08-09T20:21:43.503+0800: 162570.090: [weak refs processing, 0.0002342 secs]2020-08-09T20:21:43.503+0800: 162570.090: [class unloading, 0.0155848 secs]2020-08-09T20:21:43.518+0800: 162570.106: [scrub symbol table, 0.0061026 secs]2020-08-09T20:21:43.525+0800: 162570.112: [scrub string table, 0.0014107 secs][1 CMS-remark: 5461918K(7569408K)] 6048699K(8306688K), 0.0658114 secs] [Times: user=0.35 sys=0.00, real=0.06 secs] 
2020-08-09T20:21:43.528+0800: 162570.115: [CMS-concurrent-sweep-start]
2020-08-09T20:21:43.569+0800: 162570.156: [GC (Allocation Failure) 2020-08-09T20:21:43.569+0800: 162570.156: [ParNew: 655378K->18K(737280K), 0.0126159 secs] 6117178K->5461819K(8306688K), 0.0127377 secs] [Times: user=0.08 sys=0.00, real=0.01 secs] 
2020-08-09T20:21:43.973+0800: 162570.560: [GC (Allocation Failure) 2020-08-09T20:21:43.973+0800: 162570.560: [ParNew: 655378K->14K(737280K), 0.0089189 secs] 6073407K->5418049K(8306688K), 0.0090184 secs] [Times: user=0.07 sys=0.00, real=0.01 secs] 
2020-08-09T20:21:44.371+0800: 162570.958: [GC (Allocation Failure) 2020-08-09T20:21:44.371+0800: 162570.958: [ParNew: 655374K->12K(737280K), 0.0091613 secs] 6070511K->5415149K(8306688K), 0.0092686 secs] [Times: user=0.07 sys=0.00, real=0.01 secs] 
2020-08-09T20:21:44.793+0800: 162571.380: [GC (Allocation Failure) 2020-08-09T20:21:44.793+0800: 162571.380: [ParNew: 655372K->18K(737280K), 0.0121832 secs] 6067501K->5412147K(8306688K), 0.0122812 secs] [Times: user=0.08 sys=0.00, real=0.01 secs] 
2020-08-09T20:21:45.193+0800: 162571.780: [GC (Allocation Failure) 2020-08-09T20:21:45.193+0800: 162571.780: [ParNew: 655378K->14K(737280K), 0.0090796 secs] 6045950K->5390586K(8306688K), 0.0091924 secs] [Times: user=0.07 sys=0.00, real=0.01 secs] 
2020-08-09T20:21:45.591+0800: 162572.178: [CMS-concurrent-sweep: 2.006/2.062 secs] [Times: user=4.42 sys=0.00, real=2.06 secs] 
2020-08-09T20:21:45.591+0800: 162572.179: [GC (Allocation Failure) 2020-08-09T20:21:45.591+0800: 162572.179: [ParNew: 655374K->18K(737280K), 0.0095246 secs] 5967595K->5312239K(8306688K), 0.0096205 secs] [Times: user=0.07 sys=0.00, real=0.01 secs] 
2020-08-09T20:21:45.601+0800: 162572.188: [CMS-concurrent-reset-start]
2020-08-09T20:21:45.628+0800: 162572.215: [CMS-concurrent-reset: 0.027/0.027 secs] [Times: user=0.06 sys=0.00, real=0.03 secs] 
2020-08-09T20:21:45.980+0800: 162572.568: [GC (Allocation Failure) 2020-08-09T20:21:45.980+0800: 162572.568: [ParNew: 655378K->18K(737280K), 0.0089729 secs] 5967599K->5312239K(8306688K), 0.0091042 secs] [Times: user=0.07 sys=0.00, real=0.01 secs] 
2020-08-09T20:21:45.990+0800: 162572.577: [GC (CMS Initial Mark) [1 CMS-initial-mark: 5312221K(7569408K)] 5325343K(8306688K), 0.0008374 secs] [Times: user=0.01 sys=0.00, real=0.00 secs] 
2020-08-09T20:21:45.991+0800: 162572.578: [CMS-concurrent-mark-start]
2020-08-09T20:21:46.364+0800: 162572.951: [GC (Allocation Failure) 2020-08-09T20:21:46.364+0800: 162572.951: [ParNew: 655378K->18K(737280K), 0.0243114 secs] 5967599K->5312239K(8306688K), 0.0244269 secs] [Times: user=0.17 sys=0.00, real=0.03 secs] 
2020-08-09T20:21:46.778+0800: 162573.365: [GC (Allocation Failure) 2020-08-09T20:21:46.778+0800: 162573.366: [ParNew: 655378K->16K(737280K), 0.0090673 secs] 5967599K->5312237K(8306688K), 0.0091850 secs] [Times: user=0.07 sys=0.00, real=0.02 secs] 
2020-08-09T20:21:47.174+0800: 162573.761: [GC (Allocation Failure) 2020-08-09T20:21:47.174+0800: 162573.761: [ParNew: 655376K->14K(737280K), 0.0089447 secs] 5967597K->5312240K(8306688K), 0.0090576 secs] [Times: user=0.06 sys=0.00, real=0.01 secs] 
2020-08-09T20:21:47.624+0800: 162574.211: [GC (Allocation Failure) 2020-08-09T20:21:47.624+0800: 162574.211: [ParNew: 655374K->10K(737280K), 0.0187124 secs] 5967600K->5312236K(8306688K), 0.0188235 secs] [Times: user=0.08 sys=0.00, real=0.02 secs] 
2020-08-09T20:21:48.071+0800: 162574.658: [GC (Allocation Failure) 2020-08-09T20:21:48.071+0800: 162574.658: [ParNew: 655370K->14K(737280K), 0.0125681 secs] 5967596K->5312240K(8306688K), 0.0126670 secs] [Times: user=0.06 sys=0.00, real=0.01 secs] 
2020-08-09T20:21:48.481+0800: 162575.069: [GC (Allocation Failure) 2020-08-09T20:21:48.481+0800: 162575.069: [ParNew: 655374K->12K(737280K), 0.0140049 secs] 5967600K->5312238K(8306688K), 0.0141057 secs] [Times: user=0.08 sys=0.00, real=0.01 secs] 
2020-08-09T20:21:48.894+0800: 162575.481: [GC (Allocation Failure) 2020-08-09T20:21:48.894+0800: 162575.481: [ParNew: 655372K->12K(737280K), 0.0123447 secs] 5967598K->5312238K(8306688K), 0.0124469 secs] [Times: user=0.08 sys=0.00, real=0.01 secs] 
2020-08-09T20:21:49.467+0800: 162576.055: [GC (Allocation Failure) 2020-08-09T20:21:49.467+0800: 162576.055: [ParNew: 655372K->16K(737280K), 0.0114009 secs] 5967598K->5312243K(8306688K), 0.0115263 secs] [Times: user=0.08 sys=0.00, real=0.01 secs] 
2020-08-09T20:21:50.039+0800: 162576.626: [GC (Allocation Failure) 2020-08-09T20:21:50.039+0800: 162576.626: [ParNew: 655376K->14K(737280K), 0.0174024 secs] 5967603K->5312240K(8306688K), 0.0175637 secs] [Times: user=0.08 sys=0.00, real=0.01 secs] 
2020-08-09T20:21:50.616+0800: 162577.203: [GC (Allocation Failure) 2020-08-09T20:21:50.616+0800: 162577.203: [ParNew: 655374K->16K(737280K), 0.0093110 secs] 5967600K->5312243K(8306688K), 0.0094256 secs] [Times: user=0.07 sys=0.00, real=0.01 secs] 
2020-08-09T20:21:51.178+0800: 162577.765: [CMS-concurrent-mark: 5.039/5.187 secs] [Times: user=15.99 sys=0.00, real=5.18 secs] 
2020-08-09T20:21:51.179+0800: 162577.766: [GC (Allocation Failure) 2020-08-09T20:21:51.179+0800: 162577.766: [ParNew: 655376K->16K(737280K), 0.0235717 secs] 5967603K->5312243K(8306688K), 0.0236637 secs] [Times: user=0.13 sys=0.00, real=0.02 secs] 
2020-08-09T20:21:51.202+0800: 162577.790: [CMS-concurrent-preclean-start]
2020-08-09T20:21:51.211+0800: 162577.799: [CMS-concurrent-preclean: 0.009/0.009 secs] [Times: user=0.01 sys=0.00, real=0.01 secs] 
2020-08-09T20:21:51.211+0800: 162577.799: [CMS-concurrent-abortable-preclean-start]
2020-08-09T20:21:51.538+0800: 162578.125: [CMS-concurrent-abortable-preclean: 0.026/0.326 secs] [Times: user=0.36 sys=0.00, real=0.32 secs] 
2020-08-09T20:21:51.539+0800: 162578.126: [GC (CMS Final Remark) [YG occupancy: 602932 K (737280 K)]2020-08-09T20:21:51.539+0800: 162578.126: [Rescan (parallel) , 0.0497740 secs]2020-08-09T20:21:51.588+0800: 162578.176: [weak refs processing, 0.0000393 secs]2020-08-09T20:21:51.588+0800: 162578.176: [class unloading, 0.0159941 secs]2020-08-09T20:21:51.604+0800: 162578.192: [scrub symbol table, 0.0060522 secs]2020-08-09T20:21:51.611+0800: 162578.198: [scrub string table, 0.0008367 secs][1 CMS-remark: 5312227K(7569408K)] 5915159K(8306688K), 0.0728415 secs] [Times: user=0.35 sys=0.00, real=0.07 secs] 
2020-08-09T20:21:51.612+0800: 162578.199: [CMS-concurrent-sweep-start]
2020-08-09T20:21:51.646+0800: 162578.234: [GC (Allocation Failure) 2020-08-09T20:21:51.646+0800: 162578.234: [ParNew: 655376K->16K(737280K), 0.0093803 secs] 5967066K->5311706K(8306688K), 0.0095031 secs] [Times: user=0.07 sys=0.00, real=0.01 secs] 
2020-08-09T20:21:52.026+0800: 162578.613: [GC (Allocation Failure) 2020-08-09T20:21:52.026+0800: 162578.613: [ParNew: 655376K->16K(737280K), 0.0088799 secs] 5935050K->5279690K(8306688K), 0.0089822 secs] [Times: user=0.07 sys=0.00, real=0.01 secs] 
2020-08-09T20:21:52.438+0800: 162579.025: [GC (Allocation Failure) 2020-08-09T20:21:52.438+0800: 162579.025: [ParNew: 655376K->16K(737280K), 0.0089885 secs] 5870358K->5214998K(8306688K), 0.0090842 secs] [Times: user=0.07 sys=0.00, real=0.02 secs] 
2020-08-09T20:21:52.849+0800: 162579.436: [GC (Allocation Failure) 2020-08-09T20:21:52.849+0800: 162579.436: [ParNew: 655376K->16K(737280K), 0.0090415 secs] 5795379K->5140019K(8306688K), 0.0091450 secs] [Times: user=0.07 sys=0.00, real=0.00 secs] 
2020-08-09T20:21:53.273+0800: 162579.860: [GC (Allocation Failure) 2020-08-09T20:21:53.273+0800: 162579.860: [ParNew: 655376K->16K(737280K), 0.0116093 secs] 5668301K->5012942K(8306688K), 0.0117330 secs] [Times: user=0.08 sys=0.00, real=0.01 secs] 
2020-08-09T20:21:53.745+0800: 162580.332: [GC (Allocation Failure) 2020-08-09T20:21:53.745+0800: 162580.332: [ParNew: 655376K->12K(737280K), 0.0131054 secs] 5571087K->4915725K(8306688K), 0.0132184 secs] [Times: user=0.08 sys=0.00, real=0.01 secs] 
2020-08-09T20:21:54.184+0800: 162580.772: [GC (Allocation Failure) 2020-08-09T20:21:54.184+0800: 162580.772: [ParNew: 655372K->16K(737280K), 0.0089201 secs] 5497939K->4842583K(8306688K), 0.0090377 secs] [Times: user=0.07 sys=0.00, real=0.01 secs] 
2020-08-09T20:21:54.207+0800: 162580.794: [CMS-concurrent-sweep: 2.519/2.595 secs] [Times: user=5.57 sys=0.00, real=2.60 secs] 
2020-08-09T20:21:54.207+0800: 162580.794: [CMS-concurrent-reset-start]
2020-08-09T20:21:54.233+0800: 162580.820: [CMS-concurrent-reset: 0.026/0.026 secs] [Times: user=0.05 sys=0.00, real=0.02 secs] 
2020-08-09T20:21:54.603+0800: 162581.190: [GC (Allocation Failure) 2020-08-09T20:21:54.603+0800: 162581.190: [ParNew: 655376K->16K(737280K), 0.0089830 secs] 5497943K->4842583K(8306688K), 0.0090879 secs] [Times: user=0.07 sys=0.00, real=0.01 secs] 
2020-08-09T20:21:55.045+0800: 162581.632: [GC (Allocation Failure) 2020-08-09T20:21:55.045+0800: 162581.632: [ParNew: 655376K->16K(737280K), 0.0116493 secs] 5497943K->4842583K(8306688K), 0.0117753 secs] [Times: user=0.08 sys=0.00, real=0.01 secs] 
2020-08-09T20:21:55.497+0800: 162582.084: [GC (Allocation Failure) 2020-08-09T20:21:55.497+0800: 162582.084: [ParNew: 655376K->14K(737280K), 0.0133302 secs] 5497943K->4842581K(8306688K), 0.0134576 secs] [Times: user=0.09 sys=0.00, real=0.02 secs] 
2020-08-09T20:21:55.971+0800: 162582.558: [GC (Allocation Failure) 2020-08-09T20:21:55.971+0800: 162582.558: [ParNew: 655374K->16K(737280K), 0.0089603 secs] 5497941K->4842583K(8306688K), 0.0090796 secs] [Times: user=0.07 sys=0.00, real=0.01 secs] 
2020-08-09T20:21:56.404+0800: 162582.991: [GC (Allocation Failure) 2020-08-09T20:21:56.404+0800: 162582.991: [ParNew: 655376K->16K(737280K), 0.0087503 secs] 5497943K->4842584K(8306688K), 0.0088582 secs] [Times: user=0.06 sys=0.00, real=0.01 secs] 
2020-08-09T20:21:56.848+0800: 162583.435: [GC (Allocation Failure) 2020-08-09T20:21:56.848+0800: 162583.435: [ParNew: 655376K->12K(737280K), 0.0091886 secs] 5497944K->4842580K(8306688K), 0.0093048 secs] [Times: user=0.07 sys=0.00, real=0.00 secs] 
2020-08-09T20:23:02.154+0800: 162648.742: [GC (Allocation Failure) 2020-08-09T20:23:02.155+0800: 162648.742: [ParNew: 655372K->1192K(737280K), 0.0244682 secs] 5497940K->4843761K(8306688K), 0.0245953 secs] [Times: user=0.10 sys=0.00, real=0.03 secs] 
2020-08-09T20:32:54.352+0800: 163240.940: [GC (Allocation Failure) 2020-08-09T20:32:54.352+0800: 163240.940: [ParNew: 656552K->3189K(737280K), 0.0123355 secs] 5499121K->4845757K(8306688K), 0.0124744 secs] [Times: user=0.07 sys=0.00, real=0.01 secs] 
2020-08-09T20:46:51.577+0800: 164078.165: [GC (Allocation Failure) 2020-08-09T20:46:51.577+0800: 164078.165: [ParNew: 658469K->2334K(737280K), 0.0098882 secs] 5501037K->4844902K(8306688K), 0.0100386 secs] [Times: user=0.07 sys=0.00, real=0.02 secs] 
2020-08-09T20:52:07.615+0800: 164394.202: [GC (Allocation Failure) 2020-08-09T20:52:07.615+0800: 164394.202: [ParNew: 657694K->5051K(737280K), 0.0130703 secs] 5500262K->4847619K(8306688K), 0.0132206 secs] [Times: user=0.07 sys=0.01, real=0.02 secs] 
2020-08-09T20:59:42.312+0800: 164848.899: [GC (Allocation Failure) 2020-08-09T20:59:42.312+0800: 164848.899: [ParNew: 660411K->5414K(737280K), 0.0115881 secs] 5502979K->4847982K(8306688K), 0.0117264 secs] [Times: user=0.08 sys=0.00, real=0.01 secs] 
2020-08-09T21:04:29.320+0800: 165135.907: [GC (Allocation Failure) 2020-08-09T21:04:29.320+0800: 165135.907: [ParNew: 660774K->8037K(737280K), 0.0166481 secs] 5503342K->4850605K(8306688K), 0.0168016 secs] [Times: user=0.08 sys=0.00, real=0.01 secs] 
2020-08-09T21:09:10.282+0800: 165416.870: [GC (Allocation Failure) 2020-08-09T21:09:10.283+0800: 165416.870: [ParNew: 663397K->10386K(737280K), 0.0242017 secs] 5505965K->4853007K(8306688K), 0.0243771 secs] [Times: user=0.13 sys=0.00, real=0.03 secs] 
2020-08-09T21:14:32.174+0800: 165738.761: [GC (Allocation Failure) 2020-08-09T21:14:32.176+0800: 165738.763: [ParNew: 665692K->9940K(737280K), 0.0577544 secs] 5508312K->4852571K(8306688K), 0.0595293 secs] [Times: user=0.36 sys=0.00, real=0.06 secs] 
2020-08-09T21:18:46.173+0800: 165992.760: [GC (Allocation Failure) 2020-08-09T21:18:46.173+0800: 165992.760: [ParNew: 665297K->4584K(737280K), 0.0153861 secs] 5507928K->4847302K(8306688K), 0.0155182 secs] [Times: user=0.09 sys=0.00, real=0.02 secs] 
2020-08-09T21:24:03.235+0800: 166309.822: [GC (Allocation Failure) 2020-08-09T21:24:03.235+0800: 166309.822: [ParNew: 659944K->4802K(737280K), 0.0151682 secs] 5502662K->4847606K(8306688K), 0.0153082 secs] [Times: user=0.08 sys=0.00, real=0.02 secs] 
2020-08-09T21:32:57.556+0800: 166844.144: [GC (Allocation Failure) 2020-08-09T21:32:57.564+0800: 166844.151: [ParNew: 660162K->4600K(737280K), 0.0241839 secs] 5502966K->4847408K(8306688K), 0.0315355 secs] [Times: user=0.13 sys=0.00, real=0.04 secs] 
2020-08-09T21:41:30.370+0800: 167356.958: [GC (Allocation Failure) 2020-08-09T21:41:30.370+0800: 167356.958: [ParNew: 659960K->4149K(737280K), 0.0135091 secs] 5502768K->4847292K(8306688K), 0.0136417 secs] [Times: user=0.07 sys=0.01, real=0.01 secs] 
2020-08-09T21:46:17.562+0800: 167644.150: [GC (Allocation Failure) 2020-08-09T21:46:17.585+0800: 167644.172: [ParNew: 659460K->4346K(737280K), 0.0163318 secs] 5502602K->4847560K(8306688K), 0.0391153 secs] [Times: user=0.09 sys=0.00, real=0.04 secs] 
2020-08-09T21:47:37.715+0800: 167724.302: [GC (Allocation Failure) 2020-08-09T21:47:37.715+0800: 167724.302: [ParNew: 659706K->5197K(737280K), 0.0181839 secs] 5502920K->4848485K(8306688K), 0.0183227 secs] [Times: user=0.08 sys=0.02, real=0.02 secs] 
2020-08-09T21:50:56.788+0800: 167923.375: [GC (Allocation Failure) 2020-08-09T21:50:56.793+0800: 167923.380: [ParNew: 660553K->5135K(737280K), 0.0333252 secs] 5503842K->4848423K(8306688K), 0.0386241 secs] [Times: user=0.16 sys=0.00, real=0.03 secs] 
2020-08-09T21:52:44.130+0800: 168030.717: [GC (Allocation Failure) 2020-08-09T21:52:44.130+0800: 168030.718: [ParNew: 660495K->5653K(737280K), 0.0210135 secs] 5503783K->4848943K(8306688K), 0.0211953 secs] [Times: user=0.10 sys=0.00, real=0.02 secs] 
2020-08-09T21:56:54.308+0800: 168280.896: [GC (Allocation Failure) 2020-08-09T21:56:54.308+0800: 168280.896: [ParNew: 661013K->4919K(737280K), 0.0189360 secs] 5504303K->4848276K(8306688K), 0.0190919 secs] [Times: user=0.11 sys=0.00, real=0.02 secs] 
2020-08-09T22:02:01.811+0800: 168588.398: [GC (Allocation Failure) 2020-08-09T22:02:01.811+0800: 168588.399: [ParNew: 660279K->6896K(737280K), 0.0173453 secs] 5503636K->4850437K(8306688K), 0.0175032 secs] [Times: user=0.09 sys=0.00, real=0.02 secs] 
2020-08-09T22:03:36.085+0800: 168682.672: [GC (Allocation Failure) 2020-08-09T22:03:36.085+0800: 168682.672: [ParNew: 662256K->8412K(737280K), 0.0195417 secs] 5505797K->4851970K(8306688K), 0.0197072 secs] [Times: user=0.09 sys=0.00, real=0.02 secs] 
2020-08-09T22:08:40.441+0800: 168987.029: [GC (Allocation Failure) 2020-08-09T22:08:40.441+0800: 168987.029: [ParNew: 663772K->8452K(737280K), 0.0331895 secs] 5507330K->4852029K(8306688K), 0.0333741 secs] [Times: user=0.12 sys=0.00, real=0.03 secs] 
2020-08-09T22:14:23.685+0800: 169330.272: [GC (Allocation Failure) 2020-08-09T22:14:23.685+0800: 169330.273: [ParNew: 663812K->15248K(737280K), 0.0238934 secs] 5507389K->4858826K(8306688K), 0.0240828 secs] [Times: user=0.12 sys=0.00, real=0.03 secs] 
2020-08-09T22:16:25.884+0800: 169452.471: [GC (Allocation Failure) 2020-08-09T22:16:25.884+0800: 169452.472: [ParNew: 670608K->11821K(737280K), 0.0221600 secs] 5514186K->4855400K(8306688K), 0.0223201 secs] [Times: user=0.10 sys=0.00, real=0.03 secs] 
2020-08-09T22:18:14.182+0800: 169560.769: [GC (Allocation Failure) 2020-08-09T22:18:14.182+0800: 169560.769: [ParNew: 667181K->14372K(737280K), 0.0249857 secs] 5510760K->4857951K(8306688K), 0.0251311 secs] [Times: user=0.11 sys=0.00, real=0.03 secs] 
2020-08-09T22:19:52.415+0800: 169659.002: [GC (Allocation Failure) 2020-08-09T22:19:52.415+0800: 169659.002: [ParNew: 669732K->15415K(737280K), 0.0478624 secs] 5513311K->4859138K(8306688K), 0.0480732 secs] [Times: user=0.14 sys=0.01, real=0.05 secs] 
2020-08-09T22:21:12.621+0800: 169739.208: [GC (Allocation Failure) 2020-08-09T22:21:12.621+0800: 169739.209: [ParNew: 670775K->16048K(737280K), 0.0358689 secs] 5514498K->4859773K(8306688K), 0.0360443 secs] [Times: user=0.13 sys=0.00, real=0.03 secs] 
2020-08-09T22:22:29.988+0800: 169816.576: [GC (Allocation Failure) 2020-08-09T22:22:29.989+0800: 169816.576: [ParNew: 671408K->15094K(737280K), 0.0359549 secs] 5515133K->4858894K(8306688K), 0.0361345 secs] [Times: user=0.15 sys=0.00, real=0.03 secs] 
2020-08-09T22:23:26.192+0800: 169872.779: [GC (Allocation Failure) 2020-08-09T22:23:26.192+0800: 169872.779: [ParNew: 670454K->15438K(737280K), 0.0404145 secs] 5514254K->4859642K(8306688K), 0.0405687 secs] [Times: user=0.19 sys=0.00, real=0.04 secs] 
2020-08-09T22:23:56.967+0800: 169903.554: [GC (Allocation Failure) 2020-08-09T22:23:56.967+0800: 169903.554: [ParNew: 670798K->14371K(737280K), 0.0284934 secs] 5515002K->4859460K(8306688K), 0.0286400 secs] [Times: user=0.10 sys=0.01, real=0.02 secs] 
2020-08-09T22:25:03.728+0800: 169970.315: [GC (Allocation Failure) 2020-08-09T22:25:03.728+0800: 169970.315: [ParNew: 669731K->12468K(737280K), 0.0227544 secs] 5514820K->4859096K(8306688K), 0.0229014 secs] [Times: user=0.10 sys=0.01, real=0.02 secs] 
2020-08-09T22:26:10.215+0800: 170036.802: [GC (Allocation Failure) 2020-08-09T22:26:10.215+0800: 170036.802: [ParNew: 667828K->13279K(737280K), 0.0270640 secs] 5514456K->4860321K(8306688K), 0.0272266 secs] [Times: user=0.12 sys=0.00, real=0.03 secs] 
2020-08-09T22:27:13.678+0800: 170100.265: [GC (Allocation Failure) 2020-08-09T22:27:13.678+0800: 170100.265: [ParNew: 668639K->12055K(737280K), 0.0231339 secs] 5515681K->4859572K(8306688K), 0.0232865 secs] [Times: user=0.11 sys=0.00, real=0.03 secs] 
2020-08-09T22:28:37.324+0800: 170183.911: [GC (Allocation Failure) 2020-08-09T22:28:37.324+0800: 170183.911: [ParNew: 667294K->11234K(737280K), 0.0240302 secs] 5514812K->4859029K(8306688K), 0.0241861 secs] [Times: user=0.11 sys=0.00, real=0.03 secs] 
2020-08-09T22:29:59.452+0800: 170266.039: [GC (Allocation Failure) 2020-08-09T22:29:59.452+0800: 170266.039: [ParNew: 666531K->10928K(737280K), 0.0279146 secs] 5514326K->4858933K(8306688K), 0.0280753 secs] [Times: user=0.13 sys=0.00, real=0.03 secs] 
2020-08-09T22:31:09.905+0800: 170336.492: [GC (Allocation Failure) 2020-08-09T22:31:09.905+0800: 170336.492: [ParNew: 666288K->12322K(737280K), 0.0446778 secs] 5514293K->4860329K(8306688K), 0.0448371 secs] [Times: user=0.19 sys=0.00, real=0.05 secs] 
2020-08-09T22:32:38.811+0800: 170425.398: [GC (Allocation Failure) 2020-08-09T22:32:38.811+0800: 170425.398: [ParNew: 667682K->12052K(737280K), 0.0235042 secs] 5515689K->4860246K(8306688K), 0.0236740 secs] [Times: user=0.11 sys=0.00, real=0.02 secs] 
2020-08-09T22:34:12.844+0800: 170519.432: [GC (Allocation Failure) 2020-08-09T22:34:12.845+0800: 170519.432: [ParNew: 667412K->14732K(737280K), 0.0431475 secs] 5515606K->4863061K(8306688K), 0.0433451 secs] [Times: user=0.13 sys=0.00, real=0.05 secs] 
2020-08-09T22:35:28.600+0800: 170595.187: [GC (Allocation Failure) 2020-08-09T22:35:28.600+0800: 170595.188: [ParNew: 670092K->12787K(737280K), 0.0324622 secs] 5518421K->4861122K(8306688K), 0.0326419 secs] [Times: user=0.15 sys=0.00, real=0.03 secs] 
2020-08-09T22:37:50.368+0800: 170736.956: [GC (Allocation Failure) 2020-08-09T22:37:50.369+0800: 170736.956: [ParNew: 668147K->14514K(737280K), 0.0242508 secs] 5516482K->4862862K(8306688K), 0.0244267 secs] [Times: user=0.10 sys=0.00, real=0.02 secs] 
2020-08-09T22:39:42.555+0800: 170849.142: [GC (Allocation Failure) 2020-08-09T22:39:42.555+0800: 170849.142: [ParNew: 669874K->13318K(737280K), 0.0225316 secs] 5518222K->4861875K(8306688K), 0.0227022 secs] [Times: user=0.12 sys=0.00, real=0.02 secs] 
2020-08-09T22:41:18.306+0800: 170944.893: [GC (Allocation Failure) 2020-08-09T22:41:18.306+0800: 170944.893: [ParNew: 668678K->11790K(737280K), 0.0287305 secs] 5517235K->4860518K(8306688K), 0.0288764 secs] [Times: user=0.11 sys=0.00, real=0.03 secs] 
2020-08-09T22:42:30.659+0800: 171017.246: [GC (Allocation Failure) 2020-08-09T22:42:30.659+0800: 171017.246: [ParNew: 667150K->12312K(737280K), 0.0191508 secs] 5515878K->4861164K(8306688K), 0.0193034 secs] [Times: user=0.07 sys=0.02, real=0.01 secs] 
2020-08-09T22:44:50.188+0800: 171156.775: [GC (Allocation Failure) 2020-08-09T22:44:50.188+0800: 171156.775: [ParNew: 667672K->12015K(737280K), 0.0224816 secs] 5516524K->4860954K(8306688K), 0.0226251 secs] [Times: user=0.09 sys=0.00, real=0.02 secs] 
2020-08-09T22:46:10.749+0800: 171237.336: [GC (Allocation Failure) 2020-08-09T22:46:10.749+0800: 171237.336: [ParNew: 667375K->12558K(737280K), 0.0215221 secs] 5516314K->4861631K(8306688K), 0.0216912 secs] [Times: user=0.10 sys=0.00, real=0.02 secs] 
2020-08-09T22:48:10.407+0800: 171356.994: [GC (Allocation Failure) 2020-08-09T22:48:10.407+0800: 171356.994: [ParNew: 667918K->13766K(737280K), 0.0237689 secs] 5516991K->4863144K(8306688K), 0.0239279 secs] [Times: user=0.10 sys=0.00, real=0.02 secs] 
2020-08-09T22:49:44.930+0800: 171451.518: [GC (Allocation Failure) 2020-08-09T22:49:44.931+0800: 171451.518: [ParNew: 669126K->11984K(737280K), 0.0235432 secs] 5518504K->4861598K(8306688K), 0.0237254 secs] [Times: user=0.10 sys=0.01, real=0.02 secs] 
2020-08-09T22:51:22.047+0800: 171548.634: [GC (Allocation Failure) 2020-08-09T22:51:22.047+0800: 171548.634: [ParNew: 667344K->11584K(737280K), 0.0247040 secs] 5516958K->4861476K(8306688K), 0.0248694 secs] [Times: user=0.11 sys=0.00, real=0.02 secs] 
2020-08-09T22:52:35.752+0800: 171622.339: [GC (Allocation Failure) 2020-08-09T22:52:35.752+0800: 171622.339: [ParNew: 666944K->12761K(737280K), 0.0241492 secs] 5516836K->4862732K(8306688K), 0.0243117 secs] [Times: user=0.11 sys=0.00, real=0.02 secs] 
2020-08-09T22:53:55.372+0800: 171701.959: [GC (Allocation Failure) 2020-08-09T22:53:55.372+0800: 171701.960: [ParNew: 668121K->10401K(737280K), 0.0251944 secs] 5518092K->4860519K(8306688K), 0.0253665 secs] [Times: user=0.12 sys=0.00, real=0.02 secs] 
2020-08-09T22:56:12.954+0800: 171839.541: [GC (Allocation Failure) 2020-08-09T22:56:12.954+0800: 171839.541: [ParNew: 665761K->11414K(737280K), 0.0211657 secs] 5515879K->4861772K(8306688K), 0.0213369 secs] [Times: user=0.10 sys=0.00, real=0.02 secs] 
2020-08-09T22:58:36.619+0800: 171983.206: [GC (Allocation Failure) 2020-08-09T22:58:36.619+0800: 171983.206: [ParNew: 666774K->13099K(737280K), 0.0383638 secs] 5517132K->4863537K(8306688K), 0.0385367 secs] [Times: user=0.16 sys=0.00, real=0.03 secs] 
2020-08-09T23:00:19.515+0800: 172086.103: [GC (Allocation Failure) 2020-08-09T23:00:19.516+0800: 172086.103: [ParNew: 668459K->12459K(737280K), 0.0222198 secs] 5518897K->4863022K(8306688K), 0.0223745 secs] [Times: user=0.10 sys=0.00, real=0.02 secs] 
2020-08-09T23:01:44.793+0800: 172171.380: [GC (Allocation Failure) 2020-08-09T23:01:44.793+0800: 172171.380: [ParNew: 667819K->12530K(737280K), 0.0303253 secs] 5518382K->4863244K(8306688K), 0.0305156 secs] [Times: user=0.13 sys=0.00, real=0.03 secs] 
2020-08-09T23:03:39.514+0800: 172286.101: [GC (Allocation Failure) 2020-08-09T23:03:39.514+0800: 172286.101: [ParNew: 667890K->13262K(737280K), 0.0331276 secs] 5518604K->4864164K(8306688K), 0.0332964 secs] [Times: user=0.13 sys=0.00, real=0.04 secs] 
2020-08-09T23:05:02.731+0800: 172369.318: [GC (Allocation Failure) 2020-08-09T23:05:02.731+0800: 172369.318: [ParNew: 668622K->11299K(737280K), 0.0215626 secs] 5519524K->4862213K(8306688K), 0.0217180 secs] [Times: user=0.10 sys=0.00, real=0.02 secs] 
2020-08-09T23:06:19.715+0800: 172446.303: [GC (Allocation Failure) 2020-08-09T23:06:19.715+0800: 172446.303: [ParNew: 666659K->12900K(737280K), 0.0466220 secs] 5517573K->4863892K(8306688K), 0.0468399 secs] [Times: user=0.12 sys=0.00, real=0.05 secs] 
2020-08-09T23:07:25.597+0800: 172512.185: [GC (Allocation Failure) 2020-08-09T23:07:25.598+0800: 172512.185: [ParNew: 668260K->9881K(737280K), 0.0249584 secs] 5519252K->4861154K(8306688K), 0.0251325 secs] [Times: user=0.14 sys=0.00, real=0.03 secs] 
2020-08-09T23:08:29.888+0800: 172576.475: [GC (Allocation Failure) 2020-08-09T23:08:29.888+0800: 172576.475: [ParNew: 665241K->13099K(737280K), 0.0288203 secs] 5516514K->4864517K(8306688K), 0.0289755 secs] [Times: user=0.12 sys=0.00, real=0.02 secs] 
2020-08-09T23:09:22.155+0800: 172628.742: [GC (Allocation Failure) 2020-08-09T23:09:22.155+0800: 172628.742: [ParNew: 668459K->15970K(737280K), 0.0316201 secs] 5519877K->4867695K(8306688K), 0.0318056 secs] [Times: user=0.14 sys=0.00, real=0.04 secs] 
2020-08-09T23:10:55.088+0800: 172721.675: [GC (Allocation Failure) 2020-08-09T23:10:55.088+0800: 172721.675: [ParNew: 671324K->10274K(737280K), 0.0227842 secs] 5523049K->4862296K(8306688K), 0.0229528 secs] [Times: user=0.11 sys=0.00, real=0.02 secs] 
2020-08-09T23:12:23.121+0800: 172809.708: [GC (Allocation Failure) 2020-08-09T23:12:23.121+0800: 172809.708: [ParNew: 665634K->12704K(737280K), 0.0224937 secs] 5517656K->4865131K(8306688K), 0.0226748 secs] [Times: user=0.08 sys=0.00, real=0.02 secs] 
2020-08-09T23:13:12.546+0800: 172859.133: [GC (Allocation Failure) 2020-08-09T23:13:12.546+0800: 172859.133: [ParNew: 668064K->8219K(737280K), 0.0178606 secs] 5520491K->4860917K(8306688K), 0.0180203 secs] [Times: user=0.09 sys=0.00, real=0.02 secs] 
2020-08-09T23:14:30.829+0800: 172937.416: [GC (Allocation Failure) 2020-08-09T23:14:30.829+0800: 172937.417: [ParNew: 663579K->9857K(737280K), 0.0256686 secs] 5516277K->4862567K(8306688K), 0.0258205 secs] [Times: user=0.14 sys=0.00, real=0.02 secs] 
2020-08-09T23:15:15.343+0800: 172981.930: [GC (Allocation Failure) 2020-08-09T23:15:15.343+0800: 172981.930: [ParNew: 665217K->10347K(737280K), 0.0398815 secs] 5517927K->4863259K(8306688K), 0.0400332 secs] [Times: user=0.13 sys=0.00, real=0.04 secs] 
2020-08-09T23:16:06.044+0800: 173032.631: [GC (Allocation Failure) 2020-08-09T23:16:06.044+0800: 173032.631: [ParNew: 665707K->12691K(737280K), 0.0172818 secs] 5518619K->4865877K(8306688K), 0.0174465 secs] [Times: user=0.10 sys=0.00, real=0.02 secs] 
2020-08-09T23:16:51.299+0800: 173077.886: [GC (Allocation Failure) 2020-08-09T23:16:51.300+0800: 173077.887: [ParNew: 668051K->13078K(737280K), 0.0241226 secs] 5521237K->4866435K(8306688K), 0.0252554 secs] [Times: user=0.12 sys=0.00, real=0.02 secs] 
2020-08-09T23:17:45.894+0800: 173132.481: [GC (Allocation Failure) 2020-08-09T23:17:45.894+0800: 173132.481: [ParNew: 668438K->17315K(737280K), 0.0552984 secs] 5521795K->4870973K(8306688K), 0.0554577 secs] [Times: user=0.31 sys=0.00, real=0.06 secs] 
2020-08-09T23:18:42.990+0800: 173189.577: [GC (Allocation Failure) 2020-08-09T23:18:42.990+0800: 173189.577: [ParNew: 672675K->18969K(737280K), 0.0198409 secs] 5526333K->4872772K(8306688K), 0.0200000 secs] [Times: user=0.08 sys=0.01, real=0.02 secs] 
2020-08-09T23:19:30.165+0800: 173236.752: [GC (Allocation Failure) 2020-08-09T23:19:30.165+0800: 173236.752: [ParNew: 674329K->16587K(737280K), 0.0204354 secs] 5528132K->4870759K(8306688K), 0.0206057 secs] [Times: user=0.10 sys=0.00, real=0.02 secs] 
2020-08-09T23:20:20.392+0800: 173286.979: [GC (Allocation Failure) 2020-08-09T23:20:20.392+0800: 173286.979: [ParNew: 671947K->15592K(737280K), 0.0241238 secs] 5526119K->4870032K(8306688K), 0.0242931 secs] [Times: user=0.11 sys=0.00, real=0.02 secs] 
2020-08-09T23:21:12.642+0800: 173339.229: [GC (Allocation Failure) 2020-08-09T23:21:12.642+0800: 173339.229: [ParNew: 670952K->15837K(737280K), 0.0226171 secs] 5525392K->4870821K(8306688K), 0.0227913 secs] [Times: user=0.10 sys=0.00, real=0.02 secs] 
2020-08-09T23:22:26.237+0800: 173412.824: [GC (Allocation Failure) 2020-08-09T23:22:26.237+0800: 173412.824: [ParNew: 671197K->17029K(737280K), 0.0232782 secs] 5526181K->4872521K(8306688K), 0.0234758 secs] [Times: user=0.09 sys=0.00, real=0.03 secs] 
2020-08-09T23:23:34.056+0800: 173480.643: [GC (Allocation Failure) 2020-08-09T23:23:34.056+0800: 173480.644: [ParNew: 672386K->14749K(737280K), 0.0329130 secs] 5527878K->4870524K(8306688K), 0.0330767 secs] [Times: user=0.11 sys=0.01, real=0.04 secs] 
2020-08-09T23:24:12.731+0800: 173519.319: [GC (Allocation Failure) 2020-08-09T23:24:12.731+0800: 173519.319: [ParNew: 670109K->12384K(737280K), 0.0223451 secs] 5525884K->4868247K(8306688K), 0.0225523 secs] [Times: user=0.10 sys=0.01, real=0.02 secs] 
2020-08-09T23:24:50.431+0800: 173557.018: [GC (Allocation Failure) 2020-08-09T23:24:50.431+0800: 173557.018: [ParNew: 667744K->14272K(737280K), 0.0191753 secs] 5523607K->4870330K(8306688K), 0.0193327 secs] [Times: user=0.09 sys=0.00, real=0.02 secs] 
2020-08-09T23:25:45.808+0800: 173612.395: [GC (Allocation Failure) 2020-08-09T23:25:45.808+0800: 173612.395: [ParNew: 669632K->14458K(737280K), 0.0206449 secs] 5525690K->4871127K(8306688K), 0.0208266 secs] [Times: user=0.11 sys=0.00, real=0.02 secs] 
2020-08-09T23:26:52.682+0800: 173679.270: [GC (Allocation Failure) 2020-08-09T23:26:52.682+0800: 173679.270: [ParNew: 669818K->14341K(737280K), 0.0198988 secs] 5526487K->4871426K(8306688K), 0.0201266 secs] [Times: user=0.09 sys=0.00, real=0.02 secs] 
2020-08-09T23:27:57.453+0800: 173744.040: [GC (Allocation Failure) 2020-08-09T23:27:57.453+0800: 173744.040: [ParNew: 669701K->14186K(737280K), 0.0213381 secs] 5526786K->4871482K(8306688K), 0.0214999 secs] [Times: user=0.09 sys=0.00, real=0.02 secs] 
2020-08-09T23:29:12.476+0800: 173819.063: [GC (Allocation Failure) 2020-08-09T23:29:12.476+0800: 173819.063: [ParNew: 669546K->14810K(737280K), 0.0194879 secs] 5526842K->4872514K(8306688K), 0.0196598 secs] [Times: user=0.10 sys=0.00, real=0.02 secs] 
2020-08-09T23:30:31.784+0800: 173898.371: [GC (Allocation Failure) 2020-08-09T23:30:31.784+0800: 173898.372: [ParNew: 670170K->14918K(737280K), 0.0206279 secs] 5527874K->4872694K(8306688K), 0.0208140 secs] [Times: user=0.10 sys=0.00, real=0.02 secs] 
2020-08-09T23:32:21.606+0800: 174008.193: [GC (Allocation Failure) 2020-08-09T23:32:21.606+0800: 174008.193: [ParNew: 670278K->13904K(737280K), 0.0182662 secs] 5528054K->4871751K(8306688K), 0.0184512 secs] [Times: user=0.09 sys=0.00, real=0.02 secs] 
2020-08-09T23:33:42.305+0800: 174088.893: [GC (Allocation Failure) 2020-08-09T23:33:42.306+0800: 174088.893: [ParNew: 669264K->11812K(737280K), 0.0537704 secs] 5527111K->4869805K(8306688K), 0.0539385 secs] [Times: user=0.32 sys=0.00, real=0.06 secs] 
2020-08-09T23:34:45.533+0800: 174152.120: [GC (Allocation Failure) 2020-08-09T23:34:45.533+0800: 174152.120: [ParNew: 667172K->12144K(737280K), 0.0205518 secs] 5525165K->4870274K(8306688K), 0.0207269 secs] [Times: user=0.11 sys=0.00, real=0.02 secs] 
2020-08-09T23:36:02.986+0800: 174229.573: [GC (Allocation Failure) 2020-08-09T23:36:02.986+0800: 174229.573: [ParNew: 667504K->12997K(737280K), 0.0203687 secs] 5525634K->4871133K(8306688K), 0.0205487 secs] [Times: user=0.09 sys=0.00, real=0.03 secs] 
2020-08-09T23:37:49.246+0800: 174335.833: [GC (Allocation Failure) 2020-08-09T23:37:49.246+0800: 174335.833: [ParNew: 668357K->12437K(737280K), 0.0179431 secs] 5526493K->4870710K(8306688K), 0.0181084 secs] [Times: user=0.09 sys=0.00, real=0.02 secs] 
2020-08-09T23:38:57.814+0800: 174404.401: [GC (Allocation Failure) 2020-08-09T23:38:57.814+0800: 174404.402: [ParNew: 667797K->12674K(737280K), 0.0218641 secs] 5526070K->4871087K(8306688K), 0.0220715 secs] [Times: user=0.10 sys=0.01, real=0.02 secs] 
2020-08-09T23:40:05.689+0800: 174472.276: [GC (Allocation Failure) 2020-08-09T23:40:05.689+0800: 174472.276: [ParNew: 668034K->12933K(737280K), 0.0194844 secs] 5526447K->4871856K(8306688K), 0.0196490 secs] [Times: user=0.10 sys=0.00, real=0.02 secs] 
2020-08-09T23:41:21.510+0800: 174548.097: [GC (Allocation Failure) 2020-08-09T23:41:21.510+0800: 174548.097: [ParNew: 668293K->12800K(737280K), 0.0200621 secs] 5527216K->4871931K(8306688K), 0.0202677 secs] [Times: user=0.09 sys=0.00, real=0.02 secs] 
2020-08-09T23:42:24.932+0800: 174611.520: [GC (Allocation Failure) 2020-08-09T23:42:24.932+0800: 174611.520: [ParNew: 668160K->11710K(737280K), 0.0215325 secs] 5527291K->4870982K(8306688K), 0.0216892 secs] [Times: user=0.11 sys=0.00, real=0.02 secs] 
2020-08-09T23:43:35.558+0800: 174682.146: [GC (Allocation Failure) 2020-08-09T23:43:35.558+0800: 174682.146: [ParNew: 667070K->11225K(737280K), 0.0375888 secs] 5526342K->4870832K(8306688K), 0.0377461 secs] [Times: user=0.13 sys=0.00, real=0.04 secs] 
2020-08-09T23:45:09.703+0800: 174776.290: [GC (Allocation Failure) 2020-08-09T23:45:09.703+0800: 174776.290: [ParNew: 666485K->11373K(737280K), 0.0207353 secs] 5526092K->4871347K(8306688K), 0.0209017 secs] [Times: user=0.10 sys=0.00, real=0.02 secs] 
2020-08-09T23:46:07.249+0800: 174833.836: [GC (Allocation Failure) 2020-08-09T23:46:07.249+0800: 174833.836: [ParNew: 666733K->11051K(737280K), 0.0203378 secs] 5526707K->4871337K(8306688K), 0.0205050 secs] [Times: user=0.08 sys=0.00, real=0.02 secs] 
2020-08-09T23:47:00.026+0800: 174886.613: [GC (Allocation Failure) 2020-08-09T23:47:00.026+0800: 174886.613: [ParNew: 666305K->9914K(737280K), 0.0293040 secs] 5526591K->4870413K(8306688K), 0.0294617 secs] [Times: user=0.16 sys=0.00, real=0.03 secs] 
2020-08-09T23:47:55.865+0800: 174942.452: [GC (Allocation Failure) 2020-08-09T23:47:55.865+0800: 174942.452: [ParNew: 665274K->10257K(737280K), 0.0167087 secs] 5525773K->4870904K(8306688K), 0.0168636 secs] [Times: user=0.09 sys=0.00, real=0.02 secs] 
2020-08-09T23:49:16.063+0800: 175022.650: [GC (Allocation Failure) 2020-08-09T23:49:16.063+0800: 175022.650: [ParNew: 665617K->10461K(737280K), 0.0237972 secs] 5526264K->4871309K(8306688K), 0.0240138 secs] [Times: user=0.12 sys=0.00, real=0.03 secs] 
2020-08-09T23:51:13.015+0800: 175139.602: [GC (Allocation Failure) 2020-08-09T23:51:13.015+0800: 175139.602: [ParNew: 665821K->10580K(737280K), 0.0288549 secs] 5526669K->4871596K(8306688K), 0.0290557 secs] [Times: user=0.10 sys=0.00, real=0.03 secs] 
2020-08-09T23:52:35.751+0800: 175222.338: [GC (Allocation Failure) 2020-08-09T23:52:35.751+0800: 175222.338: [ParNew: 665940K->12198K(737280K), 0.0209489 secs] 5526956K->4873300K(8306688K), 0.0211140 secs] [Times: user=0.11 sys=0.00, real=0.02 secs] 
2020-08-09T23:53:29.186+0800: 175275.773: [GC (Allocation Failure) 2020-08-09T23:53:29.186+0800: 175275.773: [ParNew: 667558K->11879K(737280K), 0.0211336 secs] 5528660K->4873154K(8306688K), 0.0212987 secs] [Times: user=0.10 sys=0.00, real=0.03 secs] 
2020-08-09T23:54:24.656+0800: 175331.244: [GC (Allocation Failure) 2020-08-09T23:54:24.657+0800: 175331.244: [ParNew: 667239K->12702K(737280K), 0.0311681 secs] 5528514K->4874122K(8306688K), 0.0313534 secs] [Times: user=0.13 sys=0.00, real=0.04 secs] 
2020-08-09T23:56:01.869+0800: 175428.456: [GC (Allocation Failure) 2020-08-09T23:56:01.869+0800: 175428.457: [ParNew: 667980K->13192K(737280K), 0.0295626 secs] 5529400K->4874976K(8306688K), 0.0297558 secs] [Times: user=0.15 sys=0.00, real=0.03 secs] 
2020-08-09T23:56:42.280+0800: 175468.867: [GC (Allocation Failure) 2020-08-09T23:56:42.280+0800: 175468.867: [ParNew: 668552K->11342K(737280K), 0.0214513 secs] 5530336K->4873333K(8306688K), 0.0216349 secs] [Times: user=0.11 sys=0.00, real=0.02 secs] 
2020-08-09T23:57:37.900+0800: 175524.487: [GC (Allocation Failure) 2020-08-09T23:57:37.900+0800: 175524.487: [ParNew: 666702K->12453K(737280K), 0.0355937 secs] 5528693K->4874892K(8306688K), 0.0357508 secs] [Times: user=0.13 sys=0.00, real=0.03 secs] 
2020-08-09T23:59:32.776+0800: 175639.363: [GC (Allocation Failure) 2020-08-09T23:59:32.776+0800: 175639.363: [ParNew: 667757K->13058K(737280K), 0.0291193 secs] 5530196K->4875932K(8306688K), 0.0293471 secs] [Times: user=0.12 sys=0.00, real=0.03 secs] 
2020-08-10T00:00:49.556+0800: 175716.144: [GC (Allocation Failure) 2020-08-10T00:00:49.557+0800: 175716.144: [ParNew: 668418K->12556K(737280K), 0.0219938 secs] 5531292K->4875584K(8306688K), 0.0221981 secs] [Times: user=0.10 sys=0.00, real=0.03 secs] 
2020-08-10T00:01:32.274+0800: 175758.862: [GC (Allocation Failure) 2020-08-10T00:01:32.275+0800: 175758.862: [ParNew: 667916K->11653K(737280K), 0.0209749 secs] 5530944K->4874830K(8306688K), 0.0211787 secs] [Times: user=0.10 sys=0.01, real=0.02 secs] 
2020-08-10T00:02:50.726+0800: 175837.313: [GC (Allocation Failure) 2020-08-10T00:02:50.726+0800: 175837.313: [ParNew: 667013K->15304K(737280K), 0.0212969 secs] 5530190K->4878753K(8306688K), 0.0214485 secs] [Times: user=0.09 sys=0.00, real=0.03 secs] 
2020-08-10T00:04:18.410+0800: 175924.997: [GC (Allocation Failure) 2020-08-10T00:04:18.410+0800: 175924.998: [ParNew: 670664K->15775K(737280K), 0.0199446 secs] 5534113K->4879441K(8306688K), 0.0201173 secs] [Times: user=0.09 sys=0.00, real=0.02 secs] 
2020-08-10T00:06:06.950+0800: 176033.537: [GC (Allocation Failure) 2020-08-10T00:06:06.950+0800: 176033.537: [ParNew: 671135K->15525K(737280K), 0.0213243 secs] 5534801K->4879329K(8306688K), 0.0214928 secs] [Times: user=0.10 sys=0.00, real=0.02 secs] 
2020-08-10T00:07:16.730+0800: 176103.317: [GC (Allocation Failure) 2020-08-10T00:07:16.730+0800: 176103.317: [ParNew: 670885K->15732K(737280K), 0.0213475 secs] 5534689K->4880366K(8306688K), 0.0215287 secs] [Times: user=0.11 sys=0.00, real=0.02 secs] 
2020-08-10T00:09:33.181+0800: 176239.768: [GC (Allocation Failure) 2020-08-10T00:09:33.181+0800: 176239.768: [ParNew: 671092K->18981K(737280K), 0.0336561 secs] 5535726K->4884046K(8306688K), 0.0338357 secs] [Times: user=0.12 sys=0.00, real=0.03 secs] 
2020-08-10T00:11:10.672+0800: 176337.259: [GC (Allocation Failure) 2020-08-10T00:11:10.672+0800: 176337.259: [ParNew: 674341K->17071K(737280K), 0.0248196 secs] 5539406K->4882218K(8306688K), 0.0250330 secs] [Times: user=0.09 sys=0.00, real=0.02 secs] 
2020-08-10T00:12:14.908+0800: 176401.496: [GC (Allocation Failure) 2020-08-10T00:12:14.908+0800: 176401.496: [ParNew: 672428K->11553K(737280K), 0.0212444 secs] 5537576K->4876907K(8306688K), 0.0214199 secs] [Times: user=0.09 sys=0.00, real=0.02 secs] 
2020-08-10T00:13:47.470+0800: 176494.058: [GC (Allocation Failure) 2020-08-10T00:13:47.470+0800: 176494.058: [ParNew: 666913K->18621K(737280K), 0.0397431 secs] 5532267K->4884429K(8306688K), 0.0399568 secs] [Times: user=0.13 sys=0.00, real=0.04 secs] 
2020-08-10T00:14:57.655+0800: 176564.242: [GC (Allocation Failure) 2020-08-10T00:14:57.655+0800: 176564.243: [ParNew: 673981K->14306K(737280K), 0.0215167 secs] 5539789K->4880813K(8306688K), 0.0216914 secs] [Times: user=0.09 sys=0.00, real=0.02 secs] 
2020-08-10T00:16:48.025+0800: 176674.613: [GC (Allocation Failure) 2020-08-10T00:16:48.027+0800: 176674.614: [ParNew: 669666K->17223K(737280K), 0.0311361 secs] 5536173K->4884124K(8306688K), 0.0323808 secs] [Times: user=0.10 sys=0.01, real=0.03 secs] 
2020-08-10T00:18:17.925+0800: 176764.512: [GC (Allocation Failure) 2020-08-10T00:18:17.925+0800: 176764.512: [ParNew: 672583K->18561K(737280K), 0.0224718 secs] 5539484K->4885824K(8306688K), 0.0226650 secs] [Times: user=0.10 sys=0.00, real=0.03 secs] 
2020-08-10T00:19:25.809+0800: 176832.396: [GC (Allocation Failure) 2020-08-10T00:19:25.809+0800: 176832.396: [ParNew: 673921K->16840K(737280K), 0.0208289 secs] 5541184K->4884505K(8306688K), 0.0210161 secs] [Times: user=0.11 sys=0.00, real=0.02 secs] 
2020-08-10T00:19:56.689+0800: 176863.277: [GC (Allocation Failure) 2020-08-10T00:19:56.689+0800: 176863.277: [ParNew: 672200K->24317K(737280K), 0.0262336 secs] 5539865K->4892057K(8306688K), 0.0264239 secs] [Times: user=0.11 sys=0.00, real=0.02 secs] 
2020-08-10T00:20:36.642+0800: 176903.229: [GC (Allocation Failure) 2020-08-10T00:20:36.642+0800: 176903.229: [ParNew: 679677K->18516K(737280K), 0.0254167 secs] 5547417K->4886873K(8306688K), 0.0256463 secs] [Times: user=0.11 sys=0.00, real=0.03 secs] 
2020-08-10T00:21:14.852+0800: 176941.439: [GC (Allocation Failure) 2020-08-10T00:21:14.852+0800: 176941.439: [ParNew: 673876K->16492K(737280K), 0.0221131 secs] 5542233K->4885023K(8306688K), 0.0223489 secs] [Times: user=0.09 sys=0.00, real=0.02 secs] 
2020-08-10T00:21:57.055+0800: 176983.642: [GC (Allocation Failure) 2020-08-10T00:21:57.055+0800: 176983.642: [ParNew: 671852K->17447K(737280K), 0.0294501 secs] 5540383K->4886481K(8306688K), 0.0296294 secs] [Times: user=0.17 sys=0.00, real=0.03 secs] 
2020-08-10T00:22:46.737+0800: 177033.324: [GC (Allocation Failure) 2020-08-10T00:22:46.737+0800: 177033.324: [ParNew: 672807K->19531K(737280K), 0.0202152 secs] 5541841K->4888846K(8306688K), 0.0204315 secs] [Times: user=0.09 sys=0.00, real=0.02 secs] 
2020-08-10T00:23:38.860+0800: 177085.447: [GC (Allocation Failure) 2020-08-10T00:23:38.860+0800: 177085.448: [ParNew: 674891K->21296K(737280K), 0.0292462 secs] 5544206K->4891594K(8306688K), 0.0294571 secs] [Times: user=0.10 sys=0.00, real=0.03 secs] 
2020-08-10T00:24:20.465+0800: 177127.052: [GC (Allocation Failure) 2020-08-10T00:24:20.465+0800: 177127.052: [ParNew: 676597K->20111K(737280K), 0.0346838 secs] 5546895K->4890788K(8306688K), 0.0348664 secs] [Times: user=0.10 sys=0.00, real=0.04 secs] 
2020-08-10T00:24:57.013+0800: 177163.600: [GC (Allocation Failure) 2020-08-10T00:24:57.013+0800: 177163.600: [ParNew: 675357K->14852K(737280K), 0.0191618 secs] 5546035K->4886302K(8306688K), 0.0193797 secs] [Times: user=0.10 sys=0.00, real=0.02 secs] 
2020-08-10T00:25:45.061+0800: 177211.648: [GC (Allocation Failure) 2020-08-10T00:25:45.061+0800: 177211.648: [ParNew: 670148K->15291K(737280K), 0.0187985 secs] 5541598K->4887093K(8306688K), 0.0189735 secs] [Times: user=0.10 sys=0.00, real=0.02 secs] 
2020-08-10T00:26:36.215+0800: 177262.802: [GC (Allocation Failure) 2020-08-10T00:26:36.215+0800: 177262.802: [ParNew: 670651K->18227K(737280K), 0.0205647 secs] 5542453K->4890368K(8306688K), 0.0207509 secs] [Times: user=0.10 sys=0.01, real=0.02 secs] 
2020-08-10T00:27:28.390+0800: 177314.977: [GC (Allocation Failure) 2020-08-10T00:27:28.390+0800: 177314.977: [ParNew: 673587K->13624K(737280K), 0.0187026 secs] 5545728K->4886822K(8306688K), 0.0189042 secs] [Times: user=0.10 sys=0.00, real=0.02 secs] 
2020-08-10T00:28:14.648+0800: 177361.235: [GC (Allocation Failure) 2020-08-10T00:28:14.648+0800: 177361.235: [ParNew: 668944K->13879K(737280K), 0.0170090 secs] 5542143K->4887402K(8306688K), 0.0171902 secs] [Times: user=0.09 sys=0.00, real=0.01 secs] 
2020-08-10T00:29:11.569+0800: 177418.156: [GC (Allocation Failure) 2020-08-10T00:29:11.569+0800: 177418.156: [ParNew: 669239K->15889K(737280K), 0.0204183 secs] 5542762K->4890305K(8306688K), 0.0206157 secs] [Times: user=0.10 sys=0.00, real=0.02 secs] 
2020-08-10T00:30:08.548+0800: 177475.135: [GC (Allocation Failure) 2020-08-10T00:30:08.548+0800: 177475.135: [ParNew: 671168K->14010K(737280K), 0.0179209 secs] 5545584K->4888616K(8306688K), 0.0180965 secs] [Times: user=0.09 sys=0.00, real=0.01 secs] 
2020-08-10T00:31:06.646+0800: 177533.233: [GC (Allocation Failure) 2020-08-10T00:31:06.646+0800: 177533.234: [ParNew: 669370K->12506K(737280K), 0.0847610 secs] 5543976K->4887790K(8306688K), 0.0849609 secs] [Times: user=0.48 sys=0.00, real=0.09 secs] 
2020-08-10T00:31:59.404+0800: 177585.991: [GC (Allocation Failure) 2020-08-10T00:31:59.404+0800: 177585.991: [ParNew: 667866K->12534K(737280K), 0.0190558 secs] 5543150K->4888158K(8306688K), 0.0192268 secs] [Times: user=0.10 sys=0.00, real=0.02 secs] 
2020-08-10T00:32:59.439+0800: 177646.026: [GC (Allocation Failure) 2020-08-10T00:32:59.439+0800: 177646.026: [ParNew: 667894K->17577K(737280K), 0.0217115 secs] 5543518K->4893473K(8306688K), 0.0218893 secs] [Times: user=0.11 sys=0.00, real=0.02 secs] 
2020-08-10T00:34:19.740+0800: 177726.327: [GC (Allocation Failure) 2020-08-10T00:34:19.740+0800: 177726.327: [ParNew: 672937K->20589K(737280K), 0.0235238 secs] 5548833K->4896559K(8306688K), 0.0237400 secs] [Times: user=0.09 sys=0.01, real=0.02 secs] 
2020-08-10T00:35:33.462+0800: 177800.049: [GC (Allocation Failure) 2020-08-10T00:35:33.462+0800: 177800.049: [ParNew: 675949K->23477K(737280K), 0.0492650 secs] 5551919K->4899789K(8306688K), 0.0494387 secs] [Times: user=0.28 sys=0.00, real=0.05 secs] 
2020-08-10T00:36:42.770+0800: 177869.357: [GC (Allocation Failure) 2020-08-10T00:36:42.770+0800: 177869.357: [ParNew: 678837K->13349K(737280K), 0.0172724 secs] 5555149K->4889990K(8306688K), 0.0174522 secs] [Times: user=0.09 sys=0.00, real=0.02 secs] 
2020-08-10T00:37:38.467+0800: 177925.054: [GC (Allocation Failure) 2020-08-10T00:37:38.467+0800: 177925.054: [ParNew: 668709K->15049K(737280K), 0.0210110 secs] 5545350K->4892193K(8306688K), 0.0211986 secs] [Times: user=0.10 sys=0.00, real=0.02 secs] 
2020-08-10T00:38:22.047+0800: 177968.635: [GC (Allocation Failure) 2020-08-10T00:38:22.047+0800: 177968.635: [ParNew: 670409K->17454K(737280K), 0.0217203 secs] 5547553K->4895055K(8306688K), 0.0218903 secs] [Times: user=0.09 sys=0.00, real=0.02 secs] 
2020-08-10T00:39:23.187+0800: 178029.775: [GC (Allocation Failure) 2020-08-10T00:39:23.188+0800: 178029.775: [ParNew: 672814K->12856K(737280K), 0.0216820 secs] 5550415K->4890786K(8306688K), 0.0219232 secs] [Times: user=0.09 sys=0.00, real=0.02 secs] 
2020-08-10T00:40:05.376+0800: 178071.963: [GC (Allocation Failure) 2020-08-10T00:40:05.376+0800: 178071.963: [ParNew: 668216K->11914K(737280K), 0.0163574 secs] 5546146K->4890192K(8306688K), 0.0165338 secs] [Times: user=0.09 sys=0.00, real=0.02 secs] 
2020-08-10T00:40:45.152+0800: 178111.740: [GC (Allocation Failure) 2020-08-10T00:40:45.153+0800: 178111.740: [ParNew: 667274K->11860K(737280K), 0.0190930 secs] 5545552K->4890598K(8306688K), 0.0192758 secs] [Times: user=0.10 sys=0.00, real=0.02 secs] 
2020-08-10T00:41:20.901+0800: 178147.488: [GC (GCLocker Initiated GC) 2020-08-10T00:41:20.901+0800: 178147.488: [ParNew: 667220K->15051K(737280K), 0.0221165 secs] 5545958K->4894230K(8306688K), 0.0222963 secs] [Times: user=0.08 sys=0.00, real=0.02 secs] 
2020-08-10T00:41:59.598+0800: 178186.186: [GC (Allocation Failure) 2020-08-10T00:41:59.599+0800: 178186.186: [ParNew: 670411K->18781K(737280K), 0.0233531 secs] 5549590K->4898353K(8306688K), 0.0235881 secs] [Times: user=0.09 sys=0.00, real=0.03 secs] 
2020-08-10T00:42:43.259+0800: 178229.846: [GC (Allocation Failure) 2020-08-10T00:42:43.259+0800: 178229.846: [ParNew: 674141K->17837K(737280K), 0.0203443 secs] 5553713K->4897721K(8306688K), 0.0205271 secs] [Times: user=0.09 sys=0.01, real=0.02 secs] 
2020-08-10T00:43:29.743+0800: 178276.330: [GC (Allocation Failure) 2020-08-10T00:43:29.743+0800: 178276.330: [ParNew: 673197K->16151K(737280K), 0.0266189 secs] 5553081K->4896798K(8306688K), 0.0268013 secs] [Times: user=0.10 sys=0.01, real=0.03 secs] 
2020-08-10T00:44:23.843+0800: 178330.431: [GC (Allocation Failure) 2020-08-10T00:44:23.844+0800: 178330.431: [ParNew: 671511K->16771K(737280K), 0.0262662 secs] 5552158K->4898044K(8306688K), 0.0264737 secs] [Times: user=0.10 sys=0.00, real=0.03 secs] 
2020-08-10T00:45:16.305+0800: 178382.892: [GC (Allocation Failure) 2020-08-10T00:45:16.305+0800: 178382.892: [ParNew: 672131K->18989K(737280K), 0.0558855 secs] 5553404K->4900599K(8306688K), 0.0560644 secs] [Times: user=0.30 sys=0.00, real=0.06 secs] 
2020-08-10T00:46:00.159+0800: 178426.747: [GC (Allocation Failure) 2020-08-10T00:46:00.159+0800: 178426.747: [ParNew: 674246K->16620K(737280K), 0.0275167 secs] 5555856K->4898388K(8306688K), 0.0276740 secs] [Times: user=0.10 sys=0.00, real=0.03 secs] 
2020-08-10T00:46:47.475+0800: 178474.063: [GC (Allocation Failure) 2020-08-10T00:46:47.476+0800: 178474.063: [ParNew: 671878K->17045K(737280K), 0.0219981 secs] 5553647K->4899035K(8306688K), 0.0221681 secs] [Times: user=0.10 sys=0.00, real=0.02 secs] 
2020-08-10T00:47:33.910+0800: 178520.498: [GC (Allocation Failure) 2020-08-10T00:47:33.911+0800: 178520.498: [ParNew: 672405K->11804K(737280K), 0.0173865 secs] 5554395K->4893955K(8306688K), 0.0175689 secs] [Times: user=0.09 sys=0.01, real=0.02 secs] 
2020-08-10T00:48:40.017+0800: 178586.604: [GC (Allocation Failure) 2020-08-10T00:48:40.017+0800: 178586.604: [ParNew: 667164K->12629K(737280K), 0.0198157 secs] 5549315K->4894895K(8306688K), 0.0199817 secs] [Times: user=0.10 sys=0.00, real=0.02 secs] 
2020-08-10T00:49:17.197+0800: 178623.784: [GC (Allocation Failure) 2020-08-10T00:49:17.197+0800: 178623.784: [ParNew: 667989K->13189K(737280K), 0.0214307 secs] 5550255K->4896471K(8306688K), 0.0216121 secs] [Times: user=0.10 sys=0.00, real=0.02 secs] 
2020-08-10T00:50:04.474+0800: 178671.061: [GC (Allocation Failure) 2020-08-10T00:50:04.474+0800: 178671.062: [ParNew: 668549K->17801K(737280K), 0.0384259 secs] 5551831K->4901526K(8306688K), 0.0386075 secs] [Times: user=0.16 sys=0.00, real=0.04 secs] 
2020-08-10T00:50:57.533+0800: 178724.120: [GC (Allocation Failure) 2020-08-10T00:50:57.533+0800: 178724.120: [ParNew: 673096K->15975K(737280K), 0.0229700 secs] 5556821K->4899816K(8306688K), 0.0231625 secs] [Times: user=0.10 sys=0.00, real=0.02 secs] 
2020-08-10T00:51:24.579+0800: 178751.166: [GC (Allocation Failure) 2020-08-10T00:51:24.579+0800: 178751.166: [ParNew: 671311K->18165K(737280K), 0.0261232 secs] 5555152K->4902411K(8306688K), 0.0263085 secs] [Times: user=0.12 sys=0.01, real=0.02 secs] 
2020-08-10T00:51:39.938+0800: 178766.526: [GC (Allocation Failure) 2020-08-10T00:51:39.938+0800: 178766.526: [ParNew: 673525K->16770K(737280K), 0.0259289 secs] 5557771K->4901698K(8306688K), 0.0261158 secs] [Times: user=0.12 sys=0.01, real=0.03 secs] 
2020-08-10T00:51:56.280+0800: 178782.868: [GC (Allocation Failure) 2020-08-10T00:51:56.280+0800: 178782.868: [ParNew: 672130K->18299K(737280K), 0.0268365 secs] 5557058K->4903767K(8306688K), 0.0270186 secs] [Times: user=0.10 sys=0.01, real=0.03 secs] 
2020-08-10T00:52:19.498+0800: 178806.085: [GC (Allocation Failure) 2020-08-10T00:52:19.498+0800: 178806.085: [ParNew: 673659K->23314K(737280K), 0.0349078 secs] 5559127K->4909009K(8306688K), 0.0351049 secs] [Times: user=0.11 sys=0.00, real=0.04 secs] 
2020-08-10T00:52:52.499+0800: 178839.086: [GC (Allocation Failure) 2020-08-10T00:52:52.499+0800: 178839.086: [ParNew: 678622K->11561K(737280K), 0.0222722 secs] 5564317K->4898767K(8306688K), 0.0224445 secs] [Times: user=0.11 sys=0.01, real=0.02 secs] 
2020-08-10T00:53:39.570+0800: 178886.157: [GC (Allocation Failure) 2020-08-10T00:53:39.570+0800: 178886.158: [ParNew: 666921K->20165K(737280K), 0.0334938 secs] 5554127K->4908986K(8306688K), 0.0336801 secs] [Times: user=0.15 sys=0.00, real=0.03 secs] 
2020-08-10T00:54:25.849+0800: 178932.436: [GC (Allocation Failure) 2020-08-10T00:54:25.849+0800: 178932.436: [ParNew: 675525K->9930K(737280K), 0.0196302 secs] 5564346K->4899241K(8306688K), 0.0197970 secs] [Times: user=0.10 sys=0.00, real=0.02 secs] 
2020-08-10T00:55:11.281+0800: 178977.868: [GC (Allocation Failure) 2020-08-10T00:55:11.281+0800: 178977.868: [ParNew: 665290K->10725K(737280K), 0.0236897 secs] 5554601K->4900366K(8306688K), 0.0238462 secs] [Times: user=0.12 sys=0.00, real=0.02 secs] 
2020-08-10T00:55:58.190+0800: 179024.777: [GC (Allocation Failure) 2020-08-10T00:55:58.191+0800: 179024.778: [ParNew: 666019K->12057K(737280K), 0.0247742 secs] 5555660K->4901719K(8306688K), 0.0258749 secs] [Times: user=0.10 sys=0.00, real=0.02 secs] 
2020-08-10T00:56:34.151+0800: 179060.738: [GC (Allocation Failure) 2020-08-10T00:56:34.151+0800: 179060.738: [ParNew: 667417K->12753K(737280K), 0.0293164 secs] 5557079K->4902686K(8306688K), 0.0295235 secs] [Times: user=0.10 sys=0.00, real=0.03 secs] 
2020-08-10T00:57:33.659+0800: 179120.247: [GC (Allocation Failure) 2020-08-10T00:57:33.659+0800: 179120.247: [ParNew: 668113K->12004K(737280K), 0.0205433 secs] 5558046K->4902007K(8306688K), 0.0207413 secs] [Times: user=0.11 sys=0.00, real=0.02 secs] 
2020-08-10T00:58:27.520+0800: 179174.107: [GC (Allocation Failure) 2020-08-10T00:58:27.520+0800: 179174.107: [ParNew: 667282K->15086K(737280K), 0.0218510 secs] 5557285K->4905263K(8306688K), 0.0220224 secs] [Times: user=0.11 sys=0.00, real=0.02 secs] 
2020-08-10T00:59:17.265+0800: 179223.852: [GC (Allocation Failure) 2020-08-10T00:59:17.265+0800: 179223.852: [ParNew: 670446K->13215K(737280K), 0.0255341 secs] 5560623K->4903920K(8306688K), 0.0257292 secs] [Times: user=0.11 sys=0.00, real=0.03 secs] 
2020-08-10T01:00:01.739+0800: 179268.326: [GC (Allocation Failure) 2020-08-10T01:00:01.739+0800: 179268.326: [ParNew: 668575K->14717K(737280K), 0.0244375 secs] 5559280K->4905889K(8306688K), 0.0246126 secs] [Times: user=0.11 sys=0.01, real=0.02 secs] 
2020-08-10T01:00:53.791+0800: 179320.378: [GC (Allocation Failure) 2020-08-10T01:00:53.791+0800: 179320.378: [ParNew: 669984K->15125K(737280K), 0.0316364 secs] 5561156K->4906992K(8306688K), 0.0318680 secs] [Times: user=0.10 sys=0.01, real=0.03 secs] 
2020-08-10T01:01:41.331+0800: 179367.918: [GC (Allocation Failure) 2020-08-10T01:01:41.331+0800: 179367.918: [ParNew: 670485K->16380K(737280K), 0.0327216 secs] 5562352K->4908513K(8306688K), 0.0329868 secs] [Times: user=0.17 sys=0.00, real=0.03 secs] 
2020-08-10T01:02:09.124+0800: 179395.711: [GC (Allocation Failure) 2020-08-10T01:02:09.124+0800: 179395.711: [ParNew: 671638K->14113K(737280K), 0.0257729 secs] 5563771K->4906599K(8306688K), 0.0260157 secs] [Times: user=0.10 sys=0.00, real=0.03 secs] 
2020-08-10T01:02:30.174+0800: 179416.762: [GC (Allocation Failure) 2020-08-10T01:02:30.175+0800: 179416.762: [ParNew: 669350K->15019K(737280K), 0.0246391 secs] 5561836K->4907956K(8306688K), 0.0248603 secs] [Times: user=0.11 sys=0.00, real=0.03 secs] 
2020-08-10T01:03:23.949+0800: 179470.537: [GC (Allocation Failure) 2020-08-10T01:03:23.949+0800: 179470.537: [ParNew: 670379K->13222K(737280K), 0.0203863 secs] 5563316K->4906504K(8306688K), 0.0205636 secs] [Times: user=0.09 sys=0.00, real=0.02 secs] 
2020-08-10T01:04:04.453+0800: 179511.041: [GC (Allocation Failure) 2020-08-10T01:04:04.453+0800: 179511.041: [ParNew: 668582K->12093K(737280K), 0.0204367 secs] 5561864K->4905772K(8306688K), 0.0206039 secs] [Times: user=0.09 sys=0.00, real=0.02 secs] 
2020-08-10T01:04:51.320+0800: 179557.908: [GC (Allocation Failure) 2020-08-10T01:04:51.320+0800: 179557.908: [ParNew: 667453K->11185K(737280K), 0.0260048 secs] 5561132K->4905657K(8306688K), 0.0262276 secs] [Times: user=0.10 sys=0.00, real=0.03 secs] 
2020-08-10T01:05:38.236+0800: 179604.823: [GC (Allocation Failure) 2020-08-10T01:05:38.236+0800: 179604.823: [ParNew: 666541K->12076K(737280K), 0.0243501 secs] 5561013K->4906835K(8306688K), 0.0245602 secs] [Times: user=0.11 sys=0.00, real=0.03 secs] 
2020-08-10T01:06:31.804+0800: 179658.392: [GC (Allocation Failure) 2020-08-10T01:06:31.804+0800: 179658.392: [ParNew: 667435K->12759K(737280K), 0.0199365 secs] 5562194K->4907610K(8306688K), 0.0200997 secs] [Times: user=0.10 sys=0.00, real=0.02 secs] 
2020-08-10T01:07:29.234+0800: 179715.821: [GC (Allocation Failure) 2020-08-10T01:07:29.234+0800: 179715.821: [ParNew: 668119K->28814K(737280K), 0.0307652 secs] 5562970K->4923864K(8306688K), 0.0309581 secs] [Times: user=0.12 sys=0.00, real=0.03 secs] 
2020-08-10T01:08:34.548+0800: 179781.136: [GC (Allocation Failure) 2020-08-10T01:08:34.549+0800: 179781.136: [ParNew: 684174K->13124K(737280K), 0.0238870 secs] 5579224K->4908510K(8306688K), 0.0240660 secs] [Times: user=0.10 sys=0.00, real=0.02 secs] 
2020-08-10T01:10:41.334+0800: 179907.922: [GC (Allocation Failure) 2020-08-10T01:10:41.334+0800: 179907.922: [ParNew: 668477K->13106K(737280K), 0.0241662 secs] 5563862K->4909104K(8306688K), 0.0243476 secs] [Times: user=0.09 sys=0.01, real=0.03 secs] 
2020-08-10T01:11:35.920+0800: 179962.507: [GC (Allocation Failure) 2020-08-10T01:11:35.920+0800: 179962.507: [ParNew: 668466K->28604K(737280K), 0.0259431 secs] 5564464K->4924937K(8306688K), 0.0261320 secs] [Times: user=0.10 sys=0.01, real=0.02 secs] 
2020-08-10T01:12:27.092+0800: 180013.680: [GC (Allocation Failure) 2020-08-10T01:12:27.093+0800: 180013.680: [ParNew: 683964K->26114K(737280K), 0.0224265 secs] 5580297K->4922973K(8306688K), 0.0226007 secs] [Times: user=0.09 sys=0.00, real=0.02 secs] 
2020-08-10T01:13:29.424+0800: 180076.011: [GC (Allocation Failure) 2020-08-10T01:13:29.424+0800: 180076.011: [ParNew: 681474K->14708K(737280K), 0.0241169 secs] 5578333K->4911756K(8306688K), 0.0243515 secs] [Times: user=0.09 sys=0.00, real=0.03 secs] 
2020-08-10T01:14:42.206+0800: 180148.793: [GC (Allocation Failure) 2020-08-10T01:14:42.206+0800: 180148.793: [ParNew: 670009K->16052K(737280K), 0.0264266 secs] 5567057K->4913256K(8306688K), 0.0266254 secs] [Times: user=0.11 sys=0.00, real=0.03 secs] 
2020-08-10T01:15:35.825+0800: 180202.412: [GC (Allocation Failure) 2020-08-10T01:15:35.825+0800: 180202.412: [ParNew: 671412K->13912K(737280K), 0.0199218 secs] 5568616K->4911223K(8306688K), 0.0201006 secs] [Times: user=0.11 sys=0.00, real=0.02 secs] 
2020-08-10T01:16:22.456+0800: 180249.044: [GC (Allocation Failure) 2020-08-10T01:16:22.456+0800: 180249.044: [ParNew: 669272K->13033K(737280K), 0.0308934 secs] 5566583K->4911224K(8306688K), 0.0310891 secs] [Times: user=0.13 sys=0.00, real=0.04 secs] 
2020-08-10T01:17:30.594+0800: 180317.182: [GC (Allocation Failure) 2020-08-10T01:17:30.594+0800: 180317.182: [ParNew: 668393K->12999K(737280K), 0.0187338 secs] 5566584K->4912143K(8306688K), 0.0189059 secs] [Times: user=0.11 sys=0.00, real=0.02 secs] 
2020-08-10T01:18:43.448+0800: 180390.036: [GC (Allocation Failure) 2020-08-10T01:18:43.449+0800: 180390.036: [ParNew: 668359K->14161K(737280K), 0.0207868 secs] 5567503K->4913536K(8306688K), 0.0209652 secs] [Times: user=0.09 sys=0.00, real=0.02 secs] 
2020-08-10T01:20:09.526+0800: 180476.114: [GC (Allocation Failure) 2020-08-10T01:20:09.527+0800: 180476.114: [ParNew: 669521K->13489K(737280K), 0.0196716 secs] 5568896K->4913415K(8306688K), 0.0198596 secs] [Times: user=0.10 sys=0.00, real=0.02 secs] 
2020-08-10T01:21:02.636+0800: 180529.223: [GC (Allocation Failure) 2020-08-10T01:21:02.636+0800: 180529.223: [ParNew: 668849K->14278K(737280K), 0.0236465 secs] 5568775K->4914623K(8306688K), 0.0239205 secs] [Times: user=0.09 sys=0.00, real=0.03 secs] 
2020-08-10T01:21:53.932+0800: 180580.519: [GC (Allocation Failure) 2020-08-10T01:21:53.932+0800: 180580.519: [ParNew: 669638K->12436K(737280K), 0.0188894 secs] 5569983K->4912990K(8306688K), 0.0190953 secs] [Times: user=0.08 sys=0.00, real=0.02 secs] 
2020-08-10T01:22:50.419+0800: 180637.006: [GC (Allocation Failure) 2020-08-10T01:22:50.419+0800: 180637.006: [ParNew: 667796K->13423K(737280K), 0.0183514 secs] 5568350K->4914134K(8306688K), 0.0185536 secs] [Times: user=0.10 sys=0.00, real=0.01 secs] 
2020-08-10T01:23:48.614+0800: 180695.201: [GC (Allocation Failure) 2020-08-10T01:23:48.614+0800: 180695.201: [ParNew: 668783K->16526K(737280K), 0.0261287 secs] 5569494K->4917773K(8306688K), 0.0263127 secs] [Times: user=0.14 sys=0.00, real=0.03 secs] 
2020-08-10T01:24:57.221+0800: 180763.808: [GC (Allocation Failure) 2020-08-10T01:24:57.221+0800: 180763.808: [ParNew: 671886K->17886K(737280K), 0.0249158 secs] 5573133K->4919507K(8306688K), 0.0251413 secs] [Times: user=0.10 sys=0.00, real=0.02 secs] 
2020-08-10T01:26:20.904+0800: 180847.492: [GC (Allocation Failure) 2020-08-10T01:26:20.905+0800: 180847.492: [ParNew: 673246K->21432K(737280K), 0.0323069 secs] 5574867K->4923261K(8306688K), 0.0325505 secs] [Times: user=0.13 sys=0.00, real=0.03 secs] 
2020-08-10T01:27:50.132+0800: 180936.720: [GC (Allocation Failure) 2020-08-10T01:27:50.133+0800: 180936.720: [ParNew: 676792K->21248K(737280K), 0.0313096 secs] 5578621K->4923671K(8306688K), 0.0315240 secs] [Times: user=0.11 sys=0.00, real=0.03 secs] 
2020-08-10T01:28:49.161+0800: 180995.749: [GC (Allocation Failure) 2020-08-10T01:28:49.161+0800: 180995.749: [ParNew: 676608K->26514K(737280K), 0.0275591 secs] 5579031K->4929321K(8306688K), 0.0277355 secs] [Times: user=0.12 sys=0.00, real=0.03 secs] 
2020-08-10T01:29:37.820+0800: 181044.407: [GC (Allocation Failure) 2020-08-10T01:29:37.820+0800: 181044.407: [ParNew: 681874K->16406K(737280K), 0.0233839 secs] 5584681K->4919561K(8306688K), 0.0235714 secs] [Times: user=0.10 sys=0.00, real=0.02 secs] 
2020-08-10T01:30:31.093+0800: 181097.680: [GC (Allocation Failure) 2020-08-10T01:30:31.093+0800: 181097.680: [ParNew: 671766K->15467K(737280K), 0.0261133 secs] 5574921K->4918978K(8306688K), 0.0263204 secs] [Times: user=0.11 sys=0.00, real=0.03 secs] 
2020-08-10T01:31:23.100+0800: 181149.687: [GC (Allocation Failure) 2020-08-10T01:31:23.100+0800: 181149.687: [ParNew: 670827K->16469K(737280K), 0.0305753 secs] 5574338K->4920144K(8306688K), 0.0308070 secs] [Times: user=0.09 sys=0.00, real=0.03 secs] 
2020-08-10T01:32:35.613+0800: 181222.200: [GC (Allocation Failure) 2020-08-10T01:32:35.613+0800: 181222.201: [ParNew: 671829K->16980K(737280K), 0.0224767 secs] 5575504K->4920877K(8306688K), 0.0226949 secs] [Times: user=0.09 sys=0.01, real=0.02 secs] 
2020-08-10T01:33:41.379+0800: 181287.966: [GC (Allocation Failure) 2020-08-10T01:33:41.379+0800: 181287.966: [ParNew: 672340K->12169K(737280K), 0.0157393 secs] 5576237K->4916764K(8306688K), 0.0159084 secs] [Times: user=0.09 sys=0.01, real=0.01 secs] 
2020-08-10T01:34:24.641+0800: 181331.228: [GC (Allocation Failure) 2020-08-10T01:34:24.641+0800: 181331.228: [ParNew: 667529K->12143K(737280K), 0.0238740 secs] 5572124K->4917022K(8306688K), 0.0240590 secs] [Times: user=0.11 sys=0.00, real=0.02 secs] 
2020-08-10T01:35:02.663+0800: 181369.250: [GC (Allocation Failure) 2020-08-10T01:35:02.663+0800: 181369.250: [ParNew: 667503K->12285K(737280K), 0.0192842 secs] 5572382K->4917648K(8306688K), 0.0194657 secs] [Times: user=0.11 sys=0.00, real=0.02 secs] 
2020-08-10T01:35:47.768+0800: 181414.355: [GC (Allocation Failure) 2020-08-10T01:35:47.768+0800: 181414.356: [ParNew: 667645K->10979K(737280K), 0.0161791 secs] 5573008K->4916483K(8306688K), 0.0163412 secs] [Times: user=0.09 sys=0.00, real=0.01 secs] 
2020-08-10T01:36:30.415+0800: 181457.002: [GC (Allocation Failure) 2020-08-10T01:36:30.415+0800: 181457.002: [ParNew: 666339K->11325K(737280K), 0.0216993 secs] 5571843K->4917166K(8306688K), 0.0218523 secs] [Times: user=0.10 sys=0.00, real=0.02 secs] 
2020-08-10T01:37:19.341+0800: 181505.928: [GC (Allocation Failure) 2020-08-10T01:37:19.341+0800: 181505.928: [ParNew: 666685K->12259K(737280K), 0.0164998 secs] 5572526K->4918376K(8306688K), 0.0166870 secs] [Times: user=0.08 sys=0.00, real=0.01 secs] 
2020-08-10T01:37:56.885+0800: 181543.472: [GC (Allocation Failure) 2020-08-10T01:37:56.885+0800: 181543.472: [ParNew: 667619K->13754K(737280K), 0.0217386 secs] 5573736K->4920377K(8306688K), 0.0219073 secs] [Times: user=0.08 sys=0.00, real=0.03 secs] 
2020-08-10T01:39:01.447+0800: 181608.034: [GC (Allocation Failure) 2020-08-10T01:39:01.447+0800: 181608.034: [ParNew: 669114K->15045K(737280K), 0.0210571 secs] 5575737K->4922004K(8306688K), 0.0212613 secs] [Times: user=0.11 sys=0.01, real=0.02 secs] 
2020-08-10T01:40:14.737+0800: 181681.324: [GC (Allocation Failure) 2020-08-10T01:40:14.737+0800: 181681.324: [ParNew: 670405K->12936K(737280K), 0.0155733 secs] 5577364K->4920031K(8306688K), 0.0157612 secs] [Times: user=0.09 sys=0.00, real=0.02 secs] 
2020-08-10T01:42:07.555+0800: 181794.142: [GC (Allocation Failure) 2020-08-10T01:42:07.555+0800: 181794.142: [ParNew: 668296K->14879K(737280K), 0.0216244 secs] 5575391K->4922229K(8306688K), 0.0218170 secs] [Times: user=0.10 sys=0.00, real=0.02 secs] 
2020-08-10T01:43:58.032+0800: 181904.620: [GC (Allocation Failure) 2020-08-10T01:43:58.033+0800: 181904.621: [ParNew: 670239K->24944K(737280K), 0.0295370 secs] 5577589K->4932430K(8306688K), 0.0306296 secs] [Times: user=0.10 sys=0.00, real=0.03 secs] 
2020-08-10T01:44:57.333+0800: 181963.920: [GC (Allocation Failure) 2020-08-10T01:44:57.333+0800: 181963.920: [ParNew: 680304K->23520K(737280K), 0.0373198 secs] 5587790K->4931475K(8306688K), 0.0374978 secs] [Times: user=0.12 sys=0.00, real=0.04 secs] 
2020-08-10T01:45:46.328+0800: 182012.915: [GC (Allocation Failure) 2020-08-10T01:45:46.328+0800: 182012.915: [ParNew: 678880K->13785K(737280K), 0.0212007 secs] 5586835K->4921817K(8306688K), 0.0213879 secs] [Times: user=0.10 sys=0.01, real=0.02 secs] 
2020-08-10T01:46:51.834+0800: 182078.421: [GC (Allocation Failure) 2020-08-10T01:46:51.834+0800: 182078.421: [ParNew: 669145K->12761K(737280K), 0.0191111 secs] 5577177K->4921221K(8306688K), 0.0192804 secs] [Times: user=0.09 sys=0.00, real=0.02 secs] 
2020-08-10T01:48:06.903+0800: 182153.490: [GC (Allocation Failure) 2020-08-10T01:48:06.903+0800: 182153.490: [ParNew: 668121K->14028K(737280K), 0.0193263 secs] 5576581K->4922913K(8306688K), 0.0195079 secs] [Times: user=0.10 sys=0.00, real=0.02 secs] 
2020-08-10T01:49:11.404+0800: 182217.991: [GC (Allocation Failure) 2020-08-10T01:49:11.404+0800: 182217.991: [ParNew: 669388K->13481K(737280K), 0.0189028 secs] 5578273K->4922779K(8306688K), 0.0190827 secs] [Times: user=0.10 sys=0.00, real=0.02 secs] 
2020-08-10T01:50:04.054+0800: 182270.641: [GC (GCLocker Initiated GC) 2020-08-10T01:50:04.054+0800: 182270.641: [ParNew: 668841K->14175K(737280K), 0.0210620 secs] 5578139K->4923565K(8306688K), 0.0212583 secs] [Times: user=0.12 sys=0.00, real=0.02 secs] 
2020-08-10T01:50:52.427+0800: 182319.014: [GC (Allocation Failure) 2020-08-10T01:50:52.427+0800: 182319.014: [ParNew: 669535K->13328K(737280K), 0.0167618 secs] 5578925K->4923128K(8306688K), 0.0170092 secs] [Times: user=0.08 sys=0.01, real=0.01 secs] 
2020-08-10T01:52:00.350+0800: 182386.937: [GC (Allocation Failure) 2020-08-10T01:52:00.350+0800: 182386.937: [ParNew: 668688K->14972K(737280K), 0.0256582 secs] 5578488K->4924901K(8306688K), 0.0258310 secs] [Times: user=0.12 sys=0.00, real=0.02 secs] 
2020-08-10T01:53:09.683+0800: 182456.270: [GC (Allocation Failure) 2020-08-10T01:53:09.683+0800: 182456.270: [ParNew: 670278K->13939K(737280K), 0.0184948 secs] 5580207K->4924438K(8306688K), 0.0186714 secs] [Times: user=0.11 sys=0.00, real=0.02 secs] 
2020-08-10T01:54:23.477+0800: 182530.064: [GC (Allocation Failure) 2020-08-10T01:54:23.477+0800: 182530.064: [ParNew: 669299K->14199K(737280K), 0.0176086 secs] 5579798K->4925236K(8306688K), 0.0177673 secs] [Times: user=0.09 sys=0.00, real=0.02 secs] 
2020-08-10T01:55:55.133+0800: 182621.720: [GC (Allocation Failure) 2020-08-10T01:55:55.133+0800: 182621.720: [ParNew: 669559K->15545K(737280K), 0.0204403 secs] 5580596K->4927211K(8306688K), 0.0206210 secs] [Times: user=0.09 sys=0.00, real=0.02 secs] 
2020-08-10T01:57:31.415+0800: 182718.002: [GC (Allocation Failure) 2020-08-10T01:57:31.415+0800: 182718.002: [ParNew: 670905K->14894K(737280K), 0.0230642 secs] 5582571K->4926732K(8306688K), 0.0232298 secs] [Times: user=0.09 sys=0.01, real=0.02 secs] 
2020-08-10T01:58:24.148+0800: 182770.735: [GC (Allocation Failure) 2020-08-10T01:58:24.148+0800: 182770.735: [ParNew: 670254K->20262K(737280K), 0.0240705 secs] 5582092K->4932206K(8306688K), 0.0242398 secs] [Times: user=0.10 sys=0.00, real=0.02 secs] 
2020-08-10T01:59:15.047+0800: 182821.634: [GC (Allocation Failure) 2020-08-10T01:59:15.047+0800: 182821.634: [ParNew: 675622K->12310K(737280K), 0.0192048 secs] 5587566K->4924689K(8306688K), 0.0193849 secs] [Times: user=0.08 sys=0.00, real=0.01 secs] 
2020-08-10T02:00:05.624+0800: 182872.211: [GC (Allocation Failure) 2020-08-10T02:00:05.624+0800: 182872.212: [ParNew: 667670K->13357K(737280K), 0.0199236 secs] 5580049K->4926007K(8306688K), 0.0200872 secs] [Times: user=0.10 sys=0.00, real=0.02 secs] 
2020-08-10T02:01:25.780+0800: 182952.367: [GC (Allocation Failure) 2020-08-10T02:01:25.780+0800: 182952.367: [ParNew: 668717K->13641K(737280K), 0.0212000 secs] 5581367K->4926688K(8306688K), 0.0213768 secs] [Times: user=0.10 sys=0.00, real=0.02 secs] 
2020-08-10T02:02:44.881+0800: 183031.469: [GC (Allocation Failure) 2020-08-10T02:02:44.881+0800: 183031.469: [ParNew: 669001K->15678K(737280K), 0.0225269 secs] 5582048K->4929094K(8306688K), 0.0226970 secs] [Times: user=0.10 sys=0.00, real=0.02 secs] 
2020-08-10T02:03:40.786+0800: 183087.373: [GC (Allocation Failure) 2020-08-10T02:03:40.786+0800: 183087.374: [ParNew: 671038K->13453K(737280K), 0.0239818 secs] 5584454K->4927022K(8306688K), 0.0241682 secs] [Times: user=0.09 sys=0.01, real=0.03 secs] 
2020-08-10T02:04:41.426+0800: 183148.013: [GC (Allocation Failure) 2020-08-10T02:04:41.426+0800: 183148.013: [ParNew: 668813K->13352K(737280K), 0.0262273 secs] 5582382K->4927034K(8306688K), 0.0264363 secs] [Times: user=0.11 sys=0.00, real=0.03 secs] 
2020-08-10T02:06:07.558+0800: 183234.146: [GC (Allocation Failure) 2020-08-10T02:06:07.559+0800: 183234.146: [ParNew: 668712K->14021K(737280K), 0.0306473 secs] 5582394K->4927774K(8306688K), 0.0308665 secs] [Times: user=0.11 sys=0.01, real=0.03 secs] 
2020-08-10T02:07:58.616+0800: 183345.203: [GC (Allocation Failure) 2020-08-10T02:07:58.616+0800: 183345.203: [ParNew: 669381K->11716K(737280K), 0.0231400 secs] 5583134K->4925568K(8306688K), 0.0233064 secs] [Times: user=0.11 sys=0.00, real=0.03 secs] 
2020-08-10T02:09:26.804+0800: 183433.391: [GC (Allocation Failure) 2020-08-10T02:09:26.804+0800: 183433.391: [ParNew: 667076K->21661K(737280K), 0.0231106 secs] 5580928K->4936740K(8306688K), 0.0232944 secs] [Times: user=0.10 sys=0.00, real=0.03 secs] 
2020-08-10T02:10:24.859+0800: 183491.446: [GC (Allocation Failure) 2020-08-10T02:10:24.859+0800: 183491.446: [ParNew: 677020K->12279K(737280K), 0.0195407 secs] 5592099K->4928100K(8306688K), 0.0197653 secs] [Times: user=0.08 sys=0.01, real=0.02 secs] 
2020-08-10T02:11:31.460+0800: 183558.047: [GC (Allocation Failure) 2020-08-10T02:11:31.460+0800: 183558.047: [ParNew: 667639K->11981K(737280K), 0.0202321 secs] 5583460K->4927810K(8306688K), 0.0204120 secs] [Times: user=0.10 sys=0.00, real=0.02 secs] 
2020-08-10T02:12:11.711+0800: 183598.299: [GC (Allocation Failure) 2020-08-10T02:12:11.711+0800: 183598.299: [ParNew: 667341K->30542K(737280K), 0.0289957 secs] 5583170K->4946642K(8306688K), 0.0291570 secs] [Times: user=0.21 sys=0.00, real=0.03 secs] 
2020-08-10T02:12:45.116+0800: 183631.703: [GC (Allocation Failure) 2020-08-10T02:12:45.116+0800: 183631.703: [ParNew: 685902K->64835K(737280K), 0.0459436 secs] 5602002K->4981465K(8306688K), 0.0461165 secs] [Times: user=0.33 sys=0.00, real=0.05 secs] 
2020-08-10T02:13:18.141+0800: 183664.729: [GC (Allocation Failure) 2020-08-10T02:13:18.141+0800: 183664.729: [ParNew: 720195K->78582K(737280K), 0.0963443 secs] 5636825K->5018724K(8306688K), 0.0965140 secs] [Times: user=0.51 sys=0.00, real=0.09 secs] 
2020-08-10T02:13:52.110+0800: 183698.697: [GC (Allocation Failure) 2020-08-10T02:13:52.110+0800: 183698.697: [ParNew: 731153K->81920K(737280K), 0.1038318 secs] 5671295K->5134361K(8306688K), 0.1040047 secs] [Times: user=0.56 sys=0.00, real=0.10 secs] 
2020-08-10T02:13:57.451+0800: 183704.038: [GC (Allocation Failure) 2020-08-10T02:13:57.451+0800: 183704.038: [ParNew: 710167K->76470K(737280K), 0.0597218 secs] 5762609K->5233807K(8306688K), 0.0599615 secs] [Times: user=0.33 sys=0.03, real=0.06 secs] 
2020-08-10T02:14:21.759+0800: 183728.347: [GC (Allocation Failure) 2020-08-10T02:14:21.759+0800: 183728.347: [ParNew: 731830K->40666K(737280K), 0.0328497 secs] 5889167K->5198003K(8306688K), 0.0330121 secs] [Times: user=0.25 sys=0.00, real=0.03 secs] 
2020-08-10T02:14:46.146+0800: 183752.733: [GC (Allocation Failure) 2020-08-10T02:14:46.146+0800: 183752.733: [ParNew: 696026K->77492K(737280K), 0.0539434 secs] 5853363K->5234830K(8306688K), 0.0541013 secs] [Times: user=0.39 sys=0.00, real=0.06 secs] 
2020-08-10T02:15:11.397+0800: 183777.984: [GC (Allocation Failure) 2020-08-10T02:15:11.397+0800: 183777.984: [ParNew: 732852K->79883K(737280K), 0.1174766 secs] 5890190K->5267900K(8306688K), 0.1187162 secs] [Times: user=0.53 sys=0.00, real=0.12 secs] 
2020-08-10T02:15:36.376+0800: 183802.963: [GC (Allocation Failure) 2020-08-10T02:15:36.376+0800: 183802.963: [ParNew: 735243K->81920K(737280K), 0.0875708 secs] 5923260K->5298124K(8306688K), 0.0877483 secs] [Times: user=0.48 sys=0.00, real=0.09 secs] 
2020-08-10T02:16:03.917+0800: 183830.504: [GC (Allocation Failure) 2020-08-10T02:16:03.917+0800: 183830.504: [ParNew: 737280K->81226K(737280K), 0.0881973 secs] 5953484K->5322023K(8306688K), 0.0883523 secs] [Times: user=0.52 sys=0.00, real=0.09 secs] 
2020-08-10T02:16:27.772+0800: 183854.359: [GC (Allocation Failure) 2020-08-10T02:16:27.772+0800: 183854.359: [ParNew: 736586K->81920K(737280K), 0.0931883 secs] 5977383K->5357756K(8306688K), 0.0933605 secs] [Times: user=0.59 sys=0.00, real=0.09 secs] 
2020-08-10T02:17:05.855+0800: 183892.442: [GC (Allocation Failure) 2020-08-10T02:17:05.855+0800: 183892.443: [ParNew: 737280K->81140K(737280K), 0.0906539 secs] 6013116K->5387813K(8306688K), 0.0908522 secs] [Times: user=0.59 sys=0.00, real=0.09 secs] 
2020-08-10T02:17:05.950+0800: 183892.537: [GC (CMS Initial Mark) [1 CMS-initial-mark: 5306673K(7569408K)] 5396827K(8306688K), 0.0063032 secs] [Times: user=0.03 sys=0.00, real=0.00 secs] 
2020-08-10T02:17:05.956+0800: 183892.543: [CMS-concurrent-mark-start]
2020-08-10T02:17:06.917+0800: 183893.504: [CMS-concurrent-mark: 0.961/0.961 secs] [Times: user=2.19 sys=0.20, real=0.96 secs] 
2020-08-10T02:17:06.917+0800: 183893.504: [CMS-concurrent-preclean-start]
2020-08-10T02:17:06.927+0800: 183893.514: [CMS-concurrent-preclean: 0.010/0.010 secs] [Times: user=0.01 sys=0.00, real=0.02 secs] 
2020-08-10T02:17:06.927+0800: 183893.514: [CMS-concurrent-abortable-preclean-start]
 CMS: abort preclean due to time 2020-08-10T02:17:11.981+0800: 183898.568: [CMS-concurrent-abortable-preclean: 4.496/5.054 secs] [Times: user=5.12 sys=1.49, real=5.05 secs] 
2020-08-10T02:17:11.982+0800: 183898.569: [GC (CMS Final Remark) [YG occupancy: 298933 K (737280 K)]2020-08-10T02:17:11.982+0800: 183898.569: [Rescan (parallel) , 0.0176023 secs]2020-08-10T02:17:12.000+0800: 183898.587: [weak refs processing, 0.0007346 secs]2020-08-10T02:17:12.000+0800: 183898.588: [class unloading, 0.0165613 secs]2020-08-10T02:17:12.017+0800: 183898.604: [scrub symbol table, 0.0060453 secs]2020-08-10T02:17:12.023+0800: 183898.610: [scrub string table, 0.0008255 secs][1 CMS-remark: 5306673K(7569408K)] 5605607K(8306688K), 0.0420132 secs] [Times: user=0.16 sys=0.00, real=0.04 secs] 
2020-08-10T02:17:12.024+0800: 183898.611: [CMS-concurrent-sweep-start]
2020-08-10T02:17:15.063+0800: 183901.650: [CMS-concurrent-sweep: 3.038/3.038 secs] [Times: user=3.48 sys=0.20, real=3.04 secs] 
2020-08-10T02:17:15.063+0800: 183901.650: [CMS-concurrent-reset-start]
2020-08-10T02:17:15.088+0800: 183901.676: [CMS-concurrent-reset: 0.026/0.026 secs] [Times: user=0.03 sys=0.01, real=0.03 secs] 
2020-08-10T02:17:29.137+0800: 183915.725: [GC (Allocation Failure) 2020-08-10T02:17:29.137+0800: 183915.725: [ParNew: 736500K->76474K(737280K), 0.0731899 secs] 1783766K->1154987K(8306688K), 0.0733495 secs] [Times: user=0.44 sys=0.00, real=0.08 secs] 
2020-08-10T02:17:58.711+0800: 183945.298: [GC (Allocation Failure) 2020-08-10T02:17:58.711+0800: 183945.298: [ParNew: 731834K->65581K(737280K), 0.0803214 secs] 1810347K->1169371K(8306688K), 0.0804802 secs] [Times: user=0.47 sys=0.00, real=0.08 secs] 
2020-08-10T02:18:28.775+0800: 183975.362: [GC (Allocation Failure) 2020-08-10T02:18:28.775+0800: 183975.362: [ParNew: 720941K->66179K(737280K), 0.0570016 secs] 1824731K->1190929K(8306688K), 0.0571915 secs] [Times: user=0.37 sys=0.00, real=0.06 secs] 
2020-08-10T02:19:07.795+0800: 184014.383: [GC (Allocation Failure) 2020-08-10T02:19:07.795+0800: 184014.383: [ParNew: 721539K->62780K(737280K), 0.0826015 secs] 1846289K->1210633K(8306688K), 0.0827748 secs] [Times: user=0.48 sys=0.00, real=0.08 secs] 
2020-08-10T02:19:39.101+0800: 184045.689: [GC (Allocation Failure) 2020-08-10T02:19:39.101+0800: 184045.689: [ParNew: 718140K->78847K(737280K), 0.0716494 secs] 1865993K->1245525K(8306688K), 0.0718484 secs] [Times: user=0.40 sys=0.00, real=0.07 secs] 
2020-08-10T02:20:10.305+0800: 184076.892: [GC (Allocation Failure) 2020-08-10T02:20:10.305+0800: 184076.893: [ParNew: 734207K->64003K(737280K), 0.0673423 secs] 1900885K->1254473K(8306688K), 0.0675108 secs] [Times: user=0.44 sys=0.00, real=0.07 secs] 
2020-08-10T02:20:37.014+0800: 184103.602: [GC (Allocation Failure) 2020-08-10T02:20:37.014+0800: 184103.602: [ParNew: 719363K->65850K(737280K), 0.0737523 secs] 1909833K->1281748K(8306688K), 0.0739266 secs] [Times: user=0.46 sys=0.00, real=0.08 secs] 
2020-08-10T02:20:59.878+0800: 184126.465: [GC (Allocation Failure) 2020-08-10T02:20:59.878+0800: 184126.465: [ParNew: 721210K->81920K(737280K), 0.0749762 secs] 1937108K->1319207K(8306688K), 0.0751849 secs] [Times: user=0.50 sys=0.00, real=0.08 secs] 
2020-08-10T02:21:28.571+0800: 184155.159: [GC (Allocation Failure) 2020-08-10T02:21:28.572+0800: 184155.159: [ParNew: 737280K->81920K(737280K), 0.0855237 secs] 1974567K->1346367K(8306688K), 0.0856971 secs] [Times: user=0.45 sys=0.00, real=0.08 secs] 
2020-08-10T02:21:46.384+0800: 184172.971: [GC (Allocation Failure) 2020-08-10T02:21:46.384+0800: 184172.971: [ParNew: 737280K->77154K(737280K), 0.0874901 secs] 2001727K->1370737K(8306688K), 0.0876804 secs] [Times: user=0.51 sys=0.00, real=0.09 secs] 
2020-08-10T02:22:08.849+0800: 184195.436: [GC (Allocation Failure) 2020-08-10T02:22:08.849+0800: 184195.436: [ParNew: 732415K->71073K(737280K), 0.0808981 secs] 2025998K->1390230K(8306688K), 0.0810821 secs] [Times: user=0.48 sys=0.00, real=0.08 secs] 
2020-08-10T02:22:34.715+0800: 184221.302: [GC (Allocation Failure) 2020-08-10T02:22:34.715+0800: 184221.302: [ParNew: 726304K->69265K(737280K), 0.0844581 secs] 2045461K->1416495K(8306688K), 0.0846402 secs] [Times: user=0.55 sys=0.00, real=0.09 secs] 
2020-08-10T02:23:02.345+0800: 184248.932: [GC (Allocation Failure) 2020-08-10T02:23:02.345+0800: 184248.932: [ParNew: 724625K->65249K(737280K), 0.0735374 secs] 2071855K->1436528K(8306688K), 0.0737051 secs] [Times: user=0.45 sys=0.00, real=0.07 secs] 
2020-08-10T02:23:33.366+0800: 184279.954: [GC (Allocation Failure) 2020-08-10T02:23:33.366+0800: 184279.954: [ParNew: 720609K->70265K(737280K), 0.0713126 secs] 2091888K->1464917K(8306688K), 0.0714956 secs] [Times: user=0.45 sys=0.01, real=0.07 secs] 
2020-08-10T02:23:55.832+0800: 184302.419: [GC (Allocation Failure) 2020-08-10T02:23:55.832+0800: 184302.419: [ParNew: 725625K->67467K(737280K), 0.0986428 secs] 2120277K->1485913K(8306688K), 0.0988132 secs] [Times: user=0.52 sys=0.00, real=0.10 secs] 
2020-08-10T02:24:19.802+0800: 184326.389: [GC (Allocation Failure) 2020-08-10T02:24:19.802+0800: 184326.389: [ParNew: 722827K->67591K(737280K), 0.0774182 secs] 2141273K->1503035K(8306688K), 0.0776081 secs] [Times: user=0.49 sys=0.00, real=0.08 secs] 
2020-08-10T02:24:39.547+0800: 184346.134: [GC (Allocation Failure) 2020-08-10T02:24:39.547+0800: 184346.134: [ParNew: 722951K->81919K(737280K), 0.0904720 secs] 2158395K->1542912K(8306688K), 0.0906558 secs] [Times: user=0.50 sys=0.00, real=0.08 secs] 
2020-08-10T02:25:00.389+0800: 184366.977: [GC (Allocation Failure) 2020-08-10T02:25:00.389+0800: 184366.977: [ParNew: 737279K->63305K(737280K), 0.0603911 secs] 2198272K->1549215K(8306688K), 0.0605666 secs] [Times: user=0.37 sys=0.00, real=0.06 secs] 
2020-08-10T02:25:23.932+0800: 184390.519: [GC (Allocation Failure) 2020-08-10T02:25:23.932+0800: 184390.519: [ParNew: 718665K->76599K(737280K), 0.0542570 secs] 2204575K->1562508K(8306688K), 0.0544451 secs] [Times: user=0.32 sys=0.00, real=0.05 secs] 
2020-08-10T02:25:45.831+0800: 184412.418: [GC (Allocation Failure) 2020-08-10T02:25:45.831+0800: 184412.418: [ParNew: 731959K->68456K(737280K), 0.0653340 secs] 2217868K->1574922K(8306688K), 0.0655021 secs] [Times: user=0.40 sys=0.00, real=0.06 secs] 
2020-08-10T02:26:08.393+0800: 184434.981: [GC (Allocation Failure) 2020-08-10T02:26:08.393+0800: 184434.981: [ParNew: 723816K->66539K(737280K), 0.0648262 secs] 2230282K->1587025K(8306688K), 0.0650113 secs] [Times: user=0.42 sys=0.00, real=0.06 secs] 
2020-08-10T02:26:27.675+0800: 184454.262: [GC (Allocation Failure) 2020-08-10T02:26:27.675+0800: 184454.262: [ParNew: 721899K->79085K(737280K), 0.0848115 secs] 2242385K->1629207K(8306688K), 0.0849797 secs] [Times: user=0.41 sys=0.00, real=0.09 secs] 
2020-08-10T02:26:43.944+0800: 184470.531: [GC (Allocation Failure) 2020-08-10T02:26:43.944+0800: 184470.531: [ParNew: 734405K->69162K(737280K), 0.0827004 secs] 2284527K->1640929K(8306688K), 0.0829121 secs] [Times: user=0.50 sys=0.00, real=0.09 secs] 
2020-08-10T02:27:07.551+0800: 184494.138: [GC (Allocation Failure) 2020-08-10T02:27:07.551+0800: 184494.139: [ParNew: 724522K->71500K(737280K), 0.0640993 secs] 2296289K->1666117K(8306688K), 0.0642894 secs] [Times: user=0.40 sys=0.00, real=0.06 secs] 
2020-08-10T02:27:34.176+0800: 184520.764: [GC (Allocation Failure) 2020-08-10T02:27:34.176+0800: 184520.764: [ParNew: 726860K->68571K(737280K), 0.0683181 secs] 2321477K->1690193K(8306688K), 0.0684968 secs] [Times: user=0.43 sys=0.00, real=0.08 secs] 
2020-08-10T02:28:01.127+0800: 184547.715: [GC (Allocation Failure) 2020-08-10T02:28:01.127+0800: 184547.715: [ParNew: 723931K->57043K(737280K), 0.0612293 secs] 2345553K->1697970K(8306688K), 0.0614003 secs] [Times: user=0.39 sys=0.00, real=0.06 secs] 
2020-08-10T02:28:25.263+0800: 184571.850: [GC (Allocation Failure) 2020-08-10T02:28:25.263+0800: 184571.850: [ParNew: 712403K->58427K(737280K), 0.0720226 secs] 2353330K->1720545K(8306688K), 0.0722043 secs] [Times: user=0.36 sys=0.00, real=0.07 secs] 
2020-08-10T02:28:54.316+0800: 184600.904: [GC (Allocation Failure) 2020-08-10T02:28:54.316+0800: 184600.904: [ParNew: 713719K->81919K(737280K), 0.0484821 secs] 2375837K->1744834K(8306688K), 0.0486598 secs] [Times: user=0.33 sys=0.00, real=0.05 secs] 
2020-08-10T02:29:24.040+0800: 184630.627: [GC (Allocation Failure) 2020-08-10T02:29:24.040+0800: 184630.628: [ParNew: 737279K->78333K(737280K), 0.0745451 secs] 2400194K->1758398K(8306688K), 0.0747312 secs] [Times: user=0.37 sys=0.00, real=0.07 secs] 
2020-08-10T02:29:50.115+0800: 184656.703: [GC (Allocation Failure) 2020-08-10T02:29:50.115+0800: 184656.703: [ParNew: 733693K->79249K(737280K), 0.0662361 secs] 2413758K->1776758K(8306688K), 0.0664038 secs] [Times: user=0.45 sys=0.00, real=0.07 secs] 
2020-08-10T02:30:15.025+0800: 184681.612: [GC (Allocation Failure) 2020-08-10T02:30:15.025+0800: 184681.612: [ParNew: 734609K->72967K(737280K), 0.0781347 secs] 2432118K->1802541K(8306688K), 0.0783095 secs] [Times: user=0.52 sys=0.00, real=0.08 secs] 
2020-08-10T02:30:46.790+0800: 184713.377: [GC (Allocation Failure) 2020-08-10T02:30:46.790+0800: 184713.378: [ParNew: 728327K->74948K(737280K), 0.0672588 secs] 2457901K->1829166K(8306688K), 0.0674747 secs] [Times: user=0.43 sys=0.00, real=0.06 secs] 
2020-08-10T02:31:06.005+0800: 184732.593: [GC (Allocation Failure) 2020-08-10T02:31:06.005+0800: 184732.593: [ParNew: 730308K->80078K(737280K), 0.0991615 secs] 2484526K->1859439K(8306688K), 0.0993191 secs] [Times: user=0.59 sys=0.00, real=0.10 secs] 
2020-08-10T02:31:27.477+0800: 184754.065: [GC (Allocation Failure) 2020-08-10T02:31:27.478+0800: 184754.065: [ParNew: 735437K->81920K(737280K), 0.1175124 secs] 2514797K->1890217K(8306688K), 0.1177096 secs] [Times: user=0.76 sys=0.00, real=0.12 secs] 
2020-08-10T02:31:46.212+0800: 184772.799: [GC (Allocation Failure) 2020-08-10T02:31:46.212+0800: 184772.799: [ParNew: 737280K->81455K(737280K), 0.0800067 secs] 2545577K->1922403K(8306688K), 0.0801832 secs] [Times: user=0.49 sys=0.00, real=0.08 secs] 
2020-08-10T02:32:18.379+0800: 184804.967: [GC (Allocation Failure) 2020-08-10T02:32:18.379+0800: 184804.967: [ParNew: 736815K->71681K(737280K), 0.0668115 secs] 2577763K->1936423K(8306688K), 0.0669948 secs] [Times: user=0.41 sys=0.00, real=0.06 secs] 
2020-08-10T02:32:52.279+0800: 184838.866: [GC (Allocation Failure) 2020-08-10T02:32:52.279+0800: 184838.866: [ParNew: 727041K->70196K(737280K), 0.0618579 secs] 2591783K->1962792K(8306688K), 0.0621125 secs] [Times: user=0.37 sys=0.00, real=0.06 secs] 
2020-08-10T02:33:22.461+0800: 184869.048: [GC (Allocation Failure) 2020-08-10T02:33:22.461+0800: 184869.048: [ParNew: 725556K->61445K(737280K), 0.0604802 secs] 2618152K->1970318K(8306688K), 0.0606867 secs] [Times: user=0.36 sys=0.00, real=0.06 secs] 
2020-08-10T02:33:46.196+0800: 184892.784: [GC (Allocation Failure) 2020-08-10T02:33:46.196+0800: 184892.784: [ParNew: 716805K->65480K(737280K), 0.0743085 secs] 2625678K->1993494K(8306688K), 0.0744734 secs] [Times: user=0.45 sys=0.00, real=0.08 secs] 
2020-08-10T02:34:17.281+0800: 184923.868: [GC (Allocation Failure) 2020-08-10T02:34:17.281+0800: 184923.868: [ParNew: 720840K->79630K(737280K), 0.0796105 secs] 2648854K->2033899K(8306688K), 0.0798155 secs] [Times: user=0.40 sys=0.00, real=0.08 secs] 
2020-08-10T02:34:40.797+0800: 184947.384: [GC (Allocation Failure) 2020-08-10T02:34:40.797+0800: 184947.384: [ParNew: 734990K->71656K(737280K), 0.0718052 secs] 2689259K->2052345K(8306688K), 0.0720326 secs] [Times: user=0.46 sys=0.00, real=0.08 secs] 
2020-08-10T02:35:16.616+0800: 184983.204: [GC (Allocation Failure) 2020-08-10T02:35:16.616+0800: 184983.204: [ParNew: 727016K->66140K(737280K), 0.0581403 secs] 2707705K->2068841K(8306688K), 0.0583201 secs] [Times: user=0.36 sys=0.00, real=0.06 secs] 
2020-08-10T02:35:46.358+0800: 185012.946: [GC (Allocation Failure) 2020-08-10T02:35:46.358+0800: 185012.946: [ParNew: 721500K->60596K(737280K), 0.0621734 secs] 2724201K->2089524K(8306688K), 0.0623391 secs] [Times: user=0.41 sys=0.00, real=0.07 secs] 
2020-08-10T02:36:16.407+0800: 185042.994: [GC (Allocation Failure) 2020-08-10T02:36:16.407+0800: 185042.994: [ParNew: 715956K->54298K(737280K), 0.0530127 secs] 2744884K->2099092K(8306688K), 0.0531968 secs] [Times: user=0.35 sys=0.00, real=0.05 secs] 
2020-08-10T02:36:47.858+0800: 185074.446: [GC (Allocation Failure) 2020-08-10T02:36:47.858+0800: 185074.446: [ParNew: 709658K->72465K(737280K), 0.0541101 secs] 2754452K->2117259K(8306688K), 0.0542802 secs] [Times: user=0.34 sys=0.00, real=0.06 secs] 
2020-08-10T02:37:09.695+0800: 185096.283: [GC (Allocation Failure) 2020-08-10T02:37:09.696+0800: 185096.283: [ParNew: 727825K->81919K(737280K), 0.0760235 secs] 2772619K->2148399K(8306688K), 0.0761974 secs] [Times: user=0.47 sys=0.00, real=0.08 secs] 
2020-08-10T02:37:38.987+0800: 185125.574: [GC (Allocation Failure) 2020-08-10T02:37:38.987+0800: 185125.574: [ParNew: 737279K->64079K(737280K), 0.0721686 secs] 2803759K->2163731K(8306688K), 0.0723512 secs] [Times: user=0.47 sys=0.00, real=0.07 secs] 
2020-08-10T02:38:04.353+0800: 185150.940: [GC (Allocation Failure) 2020-08-10T02:38:04.353+0800: 185150.940: [ParNew: 719439K->81920K(737280K), 0.0739729 secs] 2819091K->2202971K(8306688K), 0.0741245 secs] [Times: user=0.45 sys=0.00, real=0.08 secs] 
2020-08-10T02:38:34.115+0800: 185180.703: [GC (Allocation Failure) 2020-08-10T02:38:34.115+0800: 185180.703: [ParNew: 737280K->81920K(737280K), 0.0771907 secs] 2858331K->2225582K(8306688K), 0.0773549 secs] [Times: user=0.49 sys=0.00, real=0.08 secs] 
2020-08-10T02:38:58.960+0800: 185205.547: [GC (Allocation Failure) 2020-08-10T02:38:58.960+0800: 185205.547: [ParNew: 737263K->81920K(737280K), 0.0880846 secs] 2880925K->2257820K(8306688K), 0.0882447 secs] [Times: user=0.47 sys=0.00, real=0.09 secs] 
2020-08-10T02:39:25.618+0800: 185232.206: [GC (Allocation Failure) 2020-08-10T02:39:25.618+0800: 185232.206: [ParNew: 737280K->75003K(737280K), 0.0660144 secs] 2913180K->2278691K(8306688K), 0.0661891 secs] [Times: user=0.44 sys=0.00, real=0.07 secs] 
2020-08-10T02:39:58.397+0800: 185264.984: [GC (Allocation Failure) 2020-08-10T02:39:58.397+0800: 185264.984: [ParNew: 730363K->62830K(737280K), 0.0710894 secs] 2934051K->2294266K(8306688K), 0.0712722 secs] [Times: user=0.48 sys=0.00, real=0.08 secs] 
2020-08-10T02:40:21.562+0800: 185288.149: [GC (Allocation Failure) 2020-08-10T02:40:21.562+0800: 185288.149: [ParNew: 718190K->80874K(737280K), 0.0879021 secs] 2949626K->2328132K(8306688K), 0.0881465 secs] [Times: user=0.41 sys=0.00, real=0.09 secs] 
2020-08-10T02:40:44.439+0800: 185311.027: [GC (Allocation Failure) 2020-08-10T02:40:44.439+0800: 185311.027: [ParNew: 736234K->73156K(737280K), 0.0673894 secs] 2983492K->2344720K(8306688K), 0.0686381 secs] [Times: user=0.45 sys=0.00, real=0.07 secs] 
2020-08-10T02:40:58.357+0800: 185324.944: [GC (Allocation Failure) 2020-08-10T02:40:58.357+0800: 185324.944: [ParNew: 728516K->81920K(737280K), 0.0925852 secs] 3000080K->2383619K(8306688K), 0.0927624 secs] [Times: user=0.45 sys=0.00, real=0.10 secs] 
2020-08-10T02:41:22.903+0800: 185349.490: [GC (Allocation Failure) 2020-08-10T02:41:22.903+0800: 185349.490: [ParNew: 737280K->75512K(737280K), 0.0701578 secs] 3038979K->2399912K(8306688K), 0.0703429 secs] [Times: user=0.50 sys=0.00, real=0.07 secs] 
2020-08-10T02:41:52.983+0800: 185379.570: [GC (Allocation Failure) 2020-08-10T02:41:52.983+0800: 185379.570: [ParNew: 730862K->66340K(737280K), 0.0827770 secs] 3055262K->2427386K(8306688K), 0.0829560 secs] [Times: user=0.55 sys=0.00, real=0.08 secs] 
2020-08-10T02:42:20.854+0800: 185407.441: [GC (Allocation Failure) 2020-08-10T02:42:20.854+0800: 185407.441: [ParNew: 721700K->68053K(737280K), 0.0791973 secs] 3082746K->2447916K(8306688K), 0.0793940 secs] [Times: user=0.42 sys=0.00, real=0.08 secs] 
2020-08-10T02:42:43.239+0800: 185429.826: [GC (Allocation Failure) 2020-08-10T02:42:43.239+0800: 185429.826: [ParNew: 723413K->75356K(737280K), 0.0759446 secs] 3103276K->2480477K(8306688K), 0.0761014 secs] [Times: user=0.52 sys=0.00, real=0.07 secs] 
2020-08-10T02:43:06.946+0800: 185453.533: [GC (Allocation Failure) 2020-08-10T02:43:06.946+0800: 185453.533: [ParNew: 730716K->81920K(737280K), 0.0796476 secs] 3135837K->2512363K(8306688K), 0.0798138 secs] [Times: user=0.44 sys=0.00, real=0.08 secs] 
2020-08-10T02:43:31.321+0800: 185477.908: [GC (Allocation Failure) 2020-08-10T02:43:31.321+0800: 185477.908: [ParNew: 737280K->78303K(737280K), 0.1079380 secs] 3167723K->2540364K(8306688K), 0.1080989 secs] [Times: user=0.64 sys=0.00, real=0.11 secs] 
2020-08-10T02:43:49.713+0800: 185496.300: [GC (Allocation Failure) 2020-08-10T02:43:49.713+0800: 185496.300: [ParNew: 733663K->81920K(737280K), 0.0877283 secs] 3195724K->2570339K(8306688K), 0.0879062 secs] [Times: user=0.57 sys=0.00, real=0.09 secs] 
2020-08-10T02:44:05.773+0800: 185512.360: [GC (Allocation Failure) 2020-08-10T02:44:05.773+0800: 185512.360: [ParNew: 737280K->81920K(737280K), 0.1076683 secs] 3225699K->2606386K(8306688K), 0.1078456 secs] [Times: user=0.68 sys=0.00, real=0.11 secs] 
2020-08-10T02:44:26.461+0800: 185533.048: [GC (Allocation Failure) 2020-08-10T02:44:26.461+0800: 185533.048: [ParNew: 737280K->81920K(737280K), 0.1028839 secs] 3261746K->2651231K(8306688K), 0.1030518 secs] [Times: user=0.60 sys=0.00, real=0.10 secs] 
2020-08-10T02:44:52.571+0800: 185559.158: [GC (Allocation Failure) 2020-08-10T02:44:52.571+0800: 185559.158: [ParNew: 737280K->81920K(737280K), 0.0899221 secs] 3306591K->2682256K(8306688K), 0.0901250 secs] [Times: user=0.61 sys=0.00, real=0.09 secs] 
2020-08-10T02:45:22.714+0800: 185589.301: [GC (Allocation Failure) 2020-08-10T02:45:22.714+0800: 185589.302: [ParNew: 737280K->81920K(737280K), 0.0943655 secs] 3337616K->2720684K(8306688K), 0.0945421 secs] [Times: user=0.60 sys=0.00, real=0.10 secs] 
2020-08-10T02:45:42.519+0800: 185609.107: [GC (Allocation Failure) 2020-08-10T02:45:42.519+0800: 185609.107: [ParNew: 737280K->80178K(737280K), 0.0824513 secs] 3376044K->2750369K(8306688K), 0.0826081 secs] [Times: user=0.48 sys=0.00, real=0.08 secs] 
2020-08-10T02:46:12.302+0800: 185638.889: [GC (Allocation Failure) 2020-08-10T02:46:12.302+0800: 185638.890: [ParNew: 735538K->66548K(737280K), 0.0886780 secs] 3405729K->2765481K(8306688K), 0.0888516 secs] [Times: user=0.55 sys=0.00, real=0.09 secs] 
2020-08-10T02:46:37.920+0800: 185664.507: [GC (Allocation Failure) 2020-08-10T02:46:37.920+0800: 185664.507: [ParNew: 721908K->81920K(737280K), 0.0809276 secs] 3420841K->2808555K(8306688K), 0.0810752 secs] [Times: user=0.53 sys=0.00, real=0.08 secs] 
2020-08-10T02:47:02.355+0800: 185688.943: [GC (Allocation Failure) 2020-08-10T02:47:02.355+0800: 185688.943: [ParNew: 737280K->81920K(737280K), 0.1006625 secs] 3463915K->2842195K(8306688K), 0.1008287 secs] [Times: user=0.53 sys=0.00, real=0.10 secs] 
2020-08-10T02:47:31.465+0800: 185718.052: [GC (Allocation Failure) 2020-08-10T02:47:31.465+0800: 185718.052: [ParNew: 737280K->81920K(737280K), 0.0908279 secs] 3497555K->2872012K(8306688K), 0.0909738 secs] [Times: user=0.55 sys=0.00, real=0.09 secs] 
2020-08-10T02:47:53.471+0800: 185740.058: [GC (Allocation Failure) 2020-08-10T02:47:53.471+0800: 185740.058: [ParNew: 737280K->81920K(737280K), 0.0943571 secs] 3527372K->2912756K(8306688K), 0.0945338 secs] [Times: user=0.59 sys=0.00, real=0.09 secs] 
2020-08-10T02:48:12.489+0800: 185759.076: [GC (Allocation Failure) 2020-08-10T02:48:12.489+0800: 185759.076: [ParNew: 737280K->81920K(737280K), 0.0913384 secs] 3568116K->2944866K(8306688K), 0.0915149 secs] [Times: user=0.63 sys=0.00, real=0.09 secs] 
2020-08-10T02:48:31.778+0800: 185778.365: [GC (Allocation Failure) 2020-08-10T02:48:31.778+0800: 185778.365: [ParNew: 737280K->81920K(737280K), 0.0958769 secs] 3600226K->2985701K(8306688K), 0.0960685 secs] [Times: user=0.57 sys=0.00, real=0.10 secs] 
2020-08-10T02:48:57.203+0800: 185803.790: [GC (Allocation Failure) 2020-08-10T02:48:57.203+0800: 185803.790: [ParNew: 737280K->81920K(737280K), 0.1025904 secs] 3641061K->3020223K(8306688K), 0.1027782 secs] [Times: user=0.58 sys=0.00, real=0.10 secs] 
2020-08-10T02:49:36.362+0800: 185842.949: [GC (Allocation Failure) 2020-08-10T02:49:36.362+0800: 185842.949: [ParNew: 737280K->81920K(737280K), 0.0837990 secs] 3675583K->3058004K(8306688K), 0.0840010 secs] [Times: user=0.49 sys=0.00, real=0.08 secs] 
2020-08-10T02:50:09.611+0800: 185876.198: [GC (Allocation Failure) 2020-08-10T02:50:09.611+0800: 185876.198: [ParNew: 737280K->81920K(737280K), 0.0870656 secs] 3713364K->3094486K(8306688K), 0.0872307 secs] [Times: user=0.55 sys=0.00, real=0.08 secs] 
2020-08-10T02:50:37.060+0800: 185903.647: [GC (Allocation Failure) 2020-08-10T02:50:37.060+0800: 185903.647: [ParNew: 737280K->81920K(737280K), 0.0978843 secs] 3749846K->3128960K(8306688K), 0.0980436 secs] [Times: user=0.65 sys=0.00, real=0.09 secs] 
2020-08-10T02:50:55.930+0800: 185922.517: [GC (Allocation Failure) 2020-08-10T02:50:55.930+0800: 185922.517: [ParNew: 737280K->81920K(737280K), 0.1080994 secs] 3784320K->3167571K(8306688K), 0.1082571 secs] [Times: user=0.65 sys=0.00, real=0.10 secs] 
2020-08-10T02:51:30.522+0800: 185957.109: [GC (Allocation Failure) 2020-08-10T02:51:30.522+0800: 185957.109: [ParNew: 737280K->81920K(737280K), 0.0922823 secs] 3822931K->3198561K(8306688K), 0.0924858 secs] [Times: user=0.62 sys=0.00, real=0.09 secs] 
2020-08-10T02:51:55.748+0800: 185982.336: [GC (Allocation Failure) 2020-08-10T02:51:55.748+0800: 185982.336: [ParNew: 737280K->81920K(737280K), 0.1178848 secs] 3853921K->3243590K(8306688K), 0.1180350 secs] [Times: user=0.70 sys=0.00, real=0.11 secs] 
2020-08-10T02:52:32.113+0800: 186018.700: [GC (Allocation Failure) 2020-08-10T02:52:32.113+0800: 186018.700: [ParNew: 737280K->74203K(737280K), 0.1179713 secs] 3898950K->3307574K(8306688K), 0.1181689 secs] [Times: user=0.76 sys=0.00, real=0.12 secs] 
2020-08-10T02:53:09.177+0800: 186055.764: [GC (Allocation Failure) 2020-08-10T02:53:09.177+0800: 186055.764: [ParNew: 729563K->81920K(737280K), 0.0665951 secs] 3962934K->3318107K(8306688K), 0.0667808 secs] [Times: user=0.47 sys=0.00, real=0.07 secs] 
2020-08-10T02:53:35.210+0800: 186081.797: [GC (Allocation Failure) 2020-08-10T02:53:35.210+0800: 186081.797: [ParNew: 737280K->81920K(737280K), 0.1033378 secs] 3973467K->3366601K(8306688K), 0.1035136 secs] [Times: user=0.65 sys=0.00, real=0.10 secs] 
2020-08-10T02:54:06.496+0800: 186113.083: [GC (Allocation Failure) 2020-08-10T02:54:06.496+0800: 186113.083: [ParNew: 737280K->81920K(737280K), 0.0998635 secs] 4021961K->3401061K(8306688K), 0.1000457 secs] [Times: user=0.62 sys=0.00, real=0.10 secs] 
2020-08-10T02:54:38.408+0800: 186144.996: [GC (Allocation Failure) 2020-08-10T02:54:38.408+0800: 186144.996: [ParNew: 737280K->79014K(737280K), 0.0770628 secs] 4056421K->3427977K(8306688K), 0.0772436 secs] [Times: user=0.49 sys=0.00, real=0.07 secs] 
2020-08-10T02:55:11.460+0800: 186178.048: [GC (Allocation Failure) 2020-08-10T02:55:11.461+0800: 186178.049: [ParNew: 734374K->81920K(737280K), 0.1012661 secs] 4083337K->3463048K(8306688K), 0.1023821 secs] [Times: user=0.54 sys=0.00, real=0.10 secs] 
2020-08-10T02:55:48.524+0800: 186215.111: [GC (Allocation Failure) 2020-08-10T02:55:48.524+0800: 186215.111: [ParNew: 737280K->78850K(737280K), 0.0861995 secs] 4118408K->3488088K(8306688K), 0.0863947 secs] [Times: user=0.59 sys=0.00, real=0.09 secs] 
2020-08-10T02:56:14.503+0800: 186241.090: [GC (Allocation Failure) 2020-08-10T02:56:14.503+0800: 186241.090: [ParNew: 734210K->79367K(737280K), 0.0919907 secs] 4143448K->3521702K(8306688K), 0.0921508 secs] [Times: user=0.62 sys=0.00, real=0.09 secs] 
2020-08-10T02:56:37.049+0800: 186263.636: [GC (Allocation Failure) 2020-08-10T02:56:37.049+0800: 186263.636: [ParNew: 734727K->81920K(737280K), 0.0876270 secs] 4177062K->3554160K(8306688K), 0.0878306 secs] [Times: user=0.60 sys=0.00, real=0.08 secs] 
2020-08-10T02:57:17.856+0800: 186304.444: [GC (Allocation Failure) 2020-08-10T02:57:17.857+0800: 186304.444: [ParNew: 737280K->81920K(737280K), 0.0860666 secs] 4209520K->3593049K(8306688K), 0.0862377 secs] [Times: user=0.48 sys=0.00, real=0.09 secs] 
2020-08-10T02:57:48.934+0800: 186335.521: [GC (Allocation Failure) 2020-08-10T02:57:48.934+0800: 186335.521: [ParNew: 737280K->81920K(737280K), 0.1106297 secs] 4248409K->3625437K(8306688K), 0.1107878 secs] [Times: user=0.62 sys=0.00, real=0.11 secs] 
2020-08-10T02:58:32.751+0800: 186379.338: [GC (Allocation Failure) 2020-08-10T02:58:32.751+0800: 186379.338: [ParNew: 737280K->81504K(737280K), 0.0775802 secs] 4280797K->3652679K(8306688K), 0.0777502 secs] [Times: user=0.50 sys=0.00, real=0.08 secs] 
2020-08-10T02:59:03.877+0800: 186410.465: [GC (Allocation Failure) 2020-08-10T02:59:03.877+0800: 186410.465: [ParNew: 736864K->81920K(737280K), 0.0880906 secs] 4308039K->3689887K(8306688K), 0.0882663 secs] [Times: user=0.52 sys=0.00, real=0.09 secs] 
2020-08-10T02:59:33.337+0800: 186439.925: [GC (Allocation Failure) 2020-08-10T02:59:33.337+0800: 186439.925: [ParNew: 737280K->81920K(737280K), 0.0858944 secs] 4345247K->3714525K(8306688K), 0.0860692 secs] [Times: user=0.54 sys=0.00, real=0.09 secs] 
2020-08-10T03:00:01.426+0800: 186468.013: [GC (Allocation Failure) 2020-08-10T03:00:01.426+0800: 186468.013: [ParNew: 737280K->81920K(737280K), 0.1136970 secs] 4369885K->3747102K(8306688K), 0.1138741 secs] [Times: user=0.57 sys=0.00, real=0.12 secs] 
2020-08-10T03:00:38.280+0800: 186504.867: [GC (Allocation Failure) 2020-08-10T03:00:38.280+0800: 186504.868: [ParNew: 737280K->81920K(737280K), 0.0851913 secs] 4402462K->3782324K(8306688K), 0.0853790 secs] [Times: user=0.48 sys=0.00, real=0.08 secs] 
2020-08-10T03:01:04.560+0800: 186531.148: [GC (Allocation Failure) 2020-08-10T03:01:04.561+0800: 186531.148: [ParNew: 737280K->75637K(737280K), 0.0856722 secs] 4437684K->3811325K(8306688K), 0.0858905 secs] [Times: user=0.49 sys=0.00, real=0.08 secs] 
2020-08-10T03:01:34.305+0800: 186560.892: [GC (Allocation Failure) 2020-08-10T03:01:34.305+0800: 186560.892: [ParNew: 730997K->81920K(737280K), 0.0777302 secs] 4466685K->3839140K(8306688K), 0.0779044 secs] [Times: user=0.52 sys=0.00, real=0.08 secs] 
2020-08-10T03:02:10.328+0800: 186596.915: [GC (Allocation Failure) 2020-08-10T03:02:10.328+0800: 186596.915: [ParNew: 737280K->81920K(737280K), 0.1064823 secs] 4494500K->3867205K(8306688K), 0.1066625 secs] [Times: user=0.50 sys=0.00, real=0.10 secs] 
2020-08-10T03:02:43.925+0800: 186630.513: [GC (Allocation Failure) 2020-08-10T03:02:43.925+0800: 186630.513: [ParNew: 737280K->81920K(737280K), 0.1067239 secs] 4522565K->3904243K(8306688K), 0.1069652 secs] [Times: user=0.52 sys=0.00, real=0.11 secs] 
2020-08-10T03:03:24.250+0800: 186670.837: [GC (Allocation Failure) 2020-08-10T03:03:24.250+0800: 186670.837: [ParNew: 737188K->77101K(737280K), 0.0809552 secs] 4559512K->3928552K(8306688K), 0.0811625 secs] [Times: user=0.54 sys=0.00, real=0.08 secs] 
2020-08-10T03:03:58.698+0800: 186705.285: [GC (Allocation Failure) 2020-08-10T03:03:58.698+0800: 186705.285: [ParNew: 732461K->69548K(737280K), 0.0821374 secs] 4583912K->3950134K(8306688K), 0.0823316 secs] [Times: user=0.57 sys=0.00, real=0.09 secs] 
2020-08-10T03:04:44.207+0800: 186750.794: [GC (Allocation Failure) 2020-08-10T03:04:44.207+0800: 186750.795: [ParNew: 724908K->68321K(737280K), 0.0673880 secs] 4605494K->3970326K(8306688K), 0.0675994 secs] [Times: user=0.45 sys=0.00, real=0.06 secs] 
2020-08-10T03:05:02.921+0800: 186769.508: [GC (Allocation Failure) 2020-08-10T03:05:02.921+0800: 186769.508: [ParNew: 723681K->59834K(737280K), 0.0744522 secs] 4625686K->3989504K(8306688K), 0.0746243 secs] [Times: user=0.42 sys=0.00, real=0.07 secs] 
2020-08-10T03:05:28.443+0800: 186795.030: [GC (Allocation Failure) 2020-08-10T03:05:28.443+0800: 186795.031: [ParNew: 715194K->65693K(737280K), 0.0967629 secs] 4644864K->4010501K(8306688K), 0.0969949 secs] [Times: user=0.41 sys=0.00, real=0.10 secs] 
2020-08-10T03:06:07.147+0800: 186833.734: [GC (Allocation Failure) 2020-08-10T03:06:07.147+0800: 186833.734: [ParNew: 721053K->69844K(737280K), 0.0851899 secs] 4665861K->4038930K(8306688K), 0.0853737 secs] [Times: user=0.46 sys=0.00, real=0.08 secs] 
2020-08-10T03:06:31.335+0800: 186857.922: [GC (Allocation Failure) 2020-08-10T03:06:31.335+0800: 186857.922: [ParNew: 725204K->65230K(737280K), 0.0791337 secs] 4694290K->4054507K(8306688K), 0.0793334 secs] [Times: user=0.45 sys=0.00, real=0.08 secs] 
2020-08-10T03:06:59.701+0800: 186886.289: [GC (Allocation Failure) 2020-08-10T03:06:59.701+0800: 186886.289: [ParNew: 720590K->79029K(737280K), 0.0745247 secs] 4709867K->4092035K(8306688K), 0.0747335 secs] [Times: user=0.51 sys=0.00, real=0.07 secs] 
2020-08-10T03:07:39.952+0800: 186926.539: [GC (Allocation Failure) 2020-08-10T03:07:39.952+0800: 186926.539: [ParNew: 734389K->68080K(737280K), 0.0652833 secs] 4747395K->4099408K(8306688K), 0.0654820 secs] [Times: user=0.42 sys=0.00, real=0.06 secs] 
2020-08-10T03:07:55.376+0800: 186941.964: [GC (Allocation Failure) 2020-08-10T03:07:55.376+0800: 186941.964: [ParNew: 723440K->77929K(737280K), 0.0847244 secs] 4754768K->4138066K(8306688K), 0.0849391 secs] [Times: user=0.54 sys=0.00, real=0.09 secs] 
2020-08-10T03:08:12.763+0800: 186959.350: [GC (Allocation Failure) 2020-08-10T03:08:12.763+0800: 186959.350: [ParNew: 733289K->81919K(737280K), 0.0734918 secs] 4793426K->4159404K(8306688K), 0.0736681 secs] [Times: user=0.46 sys=0.00, real=0.07 secs] 
2020-08-10T03:08:48.953+0800: 186995.540: [GC (Allocation Failure) 2020-08-10T03:08:48.953+0800: 186995.541: [ParNew: 737279K->81920K(737280K), 0.0941459 secs] 4814764K->4192817K(8306688K), 0.0944155 secs] [Times: user=0.48 sys=0.00, real=0.10 secs] 
2020-08-10T03:09:15.409+0800: 187021.996: [GC (Allocation Failure) 2020-08-10T03:09:15.409+0800: 187021.996: [ParNew: 737280K->81920K(737280K), 0.0859599 secs] 4848177K->4224735K(8306688K), 0.0861571 secs] [Times: user=0.57 sys=0.00, real=0.08 secs] 
2020-08-10T03:09:39.068+0800: 187045.656: [GC (Allocation Failure) 2020-08-10T03:09:39.068+0800: 187045.656: [ParNew: 737280K->81919K(737280K), 0.0884800 secs] 4880095K->4258271K(8306688K), 0.0886589 secs] [Times: user=0.58 sys=0.00, real=0.08 secs] 
2020-08-10T03:10:09.301+0800: 187075.888: [GC (Allocation Failure) 2020-08-10T03:10:09.301+0800: 187075.889: [ParNew: 737279K->81920K(737280K), 0.0959611 secs] 4913631K->4294627K(8306688K), 0.0961885 secs] [Times: user=0.54 sys=0.00, real=0.09 secs] 
2020-08-10T03:10:30.052+0800: 187096.639: [GC (Allocation Failure) 2020-08-10T03:10:30.052+0800: 187096.639: [ParNew: 737280K->81920K(737280K), 0.1003170 secs] 4949987K->4324853K(8306688K), 0.1005035 secs] [Times: user=0.60 sys=0.00, real=0.10 secs] 
2020-08-10T03:10:50.667+0800: 187117.254: [GC (Allocation Failure) 2020-08-10T03:10:50.667+0800: 187117.254: [ParNew: 737280K->81920K(737280K), 0.1050319 secs] 4980213K->4357081K(8306688K), 0.1052174 secs] [Times: user=0.69 sys=0.00, real=0.10 secs] 
2020-08-10T03:11:09.916+0800: 187136.503: [GC (Allocation Failure) 2020-08-10T03:11:09.916+0800: 187136.503: [ParNew: 737280K->81920K(737280K), 0.1084690 secs] 5012441K->4391224K(8306688K), 0.1086506 secs] [Times: user=0.74 sys=0.00, real=0.11 secs] 
2020-08-10T03:11:28.324+0800: 187154.911: [GC (Allocation Failure) 2020-08-10T03:11:28.324+0800: 187154.912: [ParNew: 737280K->81920K(737280K), 0.1196131 secs] 5046584K->4432245K(8306688K), 0.1197983 secs] [Times: user=0.81 sys=0.00, real=0.12 secs] 
2020-08-10T03:11:59.439+0800: 187186.026: [GC (Allocation Failure) 2020-08-10T03:11:59.439+0800: 187186.026: [ParNew: 737257K->81920K(737280K), 0.0898767 secs] 5087582K->4473313K(8306688K), 0.0900526 secs] [Times: user=0.58 sys=0.00, real=0.09 secs] 
2020-08-10T03:12:36.860+0800: 187223.448: [GC (Allocation Failure) 2020-08-10T03:12:36.861+0800: 187223.448: [ParNew: 737160K->76430K(737280K), 0.0864095 secs] 5128554K->4503684K(8306688K), 0.0865885 secs] [Times: user=0.54 sys=0.00, real=0.09 secs] 
2020-08-10T03:13:02.077+0800: 187248.664: [GC (Allocation Failure) 2020-08-10T03:13:02.077+0800: 187248.664: [ParNew: 731790K->74414K(737280K), 0.0711906 secs] 5159044K->4527403K(8306688K), 0.0713815 secs] [Times: user=0.40 sys=0.00, real=0.08 secs] 
2020-08-10T03:13:45.993+0800: 187292.581: [GC (Allocation Failure) 2020-08-10T03:13:45.993+0800: 187292.581: [ParNew: 729738K->59015K(737280K), 0.0609095 secs] 5182727K->4532371K(8306688K), 0.0611079 secs] [Times: user=0.35 sys=0.00, real=0.06 secs] 
2020-08-10T03:14:14.700+0800: 187321.288: [GC (Allocation Failure) 2020-08-10T03:14:14.700+0800: 187321.288: [ParNew: 714375K->71498K(737280K), 0.0783903 secs] 5187731K->4564832K(8306688K), 0.0785848 secs] [Times: user=0.49 sys=0.00, real=0.08 secs] 
2020-08-10T03:14:49.590+0800: 187356.177: [GC (Allocation Failure) 2020-08-10T03:14:49.590+0800: 187356.177: [ParNew: 726858K->75254K(737280K), 0.0644593 secs] 5220192K->4586399K(8306688K), 0.0646771 secs] [Times: user=0.43 sys=0.00, real=0.06 secs] 
2020-08-10T03:15:15.860+0800: 187382.447: [GC (Allocation Failure) 2020-08-10T03:15:15.860+0800: 187382.447: [ParNew: 730614K->74125K(737280K), 0.0760466 secs] 5241759K->4609734K(8306688K), 0.0762461 secs] [Times: user=0.46 sys=0.00, real=0.07 secs] 
2020-08-10T03:15:39.990+0800: 187406.577: [GC (Allocation Failure) 2020-08-10T03:15:39.990+0800: 187406.577: [ParNew: 729485K->71550K(737280K), 0.0730652 secs] 5265094K->4629978K(8306688K), 0.0732429 secs] [Times: user=0.45 sys=0.00, real=0.07 secs] 
2020-08-10T03:16:09.360+0800: 187435.947: [GC (Allocation Failure) 2020-08-10T03:16:09.360+0800: 187435.947: [ParNew: 726908K->70222K(737280K), 0.0681801 secs] 5285336K->4655996K(8306688K), 0.0683556 secs] [Times: user=0.45 sys=0.00, real=0.07 secs] 
2020-08-10T03:16:34.269+0800: 187460.856: [GC (Allocation Failure) 2020-08-10T03:16:34.269+0800: 187460.856: [ParNew: 725582K->70306K(737280K), 0.0866420 secs] 5311356K->4682925K(8306688K), 0.0868550 secs] [Times: user=0.55 sys=0.00, real=0.08 secs] 
2020-08-10T03:16:56.824+0800: 187483.412: [GC (Allocation Failure) 2020-08-10T03:16:56.825+0800: 187483.412: [ParNew: 725666K->62164K(737280K), 0.0633658 secs] 5338285K->4695530K(8306688K), 0.0635407 secs] [Times: user=0.41 sys=0.00, real=0.07 secs] 
2020-08-10T03:17:24.759+0800: 187511.346: [GC (Allocation Failure) 2020-08-10T03:17:24.759+0800: 187511.346: [ParNew: 717524K->57969K(737280K), 0.0768690 secs] 5350890K->4716955K(8306688K), 0.0770448 secs] [Times: user=0.51 sys=0.00, real=0.07 secs] 
2020-08-10T03:17:54.137+0800: 187540.724: [GC (Allocation Failure) 2020-08-10T03:17:54.137+0800: 187540.724: [ParNew: 713329K->70672K(737280K), 0.0706032 secs] 5372315K->4746732K(8306688K), 0.0708154 secs] [Times: user=0.46 sys=0.00, real=0.08 secs] 
2020-08-10T03:18:22.877+0800: 187569.464: [GC (Allocation Failure) 2020-08-10T03:18:22.879+0800: 187569.466: [ParNew: 726032K->64781K(737280K), 0.1100115 secs] 5402092K->4764025K(8306688K), 0.1121534 secs] [Times: user=0.49 sys=0.01, real=0.12 secs] 
2020-08-10T03:18:45.627+0800: 187592.215: [GC (Allocation Failure) 2020-08-10T03:18:45.628+0800: 187592.215: [ParNew: 720141K->75729K(737280K), 0.0846922 secs] 5419385K->4797076K(8306688K), 0.0848629 secs] [Times: user=0.44 sys=0.00, real=0.08 secs] 
2020-08-10T03:19:07.210+0800: 187613.797: [GC (Allocation Failure) 2020-08-10T03:19:07.211+0800: 187613.798: [ParNew: 731089K->81486K(737280K), 0.1023069 secs] 5452436K->4830467K(8306688K), 0.1035251 secs] [Times: user=0.70 sys=0.00, real=0.10 secs] 
2020-08-10T03:19:35.363+0800: 187641.950: [GC (Allocation Failure) 2020-08-10T03:19:35.363+0800: 187641.951: [ParNew: 736846K->81920K(737280K), 0.0854176 secs] 5485827K->4859387K(8306688K), 0.0856002 secs] [Times: user=0.56 sys=0.00, real=0.09 secs] 
2020-08-10T03:20:01.330+0800: 187667.917: [GC (Allocation Failure) 2020-08-10T03:20:01.330+0800: 187667.917: [ParNew: 737280K->81920K(737280K), 0.1057037 secs] 5514747K->4891153K(8306688K), 0.1059091 secs] [Times: user=0.60 sys=0.00, real=0.10 secs] 
2020-08-10T03:20:24.356+0800: 187690.944: [GC (Allocation Failure) 2020-08-10T03:20:24.356+0800: 187690.944: [ParNew: 737280K->81919K(737280K), 0.0771999 secs] 5546513K->4921542K(8306688K), 0.0773918 secs] [Times: user=0.47 sys=0.00, real=0.08 secs] 
2020-08-10T03:20:53.863+0800: 187720.450: [GC (Allocation Failure) 2020-08-10T03:20:53.863+0800: 187720.450: [ParNew: 737279K->81920K(737280K), 0.0921359 secs] 5576902K->4949638K(8306688K), 0.0923434 secs] [Times: user=0.60 sys=0.00, real=0.09 secs] 
2020-08-10T03:21:10.961+0800: 187737.549: [GC (Allocation Failure) 2020-08-10T03:21:10.962+0800: 187737.549: [ParNew: 737280K->81578K(737280K), 0.0921936 secs] 5604998K->4974640K(8306688K), 0.0923987 secs] [Times: user=0.53 sys=0.00, real=0.09 secs] 
2020-08-10T03:21:34.105+0800: 187760.693: [GC (Allocation Failure) 2020-08-10T03:21:34.105+0800: 187760.693: [ParNew: 736938K->81920K(737280K), 0.1016548 secs] 5630000K->5012785K(8306688K), 0.1018760 secs] [Times: user=0.55 sys=0.00, real=0.11 secs] 
2020-08-10T03:21:58.783+0800: 187785.370: [GC (Allocation Failure) 2020-08-10T03:21:58.783+0800: 187785.370: [ParNew: 737280K->76213K(737280K), 0.0765444 secs] 5668145K->5033385K(8306688K), 0.0767312 secs] [Times: user=0.50 sys=0.00, real=0.08 secs] 
2020-08-10T03:22:21.102+0800: 187807.689: [GC (Allocation Failure) 2020-08-10T03:22:21.102+0800: 187807.689: [ParNew: 731573K->66832K(737280K), 0.0953248 secs] 5688745K->5055125K(8306688K), 0.0955557 secs] [Times: user=0.44 sys=0.00, real=0.09 secs] 
2020-08-10T03:22:46.735+0800: 187833.322: [GC (Allocation Failure) 2020-08-10T03:22:46.735+0800: 187833.322: [ParNew: 722192K->56075K(737280K), 0.0794060 secs] 5710485K->5069018K(8306688K), 0.0796460 secs] [Times: user=0.38 sys=0.00, real=0.08 secs] 
2020-08-10T03:23:12.188+0800: 187858.775: [GC (Allocation Failure) 2020-08-10T03:23:12.188+0800: 187858.775: [ParNew: 711435K->75362K(737280K), 0.0517944 secs] 5724378K->5088305K(8306688K), 0.0519648 secs] [Times: user=0.36 sys=0.00, real=0.05 secs] 
2020-08-10T03:23:42.004+0800: 187888.591: [GC (Allocation Failure) 2020-08-10T03:23:42.004+0800: 187888.591: [ParNew: 730722K->81920K(737280K), 0.0769391 secs] 5743665K->5113880K(8306688K), 0.0771135 secs] [Times: user=0.51 sys=0.00, real=0.08 secs] 
2020-08-10T03:24:22.332+0800: 187928.919: [GC (Allocation Failure) 2020-08-10T03:24:22.332+0800: 187928.919: [ParNew: 737280K->74216K(737280K), 0.0725087 secs] 5769240K->5140570K(8306688K), 0.0727079 secs] [Times: user=0.50 sys=0.00, real=0.07 secs] 
2020-08-10T03:24:52.585+0800: 187959.172: [GC (Allocation Failure) 2020-08-10T03:24:52.585+0800: 187959.172: [ParNew: 729576K->69141K(737280K), 0.0674889 secs] 5795930K->5159101K(8306688K), 0.0677183 secs] [Times: user=0.39 sys=0.00, real=0.07 secs] 
2020-08-10T03:25:20.057+0800: 187986.644: [GC (Allocation Failure) 2020-08-10T03:25:20.057+0800: 187986.644: [ParNew: 724501K->68737K(737280K), 0.0701670 secs] 5814461K->5179040K(8306688K), 0.0703525 secs] [Times: user=0.46 sys=0.00, real=0.08 secs] 
2020-08-10T03:25:42.177+0800: 188008.764: [GC (Allocation Failure) 2020-08-10T03:25:42.177+0800: 188008.764: [ParNew: 724056K->74827K(737280K), 0.0680232 secs] 5834358K->5206597K(8306688K), 0.0681908 secs] [Times: user=0.38 sys=0.00, real=0.07 secs] 
2020-08-10T03:26:01.223+0800: 188027.811: [GC (Allocation Failure) 2020-08-10T03:26:01.223+0800: 188027.811: [ParNew: 730187K->63753K(737280K), 0.0753717 secs] 5861957K->5222438K(8306688K), 0.0755561 secs] [Times: user=0.45 sys=0.00, real=0.08 secs] 
2020-08-10T03:26:19.059+0800: 188045.646: [GC (Allocation Failure) 2020-08-10T03:26:19.059+0800: 188045.646: [ParNew: 719113K->65731K(737280K), 0.0714204 secs] 5877798K->5245676K(8306688K), 0.0715913 secs] [Times: user=0.42 sys=0.00, real=0.07 secs] 
2020-08-10T03:26:37.628+0800: 188064.215: [GC (Allocation Failure) 2020-08-10T03:26:37.628+0800: 188064.215: [ParNew: 679617K->81920K(737280K), 1.0527772 secs] 5859563K->5439081K(8306688K), 1.0529475 secs] [Times: user=7.39 sys=0.00, real=1.05 secs] 
2020-08-10T03:26:38.693+0800: 188065.280: [GC (CMS Initial Mark) [1 CMS-initial-mark: 5357161K(7569408K)] 5487260K(8306688K), 0.0368318 secs] [Times: user=0.15 sys=0.00, real=0.04 secs] 
2020-08-10T03:26:38.730+0800: 188065.317: [CMS-concurrent-mark-start]
2020-08-10T03:26:42.764+0800: 188069.351: [CMS-concurrent-mark: 4.034/4.034 secs] [Times: user=13.04 sys=0.66, real=4.03 secs] 
2020-08-10T03:26:42.764+0800: 188069.351: [CMS-concurrent-preclean-start]
2020-08-10T03:26:42.774+0800: 188069.361: [CMS-concurrent-preclean: 0.010/0.010 secs] [Times: user=0.02 sys=0.00, real=0.01 secs] 
2020-08-10T03:26:42.774+0800: 188069.361: [CMS-concurrent-abortable-preclean-start]
2020-08-10T03:26:43.351+0800: 188069.938: [GC (Allocation Failure) 2020-08-10T03:26:43.351+0800: 188069.938: [ParNew: 737280K->72671K(737280K), 0.2417006 secs] 6094441K->5600708K(8306688K), 0.2418660 secs] [Times: user=1.38 sys=0.00, real=0.24 secs] 
2020-08-10T03:26:43.895+0800: 188070.482: [CMS-concurrent-abortable-preclean: 0.875/1.121 secs] [Times: user=3.53 sys=0.00, real=1.12 secs] 
2020-08-10T03:26:43.896+0800: 188070.483: [GC (CMS Final Remark) [YG occupancy: 521991 K (737280 K)]2020-08-10T03:26:43.896+0800: 188070.483: [Rescan (parallel) , 0.0334321 secs]2020-08-10T03:26:43.929+0800: 188070.517: [weak refs processing, 0.0008800 secs]2020-08-10T03:26:43.930+0800: 188070.517: [class unloading, 0.0176518 secs]2020-08-10T03:26:43.948+0800: 188070.535: [scrub symbol table, 0.0075398 secs]2020-08-10T03:26:43.955+0800: 188070.543: [scrub string table, 0.0008666 secs][1 CMS-remark: 5528037K(7569408K)] 6050028K(8306688K), 0.0606936 secs] [Times: user=0.28 sys=0.00, real=0.06 secs] 
2020-08-10T03:26:43.957+0800: 188070.544: [CMS-concurrent-sweep-start]
2020-08-10T03:26:44.113+0800: 188070.700: [GC (Allocation Failure) 2020-08-10T03:26:44.113+0800: 188070.700: [ParNew: 728031K->18257K(737280K), 0.0098422 secs] 6255054K->5545280K(8306688K), 0.0099936 secs] [Times: user=0.07 sys=0.00, real=0.01 secs] 
2020-08-10T03:26:44.591+0800: 188071.178: [GC (Allocation Failure) 2020-08-10T03:26:44.591+0800: 188071.178: [ParNew: 673617K->4708K(737280K), 0.0147092 secs] 6176716K->5507807K(8306688K), 0.0148521 secs] [Times: user=0.09 sys=0.00, real=0.01 secs] 
2020-08-10T03:26:45.237+0800: 188071.824: [GC (Allocation Failure) 2020-08-10T03:26:45.237+0800: 188071.824: [ParNew: 660068K->1713K(737280K), 0.0249902 secs] 6143804K->5485450K(8306688K), 0.0251476 secs] [Times: user=0.14 sys=0.00, real=0.03 secs] 
2020-08-10T03:26:45.679+0800: 188072.267: [GC (Allocation Failure) 2020-08-10T03:26:45.679+0800: 188072.267: [ParNew: 657073K->1331K(737280K), 0.0094311 secs] 6109499K->5453756K(8306688K), 0.0095639 secs] [Times: user=0.06 sys=0.00, real=0.01 secs] 
2020-08-10T03:26:46.112+0800: 188072.700: [GC (Allocation Failure) 2020-08-10T03:26:46.112+0800: 188072.700: [ParNew: 656691K->962K(737280K), 0.0115963 secs] 6061923K->5406194K(8306688K), 0.0117552 secs] [Times: user=0.08 sys=0.00, real=0.01 secs] 
2020-08-10T03:26:46.264+0800: 188072.851: [CMS-concurrent-sweep: 2.229/2.307 secs] [Times: user=5.04 sys=0.00, real=2.31 secs] 
2020-08-10T03:26:46.264+0800: 188072.851: [CMS-concurrent-reset-start]
2020-08-10T03:26:46.290+0800: 188072.877: [CMS-concurrent-reset: 0.026/0.026 secs] [Times: user=0.06 sys=0.00, real=0.03 secs] 
2020-08-10T03:26:46.542+0800: 188073.129: [GC (Allocation Failure) 2020-08-10T03:26:46.542+0800: 188073.129: [ParNew: 656322K->212K(737280K), 0.0106600 secs] 5995039K->5339620K(8306688K), 0.0108158 secs] [Times: user=0.07 sys=0.00, real=0.01 secs] 
2020-08-10T03:26:46.553+0800: 188073.141: [GC (CMS Initial Mark) [1 CMS-initial-mark: 5339407K(7569408K)] 5352201K(8306688K), 0.0008658 secs] [Times: user=0.00 sys=0.00, real=0.00 secs] 
2020-08-10T03:26:46.554+0800: 188073.142: [CMS-concurrent-mark-start]
2020-08-10T03:26:47.157+0800: 188073.745: [GC (Allocation Failure) 2020-08-10T03:26:47.158+0800: 188073.745: [ParNew: 655572K->132K(737280K), 0.0093325 secs] 5994980K->5339552K(8306688K), 0.0094676 secs] [Times: user=0.08 sys=0.00, real=0.02 secs] 
2020-08-10T03:26:47.616+0800: 188074.204: [GC (Allocation Failure) 2020-08-10T03:26:47.616+0800: 188074.204: [ParNew: 655492K->147K(737280K), 0.0279065 secs] 5994912K->5339590K(8306688K), 0.0280519 secs] [Times: user=0.16 sys=0.00, real=0.03 secs] 
2020-08-10T03:26:48.100+0800: 188074.687: [GC (Allocation Failure) 2020-08-10T03:26:48.100+0800: 188074.687: [ParNew: 655507K->108K(737280K), 0.0139796 secs] 5994950K->5339575K(8306688K), 0.0141488 secs] [Times: user=0.09 sys=0.00, real=0.01 secs] 
2020-08-10T03:26:48.533+0800: 188075.120: [GC (Allocation Failure) 2020-08-10T03:26:48.533+0800: 188075.120: [ParNew: 655468K->92K(737280K), 0.0118190 secs] 5994935K->5339584K(8306688K), 0.0119579 secs] [Times: user=0.09 sys=0.00, real=0.01 secs] 
2020-08-10T03:26:48.953+0800: 188075.540: [GC (Allocation Failure) 2020-08-10T03:26:48.953+0800: 188075.541: [ParNew: 655452K->87K(737280K), 0.0144998 secs] 5994944K->5339585K(8306688K), 0.0146676 secs] [Times: user=0.09 sys=0.00, real=0.02 secs] 
2020-08-10T03:26:49.538+0800: 188076.125: [GC (Allocation Failure) 2020-08-10T03:26:49.538+0800: 188076.125: [ParNew: 655447K->66K(737280K), 0.0093794 secs] 5994945K->5339564K(8306688K), 0.0095213 secs] [Times: user=0.07 sys=0.00, real=0.02 secs] 
2020-08-10T03:26:50.117+0800: 188076.704: [GC (Allocation Failure) 2020-08-10T03:26:50.117+0800: 188076.705: [ParNew: 655426K->62K(737280K), 0.0094608 secs] 5994924K->5339580K(8306688K), 0.0095997 secs] [Times: user=0.07 sys=0.00, real=0.02 secs] 
2020-08-10T03:26:50.717+0800: 188077.304: [GC (Allocation Failure) 2020-08-10T03:26:50.717+0800: 188077.304: [ParNew: 655422K->38K(737280K), 0.0093434 secs] 5994940K->5339565K(8306688K), 0.0094671 secs] [Times: user=0.07 sys=0.00, real=0.01 secs] 
2020-08-10T03:26:51.302+0800: 188077.889: [GC (Allocation Failure) 2020-08-10T03:26:51.302+0800: 188077.889: [ParNew: 655398K->16K(737280K), 0.0128274 secs] 5994925K->5339566K(8306688K), 0.0129548 secs] [Times: user=0.08 sys=0.00, real=0.01 secs] 
2020-08-10T03:26:51.880+0800: 188078.467: [GC (Allocation Failure) 2020-08-10T03:26:51.880+0800: 188078.467: [ParNew: 655376K->16K(737280K), 0.0119911 secs] 5994926K->5339566K(8306688K), 0.0121103 secs] [Times: user=0.09 sys=0.00, real=0.01 secs] 
2020-08-10T03:26:52.018+0800: 188078.605: [CMS-concurrent-mark: 5.322/5.464 secs] [Times: user=16.90 sys=0.00, real=5.46 secs] 
2020-08-10T03:26:52.018+0800: 188078.605: [CMS-concurrent-preclean-start]
2020-08-10T03:26:52.029+0800: 188078.617: [CMS-concurrent-preclean: 0.011/0.011 secs] [Times: user=0.02 sys=0.00, real=0.02 secs] 
2020-08-10T03:26:52.029+0800: 188078.617: [CMS-concurrent-abortable-preclean-start]
2020-08-10T03:26:52.323+0800: 188078.910: [GC (Allocation Failure) 2020-08-10T03:26:52.323+0800: 188078.910: [ParNew: 655376K->16K(737280K), 0.0194006 secs] 5994926K->5339566K(8306688K), 0.0195437 secs] [Times: user=0.13 sys=0.00, real=0.02 secs] 
2020-08-10T03:26:52.673+0800: 188079.260: [CMS-concurrent-abortable-preclean: 0.056/0.643 secs] [Times: user=0.81 sys=0.00, real=0.64 secs] 
2020-08-10T03:26:52.674+0800: 188079.261: [GC (CMS Final Remark) [YG occupancy: 589597 K (737280 K)]2020-08-10T03:26:52.674+0800: 188079.261: [Rescan (parallel) , 0.0494067 secs]2020-08-10T03:26:52.723+0800: 188079.310: [weak refs processing, 0.0000885 secs]2020-08-10T03:26:52.723+0800: 188079.310: [class unloading, 0.0161135 secs]2020-08-10T03:26:52.739+0800: 188079.327: [scrub symbol table, 0.0061340 secs]2020-08-10T03:26:52.746+0800: 188079.333: [scrub string table, 0.0008666 secs][1 CMS-remark: 5339550K(7569408K)] 5929148K(8306688K), 0.0727635 secs] [Times: user=0.36 sys=0.00, real=0.07 secs] 
2020-08-10T03:26:52.747+0800: 188079.334: [CMS-concurrent-sweep-start]
2020-08-10T03:26:52.786+0800: 188079.373: [GC (Allocation Failure) 2020-08-10T03:26:52.786+0800: 188079.373: [ParNew: 655376K->14K(737280K), 0.0093772 secs] 5993385K->5338023K(8306688K), 0.0095115 secs] [Times: user=0.08 sys=0.00, real=0.01 secs] 
2020-08-10T03:26:53.199+0800: 188079.787: [GC (Allocation Failure) 2020-08-10T03:26:53.199+0800: 188079.787: [ParNew: 655374K->14K(737280K), 0.0131982 secs] 5958355K->5302995K(8306688K), 0.0133257 secs] [Times: user=0.09 sys=0.00, real=0.01 secs] 
2020-08-10T03:26:53.692+0800: 188080.280: [GC (Allocation Failure) 2020-08-10T03:26:53.692+0800: 188080.280: [ParNew: 655374K->100K(737280K), 0.0148103 secs] 5889122K->5233848K(8306688K), 0.0149555 secs] [Times: user=0.11 sys=0.00, real=0.02 secs] 
2020-08-10T03:26:54.149+0800: 188080.736: [GC (Allocation Failure) 2020-08-10T03:26:54.149+0800: 188080.737: [ParNew: 655460K->124K(737280K), 0.0096778 secs] 5783062K->5127727K(8306688K), 0.0098282 secs] [Times: user=0.08 sys=0.00, real=0.01 secs] 
2020-08-10T03:26:54.556+0800: 188081.144: [GC (Allocation Failure) 2020-08-10T03:26:54.556+0800: 188081.144: [ParNew: 655484K->110K(737280K), 0.0101669 secs] 5681797K->5026423K(8306688K), 0.0103039 secs] [Times: user=0.07 sys=0.00, real=0.02 secs] 
2020-08-10T03:26:54.953+0800: 188081.540: [GC (Allocation Failure) 2020-08-10T03:26:54.953+0800: 188081.541: [ParNew: 655470K->109K(737280K), 0.0099514 secs] 5599650K->4944288K(8306688K), 0.0101028 secs] [Times: user=0.08 sys=0.00, real=0.01 secs] 
2020-08-10T03:26:55.302+0800: 188081.889: [CMS-concurrent-sweep: 2.481/2.555 secs] [Times: user=5.48 sys=0.00, real=2.55 secs] 
2020-08-10T03:26:55.302+0800: 188081.889: [CMS-concurrent-reset-start]
2020-08-10T03:26:55.329+0800: 188081.916: [CMS-concurrent-reset: 0.027/0.027 secs] [Times: user=0.05 sys=0.00, real=0.03 secs] 
2020-08-10T03:26:55.354+0800: 188081.941: [GC (Allocation Failure) 2020-08-10T03:26:55.354+0800: 188081.941: [ParNew: 655469K->113K(737280K), 0.0092289 secs] 5507947K->4852591K(8306688K), 0.0093644 secs] [Times: user=0.06 sys=0.00, real=0.01 secs] 
2020-08-10T03:26:55.748+0800: 188082.336: [GC (Allocation Failure) 2020-08-10T03:26:55.748+0800: 188082.336: [ParNew: 655473K->125K(737280K), 0.0187938 secs] 5507951K->4852603K(8306688K), 0.0189471 secs] [Times: user=0.12 sys=0.00, real=0.02 secs] 
2020-08-10T03:26:56.170+0800: 188082.758: [GC (Allocation Failure) 2020-08-10T03:26:56.170+0800: 188082.758: [ParNew: 655485K->57K(737280K), 0.0092953 secs] 5507963K->4852624K(8306688K), 0.0094714 secs] [Times: user=0.08 sys=0.00, real=0.01 secs] 
2020-08-10T03:26:56.577+0800: 188083.164: [GC (Allocation Failure) 2020-08-10T03:26:56.577+0800: 188083.164: [ParNew: 655417K->35K(737280K), 0.0095574 secs] 5507984K->4852613K(8306688K), 0.0097108 secs] [Times: user=0.07 sys=0.00, real=0.02 secs] 
2020-08-10T03:26:56.970+0800: 188083.557: [GC (Allocation Failure) 2020-08-10T03:26:56.970+0800: 188083.557: [ParNew: 655395K->38K(737280K), 0.0385403 secs] 5507973K->4852617K(8306688K), 0.0386882 secs] [Times: user=0.17 sys=0.00, real=0.04 secs] 
2020-08-10T03:26:57.398+0800: 188083.985: [GC (Allocation Failure) 2020-08-10T03:26:57.398+0800: 188083.985: [ParNew: 655398K->38K(737280K), 0.0094453 secs] 5507977K->4852616K(8306688K), 0.0095950 secs] [Times: user=0.07 sys=0.00, real=0.02 secs] 
2020-08-10T03:26:57.799+0800: 188084.386: [GC (Allocation Failure) 2020-08-10T03:26:57.799+0800: 188084.386: [ParNew: 655398K->40K(737280K), 0.0137338 secs] 5507976K->4852620K(8306688K), 0.0138766 secs] [Times: user=0.08 sys=0.00, real=0.01 secs] 
2020-08-10T03:26:58.214+0800: 188084.801: [GC (Allocation Failure) 2020-08-10T03:26:58.214+0800: 188084.801: [ParNew: 655400K->28K(737280K), 0.0144235 secs] 5507980K->4852620K(8306688K), 0.0146023 secs] [Times: user=0.10 sys=0.00, real=0.02 secs] 
2020-08-10T03:26:58.647+0800: 188085.234: [GC (Allocation Failure) 2020-08-10T03:26:58.647+0800: 188085.234: [ParNew: 655388K->12K(737280K), 0.0163786 secs] 5507980K->4852617K(8306688K), 0.0165279 secs] [Times: user=0.08 sys=0.00, real=0.01 secs] 
2020-08-10T03:26:59.124+0800: 188085.711: [GC (Allocation Failure) 2020-08-10T03:26:59.124+0800: 188085.711: [ParNew: 655372K->14K(737280K), 0.0169152 secs] 5507977K->4852619K(8306688K), 0.0170799 secs] [Times: user=0.09 sys=0.00, real=0.02 secs] 
2020-08-10T03:26:59.563+0800: 188086.150: [GC (Allocation Failure) 2020-08-10T03:26:59.563+0800: 188086.150: [ParNew: 655374K->14K(737280K), 0.0101760 secs] 5507979K->4852619K(8306688K), 0.0103167 secs] [Times: user=0.08 sys=0.00, real=0.01 secs] 
2020-08-10T03:26:59.977+0800: 188086.564: [GC (Allocation Failure) 2020-08-10T03:26:59.977+0800: 188086.564: [ParNew: 655374K->16K(737280K), 0.0095316 secs] 5507979K->4852622K(8306688K), 0.0097021 secs] [Times: user=0.07 sys=0.00, real=0.02 secs] 
2020-08-10T03:27:00.398+0800: 188086.986: [GC (Allocation Failure) 2020-08-10T03:27:00.399+0800: 188086.986: [ParNew: 655376K->23K(737280K), 0.0095776 secs] 5507982K->4852629K(8306688K), 0.0097521 secs] [Times: user=0.07 sys=0.00, real=0.02 secs] 
2020-08-10T03:27:00.839+0800: 188087.426: [GC (Allocation Failure) 2020-08-10T03:27:00.839+0800: 188087.426: [ParNew: 655383K->21K(737280K), 0.0099925 secs] 5507989K->4852627K(8306688K), 0.0101420 secs] [Times: user=0.07 sys=0.00, real=0.01 secs] 
2020-08-10T03:27:01.298+0800: 188087.885: [GC (Allocation Failure) 2020-08-10T03:27:01.298+0800: 188087.885: [ParNew: 655381K->20K(737280K), 0.0138168 secs] 5507987K->4852626K(8306688K), 0.0139536 secs] [Times: user=0.10 sys=0.00, real=0.02 secs] 
2020-08-10T03:27:01.746+0800: 188088.334: [GC (Allocation Failure) 2020-08-10T03:27:01.746+0800: 188088.334: [ParNew: 655380K->25K(737280K), 0.0175822 secs] 5507986K->4852631K(8306688K), 0.0177603 secs] [Times: user=0.10 sys=0.00, real=0.02 secs] 
2020-08-10T03:27:02.212+0800: 188088.799: [GC (Allocation Failure) 2020-08-10T03:27:02.212+0800: 188088.799: [ParNew: 655385K->22K(737280K), 0.0132487 secs] 5507991K->4852628K(8306688K), 0.0133780 secs] [Times: user=0.07 sys=0.00, real=0.01 secs] 
2020-08-10T03:27:02.664+0800: 188089.251: [GC (Allocation Failure) 2020-08-10T03:27:02.664+0800: 188089.251: [ParNew: 655382K->22K(737280K), 0.0094324 secs] 5507988K->4852628K(8306688K), 0.0095852 secs] [Times: user=0.08 sys=0.00, real=0.01 secs] 
2020-08-10T03:27:03.097+0800: 188089.685: [GC (Allocation Failure) 2020-08-10T03:27:03.098+0800: 188089.685: [ParNew: 655382K->38K(737280K), 0.0121335 secs] 5507988K->4852656K(8306688K), 0.0122889 secs] [Times: user=0.09 sys=0.00, real=0.02 secs] 
2020-08-10T03:27:23.038+0800: 188109.626: [GC (Allocation Failure) 2020-08-10T03:27:23.039+0800: 188109.626: [ParNew: 655398K->5818K(737280K), 0.0139149 secs] 5508016K->4858436K(8306688K), 0.0141244 secs] [Times: user=0.08 sys=0.01, real=0.02 secs] 
2020-08-10T03:28:03.671+0800: 188150.258: [GC (Allocation Failure) 2020-08-10T03:28:03.671+0800: 188150.258: [ParNew: 661178K->10849K(737280K), 0.0229678 secs] 5513796K->4863467K(8306688K), 0.0231363 secs] [Times: user=0.08 sys=0.01, real=0.02 secs] 
2020-08-10T03:28:43.254+0800: 188189.842: [GC (Allocation Failure) 2020-08-10T03:28:43.254+0800: 188189.842: [ParNew: 666209K->10932K(737280K), 0.0193396 secs] 5518827K->4863550K(8306688K), 0.0194975 secs] [Times: user=0.10 sys=0.00, real=0.02 secs] 
2020-08-10T03:29:28.644+0800: 188235.231: [GC (Allocation Failure) 2020-08-10T03:29:28.644+0800: 188235.231: [ParNew: 666292K->14461K(737280K), 0.0213436 secs] 5518910K->4867080K(8306688K), 0.0215000 secs] [Times: user=0.10 sys=0.00, real=0.02 secs] 
2020-08-10T03:30:14.153+0800: 188280.741: [GC (Allocation Failure) 2020-08-10T03:30:14.153+0800: 188280.741: [ParNew: 669821K->13755K(737280K), 0.0236220 secs] 5522440K->4866373K(8306688K), 0.0238755 secs] [Times: user=0.10 sys=0.00, real=0.02 secs] 
2020-08-10T03:31:05.106+0800: 188331.693: [GC (Allocation Failure) 2020-08-10T03:31:05.106+0800: 188331.694: [ParNew: 669115K->14434K(737280K), 0.0214502 secs] 5521733K->4867077K(8306688K), 0.0216387 secs] [Times: user=0.11 sys=0.00, real=0.03 secs] 
2020-08-10T03:31:52.936+0800: 188379.523: [GC (Allocation Failure) 2020-08-10T03:31:52.936+0800: 188379.523: [ParNew: 669794K->14869K(737280K), 0.0215144 secs] 5522437K->4869849K(8306688K), 0.0216880 secs] [Times: user=0.11 sys=0.00, real=0.02 secs] 
2020-08-10T03:32:58.668+0800: 188445.255: [GC (Allocation Failure) 2020-08-10T03:32:58.668+0800: 188445.255: [ParNew: 670229K->23248K(737280K), 0.0255693 secs] 5525209K->4878601K(8306688K), 0.0257452 secs] [Times: user=0.10 sys=0.01, real=0.02 secs] 
2020-08-10T03:33:47.487+0800: 188494.075: [GC (Allocation Failure) 2020-08-10T03:33:47.487+0800: 188494.075: [ParNew: 678608K->17356K(737280K), 0.0304489 secs] 5533961K->4872817K(8306688K), 0.0306259 secs] [Times: user=0.12 sys=0.00, real=0.02 secs] 
2020-08-10T03:34:25.020+0800: 188531.607: [GC (Allocation Failure) 2020-08-10T03:34:25.020+0800: 188531.607: [ParNew: 672716K->13852K(737280K), 0.0263703 secs] 5528177K->4869911K(8306688K), 0.0265520 secs] [Times: user=0.12 sys=0.00, real=0.03 secs] 
2020-08-10T03:35:02.924+0800: 188569.511: [GC (Allocation Failure) 2020-08-10T03:35:02.924+0800: 188569.511: [ParNew: 669212K->12661K(737280K), 0.0190612 secs] 5525271K->4868867K(8306688K), 0.0192261 secs] [Times: user=0.09 sys=0.00, real=0.02 secs] 
2020-08-10T03:35:39.759+0800: 188606.346: [GC (Allocation Failure) 2020-08-10T03:35:39.759+0800: 188606.346: [ParNew: 668021K->12293K(737280K), 0.0192699 secs] 5524227K->4869133K(8306688K), 0.0194521 secs] [Times: user=0.10 sys=0.00, real=0.01 secs] 
2020-08-10T03:36:14.168+0800: 188640.755: [GC (Allocation Failure) 2020-08-10T03:36:14.168+0800: 188640.755: [ParNew: 667653K->12702K(737280K), 0.0235899 secs] 5524493K->4869756K(8306688K), 0.0237932 secs] [Times: user=0.13 sys=0.00, real=0.02 secs] 
2020-08-10T03:36:48.204+0800: 188674.791: [GC (Allocation Failure) 2020-08-10T03:36:48.204+0800: 188674.791: [ParNew: 667936K->13263K(737280K), 0.0387949 secs] 5524990K->4870697K(8306688K), 0.0389903 secs] [Times: user=0.21 sys=0.00, real=0.04 secs] 
2020-08-10T03:37:45.674+0800: 188732.261: [GC (Allocation Failure) 2020-08-10T03:37:45.674+0800: 188732.261: [ParNew: 668623K->15023K(737280K), 0.0198340 secs] 5526057K->4872476K(8306688K), 0.0200456 secs] [Times: user=0.10 sys=0.00, real=0.02 secs] 
2020-08-10T03:38:41.525+0800: 188788.112: [GC (Allocation Failure) 2020-08-10T03:38:41.525+0800: 188788.112: [ParNew: 670383K->16787K(737280K), 0.0310791 secs] 5527836K->4874796K(8306688K), 0.0312548 secs] [Times: user=0.11 sys=0.00, real=0.03 secs] 
2020-08-10T03:39:29.607+0800: 188836.195: [GC (Allocation Failure) 2020-08-10T03:39:29.607+0800: 188836.195: [ParNew: 672147K->15996K(737280K), 0.0195969 secs] 5530156K->4874294K(8306688K), 0.0197797 secs] [Times: user=0.10 sys=0.00, real=0.02 secs] 
2020-08-10T03:40:26.119+0800: 188892.706: [GC (Allocation Failure) 2020-08-10T03:40:26.119+0800: 188892.706: [ParNew: 671356K->16106K(737280K), 0.0190625 secs] 5529654K->4874786K(8306688K), 0.0192389 secs] [Times: user=0.10 sys=0.00, real=0.01 secs] 
2020-08-10T03:41:05.825+0800: 188932.412: [GC (Allocation Failure) 2020-08-10T03:41:05.825+0800: 188932.412: [ParNew: 671466K->11530K(737280K), 0.0208026 secs] 5530146K->4871153K(8306688K), 0.0209787 secs] [Times: user=0.11 sys=0.00, real=0.02 secs] 
2020-08-10T03:41:38.353+0800: 188964.940: [GC (Allocation Failure) 2020-08-10T03:41:38.353+0800: 188964.940: [ParNew: 666890K->12480K(737280K), 0.0210781 secs] 5526513K->4872389K(8306688K), 0.0212655 secs] [Times: user=0.11 sys=0.00, real=0.02 secs] 
2020-08-10T03:42:28.453+0800: 189015.040: [GC (Allocation Failure) 2020-08-10T03:42:28.453+0800: 189015.040: [ParNew: 667840K->13317K(737280K), 0.0193196 secs] 5527749K->4873303K(8306688K), 0.0194946 secs] [Times: user=0.10 sys=0.00, real=0.02 secs] 
2020-08-10T03:43:28.139+0800: 189074.726: [GC (Allocation Failure) 2020-08-10T03:43:28.139+0800: 189074.726: [ParNew: 668677K->20291K(737280K), 0.0231658 secs] 5528663K->4880362K(8306688K), 0.0233552 secs] [Times: user=0.11 sys=0.00, real=0.02 secs] 
2020-08-10T03:44:47.728+0800: 189154.315: [GC (Allocation Failure) 2020-08-10T03:44:47.728+0800: 189154.315: [ParNew: 675651K->23426K(737280K), 0.0266651 secs] 5535722K->4883917K(8306688K), 0.0268420 secs] [Times: user=0.11 sys=0.00, real=0.02 secs] 
2020-08-10T03:46:06.424+0800: 189233.011: [GC (Allocation Failure) 2020-08-10T03:46:06.424+0800: 189233.012: [ParNew: 678730K->19646K(737280K), 0.0230795 secs] 5539220K->4880478K(8306688K), 0.0232570 secs] [Times: user=0.10 sys=0.00, real=0.03 secs] 
2020-08-10T03:47:29.582+0800: 189316.169: [GC (Allocation Failure) 2020-08-10T03:47:29.582+0800: 189316.169: [ParNew: 675006K->23114K(737280K), 0.0273997 secs] 5535838K->4884087K(8306688K), 0.0275591 secs] [Times: user=0.11 sys=0.00, real=0.03 secs] 
2020-08-10T03:48:23.942+0800: 189370.530: [GC (Allocation Failure) 2020-08-10T03:48:23.943+0800: 189370.530: [ParNew: 678474K->24629K(737280K), 0.0278058 secs] 5539447K->4886002K(8306688K), 0.0280318 secs] [Times: user=0.10 sys=0.02, real=0.03 secs] 
2020-08-10T03:49:25.765+0800: 189432.352: [GC (Allocation Failure) 2020-08-10T03:49:25.765+0800: 189432.353: [ParNew: 679986K->19613K(737280K), 0.0208161 secs] 5541360K->4881127K(8306688K), 0.0209766 secs] [Times: user=0.10 sys=0.00, real=0.02 secs] 
2020-08-10T03:50:39.348+0800: 189505.935: [GC (Allocation Failure) 2020-08-10T03:50:39.348+0800: 189505.935: [ParNew: 674973K->16517K(737280K), 0.0180369 secs] 5536487K->4878116K(8306688K), 0.0182105 secs] [Times: user=0.09 sys=0.00, real=0.01 secs] 
2020-08-10T03:51:40.645+0800: 189567.232: [GC (Allocation Failure) 2020-08-10T03:51:40.645+0800: 189567.232: [ParNew: 671877K->13033K(737280K), 0.0186720 secs] 5533476K->4874943K(8306688K), 0.0188228 secs] [Times: user=0.09 sys=0.00, real=0.02 secs] 
2020-08-10T03:52:17.691+0800: 189604.278: [GC (Allocation Failure) 2020-08-10T03:52:17.691+0800: 189604.278: [ParNew: 668393K->13227K(737280K), 0.0311418 secs] 5530303K->4875491K(8306688K), 0.0313553 secs] [Times: user=0.12 sys=0.01, real=0.03 secs] 
2020-08-10T03:53:04.287+0800: 189650.874: [GC (Allocation Failure) 2020-08-10T03:53:04.287+0800: 189650.874: [ParNew: 668587K->11647K(737280K), 0.0198469 secs] 5530851K->4873999K(8306688K), 0.0200250 secs] [Times: user=0.10 sys=0.00, real=0.02 secs] 
2020-08-10T03:54:04.372+0800: 189710.960: [GC (Allocation Failure) 2020-08-10T03:54:04.372+0800: 189710.960: [ParNew: 666897K->13198K(737280K), 0.0218204 secs] 5529249K->4876384K(8306688K), 0.0219961 secs] [Times: user=0.11 sys=0.00, real=0.02 secs] 
2020-08-10T03:55:04.162+0800: 189770.750: [GC (Allocation Failure) 2020-08-10T03:55:04.162+0800: 189770.750: [ParNew: 668558K->12016K(737280K), 0.0213412 secs] 5531744K->4876014K(8306688K), 0.0215068 secs] [Times: user=0.10 sys=0.00, real=0.02 secs] 
2020-08-10T03:56:01.621+0800: 189828.209: [GC (Allocation Failure) 2020-08-10T03:56:01.621+0800: 189828.209: [ParNew: 667376K->11212K(737280K), 0.0206093 secs] 5531374K->4875440K(8306688K), 0.0207895 secs] [Times: user=0.10 sys=0.00, real=0.02 secs] 
2020-08-10T03:56:57.790+0800: 189884.377: [GC (Allocation Failure) 2020-08-10T03:56:57.790+0800: 189884.377: [ParNew: 666572K->13782K(737280K), 0.0223557 secs] 5530800K->4878432K(8306688K), 0.0225433 secs] [Times: user=0.11 sys=0.00, real=0.02 secs] 
2020-08-10T03:58:01.682+0800: 189948.269: [GC (Allocation Failure) 2020-08-10T03:58:01.682+0800: 189948.269: [ParNew: 669142K->11438K(737280K), 0.0204120 secs] 5533792K->4876497K(8306688K), 0.0205668 secs] [Times: user=0.09 sys=0.01, real=0.02 secs] 
2020-08-10T03:58:50.233+0800: 189996.820: [GC (Allocation Failure) 2020-08-10T03:58:50.233+0800: 189996.820: [ParNew: 666792K->13051K(737280K), 0.0224109 secs] 5531852K->4878339K(8306688K), 0.0225911 secs] [Times: user=0.11 sys=0.00, real=0.02 secs] 
2020-08-10T03:59:33.341+0800: 190039.928: [GC (Allocation Failure) 2020-08-10T03:59:33.341+0800: 190039.928: [ParNew: 668286K->13076K(737280K), 0.0254177 secs] 5533574K->4878516K(8306688K), 0.0256111 secs] [Times: user=0.11 sys=0.00, real=0.03 secs] 
2020-08-10T04:00:16.203+0800: 190082.791: [GC (Allocation Failure) 2020-08-10T04:00:16.204+0800: 190082.792: [ParNew: 668436K->13959K(737280K), 0.0315219 secs] 5533876K->4879541K(8306688K), 0.0326563 secs] [Times: user=0.13 sys=0.00, real=0.03 secs] 
2020-08-10T04:01:32.476+0800: 190159.064: [GC (Allocation Failure) 2020-08-10T04:01:32.476+0800: 190159.064: [ParNew: 669319K->17454K(737280K), 0.0272036 secs] 5534901K->4883509K(8306688K), 0.0273774 secs] [Times: user=0.11 sys=0.01, real=0.03 secs] 
2020-08-10T04:02:46.585+0800: 190233.173: [GC (Allocation Failure) 2020-08-10T04:02:46.586+0800: 190233.173: [ParNew: 672723K->20911K(737280K), 0.0260284 secs] 5538778K->4887171K(8306688K), 0.0262138 secs] [Times: user=0.12 sys=0.00, real=0.03 secs] 
2020-08-10T04:03:37.680+0800: 190284.268: [GC (GCLocker Initiated GC) 2020-08-10T04:03:37.681+0800: 190284.268: [ParNew: 676284K->17210K(737280K), 0.0377111 secs] 5542544K->4883704K(8306688K), 0.0379688 secs] [Times: user=0.10 sys=0.01, real=0.04 secs] 
2020-08-10T04:04:35.785+0800: 190342.373: [GC (Allocation Failure) 2020-08-10T04:04:35.785+0800: 190342.373: [ParNew: 672570K->14647K(737280K), 0.0411283 secs] 5539064K->4881400K(8306688K), 0.0413070 secs] [Times: user=0.13 sys=0.00, real=0.05 secs] 
2020-08-10T04:05:33.388+0800: 190399.976: [GC (Allocation Failure) 2020-08-10T04:05:33.388+0800: 190399.976: [ParNew: 670007K->12394K(737280K), 0.0192278 secs] 5536760K->4879584K(8306688K), 0.0194295 secs] [Times: user=0.10 sys=0.00, real=0.02 secs] 
2020-08-10T04:06:33.997+0800: 190460.584: [GC (Allocation Failure) 2020-08-10T04:06:33.997+0800: 190460.585: [ParNew: 667746K->13443K(737280K), 0.0294412 secs] 5534935K->4880672K(8306688K), 0.0296002 secs] [Times: user=0.12 sys=0.00, real=0.04 secs] 
2020-08-10T04:07:39.186+0800: 190525.773: [GC (Allocation Failure) 2020-08-10T04:07:39.186+0800: 190525.773: [ParNew: 668803K->12049K(737280K), 0.0201890 secs] 5536032K->4879607K(8306688K), 0.0203905 secs] [Times: user=0.10 sys=0.00, real=0.02 secs] 
2020-08-10T04:08:54.821+0800: 190601.409: [GC (Allocation Failure) 2020-08-10T04:08:54.822+0800: 190601.409: [ParNew: 667409K->14576K(737280K), 0.0335656 secs] 5534967K->4882837K(8306688K), 0.0337948 secs] [Times: user=0.15 sys=0.00, real=0.03 secs] 
2020-08-10T04:09:38.471+0800: 190645.059: [GC (Allocation Failure) 2020-08-10T04:09:38.471+0800: 190645.059: [ParNew: 669931K->13230K(737280K), 0.0186305 secs] 5538191K->4882520K(8306688K), 0.0188038 secs] [Times: user=0.10 sys=0.00, real=0.02 secs] 
2020-08-10T04:10:55.347+0800: 190721.935: [GC (Allocation Failure) 2020-08-10T04:10:55.347+0800: 190721.935: [ParNew: 668590K->15611K(737280K), 0.0207032 secs] 5537880K->4885045K(8306688K), 0.0208758 secs] [Times: user=0.08 sys=0.01, real=0.02 secs] 
2020-08-10T04:12:14.595+0800: 190801.182: [GC (Allocation Failure) 2020-08-10T04:12:14.595+0800: 190801.182: [ParNew: 670971K->13124K(737280K), 0.0215526 secs] 5540405K->4882739K(8306688K), 0.0217188 secs] [Times: user=0.10 sys=0.00, real=0.02 secs] 
2020-08-10T04:13:53.137+0800: 190899.724: [GC (Allocation Failure) 2020-08-10T04:13:53.137+0800: 190899.724: [ParNew: 668484K->17751K(737280K), 0.0335012 secs] 5538099K->4887837K(8306688K), 0.0336974 secs] [Times: user=0.11 sys=0.00, real=0.04 secs] 
2020-08-10T04:14:54.024+0800: 190960.611: [GC (Allocation Failure) 2020-08-10T04:14:54.024+0800: 190960.611: [ParNew: 673111K->21849K(737280K), 0.0297914 secs] 5543197K->4892623K(8306688K), 0.0300011 secs] [Times: user=0.11 sys=0.00, real=0.03 secs] 
2020-08-10T04:15:40.207+0800: 191006.794: [GC (Allocation Failure) 2020-08-10T04:15:40.207+0800: 191006.794: [ParNew: 677209K->12664K(737280K), 0.0384242 secs] 5547983K->4883583K(8306688K), 0.0385886 secs] [Times: user=0.21 sys=0.01, real=0.03 secs] 
2020-08-10T04:16:43.955+0800: 191070.542: [GC (Allocation Failure) 2020-08-10T04:16:43.955+0800: 191070.542: [ParNew: 668024K->14354K(737280K), 0.0193576 secs] 5538943K->4885772K(8306688K), 0.0195568 secs] [Times: user=0.11 sys=0.00, real=0.02 secs] 
2020-08-10T04:17:52.530+0800: 191139.117: [GC (Allocation Failure) 2020-08-10T04:17:52.530+0800: 191139.117: [ParNew: 669650K->13284K(737280K), 0.0172105 secs] 5541067K->4884846K(8306688K), 0.0182939 secs] [Times: user=0.09 sys=0.00, real=0.02 secs] 
2020-08-10T04:18:56.444+0800: 191203.032: [GC (Allocation Failure) 2020-08-10T04:18:56.444+0800: 191203.032: [ParNew: 668644K->12731K(737280K), 0.0183698 secs] 5540206K->4884498K(8306688K), 0.0185477 secs] [Times: user=0.09 sys=0.00, real=0.02 secs] 
2020-08-10T04:20:01.322+0800: 191267.909: [GC (Allocation Failure) 2020-08-10T04:20:01.322+0800: 191267.909: [ParNew: 668091K->14642K(737280K), 0.0227972 secs] 5539858K->4886798K(8306688K), 0.0229697 secs] [Times: user=0.10 sys=0.00, real=0.02 secs] 
2020-08-10T04:21:03.203+0800: 191329.790: [GC (Allocation Failure) 2020-08-10T04:21:03.203+0800: 191329.790: [ParNew: 670002K->14444K(737280K), 0.0204446 secs] 5542158K->4886725K(8306688K), 0.0206103 secs] [Times: user=0.10 sys=0.00, real=0.02 secs] 
2020-08-10T04:22:00.730+0800: 191387.318: [GC (Allocation Failure) 2020-08-10T04:22:00.730+0800: 191387.318: [ParNew: 669804K->13975K(737280K), 0.0242222 secs] 5542085K->4886463K(8306688K), 0.0244133 secs] [Times: user=0.13 sys=0.00, real=0.02 secs] 
2020-08-10T04:23:11.389+0800: 191457.976: [GC (Allocation Failure) 2020-08-10T04:23:11.389+0800: 191457.976: [ParNew: 669335K->16649K(737280K), 0.0293920 secs] 5541823K->4889347K(8306688K), 0.0295801 secs] [Times: user=0.14 sys=0.00, real=0.03 secs] 
2020-08-10T04:24:33.493+0800: 191540.081: [GC (Allocation Failure) 2020-08-10T04:24:33.494+0800: 191540.081: [ParNew: 672009K->13361K(737280K), 0.0229988 secs] 5544707K->4887019K(8306688K), 0.0231597 secs] [Times: user=0.11 sys=0.00, real=0.02 secs] 
2020-08-10T04:25:54.194+0800: 191620.781: [GC (Allocation Failure) 2020-08-10T04:25:54.194+0800: 191620.781: [ParNew: 668721K->21666K(737280K), 0.0271696 secs] 5542379K->4896390K(8306688K), 0.0273676 secs] [Times: user=0.10 sys=0.00, real=0.03 secs] 
2020-08-10T04:26:38.452+0800: 191665.039: [GC (Allocation Failure) 2020-08-10T04:26:38.452+0800: 191665.039: [ParNew: 677026K->12896K(737280K), 0.0212915 secs] 5551750K->4887839K(8306688K), 0.0214534 secs] [Times: user=0.09 sys=0.00, real=0.02 secs] 
2020-08-10T04:27:27.192+0800: 191713.779: [GC (Allocation Failure) 2020-08-10T04:27:27.192+0800: 191713.779: [ParNew: 668256K->13382K(737280K), 0.0217894 secs] 5543199K->4888467K(8306688K), 0.0219704 secs] [Times: user=0.08 sys=0.00, real=0.02 secs] 
2020-08-10T04:28:13.790+0800: 191760.378: [GC (Allocation Failure) 2020-08-10T04:28:13.790+0800: 191760.378: [ParNew: 668742K->13988K(737280K), 0.0163692 secs] 5543827K->4889162K(8306688K), 0.0165420 secs] [Times: user=0.08 sys=0.01, real=0.02 secs] 
2020-08-10T04:29:02.199+0800: 191808.786: [GC (Allocation Failure) 2020-08-10T04:29:02.199+0800: 191808.786: [ParNew: 669348K->14684K(737280K), 0.0212764 secs] 5544522K->4890174K(8306688K), 0.0214526 secs] [Times: user=0.10 sys=0.00, real=0.02 secs] 
2020-08-10T04:30:05.187+0800: 191871.774: [GC (Allocation Failure) 2020-08-10T04:30:05.187+0800: 191871.774: [ParNew: 670044K->16284K(737280K), 0.0193402 secs] 5545534K->4892048K(8306688K), 0.0195220 secs] [Times: user=0.10 sys=0.00, real=0.01 secs] 
2020-08-10T04:31:04.515+0800: 191931.102: [GC (Allocation Failure) 2020-08-10T04:31:04.515+0800: 191931.102: [ParNew: 671644K->16631K(737280K), 0.0197507 secs] 5547408K->4892639K(8306688K), 0.0199215 secs] [Times: user=0.10 sys=0.00, real=0.02 secs] 
2020-08-10T04:31:48.082+0800: 191974.669: [GC (Allocation Failure) 2020-08-10T04:31:48.082+0800: 191974.669: [ParNew: 671991K->16678K(737280K), 0.0235561 secs] 5547999K->4892921K(8306688K), 0.0237770 secs] [Times: user=0.11 sys=0.00, real=0.02 secs] 
2020-08-10T04:32:40.108+0800: 192026.695: [GC (Allocation Failure) 2020-08-10T04:32:40.108+0800: 192026.695: [ParNew: 672038K->14855K(737280K), 0.0251085 secs] 5548281K->4892495K(8306688K), 0.0253121 secs] [Times: user=0.12 sys=0.00, real=0.02 secs] 
2020-08-10T04:33:23.118+0800: 192069.705: [GC (Allocation Failure) 2020-08-10T04:33:23.118+0800: 192069.705: [ParNew: 670215K->11106K(737280K), 0.0224045 secs] 5547855K->4889018K(8306688K), 0.0225889 secs] [Times: user=0.11 sys=0.00, real=0.03 secs] 
2020-08-10T04:34:04.493+0800: 192111.081: [GC (Allocation Failure) 2020-08-10T04:34:04.494+0800: 192111.081: [ParNew: 666466K->13663K(737280K), 0.0381110 secs] 5544378K->4891586K(8306688K), 0.0383310 secs] [Times: user=0.13 sys=0.00, real=0.04 secs] 
2020-08-10T04:34:46.336+0800: 192152.923: [GC (Allocation Failure) 2020-08-10T04:34:46.336+0800: 192152.924: [ParNew: 669023K->12959K(737280K), 0.0378376 secs] 5546946K->4891627K(8306688K), 0.0380133 secs] [Times: user=0.15 sys=0.01, real=0.04 secs] 
2020-08-10T04:35:34.624+0800: 192201.211: [GC (Allocation Failure) 2020-08-10T04:35:34.624+0800: 192201.211: [ParNew: 668319K->22567K(737280K), 0.0260608 secs] 5546987K->4901380K(8306688K), 0.0262518 secs] [Times: user=0.11 sys=0.00, real=0.03 secs] 
2020-08-10T04:36:45.096+0800: 192271.683: [GC (Allocation Failure) 2020-08-10T04:36:45.096+0800: 192271.683: [ParNew: 677927K->14425K(737280K), 0.0253994 secs] 5556740K->4893516K(8306688K), 0.0255724 secs] [Times: user=0.12 sys=0.01, real=0.03 secs] 
2020-08-10T04:37:50.844+0800: 192337.431: [GC (Allocation Failure) 2020-08-10T04:37:50.844+0800: 192337.431: [ParNew: 669785K->15510K(737280K), 0.0361438 secs] 5548876K->4894674K(8306688K), 0.0363255 secs] [Times: user=0.13 sys=0.00, real=0.04 secs] 
2020-08-10T04:38:38.323+0800: 192384.910: [GC (Allocation Failure) 2020-08-10T04:38:38.323+0800: 192384.910: [ParNew: 670870K->20939K(737280K), 0.0283668 secs] 5550034K->4900468K(8306688K), 0.0285723 secs] [Times: user=0.10 sys=0.01, real=0.03 secs] 
2020-08-10T04:39:16.638+0800: 192423.226: [GC (Allocation Failure) 2020-08-10T04:39:16.639+0800: 192423.226: [ParNew: 676299K->13780K(737280K), 0.0554958 secs] 5555828K->4893544K(8306688K), 0.0557006 secs] [Times: user=0.31 sys=0.00, real=0.06 secs] 
2020-08-10T04:39:56.584+0800: 192463.171: [GC (Allocation Failure) 2020-08-10T04:39:56.584+0800: 192463.171: [ParNew: 669140K->13805K(737280K), 0.0211882 secs] 5548904K->4893938K(8306688K), 0.0213823 secs] [Times: user=0.11 sys=0.00, real=0.02 secs] 
2020-08-10T04:40:33.157+0800: 192499.744: [GC (Allocation Failure) 2020-08-10T04:40:33.157+0800: 192499.744: [ParNew: 669165K->14958K(737280K), 0.0209938 secs] 5549298K->4895895K(8306688K), 0.0211601 secs] [Times: user=0.10 sys=0.00, real=0.02 secs] 
2020-08-10T04:41:17.083+0800: 192543.670: [GC (Allocation Failure) 2020-08-10T04:41:17.083+0800: 192543.670: [ParNew: 670318K->11762K(737280K), 0.0200165 secs] 5551255K->4893795K(8306688K), 0.0201947 secs] [Times: user=0.11 sys=0.00, real=0.02 secs] 
2020-08-10T04:42:07.561+0800: 192594.148: [GC (Allocation Failure) 2020-08-10T04:42:07.561+0800: 192594.148: [ParNew: 667010K->12844K(737280K), 0.0275089 secs] 5549043K->4895045K(8306688K), 0.0277025 secs] [Times: user=0.14 sys=0.00, real=0.03 secs] 
2020-08-10T04:43:03.511+0800: 192650.098: [GC (Allocation Failure) 2020-08-10T04:43:03.511+0800: 192650.098: [ParNew: 668091K->14562K(737280K), 0.0227240 secs] 5550292K->4897253K(8306688K), 0.0229028 secs] [Times: user=0.10 sys=0.01, real=0.02 secs] 
2020-08-10T04:44:10.957+0800: 192717.544: [GC (Allocation Failure) 2020-08-10T04:44:10.957+0800: 192717.544: [ParNew: 669922K->13697K(737280K), 0.0198682 secs] 5552613K->4896575K(8306688K), 0.0200385 secs] [Times: user=0.10 sys=0.00, real=0.02 secs] 
2020-08-10T04:45:07.679+0800: 192774.267: [GC (Allocation Failure) 2020-08-10T04:45:07.680+0800: 192774.267: [ParNew: 669057K->11909K(737280K), 0.0203808 secs] 5551935K->4894892K(8306688K), 0.0205543 secs] [Times: user=0.11 sys=0.00, real=0.02 secs] 
2020-08-10T04:46:11.173+0800: 192837.760: [GC (Allocation Failure) 2020-08-10T04:46:11.173+0800: 192837.760: [ParNew: 667269K->13689K(737280K), 0.0227639 secs] 5550252K->4897081K(8306688K), 0.0229634 secs] [Times: user=0.11 sys=0.00, real=0.02 secs] 
2020-08-10T04:47:18.069+0800: 192904.656: [GC (Allocation Failure) 2020-08-10T04:47:18.069+0800: 192904.656: [ParNew: 669049K->13549K(737280K), 0.0188197 secs] 5552441K->4897081K(8306688K), 0.0190173 secs] [Times: user=0.09 sys=0.00, real=0.02 secs] 
2020-08-10T04:48:40.264+0800: 192986.851: [GC (Allocation Failure) 2020-08-10T04:48:40.265+0800: 192986.852: [ParNew: 668909K->17745K(737280K), 0.0277453 secs] 5552441K->4901581K(8306688K), 0.0288659 secs] [Times: user=0.09 sys=0.01, real=0.03 secs] 
2020-08-10T04:49:55.613+0800: 193062.200: [GC (Allocation Failure) 2020-08-10T04:49:55.613+0800: 193062.201: [ParNew: 673105K->14469K(737280K), 0.0262874 secs] 5556941K->4898635K(8306688K), 0.0265164 secs] [Times: user=0.10 sys=0.00, real=0.03 secs] 
2020-08-10T04:50:56.156+0800: 193122.743: [GC (Allocation Failure) 2020-08-10T04:50:56.156+0800: 193122.743: [ParNew: 669829K->17886K(737280K), 0.0236890 secs] 5553995K->4902261K(8306688K), 0.0238931 secs] [Times: user=0.11 sys=0.00, real=0.03 secs] 
2020-08-10T04:52:01.145+0800: 193187.732: [GC (Allocation Failure) 2020-08-10T04:52:01.145+0800: 193187.732: [ParNew: 673246K->21024K(737280K), 0.0216922 secs] 5557621K->4905650K(8306688K), 0.0218607 secs] [Times: user=0.10 sys=0.00, real=0.03 secs] 
2020-08-10T04:52:51.257+0800: 193237.845: [GC (Allocation Failure) 2020-08-10T04:52:51.257+0800: 193237.845: [ParNew: 676384K->14260K(737280K), 0.0202545 secs] 5561010K->4899511K(8306688K), 0.0204357 secs] [Times: user=0.11 sys=0.00, real=0.02 secs] 
2020-08-10T04:53:49.207+0800: 193295.794: [GC (Allocation Failure) 2020-08-10T04:53:49.207+0800: 193295.794: [ParNew: 669620K->17672K(737280K), 0.0235711 secs] 5554871K->4903626K(8306688K), 0.0237536 secs] [Times: user=0.10 sys=0.01, real=0.02 secs] 
2020-08-10T04:54:45.961+0800: 193352.549: [GC (Allocation Failure) 2020-08-10T04:54:45.962+0800: 193352.549: [ParNew: 672971K->14640K(737280K), 0.0210606 secs] 5558924K->4901199K(8306688K), 0.0212203 secs] [Times: user=0.10 sys=0.00, real=0.02 secs] 
2020-08-10T04:55:37.187+0800: 193403.775: [GC (Allocation Failure) 2020-08-10T04:55:37.187+0800: 193403.775: [ParNew: 670000K->14949K(737280K), 0.0294435 secs] 5556559K->4901920K(8306688K), 0.0296269 secs] [Times: user=0.12 sys=0.00, real=0.02 secs] 
2020-08-10T04:56:35.709+0800: 193462.296: [GC (Allocation Failure) 2020-08-10T04:56:35.709+0800: 193462.296: [ParNew: 670309K->13340K(737280K), 0.0244926 secs] 5557280K->4900459K(8306688K), 0.0246541 secs] [Times: user=0.13 sys=0.00, real=0.02 secs] 
2020-08-10T04:57:24.084+0800: 193510.671: [GC (Allocation Failure) 2020-08-10T04:57:24.084+0800: 193510.671: [ParNew: 668700K->14219K(737280K), 0.0228452 secs] 5555819K->4902016K(8306688K), 0.0230143 secs] [Times: user=0.11 sys=0.00, real=0.03 secs] 
2020-08-10T04:58:31.493+0800: 193578.080: [GC (Allocation Failure) 2020-08-10T04:58:31.493+0800: 193578.080: [ParNew: 669579K->14440K(737280K), 0.0210468 secs] 5557376K->4903385K(8306688K), 0.0212195 secs] [Times: user=0.10 sys=0.00, real=0.02 secs] 
2020-08-10T04:59:49.753+0800: 193656.341: [GC (Allocation Failure) 2020-08-10T04:59:49.753+0800: 193656.341: [ParNew: 669800K->14490K(737280K), 0.0318343 secs] 5558745K->4903838K(8306688K), 0.0320200 secs] [Times: user=0.12 sys=0.00, real=0.03 secs] 
2020-08-10T05:00:57.769+0800: 193724.356: [GC (Allocation Failure) 2020-08-10T05:00:57.769+0800: 193724.356: [ParNew: 669810K->15288K(737280K), 0.0262991 secs] 5559158K->4904765K(8306688K), 0.0264981 secs] [Times: user=0.12 sys=0.00, real=0.02 secs] 
2020-08-10T05:01:55.201+0800: 193781.788: [GC (Allocation Failure) 2020-08-10T05:01:55.201+0800: 193781.789: [ParNew: 670648K->16676K(737280K), 0.0227542 secs] 5560125K->4906393K(8306688K), 0.0229428 secs] [Times: user=0.12 sys=0.00, real=0.02 secs] 
2020-08-10T05:02:59.920+0800: 193846.507: [GC (Allocation Failure) 2020-08-10T05:02:59.921+0800: 193846.508: [ParNew: 672036K->17753K(737280K), 0.0202873 secs] 5561753K->4908115K(8306688K), 0.0215786 secs] [Times: user=0.11 sys=0.00, real=0.02 secs] 
2020-08-10T05:03:48.952+0800: 193895.540: [GC (Allocation Failure) 2020-08-10T05:03:48.953+0800: 193895.540: [ParNew: 673113K->16576K(737280K), 0.0233119 secs] 5563475K->4907156K(8306688K), 0.0235171 secs] [Times: user=0.10 sys=0.01, real=0.02 secs] 
2020-08-10T05:04:51.578+0800: 193958.165: [GC (Allocation Failure) 2020-08-10T05:04:51.578+0800: 193958.166: [ParNew: 671936K->15086K(737280K), 0.0217656 secs] 5562516K->4905746K(8306688K), 0.0229662 secs] [Times: user=0.10 sys=0.00, real=0.03 secs] 
2020-08-10T05:06:00.933+0800: 194027.520: [GC (Allocation Failure) 2020-08-10T05:06:00.933+0800: 194027.520: [ParNew: 670446K->15342K(737280K), 0.0230765 secs] 5561106K->4906200K(8306688K), 0.0232823 secs] [Times: user=0.12 sys=0.00, real=0.02 secs] 
2020-08-10T05:07:00.529+0800: 194087.116: [GC (Allocation Failure) 2020-08-10T05:07:00.531+0800: 194087.118: [ParNew: 670623K->15236K(737280K), 0.0370936 secs] 5561481K->4906503K(8306688K), 0.0389129 secs] [Times: user=0.11 sys=0.01, real=0.04 secs] 
2020-08-10T05:07:43.536+0800: 194130.123: [GC (Allocation Failure) 2020-08-10T05:07:43.536+0800: 194130.123: [ParNew: 670587K->11353K(737280K), 0.0207499 secs] 5561854K->4903192K(8306688K), 0.0209562 secs] [Times: user=0.10 sys=0.00, real=0.02 secs] 
2020-08-10T05:08:57.625+0800: 194204.212: [GC (Allocation Failure) 2020-08-10T05:08:57.625+0800: 194204.213: [ParNew: 666654K->12222K(737280K), 0.0229500 secs] 5558493K->4904679K(8306688K), 0.0231240 secs] [Times: user=0.11 sys=0.00, real=0.03 secs] 
2020-08-10T05:10:32.459+0800: 194299.046: [GC (Allocation Failure) 2020-08-10T05:10:32.459+0800: 194299.046: [ParNew: 667582K->13603K(737280K), 0.0254253 secs] 5560039K->4906204K(8306688K), 0.0255859 secs] [Times: user=0.10 sys=0.02, real=0.02 secs] 
2020-08-10T05:11:41.161+0800: 194367.748: [GC (Allocation Failure) 2020-08-10T05:11:41.161+0800: 194367.748: [ParNew: 668934K->22216K(737280K), 0.0256374 secs] 5561535K->4915157K(8306688K), 0.0258348 secs] [Times: user=0.11 sys=0.00, real=0.03 secs] 
2020-08-10T05:12:24.320+0800: 194410.907: [GC (Allocation Failure) 2020-08-10T05:12:24.320+0800: 194410.907: [ParNew: 677576K->12070K(737280K), 0.0164056 secs] 5570517K->4905393K(8306688K), 0.0165573 secs] [Times: user=0.10 sys=0.00, real=0.01 secs] 
2020-08-10T05:13:09.686+0800: 194456.273: [GC (Allocation Failure) 2020-08-10T05:13:09.686+0800: 194456.273: [ParNew: 667430K->12380K(737280K), 0.0189458 secs] 5560753K->4905778K(8306688K), 0.0191196 secs] [Times: user=0.10 sys=0.00, real=0.02 secs] 
2020-08-10T05:13:46.489+0800: 194493.076: [GC (Allocation Failure) 2020-08-10T05:13:46.489+0800: 194493.076: [ParNew: 667740K->13560K(737280K), 0.0202518 secs] 5561138K->4907386K(8306688K), 0.0204143 secs] [Times: user=0.09 sys=0.00, real=0.02 secs] 
2020-08-10T05:14:46.975+0800: 194553.562: [GC (Allocation Failure) 2020-08-10T05:14:46.975+0800: 194553.563: [ParNew: 668920K->15323K(737280K), 0.0244636 secs] 5562746K->4909434K(8306688K), 0.0246527 secs] [Times: user=0.10 sys=0.00, real=0.03 secs] 
2020-08-10T05:15:43.203+0800: 194609.790: [GC (Allocation Failure) 2020-08-10T05:15:43.203+0800: 194609.791: [ParNew: 670683K->15278K(737280K), 0.0225164 secs] 5564794K->4910343K(8306688K), 0.0226924 secs] [Times: user=0.10 sys=0.00, real=0.02 secs] 
2020-08-10T05:16:23.434+0800: 194650.021: [GC (Allocation Failure) 2020-08-10T05:16:23.434+0800: 194650.021: [ParNew: 670585K->13769K(737280K), 0.0240216 secs] 5565650K->4909290K(8306688K), 0.0242481 secs] [Times: user=0.11 sys=0.00, real=0.02 secs] 
2020-08-10T05:17:10.416+0800: 194697.003: [GC (Allocation Failure) 2020-08-10T05:17:10.416+0800: 194697.003: [ParNew: 669115K->12896K(737280K), 0.0205908 secs] 5564636K->4908879K(8306688K), 0.0207470 secs] [Times: user=0.09 sys=0.00, real=0.02 secs] 
2020-08-10T05:17:58.693+0800: 194745.280: [GC (Allocation Failure) 2020-08-10T05:17:58.693+0800: 194745.280: [ParNew: 668256K->11933K(737280K), 0.0335475 secs] 5564239K->4908122K(8306688K), 0.0337509 secs] [Times: user=0.15 sys=0.00, real=0.04 secs] 
2020-08-10T05:18:54.463+0800: 194801.050: [GC (Allocation Failure) 2020-08-10T05:18:54.463+0800: 194801.050: [ParNew: 667293K->19148K(737280K), 0.0213285 secs] 5563482K->4915650K(8306688K), 0.0214942 secs] [Times: user=0.11 sys=0.00, real=0.02 secs] 
2020-08-10T05:19:53.249+0800: 194859.836: [GC (Allocation Failure) 2020-08-10T05:19:53.249+0800: 194859.836: [ParNew: 674508K->13825K(737280K), 0.0188581 secs] 5571010K->4911524K(8306688K), 0.0190295 secs] [Times: user=0.10 sys=0.00, real=0.02 secs] 
2020-08-10T05:20:40.256+0800: 194906.843: [GC (Allocation Failure) 2020-08-10T05:20:40.256+0800: 194906.843: [ParNew: 669185K->29724K(737280K), 0.0299993 secs] 5566884K->4928454K(8306688K), 0.0301744 secs] [Times: user=0.12 sys=0.01, real=0.03 secs] 
2020-08-10T05:21:45.136+0800: 194971.724: [GC (Allocation Failure) 2020-08-10T05:21:45.136+0800: 194971.724: [ParNew: 685084K->19867K(737280K), 0.0268499 secs] 5583814K->4918734K(8306688K), 0.0270194 secs] [Times: user=0.12 sys=0.00, real=0.03 secs] 
2020-08-10T05:22:40.636+0800: 195027.223: [GC (Allocation Failure) 2020-08-10T05:22:40.636+0800: 195027.223: [ParNew: 675227K->16391K(737280K), 0.0190835 secs] 5574094K->4915262K(8306688K), 0.0192398 secs] [Times: user=0.09 sys=0.00, real=0.02 secs] 
2020-08-10T05:23:28.833+0800: 195075.420: [GC (Allocation Failure) 2020-08-10T05:23:28.833+0800: 195075.420: [ParNew: 671751K->13765K(737280K), 0.0182688 secs] 5570622K->4912848K(8306688K), 0.0184302 secs] [Times: user=0.09 sys=0.00, real=0.02 secs] 
2020-08-10T05:24:30.888+0800: 195137.475: [GC (Allocation Failure) 2020-08-10T05:24:30.888+0800: 195137.475: [ParNew: 669125K->13327K(737280K), 0.0241035 secs] 5568208K->4912825K(8306688K), 0.0242832 secs] [Times: user=0.09 sys=0.00, real=0.02 secs] 
2020-08-10T05:25:38.319+0800: 195204.906: [GC (Allocation Failure) 2020-08-10T05:25:38.319+0800: 195204.906: [ParNew: 668687K->13124K(737280K), 0.0364378 secs] 5568185K->4912995K(8306688K), 0.0366103 secs] [Times: user=0.14 sys=0.00, real=0.03 secs] 
2020-08-10T05:27:03.443+0800: 195290.031: [GC (Allocation Failure) 2020-08-10T05:27:03.444+0800: 195290.031: [ParNew: 668484K->12755K(737280K), 0.0247863 secs] 5568355K->4913245K(8306688K), 0.0249498 secs] [Times: user=0.10 sys=0.01, real=0.03 secs] 
2020-08-10T05:28:23.200+0800: 195369.788: [GC (Allocation Failure) 2020-08-10T05:28:23.201+0800: 195369.788: [ParNew: 668115K->20216K(737280K), 0.0238886 secs] 5568605K->4920989K(8306688K), 0.0240851 secs] [Times: user=0.10 sys=0.00, real=0.02 secs] 
2020-08-10T05:29:20.139+0800: 195426.726: [GC (Allocation Failure) 2020-08-10T05:29:20.139+0800: 195426.726: [ParNew: 675576K->14112K(737280K), 0.0198252 secs] 5576349K->4915286K(8306688K), 0.0199836 secs] [Times: user=0.10 sys=0.01, real=0.02 secs] 
2020-08-10T05:30:31.363+0800: 195497.951: [GC (Allocation Failure) 2020-08-10T05:30:31.364+0800: 195497.951: [ParNew: 669472K->15435K(737280K), 0.0176239 secs] 5570646K->4916618K(8306688K), 0.0177942 secs] [Times: user=0.09 sys=0.00, real=0.02 secs] 
2020-08-10T05:31:53.163+0800: 195579.750: [GC (Allocation Failure) 2020-08-10T05:31:53.163+0800: 195579.750: [ParNew: 670795K->14923K(737280K), 0.0166459 secs] 5571978K->4916248K(8306688K), 0.0168267 secs] [Times: user=0.07 sys=0.01, real=0.02 secs] 
2020-08-10T05:33:09.575+0800: 195656.162: [GC (Allocation Failure) 2020-08-10T05:33:09.575+0800: 195656.162: [ParNew: 670283K->16844K(737280K), 0.0202018 secs] 5571608K->4918639K(8306688K), 0.0203681 secs] [Times: user=0.10 sys=0.00, real=0.02 secs] 
2020-08-10T05:34:07.138+0800: 195713.725: [GC (Allocation Failure) 2020-08-10T05:34:07.138+0800: 195713.725: [ParNew: 672204K->16352K(737280K), 0.0176293 secs] 5573999K->4918155K(8306688K), 0.0178301 secs] [Times: user=0.09 sys=0.00, real=0.02 secs] 
2020-08-10T05:35:13.111+0800: 195779.698: [GC (Allocation Failure) 2020-08-10T05:35:13.111+0800: 195779.698: [ParNew: 671712K->17717K(737280K), 0.0171875 secs] 5573515K->4919664K(8306688K), 0.0173636 secs] [Times: user=0.08 sys=0.01, real=0.02 secs] 
2020-08-10T05:36:27.868+0800: 195854.455: [GC (Allocation Failure) 2020-08-10T05:36:27.868+0800: 195854.455: [ParNew: 673077K->18421K(737280K), 0.0184659 secs] 5575024K->4920508K(8306688K), 0.0186759 secs] [Times: user=0.10 sys=0.00, real=0.02 secs] 
2020-08-10T05:38:13.044+0800: 195959.632: [GC (Allocation Failure) 2020-08-10T05:38:13.044+0800: 195959.632: [ParNew: 673781K->21013K(737280K), 0.0227718 secs] 5575868K->4923370K(8306688K), 0.0229393 secs] [Times: user=0.11 sys=0.00, real=0.03 secs] 
2020-08-10T05:39:38.230+0800: 196044.818: [GC (Allocation Failure) 2020-08-10T05:39:38.232+0800: 196044.819: [ParNew: 676373K->20021K(737280K), 0.0213838 secs] 5578730K->4922607K(8306688K), 0.0229143 secs] [Times: user=0.10 sys=0.00, real=0.02 secs] 
2020-08-10T05:40:49.100+0800: 196115.687: [GC (Allocation Failure) 2020-08-10T05:40:49.100+0800: 196115.688: [ParNew: 675381K->24088K(737280K), 0.0277035 secs] 5577967K->4927727K(8306688K), 0.0278652 secs] [Times: user=0.12 sys=0.00, real=0.03 secs] 
2020-08-10T05:42:03.040+0800: 196189.627: [GC (Allocation Failure) 2020-08-10T05:42:03.040+0800: 196189.627: [ParNew: 679448K->16680K(737280K), 0.0280691 secs] 5583087K->4920390K(8306688K), 0.0282380 secs] [Times: user=0.14 sys=0.00, real=0.03 secs] 
2020-08-10T05:42:54.047+0800: 196240.634: [GC (Allocation Failure) 2020-08-10T05:42:54.047+0800: 196240.634: [ParNew: 672040K->14563K(737280K), 0.0191324 secs] 5575750K->4918556K(8306688K), 0.0193239 secs] [Times: user=0.10 sys=0.00, real=0.01 secs] 
2020-08-10T05:43:43.797+0800: 196290.384: [GC (Allocation Failure) 2020-08-10T05:43:43.797+0800: 196290.384: [ParNew: 669865K->15559K(737280K), 0.0168678 secs] 5573858K->4919761K(8306688K), 0.0170732 secs] [Times: user=0.09 sys=0.00, real=0.02 secs] 
2020-08-10T05:44:29.575+0800: 196336.163: [GC (Allocation Failure) 2020-08-10T05:44:29.576+0800: 196336.163: [ParNew: 670919K->14463K(737280K), 0.0163002 secs] 5575121K->4918898K(8306688K), 0.0164670 secs] [Times: user=0.08 sys=0.01, real=0.02 secs] 
2020-08-10T05:45:17.902+0800: 196384.490: [GC (Allocation Failure) 2020-08-10T05:45:17.902+0800: 196384.490: [ParNew: 669823K->15989K(737280K), 0.0167800 secs] 5574258K->4920938K(8306688K), 0.0169634 secs] [Times: user=0.08 sys=0.00, real=0.02 secs] 
2020-08-10T05:46:05.434+0800: 196432.021: [GC (Allocation Failure) 2020-08-10T05:46:05.434+0800: 196432.021: [ParNew: 671349K->15664K(737280K), 0.0186979 secs] 5576298K->4920862K(8306688K), 0.0188771 secs] [Times: user=0.09 sys=0.00, real=0.02 secs] 
2020-08-10T05:46:46.994+0800: 196473.581: [GC (Allocation Failure) 2020-08-10T05:46:46.994+0800: 196473.582: [ParNew: 671024K->14517K(737280K), 0.0224110 secs] 5576222K->4920701K(8306688K), 0.0225748 secs] [Times: user=0.10 sys=0.00, real=0.02 secs] 
2020-08-10T05:47:32.273+0800: 196518.860: [GC (Allocation Failure) 2020-08-10T05:47:32.273+0800: 196518.860: [ParNew: 669877K->13636K(737280K), 0.0172475 secs] 5576061K->4920101K(8306688K), 0.0174291 secs] [Times: user=0.09 sys=0.00, real=0.02 secs] 
2020-08-10T05:48:13.960+0800: 196560.547: [GC (Allocation Failure) 2020-08-10T05:48:13.960+0800: 196560.547: [ParNew: 668996K->14004K(737280K), 0.0235444 secs] 5575461K->4921462K(8306688K), 0.0237559 secs] [Times: user=0.09 sys=0.01, real=0.02 secs] 
2020-08-10T05:49:15.996+0800: 196622.584: [GC (Allocation Failure) 2020-08-10T05:49:15.996+0800: 196622.584: [ParNew: 669364K->11275K(737280K), 0.0187785 secs] 5576822K->4918822K(8306688K), 0.0189559 secs] [Times: user=0.10 sys=0.00, real=0.02 secs] 
2020-08-10T05:50:12.680+0800: 196679.267: [GC (Allocation Failure) 2020-08-10T05:50:12.680+0800: 196679.268: [ParNew: 666554K->14170K(737280K), 0.0285367 secs] 5574100K->4922072K(8306688K), 0.0287135 secs] [Times: user=0.10 sys=0.00, real=0.03 secs] 
2020-08-10T05:51:09.766+0800: 196736.353: [GC (Allocation Failure) 2020-08-10T05:51:09.766+0800: 196736.353: [ParNew: 669529K->13993K(737280K), 0.0208344 secs] 5577430K->4922260K(8306688K), 0.0210116 secs] [Times: user=0.10 sys=0.00, real=0.03 secs] 
2020-08-10T05:51:59.076+0800: 196785.663: [GC (Allocation Failure) 2020-08-10T05:51:59.076+0800: 196785.663: [ParNew: 669353K->13716K(737280K), 0.0186755 secs] 5577620K->4922459K(8306688K), 0.0188546 secs] [Times: user=0.10 sys=0.00, real=0.02 secs] 
2020-08-10T05:52:46.515+0800: 196833.102: [GC (Allocation Failure) 2020-08-10T05:52:46.515+0800: 196833.102: [ParNew: 668966K->13885K(737280K), 0.0258477 secs] 5577709K->4922660K(8306688K), 0.0260098 secs] [Times: user=0.08 sys=0.01, real=0.03 secs] 
2020-08-10T05:53:33.695+0800: 196880.282: [GC (Allocation Failure) 2020-08-10T05:53:33.695+0800: 196880.282: [ParNew: 669245K->14019K(737280K), 0.0236172 secs] 5578020K->4923002K(8306688K), 0.0248138 secs] [Times: user=0.11 sys=0.00, real=0.03 secs] 
2020-08-10T05:54:25.340+0800: 196931.927: [GC (Allocation Failure) 2020-08-10T05:54:25.340+0800: 196931.928: [ParNew: 669379K->14467K(737280K), 0.0204796 secs] 5578362K->4923792K(8306688K), 0.0206440 secs] [Times: user=0.11 sys=0.00, real=0.02 secs] 
2020-08-10T05:55:45.804+0800: 197012.391: [GC (Allocation Failure) 2020-08-10T05:55:45.804+0800: 197012.392: [ParNew: 669827K->15912K(737280K), 0.0259482 secs] 5579152K->4925649K(8306688K), 0.0261449 secs] [Times: user=0.09 sys=0.00, real=0.03 secs] 
2020-08-10T05:56:32.017+0800: 197058.604: [GC (Allocation Failure) 2020-08-10T05:56:32.017+0800: 197058.604: [ParNew: 671272K->23384K(737280K), 0.0245038 secs] 5581009K->4933465K(8306688K), 0.0246725 secs] [Times: user=0.12 sys=0.00, real=0.03 secs] 
2020-08-10T05:57:09.825+0800: 197096.413: [GC (Allocation Failure) 2020-08-10T05:57:09.825+0800: 197096.413: [ParNew: 678744K->17507K(737280K), 0.0223430 secs] 5588825K->4927748K(8306688K), 0.0225424 secs] [Times: user=0.10 sys=0.00, real=0.03 secs] 
2020-08-10T05:58:02.725+0800: 197149.313: [GC (Allocation Failure) 2020-08-10T05:58:02.726+0800: 197149.313: [ParNew: 672867K->16638K(737280K), 0.0194803 secs] 5583108K->4927902K(8306688K), 0.0196459 secs] [Times: user=0.11 sys=0.00, real=0.02 secs] 
2020-08-10T05:58:59.533+0800: 197206.120: [GC (Allocation Failure) 2020-08-10T05:58:59.533+0800: 197206.120: [ParNew: 671998K->14669K(737280K), 0.0201679 secs] 5583262K->4926205K(8306688K), 0.0203550 secs] [Times: user=0.11 sys=0.00, real=0.02 secs] 
2020-08-10T05:59:48.306+0800: 197254.893: [GC (Allocation Failure) 2020-08-10T05:59:48.306+0800: 197254.893: [ParNew: 669946K->15651K(737280K), 0.0283320 secs] 5581482K->4927400K(8306688K), 0.0284890 secs] [Times: user=0.10 sys=0.00, real=0.03 secs] 
2020-08-10T06:00:39.546+0800: 197306.133: [GC (Allocation Failure) 2020-08-10T06:00:39.546+0800: 197306.133: [ParNew: 671011K->14765K(737280K), 0.0191056 secs] 5582760K->4927621K(8306688K), 0.0192703 secs] [Times: user=0.10 sys=0.00, real=0.02 secs] 
2020-08-10T06:01:30.623+0800: 197357.210: [GC (Allocation Failure) 2020-08-10T06:01:30.623+0800: 197357.210: [ParNew: 670125K->16916K(737280K), 0.0318033 secs] 5582981K->4930889K(8306688K), 0.0319921 secs] [Times: user=0.14 sys=0.01, real=0.03 secs] 
2020-08-10T06:02:31.565+0800: 197418.153: [GC (Allocation Failure) 2020-08-10T06:02:31.566+0800: 197418.153: [ParNew: 672276K->16478K(737280K), 0.0285297 secs] 5586249K->4930524K(8306688K), 0.0287009 secs] [Times: user=0.14 sys=0.00, real=0.03 secs] 
2020-08-10T06:03:25.964+0800: 197472.552: [GC (Allocation Failure) 2020-08-10T06:03:25.964+0800: 197472.552: [ParNew: 671838K->14886K(737280K), 0.0182183 secs] 5585884K->4930497K(8306688K), 0.0183754 secs] [Times: user=0.10 sys=0.00, real=0.02 secs] 
2020-08-10T06:04:26.598+0800: 197533.185: [GC (Allocation Failure) 2020-08-10T06:04:26.598+0800: 197533.185: [ParNew: 670181K->17392K(737280K), 0.0297540 secs] 5585792K->4933369K(8306688K), 0.0299374 secs] [Times: user=0.09 sys=0.00, real=0.04 secs] 
2020-08-10T06:05:06.349+0800: 197572.937: [GC (Allocation Failure) 2020-08-10T06:05:06.349+0800: 197572.937: [ParNew: 672752K->14858K(737280K), 0.0307406 secs] 5588729K->4931024K(8306688K), 0.0309112 secs] [Times: user=0.14 sys=0.00, real=0.03 secs] 
2020-08-10T06:05:47.428+0800: 197614.016: [GC (Allocation Failure) 2020-08-10T06:05:47.429+0800: 197614.016: [ParNew: 670218K->14642K(737280K), 0.0201121 secs] 5586384K->4931670K(8306688K), 0.0202874 secs] [Times: user=0.10 sys=0.01, real=0.02 secs] 
2020-08-10T06:06:44.189+0800: 197670.777: [GC (Allocation Failure) 2020-08-10T06:06:44.190+0800: 197670.777: [ParNew: 670002K->17153K(737280K), 0.0399306 secs] 5587030K->4934614K(8306688K), 0.0400990 secs] [Times: user=0.14 sys=0.01, real=0.04 secs] 
2020-08-10T06:08:00.275+0800: 197746.862: [GC (Allocation Failure) 2020-08-10T06:08:00.275+0800: 197746.862: [ParNew: 672513K->19380K(737280K), 0.0291516 secs] 5589974K->4937050K(8306688K), 0.0293386 secs] [Times: user=0.11 sys=0.00, real=0.03 secs] 
2020-08-10T06:09:06.453+0800: 197813.040: [GC (Allocation Failure) 2020-08-10T06:09:06.453+0800: 197813.041: [ParNew: 674740K->21949K(737280K), 0.0260630 secs] 5592410K->4939845K(8306688K), 0.0262254 secs] [Times: user=0.12 sys=0.00, real=0.03 secs] 
2020-08-10T06:10:04.857+0800: 197871.444: [GC (Allocation Failure) 2020-08-10T06:10:04.857+0800: 197871.444: [ParNew: 677188K->26058K(737280K), 0.0271195 secs] 5595084K->4944635K(8306688K), 0.0273018 secs] [Times: user=0.11 sys=0.01, real=0.03 secs] 
2020-08-10T06:11:07.501+0800: 197934.088: [GC (Allocation Failure) 2020-08-10T06:11:07.501+0800: 197934.088: [ParNew: 681418K->27675K(737280K), 0.0310190 secs] 5599995K->4946391K(8306688K), 0.0311862 secs] [Times: user=0.12 sys=0.00, real=0.03 secs] 
2020-08-10T06:12:04.731+0800: 197991.318: [GC (Allocation Failure) 2020-08-10T06:12:04.731+0800: 197991.318: [ParNew: 683009K->15729K(737280K), 0.0206537 secs] 5601725K->4935387K(8306688K), 0.0208336 secs] [Times: user=0.10 sys=0.00, real=0.02 secs] 
2020-08-10T06:13:10.223+0800: 198056.811: [GC (Allocation Failure) 2020-08-10T06:13:10.223+0800: 198056.811: [ParNew: 671089K->12746K(737280K), 0.0200263 secs] 5590747K->4932823K(8306688K), 0.0201991 secs] [Times: user=0.10 sys=0.00, real=0.02 secs] 
2020-08-10T06:14:02.690+0800: 198109.278: [GC (Allocation Failure) 2020-08-10T06:14:02.690+0800: 198109.278: [ParNew: 668106K->13467K(737280K), 0.0240062 secs] 5588183K->4933830K(8306688K), 0.0242422 secs] [Times: user=0.09 sys=0.02, real=0.02 secs] 
2020-08-10T06:14:51.148+0800: 198157.735: [GC (Allocation Failure) 2020-08-10T06:14:51.148+0800: 198157.735: [ParNew: 668827K->12029K(737280K), 0.0186608 secs] 5589190K->4932682K(8306688K), 0.0188380 secs] [Times: user=0.09 sys=0.00, real=0.02 secs] 
2020-08-10T06:15:42.345+0800: 198208.932: [GC (Allocation Failure) 2020-08-10T06:15:42.345+0800: 198208.932: [ParNew: 667320K->13058K(737280K), 0.0215215 secs] 5587973K->4933980K(8306688K), 0.0216935 secs] [Times: user=0.10 sys=0.00, real=0.02 secs] 
2020-08-10T06:16:35.929+0800: 198262.517: [GC (Allocation Failure) 2020-08-10T06:16:35.929+0800: 198262.517: [ParNew: 668418K->12895K(737280K), 0.0303723 secs] 5589340K->4934253K(8306688K), 0.0305610 secs] [Times: user=0.12 sys=0.00, real=0.03 secs] 
2020-08-10T06:17:31.160+0800: 198317.748: [GC (Allocation Failure) 2020-08-10T06:17:31.161+0800: 198317.748: [ParNew: 668255K->14936K(737280K), 0.0251474 secs] 5589613K->4936437K(8306688K), 0.0253185 secs] [Times: user=0.12 sys=0.00, real=0.02 secs] 
2020-08-10T06:18:14.332+0800: 198360.920: [GC (Allocation Failure) 2020-08-10T06:18:14.333+0800: 198360.920: [ParNew: 670296K->14717K(737280K), 0.0222510 secs] 5591797K->4936887K(8306688K), 0.0224348 secs] [Times: user=0.12 sys=0.00, real=0.02 secs] 
2020-08-10T06:19:06.753+0800: 198413.340: [GC (Allocation Failure) 2020-08-10T06:19:06.753+0800: 198413.341: [ParNew: 670014K->16590K(737280K), 0.0225101 secs] 5592184K->4938769K(8306688K), 0.0226888 secs] [Times: user=0.08 sys=0.00, real=0.02 secs] 
2020-08-10T06:20:10.087+0800: 198476.675: [GC (Allocation Failure) 2020-08-10T06:20:10.087+0800: 198476.675: [ParNew: 671859K->19642K(737280K), 0.0306348 secs] 5594037K->4942135K(8306688K), 0.0308039 secs] [Times: user=0.14 sys=0.01, real=0.02 secs] 
2020-08-10T06:20:53.564+0800: 198520.151: [GC (Allocation Failure) 2020-08-10T06:20:53.564+0800: 198520.151: [ParNew: 674884K->15259K(737280K), 0.0264328 secs] 5597377K->4938370K(8306688K), 0.0266100 secs] [Times: user=0.12 sys=0.01, real=0.03 secs] 
2020-08-10T06:22:07.285+0800: 198593.873: [GC (Allocation Failure) 2020-08-10T06:22:07.285+0800: 198593.873: [ParNew: 670619K->18876K(737280K), 0.0286136 secs] 5593730K->4942920K(8306688K), 0.0287954 secs] [Times: user=0.12 sys=0.00, real=0.03 secs] 
2020-08-10T06:23:21.977+0800: 198668.564: [GC (Allocation Failure) 2020-08-10T06:23:21.977+0800: 198668.564: [ParNew: 674119K->15773K(737280K), 0.0256405 secs] 5598163K->4940279K(8306688K), 0.0258317 secs] [Times: user=0.10 sys=0.00, real=0.03 secs] 
2020-08-10T06:24:19.950+0800: 198726.537: [GC (Allocation Failure) 2020-08-10T06:24:19.951+0800: 198726.538: [ParNew: 671133K->23339K(737280K), 0.0255559 secs] 5595639K->4947933K(8306688K), 0.0267276 secs] [Times: user=0.12 sys=0.01, real=0.02 secs] 
2020-08-10T06:25:34.814+0800: 198801.401: [GC (Allocation Failure) 2020-08-10T06:25:34.814+0800: 198801.401: [ParNew: 678699K->18784K(737280K), 0.0432352 secs] 5603293K->4943525K(8306688K), 0.0434138 secs] [Times: user=0.19 sys=0.00, real=0.04 secs] 
2020-08-10T06:26:33.192+0800: 198859.780: [GC (Allocation Failure) 2020-08-10T06:26:33.192+0800: 198859.780: [ParNew: 674144K->12048K(737280K), 0.0173474 secs] 5598885K->4938996K(8306688K), 0.0175079 secs] [Times: user=0.09 sys=0.00, real=0.02 secs] 
2020-08-10T06:27:26.260+0800: 198912.847: [GC (Allocation Failure) 2020-08-10T06:27:26.260+0800: 198912.847: [ParNew: 667408K->11605K(737280K), 0.0212351 secs] 5594356K->4938556K(8306688K), 0.0214047 secs] [Times: user=0.10 sys=0.00, real=0.02 secs] 
2020-08-10T06:28:18.491+0800: 198965.078: [GC (Allocation Failure) 2020-08-10T06:28:18.491+0800: 198965.079: [ParNew: 666965K->11845K(737280K), 0.0192016 secs] 5593916K->4938944K(8306688K), 0.0193812 secs] [Times: user=0.10 sys=0.00, real=0.02 secs] 
2020-08-10T06:29:14.467+0800: 199021.054: [GC (Allocation Failure) 2020-08-10T06:29:14.467+0800: 199021.055: [ParNew: 667205K->12407K(737280K), 0.0303520 secs] 5594304K->4939650K(8306688K), 0.0305539 secs] [Times: user=0.14 sys=0.00, real=0.02 secs] 
2020-08-10T06:30:11.287+0800: 199077.874: [GC (Allocation Failure) 2020-08-10T06:30:11.287+0800: 199077.874: [ParNew: 667767K->10917K(737280K), 0.0188590 secs] 5595010K->4938286K(8306688K), 0.0190432 secs] [Times: user=0.10 sys=0.00, real=0.01 secs] 
2020-08-10T06:31:01.406+0800: 199127.993: [GC (Allocation Failure) 2020-08-10T06:31:01.406+0800: 199127.993: [ParNew: 666277K->12769K(737280K), 0.0227362 secs] 5593646K->4940440K(8306688K), 0.0229256 secs] [Times: user=0.08 sys=0.00, real=0.03 secs] 
2020-08-10T06:31:48.396+0800: 199174.983: [GC (Allocation Failure) 2020-08-10T06:31:48.396+0800: 199174.983: [ParNew: 668129K->9730K(737280K), 0.0180677 secs] 5595800K->4938110K(8306688K), 0.0182603 secs] [Times: user=0.09 sys=0.00, real=0.02 secs] 
2020-08-10T06:33:00.522+0800: 199247.109: [GC (Allocation Failure) 2020-08-10T06:33:00.522+0800: 199247.109: [ParNew: 665090K->11812K(737280K), 0.0214671 secs] 5593470K->4940399K(8306688K), 0.0216265 secs] [Times: user=0.11 sys=0.00, real=0.02 secs] 
2020-08-10T06:33:53.841+0800: 199300.428: [GC (Allocation Failure) 2020-08-10T06:33:53.841+0800: 199300.428: [ParNew: 667172K->11363K(737280K), 0.0225403 secs] 5595759K->4940110K(8306688K), 0.0226866 secs] [Times: user=0.08 sys=0.01, real=0.02 secs] 
2020-08-10T06:35:26.302+0800: 199392.889: [GC (Allocation Failure) 2020-08-10T06:35:26.302+0800: 199392.889: [ParNew: 666723K->12446K(737280K), 0.0268297 secs] 5595470K->4941270K(8306688K), 0.0269881 secs] [Times: user=0.12 sys=0.00, real=0.03 secs] 
2020-08-10T06:36:28.796+0800: 199455.383: [GC (Allocation Failure) 2020-08-10T06:36:28.796+0800: 199455.383: [ParNew: 667806K->11763K(737280K), 0.0207839 secs] 5596630K->4940868K(8306688K), 0.0209370 secs] [Times: user=0.11 sys=0.00, real=0.02 secs] 
2020-08-10T06:37:39.455+0800: 199526.042: [GC (Allocation Failure) 2020-08-10T06:37:39.455+0800: 199526.042: [ParNew: 667123K->14727K(737280K), 0.0289313 secs] 5596228K->4944075K(8306688K), 0.0290822 secs] [Times: user=0.10 sys=0.00, real=0.03 secs] 
2020-08-10T06:38:55.904+0800: 199602.491: [GC (Allocation Failure) 2020-08-10T06:38:55.904+0800: 199602.491: [ParNew: 670087K->13719K(737280K), 0.0246951 secs] 5599435K->4943776K(8306688K), 0.0249051 secs] [Times: user=0.10 sys=0.01, real=0.03 secs] 
2020-08-10T06:39:54.639+0800: 199661.227: [GC (Allocation Failure) 2020-08-10T06:39:54.640+0800: 199661.227: [ParNew: 669079K->15377K(737280K), 0.0372405 secs] 5599136K->4945449K(8306688K), 0.0374013 secs] [Times: user=0.15 sys=0.00, real=0.03 secs] 
2020-08-10T06:40:51.753+0800: 199718.340: [GC (Allocation Failure) 2020-08-10T06:40:51.753+0800: 199718.341: [ParNew: 670737K->15561K(737280K), 0.0447096 secs] 5600809K->4945658K(8306688K), 0.0448821 secs] [Times: user=0.13 sys=0.01, real=0.04 secs] 
2020-08-10T06:41:57.322+0800: 199783.909: [GC (Allocation Failure) 2020-08-10T06:41:57.322+0800: 199783.909: [ParNew: 670844K->15047K(737280K), 0.0225684 secs] 5600942K->4945670K(8306688K), 0.0227430 secs] [Times: user=0.11 sys=0.00, real=0.02 secs] 
2020-08-10T06:43:17.037+0800: 199863.624: [GC (Allocation Failure) 2020-08-10T06:43:17.037+0800: 199863.624: [ParNew: 670407K->15679K(737280K), 0.0327480 secs] 5601030K->4946543K(8306688K), 0.0329452 secs] [Times: user=0.16 sys=0.00, real=0.04 secs] 
2020-08-10T06:44:19.443+0800: 199926.030: [GC (Allocation Failure) 2020-08-10T06:44:19.443+0800: 199926.030: [ParNew: 671039K->15575K(737280K), 0.0229159 secs] 5601903K->4946585K(8306688K), 0.0231085 secs] [Times: user=0.10 sys=0.01, real=0.02 secs] 
2020-08-10T06:45:20.513+0800: 199987.101: [GC (Allocation Failure) 2020-08-10T06:45:20.513+0800: 199987.101: [ParNew: 670935K->15127K(737280K), 0.0245338 secs] 5601945K->4946654K(8306688K), 0.0246805 secs] [Times: user=0.10 sys=0.00, real=0.02 secs] 
2020-08-10T06:46:29.985+0800: 200056.572: [GC (Allocation Failure) 2020-08-10T06:46:29.985+0800: 200056.572: [ParNew: 670487K->14899K(737280K), 0.0271230 secs] 5602014K->4946703K(8306688K), 0.0272934 secs] [Times: user=0.10 sys=0.00, real=0.03 secs] 
2020-08-10T06:47:11.474+0800: 200098.062: [GC (Allocation Failure) 2020-08-10T06:47:11.475+0800: 200098.062: [ParNew: 670259K->13330K(737280K), 0.0232390 secs] 5602063K->4945280K(8306688K), 0.0234411 secs] [Times: user=0.12 sys=0.01, real=0.02 secs] 
2020-08-10T06:48:13.798+0800: 200160.385: [GC (Allocation Failure) 2020-08-10T06:48:13.798+0800: 200160.385: [ParNew: 668690K->13970K(737280K), 0.0223328 secs] 5600640K->4945997K(8306688K), 0.0224990 secs] [Times: user=0.12 sys=0.00, real=0.03 secs] 
2020-08-10T06:49:28.970+0800: 200235.557: [GC (Allocation Failure) 2020-08-10T06:49:28.970+0800: 200235.557: [ParNew: 669330K->16668K(737280K), 0.0243282 secs] 5601357K->4948977K(8306688K), 0.0244858 secs] [Times: user=0.09 sys=0.00, real=0.02 secs] 
2020-08-10T06:50:51.237+0800: 200317.824: [GC (Allocation Failure) 2020-08-10T06:50:51.237+0800: 200317.825: [ParNew: 672028K->15403K(737280K), 0.0327882 secs] 5604337K->4947882K(8306688K), 0.0329914 secs] [Times: user=0.15 sys=0.00, real=0.04 secs] 
2020-08-10T06:52:37.124+0800: 200423.711: [GC (Allocation Failure) 2020-08-10T06:52:37.124+0800: 200423.711: [ParNew: 670763K->16384K(737280K), 0.0276544 secs] 5603242K->4948938K(8306688K), 0.0278618 secs] [Times: user=0.11 sys=0.00, real=0.03 secs] 
2020-08-10T06:54:06.130+0800: 200512.717: [GC (Allocation Failure) 2020-08-10T06:54:06.130+0800: 200512.717: [ParNew: 671744K->16861K(737280K), 0.0264522 secs] 5604298K->4949658K(8306688K), 0.0266283 secs] [Times: user=0.12 sys=0.00, real=0.02 secs] 
2020-08-10T06:55:22.070+0800: 200588.657: [GC (Allocation Failure) 2020-08-10T06:55:22.070+0800: 200588.657: [ParNew: 672197K->17858K(737280K), 0.0251447 secs] 5604993K->4951004K(8306688K), 0.0253107 secs] [Times: user=0.10 sys=0.00, real=0.02 secs] 
2020-08-10T06:56:58.619+0800: 200685.206: [GC (Allocation Failure) 2020-08-10T06:56:58.619+0800: 200685.206: [ParNew: 673218K->15568K(737280K), 0.0346850 secs] 5606364K->4948920K(8306688K), 0.0348714 secs] [Times: user=0.18 sys=0.00, real=0.03 secs] 
2020-08-10T06:58:25.274+0800: 200771.861: [GC (Allocation Failure) 2020-08-10T06:58:25.274+0800: 200771.861: [ParNew: 670928K->15019K(737280K), 0.0242193 secs] 5604280K->4948595K(8306688K), 0.0243887 secs] [Times: user=0.10 sys=0.00, real=0.02 secs] 
2020-08-10T07:00:36.126+0800: 200902.713: [GC (Allocation Failure) 2020-08-10T07:00:36.126+0800: 200902.713: [ParNew: 670379K->14553K(737280K), 0.0326123 secs] 5603955K->4948155K(8306688K), 0.0328034 secs] [Times: user=0.12 sys=0.00, real=0.04 secs] 
2020-08-10T07:01:41.552+0800: 200968.139: [GC (Allocation Failure) 2020-08-10T07:01:41.552+0800: 200968.140: [ParNew: 669913K->12903K(737280K), 0.0212767 secs] 5603515K->4946774K(8306688K), 0.0214573 secs] [Times: user=0.11 sys=0.00, real=0.02 secs] 
2020-08-10T07:03:22.361+0800: 201068.948: [GC (Allocation Failure) 2020-08-10T07:03:22.361+0800: 201068.948: [ParNew: 668263K->12667K(737280K), 0.0251201 secs] 5602134K->4946759K(8306688K), 0.0252900 secs] [Times: user=0.10 sys=0.00, real=0.02 secs] 
2020-08-10T07:04:49.047+0800: 201155.635: [GC (Allocation Failure) 2020-08-10T07:04:49.048+0800: 201155.635: [ParNew: 668027K->16109K(737280K), 0.0563146 secs] 5602119K->4950443K(8306688K), 0.0564871 secs] [Times: user=0.10 sys=0.01, real=0.05 secs] 
2020-08-10T07:06:09.999+0800: 201236.586: [GC (Allocation Failure) 2020-08-10T07:06:09.999+0800: 201236.586: [ParNew: 671469K->21394K(737280K), 0.0302166 secs] 5605803K->4955823K(8306688K), 0.0303908 secs] [Times: user=0.09 sys=0.01, real=0.03 secs] 
2020-08-10T07:07:36.051+0800: 201322.638: [GC (Allocation Failure) 2020-08-10T07:07:36.051+0800: 201322.638: [ParNew: 676631K->18379K(737280K), 0.0384487 secs] 5611061K->4952816K(8306688K), 0.0386079 secs] [Times: user=0.11 sys=0.00, real=0.04 secs] 
2020-08-10T07:08:48.930+0800: 201395.517: [GC (Allocation Failure) 2020-08-10T07:08:48.930+0800: 201395.518: [ParNew: 673739K->14093K(737280K), 0.0327193 secs] 5608176K->4948774K(8306688K), 0.0329072 secs] [Times: user=0.16 sys=0.00, real=0.03 secs] 
2020-08-10T07:10:15.261+0800: 201481.848: [GC (Allocation Failure) 2020-08-10T07:10:15.261+0800: 201481.848: [ParNew: 669453K->14339K(737280K), 0.0241054 secs] 5604134K->4949347K(8306688K), 0.0242848 secs] [Times: user=0.12 sys=0.00, real=0.02 secs] 
2020-08-10T07:11:34.955+0800: 201561.543: [GC (Allocation Failure) 2020-08-10T07:11:34.956+0800: 201561.543: [ParNew: 669699K->23540K(737280K), 0.0248892 secs] 5604707K->4958685K(8306688K), 0.0250769 secs] [Times: user=0.12 sys=0.00, real=0.03 secs] 
2020-08-10T07:13:10.814+0800: 201657.402: [GC (Allocation Failure) 2020-08-10T07:13:10.814+0800: 201657.402: [ParNew: 678900K->21077K(737280K), 0.0242673 secs] 5614045K->4956360K(8306688K), 0.0244645 secs] [Times: user=0.11 sys=0.00, real=0.03 secs] 
2020-08-10T07:15:14.163+0800: 201780.750: [GC (Allocation Failure) 2020-08-10T07:15:14.163+0800: 201780.750: [ParNew: 676437K->16296K(737280K), 0.0389767 secs] 5611720K->4951892K(8306688K), 0.0391522 secs] [Times: user=0.17 sys=0.00, real=0.04 secs] 
2020-08-10T07:16:16.819+0800: 201843.407: [GC (Allocation Failure) 2020-08-10T07:16:16.819+0800: 201843.407: [ParNew: 671656K->23190K(737280K), 0.0261403 secs] 5607252K->4959193K(8306688K), 0.0263282 secs] [Times: user=0.11 sys=0.00, real=0.02 secs] 
2020-08-10T07:17:22.974+0800: 201909.561: [GC (Allocation Failure) 2020-08-10T07:17:22.974+0800: 201909.561: [ParNew: 678502K->33410K(737280K), 0.0300261 secs] 5614506K->4969548K(8306688K), 0.0302491 secs] [Times: user=0.12 sys=0.00, real=0.03 secs] 
2020-08-10T07:18:44.693+0800: 201991.280: [GC (Allocation Failure) 2020-08-10T07:18:44.693+0800: 201991.280: [ParNew: 688770K->14047K(737280K), 0.0220925 secs] 5624908K->4950562K(8306688K), 0.0222576 secs] [Times: user=0.10 sys=0.00, real=0.02 secs] 
2020-08-10T07:19:51.816+0800: 202058.403: [GC (Allocation Failure) 2020-08-10T07:19:51.816+0800: 202058.403: [ParNew: 669407K->26590K(737280K), 0.0408635 secs] 5605922K->4963337K(8306688K), 0.0410324 secs] [Times: user=0.12 sys=0.00, real=0.04 secs] 
2020-08-10T07:21:05.129+0800: 202131.717: [GC (Allocation Failure) 2020-08-10T07:21:05.129+0800: 202131.717: [ParNew: 681950K->21846K(737280K), 0.0268803 secs] 5618697K->4958730K(8306688K), 0.0270389 secs] [Times: user=0.11 sys=0.00, real=0.02 secs] 
2020-08-10T07:22:35.131+0800: 202221.718: [GC (Allocation Failure) 2020-08-10T07:22:35.131+0800: 202221.718: [ParNew: 677159K->16735K(737280K), 0.0248752 secs] 5614043K->4953766K(8306688K), 0.0250487 secs] [Times: user=0.12 sys=0.00, real=0.02 secs] 
2020-08-10T07:24:09.843+0800: 202316.430: [GC (Allocation Failure) 2020-08-10T07:24:09.843+0800: 202316.430: [ParNew: 672095K->13729K(737280K), 0.0214968 secs] 5609126K->4951039K(8306688K), 0.0216689 secs] [Times: user=0.10 sys=0.00, real=0.02 secs] 
2020-08-10T07:25:22.356+0800: 202388.943: [GC (Allocation Failure) 2020-08-10T07:25:22.357+0800: 202388.944: [ParNew: 669089K->11669K(737280K), 0.0202746 secs] 5606399K->4949197K(8306688K), 0.0214711 secs] [Times: user=0.10 sys=0.00, real=0.02 secs] 
2020-08-10T07:26:43.057+0800: 202469.645: [GC (Allocation Failure) 2020-08-10T07:26:43.057+0800: 202469.645: [ParNew: 666944K->20222K(737280K), 0.0419416 secs] 5604473K->4957996K(8306688K), 0.0420962 secs] [Times: user=0.22 sys=0.00, real=0.05 secs] 
2020-08-10T07:27:52.225+0800: 202538.812: [GC (Allocation Failure) 2020-08-10T07:27:52.225+0800: 202538.812: [ParNew: 675582K->16982K(737280K), 0.0244933 secs] 5613356K->4954790K(8306688K), 0.0246519 secs] [Times: user=0.12 sys=0.00, real=0.03 secs] 
2020-08-10T07:29:30.845+0800: 202637.432: [GC (Allocation Failure) 2020-08-10T07:29:30.845+0800: 202637.432: [ParNew: 672342K->11917K(737280K), 0.0264980 secs] 5610150K->4949811K(8306688K), 0.0266993 secs] [Times: user=0.13 sys=0.00, real=0.03 secs] 
2020-08-10T07:30:47.789+0800: 202714.376: [GC (Allocation Failure) 2020-08-10T07:30:47.789+0800: 202714.376: [ParNew: 667192K->22942K(737280K), 0.0265733 secs] 5605087K->4961196K(8306688K), 0.0267398 secs] [Times: user=0.12 sys=0.00, real=0.02 secs] 
2020-08-10T07:32:09.934+0800: 202796.521: [GC (Allocation Failure) 2020-08-10T07:32:09.934+0800: 202796.522: [ParNew: 678207K->24025K(737280K), 0.0290042 secs] 5616462K->4962375K(8306688K), 0.0291778 secs] [Times: user=0.13 sys=0.00, real=0.03 secs] 
2020-08-10T07:33:49.341+0800: 202895.928: [GC (Allocation Failure) 2020-08-10T07:33:49.341+0800: 202895.928: [ParNew: 679385K->24317K(737280K), 0.0400204 secs] 5617735K->4962856K(8306688K), 0.0401809 secs] [Times: user=0.16 sys=0.00, real=0.04 secs] 
2020-08-10T07:35:21.973+0800: 202988.560: [GC (Allocation Failure) 2020-08-10T07:35:21.973+0800: 202988.560: [ParNew: 679677K->21275K(737280K), 0.0260576 secs] 5618216K->4960073K(8306688K), 0.0262473 secs] [Times: user=0.11 sys=0.00, real=0.03 secs] 
2020-08-10T07:36:49.222+0800: 203075.810: [GC (Allocation Failure) 2020-08-10T07:36:49.223+0800: 203075.810: [ParNew: 676635K->22478K(737280K), 0.0269143 secs] 5615433K->4961352K(8306688K), 0.0271416 secs] [Times: user=0.12 sys=0.00, real=0.03 secs] 
2020-08-10T07:37:37.388+0800: 203123.975: [GC (Allocation Failure) 2020-08-10T07:37:37.388+0800: 203123.975: [ParNew: 677838K->11899K(737280K), 0.0367369 secs] 5616712K->4951049K(8306688K), 0.0369347 secs] [Times: user=0.14 sys=0.00, real=0.03 secs] 
2020-08-10T07:38:50.541+0800: 203197.128: [GC (Allocation Failure) 2020-08-10T07:38:50.541+0800: 203197.128: [ParNew: 667259K->13157K(737280K), 0.0385861 secs] 5606409K->4952611K(8306688K), 0.0387845 secs] [Times: user=0.13 sys=0.00, real=0.04 secs] 
2020-08-10T07:40:01.355+0800: 203267.943: [GC (Allocation Failure) 2020-08-10T07:40:01.355+0800: 203267.943: [ParNew: 668494K->18940K(737280K), 0.0284674 secs] 5607948K->4958411K(8306688K), 0.0286469 secs] [Times: user=0.12 sys=0.00, real=0.03 secs] 
2020-08-10T07:40:59.059+0800: 203325.647: [GC (Allocation Failure) 2020-08-10T07:40:59.059+0800: 203325.647: [ParNew: 674300K->18892K(737280K), 0.0346872 secs] 5613771K->4958719K(8306688K), 0.0348896 secs] [Times: user=0.14 sys=0.00, real=0.03 secs] 
2020-08-10T07:42:14.054+0800: 203400.641: [GC (Allocation Failure) 2020-08-10T07:42:14.054+0800: 203400.642: [ParNew: 674252K->15158K(737280K), 0.0249911 secs] 5614079K->4955476K(8306688K), 0.0252309 secs] [Times: user=0.09 sys=0.00, real=0.03 secs] 
2020-08-10T07:43:09.552+0800: 203456.140: [GC (Allocation Failure) 2020-08-10T07:43:09.553+0800: 203456.140: [ParNew: 670518K->13609K(737280K), 0.0208200 secs] 5610836K->4953942K(8306688K), 0.0209922 secs] [Times: user=0.10 sys=0.00, real=0.02 secs] 
2020-08-10T07:43:56.992+0800: 203503.579: [GC (Allocation Failure) 2020-08-10T07:43:56.992+0800: 203503.579: [ParNew: 668969K->19330K(737280K), 0.0307446 secs] 5609302K->4959996K(8306688K), 0.0309442 secs] [Times: user=0.12 sys=0.00, real=0.03 secs] 
2020-08-10T07:44:44.723+0800: 203551.310: [GC (Allocation Failure) 2020-08-10T07:44:44.723+0800: 203551.310: [ParNew: 674574K->17586K(737280K), 0.0369028 secs] 5615239K->4958464K(8306688K), 0.0371145 secs] [Times: user=0.19 sys=0.00, real=0.04 secs] 
2020-08-10T07:45:42.552+0800: 203609.139: [GC (Allocation Failure) 2020-08-10T07:45:42.552+0800: 203609.139: [ParNew: 672846K->18070K(737280K), 0.0352593 secs] 5613724K->4959124K(8306688K), 0.0354467 secs] [Times: user=0.12 sys=0.00, real=0.04 secs] 
2020-08-10T07:46:48.806+0800: 203675.393: [GC (Allocation Failure) 2020-08-10T07:46:48.806+0800: 203675.394: [ParNew: 673430K->15057K(737280K), 0.0245862 secs] 5614484K->4956196K(8306688K), 0.0247654 secs] [Times: user=0.09 sys=0.00, real=0.03 secs] 
2020-08-10T07:48:03.888+0800: 203750.475: [GC (Allocation Failure) 2020-08-10T07:48:03.888+0800: 203750.476: [ParNew: 670417K->15000K(737280K), 0.0208895 secs] 5611556K->4956969K(8306688K), 0.0210810 secs] [Times: user=0.11 sys=0.01, real=0.02 secs] 
2020-08-10T07:49:23.164+0800: 203829.752: [GC (Allocation Failure) 2020-08-10T07:49:23.165+0800: 203829.752: [ParNew: 670360K->23273K(737280K), 0.0382123 secs] 5612329K->4965268K(8306688K), 0.0384357 secs] [Times: user=0.16 sys=0.00, real=0.04 secs] 
2020-08-10T07:50:20.099+0800: 203886.686: [GC (Allocation Failure) 2020-08-10T07:50:20.099+0800: 203886.686: [ParNew: 678633K->18970K(737280K), 0.0246254 secs] 5620628K->4961413K(8306688K), 0.0248476 secs] [Times: user=0.11 sys=0.01, real=0.02 secs] 
2020-08-10T07:51:29.755+0800: 203956.342: [GC (Allocation Failure) 2020-08-10T07:51:29.755+0800: 203956.342: [ParNew: 674330K->17321K(737280K), 0.0249626 secs] 5616773K->4959989K(8306688K), 0.0251391 secs] [Times: user=0.10 sys=0.00, real=0.03 secs] 
2020-08-10T07:52:36.195+0800: 204022.782: [GC (Allocation Failure) 2020-08-10T07:52:36.195+0800: 204022.782: [ParNew: 672601K->15192K(737280K), 0.0227194 secs] 5615269K->4958212K(8306688K), 0.0228982 secs] [Times: user=0.10 sys=0.01, real=0.02 secs] 
2020-08-10T07:53:34.597+0800: 204081.184: [GC (Allocation Failure) 2020-08-10T07:53:34.597+0800: 204081.184: [ParNew: 670552K->22653K(737280K), 0.0391530 secs] 5613572K->4966134K(8306688K), 0.0393472 secs] [Times: user=0.15 sys=0.00, real=0.04 secs] 
2020-08-10T07:54:36.048+0800: 204142.636: [GC (Allocation Failure) 2020-08-10T07:54:36.048+0800: 204142.636: [ParNew: 678013K->19698K(737280K), 0.0240935 secs] 5621494K->4963382K(8306688K), 0.0242781 secs] [Times: user=0.10 sys=0.01, real=0.02 secs] 
2020-08-10T07:55:54.124+0800: 204220.711: [GC (Allocation Failure) 2020-08-10T07:55:54.124+0800: 204220.711: [ParNew: 675058K->16942K(737280K), 0.0238982 secs] 5618742K->4960774K(8306688K), 0.0240889 secs] [Times: user=0.12 sys=0.00, real=0.03 secs] 
2020-08-10T07:57:03.331+0800: 204289.919: [GC (Allocation Failure) 2020-08-10T07:57:03.331+0800: 204289.919: [ParNew: 672302K->19979K(737280K), 0.0250140 secs] 5616134K->4964081K(8306688K), 0.0251844 secs] [Times: user=0.10 sys=0.01, real=0.02 secs] 
2020-08-10T07:58:17.301+0800: 204363.888: [GC (Allocation Failure) 2020-08-10T07:58:17.301+0800: 204363.888: [ParNew: 675339K->23249K(737280K), 0.0257152 secs] 5619441K->4967492K(8306688K), 0.0258927 secs] [Times: user=0.12 sys=0.00, real=0.03 secs] 
2020-08-10T07:59:46.040+0800: 204452.627: [GC (Allocation Failure) 2020-08-10T07:59:46.040+0800: 204452.627: [ParNew: 678609K->19176K(737280K), 0.0267864 secs] 5622852K->4963468K(8306688K), 0.0269753 secs] [Times: user=0.12 sys=0.00, real=0.03 secs] 
2020-08-10T08:01:08.233+0800: 204534.820: [GC (Allocation Failure) 2020-08-10T08:01:08.233+0800: 204534.820: [ParNew: 674536K->27372K(737280K), 0.0443416 secs] 5618828K->4971886K(8306688K), 0.0445483 secs] [Times: user=0.19 sys=0.00, real=0.04 secs] 
2020-08-10T08:02:34.511+0800: 204621.098: [GC (Allocation Failure) 2020-08-10T08:02:34.511+0800: 204621.098: [ParNew: 682732K->16420K(737280K), 0.0250132 secs] 5627246K->4961148K(8306688K), 0.0252363 secs] [Times: user=0.12 sys=0.00, real=0.02 secs] 
2020-08-10T08:03:48.896+0800: 204695.483: [GC (Allocation Failure) 2020-08-10T08:03:48.896+0800: 204695.483: [ParNew: 671780K->16163K(737280K), 0.0233149 secs] 5616508K->4961039K(8306688K), 0.0234881 secs] [Times: user=0.09 sys=0.00, real=0.03 secs] 
2020-08-10T08:05:35.700+0800: 204802.287: [GC (Allocation Failure) 2020-08-10T08:05:35.700+0800: 204802.287: [ParNew: 671523K->23421K(737280K), 0.0354391 secs] 5616399K->4968575K(8306688K), 0.0356169 secs] [Times: user=0.16 sys=0.00, real=0.03 secs] 
2020-08-10T08:06:39.625+0800: 204866.212: [GC (Allocation Failure) 2020-08-10T08:06:39.625+0800: 204866.212: [ParNew: 678781K->16606K(737280K), 0.0248364 secs] 5623935K->4961869K(8306688K), 0.0250453 secs] [Times: user=0.13 sys=0.00, real=0.03 secs] 
2020-08-10T08:08:12.163+0800: 204958.751: [GC (Allocation Failure) 2020-08-10T08:08:12.163+0800: 204958.751: [ParNew: 671966K->18628K(737280K), 0.0241075 secs] 5617229K->4964105K(8306688K), 0.0242941 secs] [Times: user=0.10 sys=0.00, real=0.03 secs] 
2020-08-10T08:09:24.013+0800: 205030.600: [GC (Allocation Failure) 2020-08-10T08:09:24.013+0800: 205030.600: [ParNew: 673988K->15032K(737280K), 0.0280671 secs] 5619465K->4960736K(8306688K), 0.0282469 secs] [Times: user=0.10 sys=0.00, real=0.03 secs] 
2020-08-10T08:10:48.883+0800: 205115.471: [GC (Allocation Failure) 2020-08-10T08:10:48.883+0800: 205115.471: [ParNew: 670392K->21722K(737280K), 0.0245183 secs] 5616096K->4967648K(8306688K), 0.0246842 secs] [Times: user=0.11 sys=0.00, real=0.03 secs] 
2020-08-10T08:11:49.379+0800: 205175.966: [GC (Allocation Failure) 2020-08-10T08:11:49.379+0800: 205175.967: [ParNew: 677082K->27085K(737280K), 0.0417927 secs] 5623008K->4973342K(8306688K), 0.0420155 secs] [Times: user=0.24 sys=0.00, real=0.04 secs] 
2020-08-10T08:12:09.840+0800: 205196.428: [GC (Allocation Failure) 2020-08-10T08:12:09.840+0800: 205196.428: [ParNew: 682445K->58794K(737280K), 0.0496108 secs] 5628702K->5005443K(8306688K), 0.0497716 secs] [Times: user=0.31 sys=0.00, real=0.05 secs] 
2020-08-10T08:12:25.675+0800: 205212.263: [GC (Allocation Failure) 2020-08-10T08:12:25.675+0800: 205212.263: [ParNew: 714154K->81920K(737280K), 0.0891770 secs] 5660803K->5043725K(8306688K), 0.0893452 secs] [Times: user=0.44 sys=0.00, real=0.09 secs] 
2020-08-10T08:12:43.411+0800: 205229.998: [GC (Allocation Failure) 2020-08-10T08:12:43.411+0800: 205229.998: [ParNew: 737280K->81920K(737280K), 0.1093183 secs] 5699085K->5084228K(8306688K), 0.1094748 secs] [Times: user=0.57 sys=0.00, real=0.11 secs] 
2020-08-10T08:12:57.507+0800: 205244.095: [GC (Allocation Failure) 2020-08-10T08:12:57.508+0800: 205244.095: [ParNew: 737280K->81920K(737280K), 0.1035020 secs] 5739588K->5119319K(8306688K), 0.1036976 secs] [Times: user=0.61 sys=0.00, real=0.10 secs] 
2020-08-10T08:13:16.164+0800: 205262.751: [GC (Allocation Failure) 2020-08-10T08:13:16.164+0800: 205262.752: [ParNew: 737280K->81920K(737280K), 0.1097177 secs] 5774679K->5156655K(8306688K), 0.1099072 secs] [Times: user=0.64 sys=0.00, real=0.11 secs] 
2020-08-10T08:13:43.081+0800: 205289.669: [GC (Allocation Failure) 2020-08-10T08:13:43.081+0800: 205289.669: [ParNew: 737280K->81920K(737280K), 0.1286095 secs] 5812015K->5200876K(8306688K), 0.1287962 secs] [Times: user=0.62 sys=0.00, real=0.13 secs] 
2020-08-10T08:13:52.826+0800: 205299.413: [GC (Allocation Failure) 2020-08-10T08:13:52.826+0800: 205299.413: [ParNew: 728278K->81920K(737280K), 0.1187533 secs] 5847235K->5396242K(8306688K), 0.1189744 secs] [Times: user=0.54 sys=0.00, real=0.12 secs] 
2020-08-10T08:13:52.963+0800: 205299.550: [GC (CMS Initial Mark) [1 CMS-initial-mark: 5314322K(7569408K)] 5472442K(8306688K), 0.0116077 secs] [Times: user=0.02 sys=0.00, real=0.01 secs] 
2020-08-10T08:13:52.975+0800: 205299.562: [CMS-concurrent-mark-start]
2020-08-10T08:13:54.055+0800: 205300.642: [CMS-concurrent-mark: 1.080/1.080 secs] [Times: user=2.37 sys=0.17, real=1.08 secs] 
2020-08-10T08:13:54.055+0800: 205300.642: [CMS-concurrent-preclean-start]
2020-08-10T08:13:54.064+0800: 205300.652: [CMS-concurrent-preclean: 0.009/0.009 secs] [Times: user=0.01 sys=0.00, real=0.01 secs] 
2020-08-10T08:13:54.065+0800: 205300.652: [CMS-concurrent-abortable-preclean-start]
 CMS: abort preclean due to time 2020-08-10T08:13:59.224+0800: 205305.811: [CMS-concurrent-abortable-preclean: 3.158/5.159 secs] [Times: user=4.20 sys=0.93, real=5.16 secs] 
2020-08-10T08:13:59.227+0800: 205305.814: [GC (CMS Final Remark) [YG occupancy: 602531 K (737280 K)]2020-08-10T08:13:59.227+0800: 205305.814: [Rescan (parallel) , 0.0276804 secs]2020-08-10T08:13:59.255+0800: 205305.842: [weak refs processing, 0.0009001 secs]2020-08-10T08:13:59.256+0800: 205305.843: [class unloading, 0.0162125 secs]2020-08-10T08:13:59.272+0800: 205305.859: [scrub symbol table, 0.0062403 secs]2020-08-10T08:13:59.278+0800: 205305.865: [scrub string table, 0.0008650 secs][1 CMS-remark: 5314322K(7569408K)] 5916854K(8306688K), 0.0521620 secs] [Times: user=0.22 sys=0.00, real=0.05 secs] 
2020-08-10T08:13:59.279+0800: 205305.867: [CMS-concurrent-sweep-start]
2020-08-10T08:14:02.462+0800: 205309.049: [CMS-concurrent-sweep: 3.182/3.182 secs] [Times: user=3.84 sys=0.54, real=3.18 secs] 
2020-08-10T08:14:02.462+0800: 205309.049: [CMS-concurrent-reset-start]
2020-08-10T08:14:02.489+0800: 205309.076: [CMS-concurrent-reset: 0.027/0.027 secs] [Times: user=0.04 sys=0.00, real=0.03 secs] 
2020-08-10T08:14:04.773+0800: 205311.360: [GC (Allocation Failure) 2020-08-10T08:14:04.773+0800: 205311.361: [ParNew: 737280K->48133K(737280K), 0.0644331 secs] 1888211K->1224711K(8306688K), 0.0645963 secs] [Times: user=0.41 sys=0.00, real=0.06 secs] 
2020-08-10T08:14:29.147+0800: 205335.734: [GC (Allocation Failure) 2020-08-10T08:14:29.147+0800: 205335.734: [ParNew: 703493K->68619K(737280K), 0.0580741 secs] 1880071K->1245198K(8306688K), 0.0582247 secs] [Times: user=0.37 sys=0.00, real=0.05 secs] 
2020-08-10T08:14:52.231+0800: 205358.818: [GC (Allocation Failure) 2020-08-10T08:14:52.231+0800: 205358.819: [ParNew: 723979K->81920K(737280K), 0.1017039 secs] 1900558K->1288289K(8306688K), 0.1018852 secs] [Times: user=0.60 sys=0.00, real=0.10 secs] 
2020-08-10T08:15:14.111+0800: 205380.698: [GC (Allocation Failure) 2020-08-10T08:15:14.111+0800: 205380.698: [ParNew: 737280K->81920K(737280K), 0.1170207 secs] 1943649K->1328802K(8306688K), 0.1171977 secs] [Times: user=0.76 sys=0.00, real=0.12 secs] 
2020-08-10T08:15:36.487+0800: 205403.074: [GC (Allocation Failure) 2020-08-10T08:15:36.487+0800: 205403.074: [ParNew: 737280K->81920K(737280K), 0.0900024 secs] 1984162K->1369431K(8306688K), 0.0901646 secs] [Times: user=0.58 sys=0.00, real=0.08 secs] 
2020-08-10T08:15:55.723+0800: 205422.310: [GC (Allocation Failure) 2020-08-10T08:15:55.723+0800: 205422.310: [ParNew: 737280K->81920K(737280K), 0.0929396 secs] 2024791K->1404480K(8306688K), 0.0931251 secs] [Times: user=0.52 sys=0.00, real=0.09 secs] 
2020-08-10T08:16:16.030+0800: 205442.617: [GC (Allocation Failure) 2020-08-10T08:16:16.030+0800: 205442.618: [ParNew: 737280K->81920K(737280K), 0.0984714 secs] 2059840K->1448455K(8306688K), 0.0986353 secs] [Times: user=0.58 sys=0.00, real=0.10 secs] 
2020-08-10T08:16:32.714+0800: 205459.301: [GC (Allocation Failure) 2020-08-10T08:16:32.714+0800: 205459.301: [ParNew: 737280K->81920K(737280K), 0.0990910 secs] 2103815K->1486286K(8306688K), 0.0992545 secs] [Times: user=0.60 sys=0.00, real=0.10 secs] 
2020-08-10T08:16:49.731+0800: 205476.319: [GC (Allocation Failure) 2020-08-10T08:16:49.731+0800: 205476.319: [ParNew: 737277K->81920K(737280K), 0.1038875 secs] 2141644K->1519496K(8306688K), 0.1040625 secs] [Times: user=0.64 sys=0.00, real=0.10 secs] 
2020-08-10T08:17:21.020+0800: 205507.607: [GC (Allocation Failure) 2020-08-10T08:17:21.020+0800: 205507.607: [ParNew: 737280K->81920K(737280K), 0.1035538 secs] 2174856K->1561983K(8306688K), 0.1037437 secs] [Times: user=0.64 sys=0.00, real=0.10 secs] 
2020-08-10T08:17:53.024+0800: 205539.612: [GC (Allocation Failure) 2020-08-10T08:17:53.024+0800: 205539.612: [ParNew: 737280K->81920K(737280K), 0.1019359 secs] 2217343K->1598638K(8306688K), 0.1020988 secs] [Times: user=0.63 sys=0.00, real=0.10 secs] 
2020-08-10T08:18:25.076+0800: 205571.663: [GC (Allocation Failure) 2020-08-10T08:18:25.076+0800: 205571.663: [ParNew: 737280K->81920K(737280K), 0.0990413 secs] 2253998K->1631977K(8306688K), 0.0992116 secs] [Times: user=0.59 sys=0.00, real=0.10 secs] 
2020-08-10T08:18:50.749+0800: 205597.336: [GC (Allocation Failure) 2020-08-10T08:18:50.749+0800: 205597.336: [ParNew: 737280K->81920K(737280K), 0.1109051 secs] 2287337K->1668125K(8306688K), 0.1110736 secs] [Times: user=0.60 sys=0.00, real=0.11 secs] 
2020-08-10T08:19:13.659+0800: 205620.246: [GC (Allocation Failure) 2020-08-10T08:19:13.659+0800: 205620.246: [ParNew: 737280K->81920K(737280K), 0.1058578 secs] 2323485K->1706810K(8306688K), 0.1060187 secs] [Times: user=0.57 sys=0.00, real=0.10 secs] 
2020-08-10T08:19:36.383+0800: 205642.971: [GC (Allocation Failure) 2020-08-10T08:19:36.383+0800: 205642.971: [ParNew: 737280K->81920K(737280K), 0.1012501 secs] 2362170K->1745625K(8306688K), 0.1014350 secs] [Times: user=0.60 sys=0.00, real=0.10 secs] 
2020-08-10T08:19:56.683+0800: 205663.271: [GC (Allocation Failure) 2020-08-10T08:19:56.684+0800: 205663.271: [ParNew: 737280K->81920K(737280K), 0.1190992 secs] 2400985K->1781491K(8306688K), 0.1192594 secs] [Times: user=0.64 sys=0.00, real=0.12 secs] 
2020-08-10T08:20:25.333+0800: 205691.921: [GC (Allocation Failure) 2020-08-10T08:20:25.334+0800: 205691.921: [ParNew: 737280K->81920K(737280K), 0.1250489 secs] 2436851K->1818640K(8306688K), 0.1252702 secs] [Times: user=0.63 sys=0.00, real=0.13 secs] 
2020-08-10T08:20:45.515+0800: 205712.103: [GC (Allocation Failure) 2020-08-10T08:20:45.515+0800: 205712.103: [ParNew: 737280K->81920K(737280K), 0.1259462 secs] 2474000K->1863647K(8306688K), 0.1261816 secs] [Times: user=0.78 sys=0.00, real=0.13 secs] 
2020-08-10T08:21:11.022+0800: 205737.609: [GC (Allocation Failure) 2020-08-10T08:21:11.022+0800: 205737.609: [ParNew: 737280K->81920K(737280K), 0.1066328 secs] 2519007K->1904724K(8306688K), 0.1068230 secs] [Times: user=0.66 sys=0.00, real=0.11 secs] 
2020-08-10T08:21:24.440+0800: 205751.027: [GC (Allocation Failure) 2020-08-10T08:21:24.440+0800: 205751.027: [ParNew: 737280K->81920K(737280K), 0.1085612 secs] 2560084K->1942378K(8306688K), 0.1087369 secs] [Times: user=0.72 sys=0.00, real=0.11 secs] 
2020-08-10T08:21:49.613+0800: 205776.200: [GC (Allocation Failure) 2020-08-10T08:21:49.613+0800: 205776.200: [ParNew: 737280K->81919K(737280K), 0.1640977 secs] 2597738K->2018327K(8306688K), 0.1643043 secs] [Times: user=0.69 sys=0.00, real=0.16 secs] 
2020-08-10T08:22:13.042+0800: 205799.629: [GC (Allocation Failure) 2020-08-10T08:22:13.042+0800: 205799.629: [ParNew: 737279K->59472K(737280K), 0.0838958 secs] 2673687K->2031101K(8306688K), 0.0840599 secs] [Times: user=0.52 sys=0.00, real=0.08 secs] 
2020-08-10T08:22:34.747+0800: 205821.334: [GC (Allocation Failure) 2020-08-10T08:22:34.747+0800: 205821.334: [ParNew: 714832K->53524K(737280K), 0.1022502 secs] 2686461K->2059682K(8306688K), 0.1024838 secs] [Times: user=0.45 sys=0.00, real=0.10 secs] 
2020-08-10T08:22:59.995+0800: 205846.582: [GC (Allocation Failure) 2020-08-10T08:22:59.995+0800: 205846.582: [ParNew: 708884K->81920K(737280K), 0.0716210 secs] 2715042K->2090231K(8306688K), 0.0718171 secs] [Times: user=0.45 sys=0.00, real=0.08 secs] 
2020-08-10T08:23:23.044+0800: 205869.631: [GC (Allocation Failure) 2020-08-10T08:23:23.044+0800: 205869.631: [ParNew: 737280K->81920K(737280K), 0.0933324 secs] 2745591K->2129906K(8306688K), 0.0935143 secs] [Times: user=0.58 sys=0.00, real=0.09 secs] 
2020-08-10T08:23:42.418+0800: 205889.005: [GC (Allocation Failure) 2020-08-10T08:23:42.418+0800: 205889.005: [ParNew: 737280K->81920K(737280K), 0.0974003 secs] 2785266K->2162265K(8306688K), 0.0976099 secs] [Times: user=0.51 sys=0.00, real=0.10 secs] 
2020-08-10T08:24:10.888+0800: 205917.475: [GC (Allocation Failure) 2020-08-10T08:24:10.888+0800: 205917.475: [ParNew: 737280K->81920K(737280K), 0.0947623 secs] 2817625K->2199069K(8306688K), 0.0949371 secs] [Times: user=0.55 sys=0.00, real=0.09 secs] 
2020-08-10T08:24:54.069+0800: 205960.657: [GC (Allocation Failure) 2020-08-10T08:24:54.069+0800: 205960.657: [ParNew: 737280K->81920K(737280K), 0.0822203 secs] 2854429K->2231740K(8306688K), 0.0824014 secs] [Times: user=0.51 sys=0.00, real=0.08 secs] 
2020-08-10T08:25:24.791+0800: 205991.379: [GC (Allocation Failure) 2020-08-10T08:25:24.792+0800: 205991.379: [ParNew: 737280K->81382K(737280K), 0.0822632 secs] 2887100K->2261880K(8306688K), 0.0824784 secs] [Times: user=0.45 sys=0.00, real=0.08 secs] 
2020-08-10T08:25:56.994+0800: 206023.581: [GC (Allocation Failure) 2020-08-10T08:25:56.994+0800: 206023.581: [ParNew: 736742K->61006K(737280K), 0.0770883 secs] 2917240K->2261381K(8306688K), 0.0773100 secs] [Times: user=0.39 sys=0.00, real=0.08 secs] 
2020-08-10T08:26:22.335+0800: 206048.922: [GC (Allocation Failure) 2020-08-10T08:26:22.335+0800: 206048.922: [ParNew: 716366K->79014K(737280K), 0.0845519 secs] 2916741K->2299147K(8306688K), 0.0847247 secs] [Times: user=0.50 sys=0.00, real=0.09 secs] 
2020-08-10T08:26:48.027+0800: 206074.614: [GC (Allocation Failure) 2020-08-10T08:26:48.027+0800: 206074.614: [ParNew: 734374K->72484K(737280K), 0.1019259 secs] 2954507K->2348970K(8306688K), 0.1021159 secs] [Times: user=0.62 sys=0.00, real=0.10 secs] 
2020-08-10T08:27:15.675+0800: 206102.262: [GC (Allocation Failure) 2020-08-10T08:27:15.675+0800: 206102.262: [ParNew: 727844K->36013K(737280K), 0.0657988 secs] 3004330K->2342012K(8306688K), 0.0659795 secs] [Times: user=0.39 sys=0.00, real=0.07 secs] 
2020-08-10T08:27:39.636+0800: 206126.223: [GC (Allocation Failure) 2020-08-10T08:27:39.636+0800: 206126.223: [ParNew: 691373K->64270K(737280K), 0.0507220 secs] 2997372K->2370269K(8306688K), 0.0509076 secs] [Times: user=0.29 sys=0.00, real=0.06 secs] 
2020-08-10T08:28:03.353+0800: 206149.940: [GC (Allocation Failure) 2020-08-10T08:28:03.353+0800: 206149.940: [ParNew: 719630K->81920K(737280K), 0.0749065 secs] 3025629K->2416981K(8306688K), 0.0750825 secs] [Times: user=0.49 sys=0.00, real=0.08 secs] 
2020-08-10T08:28:30.148+0800: 206176.735: [GC (Allocation Failure) 2020-08-10T08:28:30.148+0800: 206176.735: [ParNew: 737280K->76665K(737280K), 0.0815191 secs] 3072341K->2437885K(8306688K), 0.0817072 secs] [Times: user=0.48 sys=0.00, real=0.08 secs] 
2020-08-10T08:29:00.120+0800: 206206.708: [GC (Allocation Failure) 2020-08-10T08:29:00.120+0800: 206206.708: [ParNew: 732025K->81920K(737280K), 0.1136968 secs] 3093245K->2479226K(8306688K), 0.1139294 secs] [Times: user=0.61 sys=0.00, real=0.11 secs] 
2020-08-10T08:29:28.578+0800: 206235.165: [GC (Allocation Failure) 2020-08-10T08:29:28.578+0800: 206235.165: [ParNew: 737280K->76719K(737280K), 0.0798956 secs] 3134586K->2500242K(8306688K), 0.0800763 secs] [Times: user=0.45 sys=0.00, real=0.08 secs] 
2020-08-10T08:30:10.806+0800: 206277.394: [GC (Allocation Failure) 2020-08-10T08:30:10.807+0800: 206277.394: [ParNew: 732079K->79420K(737280K), 0.0826480 secs] 3155602K->2525983K(8306688K), 0.0828346 secs] [Times: user=0.40 sys=0.00, real=0.09 secs] 
2020-08-10T08:30:38.833+0800: 206305.420: [GC (Allocation Failure) 2020-08-10T08:30:38.833+0800: 206305.420: [ParNew: 734780K->81920K(737280K), 0.0785719 secs] 3181343K->2567807K(8306688K), 0.0788286 secs] [Times: user=0.48 sys=0.00, real=0.08 secs] 
2020-08-10T08:30:59.935+0800: 206326.522: [GC (Allocation Failure) 2020-08-10T08:30:59.935+0800: 206326.522: [ParNew: 737280K->79637K(737280K), 0.1049784 secs] 3223167K->2590572K(8306688K), 0.1051771 secs] [Times: user=0.63 sys=0.00, real=0.11 secs] 
2020-08-10T08:31:23.228+0800: 206349.815: [GC (Allocation Failure) 2020-08-10T08:31:23.228+0800: 206349.815: [ParNew: 734997K->78169K(737280K), 0.0807597 secs] 3245932K->2617700K(8306688K), 0.0809564 secs] [Times: user=0.52 sys=0.00, real=0.08 secs] 
2020-08-10T08:31:46.846+0800: 206373.433: [GC (Allocation Failure) 2020-08-10T08:31:46.846+0800: 206373.433: [ParNew: 733529K->77016K(737280K), 0.0824967 secs] 3273060K->2641541K(8306688K), 0.0826739 secs] [Times: user=0.47 sys=0.00, real=0.09 secs] 
2020-08-10T08:32:02.241+0800: 206388.829: [GC (Allocation Failure) 2020-08-10T08:32:02.241+0800: 206388.829: [ParNew: 732376K->81920K(737280K), 0.0871785 secs] 3296901K->2672219K(8306688K), 0.0874070 secs] [Times: user=0.57 sys=0.00, real=0.09 secs] 
2020-08-10T08:32:18.803+0800: 206405.390: [GC (Allocation Failure) 2020-08-10T08:32:18.803+0800: 206405.391: [ParNew: 737280K->81920K(737280K), 0.0997707 secs] 3327579K->2708432K(8306688K), 0.1011320 secs] [Times: user=0.60 sys=0.00, real=0.10 secs] 
2020-08-10T08:32:37.050+0800: 206423.637: [GC (Allocation Failure) 2020-08-10T08:32:37.050+0800: 206423.637: [ParNew: 737280K->81920K(737280K), 0.1044527 secs] 3363792K->2748342K(8306688K), 0.1046482 secs] [Times: user=0.70 sys=0.00, real=0.10 secs] 
2020-08-10T08:33:01.820+0800: 206448.407: [GC (Allocation Failure) 2020-08-10T08:33:01.820+0800: 206448.407: [ParNew: 737280K->81920K(737280K), 0.1013919 secs] 3403702K->2793062K(8306688K), 0.1015895 secs] [Times: user=0.58 sys=0.00, real=0.10 secs] 
2020-08-10T08:33:17.198+0800: 206463.785: [GC (Allocation Failure) 2020-08-10T08:33:17.198+0800: 206463.785: [ParNew: 737280K->81920K(737280K), 0.0969835 secs] 3448422K->2823712K(8306688K), 0.0971355 secs] [Times: user=0.58 sys=0.00, real=0.10 secs] 
2020-08-10T08:33:29.810+0800: 206476.397: [GC (Allocation Failure) 2020-08-10T08:33:29.810+0800: 206476.397: [ParNew: 737280K->81920K(737280K), 0.1052856 secs] 3479072K->2859984K(8306688K), 0.1054642 secs] [Times: user=0.64 sys=0.00, real=0.10 secs] 
2020-08-10T08:33:47.622+0800: 206494.209: [GC (Allocation Failure) 2020-08-10T08:33:47.622+0800: 206494.209: [ParNew: 737280K->81920K(737280K), 0.1149984 secs] 3515344K->2898931K(8306688K), 0.1152048 secs] [Times: user=0.66 sys=0.00, real=0.11 secs] 
2020-08-10T08:34:03.803+0800: 206510.390: [GC (Allocation Failure) 2020-08-10T08:34:03.803+0800: 206510.390: [ParNew: 737280K->81920K(737280K), 0.0983744 secs] 3554291K->2934528K(8306688K), 0.0985253 secs] [Times: user=0.64 sys=0.00, real=0.10 secs] 
2020-08-10T08:34:24.641+0800: 206531.228: [GC (Allocation Failure) 2020-08-10T08:34:24.641+0800: 206531.228: [ParNew: 737280K->81920K(737280K), 0.0965330 secs] 3589888K->2971074K(8306688K), 0.0967013 secs] [Times: user=0.58 sys=0.00, real=0.09 secs] 
2020-08-10T08:34:42.725+0800: 206549.313: [GC (Allocation Failure) 2020-08-10T08:34:42.725+0800: 206549.313: [ParNew: 737280K->81920K(737280K), 0.1091388 secs] 3626434K->3008236K(8306688K), 0.1093130 secs] [Times: user=0.63 sys=0.00, real=0.11 secs] 
2020-08-10T08:34:56.372+0800: 206562.960: [GC (Allocation Failure) 2020-08-10T08:34:56.373+0800: 206562.960: [ParNew: 737280K->81920K(737280K), 0.0983841 secs] 3663596K->3045399K(8306688K), 0.0985502 secs] [Times: user=0.61 sys=0.00, real=0.10 secs] 
2020-08-10T08:35:10.365+0800: 206576.952: [GC (Allocation Failure) 2020-08-10T08:35:10.365+0800: 206576.952: [ParNew: 737280K->81920K(737280K), 0.1101162 secs] 3700759K->3081368K(8306688K), 0.1103198 secs] [Times: user=0.60 sys=0.00, real=0.11 secs] 
2020-08-10T08:35:27.975+0800: 206594.562: [GC (Allocation Failure) 2020-08-10T08:35:27.975+0800: 206594.562: [ParNew: 737280K->81920K(737280K), 0.1028202 secs] 3736728K->3120155K(8306688K), 0.1029747 secs] [Times: user=0.59 sys=0.00, real=0.10 secs] 
2020-08-10T08:35:48.239+0800: 206614.826: [GC (Allocation Failure) 2020-08-10T08:35:48.239+0800: 206614.826: [ParNew: 737280K->81920K(737280K), 0.1016993 secs] 3775515K->3153224K(8306688K), 0.1018720 secs] [Times: user=0.69 sys=0.00, real=0.10 secs] 
2020-08-10T08:36:15.047+0800: 206641.634: [GC (Allocation Failure) 2020-08-10T08:36:15.047+0800: 206641.634: [ParNew: 737280K->81920K(737280K), 0.1017773 secs] 3808584K->3189571K(8306688K), 0.1019516 secs] [Times: user=0.58 sys=0.00, real=0.10 secs] 
2020-08-10T08:36:37.182+0800: 206663.769: [GC (Allocation Failure) 2020-08-10T08:36:37.182+0800: 206663.769: [ParNew: 737280K->81920K(737280K), 0.1034743 secs] 3844931K->3232103K(8306688K), 0.1036699 secs] [Times: user=0.53 sys=0.00, real=0.10 secs] 
2020-08-10T08:36:57.438+0800: 206684.026: [GC (Allocation Failure) 2020-08-10T08:36:57.439+0800: 206684.026: [ParNew: 737206K->81919K(737280K), 0.0924526 secs] 3887389K->3260351K(8306688K), 0.0926872 secs] [Times: user=0.57 sys=0.01, real=0.10 secs] 
2020-08-10T08:37:17.922+0800: 206704.509: [GC (Allocation Failure) 2020-08-10T08:37:17.922+0800: 206704.510: [ParNew: 737279K->81920K(737280K), 0.0836391 secs] 3915711K->3295072K(8306688K), 0.0838059 secs] [Times: user=0.48 sys=0.00, real=0.08 secs] 
2020-08-10T08:37:41.447+0800: 206728.035: [GC (Allocation Failure) 2020-08-10T08:37:41.447+0800: 206728.035: [ParNew: 737280K->81920K(737280K), 0.0804434 secs] 3950432K->3327603K(8306688K), 0.0806213 secs] [Times: user=0.44 sys=0.00, real=0.08 secs] 
2020-08-10T08:38:07.772+0800: 206754.359: [GC (Allocation Failure) 2020-08-10T08:38:07.772+0800: 206754.359: [ParNew: 737280K->80961K(737280K), 0.0844363 secs] 3982963K->3355202K(8306688K), 0.0846170 secs] [Times: user=0.52 sys=0.00, real=0.08 secs] 
2020-08-10T08:38:35.766+0800: 206782.353: [GC (Allocation Failure) 2020-08-10T08:38:35.766+0800: 206782.354: [ParNew: 736317K->76973K(737280K), 0.0872265 secs] 4010558K->3380759K(8306688K), 0.0873897 secs] [Times: user=0.55 sys=0.00, real=0.09 secs] 
2020-08-10T08:39:06.058+0800: 206812.645: [GC (Allocation Failure) 2020-08-10T08:39:06.058+0800: 206812.645: [ParNew: 732333K->70658K(737280K), 0.1037873 secs] 4036119K->3403515K(8306688K), 0.1039544 secs] [Times: user=0.62 sys=0.00, real=0.11 secs] 
2020-08-10T08:39:42.083+0800: 206848.670: [GC (Allocation Failure) 2020-08-10T08:39:42.083+0800: 206848.670: [ParNew: 726018K->78129K(737280K), 0.0792979 secs] 4058875K->3440469K(8306688K), 0.0794457 secs] [Times: user=0.45 sys=0.00, real=0.08 secs] 
2020-08-10T08:40:10.037+0800: 206876.624: [GC (Allocation Failure) 2020-08-10T08:40:10.037+0800: 206876.624: [ParNew: 733406K->81919K(737280K), 0.0874616 secs] 4095746K->3468501K(8306688K), 0.0876322 secs] [Times: user=0.46 sys=0.00, real=0.09 secs] 
2020-08-10T08:40:31.467+0800: 206898.055: [GC (Allocation Failure) 2020-08-10T08:40:31.467+0800: 206898.055: [ParNew: 737279K->81920K(737280K), 0.1086897 secs] 4123861K->3496454K(8306688K), 0.1089205 secs] [Times: user=0.52 sys=0.00, real=0.10 secs] 
2020-08-10T08:40:56.270+0800: 206922.858: [GC (Allocation Failure) 2020-08-10T08:40:56.270+0800: 206922.858: [ParNew: 737280K->81919K(737280K), 0.0999941 secs] 4151814K->3527282K(8306688K), 0.1001986 secs] [Times: user=0.56 sys=0.00, real=0.10 secs] 
2020-08-10T08:41:15.410+0800: 206941.997: [GC (Allocation Failure) 2020-08-10T08:41:15.410+0800: 206941.997: [ParNew: 737279K->81920K(737280K), 0.1019148 secs] 4182642K->3562165K(8306688K), 0.1021432 secs] [Times: user=0.55 sys=0.00, real=0.10 secs] 
2020-08-10T08:41:36.512+0800: 206963.100: [GC (Allocation Failure) 2020-08-10T08:41:36.512+0800: 206963.100: [ParNew: 737280K->81920K(737280K), 0.0936247 secs] 4217525K->3595053K(8306688K), 0.0938111 secs] [Times: user=0.55 sys=0.00, real=0.09 secs] 
2020-08-10T08:41:55.825+0800: 206982.412: [GC (Allocation Failure) 2020-08-10T08:41:55.825+0800: 206982.412: [ParNew: 737280K->81920K(737280K), 0.1115981 secs] 4250413K->3629826K(8306688K), 0.1117699 secs] [Times: user=0.58 sys=0.00, real=0.11 secs] 
2020-08-10T08:42:27.827+0800: 207014.414: [GC (Allocation Failure) 2020-08-10T08:42:27.827+0800: 207014.414: [ParNew: 737280K->81920K(737280K), 0.1006769 secs] 4285186K->3667136K(8306688K), 0.1008621 secs] [Times: user=0.53 sys=0.00, real=0.10 secs] 
2020-08-10T08:42:45.395+0800: 207031.982: [GC (Allocation Failure) 2020-08-10T08:42:45.395+0800: 207031.982: [ParNew: 737280K->81920K(737280K), 0.1293442 secs] 4322496K->3697172K(8306688K), 0.1295121 secs] [Times: user=0.84 sys=0.00, real=0.13 secs] 
2020-08-10T08:43:07.881+0800: 207054.468: [GC (Allocation Failure) 2020-08-10T08:43:07.881+0800: 207054.468: [ParNew: 737280K->81920K(737280K), 0.1169070 secs] 4352532K->3731625K(8306688K), 0.1171549 secs] [Times: user=0.57 sys=0.00, real=0.11 secs] 
2020-08-10T08:43:37.929+0800: 207084.517: [GC (Allocation Failure) 2020-08-10T08:43:37.930+0800: 207084.517: [ParNew: 737280K->81920K(737280K), 0.1024336 secs] 4386985K->3768485K(8306688K), 0.1026145 secs] [Times: user=0.57 sys=0.00, real=0.10 secs] 
2020-08-10T08:44:08.772+0800: 207115.359: [GC (Allocation Failure) 2020-08-10T08:44:08.772+0800: 207115.359: [ParNew: 737280K->81920K(737280K), 0.1274982 secs] 4423845K->3805682K(8306688K), 0.1276768 secs] [Times: user=0.68 sys=0.00, real=0.13 secs] 
2020-08-10T08:44:38.826+0800: 207145.413: [GC (Allocation Failure) 2020-08-10T08:44:38.829+0800: 207145.416: [ParNew: 737280K->67153K(737280K), 0.1001308 secs] 4461042K->3822801K(8306688K), 0.1029379 secs] [Times: user=0.51 sys=0.00, real=0.11 secs] 
2020-08-10T08:45:12.704+0800: 207179.292: [GC (Allocation Failure) 2020-08-10T08:45:12.705+0800: 207179.292: [ParNew: 722513K->77356K(737280K), 0.0696145 secs] 4478161K->3849018K(8306688K), 0.0697992 secs] [Times: user=0.42 sys=0.00, real=0.07 secs] 
2020-08-10T08:45:50.200+0800: 207216.788: [GC (Allocation Failure) 2020-08-10T08:45:50.200+0800: 207216.788: [ParNew: 732716K->81919K(737280K), 0.0783558 secs] 4504378K->3876512K(8306688K), 0.0785268 secs] [Times: user=0.52 sys=0.00, real=0.08 secs] 
2020-08-10T08:46:19.255+0800: 207245.842: [GC (Allocation Failure) 2020-08-10T08:46:19.255+0800: 207245.842: [ParNew: 737279K->81920K(737280K), 0.0841380 secs] 4531872K->3901986K(8306688K), 0.0843073 secs] [Times: user=0.45 sys=0.00, real=0.09 secs] 
2020-08-10T08:46:40.876+0800: 207267.464: [GC (Allocation Failure) 2020-08-10T08:46:40.876+0800: 207267.464: [ParNew: 737280K->78298K(737280K), 0.0909810 secs] 4557346K->3923767K(8306688K), 0.0911410 secs] [Times: user=0.49 sys=0.00, real=0.10 secs] 
2020-08-10T08:47:00.809+0800: 207287.397: [GC (Allocation Failure) 2020-08-10T08:47:00.809+0800: 207287.397: [ParNew: 733644K->81920K(737280K), 0.0949245 secs] 4579113K->3960144K(8306688K), 0.0951221 secs] [Times: user=0.54 sys=0.00, real=0.09 secs] 
2020-08-10T08:47:33.496+0800: 207320.083: [GC (Allocation Failure) 2020-08-10T08:47:33.496+0800: 207320.083: [ParNew: 737280K->81920K(737280K), 0.0880149 secs] 4615504K->3995069K(8306688K), 0.0881798 secs] [Times: user=0.58 sys=0.00, real=0.09 secs] 
2020-08-10T08:47:53.700+0800: 207340.288: [GC (Allocation Failure) 2020-08-10T08:47:53.700+0800: 207340.288: [ParNew: 737280K->81919K(737280K), 0.0861860 secs] 4650429K->4026925K(8306688K), 0.0863535 secs] [Times: user=0.49 sys=0.00, real=0.09 secs] 
2020-08-10T08:48:12.194+0800: 207358.782: [GC (Allocation Failure) 2020-08-10T08:48:12.195+0800: 207358.782: [ParNew: 737279K->81920K(737280K), 0.0998569 secs] 4682285K->4052679K(8306688K), 0.1001048 secs] [Times: user=0.43 sys=0.00, real=0.10 secs] 
2020-08-10T08:48:35.025+0800: 207381.612: [GC (Allocation Failure) 2020-08-10T08:48:35.025+0800: 207381.613: [ParNew: 737280K->81920K(737280K), 0.0861256 secs] 4708039K->4085585K(8306688K), 0.0862867 secs] [Times: user=0.54 sys=0.00, real=0.09 secs] 
2020-08-10T08:49:05.319+0800: 207411.907: [GC (Allocation Failure) 2020-08-10T08:49:05.319+0800: 207411.907: [ParNew: 737280K->81920K(737280K), 0.0841755 secs] 4740945K->4117204K(8306688K), 0.0843521 secs] [Times: user=0.50 sys=0.00, real=0.08 secs] 
2020-08-10T08:49:31.914+0800: 207438.502: [GC (Allocation Failure) 2020-08-10T08:49:31.914+0800: 207438.502: [ParNew: 737280K->72715K(737280K), 0.0800686 secs] 4772564K->4134064K(8306688K), 0.0802965 secs] [Times: user=0.42 sys=0.00, real=0.08 secs] 
2020-08-10T08:50:00.762+0800: 207467.349: [GC (Allocation Failure) 2020-08-10T08:50:00.762+0800: 207467.349: [ParNew: 728075K->73360K(737280K), 0.0866315 secs] 4789424K->4159826K(8306688K), 0.0868003 secs] [Times: user=0.46 sys=0.00, real=0.09 secs] 
2020-08-10T08:50:30.652+0800: 207497.239: [GC (Allocation Failure) 2020-08-10T08:50:30.652+0800: 207497.239: [ParNew: 728720K->76239K(737280K), 0.0790283 secs] 4815186K->4183719K(8306688K), 0.0791809 secs] [Times: user=0.43 sys=0.00, real=0.08 secs] 
2020-08-10T08:50:54.842+0800: 207521.429: [GC (Allocation Failure) 2020-08-10T08:50:54.842+0800: 207521.429: [ParNew: 731599K->70300K(737280K), 0.0717225 secs] 4839079K->4202598K(8306688K), 0.0719355 secs] [Times: user=0.40 sys=0.00, real=0.07 secs] 
2020-08-10T08:51:22.109+0800: 207548.696: [GC (Allocation Failure) 2020-08-10T08:51:22.109+0800: 207548.696: [ParNew: 725660K->73928K(737280K), 0.1077398 secs] 4857958K->4229059K(8306688K), 0.1079416 secs] [Times: user=0.39 sys=0.00, real=0.10 secs] 
2020-08-10T08:51:41.859+0800: 207568.446: [GC (Allocation Failure) 2020-08-10T08:51:41.859+0800: 207568.446: [ParNew: 729288K->74346K(737280K), 0.0863306 secs] 4884419K->4252308K(8306688K), 0.0865156 secs] [Times: user=0.47 sys=0.00, real=0.08 secs] 
2020-08-10T08:52:07.730+0800: 207594.317: [GC (Allocation Failure) 2020-08-10T08:52:07.730+0800: 207594.317: [ParNew: 729706K->76473K(737280K), 0.0780682 secs] 4907668K->4278086K(8306688K), 0.0782268 secs] [Times: user=0.51 sys=0.00, real=0.08 secs] 
2020-08-10T08:52:38.606+0800: 207625.194: [GC (Allocation Failure) 2020-08-10T08:52:38.606+0800: 207625.194: [ParNew: 731833K->75995K(737280K), 0.0891249 secs] 4933446K->4307395K(8306688K), 0.0893032 secs] [Times: user=0.54 sys=0.00, real=0.09 secs] 
2020-08-10T08:53:15.964+0800: 207662.551: [GC (Allocation Failure) 2020-08-10T08:53:15.964+0800: 207662.551: [ParNew: 731355K->81920K(737280K), 0.0987275 secs] 4962755K->4345703K(8306688K), 0.0989167 secs] [Times: user=0.46 sys=0.00, real=0.10 secs] 
2020-08-10T08:53:46.266+0800: 207692.854: [GC (Allocation Failure) 2020-08-10T08:53:46.266+0800: 207692.854: [ParNew: 737279K->78894K(737280K), 0.1350581 secs] 5001062K->4375364K(8306688K), 0.1352587 secs] [Times: user=0.83 sys=0.00, real=0.14 secs] 
2020-08-10T08:54:12.440+0800: 207719.028: [GC (Allocation Failure) 2020-08-10T08:54:12.440+0800: 207719.028: [ParNew: 734254K->74466K(737280K), 0.0713989 secs] 5030724K->4397263K(8306688K), 0.0715487 secs] [Times: user=0.43 sys=0.00, real=0.07 secs] 
2020-08-10T08:54:39.367+0800: 207745.954: [GC (Allocation Failure) 2020-08-10T08:54:39.367+0800: 207745.954: [ParNew: 729812K->71992K(737280K), 0.0892956 secs] 5052609K->4421143K(8306688K), 0.0894782 secs] [Times: user=0.44 sys=0.00, real=0.08 secs] 
2020-08-10T08:55:27.394+0800: 207793.981: [GC (Allocation Failure) 2020-08-10T08:55:27.394+0800: 207793.981: [ParNew: 727352K->81920K(737280K), 0.0789297 secs] 5076503K->4454769K(8306688K), 0.0791245 secs] [Times: user=0.41 sys=0.00, real=0.08 secs] 
2020-08-10T08:55:56.733+0800: 207823.320: [GC (Allocation Failure) 2020-08-10T08:55:56.733+0800: 207823.320: [ParNew: 737280K->81919K(737280K), 0.0688292 secs] 5110129K->4479401K(8306688K), 0.0690014 secs] [Times: user=0.41 sys=0.00, real=0.07 secs] 
2020-08-10T08:56:26.294+0800: 207852.882: [GC (Allocation Failure) 2020-08-10T08:56:26.294+0800: 207852.882: [ParNew: 737279K->80456K(737280K), 0.0780034 secs] 5134761K->4501465K(8306688K), 0.0782102 secs] [Times: user=0.51 sys=0.00, real=0.08 secs] 
2020-08-10T08:56:56.581+0800: 207883.168: [GC (Allocation Failure) 2020-08-10T08:56:56.581+0800: 207883.168: [ParNew: 735816K->77564K(737280K), 0.0866667 secs] 5156825K->4526715K(8306688K), 0.0868267 secs] [Times: user=0.58 sys=0.00, real=0.09 secs] 
2020-08-10T08:57:24.392+0800: 207910.979: [GC (Allocation Failure) 2020-08-10T08:57:24.392+0800: 207910.979: [ParNew: 732924K->81920K(737280K), 0.0974297 secs] 5182075K->4565079K(8306688K), 0.0976107 secs] [Times: user=0.54 sys=0.00, real=0.10 secs] 
2020-08-10T08:57:49.641+0800: 207936.228: [GC (Allocation Failure) 2020-08-10T08:57:49.641+0800: 207936.228: [ParNew: 737280K->81920K(737280K), 0.0972345 secs] 5220439K->4601498K(8306688K), 0.0974130 secs] [Times: user=0.47 sys=0.00, real=0.09 secs] 
2020-08-10T08:58:20.458+0800: 207967.045: [GC (Allocation Failure) 2020-08-10T08:58:20.458+0800: 207967.045: [ParNew: 737280K->81919K(737280K), 0.0947513 secs] 5256858K->4635131K(8306688K), 0.0949203 secs] [Times: user=0.43 sys=0.00, real=0.10 secs] 
2020-08-10T08:58:50.665+0800: 207997.252: [GC (Allocation Failure) 2020-08-10T08:58:50.665+0800: 207997.252: [ParNew: 737279K->81920K(737280K), 0.0924769 secs] 5290491K->4661238K(8306688K), 0.0926553 secs] [Times: user=0.47 sys=0.00, real=0.09 secs] 
2020-08-10T08:59:23.456+0800: 208030.043: [GC (Allocation Failure) 2020-08-10T08:59:23.456+0800: 208030.043: [ParNew: 737280K->81920K(737280K), 0.0954681 secs] 5316598K->4689027K(8306688K), 0.0956662 secs] [Times: user=0.54 sys=0.00, real=0.10 secs] 
2020-08-10T08:59:56.101+0800: 208062.689: [GC (Allocation Failure) 2020-08-10T08:59:56.101+0800: 208062.689: [ParNew: 737280K->81920K(737280K), 0.1020246 secs] 5344387K->4727481K(8306688K), 0.1021884 secs] [Times: user=0.68 sys=0.00, real=0.10 secs] 
2020-08-10T09:00:21.837+0800: 208088.424: [GC (Allocation Failure) 2020-08-10T09:00:21.837+0800: 208088.424: [ParNew: 737280K->81920K(737280K), 0.1066740 secs] 5382841K->4769852K(8306688K), 0.1068343 secs] [Times: user=0.59 sys=0.00, real=0.11 secs] 
2020-08-10T09:00:48.195+0800: 208114.782: [GC (Allocation Failure) 2020-08-10T09:00:48.195+0800: 208114.782: [ParNew: 737155K->81920K(737280K), 0.1002807 secs] 5425087K->4800803K(8306688K), 0.1004917 secs] [Times: user=0.56 sys=0.00, real=0.10 secs] 
2020-08-10T09:01:24.332+0800: 208150.919: [GC (Allocation Failure) 2020-08-10T09:01:24.332+0800: 208150.919: [ParNew: 737280K->81920K(737280K), 0.0987247 secs] 5456163K->4834410K(8306688K), 0.0989485 secs] [Times: user=0.56 sys=0.00, real=0.10 secs] 
2020-08-10T09:01:46.110+0800: 208172.697: [GC (Allocation Failure) 2020-08-10T09:01:46.110+0800: 208172.698: [ParNew: 737280K->79095K(737280K), 0.0816503 secs] 5489770K->4861067K(8306688K), 0.0818238 secs] [Times: user=0.54 sys=0.00, real=0.08 secs] 
2020-08-10T09:02:01.848+0800: 208188.435: [GC (Allocation Failure) 2020-08-10T09:02:01.848+0800: 208188.435: [ParNew: 734455K->80539K(737280K), 0.0892054 secs] 5516427K->4892250K(8306688K), 0.0893900 secs] [Times: user=0.48 sys=0.00, real=0.08 secs] 
2020-08-10T09:02:34.169+0800: 208220.756: [GC (Allocation Failure) 2020-08-10T09:02:34.169+0800: 208220.756: [ParNew: 735899K->81919K(737280K), 0.0946567 secs] 5547610K->4919167K(8306688K), 0.0948303 secs] [Times: user=0.51 sys=0.00, real=0.09 secs] 
2020-08-10T09:03:03.283+0800: 208249.871: [GC (Allocation Failure) 2020-08-10T09:03:03.284+0800: 208249.871: [ParNew: 737279K->78371K(737280K), 0.0990366 secs] 5574527K->4942987K(8306688K), 0.0992349 secs] [Times: user=0.48 sys=0.00, real=0.10 secs] 
2020-08-10T09:03:40.999+0800: 208287.586: [GC (Allocation Failure) 2020-08-10T09:03:40.999+0800: 208287.586: [ParNew: 733731K->72710K(737280K), 0.1017000 secs] 5598347K->4964826K(8306688K), 0.1019263 secs] [Times: user=0.54 sys=0.00, real=0.10 secs] 
2020-08-10T09:04:03.124+0800: 208309.711: [GC (Allocation Failure) 2020-08-10T09:04:03.124+0800: 208309.711: [ParNew: 728070K->78946K(737280K), 0.0933848 secs] 5620186K->4996978K(8306688K), 0.0936078 secs] [Times: user=0.57 sys=0.00, real=0.09 secs] 
2020-08-10T09:04:21.308+0800: 208327.895: [GC (Allocation Failure) 2020-08-10T09:04:21.308+0800: 208327.895: [ParNew: 734306K->81920K(737280K), 0.1246656 secs] 5652338K->5029082K(8306688K), 0.1248427 secs] [Times: user=0.62 sys=0.00, real=0.12 secs] 
2020-08-10T09:04:39.126+0800: 208345.713: [GC (Allocation Failure) 2020-08-10T09:04:39.126+0800: 208345.713: [ParNew: 737280K->81920K(737280K), 0.1041441 secs] 5684442K->5067807K(8306688K), 0.1043126 secs] [Times: user=0.61 sys=0.00, real=0.11 secs] 
2020-08-10T09:04:52.730+0800: 208359.317: [GC (Allocation Failure) 2020-08-10T09:04:52.730+0800: 208359.317: [ParNew: 737280K->81920K(737280K), 0.1086277 secs] 5723167K->5100611K(8306688K), 0.1087970 secs] [Times: user=0.67 sys=0.00, real=0.11 secs] 
2020-08-10T09:05:12.664+0800: 208379.251: [GC (Allocation Failure) 2020-08-10T09:05:12.664+0800: 208379.251: [ParNew: 737280K->81920K(737280K), 0.0939022 secs] 5755971K->5143444K(8306688K), 0.0940713 secs] [Times: user=0.56 sys=0.00, real=0.09 secs] 
2020-08-10T09:05:27.738+0800: 208394.325: [GC (Allocation Failure) 2020-08-10T09:05:27.738+0800: 208394.325: [ParNew: 737280K->81920K(737280K), 0.1018278 secs] 5798804K->5174022K(8306688K), 0.1019929 secs] [Times: user=0.60 sys=0.00, real=0.11 secs] 
2020-08-10T09:05:50.834+0800: 208417.421: [GC (Allocation Failure) 2020-08-10T09:05:50.834+0800: 208417.421: [ParNew: 737280K->81920K(737280K), 0.1057913 secs] 5829382K->5210973K(8306688K), 0.1059503 secs] [Times: user=0.55 sys=0.00, real=0.11 secs] 
2020-08-10T09:06:14.979+0800: 208441.567: [GC (Allocation Failure) 2020-08-10T09:06:14.980+0800: 208441.567: [ParNew: 737280K->81920K(737280K), 0.1056733 secs] 5866333K->5242454K(8306688K), 0.1058448 secs] [Times: user=0.60 sys=0.00, real=0.10 secs] 
2020-08-10T09:06:31.455+0800: 208458.043: [GC (Allocation Failure) 2020-08-10T09:06:31.456+0800: 208458.043: [ParNew: 737280K->76520K(737280K), 0.1393626 secs] 5897814K->5305475K(8306688K), 0.1395413 secs] [Times: user=0.71 sys=0.00, real=0.14 secs] 
2020-08-10T09:06:57.455+0800: 208484.043: [GC (Allocation Failure) 2020-08-10T09:06:57.456+0800: 208484.043: [ParNew: 731880K->77053K(737280K), 0.0701448 secs] 5960835K->5306008K(8306688K), 0.0703079 secs] [Times: user=0.37 sys=0.00, real=0.07 secs] 
2020-08-10T09:07:11.764+0800: 208498.351: [GC (Allocation Failure) 2020-08-10T09:07:11.764+0800: 208498.351: [ParNew: 732413K->81520K(737280K), 0.1059052 secs] 5961368K->5349404K(8306688K), 0.1060723 secs] [Times: user=0.62 sys=0.00, real=0.11 secs] 
2020-08-10T09:07:29.698+0800: 208516.285: [GC (Allocation Failure) 2020-08-10T09:07:29.698+0800: 208516.285: [ParNew: 736880K->81920K(737280K), 0.1006483 secs] 6004764K->5383523K(8306688K), 0.1008411 secs] [Times: user=0.65 sys=0.00, real=0.11 secs] 
2020-08-10T09:07:29.802+0800: 208516.389: [GC (CMS Initial Mark) [1 CMS-initial-mark: 5301603K(7569408K)] 5395269K(8306688K), 0.0088399 secs] [Times: user=0.04 sys=0.00, real=0.01 secs] 
2020-08-10T09:07:29.811+0800: 208516.398: [CMS-concurrent-mark-start]
2020-08-10T09:07:32.688+0800: 208519.275: [CMS-concurrent-mark: 2.877/2.877 secs] [Times: user=6.28 sys=0.06, real=2.88 secs] 
2020-08-10T09:07:32.688+0800: 208519.276: [CMS-concurrent-preclean-start]
2020-08-10T09:07:32.698+0800: 208519.285: [CMS-concurrent-preclean: 0.009/0.009 secs] [Times: user=0.00 sys=0.01, real=0.00 secs] 
2020-08-10T09:07:32.698+0800: 208519.285: [CMS-concurrent-abortable-preclean-start]
2020-08-10T09:07:35.358+0800: 208521.945: [CMS-concurrent-abortable-preclean: 2.260/2.660 secs] [Times: user=3.76 sys=0.49, real=2.66 secs] 
2020-08-10T09:07:35.359+0800: 208521.946: [GC (CMS Final Remark) [YG occupancy: 486704 K (737280 K)]2020-08-10T09:07:35.359+0800: 208521.946: [Rescan (parallel) , 0.0394420 secs]2020-08-10T09:07:35.398+0800: 208521.986: [weak refs processing, 0.0007754 secs]2020-08-10T09:07:35.399+0800: 208521.986: [class unloading, 0.0160809 secs]2020-08-10T09:07:35.415+0800: 208522.002: [scrub symbol table, 0.0062071 secs]2020-08-10T09:07:35.421+0800: 208522.009: [scrub string table, 0.0008643 secs][1 CMS-remark: 5301603K(7569408K)] 5788307K(8306688K), 0.0636914 secs] [Times: user=0.30 sys=0.01, real=0.06 secs] 
2020-08-10T09:07:35.423+0800: 208522.010: [CMS-concurrent-sweep-start]
2020-08-10T09:07:37.853+0800: 208524.441: [CMS-concurrent-sweep: 2.431/2.431 secs] [Times: user=3.21 sys=0.17, real=2.43 secs] 
2020-08-10T09:07:37.853+0800: 208524.441: [CMS-concurrent-reset-start]
2020-08-10T09:07:37.881+0800: 208524.468: [CMS-concurrent-reset: 0.028/0.028 secs] [Times: user=0.03 sys=0.00, real=0.03 secs] 
2020-08-10T09:07:40.497+0800: 208527.084: [GC (Allocation Failure) 2020-08-10T09:07:40.497+0800: 208527.084: [ParNew: 737280K->72833K(737280K), 0.1670322 secs] 5568189K->4977632K(8306688K), 0.1671938 secs] [Times: user=0.75 sys=0.00, real=0.17 secs] 
2020-08-10T09:07:49.398+0800: 208535.985: [GC (Allocation Failure) 2020-08-10T09:07:49.398+0800: 208535.985: [ParNew: 728193K->58235K(737280K), 0.0947694 secs] 5632992K->5006727K(8306688K), 0.0949436 secs] [Times: user=0.64 sys=0.00, real=0.10 secs] 
2020-08-10T09:07:57.045+0800: 208543.633: [GC (Allocation Failure) 2020-08-10T09:07:57.045+0800: 208543.633: [ParNew: 713595K->62862K(737280K), 0.0976236 secs] 5662087K->5054226K(8306688K), 0.0978490 secs] [Times: user=0.59 sys=0.00, real=0.10 secs] 
2020-08-10T09:08:01.713+0800: 208548.300: [GC (Allocation Failure) 2020-08-10T09:08:01.713+0800: 208548.300: [ParNew: 718222K->81920K(737280K), 1.0452446 secs] 5709586K->5337430K(8306688K), 1.0454124 secs] [Times: user=6.97 sys=0.00, real=1.04 secs] 
2020-08-10T09:08:03.194+0800: 208549.781: [GC (Allocation Failure) 2020-08-10T09:08:03.194+0800: 208549.781: [ParNew: 737280K->72532K(737280K), 0.2150651 secs] 5992790K->5409645K(8306688K), 0.2152232 secs] [Times: user=1.43 sys=0.00, real=0.22 secs] 
2020-08-10T09:08:03.411+0800: 208549.998: [GC (CMS Initial Mark) [1 CMS-initial-mark: 5337113K(7569408K)] 5417168K(8306688K), 0.0009854 secs] [Times: user=0.00 sys=0.00, real=0.00 secs] 
2020-08-10T09:08:03.412+0800: 208549.999: [CMS-concurrent-mark-start]
2020-08-10T09:08:03.865+0800: 208550.452: [GC (Allocation Failure) 2020-08-10T09:08:03.865+0800: 208550.452: [ParNew: 727892K->18137K(737280K), 0.0122599 secs] 6065005K->5355250K(8306688K), 0.0124249 secs] [Times: user=0.08 sys=0.00, real=0.01 secs] 
2020-08-10T09:08:04.341+0800: 208550.929: [GC (Allocation Failure) 2020-08-10T09:08:04.342+0800: 208550.929: [ParNew: 673497K->4546K(737280K), 0.0092655 secs] 6010610K->5341660K(8306688K), 0.0094427 secs] [Times: user=0.07 sys=0.00, real=0.01 secs] 
2020-08-10T09:08:04.777+0800: 208551.365: [GC (Allocation Failure) 2020-08-10T09:08:04.777+0800: 208551.365: [ParNew: 659906K->1150K(737280K), 0.0201956 secs] 5997020K->5338264K(8306688K), 0.0203614 secs] [Times: user=0.14 sys=0.00, real=0.02 secs] 
2020-08-10T09:08:05.294+0800: 208551.882: [GC (Allocation Failure) 2020-08-10T09:08:05.295+0800: 208551.882: [ParNew: 656510K->301K(737280K), 0.0139780 secs] 5993624K->5337415K(8306688K), 0.0141267 secs] [Times: user=0.09 sys=0.00, real=0.02 secs] 
2020-08-10T09:08:05.796+0800: 208552.383: [GC (Allocation Failure) 2020-08-10T09:08:05.796+0800: 208552.383: [ParNew: 655661K->117K(737280K), 0.0120816 secs] 5992775K->5337231K(8306688K), 0.0122242 secs] [Times: user=0.08 sys=0.00, real=0.02 secs] 
2020-08-10T09:08:06.235+0800: 208552.822: [GC (Allocation Failure) 2020-08-10T09:08:06.235+0800: 208552.822: [ParNew: 655477K->121K(737280K), 0.0128529 secs] 5992591K->5337256K(8306688K), 0.0129950 secs] [Times: user=0.07 sys=0.00, real=0.02 secs] 
2020-08-10T09:08:06.830+0800: 208553.417: [GC (Allocation Failure) 2020-08-10T09:08:06.830+0800: 208553.417: [ParNew: 655481K->35K(737280K), 0.0135638 secs] 5992616K->5337212K(8306688K), 0.0137400 secs] [Times: user=0.09 sys=0.00, real=0.01 secs] 
2020-08-10T09:08:07.281+0800: 208553.868: [GC (Allocation Failure) 2020-08-10T09:08:07.281+0800: 208553.868: [ParNew: 655395K->16K(737280K), 0.0139557 secs] 5992572K->5337204K(8306688K), 0.0141108 secs] [Times: user=0.09 sys=0.00, real=0.01 secs] 
2020-08-10T09:08:07.717+0800: 208554.305: [GC (Allocation Failure) 2020-08-10T09:08:07.717+0800: 208554.305: [ParNew: 655376K->22K(737280K), 0.0330228 secs] 5992564K->5337210K(8306688K), 0.0331977 secs] [Times: user=0.19 sys=0.00, real=0.04 secs] 
2020-08-10T09:08:08.149+0800: 208554.737: [GC (Allocation Failure) 2020-08-10T09:08:08.150+0800: 208554.737: [ParNew: 655382K->20K(737280K), 0.0094030 secs] 5992570K->5337208K(8306688K), 0.0095518 secs] [Times: user=0.07 sys=0.00, real=0.01 secs] 
2020-08-10T09:08:08.564+0800: 208555.151: [GC (Allocation Failure) 2020-08-10T09:08:08.564+0800: 208555.151: [ParNew: 655380K->22K(737280K), 0.0141982 secs] 5992568K->5337210K(8306688K), 0.0143516 secs] [Times: user=0.10 sys=0.00, real=0.01 secs] 
2020-08-10T09:08:08.668+0800: 208555.255: [CMS-concurrent-mark: 5.078/5.256 secs] [Times: user=16.32 sys=0.00, real=5.26 secs] 
2020-08-10T09:08:08.668+0800: 208555.255: [CMS-concurrent-preclean-start]
2020-08-10T09:08:08.678+0800: 208555.265: [CMS-concurrent-preclean: 0.010/0.010 secs] [Times: user=0.02 sys=0.00, real=0.00 secs] 
2020-08-10T09:08:08.678+0800: 208555.265: [CMS-concurrent-abortable-preclean-start]
2020-08-10T09:08:08.968+0800: 208555.556: [GC (Allocation Failure) 2020-08-10T09:08:08.968+0800: 208555.556: [ParNew: 655382K->18K(737280K), 0.0129116 secs] 5992570K->5337207K(8306688K), 0.0130873 secs] [Times: user=0.08 sys=0.00, real=0.01 secs] 
2020-08-10T09:08:09.309+0800: 208555.896: [CMS-concurrent-abortable-preclean: 0.058/0.631 secs] [Times: user=0.76 sys=0.00, real=0.64 secs] 
2020-08-10T09:08:09.310+0800: 208555.897: [GC (CMS Final Remark) [YG occupancy: 549093 K (737280 K)]2020-08-10T09:08:09.310+0800: 208555.897: [Rescan (parallel) , 0.0416376 secs]2020-08-10T09:08:09.352+0800: 208555.939: [weak refs processing, 0.0001078 secs]2020-08-10T09:08:09.352+0800: 208555.939: [class unloading, 0.0159516 secs]2020-08-10T09:08:09.368+0800: 208555.955: [scrub symbol table, 0.0060610 secs]2020-08-10T09:08:09.374+0800: 208555.961: [scrub string table, 0.0008889 secs][1 CMS-remark: 5337189K(7569408K)] 5886282K(8306688K), 0.0648088 secs] [Times: user=0.32 sys=0.00, real=0.06 secs] 
2020-08-10T09:08:09.375+0800: 208555.962: [CMS-concurrent-sweep-start]
2020-08-10T09:08:09.449+0800: 208556.037: [GC (Allocation Failure) 2020-08-10T09:08:09.450+0800: 208556.037: [ParNew: 655378K->20K(737280K), 0.0095279 secs] 5990538K->5335180K(8306688K), 0.0096743 secs] [Times: user=0.08 sys=0.00, real=0.01 secs] 
2020-08-10T09:08:09.891+0800: 208556.478: [GC (Allocation Failure) 2020-08-10T09:08:09.891+0800: 208556.478: [ParNew: 655380K->20K(737280K), 0.0124724 secs] 5951814K->5296455K(8306688K), 0.0126291 secs] [Times: user=0.08 sys=0.00, real=0.01 secs] 
2020-08-10T09:08:10.314+0800: 208556.901: [GC (Allocation Failure) 2020-08-10T09:08:10.314+0800: 208556.901: [ParNew: 655380K->31K(737280K), 0.0143204 secs] 5884176K->5228836K(8306688K), 0.0144699 secs] [Times: user=0.09 sys=0.00, real=0.02 secs] 
2020-08-10T09:08:10.735+0800: 208557.322: [GC (Allocation Failure) 2020-08-10T09:08:10.735+0800: 208557.323: [ParNew: 655391K->31K(737280K), 0.0154173 secs] 5817238K->5161878K(8306688K), 0.0155933 secs] [Times: user=0.09 sys=0.00, real=0.02 secs] 
2020-08-10T09:08:11.176+0800: 208557.764: [GC (Allocation Failure) 2020-08-10T09:08:11.176+0800: 208557.764: [ParNew: 655391K->33K(737280K), 0.0174095 secs] 5704084K->5048726K(8306688K), 0.0175684 secs] [Times: user=0.10 sys=0.00, real=0.02 secs] 
2020-08-10T09:08:11.786+0800: 208558.373: [GC (Allocation Failure) 2020-08-10T09:08:11.786+0800: 208558.374: [ParNew: 655393K->31K(737280K), 0.0095850 secs] 5621399K->4966038K(8306688K), 0.0097389 secs] [Times: user=0.07 sys=0.00, real=0.01 secs] 
2020-08-10T09:08:12.408+0800: 208558.995: [GC (Allocation Failure) 2020-08-10T09:08:12.408+0800: 208558.996: [ParNew: 655391K->34K(737280K), 0.0382449 secs] 5524720K->4869363K(8306688K), 0.0384276 secs] [Times: user=0.09 sys=0.00, real=0.04 secs] 
2020-08-10T09:08:12.536+0800: 208559.124: [CMS-concurrent-sweep: 3.036/3.161 secs] [Times: user=6.68 sys=0.00, real=3.16 secs] 
2020-08-10T09:08:12.537+0800: 208559.124: [CMS-concurrent-reset-start]
2020-08-10T09:08:12.565+0800: 208559.153: [CMS-concurrent-reset: 0.029/0.029 secs] [Times: user=0.05 sys=0.00, real=0.03 secs] 
2020-08-10T09:08:12.899+0800: 208559.486: [GC (Allocation Failure) 2020-08-10T09:08:12.899+0800: 208559.486: [ParNew: 655394K->31K(737280K), 0.0283668 secs] 5509788K->4854425K(8306688K), 0.0285216 secs] [Times: user=0.20 sys=0.00, real=0.03 secs] 
2020-08-10T09:08:13.336+0800: 208559.923: [GC (Allocation Failure) 2020-08-10T09:08:13.336+0800: 208559.923: [ParNew: 655391K->18K(737280K), 0.0134061 secs] 5509785K->4854432K(8306688K), 0.0135492 secs] [Times: user=0.09 sys=0.00, real=0.02 secs] 
2020-08-10T09:08:13.768+0800: 208560.355: [GC (Allocation Failure) 2020-08-10T09:08:13.768+0800: 208560.355: [ParNew: 655378K->16K(737280K), 0.0136777 secs] 5509792K->4854430K(8306688K), 0.0138463 secs] [Times: user=0.09 sys=0.00, real=0.01 secs] 
2020-08-10T09:08:14.185+0800: 208560.772: [GC (Allocation Failure) 2020-08-10T09:08:14.185+0800: 208560.772: [ParNew: 655376K->16K(737280K), 0.0251317 secs] 5509790K->4854432K(8306688K), 0.0253044 secs] [Times: user=0.14 sys=0.00, real=0.03 secs] 
2020-08-10T09:08:14.594+0800: 208561.181: [GC (Allocation Failure) 2020-08-10T09:08:14.594+0800: 208561.181: [ParNew: 655376K->16K(737280K), 0.0106352 secs] 5509792K->4854432K(8306688K), 0.0107848 secs] [Times: user=0.07 sys=0.00, real=0.01 secs] 
2020-08-10T09:08:15.003+0800: 208561.591: [GC (Allocation Failure) 2020-08-10T09:08:15.004+0800: 208561.591: [ParNew: 655376K->14K(737280K), 0.0095431 secs] 5509792K->4854431K(8306688K), 0.0096897 secs] [Times: user=0.06 sys=0.00, real=0.01 secs] 
2020-08-10T09:08:15.416+0800: 208562.003: [GC (Allocation Failure) 2020-08-10T09:08:15.416+0800: 208562.003: [ParNew: 655374K->16K(737280K), 0.0095885 secs] 5509791K->4854433K(8306688K), 0.0097563 secs] [Times: user=0.07 sys=0.00, real=0.01 secs] 
2020-08-10T09:08:15.822+0800: 208562.409: [GC (Allocation Failure) 2020-08-10T09:08:15.822+0800: 208562.409: [ParNew: 655376K->16K(737280K), 0.0108409 secs] 5509793K->4854433K(8306688K), 0.0109944 secs] [Times: user=0.07 sys=0.00, real=0.01 secs] 
2020-08-10T09:08:16.223+0800: 208562.810: [GC (Allocation Failure) 2020-08-10T09:08:16.223+0800: 208562.810: [ParNew: 655376K->16K(737280K), 0.0090073 secs] 5509793K->4854433K(8306688K), 0.0091536 secs] [Times: user=0.07 sys=0.00, real=0.01 secs] 
2020-08-10T09:08:16.633+0800: 208563.220: [GC (Allocation Failure) 2020-08-10T09:08:16.633+0800: 208563.220: [ParNew: 655376K->16K(737280K), 0.0285614 secs] 5509793K->4854433K(8306688K), 0.0287218 secs] [Times: user=0.16 sys=0.00, real=0.03 secs] 
2020-08-10T09:08:17.103+0800: 208563.691: [GC (Allocation Failure) 2020-08-10T09:08:17.103+0800: 208563.691: [ParNew: 655376K->14K(737280K), 0.0243873 secs] 5509793K->4854432K(8306688K), 0.0245900 secs] [Times: user=0.15 sys=0.00, real=0.03 secs] 
2020-08-10T09:08:17.542+0800: 208564.129: [GC (Allocation Failure) 2020-08-10T09:08:17.542+0800: 208564.129: [ParNew: 655374K->16K(737280K), 0.0093981 secs] 5509792K->4854434K(8306688K), 0.0095469 secs] [Times: user=0.07 sys=0.00, real=0.01 secs] 
2020-08-10T09:08:17.986+0800: 208564.573: [GC (Allocation Failure) 2020-08-10T09:08:17.986+0800: 208564.573: [ParNew: 655376K->16K(737280K), 0.0103118 secs] 5509794K->4854434K(8306688K), 0.0104612 secs] [Times: user=0.08 sys=0.00, real=0.01 secs] 
2020-08-10T09:08:18.413+0800: 208565.000: [GC (Allocation Failure) 2020-08-10T09:08:18.413+0800: 208565.001: [ParNew: 655376K->16K(737280K), 0.0093872 secs] 5509794K->4854434K(8306688K), 0.0096058 secs] [Times: user=0.07 sys=0.00, real=0.01 secs] 
2020-08-10T09:08:18.828+0800: 208565.416: [GC (Allocation Failure) 2020-08-10T09:08:18.828+0800: 208565.416: [ParNew: 655376K->14K(737280K), 0.0094133 secs] 5509794K->4854433K(8306688K), 0.0095805 secs] [Times: user=0.07 sys=0.00, real=0.00 secs] 
2020-08-10T09:08:19.269+0800: 208565.856: [GC (Allocation Failure) 2020-08-10T09:08:19.269+0800: 208565.856: [ParNew: 655374K->16K(737280K), 0.0152870 secs] 5509793K->4854436K(8306688K), 0.0154526 secs] [Times: user=0.08 sys=0.00, real=0.01 secs] 
2020-08-10T09:08:19.707+0800: 208566.294: [GC (Allocation Failure) 2020-08-10T09:08:19.707+0800: 208566.294: [ParNew: 655376K->16K(737280K), 0.0096321 secs] 5509796K->4854437K(8306688K), 0.0097899 secs] [Times: user=0.07 sys=0.00, real=0.00 secs] 
2020-08-10T09:08:20.187+0800: 208566.774: [GC (Allocation Failure) 2020-08-10T09:08:20.187+0800: 208566.774: [ParNew: 655376K->16K(737280K), 0.0093106 secs] 5509797K->4854437K(8306688K), 0.0094860 secs] [Times: user=0.07 sys=0.00, real=0.00 secs] 
2020-08-10T09:08:20.643+0800: 208567.230: [GC (Allocation Failure) 2020-08-10T09:08:20.643+0800: 208567.230: [ParNew: 655376K->16K(737280K), 0.0096643 secs] 5509797K->4854437K(8306688K), 0.0098158 secs] [Times: user=0.07 sys=0.00, real=0.01 secs] 
2020-08-10T09:08:21.103+0800: 208567.690: [GC (Allocation Failure) 2020-08-10T09:08:21.103+0800: 208567.690: [ParNew: 655376K->16K(737280K), 0.0101450 secs] 5509797K->4854437K(8306688K), 0.0103135 secs] [Times: user=0.08 sys=0.00, real=0.01 secs] 
2020-08-10T09:08:21.553+0800: 208568.140: [GC (Allocation Failure) 2020-08-10T09:08:21.553+0800: 208568.140: [ParNew: 655376K->14K(737280K), 0.0132888 secs] 5509797K->4854435K(8306688K), 0.0134611 secs] [Times: user=0.09 sys=0.00, real=0.01 secs] 
2020-08-10T09:08:22.004+0800: 208568.591: [GC (Allocation Failure) 2020-08-10T09:08:22.004+0800: 208568.591: [ParNew: 655374K->16K(737280K), 0.0095519 secs] 5509795K->4854437K(8306688K), 0.0097380 secs] [Times: user=0.07 sys=0.00, real=0.01 secs] 
2020-08-10T09:08:30.180+0800: 208576.767: [GC (Allocation Failure) 2020-08-10T09:08:30.180+0800: 208576.767: [ParNew: 655376K->3876K(737280K), 0.0215716 secs] 5509797K->4858298K(8306688K), 0.0217400 secs] [Times: user=0.13 sys=0.00, real=0.02 secs] 
2020-08-10T09:09:24.309+0800: 208630.896: [GC (Allocation Failure) 2020-08-10T09:09:24.309+0800: 208630.896: [ParNew: 659209K->15428K(737280K), 0.0240303 secs] 5513631K->4869849K(8306688K), 0.0242021 secs] [Times: user=0.09 sys=0.00, real=0.02 secs] 
2020-08-10T09:10:33.068+0800: 208699.655: [GC (Allocation Failure) 2020-08-10T09:10:33.068+0800: 208699.655: [ParNew: 670788K->9966K(737280K), 0.0240871 secs] 5525209K->4864388K(8306688K), 0.0242495 secs] [Times: user=0.09 sys=0.00, real=0.02 secs] 
2020-08-10T09:12:43.026+0800: 208829.613: [GC (Allocation Failure) 2020-08-10T09:12:43.029+0800: 208829.617: [ParNew: 665326K->13294K(737280K), 0.0499495 secs] 5519748K->4867716K(8306688K), 0.0535591 secs] [Times: user=0.22 sys=0.00, real=0.06 secs] 
2020-08-10T09:15:08.133+0800: 208974.720: [GC (Allocation Failure) 2020-08-10T09:15:08.133+0800: 208974.720: [ParNew: 668654K->11055K(737280K), 0.0255427 secs] 5523076K->4865478K(8306688K), 0.0257110 secs] [Times: user=0.12 sys=0.00, real=0.03 secs] 
2020-08-10T09:17:09.776+0800: 209096.363: [GC (Allocation Failure) 2020-08-10T09:17:09.776+0800: 209096.363: [ParNew: 666329K->11068K(737280K), 0.0244837 secs] 5520751K->4865491K(8306688K), 0.0246539 secs] [Times: user=0.10 sys=0.01, real=0.03 secs] 
2020-08-10T09:19:06.328+0800: 209212.915: [GC (Allocation Failure) 2020-08-10T09:19:06.336+0800: 209212.923: [ParNew: 666428K->12485K(737280K), 0.0366169 secs] 5520851K->4867769K(8306688K), 0.0440486 secs] [Times: user=0.14 sys=0.00, real=0.04 secs] 
2020-08-10T09:21:37.322+0800: 209363.909: [GC (Allocation Failure) 2020-08-10T09:21:37.322+0800: 209363.909: [ParNew: 667845K->12371K(737280K), 0.0326707 secs] 5523129K->4867774K(8306688K), 0.0328414 secs] [Times: user=0.10 sys=0.00, real=0.03 secs] 
2020-08-10T09:23:12.749+0800: 209459.336: [GC (Allocation Failure) 2020-08-10T09:23:12.749+0800: 209459.336: [ParNew: 667731K->11416K(737280K), 0.0646924 secs] 5523134K->4866985K(8306688K), 0.0648609 secs] [Times: user=0.37 sys=0.00, real=0.06 secs] 
2020-08-10T09:24:28.849+0800: 209535.436: [GC (Allocation Failure) 2020-08-10T09:24:28.849+0800: 209535.436: [ParNew: 666776K->11280K(737280K), 0.0248837 secs] 5522345K->4867070K(8306688K), 0.0250589 secs] [Times: user=0.10 sys=0.00, real=0.02 secs] 
2020-08-10T09:26:21.612+0800: 209648.199: [GC (Allocation Failure) 2020-08-10T09:26:21.612+0800: 209648.200: [ParNew: 666640K->11182K(737280K), 0.0258248 secs] 5522430K->4867156K(8306688K), 0.0259968 secs] [Times: user=0.12 sys=0.00, real=0.02 secs] 
2020-08-10T09:27:47.555+0800: 209734.142: [GC (Allocation Failure) 2020-08-10T09:27:47.555+0800: 209734.143: [ParNew: 666542K->12589K(737280K), 0.0314384 secs] 5522516K->4868783K(8306688K), 0.0316073 secs] [Times: user=0.14 sys=0.00, real=0.04 secs] 
2020-08-10T09:29:02.851+0800: 209809.438: [GC (Allocation Failure) 2020-08-10T09:29:02.851+0800: 209809.438: [ParNew: 667949K->12177K(737280K), 0.0284328 secs] 5524143K->4868439K(8306688K), 0.0286346 secs] [Times: user=0.10 sys=0.00, real=0.03 secs] 
2020-08-10T09:30:12.211+0800: 209878.799: [GC (Allocation Failure) 2020-08-10T09:30:12.212+0800: 209878.799: [ParNew: 667537K->12061K(737280K), 0.0374609 secs] 5523799K->4868499K(8306688K), 0.0376520 secs] [Times: user=0.13 sys=0.00, real=0.04 secs] 
2020-08-10T09:31:01.603+0800: 209928.191: [GC (Allocation Failure) 2020-08-10T09:31:01.603+0800: 209928.191: [ParNew: 667421K->11619K(737280K), 0.0666048 secs] 5523859K->4868144K(8306688K), 0.0668069 secs] [Times: user=0.20 sys=0.00, real=0.07 secs] 
2020-08-10T09:32:07.234+0800: 209993.821: [GC (Allocation Failure) 2020-08-10T09:32:07.234+0800: 209993.821: [ParNew: 666979K->12452K(737280K), 0.0368393 secs] 5523504K->4869116K(8306688K), 0.0370161 secs] [Times: user=0.17 sys=0.00, real=0.04 secs] 
2020-08-10T09:33:17.747+0800: 210064.334: [GC (Allocation Failure) 2020-08-10T09:33:17.747+0800: 210064.334: [ParNew: 667812K->12379K(737280K), 0.0214792 secs] 5524476K->4869200K(8306688K), 0.0216442 secs] [Times: user=0.10 sys=0.01, real=0.02 secs] 
2020-08-10T09:34:59.289+0800: 210165.877: [GC (Allocation Failure) 2020-08-10T09:34:59.289+0800: 210165.877: [ParNew: 667739K->12007K(737280K), 0.0212284 secs] 5524560K->4869097K(8306688K), 0.0214018 secs] [Times: user=0.10 sys=0.00, real=0.02 secs] 
2020-08-10T09:36:46.780+0800: 210273.367: [GC (Allocation Failure) 2020-08-10T09:36:46.780+0800: 210273.367: [ParNew: 667367K->12153K(737280K), 0.0263427 secs] 5524457K->4869649K(8306688K), 0.0265115 secs] [Times: user=0.12 sys=0.00, real=0.03 secs] 
2020-08-10T09:38:42.601+0800: 210389.188: [GC (Allocation Failure) 2020-08-10T09:38:42.601+0800: 210389.188: [ParNew: 667513K->13222K(737280K), 0.0337145 secs] 5525009K->4870787K(8306688K), 0.0339161 secs] [Times: user=0.13 sys=0.00, real=0.03 secs] 
2020-08-10T09:39:57.338+0800: 210463.925: [GC (Allocation Failure) 2020-08-10T09:39:57.338+0800: 210463.925: [ParNew: 668582K->11287K(737280K), 0.0241635 secs] 5526147K->4869011K(8306688K), 0.0244035 secs] [Times: user=0.09 sys=0.00, real=0.03 secs] 
2020-08-10T09:41:46.587+0800: 210573.174: [GC (Allocation Failure) 2020-08-10T09:41:46.587+0800: 210573.174: [ParNew: 666647K->12973K(737280K), 0.0407614 secs] 5524371K->4870875K(8306688K), 0.0409657 secs] [Times: user=0.10 sys=0.00, real=0.04 secs] 
2020-08-10T09:42:55.408+0800: 210641.995: [GC (Allocation Failure) 2020-08-10T09:42:55.408+0800: 210641.995: [ParNew: 668333K->12933K(737280K), 0.0352610 secs] 5526235K->4870972K(8306688K), 0.0354273 secs] [Times: user=0.10 sys=0.02, real=0.03 secs] 
2020-08-10T09:44:29.609+0800: 210736.196: [GC (Allocation Failure) 2020-08-10T09:44:29.609+0800: 210736.197: [ParNew: 668293K->12747K(737280K), 0.0290296 secs] 5526332K->4870793K(8306688K), 0.0291876 secs] [Times: user=0.12 sys=0.00, real=0.03 secs] 
2020-08-10T09:45:33.777+0800: 210800.365: [GC (Allocation Failure) 2020-08-10T09:45:33.778+0800: 210800.365: [ParNew: 668107K->14889K(737280K), 0.0576507 secs] 5526153K->4873054K(8306688K), 0.0578418 secs] [Times: user=0.20 sys=0.00, real=0.06 secs] 
2020-08-10T09:46:31.738+0800: 210858.325: [GC (Allocation Failure) 2020-08-10T09:46:31.738+0800: 210858.325: [ParNew: 670249K->13401K(737280K), 0.0265706 secs] 5528414K->4871664K(8306688K), 0.0267491 secs] [Times: user=0.10 sys=0.00, real=0.03 secs] 
2020-08-10T09:47:24.738+0800: 210911.325: [GC (Allocation Failure) 2020-08-10T09:47:24.738+0800: 210911.326: [ParNew: 668761K->13038K(737280K), 0.0198918 secs] 5527024K->4871609K(8306688K), 0.0200546 secs] [Times: user=0.10 sys=0.00, real=0.02 secs] 
2020-08-10T09:48:40.911+0800: 210987.498: [GC (Allocation Failure) 2020-08-10T09:48:40.911+0800: 210987.498: [ParNew: 668398K->15676K(737280K), 0.0327723 secs] 5526969K->4874663K(8306688K), 0.0329544 secs] [Times: user=0.11 sys=0.00, real=0.03 secs] 
2020-08-10T09:49:46.859+0800: 211053.446: [GC (Allocation Failure) 2020-08-10T09:49:46.859+0800: 211053.447: [ParNew: 671036K->11795K(737280K), 0.0239681 secs] 5530023K->4871323K(8306688K), 0.0241791 secs] [Times: user=0.12 sys=0.00, real=0.02 secs] 
2020-08-10T09:51:01.068+0800: 211127.656: [GC (Allocation Failure) 2020-08-10T09:51:01.069+0800: 211127.656: [ParNew: 667047K->13261K(737280K), 0.0630143 secs] 5526574K->4872932K(8306688K), 0.0632141 secs] [Times: user=0.27 sys=0.00, real=0.06 secs] 
2020-08-10T09:52:12.821+0800: 211199.409: [GC (Allocation Failure) 2020-08-10T09:52:12.821+0800: 211199.409: [ParNew: 668621K->14402K(737280K), 0.0253750 secs] 5528292K->4874554K(8306688K), 0.0255856 secs] [Times: user=0.09 sys=0.00, real=0.03 secs] 
2020-08-10T09:52:55.184+0800: 211241.771: [GC (Allocation Failure) 2020-08-10T09:52:55.184+0800: 211241.771: [ParNew: 669762K->13813K(737280K), 0.0366017 secs] 5529914K->4874107K(8306688K), 0.0367961 secs] [Times: user=0.10 sys=0.00, real=0.04 secs] 
2020-08-10T09:53:41.875+0800: 211288.462: [GC (Allocation Failure) 2020-08-10T09:53:41.875+0800: 211288.463: [ParNew: 669173K->14203K(737280K), 0.0182385 secs] 5529467K->4874682K(8306688K), 0.0184323 secs] [Times: user=0.08 sys=0.01, real=0.02 secs] 
2020-08-10T09:54:54.143+0800: 211360.730: [GC (Allocation Failure) 2020-08-10T09:54:54.143+0800: 211360.730: [ParNew: 669563K->14495K(737280K), 0.0299189 secs] 5530042K->4875192K(8306688K), 0.0300829 secs] [Times: user=0.16 sys=0.00, real=0.03 secs] 
2020-08-10T09:55:47.489+0800: 211414.076: [GC (Allocation Failure) 2020-08-10T09:55:47.489+0800: 211414.076: [ParNew: 669815K->14989K(737280K), 0.0292492 secs] 5530511K->4875973K(8306688K), 0.0294230 secs] [Times: user=0.10 sys=0.00, real=0.02 secs] 
2020-08-10T09:56:42.137+0800: 211468.724: [GC (Allocation Failure) 2020-08-10T09:56:42.137+0800: 211468.724: [ParNew: 670349K->13171K(737280K), 0.0257168 secs] 5531333K->4874622K(8306688K), 0.0258981 secs] [Times: user=0.09 sys=0.00, real=0.03 secs] 
2020-08-10T09:57:49.157+0800: 211535.744: [GC (Allocation Failure) 2020-08-10T09:57:49.157+0800: 211535.744: [ParNew: 668531K->10658K(737280K), 0.0443712 secs] 5529982K->4872807K(8306688K), 0.0445981 secs] [Times: user=0.14 sys=0.00, real=0.05 secs] 
2020-08-10T09:58:36.749+0800: 211583.336: [GC (Allocation Failure) 2020-08-10T09:58:36.749+0800: 211583.337: [ParNew: 666018K->10394K(737280K), 0.0351076 secs] 5528167K->4872654K(8306688K), 0.0352729 secs] [Times: user=0.14 sys=0.00, real=0.03 secs] 
2020-08-10T09:59:41.294+0800: 211647.881: [GC (Allocation Failure) 2020-08-10T09:59:41.294+0800: 211647.881: [ParNew: 665754K->11083K(737280K), 0.0304314 secs] 5528014K->4873535K(8306688K), 0.0306379 secs] [Times: user=0.12 sys=0.00, real=0.03 secs] 
2020-08-10T10:00:45.823+0800: 211712.410: [GC (Allocation Failure) 2020-08-10T10:00:45.823+0800: 211712.410: [ParNew: 666443K->12720K(737280K), 0.0272919 secs] 5528895K->4875389K(8306688K), 0.0274744 secs] [Times: user=0.10 sys=0.00, real=0.03 secs] 
2020-08-10T10:01:48.817+0800: 211775.404: [GC (Allocation Failure) 2020-08-10T10:01:48.817+0800: 211775.404: [ParNew: 668080K->11448K(737280K), 0.0219928 secs] 5530749K->4874265K(8306688K), 0.0221575 secs] [Times: user=0.10 sys=0.00, real=0.03 secs] 
2020-08-10T10:02:59.830+0800: 211846.417: [GC (Allocation Failure) 2020-08-10T10:02:59.830+0800: 211846.417: [ParNew: 666774K->11855K(737280K), 0.0227146 secs] 5529592K->4875011K(8306688K), 0.0228808 secs] [Times: user=0.12 sys=0.00, real=0.02 secs] 
2020-08-10T10:04:11.040+0800: 211917.627: [GC (Allocation Failure) 2020-08-10T10:04:11.040+0800: 211917.627: [ParNew: 667215K->13629K(737280K), 0.0386235 secs] 5530371K->4876912K(8306688K), 0.0388030 secs] [Times: user=0.13 sys=0.00, real=0.04 secs] 
2020-08-10T10:05:16.899+0800: 211983.486: [GC (Allocation Failure) 2020-08-10T10:05:16.899+0800: 211983.487: [ParNew: 668989K->10342K(737280K), 0.0362194 secs] 5532272K->4873762K(8306688K), 0.0364362 secs] [Times: user=0.12 sys=0.00, real=0.03 secs] 
2020-08-10T10:06:36.688+0800: 212063.275: [GC (Allocation Failure) 2020-08-10T10:06:36.688+0800: 212063.276: [ParNew: 665702K->12098K(737280K), 0.0220645 secs] 5529122K->4875543K(8306688K), 0.0222463 secs] [Times: user=0.11 sys=0.00, real=0.02 secs] 
2020-08-10T10:08:11.902+0800: 212158.489: [GC (Allocation Failure) 2020-08-10T10:08:11.902+0800: 212158.489: [ParNew: 667458K->12320K(737280K), 0.0238028 secs] 5530903K->4876073K(8306688K), 0.0239528 secs] [Times: user=0.10 sys=0.00, real=0.02 secs] 
2020-08-10T10:09:14.508+0800: 212221.095: [GC (Allocation Failure) 2020-08-10T10:09:14.508+0800: 212221.095: [ParNew: 667680K->12185K(737280K), 0.0231209 secs] 5531433K->4875962K(8306688K), 0.0233345 secs] [Times: user=0.12 sys=0.00, real=0.02 secs] 
2020-08-10T10:10:08.489+0800: 212275.076: [GC (Allocation Failure) 2020-08-10T10:10:08.489+0800: 212275.076: [ParNew: 667545K->13926K(737280K), 0.0211900 secs] 5531322K->4877786K(8306688K), 0.0214085 secs] [Times: user=0.10 sys=0.00, real=0.02 secs] 
2020-08-10T10:11:12.448+0800: 212339.035: [GC (Allocation Failure) 2020-08-10T10:11:12.448+0800: 212339.035: [ParNew: 669286K->13818K(737280K), 0.0224706 secs] 5533146K->4877830K(8306688K), 0.0226253 secs] [Times: user=0.10 sys=0.01, real=0.02 secs] 
2020-08-10T10:12:40.807+0800: 212427.394: [GC (Allocation Failure) 2020-08-10T10:12:40.807+0800: 212427.394: [ParNew: 669178K->14163K(737280K), 0.0238118 secs] 5533190K->4878193K(8306688K), 0.0239858 secs] [Times: user=0.09 sys=0.00, real=0.02 secs] 
2020-08-10T10:14:27.209+0800: 212533.796: [GC (Allocation Failure) 2020-08-10T10:14:27.209+0800: 212533.796: [ParNew: 669523K->15127K(737280K), 0.0429340 secs] 5533553K->4879358K(8306688K), 0.0430994 secs] [Times: user=0.18 sys=0.00, real=0.04 secs] 
2020-08-10T10:15:08.538+0800: 212575.126: [GC (Allocation Failure) 2020-08-10T10:15:08.538+0800: 212575.126: [ParNew: 670487K->13009K(737280K), 0.0208269 secs] 5534718K->4877956K(8306688K), 0.0209891 secs] [Times: user=0.09 sys=0.00, real=0.03 secs] 
2020-08-10T10:15:52.630+0800: 212619.218: [GC (Allocation Failure) 2020-08-10T10:15:52.630+0800: 212619.218: [ParNew: 668369K->12497K(737280K), 0.0373511 secs] 5533316K->4877658K(8306688K), 0.0375431 secs] [Times: user=0.11 sys=0.00, real=0.04 secs] 
2020-08-10T10:17:00.401+0800: 212686.989: [GC (Allocation Failure) 2020-08-10T10:17:00.402+0800: 212686.989: [ParNew: 667857K->11049K(737280K), 0.0245850 secs] 5533018K->4876291K(8306688K), 0.0247856 secs] [Times: user=0.10 sys=0.00, real=0.02 secs] 
2020-08-10T10:17:53.181+0800: 212739.768: [GC (Allocation Failure) 2020-08-10T10:17:53.181+0800: 212739.768: [ParNew: 666409K->13126K(737280K), 0.0204875 secs] 5531651K->4878555K(8306688K), 0.0206576 secs] [Times: user=0.09 sys=0.00, real=0.02 secs] 
2020-08-10T10:18:30.380+0800: 212776.967: [GC (Allocation Failure) 2020-08-10T10:18:30.380+0800: 212776.967: [ParNew: 668486K->16708K(737280K), 0.0327624 secs] 5533915K->4882389K(8306688K), 0.0329634 secs] [Times: user=0.13 sys=0.00, real=0.03 secs] 
2020-08-10T10:19:38.448+0800: 212845.035: [GC (Allocation Failure) 2020-08-10T10:19:38.448+0800: 212845.035: [ParNew: 672068K->13425K(737280K), 0.0387288 secs] 5537749K->4879554K(8306688K), 0.0388959 secs] [Times: user=0.12 sys=0.00, real=0.04 secs] 
2020-08-10T10:21:08.571+0800: 212935.159: [GC (Allocation Failure) 2020-08-10T10:21:08.571+0800: 212935.159: [ParNew: 668785K->11953K(737280K), 0.0379327 secs] 5534914K->4878152K(8306688K), 0.0381001 secs] [Times: user=0.12 sys=0.00, real=0.04 secs] 
2020-08-10T10:22:12.166+0800: 212998.753: [GC (Allocation Failure) 2020-08-10T10:22:12.166+0800: 212998.753: [ParNew: 667298K->10682K(737280K), 0.0444819 secs] 5533497K->4877029K(8306688K), 0.0446887 secs] [Times: user=0.13 sys=0.00, real=0.05 secs] 
2020-08-10T10:23:09.675+0800: 213056.262: [GC (Allocation Failure) 2020-08-10T10:23:09.675+0800: 213056.262: [ParNew: 666042K->11867K(737280K), 0.0206818 secs] 5532389K->4878223K(8306688K), 0.0208422 secs] [Times: user=0.08 sys=0.01, real=0.02 secs] 
2020-08-10T10:24:52.374+0800: 213158.961: [GC (Allocation Failure) 2020-08-10T10:24:52.374+0800: 213158.962: [ParNew: 667227K->11312K(737280K), 0.0394773 secs] 5533583K->4878080K(8306688K), 0.0396402 secs] [Times: user=0.15 sys=0.00, real=0.04 secs] 
2020-08-10T10:27:08.478+0800: 213295.065: [GC (Allocation Failure) 2020-08-10T10:27:08.478+0800: 213295.065: [ParNew: 666672K->14179K(737280K), 0.1198249 secs] 5533440K->4880964K(8306688K), 0.1199938 secs] [Times: user=0.43 sys=0.01, real=0.12 secs] 
2020-08-10T10:28:59.188+0800: 213405.775: [GC (Allocation Failure) 2020-08-10T10:28:59.188+0800: 213405.775: [ParNew: 669539K->13979K(737280K), 0.0412610 secs] 5536324K->4880783K(8306688K), 0.0414652 secs] [Times: user=0.11 sys=0.01, real=0.04 secs] 
2020-08-10T10:29:59.645+0800: 213466.232: [GC (Allocation Failure) 2020-08-10T10:29:59.645+0800: 213466.232: [ParNew: 669339K->11099K(737280K), 0.0231284 secs] 5536143K->4877976K(8306688K), 0.0233143 secs] [Times: user=0.09 sys=0.00, real=0.03 secs] 
2020-08-10T10:31:28.743+0800: 213555.330: [GC (Allocation Failure) 2020-08-10T10:31:28.743+0800: 213555.330: [ParNew: 666459K->11518K(737280K), 0.0291144 secs] 5533336K->4878465K(8306688K), 0.0293031 secs] [Times: user=0.14 sys=0.01, real=0.03 secs] 
2020-08-10T10:32:17.413+0800: 213604.000: [GC (Allocation Failure) 2020-08-10T10:32:17.413+0800: 213604.000: [ParNew: 666878K->13447K(737280K), 0.0253973 secs] 5533825K->4880529K(8306688K), 0.0255661 secs] [Times: user=0.12 sys=0.00, real=0.03 secs] 
2020-08-10T10:34:04.767+0800: 213711.354: [GC (Allocation Failure) 2020-08-10T10:34:04.767+0800: 213711.355: [ParNew: 668807K->12523K(737280K), 0.0269332 secs] 5535889K->4879843K(8306688K), 0.0271161 secs] [Times: user=0.12 sys=0.00, real=0.02 secs] 
2020-08-10T10:35:56.638+0800: 213823.225: [GC (Allocation Failure) 2020-08-10T10:35:56.638+0800: 213823.225: [ParNew: 667883K->13974K(737280K), 0.0263631 secs] 5535203K->4881639K(8306688K), 0.0265570 secs] [Times: user=0.11 sys=0.00, real=0.03 secs] 
2020-08-10T10:37:31.338+0800: 213917.925: [GC (Allocation Failure) 2020-08-10T10:37:31.338+0800: 213917.925: [ParNew: 669334K->11871K(737280K), 0.0321431 secs] 5536999K->4879715K(8306688K), 0.0323081 secs] [Times: user=0.11 sys=0.00, real=0.04 secs] 
2020-08-10T10:38:15.541+0800: 213962.128: [GC (Allocation Failure) 2020-08-10T10:38:15.541+0800: 213962.128: [ParNew: 667231K->11474K(737280K), 0.0315742 secs] 5535075K->4879396K(8306688K), 0.0317654 secs] [Times: user=0.12 sys=0.00, real=0.03 secs] 
2020-08-10T10:39:24.646+0800: 214031.233: [GC (Allocation Failure) 2020-08-10T10:39:24.646+0800: 214031.233: [ParNew: 666834K->10677K(737280K), 0.0260193 secs] 5534756K->4878999K(8306688K), 0.0261920 secs] [Times: user=0.12 sys=0.00, real=0.03 secs] 
2020-08-10T10:40:37.925+0800: 214104.512: [GC (Allocation Failure) 2020-08-10T10:40:37.925+0800: 214104.512: [ParNew: 666037K->11636K(737280K), 0.0259375 secs] 5534359K->4880093K(8306688K), 0.0261306 secs] [Times: user=0.11 sys=0.00, real=0.03 secs] 
2020-08-10T10:42:45.090+0800: 214231.677: [GC (Allocation Failure) 2020-08-10T10:42:45.091+0800: 214231.678: [ParNew: 666996K->13769K(737280K), 0.0253822 secs] 5535453K->4882306K(8306688K), 0.0265237 secs] [Times: user=0.10 sys=0.01, real=0.02 secs] 
2020-08-10T10:43:34.120+0800: 214280.707: [GC (Allocation Failure) 2020-08-10T10:43:34.120+0800: 214280.707: [ParNew: 669129K->12234K(737280K), 0.0240033 secs] 5537666K->4881048K(8306688K), 0.0242013 secs] [Times: user=0.10 sys=0.00, real=0.02 secs] 
2020-08-10T10:44:27.569+0800: 214334.156: [GC (Allocation Failure) 2020-08-10T10:44:27.569+0800: 214334.156: [ParNew: 667594K->11804K(737280K), 0.0251611 secs] 5536408K->4880856K(8306688K), 0.0253362 secs] [Times: user=0.13 sys=0.00, real=0.02 secs] 
2020-08-10T10:45:58.204+0800: 214424.791: [GC (Allocation Failure) 2020-08-10T10:45:58.204+0800: 214424.791: [ParNew: 667164K->14441K(737280K), 0.0225886 secs] 5536216K->4883572K(8306688K), 0.0227550 secs] [Times: user=0.11 sys=0.00, real=0.03 secs] 
2020-08-10T10:47:01.034+0800: 214487.622: [GC (Allocation Failure) 2020-08-10T10:47:01.034+0800: 214487.622: [ParNew: 669681K->11151K(737280K), 0.0245364 secs] 5538812K->4880427K(8306688K), 0.0247511 secs] [Times: user=0.09 sys=0.01, real=0.03 secs] 
2020-08-10T10:47:41.912+0800: 214528.499: [GC (Allocation Failure) 2020-08-10T10:47:41.912+0800: 214528.499: [ParNew: 666384K->11455K(737280K), 0.0269612 secs] 5535660K->4881078K(8306688K), 0.0271660 secs] [Times: user=0.10 sys=0.00, real=0.03 secs] 
2020-08-10T10:49:25.855+0800: 214632.443: [GC (Allocation Failure) 2020-08-10T10:49:25.855+0800: 214632.443: [ParNew: 666815K->14312K(737280K), 0.0361845 secs] 5536438K->4884141K(8306688K), 0.0364133 secs] [Times: user=0.11 sys=0.00, real=0.04 secs] 
2020-08-10T10:51:02.704+0800: 214729.292: [GC (Allocation Failure) 2020-08-10T10:51:02.705+0800: 214729.292: [ParNew: 669672K->14282K(737280K), 0.0366367 secs] 5539501K->4884251K(8306688K), 0.0368186 secs] [Times: user=0.13 sys=0.00, real=0.04 secs] 
2020-08-10T10:52:45.960+0800: 214832.547: [GC (Allocation Failure) 2020-08-10T10:52:45.960+0800: 214832.547: [ParNew: 669642K->13664K(737280K), 0.0226641 secs] 5539611K->4883642K(8306688K), 0.0228464 secs] [Times: user=0.11 sys=0.00, real=0.02 secs] 
2020-08-10T10:53:46.789+0800: 214893.376: [GC (Allocation Failure) 2020-08-10T10:53:46.789+0800: 214893.376: [ParNew: 669024K->14323K(737280K), 0.0379574 secs] 5539002K->4884481K(8306688K), 0.0381662 secs] [Times: user=0.14 sys=0.00, real=0.04 secs] 
2020-08-10T10:54:41.725+0800: 214948.312: [GC (Allocation Failure) 2020-08-10T10:54:41.725+0800: 214948.312: [ParNew: 669639K->15536K(737280K), 0.0216827 secs] 5539798K->4885920K(8306688K), 0.0218726 secs] [Times: user=0.11 sys=0.00, real=0.03 secs] 
2020-08-10T10:55:37.145+0800: 215003.732: [GC (Allocation Failure) 2020-08-10T10:55:37.146+0800: 215003.733: [ParNew: 670896K->15715K(737280K), 0.0222776 secs] 5541280K->4886170K(8306688K), 0.0234501 secs] [Times: user=0.10 sys=0.00, real=0.03 secs] 
2020-08-10T10:56:49.096+0800: 215075.684: [GC (Allocation Failure) 2020-08-10T10:56:49.096+0800: 215075.684: [ParNew: 671075K->14689K(737280K), 0.0350471 secs] 5541530K->4885556K(8306688K), 0.0352361 secs] [Times: user=0.13 sys=0.00, real=0.04 secs] 
2020-08-10T10:57:45.928+0800: 215132.515: [GC (Allocation Failure) 2020-08-10T10:57:45.928+0800: 215132.516: [ParNew: 670049K->16506K(737280K), 0.0259252 secs] 5540916K->4887649K(8306688K), 0.0261383 secs] [Times: user=0.11 sys=0.00, real=0.02 secs] 
2020-08-10T10:58:35.687+0800: 215182.274: [GC (Allocation Failure) 2020-08-10T10:58:35.687+0800: 215182.274: [ParNew: 671866K->13571K(737280K), 0.0262531 secs] 5543009K->4885431K(8306688K), 0.0264412 secs] [Times: user=0.11 sys=0.00, real=0.02 secs] 
2020-08-10T10:59:52.450+0800: 215259.037: [GC (Allocation Failure) 2020-08-10T10:59:52.450+0800: 215259.037: [ParNew: 668931K->15025K(737280K), 0.0375463 secs] 5540791K->4887153K(8306688K), 0.0377320 secs] [Times: user=0.15 sys=0.00, real=0.04 secs] 
2020-08-10T11:00:42.717+0800: 215309.304: [GC (Allocation Failure) 2020-08-10T11:00:42.717+0800: 215309.304: [ParNew: 670385K->13807K(737280K), 0.0222545 secs] 5542513K->4886174K(8306688K), 0.0224343 secs] [Times: user=0.10 sys=0.00, real=0.03 secs] 
2020-08-10T11:01:17.816+0800: 215344.404: [GC (Allocation Failure) 2020-08-10T11:01:17.816+0800: 215344.404: [ParNew: 669167K->12993K(737280K), 0.0205713 secs] 5541534K->4885519K(8306688K), 0.0207608 secs] [Times: user=0.09 sys=0.00, real=0.02 secs] 
2020-08-10T11:02:17.969+0800: 215404.556: [GC (Allocation Failure) 2020-08-10T11:02:17.969+0800: 215404.556: [ParNew: 668353K->13932K(737280K), 0.0224162 secs] 5540879K->4886667K(8306688K), 0.0226239 secs] [Times: user=0.11 sys=0.00, real=0.02 secs] 
2020-08-10T11:03:48.244+0800: 215494.831: [GC (Allocation Failure) 2020-08-10T11:03:48.244+0800: 215494.831: [ParNew: 669292K->17700K(737280K), 0.0245638 secs] 5542027K->4890785K(8306688K), 0.0247576 secs] [Times: user=0.09 sys=0.01, real=0.03 secs] 
2020-08-10T11:05:05.703+0800: 215572.290: [GC (Allocation Failure) 2020-08-10T11:05:05.703+0800: 215572.290: [ParNew: 673060K->16097K(737280K), 0.0223501 secs] 5546145K->4889519K(8306688K), 0.0225381 secs] [Times: user=0.08 sys=0.00, real=0.02 secs] 
2020-08-10T11:06:04.564+0800: 215631.151: [GC (Allocation Failure) 2020-08-10T11:06:04.564+0800: 215631.151: [ParNew: 671457K->17275K(737280K), 0.0216862 secs] 5544879K->4891045K(8306688K), 0.0219135 secs] [Times: user=0.10 sys=0.01, real=0.02 secs] 
2020-08-10T11:07:35.535+0800: 215722.122: [GC (Allocation Failure) 2020-08-10T11:07:35.535+0800: 215722.122: [ParNew: 672635K->19215K(737280K), 0.0307455 secs] 5546405K->4893080K(8306688K), 0.0309494 secs] [Times: user=0.12 sys=0.00, real=0.03 secs] 
2020-08-10T11:09:01.604+0800: 215808.191: [GC (Allocation Failure) 2020-08-10T11:09:01.604+0800: 215808.191: [ParNew: 674505K->16233K(737280K), 0.0292060 secs] 5548370K->4890310K(8306688K), 0.0294140 secs] [Times: user=0.14 sys=0.00, real=0.03 secs] 
2020-08-10T11:10:14.435+0800: 215881.022: [GC (Allocation Failure) 2020-08-10T11:10:14.435+0800: 215881.023: [ParNew: 671593K->16505K(737280K), 0.0226201 secs] 5545670K->4891000K(8306688K), 0.0227880 secs] [Times: user=0.09 sys=0.01, real=0.02 secs] 
2020-08-10T11:11:29.950+0800: 215956.537: [GC (Allocation Failure) 2020-08-10T11:11:29.950+0800: 215956.537: [ParNew: 671865K->16172K(737280K), 0.0221846 secs] 5546360K->4890871K(8306688K), 0.0224047 secs] [Times: user=0.09 sys=0.00, real=0.02 secs] 
2020-08-10T11:12:40.276+0800: 216026.864: [GC (Allocation Failure) 2020-08-10T11:12:40.277+0800: 216026.864: [ParNew: 671532K->13367K(737280K), 0.0308279 secs] 5546231K->4888507K(8306688K), 0.0309978 secs] [Times: user=0.13 sys=0.00, real=0.04 secs] 
2020-08-10T11:13:42.216+0800: 216088.803: [GC (Allocation Failure) 2020-08-10T11:13:42.216+0800: 216088.803: [ParNew: 668727K->16456K(737280K), 0.0366829 secs] 5543867K->4892113K(8306688K), 0.0368584 secs] [Times: user=0.11 sys=0.00, real=0.04 secs] 
2020-08-10T11:14:57.116+0800: 216163.703: [GC (Allocation Failure) 2020-08-10T11:14:57.116+0800: 216163.703: [ParNew: 671816K->11855K(737280K), 0.0219629 secs] 5547473K->4887613K(8306688K), 0.0221394 secs] [Times: user=0.10 sys=0.00, real=0.02 secs] 
2020-08-10T11:16:35.109+0800: 216261.696: [GC (Allocation Failure) 2020-08-10T11:16:35.109+0800: 216261.696: [ParNew: 667215K->15008K(737280K), 0.0315916 secs] 5542973K->4891078K(8306688K), 0.0317762 secs] [Times: user=0.12 sys=0.00, real=0.03 secs] 
2020-08-10T11:17:52.302+0800: 216338.889: [GC (Allocation Failure) 2020-08-10T11:17:52.302+0800: 216338.889: [ParNew: 670368K->19990K(737280K), 0.0397820 secs] 5546438K->4896090K(8306688K), 0.0400008 secs] [Times: user=0.10 sys=0.00, real=0.04 secs] 
2020-08-10T11:19:22.198+0800: 216428.785: [GC (Allocation Failure) 2020-08-10T11:19:22.198+0800: 216428.785: [ParNew: 675350K->14186K(737280K), 0.0363893 secs] 5551450K->4890566K(8306688K), 0.0365638 secs] [Times: user=0.12 sys=0.00, real=0.04 secs] 
2020-08-10T11:20:36.876+0800: 216503.464: [GC (Allocation Failure) 2020-08-10T11:20:36.876+0800: 216503.464: [ParNew: 669546K->13250K(737280K), 0.0232366 secs] 5545926K->4889641K(8306688K), 0.0234063 secs] [Times: user=0.11 sys=0.00, real=0.03 secs] 
2020-08-10T11:21:46.848+0800: 216573.435: [GC (Allocation Failure) 2020-08-10T11:21:46.848+0800: 216573.435: [ParNew: 668568K->12533K(737280K), 0.0236399 secs] 5544959K->4889213K(8306688K), 0.0237894 secs] [Times: user=0.11 sys=0.01, real=0.02 secs] 
2020-08-10T11:22:35.855+0800: 216622.442: [GC (Allocation Failure) 2020-08-10T11:22:35.855+0800: 216622.442: [ParNew: 667851K->12917K(737280K), 0.0264558 secs] 5544531K->4889804K(8306688K), 0.0266635 secs] [Times: user=0.12 sys=0.00, real=0.03 secs] 
2020-08-10T11:23:09.118+0800: 216655.705: [GC (Allocation Failure) 2020-08-10T11:23:09.118+0800: 216655.705: [ParNew: 668277K->11025K(737280K), 0.0237534 secs] 5545164K->4888990K(8306688K), 0.0239305 secs] [Times: user=0.09 sys=0.00, real=0.03 secs] 
2020-08-10T11:23:50.840+0800: 216697.428: [GC (Allocation Failure) 2020-08-10T11:23:50.840+0800: 216697.428: [ParNew: 666372K->10947K(737280K), 0.0461295 secs] 5544337K->4889276K(8306688K), 0.0463292 secs] [Times: user=0.14 sys=0.00, real=0.05 secs] 
2020-08-10T11:24:42.481+0800: 216749.068: [GC (Allocation Failure) 2020-08-10T11:24:42.481+0800: 216749.068: [ParNew: 666307K->9438K(737280K), 0.0190059 secs] 5544636K->4888005K(8306688K), 0.0191865 secs] [Times: user=0.09 sys=0.00, real=0.02 secs] 
2020-08-10T11:25:53.594+0800: 216820.181: [GC (Allocation Failure) 2020-08-10T11:25:53.594+0800: 216820.181: [ParNew: 664629K->10426K(737280K), 0.0226335 secs] 5543196K->4889069K(8306688K), 0.0228089 secs] [Times: user=0.12 sys=0.00, real=0.02 secs] 
2020-08-10T11:27:06.422+0800: 216893.009: [GC (Allocation Failure) 2020-08-10T11:27:06.422+0800: 216893.010: [ParNew: 665786K->11447K(737280K), 0.0265006 secs] 5544429K->4890647K(8306688K), 0.0266702 secs] [Times: user=0.13 sys=0.00, real=0.03 secs] 
2020-08-10T11:28:41.267+0800: 216987.855: [GC (Allocation Failure) 2020-08-10T11:28:41.268+0800: 216987.855: [ParNew: 666807K->11781K(737280K), 0.0243209 secs] 5546007K->4891070K(8306688K), 0.0244866 secs] [Times: user=0.08 sys=0.00, real=0.02 secs] 
2020-08-10T11:29:40.574+0800: 217047.161: [GC (Allocation Failure) 2020-08-10T11:29:40.574+0800: 217047.161: [ParNew: 667141K->12350K(737280K), 0.0228211 secs] 5546430K->4892106K(8306688K), 0.0229647 secs] [Times: user=0.10 sys=0.00, real=0.02 secs] 
2020-08-10T11:30:33.461+0800: 217100.048: [GC (Allocation Failure) 2020-08-10T11:30:33.461+0800: 217100.048: [ParNew: 667710K->10689K(737280K), 0.0364156 secs] 5547466K->4890580K(8306688K), 0.0365967 secs] [Times: user=0.14 sys=0.00, real=0.03 secs] 
2020-08-10T11:31:39.624+0800: 217166.211: [GC (Allocation Failure) 2020-08-10T11:31:39.624+0800: 217166.211: [ParNew: 666049K->11388K(737280K), 0.0397940 secs] 5545940K->4891486K(8306688K), 0.0399723 secs] [Times: user=0.17 sys=0.00, real=0.04 secs] 
2020-08-10T11:33:09.688+0800: 217256.275: [GC (Allocation Failure) 2020-08-10T11:33:09.688+0800: 217256.275: [ParNew: 666623K->12209K(737280K), 0.0248367 secs] 5546721K->4892659K(8306688K), 0.0250020 secs] [Times: user=0.09 sys=0.01, real=0.02 secs] 
2020-08-10T11:34:09.808+0800: 217316.395: [GC (Allocation Failure) 2020-08-10T11:34:09.808+0800: 217316.395: [ParNew: 667569K->10541K(737280K), 0.0233330 secs] 5548019K->4891197K(8306688K), 0.0235003 secs] [Times: user=0.09 sys=0.01, real=0.02 secs] 
2020-08-10T11:34:50.797+0800: 217357.384: [GC (Allocation Failure) 2020-08-10T11:34:50.797+0800: 217357.384: [ParNew: 665901K->9094K(737280K), 0.0338582 secs] 5546557K->4889892K(8306688K), 0.0340584 secs] [Times: user=0.15 sys=0.00, real=0.04 secs] 
2020-08-10T11:35:31.732+0800: 217398.319: [GC (Allocation Failure) 2020-08-10T11:35:31.732+0800: 217398.319: [ParNew: 664454K->10014K(737280K), 0.0241594 secs] 5545252K->4890974K(8306688K), 0.0243266 secs] [Times: user=0.12 sys=0.00, real=0.02 secs] 
2020-08-10T11:36:29.886+0800: 217456.474: [GC (Allocation Failure) 2020-08-10T11:36:29.887+0800: 217456.474: [ParNew: 665374K->9125K(737280K), 0.0275956 secs] 5546334K->4890418K(8306688K), 0.0277951 secs] [Times: user=0.13 sys=0.00, real=0.03 secs] 
2020-08-10T11:37:42.187+0800: 217528.775: [GC (Allocation Failure) 2020-08-10T11:37:42.187+0800: 217528.775: [ParNew: 664485K->11215K(737280K), 0.0235714 secs] 5545778K->4892637K(8306688K), 0.0237382 secs] [Times: user=0.09 sys=0.00, real=0.02 secs] 
2020-08-10T11:38:22.461+0800: 217569.048: [GC (Allocation Failure) 2020-08-10T11:38:22.461+0800: 217569.049: [ParNew: 666575K->9905K(737280K), 0.0506162 secs] 5547997K->4891610K(8306688K), 0.0508050 secs] [Times: user=0.22 sys=0.00, real=0.05 secs] 
2020-08-10T11:39:29.652+0800: 217636.240: [GC (Allocation Failure) 2020-08-10T11:39:29.653+0800: 217636.240: [ParNew: 665265K->10830K(737280K), 0.0241554 secs] 5546970K->4892742K(8306688K), 0.0243393 secs] [Times: user=0.11 sys=0.00, real=0.02 secs] 
2020-08-10T11:41:00.376+0800: 217726.963: [GC (Allocation Failure) 2020-08-10T11:41:00.376+0800: 217726.963: [ParNew: 666190K->11542K(737280K), 0.0236785 secs] 5548102K->4893459K(8306688K), 0.0238506 secs] [Times: user=0.11 sys=0.00, real=0.03 secs] 
2020-08-10T11:41:54.785+0800: 217781.372: [GC (Allocation Failure) 2020-08-10T11:41:54.785+0800: 217781.373: [ParNew: 666872K->11130K(737280K), 0.0234762 secs] 5548790K->4893184K(8306688K), 0.0236568 secs] [Times: user=0.10 sys=0.00, real=0.03 secs] 
2020-08-10T11:43:57.689+0800: 217904.276: [GC (Allocation Failure) 2020-08-10T11:43:57.689+0800: 217904.276: [ParNew: 666490K->10718K(737280K), 0.0238774 secs] 5548544K->4892982K(8306688K), 0.0240867 secs] [Times: user=0.10 sys=0.01, real=0.02 secs] 
2020-08-10T11:45:08.988+0800: 217975.575: [GC (Allocation Failure) 2020-08-10T11:45:08.988+0800: 217975.575: [ParNew: 666078K->11125K(737280K), 0.0299489 secs] 5548342K->4893532K(8306688K), 0.0301291 secs] [Times: user=0.12 sys=0.00, real=0.02 secs] 
2020-08-10T11:46:16.401+0800: 218042.989: [GC (Allocation Failure) 2020-08-10T11:46:16.401+0800: 218042.989: [ParNew: 666485K->11841K(737280K), 0.0389273 secs] 5548892K->4894273K(8306688K), 0.0390915 secs] [Times: user=0.20 sys=0.00, real=0.04 secs] 
2020-08-10T11:47:45.475+0800: 218132.063: [GC (Allocation Failure) 2020-08-10T11:47:45.476+0800: 218132.063: [ParNew: 667201K->12104K(737280K), 0.0208017 secs] 5549633K->4894741K(8306688K), 0.0209718 secs] [Times: user=0.11 sys=0.00, real=0.02 secs] 
2020-08-10T11:48:32.747+0800: 218179.334: [GC (Allocation Failure) 2020-08-10T11:48:32.747+0800: 218179.334: [ParNew: 667401K->12916K(737280K), 0.0233541 secs] 5550038K->4895668K(8306688K), 0.0235469 secs] [Times: user=0.10 sys=0.00, real=0.02 secs] 
2020-08-10T11:49:55.576+0800: 218262.163: [GC (Allocation Failure) 2020-08-10T11:49:55.576+0800: 218262.163: [ParNew: 668276K->12353K(737280K), 0.0308067 secs] 5551028K->4895162K(8306688K), 0.0310068 secs] [Times: user=0.14 sys=0.00, real=0.04 secs] 
2020-08-10T11:50:48.183+0800: 218314.771: [GC (Allocation Failure) 2020-08-10T11:50:48.184+0800: 218314.772: [ParNew: 667713K->12426K(737280K), 0.0218326 secs] 5550522K->4895675K(8306688K), 0.0229968 secs] [Times: user=0.09 sys=0.00, real=0.02 secs] 
2020-08-10T11:51:57.531+0800: 218384.118: [GC (Allocation Failure) 2020-08-10T11:51:57.531+0800: 218384.118: [ParNew: 667786K->13303K(737280K), 0.0346366 secs] 5551035K->4896750K(8306688K), 0.0347904 secs] [Times: user=0.14 sys=0.01, real=0.03 secs] 
2020-08-10T11:53:08.049+0800: 218454.636: [GC (Allocation Failure) 2020-08-10T11:53:08.049+0800: 218454.637: [ParNew: 668663K->13690K(737280K), 0.0333436 secs] 5552110K->4897459K(8306688K), 0.0335205 secs] [Times: user=0.10 sys=0.00, real=0.03 secs] 
2020-08-10T11:54:10.052+0800: 218516.639: [GC (Allocation Failure) 2020-08-10T11:54:10.052+0800: 218516.639: [ParNew: 669050K->13351K(737280K), 0.0299968 secs] 5552819K->4897295K(8306688K), 0.0301700 secs] [Times: user=0.12 sys=0.00, real=0.03 secs] 
2020-08-10T11:55:38.542+0800: 218605.129: [GC (Allocation Failure) 2020-08-10T11:55:38.542+0800: 218605.129: [ParNew: 668711K->11844K(737280K), 0.0215157 secs] 5552655K->4896077K(8306688K), 0.0216839 secs] [Times: user=0.10 sys=0.00, real=0.02 secs] 
2020-08-10T11:56:39.211+0800: 218665.798: [GC (Allocation Failure) 2020-08-10T11:56:39.211+0800: 218665.798: [ParNew: 667204K->14299K(737280K), 0.0253408 secs] 5551437K->4898682K(8306688K), 0.0255197 secs] [Times: user=0.13 sys=0.00, real=0.02 secs] 
2020-08-10T11:57:23.293+0800: 218709.880: [GC (Allocation Failure) 2020-08-10T11:57:23.293+0800: 218709.880: [ParNew: 669580K->13333K(737280K), 0.0384469 secs] 5553963K->4897997K(8306688K), 0.0386298 secs] [Times: user=0.16 sys=0.00, real=0.04 secs] 
2020-08-10T11:58:25.984+0800: 218772.572: [GC (Allocation Failure) 2020-08-10T11:58:25.985+0800: 218772.572: [ParNew: 668683K->12675K(737280K), 0.0196683 secs] 5553347K->4897353K(8306688K), 0.0198591 secs] [Times: user=0.10 sys=0.00, real=0.02 secs] 
2020-08-10T11:59:40.994+0800: 218847.581: [GC (Allocation Failure) 2020-08-10T11:59:40.994+0800: 218847.581: [ParNew: 668035K->14699K(737280K), 0.0286505 secs] 5552713K->4899461K(8306688K), 0.0288245 secs] [Times: user=0.16 sys=0.01, real=0.03 secs] 
2020-08-10T12:00:39.468+0800: 218906.056: [GC (Allocation Failure) 2020-08-10T12:00:39.469+0800: 218906.056: [ParNew: 670059K->15235K(737280K), 0.0240340 secs] 5554821K->4900310K(8306688K), 0.0242370 secs] [Times: user=0.11 sys=0.00, real=0.02 secs] 
2020-08-10T12:01:14.054+0800: 218940.641: [GC (Allocation Failure) 2020-08-10T12:01:14.054+0800: 218940.641: [ParNew: 670524K->14219K(737280K), 0.0213673 secs] 5555598K->4899780K(8306688K), 0.0215479 secs] [Times: user=0.10 sys=0.00, real=0.02 secs] 
2020-08-10T12:01:57.193+0800: 218983.780: [GC (Allocation Failure) 2020-08-10T12:01:57.193+0800: 218983.780: [ParNew: 669579K->14784K(737280K), 0.0205143 secs] 5555140K->4900943K(8306688K), 0.0207184 secs] [Times: user=0.11 sys=0.00, real=0.02 secs] 
2020-08-10T12:03:06.583+0800: 219053.170: [GC (Allocation Failure) 2020-08-10T12:03:06.583+0800: 219053.170: [ParNew: 670144K->15832K(737280K), 0.0381325 secs] 5556303K->4902405K(8306688K), 0.0383049 secs] [Times: user=0.16 sys=0.00, real=0.04 secs] 
2020-08-10T12:04:23.750+0800: 219130.338: [GC (Allocation Failure) 2020-08-10T12:04:23.750+0800: 219130.338: [ParNew: 671192K->15622K(737280K), 0.0204095 secs] 5557765K->4902229K(8306688K), 0.0205715 secs] [Times: user=0.09 sys=0.00, real=0.02 secs] 
2020-08-10T12:05:45.364+0800: 219211.951: [GC (Allocation Failure) 2020-08-10T12:05:45.364+0800: 219211.951: [ParNew: 670982K->16077K(737280K), 0.0215092 secs] 5557589K->4903205K(8306688K), 0.0216790 secs] [Times: user=0.11 sys=0.00, real=0.02 secs] 
2020-08-10T12:07:05.265+0800: 219291.852: [GC (Allocation Failure) 2020-08-10T12:07:05.265+0800: 219291.852: [ParNew: 671437K->15887K(737280K), 0.0229187 secs] 5558565K->4903300K(8306688K), 0.0231140 secs] [Times: user=0.09 sys=0.00, real=0.03 secs] 
2020-08-10T12:08:43.880+0800: 219390.468: [GC (Allocation Failure) 2020-08-10T12:08:43.886+0800: 219390.473: [ParNew: 671247K->14688K(737280K), 0.0236257 secs] 5558660K->4902760K(8306688K), 0.0293725 secs] [Times: user=0.11 sys=0.00, real=0.03 secs] 
2020-08-10T12:09:55.739+0800: 219462.326: [GC (Allocation Failure) 2020-08-10T12:09:55.740+0800: 219462.327: [ParNew: 670048K->11033K(737280K), 0.0209928 secs] 5558120K->4899871K(8306688K), 0.0219645 secs] [Times: user=0.09 sys=0.00, real=0.02 secs] 
2020-08-10T12:11:07.388+0800: 219533.975: [GC (Allocation Failure) 2020-08-10T12:11:07.388+0800: 219533.975: [ParNew: 666393K->11105K(737280K), 0.0262525 secs] 5555231K->4900298K(8306688K), 0.0264170 secs] [Times: user=0.11 sys=0.00, real=0.02 secs] 
2020-08-10T12:12:03.913+0800: 219590.500: [GC (Allocation Failure) 2020-08-10T12:12:03.913+0800: 219590.500: [ParNew: 666375K->12212K(737280K), 0.0614958 secs] 5555568K->4901623K(8306688K), 0.0617446 secs] [Times: user=0.24 sys=0.00, real=0.06 secs] 
2020-08-10T12:12:48.647+0800: 219635.234: [GC (Allocation Failure) 2020-08-10T12:12:48.647+0800: 219635.234: [ParNew: 667499K->14466K(737280K), 0.0329464 secs] 5556910K->4904161K(8306688K), 0.0331708 secs] [Times: user=0.12 sys=0.00, real=0.03 secs] 
2020-08-10T12:13:35.302+0800: 219681.890: [GC (Allocation Failure) 2020-08-10T12:13:35.303+0800: 219681.890: [ParNew: 669826K->17487K(737280K), 0.0392139 secs] 5559521K->4907617K(8306688K), 0.0394036 secs] [Times: user=0.18 sys=0.00, real=0.04 secs] 
2020-08-10T12:14:47.377+0800: 219753.965: [GC (Allocation Failure) 2020-08-10T12:14:47.377+0800: 219753.965: [ParNew: 672844K->15974K(737280K), 0.0316819 secs] 5562973K->4906667K(8306688K), 0.0318417 secs] [Times: user=0.16 sys=0.00, real=0.04 secs] 
2020-08-10T12:15:52.606+0800: 219819.193: [GC (Allocation Failure) 2020-08-10T12:15:52.606+0800: 219819.194: [ParNew: 671276K->12333K(737280K), 0.0248846 secs] 5561970K->4903497K(8306688K), 0.0250772 secs] [Times: user=0.10 sys=0.00, real=0.03 secs] 
2020-08-10T12:17:02.892+0800: 219889.479: [GC (Allocation Failure) 2020-08-10T12:17:02.892+0800: 219889.479: [ParNew: 667678K->13440K(737280K), 0.0229163 secs] 5558841K->4904859K(8306688K), 0.0230770 secs] [Times: user=0.11 sys=0.00, real=0.02 secs] 
2020-08-10T12:18:23.352+0800: 219969.939: [GC (Allocation Failure) 2020-08-10T12:18:23.352+0800: 219969.939: [ParNew: 668800K->12751K(737280K), 0.0255685 secs] 5560219K->4904505K(8306688K), 0.0257291 secs] [Times: user=0.10 sys=0.00, real=0.02 secs] 
2020-08-10T12:19:30.010+0800: 220036.597: [GC (Allocation Failure) 2020-08-10T12:19:30.010+0800: 220036.597: [ParNew: 668111K->13070K(737280K), 0.0373544 secs] 5559865K->4904944K(8306688K), 0.0375507 secs] [Times: user=0.14 sys=0.00, real=0.04 secs] 
2020-08-10T12:20:30.316+0800: 220096.903: [GC (Allocation Failure) 2020-08-10T12:20:30.316+0800: 220096.903: [ParNew: 668430K->13237K(737280K), 0.0208305 secs] 5560304K->4905258K(8306688K), 0.0209857 secs] [Times: user=0.09 sys=0.00, real=0.02 secs] 
2020-08-10T12:21:31.520+0800: 220158.107: [GC (Allocation Failure) 2020-08-10T12:21:31.520+0800: 220158.108: [ParNew: 668597K->11901K(737280K), 0.0193400 secs] 5560618K->4904584K(8306688K), 0.0194969 secs] [Times: user=0.10 sys=0.00, real=0.02 secs] 
2020-08-10T12:22:22.892+0800: 220209.479: [GC (Allocation Failure) 2020-08-10T12:22:22.892+0800: 220209.479: [ParNew: 667261K->12156K(737280K), 0.0255255 secs] 5559944K->4905528K(8306688K), 0.0257359 secs] [Times: user=0.09 sys=0.00, real=0.02 secs] 
2020-08-10T12:23:17.423+0800: 220264.010: [GC (GCLocker Initiated GC) 2020-08-10T12:23:17.423+0800: 220264.010: [ParNew: 667517K->12213K(737280K), 0.0262129 secs] 5560888K->4905866K(8306688K), 0.0263583 secs] [Times: user=0.11 sys=0.01, real=0.03 secs] 
2020-08-10T12:24:19.616+0800: 220326.203: [GC (Allocation Failure) 2020-08-10T12:24:19.616+0800: 220326.203: [ParNew: 667381K->11523K(737280K), 0.0352979 secs] 5561034K->4905254K(8306688K), 0.0354927 secs] [Times: user=0.14 sys=0.00, real=0.04 secs] 
2020-08-10T12:25:44.932+0800: 220411.519: [GC (Allocation Failure) 2020-08-10T12:25:44.932+0800: 220411.519: [ParNew: 666883K->13541K(737280K), 0.0272880 secs] 5560614K->4907417K(8306688K), 0.0274544 secs] [Times: user=0.12 sys=0.00, real=0.03 secs] 
2020-08-10T12:26:46.163+0800: 220472.751: [GC (Allocation Failure) 2020-08-10T12:26:46.164+0800: 220472.751: [ParNew: 668833K->13013K(737280K), 0.0336984 secs] 5562708K->4906968K(8306688K), 0.0339068 secs] [Times: user=0.16 sys=0.00, real=0.03 secs] 
2020-08-10T12:28:16.658+0800: 220563.245: [GC (Allocation Failure) 2020-08-10T12:28:16.658+0800: 220563.245: [ParNew: 668330K->13550K(737280K), 0.0549492 secs] 5562285K->4907717K(8306688K), 0.0551165 secs] [Times: user=0.30 sys=0.00, real=0.06 secs] 
2020-08-10T12:29:29.587+0800: 220636.175: [GC (Allocation Failure) 2020-08-10T12:29:29.588+0800: 220636.175: [ParNew: 668871K->12036K(737280K), 0.0341495 secs] 5563037K->4906216K(8306688K), 0.0343152 secs] [Times: user=0.15 sys=0.00, real=0.03 secs] 
2020-08-10T12:31:20.002+0800: 220746.589: [GC (Allocation Failure) 2020-08-10T12:31:20.002+0800: 220746.589: [ParNew: 667396K->12453K(737280K), 0.0229656 secs] 5561576K->4906995K(8306688K), 0.0231441 secs] [Times: user=0.10 sys=0.00, real=0.02 secs] 
2020-08-10T12:32:52.974+0800: 220839.561: [GC (Allocation Failure) 2020-08-10T12:32:52.974+0800: 220839.562: [ParNew: 667813K->13349K(737280K), 0.0418509 secs] 5562355K->4908046K(8306688K), 0.0420398 secs] [Times: user=0.19 sys=0.00, real=0.04 secs] 
2020-08-10T12:34:06.373+0800: 220912.961: [GC (Allocation Failure) 2020-08-10T12:34:06.374+0800: 220912.961: [ParNew: 668709K->9942K(737280K), 0.0304998 secs] 5563406K->4904843K(8306688K), 0.0306600 secs] [Times: user=0.11 sys=0.00, real=0.03 secs] 
2020-08-10T12:35:34.727+0800: 221001.314: [GC (Allocation Failure) 2020-08-10T12:35:34.727+0800: 221001.314: [ParNew: 665302K->11659K(737280K), 0.0285053 secs] 5560203K->4906701K(8306688K), 0.0286896 secs] [Times: user=0.11 sys=0.00, real=0.02 secs] 
2020-08-10T12:36:44.657+0800: 221071.244: [GC (Allocation Failure) 2020-08-10T12:36:44.657+0800: 221071.244: [ParNew: 667019K->10764K(737280K), 0.0213520 secs] 5562061K->4905884K(8306688K), 0.0214976 secs] [Times: user=0.09 sys=0.00, real=0.02 secs] 
2020-08-10T12:38:39.203+0800: 221185.790: [GC (Allocation Failure) 2020-08-10T12:38:39.203+0800: 221185.790: [ParNew: 666124K->11275K(737280K), 0.0231466 secs] 5561244K->4906399K(8306688K), 0.0233033 secs] [Times: user=0.12 sys=0.00, real=0.02 secs] 
2020-08-10T12:40:02.771+0800: 221269.358: [GC (Allocation Failure) 2020-08-10T12:40:02.771+0800: 221269.358: [ParNew: 666635K->11629K(737280K), 0.0238107 secs] 5561759K->4906840K(8306688K), 0.0239643 secs] [Times: user=0.12 sys=0.00, real=0.02 secs] 
2020-08-10T12:41:35.311+0800: 221361.898: [GC (Allocation Failure) 2020-08-10T12:41:35.311+0800: 221361.898: [ParNew: 666989K->11285K(737280K), 0.0254564 secs] 5562200K->4906521K(8306688K), 0.0256540 secs] [Times: user=0.09 sys=0.01, real=0.02 secs] 
2020-08-10T12:42:53.914+0800: 221440.501: [GC (Allocation Failure) 2020-08-10T12:42:53.914+0800: 221440.502: [ParNew: 666645K->11986K(737280K), 0.0219018 secs] 5561881K->4907291K(8306688K), 0.0220834 secs] [Times: user=0.08 sys=0.00, real=0.02 secs] 
2020-08-10T12:44:12.142+0800: 221518.729: [GC (Allocation Failure) 2020-08-10T12:44:12.142+0800: 221518.729: [ParNew: 667346K->11719K(737280K), 0.0280078 secs] 5562651K->4907161K(8306688K), 0.0281786 secs] [Times: user=0.11 sys=0.00, real=0.03 secs] 
2020-08-10T12:45:40.286+0800: 221606.873: [GC (Allocation Failure) 2020-08-10T12:45:40.286+0800: 221606.873: [ParNew: 667079K->11683K(737280K), 0.0252266 secs] 5562521K->4907136K(8306688K), 0.0254108 secs] [Times: user=0.10 sys=0.00, real=0.03 secs] 
2020-08-10T12:46:42.828+0800: 221669.416: [GC (Allocation Failure) 2020-08-10T12:46:42.828+0800: 221669.416: [ParNew: 667043K->12213K(737280K), 0.0230397 secs] 5562496K->4907966K(8306688K), 0.0232080 secs] [Times: user=0.11 sys=0.00, real=0.02 secs] 
2020-08-10T12:47:42.289+0800: 221728.877: [GC (Allocation Failure) 2020-08-10T12:47:42.290+0800: 221728.877: [ParNew: 667573K->12180K(737280K), 0.0224363 secs] 5563326K->4908213K(8306688K), 0.0226268 secs] [Times: user=0.10 sys=0.00, real=0.02 secs] 
2020-08-10T12:48:48.965+0800: 221795.552: [GC (Allocation Failure) 2020-08-10T12:48:48.965+0800: 221795.552: [ParNew: 667540K->12775K(737280K), 0.0299439 secs] 5563573K->4908985K(8306688K), 0.0301384 secs] [Times: user=0.11 sys=0.00, real=0.03 secs] 
2020-08-10T12:50:20.959+0800: 221887.547: [GC (Allocation Failure) 2020-08-10T12:50:20.959+0800: 221887.547: [ParNew: 668135K->12824K(737280K), 0.0300863 secs] 5564345K->4909107K(8306688K), 0.0302531 secs] [Times: user=0.14 sys=0.00, real=0.03 secs] 
2020-08-10T12:51:54.585+0800: 221981.173: [GC (Allocation Failure) 2020-08-10T12:51:54.585+0800: 221981.173: [ParNew: 668184K->13757K(737280K), 0.0320246 secs] 5564467K->4910053K(8306688K), 0.0322116 secs] [Times: user=0.10 sys=0.00, real=0.03 secs] 
2020-08-10T12:53:03.834+0800: 222050.421: [GC (Allocation Failure) 2020-08-10T12:53:03.834+0800: 222050.421: [ParNew: 669117K->12698K(737280K), 0.0231478 secs] 5565413K->4909145K(8306688K), 0.0233301 secs] [Times: user=0.10 sys=0.00, real=0.02 secs] 
2020-08-10T12:54:37.205+0800: 222143.792: [GC (Allocation Failure) 2020-08-10T12:54:37.205+0800: 222143.792: [ParNew: 668058K->13742K(737280K), 0.0231396 secs] 5564505K->4910327K(8306688K), 0.0233359 secs] [Times: user=0.11 sys=0.00, real=0.03 secs] 
2020-08-10T12:56:16.583+0800: 222243.171: [GC (Allocation Failure) 2020-08-10T12:56:16.583+0800: 222243.171: [ParNew: 669099K->15956K(737280K), 0.0358100 secs] 5565684K->4912685K(8306688K), 0.0359706 secs] [Times: user=0.10 sys=0.01, real=0.04 secs] 
2020-08-10T12:57:23.398+0800: 222309.986: [GC (Allocation Failure) 2020-08-10T12:57:23.398+0800: 222309.986: [ParNew: 671316K->12934K(737280K), 0.0405444 secs] 5568045K->4909741K(8306688K), 0.0407396 secs] [Times: user=0.14 sys=0.01, real=0.05 secs] 
2020-08-10T12:58:32.647+0800: 222379.234: [GC (Allocation Failure) 2020-08-10T12:58:32.647+0800: 222379.235: [ParNew: 668294K->13360K(737280K), 0.0227214 secs] 5565101K->4910180K(8306688K), 0.0228760 secs] [Times: user=0.09 sys=0.00, real=0.02 secs] 
2020-08-10T12:59:31.524+0800: 222438.112: [GC (Allocation Failure) 2020-08-10T12:59:31.525+0800: 222438.112: [ParNew: 668720K->12560K(737280K), 0.0192977 secs] 5565540K->4909788K(8306688K), 0.0194552 secs] [Times: user=0.10 sys=0.00, real=0.02 secs] 
2020-08-10T13:00:48.745+0800: 222515.332: [GC (Allocation Failure) 2020-08-10T13:00:48.745+0800: 222515.332: [ParNew: 667920K->14479K(737280K), 0.0286958 secs] 5565148K->4911827K(8306688K), 0.0289003 secs] [Times: user=0.12 sys=0.01, real=0.03 secs] 
2020-08-10T13:01:37.737+0800: 222564.324: [GC (Allocation Failure) 2020-08-10T13:01:37.737+0800: 222564.324: [ParNew: 669839K->15094K(737280K), 0.0295134 secs] 5567187K->4912811K(8306688K), 0.0297144 secs] [Times: user=0.13 sys=0.00, real=0.04 secs] 
2020-08-10T13:02:38.824+0800: 222625.412: [GC (Allocation Failure) 2020-08-10T13:02:38.824+0800: 222625.412: [ParNew: 670454K->13029K(737280K), 0.0231225 secs] 5568171K->4911149K(8306688K), 0.0233064 secs] [Times: user=0.11 sys=0.00, real=0.03 secs] 
2020-08-10T13:03:25.608+0800: 222672.195: [GC (Allocation Failure) 2020-08-10T13:03:25.608+0800: 222672.195: [ParNew: 668389K->14849K(737280K), 0.0303523 secs] 5566509K->4913107K(8306688K), 0.0305195 secs] [Times: user=0.13 sys=0.00, real=0.02 secs] 
2020-08-10T13:04:23.560+0800: 222730.148: [GC (Allocation Failure) 2020-08-10T13:04:23.561+0800: 222730.148: [ParNew: 670209K->13376K(737280K), 0.0379500 secs] 5568467K->4911750K(8306688K), 0.0381158 secs] [Times: user=0.12 sys=0.00, real=0.04 secs] 
2020-08-10T13:05:18.441+0800: 222785.028: [GC (Allocation Failure) 2020-08-10T13:05:18.441+0800: 222785.028: [ParNew: 668731K->13875K(737280K), 0.0234743 secs] 5567106K->4912331K(8306688K), 0.0236478 secs] [Times: user=0.10 sys=0.00, real=0.02 secs] 
2020-08-10T13:06:09.052+0800: 222835.639: [GC (Allocation Failure) 2020-08-10T13:06:09.052+0800: 222835.639: [ParNew: 669235K->14948K(737280K), 0.0329998 secs] 5567691K->4913632K(8306688K), 0.0331691 secs] [Times: user=0.11 sys=0.00, real=0.03 secs] 
2020-08-10T13:07:05.237+0800: 222891.825: [GC (Allocation Failure) 2020-08-10T13:07:05.238+0800: 222891.825: [ParNew: 670308K->13812K(737280K), 0.0624542 secs] 5568992K->4912952K(8306688K), 0.0626393 secs] [Times: user=0.13 sys=0.00, real=0.07 secs] 
2020-08-10T13:08:04.266+0800: 222950.853: [GC (Allocation Failure) 2020-08-10T13:08:04.266+0800: 222950.854: [ParNew: 669172K->14913K(737280K), 0.0390066 secs] 5568312K->4914543K(8306688K), 0.0391841 secs] [Times: user=0.15 sys=0.01, real=0.04 secs] 
2020-08-10T13:09:12.012+0800: 223018.599: [GC (Allocation Failure) 2020-08-10T13:09:12.012+0800: 223018.599: [ParNew: 670273K->15145K(737280K), 0.0286289 secs] 5569903K->4915252K(8306688K), 0.0288313 secs] [Times: user=0.12 sys=0.00, real=0.03 secs] 
2020-08-10T13:10:04.204+0800: 223070.791: [GC (Allocation Failure) 2020-08-10T13:10:04.204+0800: 223070.791: [ParNew: 670505K->22275K(737280K), 0.0266557 secs] 5570612K->4922486K(8306688K), 0.0268325 secs] [Times: user=0.11 sys=0.00, real=0.03 secs] 
2020-08-10T13:11:29.467+0800: 223156.054: [GC (Allocation Failure) 2020-08-10T13:11:29.467+0800: 223156.054: [ParNew: 677635K->16432K(737280K), 0.0226882 secs] 5577846K->4916848K(8306688K), 0.0228517 secs] [Times: user=0.08 sys=0.00, real=0.02 secs] 
2020-08-10T13:12:20.170+0800: 223206.757: [GC (Allocation Failure) 2020-08-10T13:12:20.170+0800: 223206.757: [ParNew: 671792K->14595K(737280K), 0.0233000 secs] 5572208K->4916055K(8306688K), 0.0235134 secs] [Times: user=0.11 sys=0.00, real=0.02 secs] 
2020-08-10T13:13:32.067+0800: 223278.655: [GC (Allocation Failure) 2020-08-10T13:13:32.067+0800: 223278.655: [ParNew: 669943K->14585K(737280K), 0.0203938 secs] 5571403K->4916191K(8306688K), 0.0205659 secs] [Times: user=0.09 sys=0.01, real=0.02 secs] 
2020-08-10T13:15:19.003+0800: 223385.590: [GC (Allocation Failure) 2020-08-10T13:15:19.003+0800: 223385.590: [ParNew: 669945K->15735K(737280K), 0.0395498 secs] 5571551K->4917483K(8306688K), 0.0397288 secs] [Times: user=0.16 sys=0.00, real=0.04 secs] 
2020-08-10T13:17:29.049+0800: 223515.636: [GC (Allocation Failure) 2020-08-10T13:17:29.056+0800: 223515.643: [ParNew: 671095K->15318K(737280K), 0.0237776 secs] 5572843K->4917349K(8306688K), 0.0305185 secs] [Times: user=0.11 sys=0.01, real=0.03 secs] 
2020-08-10T13:18:40.054+0800: 223586.641: [GC (Allocation Failure) 2020-08-10T13:18:40.054+0800: 223586.642: [ParNew: 670678K->13258K(737280K), 0.0187296 secs] 5572709K->4915310K(8306688K), 0.0188962 secs] [Times: user=0.08 sys=0.00, real=0.02 secs] 
2020-08-10T13:20:41.812+0800: 223708.399: [GC (Allocation Failure) 2020-08-10T13:20:41.812+0800: 223708.399: [ParNew: 668586K->12831K(737280K), 0.0261720 secs] 5570638K->4914973K(8306688K), 0.0263249 secs] [Times: user=0.12 sys=0.00, real=0.02 secs] 
2020-08-10T13:22:11.884+0800: 223798.472: [GC (Allocation Failure) 2020-08-10T13:22:11.885+0800: 223798.472: [ParNew: 668191K->13611K(737280K), 0.0221223 secs] 5570333K->4915902K(8306688K), 0.0222849 secs] [Times: user=0.10 sys=0.01, real=0.03 secs] 
2020-08-10T13:24:08.416+0800: 223915.003: [GC (Allocation Failure) 2020-08-10T13:24:08.416+0800: 223915.003: [ParNew: 668971K->14132K(737280K), 0.0329324 secs] 5571262K->4916610K(8306688K), 0.0331065 secs] [Times: user=0.15 sys=0.00, real=0.04 secs] 
2020-08-10T13:25:23.058+0800: 223989.645: [GC (Allocation Failure) 2020-08-10T13:25:23.058+0800: 223989.645: [ParNew: 669492K->13506K(737280K), 0.0257254 secs] 5571970K->4916138K(8306688K), 0.0259067 secs] [Times: user=0.10 sys=0.00, real=0.03 secs] 
2020-08-10T13:26:28.644+0800: 224055.231: [GC (Allocation Failure) 2020-08-10T13:26:28.644+0800: 224055.231: [ParNew: 668866K->11481K(737280K), 0.0296231 secs] 5571498K->4914469K(8306688K), 0.0298324 secs] [Times: user=0.13 sys=0.00, real=0.03 secs] 
2020-08-10T13:27:35.513+0800: 224122.101: [GC (Allocation Failure) 2020-08-10T13:27:35.513+0800: 224122.101: [ParNew: 666841K->12534K(737280K), 0.0242828 secs] 5569829K->4915541K(8306688K), 0.0245561 secs] [Times: user=0.09 sys=0.00, real=0.02 secs] 
2020-08-10T13:29:34.114+0800: 224240.702: [GC (Allocation Failure) 2020-08-10T13:29:34.114+0800: 224240.702: [ParNew: 667892K->15074K(737280K), 0.0231923 secs] 5570899K->4918315K(8306688K), 0.0244703 secs] [Times: user=0.10 sys=0.00, real=0.03 secs] 
2020-08-10T13:30:18.698+0800: 224285.285: [GC (Allocation Failure) 2020-08-10T13:30:18.698+0800: 224285.286: [ParNew: 670417K->17228K(737280K), 0.0379615 secs] 5573658K->4920562K(8306688K), 0.0381789 secs] [Times: user=0.11 sys=0.00, real=0.04 secs] 
2020-08-10T13:31:02.730+0800: 224329.318: [GC (Allocation Failure) 2020-08-10T13:31:02.730+0800: 224329.318: [ParNew: 672588K->16833K(737280K), 0.0304377 secs] 5575922K->4920242K(8306688K), 0.0306720 secs] [Times: user=0.10 sys=0.00, real=0.03 secs] 
2020-08-10T13:31:50.699+0800: 224377.286: [GC (Allocation Failure) 2020-08-10T13:31:50.699+0800: 224377.287: [ParNew: 672133K->18539K(737280K), 0.0408796 secs] 5575542K->4922232K(8306688K), 0.0410928 secs] [Times: user=0.15 sys=0.00, real=0.04 secs] 
2020-08-10T13:32:20.339+0800: 224406.927: [GC (Allocation Failure) 2020-08-10T13:32:20.339+0800: 224406.927: [ParNew: 673899K->20844K(737280K), 0.0461535 secs] 5577592K->4924635K(8306688K), 0.0463758 secs] [Times: user=0.14 sys=0.00, real=0.04 secs] 
2020-08-10T13:32:46.556+0800: 224433.143: [GC (Allocation Failure) 2020-08-10T13:32:46.556+0800: 224433.143: [ParNew: 676204K->18465K(737280K), 0.0377915 secs] 5579995K->4922340K(8306688K), 0.0380224 secs] [Times: user=0.14 sys=0.00, real=0.04 secs] 
2020-08-10T13:33:08.763+0800: 224455.350: [GC (Allocation Failure) 2020-08-10T13:33:08.763+0800: 224455.350: [ParNew: 673825K->18780K(737280K), 0.0425213 secs] 5577700K->4924112K(8306688K), 0.0427328 secs] [Times: user=0.17 sys=0.00, real=0.04 secs] 
2020-08-10T13:33:35.921+0800: 224482.508: [GC (Allocation Failure) 2020-08-10T13:33:35.921+0800: 224482.508: [ParNew: 674140K->15716K(737280K), 0.0301278 secs] 5579472K->4922144K(8306688K), 0.0303665 secs] [Times: user=0.12 sys=0.01, real=0.03 secs] 
2020-08-10T13:34:04.977+0800: 224511.564: [GC (Allocation Failure) 2020-08-10T13:34:04.977+0800: 224511.564: [ParNew: 670976K->14626K(737280K), 0.0424708 secs] 5577404K->4921620K(8306688K), 0.0426837 secs] [Times: user=0.14 sys=0.00, real=0.05 secs] 
2020-08-10T13:34:35.412+0800: 224541.999: [GC (Allocation Failure) 2020-08-10T13:34:35.412+0800: 224542.000: [ParNew: 669986K->13494K(737280K), 0.0270286 secs] 5576980K->4922091K(8306688K), 0.0272572 secs] [Times: user=0.11 sys=0.00, real=0.03 secs] 
2020-08-10T13:35:13.476+0800: 224580.063: [GC (Allocation Failure) 2020-08-10T13:35:13.476+0800: 224580.063: [ParNew: 668854K->13124K(737280K), 0.0281751 secs] 5577451K->4921802K(8306688K), 0.0284001 secs] [Times: user=0.11 sys=0.00, real=0.03 secs] 
2020-08-10T13:35:54.599+0800: 224621.186: [GC (Allocation Failure) 2020-08-10T13:35:54.599+0800: 224621.186: [ParNew: 668426K->14818K(737280K), 0.0374166 secs] 5577105K->4923733K(8306688K), 0.0376151 secs] [Times: user=0.14 sys=0.00, real=0.03 secs] 
2020-08-10T13:38:26.960+0800: 224773.547: [GC (Allocation Failure) 2020-08-10T13:38:26.960+0800: 224773.547: [ParNew: 670178K->15096K(737280K), 0.0260134 secs] 5579093K->4924018K(8306688K), 0.0261830 secs] [Times: user=0.11 sys=0.00, real=0.02 secs] 
2020-08-10T13:42:04.737+0800: 224991.324: [GC (Allocation Failure) 2020-08-10T13:42:04.742+0800: 224991.329: [ParNew: 670456K->16338K(737280K), 0.0315722 secs] 5579378K->4925700K(8306688K), 0.0372548 secs] [Times: user=0.12 sys=0.00, real=0.04 secs] 
2020-08-10T13:45:10.849+0800: 225177.436: [GC (Allocation Failure) 2020-08-10T13:45:10.849+0800: 225177.437: [ParNew: 671575K->16022K(737280K), 0.0308113 secs] 5580938K->4925485K(8306688K), 0.0309887 secs] [Times: user=0.12 sys=0.00, real=0.03 secs] 
2020-08-10T13:46:16.084+0800: 225242.671: [GC (Allocation Failure) 2020-08-10T13:46:16.084+0800: 225242.671: [ParNew: 671349K->11925K(737280K), 0.0286708 secs] 5580813K->4921793K(8306688K), 0.0288536 secs] [Times: user=0.14 sys=0.00, real=0.03 secs] 
2020-08-10T13:48:33.882+0800: 225380.469: [GC (Allocation Failure) 2020-08-10T13:48:33.882+0800: 225380.469: [ParNew: 667285K->12975K(737280K), 0.0397349 secs] 5577153K->4922845K(8306688K), 0.0398931 secs] [Times: user=0.17 sys=0.00, real=0.04 secs] 
2020-08-10T13:51:00.236+0800: 225526.823: [GC (Allocation Failure) 2020-08-10T13:51:00.237+0800: 225526.824: [ParNew: 668335K->13983K(737280K), 0.0274959 secs] 5578205K->4923888K(8306688K), 0.0285924 secs] [Times: user=0.10 sys=0.01, real=0.03 secs] 
2020-08-10T13:51:58.228+0800: 225584.815: [GC (Allocation Failure) 2020-08-10T13:51:58.228+0800: 225584.815: [ParNew: 669343K->14149K(737280K), 0.0365366 secs] 5579248K->4924308K(8306688K), 0.0367208 secs] [Times: user=0.14 sys=0.00, real=0.03 secs] 
2020-08-10T13:53:13.434+0800: 225660.021: [GC (Allocation Failure) 2020-08-10T13:53:13.434+0800: 225660.021: [ParNew: 669488K->12866K(737280K), 0.0267704 secs] 5579647K->4923077K(8306688K), 0.0269519 secs] [Times: user=0.12 sys=0.00, real=0.03 secs] 
2020-08-10T13:53:58.301+0800: 225704.889: [GC (Allocation Failure) 2020-08-10T13:53:58.302+0800: 225704.889: [ParNew: 668131K->16820K(737280K), 0.0406656 secs] 5578342K->4927130K(8306688K), 0.0409275 secs] [Times: user=0.19 sys=0.00, real=0.04 secs] 
2020-08-10T13:54:49.606+0800: 225756.194: [GC (Allocation Failure) 2020-08-10T13:54:49.607+0800: 225756.194: [ParNew: 672113K->19134K(737280K), 0.0504321 secs] 5582422K->4929599K(8306688K), 0.0506914 secs] [Times: user=0.16 sys=0.00, real=0.05 secs] 
2020-08-10T13:55:22.119+0800: 225788.706: [GC (Allocation Failure) 2020-08-10T13:55:22.119+0800: 225788.706: [ParNew: 674388K->18126K(737280K), 0.0275561 secs] 5584854K->4929001K(8306688K), 0.0277660 secs] [Times: user=0.11 sys=0.01, real=0.03 secs] 
2020-08-10T13:55:46.649+0800: 225813.237: [GC (Allocation Failure) 2020-08-10T13:55:46.649+0800: 225813.237: [ParNew: 673486K->17373K(737280K), 0.0403467 secs] 5584361K->4928599K(8306688K), 0.0405214 secs] [Times: user=0.16 sys=0.00, real=0.04 secs] 
2020-08-10T13:56:08.328+0800: 225834.916: [GC (Allocation Failure) 2020-08-10T13:56:08.329+0800: 225834.916: [ParNew: 672733K->16073K(737280K), 0.0266455 secs] 5583959K->4927590K(8306688K), 0.0268301 secs] [Times: user=0.10 sys=0.00, real=0.02 secs] 
2020-08-10T13:56:34.262+0800: 225860.849: [GC (Allocation Failure) 2020-08-10T13:56:34.262+0800: 225860.850: [ParNew: 671433K->15912K(737280K), 0.0330851 secs] 5582950K->4928719K(8306688K), 0.0333062 secs] [Times: user=0.14 sys=0.00, real=0.03 secs] 
2020-08-10T13:56:54.107+0800: 225880.694: [GC (Allocation Failure) 2020-08-10T13:56:54.107+0800: 225880.694: [ParNew: 671227K->13453K(737280K), 0.0239482 secs] 5584034K->4926801K(8306688K), 0.0241312 secs] [Times: user=0.10 sys=0.00, real=0.02 secs] 
2020-08-10T13:57:18.615+0800: 225905.203: [GC (Allocation Failure) 2020-08-10T13:57:18.616+0800: 225905.203: [ParNew: 668750K->13307K(737280K), 0.0262674 secs] 5582097K->4928855K(8306688K), 0.0264519 secs] [Times: user=0.12 sys=0.01, real=0.03 secs] 
2020-08-10T13:57:43.637+0800: 225930.224: [GC (Allocation Failure) 2020-08-10T13:57:43.637+0800: 225930.224: [ParNew: 668667K->11079K(737280K), 0.0290884 secs] 5584215K->4927241K(8306688K), 0.0292720 secs] [Times: user=0.12 sys=0.00, real=0.03 secs] 
2020-08-10T13:58:12.085+0800: 225958.673: [GC (Allocation Failure) 2020-08-10T13:58:12.085+0800: 225958.673: [ParNew: 666439K->13356K(737280K), 0.0364596 secs] 5582601K->4929600K(8306688K), 0.0367125 secs] [Times: user=0.12 sys=0.00, real=0.04 secs] 
2020-08-10T13:58:45.167+0800: 225991.754: [GC (Allocation Failure) 2020-08-10T13:58:45.167+0800: 225991.755: [ParNew: 668716K->12622K(737280K), 0.0231813 secs] 5584960K->4929026K(8306688K), 0.0234002 secs] [Times: user=0.10 sys=0.00, real=0.02 secs] 
2020-08-10T13:59:15.518+0800: 226022.105: [GC (Allocation Failure) 2020-08-10T13:59:15.518+0800: 226022.105: [ParNew: 667982K->13899K(737280K), 0.0326306 secs] 5584386K->4930318K(8306688K), 0.0328545 secs] [Times: user=0.12 sys=0.00, real=0.04 secs] 
2020-08-10T13:59:49.165+0800: 226055.752: [GC (Allocation Failure) 2020-08-10T13:59:49.165+0800: 226055.752: [ParNew: 669215K->12549K(737280K), 0.0307203 secs] 5585634K->4929237K(8306688K), 0.0309165 secs] [Times: user=0.12 sys=0.00, real=0.03 secs] 
2020-08-10T14:00:20.923+0800: 226087.511: [GC (Allocation Failure) 2020-08-10T14:00:20.924+0800: 226087.512: [ParNew: 667909K->12803K(737280K), 0.0257706 secs] 5584597K->4929843K(8306688K), 0.0268871 secs] [Times: user=0.11 sys=0.00, real=0.03 secs] 
2020-08-10T14:00:52.022+0800: 226118.609: [GC (Allocation Failure) 2020-08-10T14:00:52.022+0800: 226118.609: [ParNew: 668163K->13616K(737280K), 0.0360980 secs] 5585203K->4930666K(8306688K), 0.0363422 secs] [Times: user=0.15 sys=0.00, real=0.03 secs] 
2020-08-10T14:01:34.172+0800: 226160.759: [GC (Allocation Failure) 2020-08-10T14:01:34.172+0800: 226160.759: [ParNew: 668947K->15019K(737280K), 0.0244510 secs] 5585996K->4933225K(8306688K), 0.0246496 secs] [Times: user=0.11 sys=0.00, real=0.02 secs] 
2020-08-10T14:02:25.659+0800: 226212.246: [GC (Allocation Failure) 2020-08-10T14:02:25.659+0800: 226212.246: [ParNew: 670379K->16276K(737280K), 0.0308508 secs] 5588585K->4934563K(8306688K), 0.0310398 secs] [Times: user=0.12 sys=0.00, real=0.03 secs] 
2020-08-10T14:03:26.058+0800: 226272.645: [GC (Allocation Failure) 2020-08-10T14:03:26.058+0800: 226272.645: [ParNew: 671636K->13889K(737280K), 0.0280785 secs] 5589923K->4932583K(8306688K), 0.0282898 secs] [Times: user=0.14 sys=0.00, real=0.03 secs] 
2020-08-10T14:04:28.983+0800: 226335.571: [GC (Allocation Failure) 2020-08-10T14:04:28.983+0800: 226335.571: [ParNew: 669249K->16754K(737280K), 0.0615068 secs] 5587943K->4935606K(8306688K), 0.0617521 secs] [Times: user=0.12 sys=0.00, real=0.06 secs] 
2020-08-10T14:05:35.915+0800: 226402.502: [GC (Allocation Failure) 2020-08-10T14:05:35.915+0800: 226402.502: [ParNew: 672081K->15688K(737280K), 0.0447996 secs] 5590932K->4934972K(8306688K), 0.0450021 secs] [Times: user=0.10 sys=0.00, real=0.05 secs] 
2020-08-10T14:06:27.596+0800: 226454.183: [GC (Allocation Failure) 2020-08-10T14:06:27.596+0800: 226454.183: [ParNew: 671048K->17469K(737280K), 0.0301913 secs] 5590332K->4937060K(8306688K), 0.0304275 secs] [Times: user=0.13 sys=0.00, real=0.03 secs] 
2020-08-10T14:07:30.052+0800: 226516.639: [GC (Allocation Failure) 2020-08-10T14:07:30.052+0800: 226516.639: [ParNew: 672829K->16967K(737280K), 0.0396065 secs] 5592420K->4936768K(8306688K), 0.0397960 secs] [Times: user=0.14 sys=0.00, real=0.04 secs] 
2020-08-10T14:08:41.695+0800: 226588.282: [GC (Allocation Failure) 2020-08-10T14:08:41.695+0800: 226588.282: [ParNew: 672327K->18227K(737280K), 0.0581081 secs] 5592128K->4938167K(8306688K), 0.0583398 secs] [Times: user=0.24 sys=0.00, real=0.06 secs] 
2020-08-10T14:09:32.498+0800: 226639.085: [GC (Allocation Failure) 2020-08-10T14:09:32.498+0800: 226639.085: [ParNew: 673587K->17172K(737280K), 0.0390750 secs] 5593527K->4937322K(8306688K), 0.0392707 secs] [Times: user=0.17 sys=0.00, real=0.04 secs] 
2020-08-10T14:10:20.540+0800: 226687.127: [GC (Allocation Failure) 2020-08-10T14:10:20.540+0800: 226687.127: [ParNew: 672532K->22653K(737280K), 0.0366535 secs] 5592682K->4943287K(8306688K), 0.0369013 secs] [Times: user=0.11 sys=0.01, real=0.03 secs] 
2020-08-10T14:11:10.632+0800: 226737.219: [GC (Allocation Failure) 2020-08-10T14:11:10.632+0800: 226737.219: [ParNew: 678013K->22263K(737280K), 0.0259994 secs] 5598647K->4943121K(8306688K), 0.0261944 secs] [Times: user=0.12 sys=0.00, real=0.02 secs] 
2020-08-10T14:12:03.595+0800: 226790.182: [GC (Allocation Failure) 2020-08-10T14:12:03.595+0800: 226790.182: [ParNew: 677623K->26043K(737280K), 0.0287184 secs] 5598481K->4947354K(8306688K), 0.0289447 secs] [Times: user=0.16 sys=0.00, real=0.03 secs] 
2020-08-10T14:12:23.768+0800: 226810.356: [GC (Allocation Failure) 2020-08-10T14:12:23.769+0800: 226810.356: [ParNew: 681403K->63199K(737280K), 0.0477048 secs] 5602714K->4984933K(8306688K), 0.0478988 secs] [Times: user=0.31 sys=0.00, real=0.04 secs] 
2020-08-10T14:12:39.302+0800: 226825.889: [GC (Allocation Failure) 2020-08-10T14:12:39.302+0800: 226825.889: [ParNew: 718559K->81920K(737280K), 0.1230144 secs] 5640293K->5021260K(8306688K), 0.1231927 secs] [Times: user=0.80 sys=0.00, real=0.12 secs] 
2020-08-10T14:12:57.925+0800: 226844.513: [GC (Allocation Failure) 2020-08-10T14:12:57.926+0800: 226844.513: [ParNew: 737280K->81920K(737280K), 0.1344004 secs] 5676620K->5060403K(8306688K), 0.1355658 secs] [Times: user=0.64 sys=0.00, real=0.14 secs] 
2020-08-10T14:13:11.919+0800: 226858.506: [GC (Allocation Failure) 2020-08-10T14:13:11.919+0800: 226858.506: [ParNew: 737280K->81920K(737280K), 0.1017508 secs] 5715763K->5099532K(8306688K), 0.1019299 secs] [Times: user=0.68 sys=0.00, real=0.10 secs] 
2020-08-10T14:13:23.805+0800: 226870.392: [GC (Allocation Failure) 2020-08-10T14:13:23.805+0800: 226870.392: [ParNew: 737280K->81920K(737280K), 0.1056522 secs] 5754892K->5139485K(8306688K), 0.1058176 secs] [Times: user=0.65 sys=0.00, real=0.11 secs] 
2020-08-10T14:13:47.924+0800: 226894.511: [GC (Allocation Failure) 2020-08-10T14:13:47.924+0800: 226894.512: [ParNew: 737280K->74846K(737280K), 0.1457206 secs] 5794845K->5206396K(8306688K), 0.1458927 secs] [Times: user=0.71 sys=0.00, real=0.15 secs] 
2020-08-10T14:13:53.774+0800: 226900.361: [GC (Allocation Failure) 2020-08-10T14:13:53.774+0800: 226900.361: [ParNew: 703819K->81920K(737280K), 0.1010639 secs] 5835368K->5347322K(8306688K), 0.1013152 secs] [Times: user=0.44 sys=0.00, real=0.10 secs] 
2020-08-10T14:14:03.245+0800: 226909.832: [GC (Allocation Failure) 2020-08-10T14:14:03.245+0800: 226909.832: [ParNew: 737280K->37689K(737280K), 0.0516711 secs] 6002682K->5317507K(8306688K), 0.0518365 secs] [Times: user=0.30 sys=0.00, real=0.05 secs] 
2020-08-10T14:14:20.503+0800: 226927.090: [GC (Allocation Failure) 2020-08-10T14:14:20.503+0800: 226927.090: [ParNew: 693049K->66122K(737280K), 0.0659241 secs] 5972867K->5345940K(8306688K), 0.0660877 secs] [Times: user=0.44 sys=0.00, real=0.07 secs] 
2020-08-10T14:14:47.192+0800: 226953.780: [GC (Allocation Failure) 2020-08-10T14:14:47.192+0800: 226953.780: [ParNew: 721482K->56219K(737280K), 0.1128318 secs] 6001300K->5394861K(8306688K), 0.1130128 secs] [Times: user=0.70 sys=0.00, real=0.11 secs] 
2020-08-10T14:14:47.309+0800: 226953.896: [GC (CMS Initial Mark) [1 CMS-initial-mark: 5338642K(7569408K)] 5405199K(8306688K), 0.0070070 secs] [Times: user=0.03 sys=0.00, real=0.00 secs] 
2020-08-10T14:14:47.316+0800: 226953.903: [CMS-concurrent-mark-start]
2020-08-10T14:14:48.293+0800: 226954.880: [CMS-concurrent-mark: 0.977/0.977 secs] [Times: user=2.11 sys=0.12, real=0.98 secs] 
2020-08-10T14:14:48.293+0800: 226954.880: [CMS-concurrent-preclean-start]
2020-08-10T14:14:48.305+0800: 226954.892: [CMS-concurrent-preclean: 0.012/0.012 secs] [Times: user=0.02 sys=0.01, real=0.01 secs] 
2020-08-10T14:14:48.305+0800: 226954.892: [CMS-concurrent-abortable-preclean-start]
 CMS: abort preclean due to time 2020-08-10T14:14:53.386+0800: 226959.973: [CMS-concurrent-abortable-preclean: 3.548/5.081 secs] [Times: user=4.33 sys=1.13, real=5.08 secs] 
2020-08-10T14:14:53.387+0800: 226959.975: [GC (CMS Final Remark) [YG occupancy: 169002 K (737280 K)]2020-08-10T14:14:53.387+0800: 226959.975: [Rescan (parallel) , 0.0178054 secs]2020-08-10T14:14:53.405+0800: 226959.992: [weak refs processing, 0.0008527 secs]2020-08-10T14:14:53.406+0800: 226959.993: [class unloading, 0.0172950 secs]2020-08-10T14:14:53.423+0800: 226960.011: [scrub symbol table, 0.0060100 secs]2020-08-10T14:14:53.429+0800: 226960.017: [scrub string table, 0.0008428 secs][1 CMS-remark: 5338642K(7569408K)] 5507644K(8306688K), 0.0431052 secs] [Times: user=0.14 sys=0.00, real=0.04 secs] 
2020-08-10T14:14:53.431+0800: 226960.018: [CMS-concurrent-sweep-start]
2020-08-10T14:14:56.675+0800: 226963.262: [CMS-concurrent-sweep: 3.244/3.244 secs] [Times: user=3.65 sys=0.85, real=3.24 secs] 
2020-08-10T14:14:56.675+0800: 226963.262: [CMS-concurrent-reset-start]
2020-08-10T14:14:56.701+0800: 226963.288: [CMS-concurrent-reset: 0.026/0.026 secs] [Times: user=0.03 sys=0.01, real=0.03 secs] 
2020-08-10T14:15:17.348+0800: 226983.935: [GC (Allocation Failure) 2020-08-10T14:15:17.348+0800: 226983.935: [ParNew: 711579K->81920K(737280K), 0.0642462 secs] 1832138K->1204584K(8306688K), 0.0644275 secs] [Times: user=0.40 sys=0.00, real=0.06 secs] 
2020-08-10T14:15:47.775+0800: 227014.362: [GC (Allocation Failure) 2020-08-10T14:15:47.775+0800: 227014.362: [ParNew: 737280K->76980K(737280K), 0.0939287 secs] 1859944K->1234930K(8306688K), 0.0942035 secs] [Times: user=0.60 sys=0.00, real=0.10 secs] 
2020-08-10T14:16:15.273+0800: 227041.861: [GC (Allocation Failure) 2020-08-10T14:16:15.273+0800: 227041.861: [ParNew: 732340K->81920K(737280K), 0.1075072 secs] 1890290K->1266136K(8306688K), 0.1076755 secs] [Times: user=0.58 sys=0.00, real=0.11 secs] 
2020-08-10T14:16:41.028+0800: 227067.615: [GC (Allocation Failure) 2020-08-10T14:16:41.028+0800: 227067.615: [ParNew: 737280K->81920K(737280K), 0.1267791 secs] 1921496K->1304787K(8306688K), 0.1269882 secs] [Times: user=0.66 sys=0.00, real=0.12 secs] 
2020-08-10T14:17:00.861+0800: 227087.448: [GC (Allocation Failure) 2020-08-10T14:17:00.861+0800: 227087.449: [ParNew: 737280K->81920K(737280K), 0.1165731 secs] 1960147K->1344848K(8306688K), 0.1167676 secs] [Times: user=0.62 sys=0.00, real=0.11 secs] 
2020-08-10T14:17:18.746+0800: 227105.333: [GC (Allocation Failure) 2020-08-10T14:17:18.746+0800: 227105.333: [ParNew: 737280K->81920K(737280K), 0.1123906 secs] 2000208K->1380041K(8306688K), 0.1125836 secs] [Times: user=0.68 sys=0.00, real=0.11 secs] 
2020-08-10T14:17:43.077+0800: 227129.664: [GC (Allocation Failure) 2020-08-10T14:17:43.077+0800: 227129.665: [ParNew: 737280K->81920K(737280K), 0.1081907 secs] 2035401K->1424407K(8306688K), 0.1083881 secs] [Times: user=0.62 sys=0.00, real=0.11 secs] 
2020-08-10T14:17:56.046+0800: 227142.633: [GC (Allocation Failure) 2020-08-10T14:17:56.046+0800: 227142.633: [ParNew: 737280K->81920K(737280K), 0.1512011 secs] 2079767K->1456548K(8306688K), 0.1513556 secs] [Times: user=0.91 sys=0.00, real=0.15 secs] 
2020-08-10T14:18:11.257+0800: 227157.845: [GC (Allocation Failure) 2020-08-10T14:18:11.257+0800: 227157.845: [ParNew: 737280K->71220K(737280K), 0.1339875 secs] 2111908K->1517436K(8306688K), 0.1341602 secs] [Times: user=0.74 sys=0.00, real=0.14 secs] 
2020-08-10T14:18:24.336+0800: 227170.923: [GC (Allocation Failure) 2020-08-10T14:18:24.336+0800: 227170.923: [ParNew: 726580K->81920K(737280K), 0.0832412 secs] 2172796K->1532945K(8306688K), 0.0834362 secs] [Times: user=0.48 sys=0.00, real=0.09 secs] 
2020-08-10T14:18:35.920+0800: 227182.507: [GC (Allocation Failure) 2020-08-10T14:18:35.920+0800: 227182.507: [ParNew: 737280K->81920K(737280K), 0.1181055 secs] 2188305K->1578305K(8306688K), 0.1182876 secs] [Times: user=0.69 sys=0.00, real=0.11 secs] 
2020-08-10T14:18:51.489+0800: 227198.076: [GC (Allocation Failure) 2020-08-10T14:18:51.489+0800: 227198.077: [ParNew: 737280K->74487K(737280K), 0.1269727 secs] 2233665K->1646535K(8306688K), 0.1271230 secs] [Times: user=0.83 sys=0.00, real=0.12 secs] 
2020-08-10T14:19:06.298+0800: 227212.886: [GC (Allocation Failure) 2020-08-10T14:19:06.299+0800: 227212.886: [ParNew: 729847K->65467K(737280K), 0.0954365 secs] 2301895K->1679703K(8306688K), 0.0956501 secs] [Times: user=0.54 sys=0.01, real=0.10 secs] 
2020-08-10T14:19:19.599+0800: 227226.187: [GC (Allocation Failure) 2020-08-10T14:19:19.599+0800: 227226.187: [ParNew: 720827K->67593K(737280K), 0.1069797 secs] 2335063K->1723849K(8306688K), 0.1071416 secs] [Times: user=0.57 sys=0.00, real=0.10 secs] 
2020-08-10T14:19:36.250+0800: 227242.838: [GC (Allocation Failure) 2020-08-10T14:19:36.251+0800: 227242.838: [ParNew: 722953K->59525K(737280K), 0.0949335 secs] 2379209K->1758093K(8306688K), 0.0951339 secs] [Times: user=0.56 sys=0.00, real=0.09 secs] 
2020-08-10T14:19:50.914+0800: 227257.501: [GC (Allocation Failure) 2020-08-10T14:19:50.914+0800: 227257.501: [ParNew: 714885K->53210K(737280K), 0.0902653 secs] 2413453K->1792976K(8306688K), 0.0904358 secs] [Times: user=0.54 sys=0.00, real=0.09 secs] 
2020-08-10T14:20:12.114+0800: 227278.701: [GC (Allocation Failure) 2020-08-10T14:20:12.114+0800: 227278.701: [ParNew: 708570K->63050K(737280K), 0.1009978 secs] 2448336K->1843140K(8306688K), 0.1011746 secs] [Times: user=0.54 sys=0.00, real=0.10 secs] 
2020-08-10T14:20:33.387+0800: 227299.974: [GC (Allocation Failure) 2020-08-10T14:20:33.387+0800: 227299.974: [ParNew: 718410K->57099K(737280K), 0.1064436 secs] 2498500K->1877158K(8306688K), 0.1066236 secs] [Times: user=0.48 sys=0.00, real=0.10 secs] 
2020-08-10T14:20:52.104+0800: 227318.691: [GC (Allocation Failure) 2020-08-10T14:20:52.104+0800: 227318.691: [ParNew: 712459K->58626K(737280K), 0.0787436 secs] 2532518K->1919823K(8306688K), 0.0789222 secs] [Times: user=0.50 sys=0.00, real=0.08 secs] 
2020-08-10T14:21:20.683+0800: 227347.270: [GC (Allocation Failure) 2020-08-10T14:21:20.683+0800: 227347.271: [ParNew: 713986K->81920K(737280K), 0.0729121 secs] 2575183K->1945212K(8306688K), 0.0730923 secs] [Times: user=0.41 sys=0.00, real=0.07 secs] 
2020-08-10T14:21:46.735+0800: 227373.323: [GC (Allocation Failure) 2020-08-10T14:21:46.735+0800: 227373.323: [ParNew: 737280K->81920K(737280K), 0.0972498 secs] 2600572K->1986344K(8306688K), 0.0974435 secs] [Times: user=0.54 sys=0.00, real=0.10 secs] 
2020-08-10T14:22:19.610+0800: 227406.197: [GC (Allocation Failure) 2020-08-10T14:22:19.610+0800: 227406.198: [ParNew: 737280K->81920K(737280K), 0.1103155 secs] 2641704K->2023387K(8306688K), 0.1105023 secs] [Times: user=0.58 sys=0.00, real=0.11 secs] 
2020-08-10T14:23:03.101+0800: 227449.688: [GC (Allocation Failure) 2020-08-10T14:23:03.101+0800: 227449.688: [ParNew: 737280K->81920K(737280K), 0.1048147 secs] 2678747K->2059975K(8306688K), 0.1049907 secs] [Times: user=0.62 sys=0.00, real=0.10 secs] 
2020-08-10T14:23:35.885+0800: 227482.472: [GC (Allocation Failure) 2020-08-10T14:23:35.885+0800: 227482.472: [ParNew: 737280K->81920K(737280K), 0.1307635 secs] 2715335K->2100477K(8306688K), 0.1309585 secs] [Times: user=0.63 sys=0.00, real=0.13 secs] 
2020-08-10T14:24:22.791+0800: 227529.378: [GC (Allocation Failure) 2020-08-10T14:24:22.791+0800: 227529.378: [ParNew: 737280K->81920K(737280K), 0.1524344 secs] 2755837K->2138123K(8306688K), 0.1526025 secs] [Times: user=0.69 sys=0.00, real=0.15 secs] 
2020-08-10T14:25:03.499+0800: 227570.086: [GC (Allocation Failure) 2020-08-10T14:25:03.499+0800: 227570.086: [ParNew: 737280K->81920K(737280K), 0.0988373 secs] 2793483K->2175163K(8306688K), 0.0990079 secs] [Times: user=0.60 sys=0.00, real=0.09 secs] 
2020-08-10T14:25:42.451+0800: 227609.038: [GC (Allocation Failure) 2020-08-10T14:25:42.451+0800: 227609.038: [ParNew: 737280K->81920K(737280K), 0.1095481 secs] 2830523K->2217442K(8306688K), 0.1097311 secs] [Times: user=0.55 sys=0.00, real=0.11 secs] 
2020-08-10T14:26:21.930+0800: 227648.518: [GC (Allocation Failure) 2020-08-10T14:26:21.931+0800: 227648.518: [ParNew: 737280K->81920K(737280K), 0.0972436 secs] 2872802K->2250157K(8306688K), 0.0975049 secs] [Times: user=0.47 sys=0.00, real=0.10 secs] 
2020-08-10T14:27:03.282+0800: 227689.870: [GC (Allocation Failure) 2020-08-10T14:27:03.282+0800: 227689.870: [ParNew: 737280K->81920K(737280K), 0.1157449 secs] 2905517K->2280571K(8306688K), 0.1159777 secs] [Times: user=0.54 sys=0.00, real=0.11 secs] 
2020-08-10T14:27:46.149+0800: 227732.736: [GC (Allocation Failure) 2020-08-10T14:27:46.149+0800: 227732.736: [ParNew: 737280K->81920K(737280K), 0.1109238 secs] 2935931K->2309943K(8306688K), 0.1110911 secs] [Times: user=0.53 sys=0.00, real=0.11 secs] 
2020-08-10T14:28:42.074+0800: 227788.662: [GC (Allocation Failure) 2020-08-10T14:28:42.074+0800: 227788.662: [ParNew: 737280K->81920K(737280K), 0.0944884 secs] 2965303K->2343071K(8306688K), 0.0946901 secs] [Times: user=0.55 sys=0.00, real=0.10 secs] 
2020-08-10T14:29:29.075+0800: 227835.662: [GC (Allocation Failure) 2020-08-10T14:29:29.075+0800: 227835.662: [ParNew: 737280K->81920K(737280K), 0.1464518 secs] 2998431K->2379322K(8306688K), 0.1466473 secs] [Times: user=0.77 sys=0.00, real=0.15 secs] 
2020-08-10T14:30:04.522+0800: 227871.109: [GC (Allocation Failure) 2020-08-10T14:30:04.522+0800: 227871.109: [ParNew: 737280K->81920K(737280K), 0.1001639 secs] 3034682K->2412660K(8306688K), 0.1003664 secs] [Times: user=0.65 sys=0.00, real=0.10 secs] 
2020-08-10T14:30:28.025+0800: 227894.612: [GC (Allocation Failure) 2020-08-10T14:30:28.025+0800: 227894.612: [ParNew: 737280K->81920K(737280K), 0.1433885 secs] 3068020K->2448613K(8306688K), 0.1436002 secs] [Times: user=0.95 sys=0.00, real=0.15 secs] 
2020-08-10T14:30:53.621+0800: 227920.208: [GC (Allocation Failure) 2020-08-10T14:30:53.622+0800: 227920.209: [ParNew: 737280K->78595K(737280K), 0.1475157 secs] 3103973K->2523698K(8306688K), 0.1486604 secs] [Times: user=0.71 sys=0.00, real=0.15 secs] 
2020-08-10T14:31:15.841+0800: 227942.429: [GC (Allocation Failure) 2020-08-10T14:31:15.842+0800: 227942.429: [ParNew: 733955K->65639K(737280K), 0.1373120 secs] 3179058K->2549711K(8306688K), 0.1374929 secs] [Times: user=0.84 sys=0.00, real=0.14 secs] 
2020-08-10T14:31:35.456+0800: 227962.044: [GC (Allocation Failure) 2020-08-10T14:31:35.456+0800: 227962.044: [ParNew: 720999K->81920K(737280K), 0.1047906 secs] 3205071K->2575015K(8306688K), 0.1049868 secs] [Times: user=0.57 sys=0.00, real=0.11 secs] 
2020-08-10T14:31:56.489+0800: 227983.076: [GC (Allocation Failure) 2020-08-10T14:31:56.489+0800: 227983.076: [ParNew: 737280K->81920K(737280K), 0.1133790 secs] 3230375K->2614754K(8306688K), 0.1135644 secs] [Times: user=0.75 sys=0.00, real=0.11 secs] 
2020-08-10T14:32:18.389+0800: 228004.976: [GC (Allocation Failure) 2020-08-10T14:32:18.389+0800: 228004.976: [ParNew: 737198K->74048K(737280K), 0.1303430 secs] 3270033K->2681509K(8306688K), 0.1305097 secs] [Times: user=0.68 sys=0.00, real=0.13 secs] 
2020-08-10T14:32:43.572+0800: 228030.159: [GC (Allocation Failure) 2020-08-10T14:32:43.572+0800: 228030.159: [ParNew: 729408K->62636K(737280K), 0.0852781 secs] 3336869K->2708923K(8306688K), 0.0854436 secs] [Times: user=0.54 sys=0.00, real=0.08 secs] 
2020-08-10T14:33:06.131+0800: 228052.719: [GC (Allocation Failure) 2020-08-10T14:33:06.131+0800: 228052.719: [ParNew: 717996K->55421K(737280K), 0.1392824 secs] 3364283K->2742698K(8306688K), 0.1394805 secs] [Times: user=0.80 sys=0.00, real=0.14 secs] 
2020-08-10T14:33:29.430+0800: 228076.017: [GC (Allocation Failure) 2020-08-10T14:33:29.430+0800: 228076.017: [ParNew: 710757K->62589K(737280K), 0.1106963 secs] 3398034K->2790725K(8306688K), 0.1109268 secs] [Times: user=0.52 sys=0.00, real=0.11 secs] 
2020-08-10T14:33:50.765+0800: 228097.352: [GC (Allocation Failure) 2020-08-10T14:33:50.765+0800: 228097.352: [ParNew: 717949K->56741K(737280K), 0.0999267 secs] 3446085K->2824086K(8306688K), 0.1001144 secs] [Times: user=0.55 sys=0.00, real=0.10 secs] 
2020-08-10T14:34:13.042+0800: 228119.630: [GC (Allocation Failure) 2020-08-10T14:34:13.043+0800: 228119.630: [ParNew: 712101K->56216K(737280K), 0.0863003 secs] 3479446K->2862416K(8306688K), 0.0864853 secs] [Times: user=0.58 sys=0.00, real=0.09 secs] 
2020-08-10T14:34:35.833+0800: 228142.421: [GC (Allocation Failure) 2020-08-10T14:34:35.833+0800: 228142.421: [ParNew: 711576K->49102K(737280K), 0.1139267 secs] 3517776K->2896798K(8306688K), 0.1141139 secs] [Times: user=0.65 sys=0.00, real=0.12 secs] 
2020-08-10T14:35:01.227+0800: 228167.815: [GC (Allocation Failure) 2020-08-10T14:35:01.227+0800: 228167.815: [ParNew: 704462K->81920K(737280K), 0.1179495 secs] 3552158K->2931089K(8306688K), 0.1181595 secs] [Times: user=0.76 sys=0.00, real=0.11 secs] 
2020-08-10T14:35:27.199+0800: 228193.786: [GC (Allocation Failure) 2020-08-10T14:35:27.199+0800: 228193.787: [ParNew: 737273K->81920K(737280K), 0.1049141 secs] 3586442K->2966567K(8306688K), 0.1051137 secs] [Times: user=0.54 sys=0.00, real=0.10 secs] 
2020-08-10T14:35:54.735+0800: 228221.322: [GC (Allocation Failure) 2020-08-10T14:35:54.735+0800: 228221.323: [ParNew: 737280K->81920K(737280K), 0.0900209 secs] 3621927K->3004641K(8306688K), 0.0902862 secs] [Times: user=0.49 sys=0.00, real=0.09 secs] 
2020-08-10T14:36:19.798+0800: 228246.385: [GC (Allocation Failure) 2020-08-10T14:36:19.798+0800: 228246.386: [ParNew: 737280K->81920K(737280K), 0.0862177 secs] 3660001K->3036317K(8306688K), 0.0864100 secs] [Times: user=0.53 sys=0.00, real=0.09 secs] 
2020-08-10T14:36:50.809+0800: 228277.397: [GC (Allocation Failure) 2020-08-10T14:36:50.809+0800: 228277.397: [ParNew: 737280K->81920K(737280K), 0.0748822 secs] 3691677K->3070469K(8306688K), 0.0750512 secs] [Times: user=0.51 sys=0.00, real=0.07 secs] 
2020-08-10T14:37:13.728+0800: 228300.315: [GC (Allocation Failure) 2020-08-10T14:37:13.728+0800: 228300.315: [ParNew: 737280K->81920K(737280K), 0.0921920 secs] 3725829K->3103618K(8306688K), 0.0933304 secs] [Times: user=0.60 sys=0.00, real=0.09 secs] 
2020-08-10T14:37:49.059+0800: 228335.646: [GC (Allocation Failure) 2020-08-10T14:37:49.059+0800: 228335.646: [ParNew: 737280K->81920K(737280K), 0.1356001 secs] 3758978K->3142858K(8306688K), 0.1357768 secs] [Times: user=0.73 sys=0.00, real=0.13 secs] 
2020-08-10T14:38:08.942+0800: 228355.529: [GC (Allocation Failure) 2020-08-10T14:38:08.942+0800: 228355.529: [ParNew: 737280K->81920K(737280K), 0.1094882 secs] 3798218K->3185294K(8306688K), 0.1096706 secs] [Times: user=0.63 sys=0.00, real=0.11 secs] 
2020-08-10T14:38:32.001+0800: 228378.588: [GC (Allocation Failure) 2020-08-10T14:38:32.001+0800: 228378.588: [ParNew: 737280K->81920K(737280K), 0.1148881 secs] 3840654K->3218430K(8306688K), 0.1150694 secs] [Times: user=0.67 sys=0.00, real=0.11 secs] 
2020-08-10T14:38:59.007+0800: 228405.594: [GC (Allocation Failure) 2020-08-10T14:38:59.007+0800: 228405.594: [ParNew: 737280K->81920K(737280K), 0.1447960 secs] 3873790K->3256767K(8306688K), 0.1450765 secs] [Times: user=0.65 sys=0.00, real=0.14 secs] 
2020-08-10T14:39:30.887+0800: 228437.474: [GC (Allocation Failure) 2020-08-10T14:39:30.887+0800: 228437.474: [ParNew: 737280K->81920K(737280K), 0.1125169 secs] 3912127K->3305262K(8306688K), 0.1126932 secs] [Times: user=0.64 sys=0.00, real=0.11 secs] 
2020-08-10T14:39:53.311+0800: 228459.898: [GC (Allocation Failure) 2020-08-10T14:39:53.311+0800: 228459.898: [ParNew: 737280K->81920K(737280K), 0.0977423 secs] 3960622K->3336514K(8306688K), 0.0979195 secs] [Times: user=0.59 sys=0.00, real=0.10 secs] 
2020-08-10T14:40:08.961+0800: 228475.548: [GC (Allocation Failure) 2020-08-10T14:40:08.961+0800: 228475.548: [ParNew: 737280K->81920K(737280K), 0.1067272 secs] 3991874K->3373678K(8306688K), 0.1068980 secs] [Times: user=0.66 sys=0.00, real=0.11 secs] 
2020-08-10T14:40:32.504+0800: 228499.092: [GC (Allocation Failure) 2020-08-10T14:40:32.504+0800: 228499.092: [ParNew: 737280K->75524K(737280K), 0.1150319 secs] 4029038K->3442175K(8306688K), 0.1152005 secs] [Times: user=0.76 sys=0.00, real=0.12 secs] 
2020-08-10T14:40:46.957+0800: 228513.544: [GC (Allocation Failure) 2020-08-10T14:40:46.957+0800: 228513.544: [ParNew: 730884K->81920K(737280K), 0.0658112 secs] 4097535K->3451336K(8306688K), 0.0659756 secs] [Times: user=0.48 sys=0.00, real=0.07 secs] 
2020-08-10T14:41:04.556+0800: 228531.143: [GC (Allocation Failure) 2020-08-10T14:41:04.556+0800: 228531.143: [ParNew: 737280K->81920K(737280K), 0.1137461 secs] 4106696K->3493524K(8306688K), 0.1139126 secs] [Times: user=0.65 sys=0.00, real=0.12 secs] 
2020-08-10T14:41:23.377+0800: 228549.964: [GC (Allocation Failure) 2020-08-10T14:41:23.377+0800: 228549.964: [ParNew: 737280K->81920K(737280K), 0.1027091 secs] 4148884K->3530334K(8306688K), 0.1028887 secs] [Times: user=0.69 sys=0.00, real=0.11 secs] 
2020-08-10T14:41:42.060+0800: 228568.647: [GC (Allocation Failure) 2020-08-10T14:41:42.060+0800: 228568.647: [ParNew: 737280K->81920K(737280K), 0.1143223 secs] 4185694K->3573187K(8306688K), 0.1145066 secs] [Times: user=0.71 sys=0.00, real=0.11 secs] 
2020-08-10T14:42:05.111+0800: 228591.699: [GC (Allocation Failure) 2020-08-10T14:42:05.111+0800: 228591.699: [ParNew: 737280K->76490K(737280K), 0.1419779 secs] 4228547K->3641634K(8306688K), 0.1421930 secs] [Times: user=0.69 sys=0.00, real=0.14 secs] 
2020-08-10T14:42:25.923+0800: 228612.511: [GC (Allocation Failure) 2020-08-10T14:42:25.923+0800: 228612.511: [ParNew: 731850K->60056K(737280K), 0.0919961 secs] 4296994K->3664532K(8306688K), 0.0921667 secs] [Times: user=0.56 sys=0.00, real=0.09 secs] 
2020-08-10T14:42:44.193+0800: 228630.780: [GC (Allocation Failure) 2020-08-10T14:42:44.193+0800: 228630.780: [ParNew: 715416K->64795K(737280K), 0.0910718 secs] 4319892K->3709907K(8306688K), 0.0912901 secs] [Times: user=0.52 sys=0.00, real=0.09 secs] 
2020-08-10T14:42:58.051+0800: 228644.638: [GC (Allocation Failure) 2020-08-10T14:42:58.051+0800: 228644.638: [ParNew: 720155K->65905K(737280K), 0.1067578 secs] 4365267K->3751255K(8306688K), 0.1069571 secs] [Times: user=0.56 sys=0.01, real=0.11 secs] 
2020-08-10T14:43:18.006+0800: 228664.593: [GC (Allocation Failure) 2020-08-10T14:43:18.006+0800: 228664.593: [ParNew: 721265K->53566K(737280K), 0.1015964 secs] 4406615K->3781234K(8306688K), 0.1018027 secs] [Times: user=0.54 sys=0.00, real=0.11 secs] 
2020-08-10T14:43:37.775+0800: 228684.362: [GC (Allocation Failure) 2020-08-10T14:43:37.775+0800: 228684.362: [ParNew: 708926K->81920K(737280K), 0.0752805 secs] 4436594K->3813785K(8306688K), 0.0754604 secs] [Times: user=0.48 sys=0.00, real=0.08 secs] 
2020-08-10T14:44:00.619+0800: 228707.206: [GC (Allocation Failure) 2020-08-10T14:44:00.619+0800: 228707.206: [ParNew: 737280K->81920K(737280K), 0.1428345 secs] 4469145K->3860384K(8306688K), 0.1430036 secs] [Times: user=0.69 sys=0.00, real=0.14 secs] 
2020-08-10T14:44:22.152+0800: 228728.739: [GC (Allocation Failure) 2020-08-10T14:44:22.152+0800: 228728.739: [ParNew: 737280K->81920K(737280K), 0.1273775 secs] 4515744K->3897141K(8306688K), 0.1275606 secs] [Times: user=0.62 sys=0.00, real=0.13 secs] 
2020-08-10T14:44:41.212+0800: 228747.799: [GC (Allocation Failure) 2020-08-10T14:44:41.212+0800: 228747.799: [ParNew: 737280K->81920K(737280K), 0.1133194 secs] 4552501K->3935175K(8306688K), 0.1134866 secs] [Times: user=0.69 sys=0.00, real=0.11 secs] 
2020-08-10T14:45:00.057+0800: 228766.644: [GC (Allocation Failure) 2020-08-10T14:45:00.057+0800: 228766.644: [ParNew: 737280K->81920K(737280K), 0.1066670 secs] 4590535K->3971344K(8306688K), 0.1068504 secs] [Times: user=0.70 sys=0.00, real=0.11 secs] 
2020-08-10T14:45:16.888+0800: 228783.475: [GC (Allocation Failure) 2020-08-10T14:45:16.888+0800: 228783.475: [ParNew: 737280K->81920K(737280K), 0.1313583 secs] 4626704K->4017480K(8306688K), 0.1315392 secs] [Times: user=0.60 sys=0.00, real=0.13 secs] 
2020-08-10T14:45:37.197+0800: 228803.784: [GC (Allocation Failure) 2020-08-10T14:45:37.197+0800: 228803.784: [ParNew: 737280K->81920K(737280K), 0.1081986 secs] 4672840K->4049554K(8306688K), 0.1083854 secs] [Times: user=0.70 sys=0.00, real=0.11 secs] 
2020-08-10T14:46:00.309+0800: 228826.896: [GC (Allocation Failure) 2020-08-10T14:46:00.309+0800: 228826.896: [ParNew: 737280K->81920K(737280K), 0.1444478 secs] 4704914K->4092183K(8306688K), 0.1446200 secs] [Times: user=0.91 sys=0.00, real=0.14 secs] 
2020-08-10T14:46:26.937+0800: 228853.524: [GC (Allocation Failure) 2020-08-10T14:46:26.937+0800: 228853.524: [ParNew: 737280K->81920K(737280K), 0.0878580 secs] 4747543K->4124885K(8306688K), 0.0880172 secs] [Times: user=0.57 sys=0.00, real=0.09 secs] 
2020-08-10T14:46:57.366+0800: 228883.953: [GC (Allocation Failure) 2020-08-10T14:46:57.366+0800: 228883.953: [ParNew: 737280K->81920K(737280K), 0.0885880 secs] 4780245K->4169914K(8306688K), 0.0887752 secs] [Times: user=0.56 sys=0.00, real=0.09 secs] 
2020-08-10T14:47:18.679+0800: 228905.267: [GC (Allocation Failure) 2020-08-10T14:47:18.679+0800: 228905.267: [ParNew: 737280K->81920K(737280K), 0.0964562 secs] 4825274K->4204135K(8306688K), 0.0966325 secs] [Times: user=0.57 sys=0.00, real=0.09 secs] 
2020-08-10T14:47:52.362+0800: 228938.949: [GC (Allocation Failure) 2020-08-10T14:47:52.362+0800: 228938.949: [ParNew: 737280K->81920K(737280K), 0.1004403 secs] 4859495K->4236316K(8306688K), 0.1006179 secs] [Times: user=0.62 sys=0.00, real=0.10 secs] 
2020-08-10T14:48:23.204+0800: 228969.792: [GC (Allocation Failure) 2020-08-10T14:48:23.204+0800: 228969.792: [ParNew: 737280K->81920K(737280K), 0.1177034 secs] 4891676K->4281076K(8306688K), 0.1179089 secs] [Times: user=0.66 sys=0.00, real=0.12 secs] 
2020-08-10T14:48:53.796+0800: 229000.383: [GC (Allocation Failure) 2020-08-10T14:48:53.796+0800: 229000.383: [ParNew: 737280K->81920K(737280K), 0.0913879 secs] 4936436K->4312738K(8306688K), 0.0915805 secs] [Times: user=0.54 sys=0.00, real=0.10 secs] 
2020-08-10T14:49:22.920+0800: 229029.507: [GC (Allocation Failure) 2020-08-10T14:49:22.920+0800: 229029.507: [ParNew: 737167K->81356K(737280K), 0.0868026 secs] 4967985K->4345198K(8306688K), 0.0869723 secs] [Times: user=0.58 sys=0.00, real=0.09 secs] 
2020-08-10T14:49:44.421+0800: 229051.009: [GC (Allocation Failure) 2020-08-10T14:49:44.423+0800: 229051.010: [ParNew: 736716K->81920K(737280K), 0.1187737 secs] 5000558K->4382099K(8306688K), 0.1201094 secs] [Times: user=0.62 sys=0.00, real=0.12 secs] 
2020-08-10T14:50:07.623+0800: 229074.210: [GC (Allocation Failure) 2020-08-10T14:50:07.623+0800: 229074.211: [ParNew: 737280K->81920K(737280K), 0.0983301 secs] 5037459K->4416549K(8306688K), 0.0984982 secs] [Times: user=0.47 sys=0.00, real=0.10 secs] 
2020-08-10T14:50:40.582+0800: 229107.169: [GC (Allocation Failure) 2020-08-10T14:50:40.582+0800: 229107.169: [ParNew: 737280K->81920K(737280K), 0.1105523 secs] 5071909K->4450552K(8306688K), 0.1107349 secs] [Times: user=0.64 sys=0.00, real=0.11 secs] 
2020-08-10T14:51:17.714+0800: 229144.301: [GC (Allocation Failure) 2020-08-10T14:51:17.714+0800: 229144.301: [ParNew: 737280K->81920K(737280K), 0.1117948 secs] 5105912K->4482923K(8306688K), 0.1119613 secs] [Times: user=0.59 sys=0.00, real=0.11 secs] 
2020-08-10T14:52:02.171+0800: 229188.759: [GC (Allocation Failure) 2020-08-10T14:52:02.171+0800: 229188.759: [ParNew: 737280K->78534K(737280K), 0.1063006 secs] 5138283K->4514234K(8306688K), 0.1064702 secs] [Times: user=0.49 sys=0.00, real=0.10 secs] 
2020-08-10T14:52:43.830+0800: 229230.418: [GC (Allocation Failure) 2020-08-10T14:52:43.830+0800: 229230.418: [ParNew: 733894K->69707K(737280K), 0.0735303 secs] 5169594K->4536669K(8306688K), 0.0736961 secs] [Times: user=0.41 sys=0.00, real=0.07 secs] 
2020-08-10T14:53:24.011+0800: 229270.599: [GC (Allocation Failure) 2020-08-10T14:53:24.011+0800: 229270.599: [ParNew: 725067K->80642K(737280K), 0.0689930 secs] 5192029K->4564279K(8306688K), 0.0691817 secs] [Times: user=0.44 sys=0.00, real=0.07 secs] 
2020-08-10T14:54:08.744+0800: 229315.331: [GC (Allocation Failure) 2020-08-10T14:54:08.744+0800: 229315.331: [ParNew: 736002K->74917K(737280K), 0.0890672 secs] 5219639K->4582096K(8306688K), 0.0892540 secs] [Times: user=0.47 sys=0.00, real=0.09 secs] 
2020-08-10T14:54:42.287+0800: 229348.874: [GC (Allocation Failure) 2020-08-10T14:54:42.287+0800: 229348.874: [ParNew: 730277K->78213K(737280K), 0.0844180 secs] 5237456K->4610278K(8306688K), 0.0845984 secs] [Times: user=0.48 sys=0.00, real=0.08 secs] 
2020-08-10T14:55:21.340+0800: 229387.928: [GC (Allocation Failure) 2020-08-10T14:55:21.341+0800: 229387.928: [ParNew: 733573K->81920K(737280K), 0.0999543 secs] 5265638K->4647700K(8306688K), 0.1001517 secs] [Times: user=0.48 sys=0.00, real=0.10 secs] 
2020-08-10T14:56:08.290+0800: 229434.877: [GC (Allocation Failure) 2020-08-10T14:56:08.290+0800: 229434.877: [ParNew: 737280K->63295K(737280K), 0.0882715 secs] 5303060K->4653110K(8306688K), 0.0884277 secs] [Times: user=0.37 sys=0.00, real=0.08 secs] 
2020-08-10T14:56:53.472+0800: 229480.059: [GC (Allocation Failure) 2020-08-10T14:56:53.472+0800: 229480.060: [ParNew: 718537K->74219K(737280K), 0.0846603 secs] 5308353K->4681987K(8306688K), 0.0848624 secs] [Times: user=0.41 sys=0.00, real=0.08 secs] 
2020-08-10T14:57:36.717+0800: 229523.304: [GC (Allocation Failure) 2020-08-10T14:57:36.717+0800: 229523.304: [ParNew: 729579K->64390K(737280K), 0.0744003 secs] 5337347K->4696627K(8306688K), 0.0745685 secs] [Times: user=0.39 sys=0.01, real=0.08 secs] 
2020-08-10T14:58:19.522+0800: 229566.109: [GC (Allocation Failure) 2020-08-10T14:58:19.522+0800: 229566.109: [ParNew: 719750K->54026K(737280K), 0.0682857 secs] 5351987K->4706844K(8306688K), 0.0684942 secs] [Times: user=0.43 sys=0.00, real=0.07 secs] 
2020-08-10T14:58:56.523+0800: 229603.111: [GC (Allocation Failure) 2020-08-10T14:58:56.523+0800: 229603.111: [ParNew: 709386K->68419K(737280K), 0.1099942 secs] 5362204K->4739225K(8306688K), 0.1101616 secs] [Times: user=0.39 sys=0.00, real=0.11 secs] 
2020-08-10T14:59:40.166+0800: 229646.753: [GC (GCLocker Initiated GC) 2020-08-10T14:59:40.166+0800: 229646.753: [ParNew: 723783K->74893K(737280K), 0.0788617 secs] 5394589K->4766539K(8306688K), 0.0790190 secs] [Times: user=0.53 sys=0.00, real=0.08 secs] 
2020-08-10T15:00:13.475+0800: 229680.062: [GC (Allocation Failure) 2020-08-10T15:00:13.475+0800: 229680.063: [ParNew: 730253K->81919K(737280K), 0.0802348 secs] 5421899K->4798278K(8306688K), 0.0803951 secs] [Times: user=0.45 sys=0.00, real=0.08 secs] 
2020-08-10T15:00:44.612+0800: 229711.200: [GC (Allocation Failure) 2020-08-10T15:00:44.612+0800: 229711.200: [ParNew: 737279K->81920K(737280K), 0.1208289 secs] 5453638K->4827083K(8306688K), 0.1210600 secs] [Times: user=0.57 sys=0.01, real=0.12 secs] 
2020-08-10T15:01:16.613+0800: 229743.200: [GC (Allocation Failure) 2020-08-10T15:01:16.613+0800: 229743.200: [ParNew: 737280K->81920K(737280K), 0.1207417 secs] 5482443K->4861526K(8306688K), 0.1209065 secs] [Times: user=0.58 sys=0.00, real=0.12 secs] 
2020-08-10T15:01:52.474+0800: 229779.061: [GC (Allocation Failure) 2020-08-10T15:01:52.474+0800: 229779.062: [ParNew: 737280K->75631K(737280K), 0.0868164 secs] 5516886K->4885004K(8306688K), 0.0870015 secs] [Times: user=0.49 sys=0.00, real=0.09 secs] 
2020-08-10T15:02:33.502+0800: 229820.089: [GC (Allocation Failure) 2020-08-10T15:02:33.502+0800: 229820.089: [ParNew: 730991K->70500K(737280K), 0.0776283 secs] 5540364K->4906455K(8306688K), 0.0777919 secs] [Times: user=0.52 sys=0.00, real=0.08 secs] 
2020-08-10T15:03:19.938+0800: 229866.525: [GC (Allocation Failure) 2020-08-10T15:03:19.938+0800: 229866.525: [ParNew: 725860K->81920K(737280K), 0.1080587 secs] 5561815K->4946584K(8306688K), 0.1082267 secs] [Times: user=0.50 sys=0.00, real=0.11 secs] 
2020-08-10T15:04:03.798+0800: 229910.385: [GC (Allocation Failure) 2020-08-10T15:04:03.798+0800: 229910.385: [ParNew: 737280K->79399K(737280K), 0.0860523 secs] 5601944K->4972196K(8306688K), 0.0862195 secs] [Times: user=0.56 sys=0.00, real=0.09 secs] 
2020-08-10T15:04:46.445+0800: 229953.032: [GC (Allocation Failure) 2020-08-10T15:04:46.445+0800: 229953.032: [ParNew: 734759K->81920K(737280K), 0.0769192 secs] 5627556K->5002752K(8306688K), 0.0770939 secs] [Times: user=0.51 sys=0.00, real=0.08 secs] 
2020-08-10T15:05:30.465+0800: 229997.052: [GC (Allocation Failure) 2020-08-10T15:05:30.465+0800: 229997.052: [ParNew: 737280K->67190K(737280K), 0.0985232 secs] 5658112K->5019181K(8306688K), 0.0987132 secs] [Times: user=0.46 sys=0.00, real=0.10 secs] 
2020-08-10T15:06:02.090+0800: 230028.677: [GC (Allocation Failure) 2020-08-10T15:06:02.090+0800: 230028.677: [ParNew: 722550K->81919K(737280K), 0.1043847 secs] 5674541K->5057367K(8306688K), 0.1045713 secs] [Times: user=0.65 sys=0.00, real=0.10 secs] 
2020-08-10T15:06:30.617+0800: 230057.204: [GC (Allocation Failure) 2020-08-10T15:06:30.617+0800: 230057.204: [ParNew: 737279K->81920K(737280K), 0.0930082 secs] 5712727K->5077778K(8306688K), 0.0931773 secs] [Times: user=0.59 sys=0.00, real=0.10 secs] 
2020-08-10T15:07:07.918+0800: 230094.505: [GC (Allocation Failure) 2020-08-10T15:07:07.918+0800: 230094.505: [ParNew: 737280K->81920K(737280K), 0.0886684 secs] 5733138K->5110035K(8306688K), 0.0888688 secs] [Times: user=0.53 sys=0.00, real=0.10 secs] 
2020-08-10T15:07:35.482+0800: 230122.069: [GC (Allocation Failure) 2020-08-10T15:07:35.482+0800: 230122.069: [ParNew: 737280K->81920K(737280K), 0.1006574 secs] 5765395K->5146730K(8306688K), 0.1008326 secs] [Times: user=0.58 sys=0.00, real=0.10 secs] 
2020-08-10T15:08:13.850+0800: 230160.437: [GC (Allocation Failure) 2020-08-10T15:08:13.850+0800: 230160.438: [ParNew: 737280K->81920K(737280K), 0.0887820 secs] 5802090K->5174807K(8306688K), 0.0889739 secs] [Times: user=0.62 sys=0.00, real=0.09 secs] 
2020-08-10T15:08:53.690+0800: 230200.277: [GC (Allocation Failure) 2020-08-10T15:08:53.690+0800: 230200.277: [ParNew: 737280K->81920K(737280K), 0.1450367 secs] 5830167K->5213481K(8306688K), 0.1453014 secs] [Times: user=0.48 sys=0.00, real=0.14 secs] 
2020-08-10T15:09:21.823+0800: 230228.411: [GC (Allocation Failure) 2020-08-10T15:09:21.823+0800: 230228.411: [ParNew: 737165K->76499K(737280K), 0.0898856 secs] 5868727K->5235943K(8306688K), 0.0900773 secs] [Times: user=0.47 sys=0.00, real=0.09 secs] 
2020-08-10T15:09:55.300+0800: 230261.887: [GC (Allocation Failure) 2020-08-10T15:09:55.300+0800: 230261.887: [ParNew: 729141K->77548K(737280K), 0.0790823 secs] 5888585K->5258716K(8306688K), 0.0792985 secs] [Times: user=0.39 sys=0.00, real=0.08 secs] 
2020-08-10T15:09:59.048+0800: 230265.635: [GC (Allocation Failure) 2020-08-10T15:09:59.048+0800: 230265.636: [ParNew: 732908K->81920K(737280K), 1.0425687 secs] 5914076K->5523651K(8306688K), 1.0427343 secs] [Times: user=7.51 sys=0.00, real=1.04 secs] 
2020-08-10T15:10:00.095+0800: 230266.682: [GC (CMS Initial Mark) [1 CMS-initial-mark: 5441731K(7569408K)] 5529202K(8306688K), 0.0248674 secs] [Times: user=0.13 sys=0.00, real=0.03 secs] 
2020-08-10T15:10:00.120+0800: 230266.707: [CMS-concurrent-mark-start]
2020-08-10T15:10:00.650+0800: 230267.238: [GC (Allocation Failure) 2020-08-10T15:10:00.650+0800: 230267.238: [ParNew: 737280K->73968K(737280K), 0.1524669 secs] 6179011K->5597337K(8306688K), 0.1526243 secs] [Times: user=1.00 sys=0.00, real=0.15 secs] 
2020-08-10T15:10:01.462+0800: 230268.049: [GC (Allocation Failure) 2020-08-10T15:10:01.462+0800: 230268.049: [ParNew: 729328K->18505K(737280K), 0.0212765 secs] 6252697K->5541873K(8306688K), 0.0214219 secs] [Times: user=0.11 sys=0.00, real=0.02 secs] 
2020-08-10T15:10:01.967+0800: 230268.554: [GC (Allocation Failure) 2020-08-10T15:10:01.967+0800: 230268.554: [ParNew: 673865K->4639K(737280K), 0.0128921 secs] 6197233K->5528008K(8306688K), 0.0130365 secs] [Times: user=0.10 sys=0.00, real=0.01 secs] 
2020-08-10T15:10:02.399+0800: 230268.987: [GC (Allocation Failure) 2020-08-10T15:10:02.399+0800: 230268.987: [ParNew: 659999K->1173K(737280K), 0.0093497 secs] 6183368K->5524541K(8306688K), 0.0094946 secs] [Times: user=0.07 sys=0.00, real=0.01 secs] 
2020-08-10T15:10:02.818+0800: 230269.405: [GC (Allocation Failure) 2020-08-10T15:10:02.818+0800: 230269.405: [ParNew: 656533K->234K(737280K), 0.0153043 secs] 6179901K->5523602K(8306688K), 0.0154465 secs] [Times: user=0.08 sys=0.00, real=0.02 secs] 
2020-08-10T15:10:03.248+0800: 230269.836: [GC (Allocation Failure) 2020-08-10T15:10:03.249+0800: 230269.836: [ParNew: 655594K->124K(737280K), 0.0091488 secs] 6178962K->5523493K(8306688K), 0.0092821 secs] [Times: user=0.08 sys=0.00, real=0.00 secs] 
2020-08-10T15:10:03.714+0800: 230270.301: [GC (Allocation Failure) 2020-08-10T15:10:03.714+0800: 230270.301: [ParNew: 655484K->84K(737280K), 0.0144655 secs] 6178853K->5523521K(8306688K), 0.0146256 secs] [Times: user=0.09 sys=0.00, real=0.02 secs] 
2020-08-10T15:10:04.373+0800: 230270.961: [GC (Allocation Failure) 2020-08-10T15:10:04.373+0800: 230270.961: [ParNew: 655444K->73K(737280K), 0.0136984 secs] 6178881K->5523511K(8306688K), 0.0138654 secs] [Times: user=0.09 sys=0.00, real=0.02 secs] 
2020-08-10T15:10:04.526+0800: 230271.113: [CMS-concurrent-mark: 4.148/4.406 secs] [Times: user=14.30 sys=0.00, real=4.40 secs] 
2020-08-10T15:10:04.526+0800: 230271.113: [CMS-concurrent-preclean-start]
2020-08-10T15:10:04.670+0800: 230271.258: [CMS-concurrent-preclean: 0.142/0.144 secs] [Times: user=0.29 sys=0.00, real=0.15 secs] 
2020-08-10T15:10:04.670+0800: 230271.258: [CMS-concurrent-abortable-preclean-start]
2020-08-10T15:10:04.832+0800: 230271.419: [GC (Allocation Failure) 2020-08-10T15:10:04.832+0800: 230271.419: [ParNew: 655433K->87K(737280K), 0.0094264 secs] 6178871K->5523527K(8306688K), 0.0096028 secs] [Times: user=0.07 sys=0.00, real=0.01 secs] 
2020-08-10T15:10:05.203+0800: 230271.790: [CMS-concurrent-abortable-preclean: 0.080/0.532 secs] [Times: user=0.72 sys=0.00, real=0.53 secs] 
2020-08-10T15:10:05.204+0800: 230271.791: [GC (CMS Final Remark) [YG occupancy: 582418 K (737280 K)]2020-08-10T15:10:05.204+0800: 230271.791: [Rescan (parallel) , 0.0577473 secs]2020-08-10T15:10:05.262+0800: 230271.849: [weak refs processing, 0.0011619 secs]2020-08-10T15:10:05.263+0800: 230271.850: [class unloading, 0.0165347 secs]2020-08-10T15:10:05.279+0800: 230271.867: [scrub symbol table, 0.0061521 secs]2020-08-10T15:10:05.285+0800: 230271.873: [scrub string table, 0.0009091 secs][1 CMS-remark: 5523439K(7569408K)] 6105858K(8306688K), 0.0828215 secs] [Times: user=0.44 sys=0.00, real=0.09 secs] 
2020-08-10T15:10:05.287+0800: 230271.874: [CMS-concurrent-sweep-start]
2020-08-10T15:10:05.374+0800: 230271.961: [GC (Allocation Failure) 2020-08-10T15:10:05.374+0800: 230271.961: [ParNew: 655447K->100K(737280K), 0.0146042 secs] 6178374K->5523027K(8306688K), 0.0147705 secs] [Times: user=0.10 sys=0.00, real=0.02 secs] 
2020-08-10T15:10:05.998+0800: 230272.586: [GC (Allocation Failure) 2020-08-10T15:10:05.998+0800: 230272.586: [ParNew: 655460K->104K(737280K), 0.0092425 secs] 6165818K->5510473K(8306688K), 0.0093927 secs] [Times: user=0.07 sys=0.00, real=0.02 secs] 
2020-08-10T15:10:06.605+0800: 230273.192: [GC (Allocation Failure) 2020-08-10T15:10:06.605+0800: 230273.192: [ParNew: 655464K->108K(737280K), 0.0107870 secs] 6147508K->5492153K(8306688K), 0.0109474 secs] [Times: user=0.08 sys=0.00, real=0.01 secs] 
2020-08-10T15:10:07.162+0800: 230273.749: [GC (Allocation Failure) 2020-08-10T15:10:07.162+0800: 230273.749: [ParNew: 655468K->122K(737280K), 0.0197049 secs] 6120591K->5465246K(8306688K), 0.0198985 secs] [Times: user=0.09 sys=0.00, real=0.02 secs] 
2020-08-10T15:10:07.641+0800: 230274.228: [GC (Allocation Failure) 2020-08-10T15:10:07.641+0800: 230274.228: [ParNew: 655482K->49K(737280K), 0.0142284 secs] 6097794K->5442406K(8306688K), 0.0143777 secs] [Times: user=0.10 sys=0.00, real=0.01 secs] 
2020-08-10T15:10:07.921+0800: 230274.508: [CMS-concurrent-sweep: 2.559/2.634 secs] [Times: user=5.63 sys=0.00, real=2.63 secs] 
2020-08-10T15:10:07.921+0800: 230274.508: [CMS-concurrent-reset-start]
2020-08-10T15:10:07.947+0800: 230274.535: [CMS-concurrent-reset: 0.026/0.026 secs] [Times: user=0.05 sys=0.00, real=0.03 secs] 
2020-08-10T15:10:08.079+0800: 230274.666: [GC (Allocation Failure) 2020-08-10T15:10:08.079+0800: 230274.666: [ParNew: 655409K->33K(737280K), 0.0136607 secs] 6002479K->5347115K(8306688K), 0.0137992 secs] [Times: user=0.08 sys=0.00, real=0.01 secs] 
2020-08-10T15:10:08.094+0800: 230274.681: [GC (CMS Initial Mark) [1 CMS-initial-mark: 5347081K(7569408K)] 5360210K(8306688K), 0.0010160 secs] [Times: user=0.00 sys=0.00, real=0.00 secs] 
2020-08-10T15:10:08.095+0800: 230274.682: [CMS-concurrent-mark-start]
2020-08-10T15:10:08.491+0800: 230275.078: [GC (Allocation Failure) 2020-08-10T15:10:08.491+0800: 230275.078: [ParNew: 655393K->33K(737280K), 0.0125727 secs] 6002475K->5347120K(8306688K), 0.0127366 secs] [Times: user=0.08 sys=0.00, real=0.01 secs] 
2020-08-10T15:10:08.911+0800: 230275.498: [GC (Allocation Failure) 2020-08-10T15:10:08.911+0800: 230275.498: [ParNew: 655393K->20K(737280K), 0.0129508 secs] 6002480K->5347116K(8306688K), 0.0131010 secs] [Times: user=0.08 sys=0.00, real=0.01 secs] 
2020-08-10T15:10:09.315+0800: 230275.902: [GC (Allocation Failure) 2020-08-10T15:10:09.315+0800: 230275.902: [ParNew: 655380K->16K(737280K), 0.0092711 secs] 6002476K->5347112K(8306688K), 0.0094335 secs] [Times: user=0.07 sys=0.00, real=0.01 secs] 
2020-08-10T15:10:09.723+0800: 230276.310: [GC (Allocation Failure) 2020-08-10T15:10:09.723+0800: 230276.310: [ParNew: 655376K->18K(737280K), 0.0141561 secs] 6002472K->5347114K(8306688K), 0.0142986 secs] [Times: user=0.10 sys=0.00, real=0.01 secs] 
2020-08-10T15:10:10.121+0800: 230276.708: [GC (Allocation Failure) 2020-08-10T15:10:10.121+0800: 230276.709: [ParNew: 655378K->18K(737280K), 0.0091156 secs] 6002474K->5347115K(8306688K), 0.0092979 secs] [Times: user=0.07 sys=0.00, real=0.01 secs] 
2020-08-10T15:10:10.546+0800: 230277.134: [GC (Allocation Failure) 2020-08-10T15:10:10.546+0800: 230277.134: [ParNew: 655378K->16K(737280K), 0.0133203 secs] 6002475K->5347118K(8306688K), 0.0134698 secs] [Times: user=0.09 sys=0.00, real=0.02 secs] 
2020-08-10T15:10:10.975+0800: 230277.562: [GC (Allocation Failure) 2020-08-10T15:10:10.975+0800: 230277.563: [ParNew: 655376K->16K(737280K), 0.0153382 secs] 6002478K->5347118K(8306688K), 0.0155010 secs] [Times: user=0.11 sys=0.00, real=0.02 secs] 
2020-08-10T15:10:11.372+0800: 230277.959: [GC (Allocation Failure) 2020-08-10T15:10:11.372+0800: 230277.959: [ParNew: 655376K->16K(737280K), 0.0093416 secs] 6002478K->5347118K(8306688K), 0.0094862 secs] [Times: user=0.07 sys=0.00, real=0.01 secs] 
2020-08-10T15:10:11.780+0800: 230278.367: [GC (Allocation Failure) 2020-08-10T15:10:11.780+0800: 230278.367: [ParNew: 655376K->16K(737280K), 0.0158712 secs] 6002478K->5347118K(8306688K), 0.0160326 secs] [Times: user=0.11 sys=0.00, real=0.01 secs] 
2020-08-10T15:10:12.177+0800: 230278.764: [GC (Allocation Failure) 2020-08-10T15:10:12.177+0800: 230278.764: [ParNew: 655376K->14K(737280K), 0.0171073 secs] 6002478K->5347117K(8306688K), 0.0172704 secs] [Times: user=0.08 sys=0.00, real=0.02 secs] 
2020-08-10T15:10:12.610+0800: 230279.197: [GC (Allocation Failure) 2020-08-10T15:10:12.610+0800: 230279.197: [ParNew: 655374K->16K(737280K), 0.0169919 secs] 6002477K->5347119K(8306688K), 0.0171332 secs] [Times: user=0.12 sys=0.00, real=0.02 secs] 
2020-08-10T15:10:13.095+0800: 230279.682: [GC (Allocation Failure) 2020-08-10T15:10:13.095+0800: 230279.682: [ParNew: 655376K->16K(737280K), 0.0130532 secs] 6002479K->5347120K(8306688K), 0.0132015 secs] [Times: user=0.07 sys=0.00, real=0.02 secs] 
2020-08-10T15:10:13.492+0800: 230280.079: [CMS-concurrent-mark: 5.223/5.397 secs] [Times: user=16.92 sys=0.00, real=5.40 secs] 
2020-08-10T15:10:13.492+0800: 230280.080: [CMS-concurrent-preclean-start]
2020-08-10T15:10:13.501+0800: 230280.089: [CMS-concurrent-preclean: 0.009/0.009 secs] [Times: user=0.02 sys=0.00, real=0.01 secs] 
2020-08-10T15:10:13.502+0800: 230280.089: [CMS-concurrent-abortable-preclean-start]
2020-08-10T15:10:13.527+0800: 230280.115: [GC (Allocation Failure) 2020-08-10T15:10:13.527+0800: 230280.115: [ParNew: 655376K->16K(737280K), 0.0091408 secs] 6002480K->5347120K(8306688K), 0.0092766 secs] [Times: user=0.07 sys=0.00, real=0.00 secs] 
2020-08-10T15:10:13.874+0800: 230280.462: [CMS-concurrent-abortable-preclean: 0.046/0.373 secs] [Times: user=0.48 sys=0.00, real=0.37 secs] 
2020-08-10T15:10:13.875+0800: 230280.463: [GC (CMS Final Remark) [YG occupancy: 602288 K (737280 K)]2020-08-10T15:10:13.876+0800: 230280.463: [Rescan (parallel) , 0.0523965 secs]2020-08-10T15:10:13.928+0800: 230280.515: [weak refs processing, 0.0000683 secs]2020-08-10T15:10:13.928+0800: 230280.515: [class unloading, 0.0194825 secs]2020-08-10T15:10:13.948+0800: 230280.535: [scrub symbol table, 0.0062838 secs]2020-08-10T15:10:13.954+0800: 230280.541: [scrub string table, 0.0009143 secs][1 CMS-remark: 5347103K(7569408K)] 5949392K(8306688K), 0.0793070 secs] [Times: user=0.38 sys=0.00, real=0.08 secs] 
2020-08-10T15:10:13.955+0800: 230280.542: [CMS-concurrent-sweep-start]
2020-08-10T15:10:13.987+0800: 230280.574: [GC (Allocation Failure) 2020-08-10T15:10:13.987+0800: 230280.574: [ParNew: 655376K->16K(737280K), 0.0096354 secs] 6000844K->5345484K(8306688K), 0.0097789 secs] [Times: user=0.07 sys=0.00, real=0.00 secs] 
2020-08-10T15:10:14.378+0800: 230280.965: [GC (Allocation Failure) 2020-08-10T15:10:14.378+0800: 230280.965: [ParNew: 655376K->16K(737280K), 0.0123523 secs] 5970063K->5314704K(8306688K), 0.0124855 secs] [Times: user=0.08 sys=0.00, real=0.02 secs] 
2020-08-10T15:10:14.780+0800: 230281.367: [GC (Allocation Failure) 2020-08-10T15:10:14.780+0800: 230281.367: [ParNew: 655376K->16K(737280K), 0.0093839 secs] 5917324K->5261964K(8306688K), 0.0095166 secs] [Times: user=0.06 sys=0.00, real=0.01 secs] 
2020-08-10T15:10:15.194+0800: 230281.781: [GC (Allocation Failure) 2020-08-10T15:10:15.194+0800: 230281.781: [ParNew: 655376K->16K(737280K), 0.0148279 secs] 5838200K->5182840K(8306688K), 0.0149693 secs] [Times: user=0.09 sys=0.00, real=0.02 secs] 
2020-08-10T15:10:15.617+0800: 230282.204: [GC (Allocation Failure) 2020-08-10T15:10:15.617+0800: 230282.204: [ParNew: 655376K->10K(737280K), 0.0185657 secs] 5714329K->5058965K(8306688K), 0.0187169 secs] [Times: user=0.12 sys=0.00, real=0.02 secs] 
2020-08-10T15:10:16.251+0800: 230282.839: [GC (Allocation Failure) 2020-08-10T15:10:16.251+0800: 230282.839: [ParNew: 655370K->16K(737280K), 0.0095633 secs] 5621345K->4965991K(8306688K), 0.0097289 secs] [Times: user=0.07 sys=0.00, real=0.01 secs] 
2020-08-10T15:10:16.890+0800: 230283.478: [GC (Allocation Failure) 2020-08-10T15:10:16.890+0800: 230283.478: [ParNew: 655376K->14K(737280K), 0.0142142 secs] 5518828K->4863466K(8306688K), 0.0143720 secs] [Times: user=0.10 sys=0.00, real=0.01 secs] 
2020-08-10T15:10:16.922+0800: 230283.509: [CMS-concurrent-sweep: 2.870/2.967 secs] [Times: user=6.37 sys=0.00, real=2.97 secs] 
2020-08-10T15:10:16.922+0800: 230283.509: [CMS-concurrent-reset-start]
2020-08-10T15:10:16.951+0800: 230283.539: [CMS-concurrent-reset: 0.029/0.029 secs] [Times: user=0.06 sys=0.00, real=0.03 secs] 
2020-08-10T15:10:17.358+0800: 230283.945: [GC (Allocation Failure) 2020-08-10T15:10:17.358+0800: 230283.945: [ParNew: 655374K->14K(737280K), 0.0159955 secs] 5512293K->4856933K(8306688K), 0.0161625 secs] [Times: user=0.06 sys=0.00, real=0.02 secs] 
2020-08-10T15:10:17.798+0800: 230284.385: [GC (Allocation Failure) 2020-08-10T15:10:17.798+0800: 230284.385: [ParNew: 655374K->14K(737280K), 0.0092175 secs] 5512293K->4856933K(8306688K), 0.0093614 secs] [Times: user=0.07 sys=0.00, real=0.02 secs] 
2020-08-10T15:10:18.291+0800: 230284.878: [GC (Allocation Failure) 2020-08-10T15:10:18.291+0800: 230284.878: [ParNew: 655374K->16K(737280K), 0.0141107 secs] 5512293K->4856936K(8306688K), 0.0142862 secs] [Times: user=0.09 sys=0.00, real=0.01 secs] 
2020-08-10T15:10:18.757+0800: 230285.344: [GC (Allocation Failure) 2020-08-10T15:10:18.757+0800: 230285.344: [ParNew: 655376K->16K(737280K), 0.0133894 secs] 5512296K->4856936K(8306688K), 0.0135287 secs] [Times: user=0.09 sys=0.00, real=0.02 secs] 
2020-08-10T15:10:19.241+0800: 230285.828: [GC (Allocation Failure) 2020-08-10T15:10:19.241+0800: 230285.828: [ParNew: 655376K->12K(737280K), 0.0210865 secs] 5512296K->4856932K(8306688K), 0.0212508 secs] [Times: user=0.12 sys=0.00, real=0.02 secs] 
2020-08-10T15:10:19.687+0800: 230286.274: [GC (Allocation Failure) 2020-08-10T15:10:19.687+0800: 230286.274: [ParNew: 655372K->14K(737280K), 0.0175286 secs] 5512292K->4856934K(8306688K), 0.0176712 secs] [Times: user=0.12 sys=0.00, real=0.01 secs] 
2020-08-10T15:10:20.154+0800: 230286.741: [GC (Allocation Failure) 2020-08-10T15:10:20.154+0800: 230286.742: [ParNew: 655374K->16K(737280K), 0.0094050 secs] 5512294K->4856936K(8306688K), 0.0095674 secs] [Times: user=0.07 sys=0.00, real=0.01 secs] 
2020-08-10T15:10:25.038+0800: 230291.625: [GC (Allocation Failure) 2020-08-10T15:10:25.038+0800: 230291.625: [ParNew: 655376K->5393K(737280K), 0.0176909 secs] 5512296K->4862313K(8306688K), 0.0178733 secs] [Times: user=0.11 sys=0.00, real=0.02 secs] 
2020-08-10T15:11:41.760+0800: 230368.347: [GC (Allocation Failure) 2020-08-10T15:11:41.760+0800: 230368.347: [ParNew: 660635K->11755K(737280K), 0.0339436 secs] 5517555K->4868675K(8306688K), 0.0341659 secs] [Times: user=0.15 sys=0.00, real=0.03 secs] 
2020-08-10T15:13:10.274+0800: 230456.861: [GC (Allocation Failure) 2020-08-10T15:13:10.274+0800: 230456.861: [ParNew: 667115K->13791K(737280K), 0.0207319 secs] 5524035K->4870711K(8306688K), 0.0209345 secs] [Times: user=0.09 sys=0.00, real=0.02 secs] 
2020-08-10T15:14:56.239+0800: 230562.827: [GC (Allocation Failure) 2020-08-10T15:14:56.240+0800: 230562.827: [ParNew: 669151K->13837K(737280K), 0.0201986 secs] 5526071K->4870757K(8306688K), 0.0203734 secs] [Times: user=0.10 sys=0.00, real=0.02 secs] 
2020-08-10T15:16:59.239+0800: 230685.826: [GC (Allocation Failure) 2020-08-10T15:16:59.239+0800: 230685.826: [ParNew: 669156K->18699K(737280K), 0.0314179 secs] 5526076K->4875620K(8306688K), 0.0316360 secs] [Times: user=0.14 sys=0.01, real=0.03 secs] 
2020-08-10T15:18:41.377+0800: 230787.964: [GC (Allocation Failure) 2020-08-10T15:18:41.377+0800: 230787.964: [ParNew: 674059K->17737K(737280K), 0.0195697 secs] 5530980K->4874658K(8306688K), 0.0197787 secs] [Times: user=0.10 sys=0.00, real=0.02 secs] 
2020-08-10T15:20:20.529+0800: 230887.116: [GC (Allocation Failure) 2020-08-10T15:20:20.529+0800: 230887.116: [ParNew: 673097K->20069K(737280K), 0.0284671 secs] 5530018K->4878112K(8306688K), 0.0286601 secs] [Times: user=0.10 sys=0.00, real=0.02 secs] 
2020-08-10T15:22:18.596+0800: 231005.184: [GC (Allocation Failure) 2020-08-10T15:22:18.596+0800: 231005.184: [ParNew: 675429K->18668K(737280K), 0.0215598 secs] 5533472K->4877788K(8306688K), 0.0217613 secs] [Times: user=0.10 sys=0.00, real=0.02 secs] 
2020-08-10T15:23:48.022+0800: 231094.610: [GC (Allocation Failure) 2020-08-10T15:23:48.023+0800: 231094.610: [ParNew: 674028K->17232K(737280K), 0.0283852 secs] 5533148K->4876581K(8306688K), 0.0286126 secs] [Times: user=0.11 sys=0.00, real=0.03 secs] 
2020-08-10T15:25:29.586+0800: 231196.173: [GC (Allocation Failure) 2020-08-10T15:25:29.586+0800: 231196.173: [ParNew: 672562K->20423K(737280K), 0.0321501 secs] 5531911K->4880040K(8306688K), 0.0323837 secs] [Times: user=0.14 sys=0.00, real=0.03 secs] 
2020-08-10T15:27:27.478+0800: 231314.065: [GC (Allocation Failure) 2020-08-10T15:27:27.478+0800: 231314.065: [ParNew: 675783K->16537K(737280K), 0.0296159 secs] 5535400K->4877062K(8306688K), 0.0297913 secs] [Times: user=0.10 sys=0.00, real=0.04 secs] 
2020-08-10T15:29:13.632+0800: 231420.220: [GC (Allocation Failure) 2020-08-10T15:29:13.632+0800: 231420.220: [ParNew: 671897K->16904K(737280K), 0.0321761 secs] 5532422K->4877656K(8306688K), 0.0323976 secs] [Times: user=0.14 sys=0.00, real=0.03 secs] 
2020-08-10T15:31:24.542+0800: 231551.130: [GC (Allocation Failure) 2020-08-10T15:31:24.542+0800: 231551.130: [ParNew: 672264K->15112K(737280K), 0.0222683 secs] 5533016K->4875968K(8306688K), 0.0224405 secs] [Times: user=0.09 sys=0.01, real=0.02 secs] 
2020-08-10T15:33:49.401+0800: 231695.988: [GC (Allocation Failure) 2020-08-10T15:33:49.405+0800: 231695.992: [ParNew: 670472K->15149K(737280K), 0.0232072 secs] 5531328K->4876172K(8306688K), 0.0273770 secs] [Times: user=0.11 sys=0.00, real=0.03 secs] 
2020-08-10T15:35:58.536+0800: 231825.123: [GC (Allocation Failure) 2020-08-10T15:35:58.536+0800: 231825.123: [ParNew: 670509K->16055K(737280K), 0.0463207 secs] 5531532K->4877215K(8306688K), 0.0465104 secs] [Times: user=0.26 sys=0.00, real=0.05 secs] 
2020-08-10T15:38:11.646+0800: 231958.233: [GC (Allocation Failure) 2020-08-10T15:38:11.646+0800: 231958.233: [ParNew: 671415K->15722K(737280K), 0.0241881 secs] 5532575K->4877022K(8306688K), 0.0243536 secs] [Times: user=0.11 sys=0.00, real=0.03 secs] 
2020-08-10T15:39:59.356+0800: 232065.944: [GC (Allocation Failure) 2020-08-10T15:39:59.356+0800: 232065.944: [ParNew: 671082K->15583K(737280K), 0.0264585 secs] 5532382K->4876954K(8306688K), 0.0266224 secs] [Times: user=0.12 sys=0.00, real=0.03 secs] 
2020-08-10T15:41:22.566+0800: 232149.154: [GC (Allocation Failure) 2020-08-10T15:41:22.567+0800: 232149.154: [ParNew: 670943K->16914K(737280K), 0.0242523 secs] 5532314K->4878536K(8306688K), 0.0244692 secs] [Times: user=0.11 sys=0.00, real=0.03 secs] 
2020-08-10T15:43:34.263+0800: 232280.850: [GC (Allocation Failure) 2020-08-10T15:43:34.263+0800: 232280.850: [ParNew: 672203K->13696K(737280K), 0.0331699 secs] 5533825K->4875671K(8306688K), 0.0333685 secs] [Times: user=0.14 sys=0.01, real=0.03 secs] 
2020-08-10T15:45:44.425+0800: 232411.012: [GC (Allocation Failure) 2020-08-10T15:45:44.425+0800: 232411.013: [ParNew: 669056K->17191K(737280K), 0.0395522 secs] 5531031K->4879403K(8306688K), 0.0397465 secs] [Times: user=0.14 sys=0.00, real=0.04 secs] 
2020-08-10T15:48:03.804+0800: 232550.391: [GC (Allocation Failure) 2020-08-10T15:48:03.804+0800: 232550.391: [ParNew: 672551K->14642K(737280K), 0.0521178 secs] 5534763K->4876992K(8306688K), 0.0523074 secs] [Times: user=0.22 sys=0.00, real=0.05 secs] 
2020-08-10T15:49:46.983+0800: 232653.570: [GC (Allocation Failure) 2020-08-10T15:49:46.983+0800: 232653.570: [ParNew: 670002K->15974K(737280K), 0.0257650 secs] 5532352K->4878478K(8306688K), 0.0259336 secs] [Times: user=0.12 sys=0.00, real=0.03 secs] 
2020-08-10T15:51:09.075+0800: 232735.663: [GC (Allocation Failure) 2020-08-10T15:51:09.076+0800: 232735.663: [ParNew: 671334K->14061K(737280K), 0.0260539 secs] 5533838K->4876645K(8306688K), 0.0262720 secs] [Times: user=0.12 sys=0.00, real=0.03 secs] 
2020-08-10T15:53:20.246+0800: 232866.833: [GC (Allocation Failure) 2020-08-10T15:53:20.252+0800: 232866.839: [ParNew: 669421K->16220K(737280K), 0.0377806 secs] 5532005K->4878841K(8306688K), 0.0439584 secs] [Times: user=0.15 sys=0.00, real=0.05 secs] 
2020-08-10T15:55:15.146+0800: 232981.733: [GC (Allocation Failure) 2020-08-10T15:55:15.146+0800: 232981.733: [ParNew: 671544K->16154K(737280K), 0.0205360 secs] 5534165K->4878805K(8306688K), 0.0207205 secs] [Times: user=0.10 sys=0.00, real=0.03 secs] 
2020-08-10T15:57:07.442+0800: 233094.029: [GC (Allocation Failure) 2020-08-10T15:57:07.442+0800: 233094.030: [ParNew: 671514K->16189K(737280K), 0.0375976 secs] 5534165K->4879133K(8306688K), 0.0377874 secs] [Times: user=0.12 sys=0.01, real=0.04 secs] 
2020-08-10T15:59:15.879+0800: 233222.466: [GC (Allocation Failure) 2020-08-10T15:59:15.879+0800: 233222.466: [ParNew: 671549K->18479K(737280K), 0.0296275 secs] 5534493K->4881801K(8306688K), 0.0298134 secs] [Times: user=0.10 sys=0.00, real=0.03 secs] 
2020-08-10T16:00:45.372+0800: 233311.960: [GC (Allocation Failure) 2020-08-10T16:00:45.373+0800: 233311.960: [ParNew: 673839K->14608K(737280K), 0.0202516 secs] 5537161K->4878094K(8306688K), 0.0204380 secs] [Times: user=0.10 sys=0.00, real=0.02 secs] 
2020-08-10T16:02:39.051+0800: 233425.639: [GC (Allocation Failure) 2020-08-10T16:02:39.051+0800: 233425.639: [ParNew: 669968K->19847K(737280K), 0.0418512 secs] 5533454K->4883539K(8306688K), 0.0420853 secs] [Times: user=0.20 sys=0.00, real=0.04 secs] 
2020-08-10T16:04:09.723+0800: 233516.310: [GC (Allocation Failure) 2020-08-10T16:04:09.723+0800: 233516.310: [ParNew: 675207K->17113K(737280K), 0.0225162 secs] 5538899K->4880888K(8306688K), 0.0226835 secs] [Times: user=0.09 sys=0.01, real=0.02 secs] 
2020-08-10T16:05:48.096+0800: 233614.684: [GC (Allocation Failure) 2020-08-10T16:05:48.096+0800: 233614.684: [ParNew: 672473K->15863K(737280K), 0.0234164 secs] 5536248K->4879793K(8306688K), 0.0235945 secs] [Times: user=0.10 sys=0.00, real=0.03 secs] 
2020-08-10T16:07:18.333+0800: 233704.920: [GC (Allocation Failure) 2020-08-10T16:07:18.333+0800: 233704.920: [ParNew: 671223K->17507K(737280K), 0.0368078 secs] 5535153K->4881543K(8306688K), 0.0369996 secs] [Times: user=0.12 sys=0.00, real=0.04 secs] 
2020-08-10T16:08:31.715+0800: 233778.303: [GC (Allocation Failure) 2020-08-10T16:08:31.716+0800: 233778.303: [ParNew: 672867K->19264K(737280K), 0.0192338 secs] 5536903K->4883444K(8306688K), 0.0194518 secs] [Times: user=0.09 sys=0.00, real=0.02 secs] 
2020-08-10T16:09:28.423+0800: 233835.010: [GC (Allocation Failure) 2020-08-10T16:09:28.423+0800: 233835.010: [ParNew: 674576K->27212K(737280K), 0.0290114 secs] 5538756K->4891607K(8306688K), 0.0291789 secs] [Times: user=0.11 sys=0.01, real=0.03 secs] 
2020-08-10T16:10:27.810+0800: 233894.398: [GC (Allocation Failure) 2020-08-10T16:10:27.811+0800: 233894.398: [ParNew: 682572K->22646K(737280K), 0.0257162 secs] 5546967K->4887633K(8306688K), 0.0259342 secs] [Times: user=0.10 sys=0.01, real=0.02 secs] 
2020-08-10T16:11:41.721+0800: 233968.308: [GC (Allocation Failure) 2020-08-10T16:11:41.721+0800: 233968.309: [ParNew: 678006K->17712K(737280K), 0.0446765 secs] 5542993K->4882773K(8306688K), 0.0449356 secs] [Times: user=0.12 sys=0.00, real=0.04 secs] 
2020-08-10T16:12:52.285+0800: 234038.872: [GC (Allocation Failure) 2020-08-10T16:12:52.285+0800: 234038.872: [ParNew: 673072K->20375K(737280K), 0.0243144 secs] 5538133K->4885898K(8306688K), 0.0245195 secs] [Times: user=0.11 sys=0.00, real=0.03 secs] 
2020-08-10T16:14:18.816+0800: 234125.404: [GC (Allocation Failure) 2020-08-10T16:14:18.816+0800: 234125.404: [ParNew: 675735K->21064K(737280K), 0.0467385 secs] 5541258K->4887062K(8306688K), 0.0469485 secs] [Times: user=0.17 sys=0.00, real=0.05 secs] 
2020-08-10T16:15:59.601+0800: 234226.188: [GC (Allocation Failure) 2020-08-10T16:15:59.601+0800: 234226.188: [ParNew: 676424K->17078K(737280K), 0.0309656 secs] 5542422K->4883550K(8306688K), 0.0311449 secs] [Times: user=0.11 sys=0.00, real=0.03 secs] 
2020-08-10T16:17:36.676+0800: 234323.263: [GC (Allocation Failure) 2020-08-10T16:17:36.676+0800: 234323.264: [ParNew: 672438K->15963K(737280K), 0.0242022 secs] 5538910K->4882580K(8306688K), 0.0243898 secs] [Times: user=0.11 sys=0.00, real=0.03 secs] 
2020-08-10T16:19:04.791+0800: 234411.378: [GC (Allocation Failure) 2020-08-10T16:19:04.791+0800: 234411.378: [ParNew: 671323K->15832K(737280K), 0.0219666 secs] 5537940K->4882653K(8306688K), 0.0231043 secs] [Times: user=0.08 sys=0.00, real=0.02 secs] 
2020-08-10T16:20:57.718+0800: 234524.305: [GC (Allocation Failure) 2020-08-10T16:20:57.718+0800: 234524.305: [ParNew: 671192K->15488K(737280K), 0.0208331 secs] 5538013K->4882566K(8306688K), 0.0209957 secs] [Times: user=0.10 sys=0.00, real=0.03 secs] 
2020-08-10T16:23:02.401+0800: 234648.988: [GC (Allocation Failure) 2020-08-10T16:23:02.401+0800: 234648.988: [ParNew: 670848K->17414K(737280K), 0.0235356 secs] 5537926K->4884639K(8306688K), 0.0237173 secs] [Times: user=0.10 sys=0.00, real=0.02 secs] 
2020-08-10T16:24:18.830+0800: 234725.417: [GC (Allocation Failure) 2020-08-10T16:24:18.830+0800: 234725.417: [ParNew: 672774K->15483K(737280K), 0.0235884 secs] 5539999K->4882915K(8306688K), 0.0237712 secs] [Times: user=0.10 sys=0.00, real=0.02 secs] 
2020-08-10T16:26:20.810+0800: 234847.397: [GC (Allocation Failure) 2020-08-10T16:26:20.810+0800: 234847.397: [ParNew: 670734K->16699K(737280K), 0.0228527 secs] 5538165K->4884439K(8306688K), 0.0230179 secs] [Times: user=0.11 sys=0.00, real=0.02 secs] 
2020-08-10T16:28:22.711+0800: 234969.298: [GC (Allocation Failure) 2020-08-10T16:28:22.711+0800: 234969.298: [ParNew: 672059K->16690K(737280K), 0.0244317 secs] 5539799K->4884586K(8306688K), 0.0246120 secs] [Times: user=0.11 sys=0.00, real=0.02 secs] 
2020-08-10T16:30:18.429+0800: 235085.017: [GC (Allocation Failure) 2020-08-10T16:30:18.430+0800: 235085.017: [ParNew: 672049K->17306K(737280K), 0.0257853 secs] 5539945K->4885210K(8306688K), 0.0259974 secs] [Times: user=0.10 sys=0.00, real=0.02 secs] 
2020-08-10T16:32:03.312+0800: 235189.900: [GC (Allocation Failure) 2020-08-10T16:32:03.312+0800: 235189.900: [ParNew: 672666K->17375K(737280K), 0.0307545 secs] 5540570K->4885418K(8306688K), 0.0309811 secs] [Times: user=0.09 sys=0.00, real=0.03 secs] 
2020-08-10T16:34:00.444+0800: 235307.031: [GC (Allocation Failure) 2020-08-10T16:34:00.444+0800: 235307.031: [ParNew: 672735K->16314K(737280K), 0.0252263 secs] 5540778K->4884537K(8306688K), 0.0254110 secs] [Times: user=0.10 sys=0.00, real=0.03 secs] 
2020-08-10T16:35:44.881+0800: 235411.468: [GC (Allocation Failure) 2020-08-10T16:35:44.881+0800: 235411.468: [ParNew: 671581K->15641K(737280K), 0.0201492 secs] 5539804K->4884009K(8306688K), 0.0203207 secs] [Times: user=0.10 sys=0.00, real=0.02 secs] 
2020-08-10T16:37:54.438+0800: 235541.025: [GC (Allocation Failure) 2020-08-10T16:37:54.438+0800: 235541.025: [ParNew: 671001K->16427K(737280K), 0.0403510 secs] 5539369K->4884894K(8306688K), 0.0405402 secs] [Times: user=0.15 sys=0.00, real=0.04 secs] 
2020-08-10T16:39:59.560+0800: 235666.147: [GC (Allocation Failure) 2020-08-10T16:39:59.560+0800: 235666.147: [ParNew: 671787K->14628K(737280K), 0.0234748 secs] 5540254K->4883165K(8306688K), 0.0236250 secs] [Times: user=0.10 sys=0.00, real=0.02 secs] 
2020-08-10T16:42:05.275+0800: 235791.862: [GC (Allocation Failure) 2020-08-10T16:42:05.275+0800: 235791.862: [ParNew: 669988K->17798K(737280K), 0.0234498 secs] 5538525K->4886651K(8306688K), 0.0236191 secs] [Times: user=0.10 sys=0.00, real=0.03 secs] 
2020-08-10T16:44:22.897+0800: 235929.484: [GC (Allocation Failure) 2020-08-10T16:44:22.897+0800: 235929.485: [ParNew: 673158K->16716K(737280K), 0.0307113 secs] 5542011K->4885743K(8306688K), 0.0308757 secs] [Times: user=0.14 sys=0.00, real=0.04 secs] 
2020-08-10T16:46:27.075+0800: 236053.662: [GC (Allocation Failure) 2020-08-10T16:46:27.075+0800: 236053.662: [ParNew: 672076K->16962K(737280K), 0.0240790 secs] 5541103K->4885994K(8306688K), 0.0242847 secs] [Times: user=0.10 sys=0.01, real=0.03 secs] 
2020-08-10T16:48:18.670+0800: 236165.257: [GC (Allocation Failure) 2020-08-10T16:48:18.670+0800: 236165.257: [ParNew: 672322K->16430K(737280K), 0.0227259 secs] 5541354K->4885595K(8306688K), 0.0229059 secs] [Times: user=0.10 sys=0.00, real=0.02 secs] 
2020-08-10T16:50:04.435+0800: 236271.023: [GC (Allocation Failure) 2020-08-10T16:50:04.435+0800: 236271.023: [ParNew: 671790K->18972K(737280K), 0.0276424 secs] 5540955K->4888239K(8306688K), 0.0278088 secs] [Times: user=0.12 sys=0.00, real=0.03 secs] 
2020-08-10T16:51:43.260+0800: 236369.847: [GC (Allocation Failure) 2020-08-10T16:51:43.260+0800: 236369.847: [ParNew: 674332K->14344K(737280K), 0.0487434 secs] 5543599K->4883761K(8306688K), 0.0489069 secs] [Times: user=0.15 sys=0.00, real=0.05 secs] 
2020-08-10T16:53:30.201+0800: 236476.788: [GC (Allocation Failure) 2020-08-10T16:53:30.201+0800: 236476.788: [ParNew: 669625K->15221K(737280K), 0.0273622 secs] 5539042K->4884717K(8306688K), 0.0275531 secs] [Times: user=0.11 sys=0.00, real=0.03 secs] 
2020-08-10T16:55:42.707+0800: 236609.294: [GC (Allocation Failure) 2020-08-10T16:55:42.707+0800: 236609.294: [ParNew: 670550K->15857K(737280K), 0.0268208 secs] 5540046K->4885424K(8306688K), 0.0269813 secs] [Times: user=0.10 sys=0.01, real=0.02 secs] 
2020-08-10T16:57:33.845+0800: 236720.432: [GC (Allocation Failure) 2020-08-10T16:57:33.845+0800: 236720.433: [ParNew: 671217K->15570K(737280K), 0.0288203 secs] 5540784K->4885410K(8306688K), 0.0290299 secs] [Times: user=0.09 sys=0.01, real=0.03 secs] 
2020-08-10T16:59:06.037+0800: 236812.624: [GC (Allocation Failure) 2020-08-10T16:59:06.037+0800: 236812.624: [ParNew: 670930K->15201K(737280K), 0.0267386 secs] 5540770K->4885192K(8306688K), 0.0268994 secs] [Times: user=0.12 sys=0.00, real=0.03 secs] 
2020-08-10T17:00:40.940+0800: 236907.527: [GC (Allocation Failure) 2020-08-10T17:00:40.940+0800: 236907.527: [ParNew: 670561K->16596K(737280K), 0.0218531 secs] 5540552K->4886698K(8306688K), 0.0220254 secs] [Times: user=0.09 sys=0.00, real=0.02 secs] 
2020-08-10T17:02:03.039+0800: 236989.626: [GC (Allocation Failure) 2020-08-10T17:02:03.039+0800: 236989.626: [ParNew: 671956K->16115K(737280K), 0.0207573 secs] 5542058K->4886352K(8306688K), 0.0209318 secs] [Times: user=0.11 sys=0.00, real=0.02 secs] 
2020-08-10T17:03:31.924+0800: 237078.511: [GC (Allocation Failure) 2020-08-10T17:03:31.924+0800: 237078.511: [ParNew: 671475K->18020K(737280K), 0.0356096 secs] 5541712K->4888334K(8306688K), 0.0358209 secs] [Times: user=0.12 sys=0.00, real=0.04 secs] 
2020-08-10T17:05:09.392+0800: 237175.980: [GC (Allocation Failure) 2020-08-10T17:05:09.393+0800: 237175.980: [ParNew: 673376K->18057K(737280K), 0.0470076 secs] 5543690K->4888768K(8306688K), 0.0472005 secs] [Times: user=0.18 sys=0.00, real=0.05 secs] 
2020-08-10T17:06:33.533+0800: 237260.120: [GC (Allocation Failure) 2020-08-10T17:06:33.533+0800: 237260.121: [ParNew: 673417K->14878K(737280K), 0.0193756 secs] 5544128K->4885745K(8306688K), 0.0195566 secs] [Times: user=0.10 sys=0.00, real=0.02 secs] 
2020-08-10T17:07:58.342+0800: 237344.929: [GC (Allocation Failure) 2020-08-10T17:07:58.342+0800: 237344.929: [ParNew: 670238K->14278K(737280K), 0.0291459 secs] 5541105K->4885348K(8306688K), 0.0293273 secs] [Times: user=0.15 sys=0.00, real=0.03 secs] 
2020-08-10T17:09:22.595+0800: 237429.182: [GC (Allocation Failure) 2020-08-10T17:09:22.595+0800: 237429.182: [ParNew: 669638K->17150K(737280K), 0.0233509 secs] 5540708K->4888487K(8306688K), 0.0235296 secs] [Times: user=0.10 sys=0.00, real=0.02 secs] 
2020-08-10T17:10:21.153+0800: 237487.740: [GC (Allocation Failure) 2020-08-10T17:10:21.153+0800: 237487.740: [ParNew: 672510K->21681K(737280K), 0.0251482 secs] 5543847K->4893093K(8306688K), 0.0253309 secs] [Times: user=0.11 sys=0.00, real=0.02 secs] 
2020-08-10T17:11:32.912+0800: 237559.499: [GC (Allocation Failure) 2020-08-10T17:11:32.912+0800: 237559.499: [ParNew: 677041K->20431K(737280K), 0.0210685 secs] 5548453K->4892176K(8306688K), 0.0212557 secs] [Times: user=0.10 sys=0.00, real=0.02 secs] 
2020-08-10T17:12:49.038+0800: 237635.625: [GC (Allocation Failure) 2020-08-10T17:12:49.038+0800: 237635.625: [ParNew: 675686K->19264K(737280K), 0.0229806 secs] 5547431K->4891192K(8306688K), 0.0231706 secs] [Times: user=0.11 sys=0.00, real=0.03 secs] 
2020-08-10T17:14:29.400+0800: 237735.987: [GC (Allocation Failure) 2020-08-10T17:14:29.400+0800: 237735.987: [ParNew: 674549K->16882K(737280K), 0.0382048 secs] 5546477K->4889081K(8306688K), 0.0384263 secs] [Times: user=0.18 sys=0.00, real=0.03 secs] 
2020-08-10T17:16:05.656+0800: 237832.243: [GC (Allocation Failure) 2020-08-10T17:16:05.657+0800: 237832.244: [ParNew: 672242K->18597K(737280K), 0.0278649 secs] 5544441K->4890866K(8306688K), 0.0291250 secs] [Times: user=0.11 sys=0.00, real=0.03 secs] 
2020-08-10T17:17:56.301+0800: 237942.889: [GC (Allocation Failure) 2020-08-10T17:17:56.302+0800: 237942.889: [ParNew: 673957K->16059K(737280K), 0.0379734 secs] 5546226K->4888536K(8306688K), 0.0381753 secs] [Times: user=0.15 sys=0.00, real=0.04 secs] 
2020-08-10T17:19:32.981+0800: 238039.568: [GC (Allocation Failure) 2020-08-10T17:19:32.981+0800: 238039.568: [ParNew: 671419K->16053K(737280K), 0.0270090 secs] 5543896K->4888673K(8306688K), 0.0271802 secs] [Times: user=0.13 sys=0.00, real=0.03 secs] 
2020-08-10T17:20:59.300+0800: 238125.887: [GC (Allocation Failure) 2020-08-10T17:20:59.300+0800: 238125.887: [ParNew: 671413K->15559K(737280K), 0.0485404 secs] 5544033K->4888193K(8306688K), 0.0487109 secs] [Times: user=0.17 sys=0.00, real=0.05 secs] 
2020-08-10T17:23:06.882+0800: 238253.469: [GC (Allocation Failure) 2020-08-10T17:23:06.882+0800: 238253.469: [ParNew: 670919K->16263K(737280K), 0.0227051 secs] 5543553K->4889055K(8306688K), 0.0228760 secs] [Times: user=0.11 sys=0.00, real=0.02 secs] 
2020-08-10T17:24:42.581+0800: 238349.168: [GC (Allocation Failure) 2020-08-10T17:24:42.581+0800: 238349.168: [ParNew: 671623K->16373K(737280K), 0.0216551 secs] 5544415K->4889261K(8306688K), 0.0218152 secs] [Times: user=0.10 sys=0.00, real=0.02 secs] 
2020-08-10T17:26:07.595+0800: 238434.183: [GC (Allocation Failure) 2020-08-10T17:26:07.596+0800: 238434.183: [ParNew: 671733K->17482K(737280K), 0.0201361 secs] 5544621K->4890447K(8306688K), 0.0203017 secs] [Times: user=0.10 sys=0.00, real=0.02 secs] 
2020-08-10T17:27:29.941+0800: 238516.528: [GC (Allocation Failure) 2020-08-10T17:27:29.941+0800: 238516.528: [ParNew: 672842K->16076K(737280K), 0.0288373 secs] 5545807K->4889117K(8306688K), 0.0290007 secs] [Times: user=0.15 sys=0.00, real=0.03 secs] 
2020-08-10T17:28:48.543+0800: 238595.131: [GC (Allocation Failure) 2020-08-10T17:28:48.544+0800: 238595.131: [ParNew: 671436K->15894K(737280K), 0.0318268 secs] 5544477K->4888942K(8306688K), 0.0319886 secs] [Times: user=0.15 sys=0.00, real=0.03 secs] 
2020-08-10T17:30:19.152+0800: 238685.739: [GC (Allocation Failure) 2020-08-10T17:30:19.152+0800: 238685.739: [ParNew: 671254K->17670K(737280K), 0.0208719 secs] 5544302K->4890803K(8306688K), 0.0210403 secs] [Times: user=0.09 sys=0.00, real=0.02 secs] 
2020-08-10T17:31:56.866+0800: 238783.453: [GC (Allocation Failure) 2020-08-10T17:31:56.866+0800: 238783.453: [ParNew: 673030K->16833K(737280K), 0.0211493 secs] 5546163K->4889974K(8306688K), 0.0213380 secs] [Times: user=0.10 sys=0.00, real=0.03 secs] 
2020-08-10T17:33:51.145+0800: 238897.732: [GC (Allocation Failure) 2020-08-10T17:33:51.145+0800: 238897.732: [ParNew: 672193K->19830K(737280K), 0.0349820 secs] 5545334K->4893078K(8306688K), 0.0352243 secs] [Times: user=0.14 sys=0.00, real=0.04 secs] 
2020-08-10T17:36:05.100+0800: 239031.687: [GC (Allocation Failure) 2020-08-10T17:36:05.100+0800: 239031.687: [ParNew: 675190K->14935K(737280K), 0.0332455 secs] 5548438K->4888390K(8306688K), 0.0334043 secs] [Times: user=0.10 sys=0.00, real=0.03 secs] 
2020-08-10T17:38:38.294+0800: 239184.881: [GC (Allocation Failure) 2020-08-10T17:38:38.294+0800: 239184.881: [ParNew: 670295K->15690K(737280K), 0.0415676 secs] 5543750K->4889158K(8306688K), 0.0417550 secs] [Times: user=0.17 sys=0.00, real=0.04 secs] 
2020-08-10T17:41:25.692+0800: 239352.279: [GC (Allocation Failure) 2020-08-10T17:41:25.692+0800: 239352.279: [ParNew: 671050K->19888K(737280K), 0.0369876 secs] 5544518K->4893369K(8306688K), 0.0371666 secs] [Times: user=0.14 sys=0.00, real=0.04 secs] 
2020-08-10T17:44:22.250+0800: 239528.837: [GC (Allocation Failure) 2020-08-10T17:44:22.250+0800: 239528.837: [ParNew: 675248K->18040K(737280K), 0.0277836 secs] 5548729K->4891602K(8306688K), 0.0279763 secs] [Times: user=0.12 sys=0.00, real=0.02 secs] 
2020-08-10T17:46:30.533+0800: 239657.120: [GC (Allocation Failure) 2020-08-10T17:46:30.533+0800: 239657.120: [ParNew: 673400K->17965K(737280K), 0.0270979 secs] 5546962K->4891668K(8306688K), 0.0282590 secs] [Times: user=0.10 sys=0.00, real=0.03 secs] 
2020-08-10T17:48:35.137+0800: 239781.725: [GC (Allocation Failure) 2020-08-10T17:48:35.137+0800: 239781.725: [ParNew: 673325K->16119K(737280K), 0.0301685 secs] 5547028K->4889861K(8306688K), 0.0303602 secs] [Times: user=0.12 sys=0.00, real=0.04 secs] 
2020-08-10T17:50:52.789+0800: 239919.376: [GC (Allocation Failure) 2020-08-10T17:50:52.789+0800: 239919.376: [ParNew: 671479K->17361K(737280K), 0.0381919 secs] 5545221K->4891303K(8306688K), 0.0383834 secs] [Times: user=0.13 sys=0.00, real=0.04 secs] 
2020-08-10T17:52:59.752+0800: 240046.339: [GC (Allocation Failure) 2020-08-10T17:52:59.752+0800: 240046.339: [ParNew: 672721K->14475K(737280K), 0.0390728 secs] 5546663K->4888425K(8306688K), 0.0392463 secs] [Times: user=0.13 sys=0.00, real=0.04 secs] 
2020-08-10T17:54:44.244+0800: 240150.831: [GC (Allocation Failure) 2020-08-10T17:54:44.244+0800: 240150.831: [ParNew: 669785K->14922K(737280K), 0.0314596 secs] 5543734K->4889076K(8306688K), 0.0316435 secs] [Times: user=0.11 sys=0.00, real=0.03 secs] 
2020-08-10T17:56:51.684+0800: 240278.271: [GC (Allocation Failure) 2020-08-10T17:56:51.684+0800: 240278.271: [ParNew: 670282K->14908K(737280K), 0.0278808 secs] 5544436K->4889134K(8306688K), 0.0280658 secs] [Times: user=0.10 sys=0.00, real=0.03 secs] 
2020-08-10T17:59:05.850+0800: 240412.437: [GC (Allocation Failure) 2020-08-10T17:59:05.850+0800: 240412.437: [ParNew: 670268K->17504K(737280K), 0.0576237 secs] 5544494K->4891875K(8306688K), 0.0578165 secs] [Times: user=0.24 sys=0.00, real=0.06 secs] 
2020-08-10T18:01:18.692+0800: 240545.280: [GC (Allocation Failure) 2020-08-10T18:01:18.692+0800: 240545.280: [ParNew: 672864K->19281K(737280K), 0.0379208 secs] 5547235K->4893694K(8306688K), 0.0380980 secs] [Times: user=0.13 sys=0.00, real=0.04 secs] 
2020-08-10T18:02:59.977+0800: 240646.565: [GC (Allocation Failure) 2020-08-10T18:02:59.977+0800: 240646.565: [ParNew: 674641K->21961K(737280K), 0.0566941 secs] 5549054K->4896389K(8306688K), 0.0569178 secs] [Times: user=0.16 sys=0.00, real=0.06 secs] 
2020-08-10T18:04:46.977+0800: 240753.564: [GC (Allocation Failure) 2020-08-10T18:04:46.977+0800: 240753.565: [ParNew: 677321K->20399K(737280K), 0.0231277 secs] 5551749K->4895095K(8306688K), 0.0232954 secs] [Times: user=0.11 sys=0.00, real=0.03 secs] 
2020-08-10T18:06:26.902+0800: 240853.489: [GC (Allocation Failure) 2020-08-10T18:06:26.902+0800: 240853.489: [ParNew: 675759K->19229K(737280K), 0.0327804 secs] 5550455K->4893998K(8306688K), 0.0329598 secs] [Times: user=0.10 sys=0.00, real=0.03 secs] 
2020-08-10T18:07:52.423+0800: 240939.011: [GC (Allocation Failure) 2020-08-10T18:07:52.423+0800: 240939.011: [ParNew: 674589K->16627K(737280K), 0.0220400 secs] 5549358K->4891541K(8306688K), 0.0222583 secs] [Times: user=0.10 sys=0.01, real=0.02 secs] 
2020-08-10T18:09:12.422+0800: 241019.009: [GC (Allocation Failure) 2020-08-10T18:09:12.422+0800: 241019.009: [ParNew: 671987K->17926K(737280K), 0.0223915 secs] 5546901K->4892933K(8306688K), 0.0225666 secs] [Times: user=0.09 sys=0.00, real=0.02 secs] 
2020-08-10T18:10:34.422+0800: 241101.009: [GC (Allocation Failure) 2020-08-10T18:10:34.422+0800: 241101.009: [ParNew: 673229K->19528K(737280K), 0.0261461 secs] 5548236K->4894880K(8306688K), 0.0263150 secs] [Times: user=0.13 sys=0.00, real=0.03 secs] 
2020-08-10T18:11:35.842+0800: 241162.429: [GC (Allocation Failure) 2020-08-10T18:11:35.842+0800: 241162.429: [ParNew: 674888K->28023K(737280K), 0.0475613 secs] 5550240K->4903534K(8306688K), 0.0477751 secs] [Times: user=0.14 sys=0.00, real=0.05 secs] 
2020-08-10T18:13:27.058+0800: 241273.645: [GC (Allocation Failure) 2020-08-10T18:13:27.058+0800: 241273.645: [ParNew: 683383K->17418K(737280K), 0.0244849 secs] 5558894K->4893049K(8306688K), 0.0247043 secs] [Times: user=0.09 sys=0.00, real=0.03 secs] 
2020-08-10T18:14:51.659+0800: 241358.246: [GC (Allocation Failure) 2020-08-10T18:14:51.659+0800: 241358.246: [ParNew: 672778K->18677K(737280K), 0.0268121 secs] 5548409K->4894583K(8306688K), 0.0270103 secs] [Times: user=0.11 sys=0.00, real=0.02 secs] 
2020-08-10T18:16:30.969+0800: 241457.556: [GC (Allocation Failure) 2020-08-10T18:16:30.969+0800: 241457.556: [ParNew: 674037K->18360K(737280K), 0.0341463 secs] 5549943K->4894410K(8306688K), 0.0343185 secs] [Times: user=0.12 sys=0.00, real=0.03 secs] 
2020-08-10T18:18:03.505+0800: 241550.092: [GC (Allocation Failure) 2020-08-10T18:18:03.505+0800: 241550.092: [ParNew: 673720K->17714K(737280K), 0.0235044 secs] 5549770K->4894100K(8306688K), 0.0236786 secs] [Times: user=0.10 sys=0.01, real=0.03 secs] 
2020-08-10T18:19:39.598+0800: 241646.185: [GC (Allocation Failure) 2020-08-10T18:19:39.598+0800: 241646.185: [ParNew: 673074K->18914K(737280K), 0.0471698 secs] 5549460K->4895569K(8306688K), 0.0473366 secs] [Times: user=0.19 sys=0.00, real=0.05 secs] 
2020-08-10T18:21:13.623+0800: 241740.210: [GC (Allocation Failure) 2020-08-10T18:21:13.623+0800: 241740.211: [ParNew: 674274K->15727K(737280K), 0.0218243 secs] 5550929K->4892401K(8306688K), 0.0220000 secs] [Times: user=0.11 sys=0.00, real=0.02 secs] 
2020-08-10T18:23:07.010+0800: 241853.598: [GC (Allocation Failure) 2020-08-10T18:23:07.010+0800: 241853.598: [ParNew: 671087K->17514K(737280K), 0.0446666 secs] 5547761K->4894697K(8306688K), 0.0448315 secs] [Times: user=0.16 sys=0.00, real=0.04 secs] 
2020-08-10T18:24:47.555+0800: 241954.142: [GC (Allocation Failure) 2020-08-10T18:24:47.555+0800: 241954.142: [ParNew: 672874K->14769K(737280K), 0.0232992 secs] 5550057K->4892135K(8306688K), 0.0234640 secs] [Times: user=0.10 sys=0.00, real=0.02 secs] 
2020-08-10T18:26:22.546+0800: 242049.133: [GC (Allocation Failure) 2020-08-10T18:26:22.546+0800: 242049.133: [ParNew: 670129K->13442K(737280K), 0.0232915 secs] 5547495K->4890899K(8306688K), 0.0234740 secs] [Times: user=0.12 sys=0.00, real=0.03 secs] 
2020-08-10T18:28:07.574+0800: 242154.161: [GC (Allocation Failure) 2020-08-10T18:28:07.574+0800: 242154.162: [ParNew: 668802K->16073K(737280K), 0.0268569 secs] 5546259K->4893539K(8306688K), 0.0270502 secs] [Times: user=0.11 sys=0.00, real=0.03 secs] 
2020-08-10T18:29:54.557+0800: 242261.144: [GC (Allocation Failure) 2020-08-10T18:29:54.557+0800: 242261.144: [ParNew: 671433K->14105K(737280K), 0.0228952 secs] 5548899K->4891747K(8306688K), 0.0230815 secs] [Times: user=0.11 sys=0.00, real=0.03 secs] 
2020-08-10T18:31:26.403+0800: 242352.990: [GC (Allocation Failure) 2020-08-10T18:31:26.403+0800: 242352.991: [ParNew: 669465K->17000K(737280K), 0.0231887 secs] 5547107K->4894714K(8306688K), 0.0233643 secs] [Times: user=0.08 sys=0.00, real=0.03 secs] 
2020-08-10T18:33:05.389+0800: 242451.977: [GC (Allocation Failure) 2020-08-10T18:33:05.389+0800: 242451.977: [ParNew: 672360K->16682K(737280K), 0.0333975 secs] 5550074K->4894595K(8306688K), 0.0335839 secs] [Times: user=0.14 sys=0.00, real=0.03 secs] 
2020-08-10T18:34:25.745+0800: 242532.332: [GC (Allocation Failure) 2020-08-10T18:34:25.745+0800: 242532.332: [ParNew: 672042K->15235K(737280K), 0.0320487 secs] 5549955K->4893614K(8306688K), 0.0322443 secs] [Times: user=0.12 sys=0.00, real=0.03 secs] 
2020-08-10T18:35:47.929+0800: 242614.517: [GC (Allocation Failure) 2020-08-10T18:35:47.929+0800: 242614.517: [ParNew: 670595K->13580K(737280K), 0.0668941 secs] 5548974K->4892071K(8306688K), 0.0670550 secs] [Times: user=0.41 sys=0.00, real=0.06 secs] 
2020-08-10T18:37:20.712+0800: 242707.299: [GC (Allocation Failure) 2020-08-10T18:37:20.712+0800: 242707.299: [ParNew: 668940K->14932K(737280K), 0.0236300 secs] 5547431K->4893494K(8306688K), 0.0237922 secs] [Times: user=0.11 sys=0.00, real=0.02 secs] 
2020-08-10T18:38:54.655+0800: 242801.242: [GC (Allocation Failure) 2020-08-10T18:38:54.655+0800: 242801.242: [ParNew: 670292K->14460K(737280K), 0.0392326 secs] 5548854K->4893208K(8306688K), 0.0394048 secs] [Times: user=0.16 sys=0.00, real=0.04 secs] 
2020-08-10T18:40:21.669+0800: 242888.256: [GC (Allocation Failure) 2020-08-10T18:40:21.669+0800: 242888.256: [ParNew: 669813K->15181K(737280K), 0.0413959 secs] 5548561K->4894134K(8306688K), 0.0415818 secs] [Times: user=0.17 sys=0.00, real=0.04 secs] 
2020-08-10T18:41:57.257+0800: 242983.844: [GC (Allocation Failure) 2020-08-10T18:41:57.258+0800: 242983.845: [ParNew: 670541K->13599K(737280K), 0.0262636 secs] 5549494K->4892820K(8306688K), 0.0273780 secs] [Times: user=0.09 sys=0.00, real=0.03 secs] 
2020-08-10T18:43:28.615+0800: 243075.202: [GC (Allocation Failure) 2020-08-10T18:43:28.615+0800: 243075.202: [ParNew: 668959K->15037K(737280K), 0.0257350 secs] 5548180K->4894296K(8306688K), 0.0259034 secs] [Times: user=0.11 sys=0.00, real=0.03 secs] 
2020-08-10T18:44:43.098+0800: 243149.686: [GC (Allocation Failure) 2020-08-10T18:44:43.099+0800: 243149.686: [ParNew: 670397K->13979K(737280K), 0.0224296 secs] 5549656K->4893582K(8306688K), 0.0226436 secs] [Times: user=0.11 sys=0.00, real=0.03 secs] 
2020-08-10T18:46:45.750+0800: 243272.338: [GC (Allocation Failure) 2020-08-10T18:46:45.750+0800: 243272.338: [ParNew: 669339K->15760K(737280K), 0.0336430 secs] 5548942K->4895434K(8306688K), 0.0338270 secs] [Times: user=0.15 sys=0.00, real=0.03 secs] 
2020-08-10T18:48:38.264+0800: 243384.852: [GC (Allocation Failure) 2020-08-10T18:48:38.264+0800: 243384.852: [ParNew: 671120K->16789K(737280K), 0.0252898 secs] 5550794K->4896630K(8306688K), 0.0255137 secs] [Times: user=0.09 sys=0.00, real=0.03 secs] 
2020-08-10T18:50:37.899+0800: 243504.487: [GC (Allocation Failure) 2020-08-10T18:50:37.899+0800: 243504.487: [ParNew: 672149K->17081K(737280K), 0.0323235 secs] 5551990K->4897076K(8306688K), 0.0325256 secs] [Times: user=0.10 sys=0.01, real=0.03 secs] 
2020-08-10T18:53:34.933+0800: 243681.520: [GC (Allocation Failure) 2020-08-10T18:53:34.974+0800: 243681.561: [ParNew: 672441K->13402K(737280K), 0.0268312 secs] 5552436K->4893401K(8306688K), 0.0678686 secs] [Times: user=0.12 sys=0.00, real=0.07 secs] 
2020-08-10T18:56:01.657+0800: 243828.244: [GC (Allocation Failure) 2020-08-10T18:56:01.657+0800: 243828.244: [ParNew: 668745K->14184K(737280K), 0.0242034 secs] 5548745K->4894302K(8306688K), 0.0243799 secs] [Times: user=0.11 sys=0.00, real=0.03 secs] 
2020-08-10T18:58:38.961+0800: 243985.548: [GC (Allocation Failure) 2020-08-10T18:58:38.961+0800: 243985.548: [ParNew: 669544K->14337K(737280K), 0.0295367 secs] 5549662K->4894457K(8306688K), 0.0297034 secs] [Times: user=0.11 sys=0.01, real=0.03 secs] 
2020-08-10T19:01:08.021+0800: 244134.608: [GC (Allocation Failure) 2020-08-10T19:01:08.021+0800: 244134.608: [ParNew: 669697K->18670K(737280K), 0.0345630 secs] 5549817K->4898936K(8306688K), 0.0347516 secs] [Times: user=0.12 sys=0.00, real=0.03 secs] 
2020-08-10T19:02:58.882+0800: 244245.469: [GC (Allocation Failure) 2020-08-10T19:02:58.882+0800: 244245.469: [ParNew: 674030K->17668K(737280K), 0.0577853 secs] 5554296K->4898003K(8306688K), 0.0580018 secs] [Times: user=0.15 sys=0.00, real=0.06 secs] 
2020-08-10T19:04:26.393+0800: 244332.981: [GC (Allocation Failure) 2020-08-10T19:04:26.393+0800: 244332.981: [ParNew: 673027K->17321K(737280K), 0.0283672 secs] 5553363K->4897736K(8306688K), 0.0285324 secs] [Times: user=0.14 sys=0.00, real=0.03 secs] 
2020-08-10T19:06:08.531+0800: 244435.118: [GC (Allocation Failure) 2020-08-10T19:06:08.531+0800: 244435.118: [ParNew: 672681K->18031K(737280K), 0.0190096 secs] 5553096K->4898493K(8306688K), 0.0192181 secs] [Times: user=0.08 sys=0.01, real=0.02 secs] 
2020-08-10T19:07:29.413+0800: 244516.000: [GC (Allocation Failure) 2020-08-10T19:07:29.413+0800: 244516.000: [ParNew: 673391K->16296K(737280K), 0.0619107 secs] 5553853K->4896916K(8306688K), 0.0620806 secs] [Times: user=0.34 sys=0.00, real=0.06 secs] 
2020-08-10T19:09:05.532+0800: 244612.119: [GC (Allocation Failure) 2020-08-10T19:09:05.532+0800: 244612.119: [ParNew: 671652K->15674K(737280K), 0.0421212 secs] 5552271K->4896565K(8306688K), 0.0423050 secs] [Times: user=0.16 sys=0.00, real=0.04 secs] 
2020-08-10T19:10:22.787+0800: 244689.375: [GC (Allocation Failure) 2020-08-10T19:10:22.788+0800: 244689.375: [ParNew: 671034K->15875K(737280K), 0.0208500 secs] 5551925K->4897284K(8306688K), 0.0210447 secs] [Times: user=0.09 sys=0.00, real=0.02 secs] 
2020-08-10T19:11:16.268+0800: 244742.856: [GC (Allocation Failure) 2020-08-10T19:11:16.268+0800: 244742.856: [ParNew: 671235K->25500K(737280K), 0.0272775 secs] 5552644K->4907133K(8306688K), 0.0284325 secs] [Times: user=0.11 sys=0.00, real=0.02 secs] 
2020-08-10T19:12:41.328+0800: 244827.916: [GC (Allocation Failure) 2020-08-10T19:12:41.328+0800: 244827.916: [ParNew: 680860K->19764K(737280K), 0.0321822 secs] 5562493K->4901603K(8306688K), 0.0323415 secs] [Times: user=0.16 sys=0.00, real=0.03 secs] 
2020-08-10T19:14:09.804+0800: 244916.392: [GC (Allocation Failure) 2020-08-10T19:14:09.804+0800: 244916.392: [ParNew: 675043K->16687K(737280K), 0.0285728 secs] 5556882K->4898843K(8306688K), 0.0287552 secs] [Times: user=0.12 sys=0.00, real=0.03 secs] 
2020-08-10T19:15:57.558+0800: 245024.145: [GC (Allocation Failure) 2020-08-10T19:15:57.558+0800: 245024.145: [ParNew: 672039K->16518K(737280K), 0.0340185 secs] 5554195K->4898915K(8306688K), 0.0342268 secs] [Times: user=0.13 sys=0.00, real=0.04 secs] 
2020-08-10T19:17:44.296+0800: 245130.883: [GC (Allocation Failure) 2020-08-10T19:17:44.296+0800: 245130.883: [ParNew: 671878K->17483K(737280K), 0.0283013 secs] 5554275K->4900090K(8306688K), 0.0285071 secs] [Times: user=0.10 sys=0.00, real=0.03 secs] 
2020-08-10T19:19:22.185+0800: 245228.773: [GC (Allocation Failure) 2020-08-10T19:19:22.186+0800: 245228.773: [ParNew: 672843K->16773K(737280K), 0.0312610 secs] 5555450K->4899746K(8306688K), 0.0314244 secs] [Times: user=0.14 sys=0.00, real=0.03 secs] 
2020-08-10T19:20:56.735+0800: 245323.323: [GC (Allocation Failure) 2020-08-10T19:20:56.735+0800: 245323.323: [ParNew: 672133K->17779K(737280K), 0.0230804 secs] 5555106K->4900819K(8306688K), 0.0232985 secs] [Times: user=0.12 sys=0.00, real=0.03 secs] 
2020-08-10T19:22:14.241+0800: 245400.829: [GC (Allocation Failure) 2020-08-10T19:22:14.241+0800: 245400.829: [ParNew: 673139K->14552K(737280K), 0.0223158 secs] 5556179K->4897819K(8306688K), 0.0224939 secs] [Times: user=0.10 sys=0.00, real=0.02 secs] 
2020-08-10T19:23:39.509+0800: 245486.097: [GC (Allocation Failure) 2020-08-10T19:23:39.509+0800: 245486.097: [ParNew: 669912K->18272K(737280K), 0.0219577 secs] 5553179K->4901665K(8306688K), 0.0222023 secs] [Times: user=0.10 sys=0.00, real=0.02 secs] 
2020-08-10T19:25:14.580+0800: 245581.167: [GC (Allocation Failure) 2020-08-10T19:25:14.580+0800: 245581.167: [ParNew: 673632K->17565K(737280K), 0.0198529 secs] 5557025K->4901030K(8306688K), 0.0200328 secs] [Times: user=0.10 sys=0.00, real=0.02 secs] 
2020-08-10T19:26:58.501+0800: 245685.089: [GC (Allocation Failure) 2020-08-10T19:26:58.502+0800: 245685.089: [ParNew: 672925K->16787K(737280K), 0.0224624 secs] 5556390K->4900493K(8306688K), 0.0226131 secs] [Times: user=0.12 sys=0.00, real=0.02 secs] 
2020-08-10T19:28:57.327+0800: 245803.914: [GC (Allocation Failure) 2020-08-10T19:28:57.327+0800: 245803.914: [ParNew: 672147K->17821K(737280K), 0.0266248 secs] 5555853K->4901736K(8306688K), 0.0268153 secs] [Times: user=0.09 sys=0.01, real=0.02 secs] 
2020-08-10T19:30:51.468+0800: 245918.056: [GC (Allocation Failure) 2020-08-10T19:30:51.468+0800: 245918.056: [ParNew: 673181K->14929K(737280K), 0.0400576 secs] 5557096K->4898851K(8306688K), 0.0402738 secs] [Times: user=0.16 sys=0.00, real=0.04 secs] 
2020-08-10T19:33:05.282+0800: 246051.869: [GC (Allocation Failure) 2020-08-10T19:33:05.282+0800: 246051.869: [ParNew: 670289K->16804K(737280K), 0.0249864 secs] 5554211K->4900852K(8306688K), 0.0251496 secs] [Times: user=0.10 sys=0.00, real=0.03 secs] 
2020-08-10T19:36:02.980+0800: 246229.568: [GC (Allocation Failure) 2020-08-10T19:36:02.981+0800: 246229.568: [ParNew: 672164K->17464K(737280K), 0.0267363 secs] 5556212K->4901726K(8306688K), 0.0269304 secs] [Times: user=0.11 sys=0.01, real=0.03 secs] 
2020-08-10T19:38:04.561+0800: 246351.148: [GC (Allocation Failure) 2020-08-10T19:38:04.561+0800: 246351.149: [ParNew: 672824K->19928K(737280K), 0.0546755 secs] 5557086K->4904331K(8306688K), 0.0549303 secs] [Times: user=0.13 sys=0.01, real=0.05 secs] 
2020-08-10T19:39:34.952+0800: 246441.539: [GC (Allocation Failure) 2020-08-10T19:39:34.952+0800: 246441.540: [ParNew: 675288K->16620K(737280K), 0.0847051 secs] 5559691K->4901195K(8306688K), 0.0849326 secs] [Times: user=0.33 sys=0.00, real=0.08 secs] 
2020-08-10T19:41:32.760+0800: 246559.347: [GC (Allocation Failure) 2020-08-10T19:41:32.760+0800: 246559.347: [ParNew: 671980K->15055K(737280K), 0.0378447 secs] 5556555K->4899750K(8306688K), 0.0380211 secs] [Times: user=0.13 sys=0.00, real=0.03 secs] 
2020-08-10T19:43:51.878+0800: 246698.465: [GC (Allocation Failure) 2020-08-10T19:43:51.878+0800: 246698.465: [ParNew: 670307K->14853K(737280K), 0.0348679 secs] 5555002K->4899626K(8306688K), 0.0350813 secs] [Times: user=0.13 sys=0.00, real=0.04 secs] 
2020-08-10T19:45:42.321+0800: 246808.908: [GC (Allocation Failure) 2020-08-10T19:45:42.321+0800: 246808.908: [ParNew: 670213K->14946K(737280K), 0.0268800 secs] 5554986K->4899928K(8306688K), 0.0270705 secs] [Times: user=0.09 sys=0.00, real=0.03 secs] 
2020-08-10T19:47:52.936+0800: 246939.523: [GC (Allocation Failure) 2020-08-10T19:47:52.936+0800: 246939.523: [ParNew: 670306K->15812K(737280K), 0.0352730 secs] 5555288K->4901079K(8306688K), 0.0354540 secs] [Times: user=0.11 sys=0.00, real=0.04 secs] 
2020-08-10T19:49:52.810+0800: 247059.398: [GC (Allocation Failure) 2020-08-10T19:49:52.811+0800: 247059.398: [ParNew: 671172K->14553K(737280K), 0.0296733 secs] 5556439K->4899892K(8306688K), 0.0298570 secs] [Times: user=0.13 sys=0.01, real=0.03 secs] 
2020-08-10T19:51:48.027+0800: 247174.615: [GC (Allocation Failure) 2020-08-10T19:51:48.027+0800: 247174.615: [ParNew: 669913K->16778K(737280K), 0.0328392 secs] 5555252K->4902324K(8306688K), 0.0330035 secs] [Times: user=0.14 sys=0.00, real=0.03 secs] 
2020-08-10T19:53:49.558+0800: 247296.145: [GC (Allocation Failure) 2020-08-10T19:53:49.558+0800: 247296.146: [ParNew: 672138K->16752K(737280K), 0.0323375 secs] 5557684K->4902326K(8306688K), 0.0325452 secs] [Times: user=0.10 sys=0.00, real=0.04 secs] 
2020-08-10T19:56:03.536+0800: 247430.123: [GC (Allocation Failure) 2020-08-10T19:56:03.536+0800: 247430.123: [ParNew: 672112K->17059K(737280K), 0.0389736 secs] 5557686K->4902898K(8306688K), 0.0391892 secs] [Times: user=0.11 sys=0.00, real=0.04 secs] 
2020-08-10T19:58:06.139+0800: 247552.726: [GC (Allocation Failure) 2020-08-10T19:58:06.139+0800: 247552.726: [ParNew: 672419K->14669K(737280K), 0.0235609 secs] 5558258K->4900566K(8306688K), 0.0237118 secs] [Times: user=0.11 sys=0.00, real=0.02 secs] 
2020-08-10T20:00:39.438+0800: 247706.025: [GC (Allocation Failure) 2020-08-10T20:00:39.438+0800: 247706.025: [ParNew: 670029K->16147K(737280K), 0.0289907 secs] 5555926K->4902196K(8306688K), 0.0291589 secs] [Times: user=0.11 sys=0.00, real=0.04 secs] 
2020-08-10T20:03:19.983+0800: 247866.570: [GC (Allocation Failure) 2020-08-10T20:03:19.983+0800: 247866.570: [ParNew: 671507K->17525K(737280K), 0.0260513 secs] 5557556K->4903642K(8306688K), 0.0262890 secs] [Times: user=0.11 sys=0.00, real=0.03 secs] 
2020-08-10T20:04:55.442+0800: 247962.029: [GC (Allocation Failure) 2020-08-10T20:04:55.442+0800: 247962.029: [ParNew: 672885K->16010K(737280K), 0.0261493 secs] 5559002K->4902276K(8306688K), 0.0263476 secs] [Times: user=0.11 sys=0.00, real=0.03 secs] 
2020-08-10T20:06:21.352+0800: 248047.939: [GC (Allocation Failure) 2020-08-10T20:06:21.352+0800: 248047.939: [ParNew: 671370K->16337K(737280K), 0.0374041 secs] 5557636K->4902676K(8306688K), 0.0375728 secs] [Times: user=0.12 sys=0.00, real=0.04 secs] 
2020-08-10T20:07:34.780+0800: 248121.367: [GC (Allocation Failure) 2020-08-10T20:07:34.780+0800: 248121.367: [ParNew: 671697K->19152K(737280K), 0.0468372 secs] 5558036K->4905632K(8306688K), 0.0470957 secs] [Times: user=0.11 sys=0.00, real=0.05 secs] 
2020-08-10T20:09:23.940+0800: 248230.527: [GC (Allocation Failure) 2020-08-10T20:09:23.940+0800: 248230.527: [ParNew: 674512K->16078K(737280K), 0.0300434 secs] 5560992K->4902854K(8306688K), 0.0302691 secs] [Times: user=0.12 sys=0.00, real=0.03 secs] 
2020-08-10T20:10:42.766+0800: 248309.354: [GC (Allocation Failure) 2020-08-10T20:10:42.767+0800: 248309.354: [ParNew: 671438K->27598K(737280K), 0.0366016 secs] 5558214K->4914701K(8306688K), 0.0368156 secs] [Times: user=0.14 sys=0.00, real=0.04 secs] 
2020-08-10T20:12:09.753+0800: 248396.340: [GC (Allocation Failure) 2020-08-10T20:12:09.753+0800: 248396.341: [ParNew: 682958K->24798K(737280K), 0.0384048 secs] 5570061K->4912109K(8306688K), 0.0394110 secs] [Times: user=0.18 sys=0.00, real=0.04 secs] 
2020-08-10T20:12:44.187+0800: 248430.774: [GC (Allocation Failure) 2020-08-10T20:12:44.187+0800: 248430.775: [ParNew: 680158K->52552K(737280K), 0.0482361 secs] 5567469K->4940012K(8306688K), 0.0484384 secs] [Times: user=0.32 sys=0.00, real=0.04 secs] 
2020-08-10T20:13:20.382+0800: 248466.969: [GC (Allocation Failure) 2020-08-10T20:13:20.382+0800: 248466.969: [ParNew: 707912K->77519K(737280K), 0.1297104 secs] 5595372K->4978727K(8306688K), 0.1298956 secs] [Times: user=0.84 sys=0.00, real=0.13 secs] 
2020-08-10T20:13:49.743+0800: 248496.330: [GC (Allocation Failure) 2020-08-10T20:13:49.743+0800: 248496.330: [ParNew: 732879K->81920K(737280K), 0.1114998 secs] 5634087K->5012222K(8306688K), 0.1117304 secs] [Times: user=0.58 sys=0.01, real=0.11 secs] 
2020-08-10T20:13:55.116+0800: 248501.703: [GC (Allocation Failure) 2020-08-10T20:13:55.116+0800: 248501.704: [ParNew: 737280K->81920K(737280K), 0.1760021 secs] 5667582K->5233289K(8306688K), 0.1761692 secs] [Times: user=0.82 sys=0.02, real=0.18 secs] 
2020-08-10T20:14:13.753+0800: 248520.341: [GC (Allocation Failure) 2020-08-10T20:14:13.753+0800: 248520.341: [ParNew: 737280K->59393K(737280K), 0.0630210 secs] 5888649K->5232071K(8306688K), 0.0631798 secs] [Times: user=0.37 sys=0.00, real=0.06 secs] 
2020-08-10T20:14:43.228+0800: 248549.815: [GC (Allocation Failure) 2020-08-10T20:14:43.228+0800: 248549.815: [ParNew: 714753K->67258K(737280K), 0.0577763 secs] 5887431K->5239936K(8306688K), 0.0579411 secs] [Times: user=0.37 sys=0.00, real=0.05 secs] 
2020-08-10T20:15:19.029+0800: 248585.616: [GC (Allocation Failure) 2020-08-10T20:15:19.029+0800: 248585.616: [ParNew: 722618K->81920K(737280K), 0.0926907 secs] 5895296K->5278353K(8306688K), 0.0928882 secs] [Times: user=0.49 sys=0.00, real=0.09 secs] 
2020-08-10T20:15:46.331+0800: 248612.918: [GC (Allocation Failure) 2020-08-10T20:15:46.331+0800: 248612.918: [ParNew: 737280K->81920K(737280K), 0.1189202 secs] 5933713K->5323393K(8306688K), 0.1190964 secs] [Times: user=0.55 sys=0.00, real=0.12 secs] 
2020-08-10T20:16:15.220+0800: 248641.807: [GC (Allocation Failure) 2020-08-10T20:16:15.220+0800: 248641.807: [ParNew: 737280K->81920K(737280K), 0.1328294 secs] 5978753K->5351055K(8306688K), 0.1330027 secs] [Times: user=0.68 sys=0.00, real=0.13 secs] 
2020-08-10T20:16:50.451+0800: 248677.038: [GC (Allocation Failure) 2020-08-10T20:16:50.451+0800: 248677.038: [ParNew: 737280K->81920K(737280K), 0.1243451 secs] 6006415K->5389452K(8306688K), 0.1245387 secs] [Times: user=0.68 sys=0.00, real=0.12 secs] 
2020-08-10T20:16:50.580+0800: 248677.167: [GC (CMS Initial Mark) [1 CMS-initial-mark: 5307532K(7569408K)] 5398865K(8306688K), 0.0088438 secs] [Times: user=0.03 sys=0.00, real=0.01 secs] 
2020-08-10T20:16:50.589+0800: 248677.176: [CMS-concurrent-mark-start]
2020-08-10T20:16:51.640+0800: 248678.227: [CMS-concurrent-mark: 1.051/1.051 secs] [Times: user=2.25 sys=0.00, real=1.05 secs] 
2020-08-10T20:16:51.640+0800: 248678.227: [CMS-concurrent-preclean-start]
2020-08-10T20:16:51.650+0800: 248678.238: [CMS-concurrent-preclean: 0.011/0.011 secs] [Times: user=0.02 sys=0.00, real=0.01 secs] 
2020-08-10T20:16:51.650+0800: 248678.238: [CMS-concurrent-abortable-preclean-start]
 CMS: abort preclean due to time 2020-08-10T20:16:56.797+0800: 248683.385: [CMS-concurrent-abortable-preclean: 4.445/5.147 secs] [Times: user=5.11 sys=0.42, real=5.14 secs] 
2020-08-10T20:16:56.798+0800: 248683.386: [GC (CMS Final Remark) [YG occupancy: 172385 K (737280 K)]2020-08-10T20:16:56.798+0800: 248683.386: [Rescan (parallel) , 0.0137183 secs]2020-08-10T20:16:56.812+0800: 248683.399: [weak refs processing, 0.0006476 secs]2020-08-10T20:16:56.813+0800: 248683.400: [class unloading, 0.0160480 secs]2020-08-10T20:16:56.829+0800: 248683.416: [scrub symbol table, 0.0062014 secs]2020-08-10T20:16:56.835+0800: 248683.422: [scrub string table, 0.0008310 secs][1 CMS-remark: 5307532K(7569408K)] 5479918K(8306688K), 0.0377114 secs] [Times: user=0.13 sys=0.00, real=0.04 secs] 
2020-08-10T20:16:56.836+0800: 248683.424: [CMS-concurrent-sweep-start]
2020-08-10T20:17:00.401+0800: 248686.988: [CMS-concurrent-sweep: 3.564/3.564 secs] [Times: user=4.04 sys=0.31, real=3.57 secs] 
2020-08-10T20:17:00.401+0800: 248686.988: [CMS-concurrent-reset-start]
2020-08-10T20:17:00.427+0800: 248687.014: [CMS-concurrent-reset: 0.026/0.026 secs] [Times: user=0.03 sys=0.00, real=0.03 secs] 
2020-08-10T20:17:31.057+0800: 248717.644: [GC (Allocation Failure) 2020-08-10T20:17:31.057+0800: 248717.644: [ParNew: 737280K->81920K(737280K), 0.0987879 secs] 1776746K->1156915K(8306688K), 0.0989875 secs] [Times: user=0.61 sys=0.00, real=0.10 secs] 
2020-08-10T20:18:09.567+0800: 248756.154: [GC (Allocation Failure) 2020-08-10T20:18:09.567+0800: 248756.154: [ParNew: 737280K->81920K(737280K), 0.0929294 secs] 1812275K->1188328K(8306688K), 0.0931014 secs] [Times: user=0.59 sys=0.00, real=0.09 secs] 
2020-08-10T20:18:46.415+0800: 248793.003: [GC (Allocation Failure) 2020-08-10T20:18:46.415+0800: 248793.003: [ParNew: 737280K->81920K(737280K), 0.1055396 secs] 1843688K->1220003K(8306688K), 0.1057073 secs] [Times: user=0.62 sys=0.00, real=0.11 secs] 
2020-08-10T20:19:18.469+0800: 248825.057: [GC (Allocation Failure) 2020-08-10T20:19:18.470+0800: 248825.057: [ParNew: 737280K->81920K(737280K), 0.1222951 secs] 1875363K->1252329K(8306688K), 0.1225184 secs] [Times: user=0.60 sys=0.00, real=0.12 secs] 
2020-08-10T20:19:56.313+0800: 248862.900: [GC (Allocation Failure) 2020-08-10T20:19:56.313+0800: 248862.900: [ParNew: 737280K->81920K(737280K), 0.1046414 secs] 1907689K->1286960K(8306688K), 0.1048112 secs] [Times: user=0.64 sys=0.00, real=0.10 secs] 
2020-08-10T20:20:30.117+0800: 248896.704: [GC (Allocation Failure) 2020-08-10T20:20:30.117+0800: 248896.704: [ParNew: 737280K->81920K(737280K), 0.1262120 secs] 1942320K->1328011K(8306688K), 0.1263792 secs] [Times: user=0.68 sys=0.00, real=0.13 secs] 
2020-08-10T20:21:00.493+0800: 248927.080: [GC (Allocation Failure) 2020-08-10T20:21:00.493+0800: 248927.080: [ParNew: 737280K->81920K(737280K), 0.0959141 secs] 1983371K->1359141K(8306688K), 0.0960848 secs] [Times: user=0.54 sys=0.00, real=0.10 secs] 
2020-08-10T20:21:26.402+0800: 248952.989: [GC (Allocation Failure) 2020-08-10T20:21:26.402+0800: 248952.989: [ParNew: 737184K->81920K(737280K), 0.1289555 secs] 2014406K->1391595K(8306688K), 0.1291586 secs] [Times: user=0.84 sys=0.00, real=0.13 secs] 
2020-08-10T20:21:52.233+0800: 248978.821: [GC (Allocation Failure) 2020-08-10T20:21:52.234+0800: 248978.821: [ParNew: 737280K->81920K(737280K), 0.0944557 secs] 2046955K->1428469K(8306688K), 0.0946282 secs] [Times: user=0.65 sys=0.00, real=0.10 secs] 
2020-08-10T20:22:20.615+0800: 249007.202: [GC (Allocation Failure) 2020-08-10T20:22:20.615+0800: 249007.202: [ParNew: 737280K->81920K(737280K), 0.1135903 secs] 2083829K->1466989K(8306688K), 0.1137855 secs] [Times: user=0.56 sys=0.00, real=0.12 secs] 
2020-08-10T20:22:45.341+0800: 249031.928: [GC (Allocation Failure) 2020-08-10T20:22:45.341+0800: 249031.928: [ParNew: 737280K->81920K(737280K), 0.0923073 secs] 2122349K->1499738K(8306688K), 0.0924702 secs] [Times: user=0.62 sys=0.00, real=0.09 secs] 
2020-08-10T20:23:14.827+0800: 249061.414: [GC (Allocation Failure) 2020-08-10T20:23:14.827+0800: 249061.414: [ParNew: 737280K->81920K(737280K), 0.1206481 secs] 2155098K->1534907K(8306688K), 0.1208366 secs] [Times: user=0.80 sys=0.00, real=0.12 secs] 
2020-08-10T20:23:39.639+0800: 249086.226: [GC (Allocation Failure) 2020-08-10T20:23:39.639+0800: 249086.226: [ParNew: 737280K->81920K(737280K), 0.1016371 secs] 2190267K->1573998K(8306688K), 0.1018172 secs] [Times: user=0.61 sys=0.00, real=0.10 secs] 
2020-08-10T20:23:55.383+0800: 249101.970: [GC (Allocation Failure) 2020-08-10T20:23:55.383+0800: 249101.970: [ParNew: 737280K->81920K(737280K), 0.1093487 secs] 2229358K->1613777K(8306688K), 0.1095350 secs] [Times: user=0.58 sys=0.00, real=0.11 secs] 
2020-08-10T20:24:09.347+0800: 249115.934: [GC (Allocation Failure) 2020-08-10T20:24:09.347+0800: 249115.934: [ParNew: 737280K->81920K(737280K), 0.1141106 secs] 2269137K->1647839K(8306688K), 0.1142746 secs] [Times: user=0.70 sys=0.00, real=0.11 secs] 
2020-08-10T20:24:26.013+0800: 249132.600: [GC (Allocation Failure) 2020-08-10T20:24:26.013+0800: 249132.600: [ParNew: 737280K->73759K(737280K), 0.1407896 secs] 2303199K->1713749K(8306688K), 0.1409700 secs] [Times: user=0.75 sys=0.00, real=0.14 secs] 
2020-08-10T20:24:45.560+0800: 249152.148: [GC (Allocation Failure) 2020-08-10T20:24:45.560+0800: 249152.148: [ParNew: 729119K->67760K(737280K), 0.0786800 secs] 2369109K->1746917K(8306688K), 0.0788351 secs] [Times: user=0.54 sys=0.00, real=0.08 secs] 
2020-08-10T20:25:07.807+0800: 249174.394: [GC (Allocation Failure) 2020-08-10T20:25:07.807+0800: 249174.394: [ParNew: 723120K->81920K(737280K), 0.0855296 secs] 2402277K->1762553K(8306688K), 0.0857292 secs] [Times: user=0.44 sys=0.00, real=0.08 secs] 
2020-08-10T20:25:21.505+0800: 249188.093: [GC (Allocation Failure) 2020-08-10T20:25:21.505+0800: 249188.093: [ParNew: 737280K->81920K(737280K), 0.1012371 secs] 2417913K->1804646K(8306688K), 0.1013891 secs] [Times: user=0.66 sys=0.00, real=0.11 secs] 
2020-08-10T20:25:33.696+0800: 249200.283: [GC (Allocation Failure) 2020-08-10T20:25:33.696+0800: 249200.283: [ParNew: 737280K->74852K(737280K), 0.1554724 secs] 2460006K->1873936K(8306688K), 0.1556578 secs] [Times: user=0.77 sys=0.00, real=0.16 secs] 
2020-08-10T20:25:45.816+0800: 249212.403: [GC (Allocation Failure) 2020-08-10T20:25:45.816+0800: 249212.403: [ParNew: 730212K->65415K(737280K), 0.0973102 secs] 2529296K->1905960K(8306688K), 0.0974738 secs] [Times: user=0.56 sys=0.00, real=0.10 secs] 
2020-08-10T20:26:16.644+0800: 249243.231: [GC (Allocation Failure) 2020-08-10T20:26:16.644+0800: 249243.232: [ParNew: 720775K->54905K(737280K), 0.0901861 secs] 2561320K->1934731K(8306688K), 0.0903861 secs] [Times: user=0.44 sys=0.00, real=0.09 secs] 
2020-08-10T20:26:43.311+0800: 249269.899: [GC (Allocation Failure) 2020-08-10T20:26:43.312+0800: 249269.899: [ParNew: 710265K->81920K(737280K), 0.0490734 secs] 2590091K->1962605K(8306688K), 0.0492374 secs] [Times: user=0.35 sys=0.00, real=0.05 secs] 
2020-08-10T20:27:05.506+0800: 249292.093: [GC (Allocation Failure) 2020-08-10T20:27:05.506+0800: 249292.093: [ParNew: 737280K->81920K(737280K), 0.0899977 secs] 2617965K->1994887K(8306688K), 0.0901952 secs] [Times: user=0.55 sys=0.00, real=0.09 secs] 
2020-08-10T20:27:28.067+0800: 249314.654: [GC (Allocation Failure) 2020-08-10T20:27:28.067+0800: 249314.654: [ParNew: 737280K->81920K(737280K), 0.1071822 secs] 2650247K->2030282K(8306688K), 0.1073598 secs] [Times: user=0.64 sys=0.00, real=0.10 secs] 
2020-08-10T20:27:53.109+0800: 249339.696: [GC (Allocation Failure) 2020-08-10T20:27:53.109+0800: 249339.696: [ParNew: 737280K->81920K(737280K), 0.1021371 secs] 2685642K->2064828K(8306688K), 0.1023170 secs] [Times: user=0.62 sys=0.00, real=0.10 secs] 
2020-08-10T20:28:13.873+0800: 249360.461: [GC (Allocation Failure) 2020-08-10T20:28:13.874+0800: 249360.461: [ParNew: 737280K->81920K(737280K), 0.1471992 secs] 2720188K->2104339K(8306688K), 0.1473667 secs] [Times: user=0.96 sys=0.00, real=0.15 secs] 
2020-08-10T20:28:51.616+0800: 249398.203: [GC (Allocation Failure) 2020-08-10T20:28:51.616+0800: 249398.203: [ParNew: 737280K->81920K(737280K), 0.0978336 secs] 2759699K->2140582K(8306688K), 0.0979893 secs] [Times: user=0.57 sys=0.00, real=0.10 secs] 
2020-08-10T20:29:35.882+0800: 249442.470: [GC (Allocation Failure) 2020-08-10T20:29:35.883+0800: 249442.470: [ParNew: 737280K->81920K(737280K), 0.0846324 secs] 2795942K->2176264K(8306688K), 0.0848298 secs] [Times: user=0.56 sys=0.00, real=0.09 secs] 
2020-08-10T20:30:04.845+0800: 249471.432: [GC (Allocation Failure) 2020-08-10T20:30:04.845+0800: 249471.433: [ParNew: 737280K->81920K(737280K), 0.0929360 secs] 2831624K->2208024K(8306688K), 0.0931086 secs] [Times: user=0.60 sys=0.00, real=0.09 secs] 
2020-08-10T20:30:38.954+0800: 249505.541: [GC (Allocation Failure) 2020-08-10T20:30:38.954+0800: 249505.541: [ParNew: 737280K->81920K(737280K), 0.1093406 secs] 2863384K->2240032K(8306688K), 0.1095003 secs] [Times: user=0.56 sys=0.00, real=0.11 secs] 
2020-08-10T20:31:12.302+0800: 249538.889: [GC (Allocation Failure) 2020-08-10T20:31:12.302+0800: 249538.889: [ParNew: 737280K->81920K(737280K), 0.0855245 secs] 2895392K->2274070K(8306688K), 0.0857011 secs] [Times: user=0.50 sys=0.00, real=0.09 secs] 
2020-08-10T20:31:51.405+0800: 249577.993: [GC (Allocation Failure) 2020-08-10T20:31:51.406+0800: 249577.993: [ParNew: 737280K->81920K(737280K), 0.1083740 secs] 2929430K->2308875K(8306688K), 0.1085811 secs] [Times: user=0.49 sys=0.00, real=0.11 secs] 
2020-08-10T20:32:26.691+0800: 249613.278: [GC (Allocation Failure) 2020-08-10T20:32:26.691+0800: 249613.278: [ParNew: 737280K->81920K(737280K), 0.0883661 secs] 2964235K->2338402K(8306688K), 0.0885351 secs] [Times: user=0.54 sys=0.00, real=0.09 secs] 
2020-08-10T20:32:56.194+0800: 249642.781: [GC (Allocation Failure) 2020-08-10T20:32:56.194+0800: 249642.781: [ParNew: 737280K->81920K(737280K), 0.1100936 secs] 2993762K->2371853K(8306688K), 0.1102730 secs] [Times: user=0.65 sys=0.00, real=0.11 secs] 
2020-08-10T20:33:27.362+0800: 249673.949: [GC (Allocation Failure) 2020-08-10T20:33:27.362+0800: 249673.949: [ParNew: 737280K->81920K(737280K), 0.0995497 secs] 3027213K->2404606K(8306688K), 0.0997158 secs] [Times: user=0.63 sys=0.00, real=0.10 secs] 
2020-08-10T20:34:04.640+0800: 249711.227: [GC (Allocation Failure) 2020-08-10T20:34:04.640+0800: 249711.228: [ParNew: 737280K->81920K(737280K), 0.1088017 secs] 3059966K->2440627K(8306688K), 0.1090124 secs] [Times: user=0.60 sys=0.00, real=0.11 secs] 
2020-08-10T20:34:32.268+0800: 249738.856: [GC (Allocation Failure) 2020-08-10T20:34:32.268+0800: 249738.856: [ParNew: 737280K->81920K(737280K), 0.1103000 secs] 3095987K->2477326K(8306688K), 0.1104641 secs] [Times: user=0.67 sys=0.00, real=0.11 secs] 
2020-08-10T20:34:55.320+0800: 249761.907: [GC (Allocation Failure) 2020-08-10T20:34:55.320+0800: 249761.907: [ParNew: 737280K->81920K(737280K), 0.1198008 secs] 3132686K->2513170K(8306688K), 0.1199820 secs] [Times: user=0.67 sys=0.00, real=0.12 secs] 
2020-08-10T20:35:14.704+0800: 249781.291: [GC (Allocation Failure) 2020-08-10T20:35:14.704+0800: 249781.291: [ParNew: 737280K->81920K(737280K), 0.1218979 secs] 3168530K->2548166K(8306688K), 0.1220893 secs] [Times: user=0.75 sys=0.00, real=0.12 secs] 
2020-08-10T20:35:34.586+0800: 249801.174: [GC (Allocation Failure) 2020-08-10T20:35:34.587+0800: 249801.174: [ParNew: 737280K->77316K(737280K), 0.1285495 secs] 3203526K->2621300K(8306688K), 0.1287511 secs] [Times: user=0.77 sys=0.00, real=0.13 secs] 
2020-08-10T20:35:55.139+0800: 249821.727: [GC (Allocation Failure) 2020-08-10T20:35:55.139+0800: 249821.727: [ParNew: 732676K->57045K(737280K), 0.0878883 secs] 3276660K->2641004K(8306688K), 0.0880693 secs] [Times: user=0.52 sys=0.02, real=0.09 secs] 
2020-08-10T20:36:20.473+0800: 249847.061: [GC (Allocation Failure) 2020-08-10T20:36:20.474+0800: 249847.061: [ParNew: 712405K->81920K(737280K), 0.0653693 secs] 3296364K->2667405K(8306688K), 0.0655924 secs] [Times: user=0.44 sys=0.00, real=0.07 secs] 
2020-08-10T20:36:37.281+0800: 249863.868: [GC (Allocation Failure) 2020-08-10T20:36:37.281+0800: 249863.868: [ParNew: 737280K->81920K(737280K), 0.1140302 secs] 3322765K->2704803K(8306688K), 0.1142060 secs] [Times: user=0.65 sys=0.00, real=0.11 secs] 
2020-08-10T20:36:58.204+0800: 249884.791: [GC (Allocation Failure) 2020-08-10T20:36:58.204+0800: 249884.791: [ParNew: 737280K->81920K(737280K), 0.1030962 secs] 3360163K->2738830K(8306688K), 0.1032701 secs] [Times: user=0.66 sys=0.00, real=0.11 secs] 
2020-08-10T20:37:19.662+0800: 249906.249: [GC (Allocation Failure) 2020-08-10T20:37:19.662+0800: 249906.249: [ParNew: 737280K->81920K(737280K), 0.1231385 secs] 3394190K->2789855K(8306688K), 0.1233060 secs] [Times: user=0.66 sys=0.00, real=0.12 secs] 
2020-08-10T20:37:57.721+0800: 249944.308: [GC (Allocation Failure) 2020-08-10T20:37:57.721+0800: 249944.308: [ParNew: 737280K->81920K(737280K), 0.1087272 secs] 3445215K->2820878K(8306688K), 0.1088905 secs] [Times: user=0.59 sys=0.00, real=0.11 secs] 
2020-08-10T20:38:31.885+0800: 249978.472: [GC (Allocation Failure) 2020-08-10T20:38:31.886+0800: 249978.473: [ParNew: 737280K->81920K(737280K), 0.1102936 secs] 3476238K->2857316K(8306688K), 0.1116629 secs] [Times: user=0.56 sys=0.00, real=0.11 secs] 
2020-08-10T20:38:54.519+0800: 250001.106: [GC (Allocation Failure) 2020-08-10T20:38:54.519+0800: 250001.106: [ParNew: 737280K->81920K(737280K), 0.1044488 secs] 3512676K->2891443K(8306688K), 0.1046181 secs] [Times: user=0.62 sys=0.00, real=0.10 secs] 
2020-08-10T20:39:22.292+0800: 250028.879: [GC (Allocation Failure) 2020-08-10T20:39:22.292+0800: 250028.879: [ParNew: 737280K->81920K(737280K), 0.1099108 secs] 3546803K->2925393K(8306688K), 0.1101279 secs] [Times: user=0.59 sys=0.00, real=0.11 secs] 
2020-08-10T20:39:44.267+0800: 250050.854: [GC (Allocation Failure) 2020-08-10T20:39:44.267+0800: 250050.854: [ParNew: 737280K->81920K(737280K), 0.1310840 secs] 3580753K->2966343K(8306688K), 0.1312493 secs] [Times: user=0.70 sys=0.00, real=0.12 secs] 
2020-08-10T20:40:18.555+0800: 250085.142: [GC (Allocation Failure) 2020-08-10T20:40:18.555+0800: 250085.142: [ParNew: 737280K->81920K(737280K), 0.0965947 secs] 3621703K->3001370K(8306688K), 0.0967766 secs] [Times: user=0.58 sys=0.00, real=0.10 secs] 
2020-08-10T20:40:58.299+0800: 250124.886: [GC (Allocation Failure) 2020-08-10T20:40:58.299+0800: 250124.887: [ParNew: 737280K->81920K(737280K), 0.0943422 secs] 3656730K->3034822K(8306688K), 0.0945201 secs] [Times: user=0.58 sys=0.00, real=0.09 secs] 
2020-08-10T20:41:30.967+0800: 250157.554: [GC (Allocation Failure) 2020-08-10T20:41:30.967+0800: 250157.554: [ParNew: 737280K->81920K(737280K), 0.1256076 secs] 3690182K->3071212K(8306688K), 0.1258166 secs] [Times: user=0.49 sys=0.00, real=0.12 secs] 
2020-08-10T20:42:15.510+0800: 250202.098: [GC (Allocation Failure) 2020-08-10T20:42:15.510+0800: 250202.098: [ParNew: 737280K->81920K(737280K), 0.0979749 secs] 3726572K->3104437K(8306688K), 0.0981860 secs] [Times: user=0.46 sys=0.00, real=0.10 secs] 
2020-08-10T20:42:56.524+0800: 250243.111: [GC (Allocation Failure) 2020-08-10T20:42:56.524+0800: 250243.111: [ParNew: 737280K->81920K(737280K), 0.1261763 secs] 3759797K->3142966K(8306688K), 0.1263569 secs] [Times: user=0.60 sys=0.00, real=0.13 secs] 
2020-08-10T20:43:35.533+0800: 250282.120: [GC (Allocation Failure) 2020-08-10T20:43:35.533+0800: 250282.120: [ParNew: 737280K->81920K(737280K), 0.0960608 secs] 3798326K->3171738K(8306688K), 0.0962270 secs] [Times: user=0.63 sys=0.00, real=0.10 secs] 
2020-08-10T20:44:19.797+0800: 250326.384: [GC (Allocation Failure) 2020-08-10T20:44:19.797+0800: 250326.384: [ParNew: 737280K->81920K(737280K), 0.1013397 secs] 3827098K->3214053K(8306688K), 0.1015140 secs] [Times: user=0.63 sys=0.00, real=0.11 secs] 
2020-08-10T20:44:55.349+0800: 250361.936: [GC (Allocation Failure) 2020-08-10T20:44:55.349+0800: 250361.936: [ParNew: 737280K->81920K(737280K), 0.1162986 secs] 3869413K->3248065K(8306688K), 0.1164852 secs] [Times: user=0.65 sys=0.00, real=0.11 secs] 
2020-08-10T20:45:29.924+0800: 250396.511: [GC (Allocation Failure) 2020-08-10T20:45:29.924+0800: 250396.511: [ParNew: 737280K->81920K(737280K), 0.1160084 secs] 3903425K->3283368K(8306688K), 0.1162419 secs] [Times: user=0.64 sys=0.00, real=0.12 secs] 
2020-08-10T20:46:00.817+0800: 250427.404: [GC (Allocation Failure) 2020-08-10T20:46:00.817+0800: 250427.404: [ParNew: 737280K->81920K(737280K), 0.0970680 secs] 3938728K->3324330K(8306688K), 0.0972359 secs] [Times: user=0.55 sys=0.00, real=0.10 secs] 
2020-08-10T20:46:37.627+0800: 250464.214: [GC (Allocation Failure) 2020-08-10T20:46:37.627+0800: 250464.214: [ParNew: 737280K->81920K(737280K), 0.1070872 secs] 3979690K->3355995K(8306688K), 0.1072981 secs] [Times: user=0.61 sys=0.00, real=0.10 secs] 
2020-08-10T20:47:16.978+0800: 250503.565: [GC (Allocation Failure) 2020-08-10T20:47:16.978+0800: 250503.565: [ParNew: 737280K->81920K(737280K), 0.1084152 secs] 4011355K->3390217K(8306688K), 0.1086485 secs] [Times: user=0.61 sys=0.00, real=0.12 secs] 
2020-08-10T20:47:58.941+0800: 250545.528: [GC (Allocation Failure) 2020-08-10T20:47:58.941+0800: 250545.528: [ParNew: 737280K->81920K(737280K), 0.1097507 secs] 4045577K->3426257K(8306688K), 0.1099397 secs] [Times: user=0.50 sys=0.00, real=0.11 secs] 
2020-08-10T20:48:39.743+0800: 250586.330: [GC (Allocation Failure) 2020-08-10T20:48:39.743+0800: 250586.330: [ParNew: 737280K->80121K(737280K), 0.0860882 secs] 4081617K->3454865K(8306688K), 0.0862528 secs] [Times: user=0.54 sys=0.00, real=0.09 secs] 
2020-08-10T20:49:24.877+0800: 250631.464: [GC (Allocation Failure) 2020-08-10T20:49:24.877+0800: 250631.464: [ParNew: 735481K->81920K(737280K), 0.0935108 secs] 4110225K->3487689K(8306688K), 0.0936876 secs] [Times: user=0.53 sys=0.00, real=0.10 secs] 
2020-08-10T20:50:06.983+0800: 250673.570: [GC (Allocation Failure) 2020-08-10T20:50:06.983+0800: 250673.570: [ParNew: 737280K->81920K(737280K), 0.1741625 secs] 4143049K->3519565K(8306688K), 0.1743237 secs] [Times: user=1.06 sys=0.00, real=0.17 secs] 
2020-08-10T20:50:52.664+0800: 250719.251: [GC (Allocation Failure) 2020-08-10T20:50:52.664+0800: 250719.251: [ParNew: 737280K->81920K(737280K), 0.1091918 secs] 4174925K->3557747K(8306688K), 0.1093725 secs] [Times: user=0.61 sys=0.00, real=0.11 secs] 
2020-08-10T20:51:29.926+0800: 250756.514: [GC (Allocation Failure) 2020-08-10T20:51:29.926+0800: 250756.514: [ParNew: 737280K->81920K(737280K), 0.1098940 secs] 4213107K->3594076K(8306688K), 0.1100565 secs] [Times: user=0.55 sys=0.01, real=0.11 secs] 
2020-08-10T20:52:08.082+0800: 250794.669: [GC (Allocation Failure) 2020-08-10T20:52:08.082+0800: 250794.669: [ParNew: 737280K->81920K(737280K), 0.1078281 secs] 4249436K->3631318K(8306688K), 0.1080304 secs] [Times: user=0.56 sys=0.00, real=0.11 secs] 
2020-08-10T20:52:35.772+0800: 250822.359: [GC (Allocation Failure) 2020-08-10T20:52:35.772+0800: 250822.359: [ParNew: 737280K->81920K(737280K), 0.1062262 secs] 4286678K->3671054K(8306688K), 0.1064031 secs] [Times: user=0.56 sys=0.00, real=0.10 secs] 
2020-08-10T20:52:58.845+0800: 250845.432: [GC (Allocation Failure) 2020-08-10T20:52:58.845+0800: 250845.432: [ParNew: 737280K->81920K(737280K), 0.1037778 secs] 4326414K->3702904K(8306688K), 0.1039748 secs] [Times: user=0.60 sys=0.00, real=0.11 secs] 
2020-08-10T20:53:35.310+0800: 250881.897: [GC (Allocation Failure) 2020-08-10T20:53:35.310+0800: 250881.898: [ParNew: 737280K->81920K(737280K), 0.1444895 secs] 4358264K->3738614K(8306688K), 0.1446579 secs] [Times: user=0.93 sys=0.00, real=0.14 secs] 
2020-08-10T20:54:00.544+0800: 250907.132: [GC (Allocation Failure) 2020-08-10T20:54:00.544+0800: 250907.132: [ParNew: 737280K->81920K(737280K), 0.1047200 secs] 4393974K->3783059K(8306688K), 0.1049057 secs] [Times: user=0.64 sys=0.00, real=0.11 secs] 
2020-08-10T20:54:25.194+0800: 250931.781: [GC (Allocation Failure) 2020-08-10T20:54:25.194+0800: 250931.781: [ParNew: 737280K->81920K(737280K), 0.1351994 secs] 4438419K->3826703K(8306688K), 0.1353691 secs] [Times: user=0.61 sys=0.00, real=0.14 secs] 
2020-08-10T20:54:55.676+0800: 250962.263: [GC (Allocation Failure) 2020-08-10T20:54:55.676+0800: 250962.263: [ParNew: 737280K->81920K(737280K), 0.1040937 secs] 4482063K->3859676K(8306688K), 0.1042436 secs] [Times: user=0.60 sys=0.00, real=0.11 secs] 
2020-08-10T20:55:30.258+0800: 250996.845: [GC (Allocation Failure) 2020-08-10T20:55:30.258+0800: 250996.845: [ParNew: 737280K->81920K(737280K), 0.1062857 secs] 4515036K->3895415K(8306688K), 0.1064465 secs] [Times: user=0.63 sys=0.00, real=0.11 secs] 
2020-08-10T20:55:58.588+0800: 251025.175: [GC (Allocation Failure) 2020-08-10T20:55:58.588+0800: 251025.176: [ParNew: 737280K->81920K(737280K), 0.1136741 secs] 4550775K->3937437K(8306688K), 0.1138673 secs] [Times: user=0.65 sys=0.00, real=0.11 secs] 
2020-08-10T20:56:23.879+0800: 251050.466: [GC (Allocation Failure) 2020-08-10T20:56:23.879+0800: 251050.466: [ParNew: 737280K->81920K(737280K), 0.1439530 secs] 4592797K->3975667K(8306688K), 0.1441273 secs] [Times: user=0.92 sys=0.00, real=0.14 secs] 
2020-08-10T20:56:39.236+0800: 251065.823: [GC (Allocation Failure) 2020-08-10T20:56:39.236+0800: 251065.823: [ParNew: 737280K->81920K(737280K), 0.1054904 secs] 4631027K->4011882K(8306688K), 0.1056474 secs] [Times: user=0.67 sys=0.00, real=0.11 secs] 
2020-08-10T20:57:03.126+0800: 251089.714: [GC (Allocation Failure) 2020-08-10T20:57:03.127+0800: 251089.714: [ParNew: 737280K->81920K(737280K), 0.1194747 secs] 4667242K->4052762K(8306688K), 0.1196437 secs] [Times: user=0.63 sys=0.00, real=0.11 secs] 
2020-08-10T20:57:27.181+0800: 251113.768: [GC (Allocation Failure) 2020-08-10T20:57:27.181+0800: 251113.768: [ParNew: 737280K->81920K(737280K), 0.1292382 secs] 4708122K->4088543K(8306688K), 0.1294134 secs] [Times: user=0.70 sys=0.00, real=0.13 secs] 
2020-08-10T20:57:47.420+0800: 251134.007: [GC (Allocation Failure) 2020-08-10T20:57:47.420+0800: 251134.007: [ParNew: 737280K->81920K(737280K), 0.1161112 secs] 4743903K->4134141K(8306688K), 0.1162757 secs] [Times: user=0.66 sys=0.00, real=0.11 secs] 
2020-08-10T20:58:08.362+0800: 251154.949: [GC (Allocation Failure) 2020-08-10T20:58:08.362+0800: 251154.949: [ParNew: 737280K->81920K(737280K), 0.1042857 secs] 4789501K->4172525K(8306688K), 0.1044862 secs] [Times: user=0.59 sys=0.00, real=0.10 secs] 
2020-08-10T20:58:33.981+0800: 251180.568: [GC (Allocation Failure) 2020-08-10T20:58:33.981+0800: 251180.568: [ParNew: 737280K->81920K(737280K), 0.1088437 secs] 4827885K->4213318K(8306688K), 0.1090492 secs] [Times: user=0.53 sys=0.00, real=0.11 secs] 
2020-08-10T20:58:59.260+0800: 251205.847: [GC (Allocation Failure) 2020-08-10T20:58:59.260+0800: 251205.847: [ParNew: 737280K->81920K(737280K), 0.1349593 secs] 4868678K->4259845K(8306688K), 0.1351678 secs] [Times: user=0.56 sys=0.00, real=0.13 secs] 
2020-08-10T20:59:20.732+0800: 251227.319: [GC (Allocation Failure) 2020-08-10T20:59:20.732+0800: 251227.319: [ParNew: 737280K->81920K(737280K), 0.1063497 secs] 4915205K->4291221K(8306688K), 0.1065247 secs] [Times: user=0.66 sys=0.00, real=0.10 secs] 
2020-08-10T20:59:47.040+0800: 251253.627: [GC (Allocation Failure) 2020-08-10T20:59:47.040+0800: 251253.627: [ParNew: 737280K->72508K(737280K), 0.1187395 secs] 4946581K->4354415K(8306688K), 0.1188964 secs] [Times: user=0.80 sys=0.00, real=0.12 secs] 
2020-08-10T21:00:06.231+0800: 251272.819: [GC (Allocation Failure) 2020-08-10T21:00:06.232+0800: 251272.819: [ParNew: 727868K->59097K(737280K), 0.1055771 secs] 5009775K->4381758K(8306688K), 0.1057411 secs] [Times: user=0.56 sys=0.00, real=0.10 secs] 
2020-08-10T21:00:26.282+0800: 251292.869: [GC (Allocation Failure) 2020-08-10T21:00:26.282+0800: 251292.869: [ParNew: 714457K->62212K(737280K), 0.0952440 secs] 5037118K->4427362K(8306688K), 0.0954278 secs] [Times: user=0.57 sys=0.00, real=0.09 secs] 
2020-08-10T21:00:47.804+0800: 251314.391: [GC (Allocation Failure) 2020-08-10T21:00:47.804+0800: 251314.391: [ParNew: 717572K->67495K(737280K), 0.0972464 secs] 5082722K->4472917K(8306688K), 0.0974468 secs] [Times: user=0.56 sys=0.00, real=0.10 secs] 
2020-08-10T21:01:09.923+0800: 251336.510: [GC (Allocation Failure) 2020-08-10T21:01:09.923+0800: 251336.510: [ParNew: 722855K->59093K(737280K), 0.1172203 secs] 5128277K->4505727K(8306688K), 0.1174541 secs] [Times: user=0.52 sys=0.00, real=0.12 secs] 
2020-08-10T21:01:41.803+0800: 251368.391: [GC (Allocation Failure) 2020-08-10T21:01:41.803+0800: 251368.391: [ParNew: 714453K->81920K(737280K), 0.0768130 secs] 5161087K->4534193K(8306688K), 0.0769884 secs] [Times: user=0.43 sys=0.00, real=0.08 secs] 
2020-08-10T21:02:04.540+0800: 251391.127: [GC (Allocation Failure) 2020-08-10T21:02:04.540+0800: 251391.127: [ParNew: 737280K->67314K(737280K), 0.1654419 secs] 5189553K->4593962K(8306688K), 0.1656135 secs] [Times: user=0.97 sys=0.00, real=0.16 secs] 
2020-08-10T21:02:42.607+0800: 251429.194: [GC (Allocation Failure) 2020-08-10T21:02:42.607+0800: 251429.194: [ParNew: 722674K->50224K(737280K), 0.1124727 secs] 5249322K->4618951K(8306688K), 0.1126962 secs] [Times: user=0.53 sys=0.00, real=0.11 secs] 
2020-08-10T21:03:25.507+0800: 251472.095: [GC (Allocation Failure) 2020-08-10T21:03:25.507+0800: 251472.095: [ParNew: 705584K->81920K(737280K), 0.0936094 secs] 5274311K->4652506K(8306688K), 0.0938122 secs] [Times: user=0.48 sys=0.00, real=0.09 secs] 
2020-08-10T21:04:10.310+0800: 251516.897: [GC (Allocation Failure) 2020-08-10T21:04:10.310+0800: 251516.897: [ParNew: 737280K->81920K(737280K), 0.1292269 secs] 5307866K->4688143K(8306688K), 0.1294195 secs] [Times: user=0.66 sys=0.00, real=0.13 secs] 
2020-08-10T21:04:39.895+0800: 251546.482: [GC (Allocation Failure) 2020-08-10T21:04:39.895+0800: 251546.482: [ParNew: 737280K->81920K(737280K), 0.1181857 secs] 5343503K->4722967K(8306688K), 0.1184053 secs] [Times: user=0.72 sys=0.00, real=0.12 secs] 
2020-08-10T21:05:04.154+0800: 251570.741: [GC (Allocation Failure) 2020-08-10T21:05:04.154+0800: 251570.741: [ParNew: 737280K->81920K(737280K), 0.0921515 secs] 5378327K->4757909K(8306688K), 0.0923140 secs] [Times: user=0.60 sys=0.00, real=0.09 secs] 
2020-08-10T21:05:27.178+0800: 251593.765: [GC (Allocation Failure) 2020-08-10T21:05:27.178+0800: 251593.765: [ParNew: 737280K->81920K(737280K), 0.1060828 secs] 5413269K->4792934K(8306688K), 0.1062525 secs] [Times: user=0.64 sys=0.00, real=0.11 secs] 
2020-08-10T21:05:46.817+0800: 251613.405: [GC (Allocation Failure) 2020-08-10T21:05:46.818+0800: 251613.405: [ParNew: 737280K->81920K(737280K), 0.0972334 secs] 5448294K->4829657K(8306688K), 0.0974198 secs] [Times: user=0.59 sys=0.00, real=0.10 secs] 
2020-08-10T21:06:05.537+0800: 251632.125: [GC (Allocation Failure) 2020-08-10T21:06:05.538+0800: 251632.125: [ParNew: 737280K->81920K(737280K), 0.1301928 secs] 5485017K->4863263K(8306688K), 0.1303512 secs] [Times: user=0.55 sys=0.00, real=0.14 secs] 
2020-08-10T21:06:24.625+0800: 251651.212: [GC (Allocation Failure) 2020-08-10T21:06:24.625+0800: 251651.212: [ParNew: 737280K->81920K(737280K), 0.1132735 secs] 5518623K->4896113K(8306688K), 0.1134917 secs] [Times: user=0.59 sys=0.00, real=0.12 secs] 
2020-08-10T21:06:47.176+0800: 251673.763: [GC (Allocation Failure) 2020-08-10T21:06:47.176+0800: 251673.763: [ParNew: 737280K->81920K(737280K), 0.1205064 secs] 5551473K->4931158K(8306688K), 0.1206750 secs] [Times: user=0.76 sys=0.00, real=0.12 secs] 
2020-08-10T21:07:08.516+0800: 251695.103: [GC (Allocation Failure) 2020-08-10T21:07:08.516+0800: 251695.103: [ParNew: 737280K->81920K(737280K), 0.1134388 secs] 5586518K->4966516K(8306688K), 0.1136114 secs] [Times: user=0.71 sys=0.00, real=0.12 secs] 
2020-08-10T21:07:30.041+0800: 251716.628: [GC (Allocation Failure) 2020-08-10T21:07:30.041+0800: 251716.628: [ParNew: 737280K->81920K(737280K), 0.1197101 secs] 5621876K->4996031K(8306688K), 0.1198761 secs] [Times: user=0.67 sys=0.00, real=0.12 secs] 
2020-08-10T21:07:49.941+0800: 251736.528: [GC (Allocation Failure) 2020-08-10T21:07:49.941+0800: 251736.528: [ParNew: 737280K->81920K(737280K), 0.1138717 secs] 5651391K->5035722K(8306688K), 0.1140693 secs] [Times: user=0.62 sys=0.00, real=0.11 secs] 
2020-08-10T21:08:07.519+0800: 251754.107: [GC (Allocation Failure) 2020-08-10T21:08:07.519+0800: 251754.107: [ParNew: 737280K->81920K(737280K), 0.1140319 secs] 5691082K->5072146K(8306688K), 0.1142925 secs] [Times: user=0.57 sys=0.00, real=0.11 secs] 
2020-08-10T21:08:17.576+0800: 251764.163: [GC (Allocation Failure) 2020-08-10T21:08:17.576+0800: 251764.163: [ParNew: 737280K->81920K(737280K), 0.1041954 secs] 5727506K->5106398K(8306688K), 0.1043521 secs] [Times: user=0.64 sys=0.00, real=0.11 secs] 
2020-08-10T21:08:33.248+0800: 251779.835: [GC (Allocation Failure) 2020-08-10T21:08:33.248+0800: 251779.835: [ParNew: 737280K->81920K(737280K), 0.1234290 secs] 5761758K->5142140K(8306688K), 0.1236250 secs] [Times: user=0.76 sys=0.00, real=0.12 secs] 
2020-08-10T21:08:46.007+0800: 251792.594: [GC (Allocation Failure) 2020-08-10T21:08:46.007+0800: 251792.595: [ParNew: 737280K->81920K(737280K), 0.1097891 secs] 5797500K->5184973K(8306688K), 0.1100049 secs] [Times: user=0.67 sys=0.00, real=0.10 secs] 
2020-08-10T21:09:01.776+0800: 251808.363: [GC (Allocation Failure) 2020-08-10T21:09:01.776+0800: 251808.363: [ParNew: 737280K->81920K(737280K), 0.0991888 secs] 5840333K->5220183K(8306688K), 0.0993622 secs] [Times: user=0.65 sys=0.00, real=0.10 secs] 
2020-08-10T21:09:20.471+0800: 251827.058: [GC (Allocation Failure) 2020-08-10T21:09:20.471+0800: 251827.058: [ParNew: 737280K->81920K(737280K), 0.1085999 secs] 5875543K->5260989K(8306688K), 0.1087816 secs] [Times: user=0.64 sys=0.00, real=0.11 secs] 
2020-08-10T21:09:26.751+0800: 251833.338: [GC (Allocation Failure) 2020-08-10T21:09:26.751+0800: 251833.339: [ParNew: 737280K->81920K(737280K), 1.0999704 secs] 5916349K->5543112K(8306688K), 1.1001917 secs] [Times: user=7.21 sys=0.00, real=1.10 secs] 
2020-08-10T21:09:27.855+0800: 251834.442: [GC (CMS Initial Mark) [1 CMS-initial-mark: 5461192K(7569408K)] 5548778K(8306688K), 0.0225955 secs] [Times: user=0.13 sys=0.00, real=0.02 secs] 
2020-08-10T21:09:27.878+0800: 251834.465: [CMS-concurrent-mark-start]
2020-08-10T21:09:28.465+0800: 251835.052: [GC (Allocation Failure) 2020-08-10T21:09:28.465+0800: 251835.052: [ParNew: 737280K->78558K(737280K), 0.1830405 secs] 6198472K->5621607K(8306688K), 0.1832313 secs] [Times: user=1.07 sys=0.00, real=0.19 secs] 
2020-08-10T21:09:29.128+0800: 251835.715: [GC (Allocation Failure) 2020-08-10T21:09:29.128+0800: 251835.715: [ParNew: 733918K->19648K(737280K), 0.0272170 secs] 6276967K->5562697K(8306688K), 0.0273815 secs] [Times: user=0.17 sys=0.00, real=0.02 secs] 
2020-08-10T21:09:29.612+0800: 251836.199: [GC (Allocation Failure) 2020-08-10T21:09:29.612+0800: 251836.199: [ParNew: 675008K->4943K(737280K), 0.0347810 secs] 6218057K->5547992K(8306688K), 0.0349569 secs] [Times: user=0.23 sys=0.00, real=0.04 secs] 
2020-08-10T21:09:30.076+0800: 251836.663: [GC (Allocation Failure) 2020-08-10T21:09:30.076+0800: 251836.663: [ParNew: 660303K->1267K(737280K), 0.0132359 secs] 6203352K->5544316K(8306688K), 0.0133935 secs] [Times: user=0.09 sys=0.00, real=0.02 secs] 
2020-08-10T21:09:30.507+0800: 251837.094: [GC (Allocation Failure) 2020-08-10T21:09:30.507+0800: 251837.094: [ParNew: 656627K->412K(737280K), 0.0090839 secs] 6199676K->5543461K(8306688K), 0.0092151 secs] [Times: user=0.07 sys=0.00, real=0.00 secs] 
2020-08-10T21:09:31.143+0800: 251837.730: [GC (Allocation Failure) 2020-08-10T21:09:31.143+0800: 251837.730: [ParNew: 655772K->260K(737280K), 0.0138084 secs] 6198821K->5543309K(8306688K), 0.0139810 secs] [Times: user=0.08 sys=0.00, real=0.01 secs] 
2020-08-10T21:09:31.643+0800: 251838.231: [GC (Allocation Failure) 2020-08-10T21:09:31.643+0800: 251838.231: [ParNew: 655620K->167K(737280K), 0.0096255 secs] 6198669K->5543253K(8306688K), 0.0097660 secs] [Times: user=0.07 sys=0.00, real=0.01 secs] 
2020-08-10T21:09:32.045+0800: 251838.632: [CMS-concurrent-mark: 3.856/4.167 secs] [Times: user=13.40 sys=0.00, real=4.17 secs] 
2020-08-10T21:09:32.045+0800: 251838.632: [CMS-concurrent-preclean-start]
2020-08-10T21:09:32.080+0800: 251838.667: [GC (Allocation Failure) 2020-08-10T21:09:32.080+0800: 251838.667: [ParNew: 655527K->63K(737280K), 0.0320243 secs] 6198613K->5543281K(8306688K), 0.0321815 secs] [Times: user=0.19 sys=0.00, real=0.03 secs] 
2020-08-10T21:09:32.205+0800: 251838.792: [CMS-concurrent-preclean: 0.124/0.160 secs] [Times: user=0.45 sys=0.00, real=0.16 secs] 
2020-08-10T21:09:32.205+0800: 251838.792: [CMS-concurrent-abortable-preclean-start]
2020-08-10T21:09:32.423+0800: 251839.011: [CMS-concurrent-abortable-preclean: 0.018/0.218 secs] [Times: user=0.24 sys=0.00, real=0.22 secs] 
2020-08-10T21:09:32.425+0800: 251839.012: [GC (CMS Final Remark) [YG occupancy: 514066 K (737280 K)]2020-08-10T21:09:32.425+0800: 251839.012: [Rescan (parallel) , 0.0479037 secs]2020-08-10T21:09:32.473+0800: 251839.060: [weak refs processing, 0.0008356 secs]2020-08-10T21:09:32.473+0800: 251839.061: [class unloading, 0.0164525 secs]2020-08-10T21:09:32.490+0800: 251839.077: [scrub symbol table, 0.0062366 secs]2020-08-10T21:09:32.496+0800: 251839.083: [scrub string table, 0.0008588 secs][1 CMS-remark: 5543218K(7569408K)] 6057285K(8306688K), 0.0725541 secs] [Times: user=0.30 sys=0.00, real=0.07 secs] 
2020-08-10T21:09:32.497+0800: 251839.085: [CMS-concurrent-sweep-start]
2020-08-10T21:09:32.586+0800: 251839.173: [GC (Allocation Failure) 2020-08-10T21:09:32.586+0800: 251839.173: [ParNew: 655423K->16K(737280K), 0.0100419 secs] 6197898K->5542492K(8306688K), 0.0102066 secs] [Times: user=0.07 sys=0.00, real=0.01 secs] 
2020-08-10T21:09:33.084+0800: 251839.672: [GC (Allocation Failure) 2020-08-10T21:09:33.084+0800: 251839.672: [ParNew: 655376K->12K(737280K), 0.0301244 secs] 6179871K->5524508K(8306688K), 0.0302995 secs] [Times: user=0.15 sys=0.00, real=0.03 secs] 
2020-08-10T21:09:33.531+0800: 251840.118: [GC (Allocation Failure) 2020-08-10T21:09:33.531+0800: 251840.118: [ParNew: 655372K->16K(737280K), 0.0120720 secs] 6161830K->5506474K(8306688K), 0.0122598 secs] [Times: user=0.09 sys=0.00, real=0.01 secs] 
2020-08-10T21:09:33.951+0800: 251840.538: [GC (Allocation Failure) 2020-08-10T21:09:33.951+0800: 251840.538: [ParNew: 655376K->14K(737280K), 0.0139686 secs] 6137828K->5482467K(8306688K), 0.0141648 secs] [Times: user=0.07 sys=0.00, real=0.01 secs] 
2020-08-10T21:09:34.376+0800: 251840.963: [GC (Allocation Failure) 2020-08-10T21:09:34.376+0800: 251840.963: [ParNew: 655374K->16K(737280K), 0.0095481 secs] 6117619K->5462261K(8306688K), 0.0096922 secs] [Times: user=0.07 sys=0.00, real=0.01 secs] 
2020-08-10T21:09:34.783+0800: 251841.370: [CMS-concurrent-sweep: 2.200/2.285 secs] [Times: user=4.88 sys=0.00, real=2.29 secs] 
2020-08-10T21:09:34.783+0800: 251841.370: [CMS-concurrent-reset-start]
2020-08-10T21:09:34.808+0800: 251841.396: [GC (Allocation Failure) 2020-08-10T21:09:34.808+0800: 251841.396: [ParNew: 655376K->14K(737280K), 0.0093618 secs] 6000728K->5345366K(8306688K), 0.0095114 secs] [Times: user=0.08 sys=0.00, real=0.00 secs] 
2020-08-10T21:09:34.821+0800: 251841.408: [CMS-concurrent-reset: 0.027/0.038 secs] [Times: user=0.12 sys=0.00, real=0.04 secs] 
2020-08-10T21:09:35.239+0800: 251841.827: [GC (Allocation Failure) 2020-08-10T21:09:35.239+0800: 251841.827: [ParNew: 655374K->22K(737280K), 0.0172737 secs] 6000726K->5345374K(8306688K), 0.0174425 secs] [Times: user=0.09 sys=0.00, real=0.01 secs] 
2020-08-10T21:09:35.258+0800: 251841.845: [GC (CMS Initial Mark) [1 CMS-initial-mark: 5345352K(7569408K)] 5358467K(8306688K), 0.0010029 secs] [Times: user=0.00 sys=0.00, real=0.01 secs] 
2020-08-10T21:09:35.259+0800: 251841.846: [CMS-concurrent-mark-start]
2020-08-10T21:09:35.697+0800: 251842.284: [GC (Allocation Failure) 2020-08-10T21:09:35.697+0800: 251842.285: [ParNew: 655382K->20K(737280K), 0.0134863 secs] 6000734K->5345372K(8306688K), 0.0136377 secs] [Times: user=0.08 sys=0.00, real=0.02 secs] 
2020-08-10T21:09:36.146+0800: 251842.734: [GC (Allocation Failure) 2020-08-10T21:09:36.147+0800: 251842.734: [ParNew: 655380K->24K(737280K), 0.0165083 secs] 6000732K->5345377K(8306688K), 0.0166892 secs] [Times: user=0.08 sys=0.00, real=0.01 secs] 
2020-08-10T21:09:36.576+0800: 251843.163: [GC (Allocation Failure) 2020-08-10T21:09:36.576+0800: 251843.163: [ParNew: 655384K->37K(737280K), 0.0157028 secs] 6000737K->5345390K(8306688K), 0.0158869 secs] [Times: user=0.09 sys=0.00, real=0.02 secs] 
2020-08-10T21:09:37.086+0800: 251843.673: [GC (Allocation Failure) 2020-08-10T21:09:37.086+0800: 251843.673: [ParNew: 655397K->34K(737280K), 0.0155024 secs] 6000750K->5345387K(8306688K), 0.0156878 secs] [Times: user=0.10 sys=0.00, real=0.02 secs] 
2020-08-10T21:09:37.541+0800: 251844.128: [GC (Allocation Failure) 2020-08-10T21:09:37.541+0800: 251844.128: [ParNew: 655394K->38K(737280K), 0.0128759 secs] 6000747K->5345391K(8306688K), 0.0130441 secs] [Times: user=0.07 sys=0.00, real=0.01 secs] 
2020-08-10T21:09:37.960+0800: 251844.547: [GC (Allocation Failure) 2020-08-10T21:09:37.960+0800: 251844.547: [ParNew: 655398K->34K(737280K), 0.0253852 secs] 6000751K->5345397K(8306688K), 0.0255642 secs] [Times: user=0.15 sys=0.00, real=0.02 secs] 
2020-08-10T21:09:38.402+0800: 251844.989: [GC (Allocation Failure) 2020-08-10T21:09:38.402+0800: 251844.989: [ParNew: 655394K->27K(737280K), 0.0100663 secs] 6000757K->5345390K(8306688K), 0.0102226 secs] [Times: user=0.07 sys=0.00, real=0.01 secs] 
2020-08-10T21:09:38.825+0800: 251845.412: [GC (Allocation Failure) 2020-08-10T21:09:38.825+0800: 251845.412: [ParNew: 655387K->23K(737280K), 0.0094879 secs] 6000750K->5345386K(8306688K), 0.0096424 secs] [Times: user=0.07 sys=0.00, real=0.01 secs] 
2020-08-10T21:09:39.245+0800: 251845.832: [GC (Allocation Failure) 2020-08-10T21:09:39.245+0800: 251845.832: [ParNew: 655383K->14K(737280K), 0.0320324 secs] 6000746K->5345392K(8306688K), 0.0322083 secs] [Times: user=0.21 sys=0.00, real=0.03 secs] 
2020-08-10T21:09:39.679+0800: 251846.267: [GC (Allocation Failure) 2020-08-10T21:09:39.679+0800: 251846.267: [ParNew: 655374K->27K(737280K), 0.0097392 secs] 6000752K->5345406K(8306688K), 0.0098795 secs] [Times: user=0.07 sys=0.00, real=0.01 secs] 
2020-08-10T21:09:40.095+0800: 251846.683: [GC (Allocation Failure) 2020-08-10T21:09:40.095+0800: 251846.683: [ParNew: 655387K->33K(737280K), 0.0092866 secs] 6000766K->5345413K(8306688K), 0.0094583 secs] [Times: user=0.07 sys=0.00, real=0.01 secs] 
2020-08-10T21:09:40.509+0800: 251847.096: [CMS-concurrent-mark: 5.063/5.250 secs] [Times: user=16.26 sys=0.00, real=5.25 secs] 
2020-08-10T21:09:40.509+0800: 251847.096: [CMS-concurrent-preclean-start]
2020-08-10T21:09:40.519+0800: 251847.106: [CMS-concurrent-preclean: 0.010/0.010 secs] [Times: user=0.02 sys=0.00, real=0.01 secs] 
2020-08-10T21:09:40.519+0800: 251847.106: [CMS-concurrent-abortable-preclean-start]
2020-08-10T21:09:40.636+0800: 251847.223: [GC (Allocation Failure) 2020-08-10T21:09:40.636+0800: 251847.223: [ParNew: 655393K->35K(737280K), 0.0225787 secs] 6000773K->5345414K(8306688K), 0.0227671 secs] [Times: user=0.11 sys=0.00, real=0.03 secs] 
2020-08-10T21:09:40.980+0800: 251847.567: [CMS-concurrent-abortable-preclean: 0.037/0.461 secs] [Times: user=0.58 sys=0.00, real=0.46 secs] 
2020-08-10T21:09:40.981+0800: 251847.569: [GC (CMS Final Remark) [YG occupancy: 536982 K (737280 K)]2020-08-10T21:09:40.981+0800: 251847.569: [Rescan (parallel) , 0.0413876 secs]2020-08-10T21:09:41.023+0800: 251847.610: [weak refs processing, 0.0000514 secs]2020-08-10T21:09:41.023+0800: 251847.610: [class unloading, 0.0167077 secs]2020-08-10T21:09:41.040+0800: 251847.627: [scrub symbol table, 0.0071711 secs]2020-08-10T21:09:41.047+0800: 251847.634: [scrub string table, 0.0008567 secs][1 CMS-remark: 5345379K(7569408K)] 5882361K(8306688K), 0.0663382 secs] [Times: user=0.34 sys=0.00, real=0.07 secs] 
2020-08-10T21:09:41.048+0800: 251847.635: [CMS-concurrent-sweep-start]
2020-08-10T21:09:41.126+0800: 251847.714: [GC (Allocation Failure) 2020-08-10T21:09:41.127+0800: 251847.714: [ParNew: 655395K->34K(737280K), 0.0093182 secs] 5999893K->5344531K(8306688K), 0.0094772 secs] [Times: user=0.07 sys=0.00, real=0.00 secs] 
2020-08-10T21:09:41.541+0800: 251848.129: [GC (Allocation Failure) 2020-08-10T21:09:41.542+0800: 251848.129: [ParNew: 655394K->33K(737280K), 0.0103975 secs] 5965736K->5310375K(8306688K), 0.0105460 secs] [Times: user=0.07 sys=0.00, real=0.01 secs] 
2020-08-10T21:09:41.991+0800: 251848.578: [GC (Allocation Failure) 2020-08-10T21:09:41.991+0800: 251848.578: [ParNew: 655393K->32K(737280K), 0.0152856 secs] 5897957K->5242598K(8306688K), 0.0154515 secs] [Times: user=0.09 sys=0.00, real=0.01 secs] 
2020-08-10T21:09:42.405+0800: 251848.992: [GC (Allocation Failure) 2020-08-10T21:09:42.405+0800: 251848.992: [ParNew: 655392K->27K(737280K), 0.0290068 secs] 5829850K->5174497K(8306688K), 0.0291774 secs] [Times: user=0.10 sys=0.00, real=0.03 secs] 
2020-08-10T21:09:42.891+0800: 251849.479: [GC (Allocation Failure) 2020-08-10T21:09:42.892+0800: 251849.479: [ParNew: 655387K->25K(737280K), 0.0306367 secs] 5715722K->5060370K(8306688K), 0.0308505 secs] [Times: user=0.12 sys=0.00, real=0.03 secs] 
2020-08-10T21:09:43.543+0800: 251850.131: [GC (Allocation Failure) 2020-08-10T21:09:43.544+0800: 251850.131: [ParNew: 655385K->24K(737280K), 0.0560283 secs] 5623034K->4967674K(8306688K), 0.0561938 secs] [Times: user=0.28 sys=0.00, real=0.06 secs] 
2020-08-10T21:09:44.219+0800: 251850.806: [GC (Allocation Failure) 2020-08-10T21:09:44.219+0800: 251850.806: [ParNew: 655384K->24K(737280K), 0.0127450 secs] 5522353K->4866993K(8306688K), 0.0129186 secs] [Times: user=0.07 sys=0.00, real=0.01 secs] 
2020-08-10T21:09:44.265+0800: 251850.852: [CMS-concurrent-sweep: 3.043/3.217 secs] [Times: user=6.92 sys=0.00, real=3.21 secs] 
2020-08-10T21:09:44.265+0800: 251850.852: [CMS-concurrent-reset-start]
2020-08-10T21:09:44.291+0800: 251850.878: [CMS-concurrent-reset: 0.026/0.026 secs] [Times: user=0.05 sys=0.00, real=0.03 secs] 
2020-08-10T21:09:44.674+0800: 251851.261: [GC (Allocation Failure) 2020-08-10T21:09:44.674+0800: 251851.261: [ParNew: 655384K->20K(737280K), 0.0130670 secs] 5516145K->4860781K(8306688K), 0.0132144 secs] [Times: user=0.08 sys=0.00, real=0.02 secs] 
2020-08-10T21:09:45.102+0800: 251851.689: [GC (Allocation Failure) 2020-08-10T21:09:45.102+0800: 251851.689: [ParNew: 655380K->20K(737280K), 0.0096796 secs] 5516141K->4860781K(8306688K), 0.0098276 secs] [Times: user=0.07 sys=0.00, real=0.01 secs] 
2020-08-10T21:09:45.552+0800: 251852.139: [GC (Allocation Failure) 2020-08-10T21:09:45.552+0800: 251852.139: [ParNew: 655380K->24K(737280K), 0.0146590 secs] 5516141K->4860785K(8306688K), 0.0147899 secs] [Times: user=0.09 sys=0.00, real=0.02 secs] 
2020-08-10T21:09:46.029+0800: 251852.616: [GC (Allocation Failure) 2020-08-10T21:09:46.029+0800: 251852.616: [ParNew: 655384K->14K(737280K), 0.0099909 secs] 5516145K->4860787K(8306688K), 0.0101470 secs] [Times: user=0.07 sys=0.00, real=0.01 secs] 
2020-08-10T21:09:46.489+0800: 251853.076: [GC (Allocation Failure) 2020-08-10T21:09:46.489+0800: 251853.076: [ParNew: 655374K->14K(737280K), 0.0253011 secs] 5516147K->4860787K(8306688K), 0.0254627 secs] [Times: user=0.11 sys=0.00, real=0.02 secs] 
2020-08-10T21:09:46.963+0800: 251853.551: [GC (Allocation Failure) 2020-08-10T21:09:46.963+0800: 251853.551: [ParNew: 655374K->14K(737280K), 0.0163774 secs] 5516147K->4860787K(8306688K), 0.0165170 secs] [Times: user=0.08 sys=0.00, real=0.02 secs] 
2020-08-10T21:09:47.416+0800: 251854.003: [GC (Allocation Failure) 2020-08-10T21:09:47.416+0800: 251854.003: [ParNew: 655374K->16K(737280K), 0.0141875 secs] 5516147K->4860789K(8306688K), 0.0143751 secs] [Times: user=0.10 sys=0.00, real=0.02 secs] 
2020-08-10T21:09:47.855+0800: 251854.442: [GC (Allocation Failure) 2020-08-10T21:09:47.855+0800: 251854.442: [ParNew: 655376K->86K(737280K), 0.0094903 secs] 5516149K->4860859K(8306688K), 0.0096413 secs] [Times: user=0.07 sys=0.00, real=0.01 secs] 
2020-08-10T21:09:50.440+0800: 251857.027: [GC (Allocation Failure) 2020-08-10T21:09:50.440+0800: 251857.027: [ParNew: 655446K->3418K(737280K), 0.0139739 secs] 5516219K->4864191K(8306688K), 0.0141227 secs] [Times: user=0.08 sys=0.00, real=0.01 secs] 
2020-08-10T21:10:27.986+0800: 251894.574: [GC (Allocation Failure) 2020-08-10T21:10:27.986+0800: 251894.574: [ParNew: 658778K->13123K(737280K), 0.0192995 secs] 5519551K->4873896K(8306688K), 0.0194845 secs] [Times: user=0.08 sys=0.01, real=0.02 secs] 
2020-08-10T21:11:39.515+0800: 251966.102: [GC (Allocation Failure) 2020-08-10T21:11:39.515+0800: 251966.102: [ParNew: 668483K->11318K(737280K), 0.0197577 secs] 5529256K->4872091K(8306688K), 0.0199524 secs] [Times: user=0.09 sys=0.02, real=0.02 secs] 
2020-08-10T21:13:37.700+0800: 252084.287: [GC (Allocation Failure) 2020-08-10T21:13:37.700+0800: 252084.287: [ParNew: 666678K->13013K(737280K), 0.0297318 secs] 5527451K->4873787K(8306688K), 0.0299083 secs] [Times: user=0.10 sys=0.00, real=0.03 secs] 
2020-08-10T21:15:49.730+0800: 252216.318: [GC (Allocation Failure) 2020-08-10T21:15:49.730+0800: 252216.318: [ParNew: 668335K->13844K(737280K), 0.0263201 secs] 5529109K->4874618K(8306688K), 0.0265574 secs] [Times: user=0.11 sys=0.01, real=0.02 secs] 
2020-08-10T21:18:20.311+0800: 252366.898: [GC (Allocation Failure) 2020-08-10T21:18:20.311+0800: 252366.898: [ParNew: 669204K->16484K(737280K), 0.0325100 secs] 5529978K->4877323K(8306688K), 0.0326830 secs] [Times: user=0.12 sys=0.00, real=0.03 secs] 
2020-08-10T21:20:31.876+0800: 252498.464: [GC (Allocation Failure) 2020-08-10T21:20:31.877+0800: 252498.464: [ParNew: 671844K->16509K(737280K), 0.0252590 secs] 5532683K->4878410K(8306688K), 0.0254352 secs] [Times: user=0.12 sys=0.00, real=0.03 secs] 
2020-08-10T21:22:46.467+0800: 252633.054: [GC (Allocation Failure) 2020-08-10T21:22:46.467+0800: 252633.054: [ParNew: 671869K->16667K(737280K), 0.0274182 secs] 5533770K->4878719K(8306688K), 0.0276122 secs] [Times: user=0.10 sys=0.00, real=0.02 secs] 
2020-08-10T21:25:03.193+0800: 252769.780: [GC (Allocation Failure) 2020-08-10T21:25:03.193+0800: 252769.780: [ParNew: 672027K->15492K(737280K), 0.0249229 secs] 5534079K->4877604K(8306688K), 0.0250981 secs] [Times: user=0.11 sys=0.00, real=0.02 secs] 
2020-08-10T21:26:59.529+0800: 252886.116: [GC (Allocation Failure) 2020-08-10T21:26:59.529+0800: 252886.116: [ParNew: 670852K->16573K(737280K), 0.0240226 secs] 5532964K->4879153K(8306688K), 0.0242222 secs] [Times: user=0.11 sys=0.00, real=0.02 secs] 
2020-08-10T21:28:08.879+0800: 252955.466: [GC (Allocation Failure) 2020-08-10T21:28:08.879+0800: 252955.466: [ParNew: 671933K->16499K(737280K), 0.0350892 secs] 5534513K->4879084K(8306688K), 0.0352694 secs] [Times: user=0.11 sys=0.00, real=0.03 secs] 
2020-08-10T21:29:17.656+0800: 253024.243: [GC (Allocation Failure) 2020-08-10T21:29:17.656+0800: 253024.243: [ParNew: 671859K->18300K(737280K), 0.0270079 secs] 5534444K->4880961K(8306688K), 0.0272056 secs] [Times: user=0.12 sys=0.01, real=0.03 secs] 
2020-08-10T21:30:15.194+0800: 253081.781: [GC (Allocation Failure) 2020-08-10T21:30:15.194+0800: 253081.781: [ParNew: 673660K->19461K(737280K), 0.0301904 secs] 5536321K->4882380K(8306688K), 0.0303850 secs] [Times: user=0.13 sys=0.00, real=0.03 secs] 
2020-08-10T21:31:22.813+0800: 253149.400: [GC (Allocation Failure) 2020-08-10T21:31:22.813+0800: 253149.400: [ParNew: 674821K->22103K(737280K), 0.0402786 secs] 5537740K->4885436K(8306688K), 0.0404838 secs] [Times: user=0.16 sys=0.01, real=0.04 secs] 
2020-08-10T21:32:26.900+0800: 253213.487: [GC (Allocation Failure) 2020-08-10T21:32:26.900+0800: 253213.487: [ParNew: 677463K->15805K(737280K), 0.0247674 secs] 5540796K->4879427K(8306688K), 0.0249531 secs] [Times: user=0.11 sys=0.00, real=0.02 secs] 
2020-08-10T21:33:34.343+0800: 253280.930: [GC (Allocation Failure) 2020-08-10T21:33:34.343+0800: 253280.931: [ParNew: 671165K->17589K(737280K), 0.0355797 secs] 5534787K->4882093K(8306688K), 0.0357512 secs] [Times: user=0.12 sys=0.00, real=0.04 secs] 
2020-08-10T21:34:47.062+0800: 253353.649: [GC (Allocation Failure) 2020-08-10T21:34:47.062+0800: 253353.649: [ParNew: 672915K->18530K(737280K), 0.0276047 secs] 5537419K->4883715K(8306688K), 0.0277884 secs] [Times: user=0.09 sys=0.00, real=0.03 secs] 
2020-08-10T21:35:43.924+0800: 253410.512: [GC (Allocation Failure) 2020-08-10T21:35:43.925+0800: 253410.512: [ParNew: 673890K->16114K(737280K), 0.0330421 secs] 5539075K->4881787K(8306688K), 0.0332586 secs] [Times: user=0.13 sys=0.00, real=0.03 secs] 
2020-08-10T21:36:39.696+0800: 253466.283: [GC (Allocation Failure) 2020-08-10T21:36:39.696+0800: 253466.283: [ParNew: 671474K->15457K(737280K), 0.0323889 secs] 5537147K->4881534K(8306688K), 0.0326342 secs] [Times: user=0.13 sys=0.00, real=0.04 secs] 
2020-08-10T21:37:40.517+0800: 253527.104: [GC (Allocation Failure) 2020-08-10T21:37:40.517+0800: 253527.104: [ParNew: 670817K->15835K(737280K), 0.0417899 secs] 5536894K->4882048K(8306688K), 0.0420062 secs] [Times: user=0.12 sys=0.00, real=0.05 secs] 
2020-08-10T21:38:38.092+0800: 253584.680: [GC (Allocation Failure) 2020-08-10T21:38:38.093+0800: 253584.680: [ParNew: 671195K->15191K(737280K), 0.0318082 secs] 5537408K->4882407K(8306688K), 0.0319873 secs] [Times: user=0.12 sys=0.00, real=0.03 secs] 
2020-08-10T21:39:36.757+0800: 253643.344: [GC (Allocation Failure) 2020-08-10T21:39:36.757+0800: 253643.344: [ParNew: 670551K->13769K(737280K), 0.0272154 secs] 5537767K->4881328K(8306688K), 0.0274096 secs] [Times: user=0.11 sys=0.01, real=0.03 secs] 
2020-08-10T21:40:40.270+0800: 253706.857: [GC (Allocation Failure) 2020-08-10T21:40:40.270+0800: 253706.857: [ParNew: 669129K->14466K(737280K), 0.0390862 secs] 5536688K->4882236K(8306688K), 0.0392997 secs] [Times: user=0.14 sys=0.00, real=0.04 secs] 
2020-08-10T21:41:49.666+0800: 253776.254: [GC (Allocation Failure) 2020-08-10T21:41:49.667+0800: 253776.254: [ParNew: 669721K->14232K(737280K), 0.0240812 secs] 5537492K->4882269K(8306688K), 0.0242566 secs] [Times: user=0.10 sys=0.00, real=0.02 secs] 
2020-08-10T21:43:11.065+0800: 253857.652: [GC (Allocation Failure) 2020-08-10T21:43:11.065+0800: 253857.653: [ParNew: 669592K->14903K(737280K), 0.0248977 secs] 5537629K->4883145K(8306688K), 0.0250964 secs] [Times: user=0.12 sys=0.00, real=0.03 secs] 
2020-08-10T21:45:03.580+0800: 253970.167: [GC (Allocation Failure) 2020-08-10T21:45:03.580+0800: 253970.168: [ParNew: 670263K->15292K(737280K), 0.0390266 secs] 5538505K->4884127K(8306688K), 0.0392702 secs] [Times: user=0.13 sys=0.00, real=0.04 secs] 
2020-08-10T21:47:20.763+0800: 254107.350: [GC (Allocation Failure) 2020-08-10T21:47:20.763+0800: 254107.350: [ParNew: 670652K->16008K(737280K), 0.0422149 secs] 5539487K->4885043K(8306688K), 0.0423983 secs] [Times: user=0.18 sys=0.01, real=0.04 secs] 
2020-08-10T21:49:35.278+0800: 254241.865: [GC (Allocation Failure) 2020-08-10T21:49:35.278+0800: 254241.865: [ParNew: 671368K->14698K(737280K), 0.0361735 secs] 5540403K->4883988K(8306688K), 0.0364009 secs] [Times: user=0.15 sys=0.00, real=0.04 secs] 
